Using device: cuda
Seed: 42
Deterministic mode: True
Deterministic warn_only: True
KD hyperparameters: alpha_start=0.100, alpha_end=0.100, temperature=16.00, logit_mse_weight=0.030, feature_mse_weight=0.030, class_weight_gamma=0.00, sampler_power=0.35, label_smoothing=0.000, student_size=medium
Training: batch_size=64, lr=0.0008, epochs=70, patience=15, weight_decay=0.002, grad_clip=1.0, num_workers=2, disable_augmentation=False, use_weighted_sampler=False
Teacher checkpoint path: checkpoints/teacher/teacher_cnn_seed42.pt
Student checkpoint path: /users/40370279/csc4006/code/experiments/2__temperature_sweep/checkpoints/student_T16_seed42.pt
Training set size: 12957
Validation set size: 1637
Test set size: 1650
Number of leads: 12 classes: 5
Classes: ['CD' 'HYP' 'MI' 'NORM' 'STTC']
Trainable parameters (student): 12809
Total parameters (student): 12809
Estimated model size (MB): 0.051
Teacher pooled dim: 896
Student pooled dim: 28
Class weights: [1. 1. 1. 1. 1.]
Training sampler: standard shuffled loader
[Epoch 001] train_loss=1.0360, train_hard=1.1263, train_soft=0.9642, train_logit_mse=1.8222, train_feature_mse=0.0315, train_acc=0.5853, alpha=0.100, val_acc=0.6909, val_macro_f1=0.4575, val_weighted_f1=0.6522, lr=0.000800, epoch_time=19.24s
  -> New best KD student saved to /users/40370279/csc4006/code/experiments/2__temperature_sweep/checkpoints/student_T16_seed42.pt
[Epoch 002] train_loss=0.6459, train_hard=0.8481, train_soft=0.5857, train_logit_mse=1.1135, train_feature_mse=0.0185, train_acc=0.7110, alpha=0.100, val_acc=0.7159, val_macro_f1=0.4879, val_weighted_f1=0.6762, lr=0.000798, epoch_time=17.96s
  -> New best KD student saved to /users/40370279/csc4006/code/experiments/2__temperature_sweep/checkpoints/student_T16_seed42.pt
[Epoch 003] train_loss=0.5022, train_hard=0.7552, train_soft=0.4453, train_logit_mse=0.8522, train_feature_mse=0.0110, train_acc=0.7519, alpha=0.100, val_acc=0.7355, val_macro_f1=0.5270, val_weighted_f1=0.7092, lr=0.000796, epoch_time=18.07s
  -> New best KD student saved to /users/40370279/csc4006/code/experiments/2__temperature_sweep/checkpoints/student_T16_seed42.pt
[Epoch 004] train_loss=0.4294, train_hard=0.7082, train_soft=0.3742, train_logit_mse=0.7182, train_feature_mse=0.0069, train_acc=0.7643, alpha=0.100, val_acc=0.7434, val_macro_f1=0.5362, val_weighted_f1=0.7174, lr=0.000794, epoch_time=17.92s
  -> New best KD student saved to /users/40370279/csc4006/code/experiments/2__temperature_sweep/checkpoints/student_T16_seed42.pt
[Epoch 005] train_loss=0.3899, train_hard=0.6846, train_soft=0.3355, train_logit_mse=0.6441, train_feature_mse=0.0046, train_acc=0.7728, alpha=0.100, val_acc=0.7557, val_macro_f1=0.5587, val_weighted_f1=0.7336, lr=0.000790, epoch_time=18.02s
  -> New best KD student saved to /users/40370279/csc4006/code/experiments/2__temperature_sweep/checkpoints/student_T16_seed42.pt
[Epoch 006] train_loss=0.3683, train_hard=0.6766, train_soft=0.3138, train_logit_mse=0.6023, train_feature_mse=0.0029, train_acc=0.7756, alpha=0.100, val_acc=0.7288, val_macro_f1=0.5093, val_weighted_f1=0.6910, lr=0.000786, epoch_time=18.06s
[Epoch 007] train_loss=0.3432, train_hard=0.6584, train_soft=0.2896, train_logit_mse=0.5563, train_feature_mse=0.0017, train_acc=0.7831, alpha=0.100, val_acc=0.7660, val_macro_f1=0.5718, val_weighted_f1=0.7453, lr=0.000781, epoch_time=18.08s
  -> New best KD student saved to /users/40370279/csc4006/code/experiments/2__temperature_sweep/checkpoints/student_T16_seed42.pt
[Epoch 008] train_loss=0.3343, train_hard=0.6516, train_soft=0.2810, train_logit_mse=0.5389, train_feature_mse=0.0013, train_acc=0.7814, alpha=0.100, val_acc=0.7502, val_macro_f1=0.5447, val_weighted_f1=0.7191, lr=0.000775, epoch_time=18.12s
[Epoch 009] train_loss=0.3170, train_hard=0.6364, train_soft=0.2646, train_logit_mse=0.5078, train_feature_mse=0.0011, train_acc=0.7905, alpha=0.100, val_acc=0.7685, val_macro_f1=0.5774, val_weighted_f1=0.7489, lr=0.000768, epoch_time=17.99s
  -> New best KD student saved to /users/40370279/csc4006/code/experiments/2__temperature_sweep/checkpoints/student_T16_seed42.pt
[Epoch 010] train_loss=0.3054, train_hard=0.6335, train_soft=0.2527, train_logit_mse=0.4851, train_feature_mse=0.0010, train_acc=0.7915, alpha=0.100, val_acc=0.7709, val_macro_f1=0.5757, val_weighted_f1=0.7498, lr=0.000761, epoch_time=18.04s
[Epoch 011] train_loss=0.2975, train_hard=0.6298, train_soft=0.2448, train_logit_mse=0.4699, train_feature_mse=0.0009, train_acc=0.7920, alpha=0.100, val_acc=0.7691, val_macro_f1=0.5711, val_weighted_f1=0.7468, lr=0.000753, epoch_time=18.04s
[Epoch 012] train_loss=0.2863, train_hard=0.6191, train_soft=0.2343, train_logit_mse=0.4497, train_feature_mse=0.0009, train_acc=0.7959, alpha=0.100, val_acc=0.7734, val_macro_f1=0.5815, val_weighted_f1=0.7512, lr=0.000744, epoch_time=18.08s
  -> New best KD student saved to /users/40370279/csc4006/code/experiments/2__temperature_sweep/checkpoints/student_T16_seed42.pt
[Epoch 013] train_loss=0.2833, train_hard=0.6152, train_soft=0.2315, train_logit_mse=0.4443, train_feature_mse=0.0008, train_acc=0.7953, alpha=0.100, val_acc=0.7691, val_macro_f1=0.5740, val_weighted_f1=0.7470, lr=0.000735, epoch_time=18.05s
[Epoch 014] train_loss=0.2777, train_hard=0.6126, train_soft=0.2260, train_logit_mse=0.4340, train_feature_mse=0.0008, train_acc=0.7965, alpha=0.100, val_acc=0.7691, val_macro_f1=0.5825, val_weighted_f1=0.7481, lr=0.000725, epoch_time=18.05s
  -> New best KD student saved to /users/40370279/csc4006/code/experiments/2__temperature_sweep/checkpoints/student_T16_seed42.pt
[Epoch 015] train_loss=0.2731, train_hard=0.6116, train_soft=0.2213, train_logit_mse=0.4250, train_feature_mse=0.0008, train_acc=0.7965, alpha=0.100, val_acc=0.7532, val_macro_f1=0.5481, val_weighted_f1=0.7250, lr=0.000714, epoch_time=17.98s
[Epoch 016] train_loss=0.2660, train_hard=0.6007, train_soft=0.2150, train_logit_mse=0.4129, train_feature_mse=0.0007, train_acc=0.8027, alpha=0.100, val_acc=0.7605, val_macro_f1=0.5647, val_weighted_f1=0.7365, lr=0.000702, epoch_time=17.92s
[Epoch 017] train_loss=0.2631, train_hard=0.6088, train_soft=0.2111, train_logit_mse=0.4055, train_feature_mse=0.0007, train_acc=0.7957, alpha=0.100, val_acc=0.7636, val_macro_f1=0.5700, val_weighted_f1=0.7406, lr=0.000691, epoch_time=18.10s
[Epoch 018] train_loss=0.2564, train_hard=0.5969, train_soft=0.2053, train_logit_mse=0.3945, train_feature_mse=0.0007, train_acc=0.8013, alpha=0.100, val_acc=0.7605, val_macro_f1=0.5641, val_weighted_f1=0.7361, lr=0.000678, epoch_time=18.00s
[Epoch 019] train_loss=0.2545, train_hard=0.5964, train_soft=0.2034, train_logit_mse=0.3910, train_feature_mse=0.0007, train_acc=0.8029, alpha=0.100, val_acc=0.7691, val_macro_f1=0.5823, val_weighted_f1=0.7484, lr=0.000665, epoch_time=18.07s
[Epoch 020] train_loss=0.2521, train_hard=0.5954, train_soft=0.2011, train_logit_mse=0.3862, train_feature_mse=0.0007, train_acc=0.8038, alpha=0.100, val_acc=0.7636, val_macro_f1=0.5841, val_weighted_f1=0.7422, lr=0.000651, epoch_time=18.12s
  -> New best KD student saved to /users/40370279/csc4006/code/experiments/2__temperature_sweep/checkpoints/student_T16_seed42.pt
[Epoch 021] train_loss=0.2479, train_hard=0.5914, train_soft=0.1971, train_logit_mse=0.3787, train_feature_mse=0.0006, train_acc=0.8028, alpha=0.100, val_acc=0.7624, val_macro_f1=0.5827, val_weighted_f1=0.7410, lr=0.000637, epoch_time=17.96s
[Epoch 022] train_loss=0.2427, train_hard=0.5864, train_soft=0.1922, train_logit_mse=0.3695, train_feature_mse=0.0006, train_acc=0.8065, alpha=0.100, val_acc=0.7691, val_macro_f1=0.5751, val_weighted_f1=0.7455, lr=0.000623, epoch_time=18.11s
[Epoch 023] train_loss=0.2374, train_hard=0.5821, train_soft=0.1871, train_logit_mse=0.3598, train_feature_mse=0.0006, train_acc=0.8061, alpha=0.100, val_acc=0.7648, val_macro_f1=0.5730, val_weighted_f1=0.7413, lr=0.000608, epoch_time=18.04s
[Epoch 024] train_loss=0.2376, train_hard=0.5875, train_soft=0.1868, train_logit_mse=0.3596, train_feature_mse=0.0006, train_acc=0.8044, alpha=0.100, val_acc=0.7636, val_macro_f1=0.6005, val_weighted_f1=0.7464, lr=0.000592, epoch_time=18.03s
  -> New best KD student saved to /users/40370279/csc4006/code/experiments/2__temperature_sweep/checkpoints/student_T16_seed42.pt
[Epoch 025] train_loss=0.2384, train_hard=0.5830, train_soft=0.1880, train_logit_mse=0.3615, train_feature_mse=0.0006, train_acc=0.8053, alpha=0.100, val_acc=0.7685, val_macro_f1=0.5931, val_weighted_f1=0.7488, lr=0.000576, epoch_time=17.97s
[Epoch 026] train_loss=0.2307, train_hard=0.5772, train_soft=0.1807, train_logit_mse=0.3475, train_feature_mse=0.0006, train_acc=0.8092, alpha=0.100, val_acc=0.7630, val_macro_f1=0.5767, val_weighted_f1=0.7418, lr=0.000560, epoch_time=18.02s
[Epoch 027] train_loss=0.2334, train_hard=0.5805, train_soft=0.1831, train_logit_mse=0.3521, train_feature_mse=0.0006, train_acc=0.8077, alpha=0.100, val_acc=0.7703, val_macro_f1=0.6101, val_weighted_f1=0.7546, lr=0.000544, epoch_time=17.97s
  -> New best KD student saved to /users/40370279/csc4006/code/experiments/2__temperature_sweep/checkpoints/student_T16_seed42.pt
[Epoch 028] train_loss=0.2276, train_hard=0.5768, train_soft=0.1774, train_logit_mse=0.3413, train_feature_mse=0.0006, train_acc=0.8085, alpha=0.100, val_acc=0.7660, val_macro_f1=0.5880, val_weighted_f1=0.7436, lr=0.000527, epoch_time=17.98s
[Epoch 029] train_loss=0.2287, train_hard=0.5800, train_soft=0.1782, train_logit_mse=0.3427, train_feature_mse=0.0006, train_acc=0.8071, alpha=0.100, val_acc=0.7660, val_macro_f1=0.5977, val_weighted_f1=0.7474, lr=0.000510, epoch_time=18.10s
[Epoch 030] train_loss=0.2279, train_hard=0.5783, train_soft=0.1775, train_logit_mse=0.3414, train_feature_mse=0.0006, train_acc=0.8098, alpha=0.100, val_acc=0.7642, val_macro_f1=0.5856, val_weighted_f1=0.7439, lr=0.000493, epoch_time=17.96s
[Epoch 031] train_loss=0.2277, train_hard=0.5781, train_soft=0.1774, train_logit_mse=0.3406, train_feature_mse=0.0006, train_acc=0.8110, alpha=0.100, val_acc=0.7770, val_macro_f1=0.6079, val_weighted_f1=0.7609, lr=0.000476, epoch_time=18.02s
[Epoch 032] train_loss=0.2232, train_hard=0.5694, train_soft=0.1736, train_logit_mse=0.3340, train_feature_mse=0.0005, train_acc=0.8098, alpha=0.100, val_acc=0.7703, val_macro_f1=0.5959, val_weighted_f1=0.7517, lr=0.000458, epoch_time=18.02s
[Epoch 033] train_loss=0.2204, train_hard=0.5705, train_soft=0.1706, train_logit_mse=0.3281, train_feature_mse=0.0005, train_acc=0.8120, alpha=0.100, val_acc=0.7611, val_macro_f1=0.5768, val_weighted_f1=0.7378, lr=0.000440, epoch_time=18.13s
[Epoch 034] train_loss=0.2201, train_hard=0.5645, train_soft=0.1708, train_logit_mse=0.3287, train_feature_mse=0.0005, train_acc=0.8120, alpha=0.100, val_acc=0.7746, val_macro_f1=0.5980, val_weighted_f1=0.7553, lr=0.000423, epoch_time=18.06s
[Epoch 035] train_loss=0.2192, train_hard=0.5663, train_soft=0.1697, train_logit_mse=0.3268, train_feature_mse=0.0005, train_acc=0.8121, alpha=0.100, val_acc=0.7721, val_macro_f1=0.5964, val_weighted_f1=0.7537, lr=0.000405, epoch_time=17.91s
[Epoch 036] train_loss=0.2198, train_hard=0.5682, train_soft=0.1701, train_logit_mse=0.3272, train_feature_mse=0.0005, train_acc=0.8127, alpha=0.100, val_acc=0.7581, val_macro_f1=0.5730, val_weighted_f1=0.7325, lr=0.000387, epoch_time=17.97s
[Epoch 037] train_loss=0.2155, train_hard=0.5610, train_soft=0.1664, train_logit_mse=0.3203, train_feature_mse=0.0005, train_acc=0.8142, alpha=0.100, val_acc=0.7630, val_macro_f1=0.5896, val_weighted_f1=0.7442, lr=0.000370, epoch_time=18.13s
[Epoch 038] train_loss=0.2127, train_hard=0.5618, train_soft=0.1634, train_logit_mse=0.3144, train_feature_mse=0.0005, train_acc=0.8152, alpha=0.100, val_acc=0.7685, val_macro_f1=0.5904, val_weighted_f1=0.7459, lr=0.000352, epoch_time=18.01s
[Epoch 039] train_loss=0.2130, train_hard=0.5619, train_soft=0.1637, train_logit_mse=0.3153, train_feature_mse=0.0005, train_acc=0.8148, alpha=0.100, val_acc=0.7697, val_macro_f1=0.5921, val_weighted_f1=0.7522, lr=0.000334, epoch_time=18.06s
[Epoch 040] train_loss=0.2116, train_hard=0.5604, train_soft=0.1624, train_logit_mse=0.3128, train_feature_mse=0.0005, train_acc=0.8153, alpha=0.100, val_acc=0.7807, val_macro_f1=0.6140, val_weighted_f1=0.7648, lr=0.000317, epoch_time=18.00s
  -> New best KD student saved to /users/40370279/csc4006/code/experiments/2__temperature_sweep/checkpoints/student_T16_seed42.pt
[Epoch 041] train_loss=0.2096, train_hard=0.5612, train_soft=0.1602, train_logit_mse=0.3085, train_feature_mse=0.0005, train_acc=0.8131, alpha=0.100, val_acc=0.7666, val_macro_f1=0.5930, val_weighted_f1=0.7476, lr=0.000300, epoch_time=18.09s
[Epoch 042] train_loss=0.2074, train_hard=0.5540, train_soft=0.1587, train_logit_mse=0.3057, train_feature_mse=0.0005, train_acc=0.8148, alpha=0.100, val_acc=0.7703, val_macro_f1=0.5895, val_weighted_f1=0.7495, lr=0.000283, epoch_time=17.97s
[Epoch 043] train_loss=0.2080, train_hard=0.5556, train_soft=0.1591, train_logit_mse=0.3062, train_feature_mse=0.0005, train_acc=0.8151, alpha=0.100, val_acc=0.7758, val_macro_f1=0.6072, val_weighted_f1=0.7595, lr=0.000266, epoch_time=18.03s
[Epoch 044] train_loss=0.2062, train_hard=0.5548, train_soft=0.1573, train_logit_mse=0.3030, train_feature_mse=0.0005, train_acc=0.8171, alpha=0.100, val_acc=0.7691, val_macro_f1=0.5989, val_weighted_f1=0.7489, lr=0.000250, epoch_time=18.11s
[Epoch 045] train_loss=0.2055, train_hard=0.5559, train_soft=0.1565, train_logit_mse=0.3017, train_feature_mse=0.0005, train_acc=0.8160, alpha=0.100, val_acc=0.7795, val_macro_f1=0.6080, val_weighted_f1=0.7628, lr=0.000234, epoch_time=17.98s
[Epoch 046] train_loss=0.2068, train_hard=0.5562, train_soft=0.1578, train_logit_mse=0.3038, train_feature_mse=0.0005, train_acc=0.8152, alpha=0.100, val_acc=0.7752, val_macro_f1=0.6239, val_weighted_f1=0.7616, lr=0.000218, epoch_time=18.03s
  -> New best KD student saved to /users/40370279/csc4006/code/experiments/2__temperature_sweep/checkpoints/student_T16_seed42.pt
[Epoch 047] train_loss=0.2046, train_hard=0.5543, train_soft=0.1558, train_logit_mse=0.2999, train_feature_mse=0.0005, train_acc=0.8153, alpha=0.100, val_acc=0.7734, val_macro_f1=0.6009, val_weighted_f1=0.7562, lr=0.000202, epoch_time=18.09s
[Epoch 048] train_loss=0.2055, train_hard=0.5569, train_soft=0.1564, train_logit_mse=0.3013, train_feature_mse=0.0005, train_acc=0.8153, alpha=0.100, val_acc=0.7789, val_macro_f1=0.6202, val_weighted_f1=0.7637, lr=0.000187, epoch_time=17.84s
[Epoch 049] train_loss=0.2054, train_hard=0.5537, train_soft=0.1566, train_logit_mse=0.3017, train_feature_mse=0.0005, train_acc=0.8159, alpha=0.100, val_acc=0.7789, val_macro_f1=0.6184, val_weighted_f1=0.7635, lr=0.000173, epoch_time=18.07s
[Epoch 050] train_loss=0.2000, train_hard=0.5480, train_soft=0.1516, train_logit_mse=0.2919, train_feature_mse=0.0005, train_acc=0.8200, alpha=0.100, val_acc=0.7740, val_macro_f1=0.6196, val_weighted_f1=0.7593, lr=0.000159, epoch_time=18.04s
[Epoch 051] train_loss=0.2027, train_hard=0.5541, train_soft=0.1537, train_logit_mse=0.2960, train_feature_mse=0.0005, train_acc=0.8201, alpha=0.100, val_acc=0.7679, val_macro_f1=0.6057, val_weighted_f1=0.7507, lr=0.000145, epoch_time=18.23s
[Epoch 052] train_loss=0.2018, train_hard=0.5521, train_soft=0.1530, train_logit_mse=0.2949, train_feature_mse=0.0005, train_acc=0.8167, alpha=0.100, val_acc=0.7758, val_macro_f1=0.6240, val_weighted_f1=0.7612, lr=0.000132, epoch_time=18.01s
  -> New best KD student saved to /users/40370279/csc4006/code/experiments/2__temperature_sweep/checkpoints/student_T16_seed42.pt
[Epoch 053] train_loss=0.2025, train_hard=0.5515, train_soft=0.1538, train_logit_mse=0.2964, train_feature_mse=0.0005, train_acc=0.8199, alpha=0.100, val_acc=0.7764, val_macro_f1=0.6234, val_weighted_f1=0.7618, lr=0.000119, epoch_time=18.08s
[Epoch 054] train_loss=0.2016, train_hard=0.5559, train_soft=0.1525, train_logit_mse=0.2938, train_feature_mse=0.0005, train_acc=0.8172, alpha=0.100, val_acc=0.7740, val_macro_f1=0.6173, val_weighted_f1=0.7579, lr=0.000108, epoch_time=18.07s
[Epoch 055] train_loss=0.2001, train_hard=0.5498, train_soft=0.1515, train_logit_mse=0.2919, train_feature_mse=0.0005, train_acc=0.8188, alpha=0.100, val_acc=0.7758, val_macro_f1=0.6234, val_weighted_f1=0.7610, lr=0.000096, epoch_time=18.01s
[Epoch 056] train_loss=0.2003, train_hard=0.5482, train_soft=0.1518, train_logit_mse=0.2927, train_feature_mse=0.0005, train_acc=0.8162, alpha=0.100, val_acc=0.7660, val_macro_f1=0.6078, val_weighted_f1=0.7490, lr=0.000085, epoch_time=17.97s
[Epoch 057] train_loss=0.1977, train_hard=0.5492, train_soft=0.1490, train_logit_mse=0.2872, train_feature_mse=0.0005, train_acc=0.8179, alpha=0.100, val_acc=0.7703, val_macro_f1=0.6147, val_weighted_f1=0.7542, lr=0.000075, epoch_time=17.97s
[Epoch 058] train_loss=0.1995, train_hard=0.5514, train_soft=0.1507, train_logit_mse=0.2904, train_feature_mse=0.0005, train_acc=0.8165, alpha=0.100, val_acc=0.7758, val_macro_f1=0.6057, val_weighted_f1=0.7584, lr=0.000066, epoch_time=17.99s
[Epoch 059] train_loss=0.1976, train_hard=0.5491, train_soft=0.1489, train_logit_mse=0.2871, train_feature_mse=0.0005, train_acc=0.8186, alpha=0.100, val_acc=0.7728, val_macro_f1=0.6162, val_weighted_f1=0.7571, lr=0.000057, epoch_time=17.98s
[Epoch 060] train_loss=0.1975, train_hard=0.5471, train_soft=0.1490, train_logit_mse=0.2871, train_feature_mse=0.0005, train_acc=0.8208, alpha=0.100, val_acc=0.7679, val_macro_f1=0.6030, val_weighted_f1=0.7499, lr=0.000049, epoch_time=18.03s
[Epoch 061] train_loss=0.1950, train_hard=0.5455, train_soft=0.1466, train_logit_mse=0.2826, train_feature_mse=0.0005, train_acc=0.8189, alpha=0.100, val_acc=0.7691, val_macro_f1=0.6071, val_weighted_f1=0.7517, lr=0.000042, epoch_time=17.99s
[Epoch 062] train_loss=0.1987, train_hard=0.5496, train_soft=0.1500, train_logit_mse=0.2892, train_feature_mse=0.0005, train_acc=0.8207, alpha=0.100, val_acc=0.7721, val_macro_f1=0.6179, val_weighted_f1=0.7568, lr=0.000035, epoch_time=17.91s
[Epoch 063] train_loss=0.1962, train_hard=0.5471, train_soft=0.1477, train_logit_mse=0.2848, train_feature_mse=0.0005, train_acc=0.8199, alpha=0.100, val_acc=0.7666, val_macro_f1=0.6013, val_weighted_f1=0.7486, lr=0.000029, epoch_time=18.07s
[Epoch 064] train_loss=0.1964, train_hard=0.5476, train_soft=0.1478, train_logit_mse=0.2849, train_feature_mse=0.0004, train_acc=0.8171, alpha=0.100, val_acc=0.7740, val_macro_f1=0.6101, val_weighted_f1=0.7574, lr=0.000024, epoch_time=17.99s
[Epoch 065] train_loss=0.1971, train_hard=0.5481, train_soft=0.1486, train_logit_mse=0.2861, train_feature_mse=0.0005, train_acc=0.8162, alpha=0.100, val_acc=0.7654, val_macro_f1=0.6025, val_weighted_f1=0.7472, lr=0.000020, epoch_time=17.94s
[Epoch 066] train_loss=0.1948, train_hard=0.5482, train_soft=0.1461, train_logit_mse=0.2817, train_feature_mse=0.0005, train_acc=0.8207, alpha=0.100, val_acc=0.7746, val_macro_f1=0.6115, val_weighted_f1=0.7583, lr=0.000016, epoch_time=17.97s
[Epoch 067] train_loss=0.1938, train_hard=0.5446, train_soft=0.1454, train_logit_mse=0.2804, train_feature_mse=0.0004, train_acc=0.8196, alpha=0.100, val_acc=0.7703, val_macro_f1=0.6130, val_weighted_f1=0.7546, lr=0.000014, epoch_time=18.00s
Early stopping triggered.
Loaded best KD student checkpoint for final test evaluation.
Best validation macro-F1: 0.6240
Best epoch: 52
Time to best model: 940.70 seconds
Checkpoint size (MB): 0.174
Student size: medium
Teacher used: checkpoints/teacher/teacher_cnn_seed42.pt
Teacher arch: TeacherCNN
Teacher size: large
Checkpoint seed: 42
Test accuracy (KD student): 0.7715
Test macro-F1 (KD student): 0.6085
Test weighted-F1 (KD student): 0.7563
Test classification report:
              precision    recall  f1-score   support

           0       0.79      0.66      0.72       184
           1       0.22      0.12      0.16        56
           2       0.83      0.50      0.62       256
           3       0.78      0.95      0.86       912
           4       0.73      0.64      0.68       242

    accuracy                           0.77      1650
   macro avg       0.67      0.57      0.61      1650
weighted avg       0.76      0.77      0.76      1650

Test confusion matrix:
[[122   2   4  50   6]
 [  2   7   1  41   5]
 [ 16   1 128  86  25]
 [ 10  10  10 862  20]
 [  4  12  12  60 154]]
Inference latency: 1.7937 ms/sample
