Using device: cuda
Seed: 123
Deterministic mode: True
Deterministic warn_only: True
KD hyperparameters: alpha_start=0.100, alpha_end=0.100, temperature=16.00, logit_mse_weight=0.030, feature_mse_weight=0.030, class_weight_gamma=0.00, sampler_power=0.35, label_smoothing=0.000, student_size=medium
Training: batch_size=64, lr=0.0008, epochs=70, patience=15, weight_decay=0.002, grad_clip=1.0, num_workers=2, disable_augmentation=False, use_weighted_sampler=False
Teacher checkpoint path: checkpoints/teacher/teacher_cnn_seed123.pt
Student checkpoint path: /users/40370279/csc4006/code/experiments/2__temperature_sweep/checkpoints/student_T16_seed123.pt
Training set size: 12957
Validation set size: 1637
Test set size: 1650
Number of leads: 12 classes: 5
Classes: ['CD' 'HYP' 'MI' 'NORM' 'STTC']
Trainable parameters (student): 12809
Total parameters (student): 12809
Estimated model size (MB): 0.051
Teacher pooled dim: 896
Student pooled dim: 28
Class weights: [1. 1. 1. 1. 1.]
Training sampler: standard shuffled loader
[Epoch 001] train_loss=1.0570, train_hard=1.1161, train_soft=0.9875, train_logit_mse=1.8576, train_feature_mse=0.0284, train_acc=0.6035, alpha=0.100, val_acc=0.6402, val_macro_f1=0.3093, val_weighted_f1=0.5576, lr=0.000800, epoch_time=19.09s
  -> New best KD student saved to /users/40370279/csc4006/code/experiments/2__temperature_sweep/checkpoints/student_T16_seed123.pt
[Epoch 002] train_loss=0.7030, train_hard=0.8523, train_soft=0.6451, train_logit_mse=1.2211, train_feature_mse=0.0182, train_acc=0.7099, alpha=0.100, val_acc=0.7202, val_macro_f1=0.4903, val_weighted_f1=0.6817, lr=0.000798, epoch_time=18.08s
  -> New best KD student saved to /users/40370279/csc4006/code/experiments/2__temperature_sweep/checkpoints/student_T16_seed123.pt
[Epoch 003] train_loss=0.5319, train_hard=0.7483, train_soft=0.4771, train_logit_mse=0.9100, train_feature_mse=0.0137, train_acc=0.7554, alpha=0.100, val_acc=0.7337, val_macro_f1=0.5188, val_weighted_f1=0.7010, lr=0.000796, epoch_time=17.86s
  -> New best KD student saved to /users/40370279/csc4006/code/experiments/2__temperature_sweep/checkpoints/student_T16_seed123.pt
[Epoch 004] train_loss=0.4679, train_hard=0.7140, train_soft=0.4139, train_logit_mse=0.7904, train_feature_mse=0.0091, train_acc=0.7648, alpha=0.100, val_acc=0.7269, val_macro_f1=0.5024, val_weighted_f1=0.6856, lr=0.000794, epoch_time=17.96s
[Epoch 005] train_loss=0.4234, train_hard=0.6891, train_soft=0.3702, train_logit_mse=0.7074, train_feature_mse=0.0054, train_acc=0.7709, alpha=0.100, val_acc=0.7379, val_macro_f1=0.5287, val_weighted_f1=0.7059, lr=0.000790, epoch_time=18.02s
  -> New best KD student saved to /users/40370279/csc4006/code/experiments/2__temperature_sweep/checkpoints/student_T16_seed123.pt
[Epoch 006] train_loss=0.3998, train_hard=0.6711, train_soft=0.3474, train_logit_mse=0.6635, train_feature_mse=0.0034, train_acc=0.7790, alpha=0.100, val_acc=0.7349, val_macro_f1=0.5571, val_weighted_f1=0.7128, lr=0.000786, epoch_time=17.91s
  -> New best KD student saved to /users/40370279/csc4006/code/experiments/2__temperature_sweep/checkpoints/student_T16_seed123.pt
[Epoch 007] train_loss=0.3758, train_hard=0.6572, train_soft=0.3238, train_logit_mse=0.6190, train_feature_mse=0.0022, train_acc=0.7808, alpha=0.100, val_acc=0.7483, val_macro_f1=0.5610, val_weighted_f1=0.7232, lr=0.000781, epoch_time=17.89s
  -> New best KD student saved to /users/40370279/csc4006/code/experiments/2__temperature_sweep/checkpoints/student_T16_seed123.pt
[Epoch 008] train_loss=0.3657, train_hard=0.6524, train_soft=0.3138, train_logit_mse=0.5998, train_feature_mse=0.0015, train_acc=0.7823, alpha=0.100, val_acc=0.7526, val_macro_f1=0.5723, val_weighted_f1=0.7323, lr=0.000775, epoch_time=18.08s
  -> New best KD student saved to /users/40370279/csc4006/code/experiments/2__temperature_sweep/checkpoints/student_T16_seed123.pt
[Epoch 009] train_loss=0.3487, train_hard=0.6452, train_soft=0.2968, train_logit_mse=0.5676, train_feature_mse=0.0012, train_acc=0.7845, alpha=0.100, val_acc=0.7581, val_macro_f1=0.6016, val_weighted_f1=0.7456, lr=0.000768, epoch_time=17.85s
  -> New best KD student saved to /users/40370279/csc4006/code/experiments/2__temperature_sweep/checkpoints/student_T16_seed123.pt
[Epoch 010] train_loss=0.3451, train_hard=0.6400, train_soft=0.2936, train_logit_mse=0.5611, train_feature_mse=0.0011, train_acc=0.7888, alpha=0.100, val_acc=0.7557, val_macro_f1=0.5972, val_weighted_f1=0.7397, lr=0.000761, epoch_time=17.81s
[Epoch 011] train_loss=0.3292, train_hard=0.6233, train_soft=0.2787, train_logit_mse=0.5329, train_feature_mse=0.0010, train_acc=0.7957, alpha=0.100, val_acc=0.7477, val_macro_f1=0.5760, val_weighted_f1=0.7278, lr=0.000753, epoch_time=17.92s
[Epoch 012] train_loss=0.3236, train_hard=0.6232, train_soft=0.2729, train_logit_mse=0.5219, train_feature_mse=0.0010, train_acc=0.7908, alpha=0.100, val_acc=0.7520, val_macro_f1=0.5799, val_weighted_f1=0.7319, lr=0.000744, epoch_time=17.89s
[Epoch 013] train_loss=0.3137, train_hard=0.6177, train_soft=0.2631, train_logit_mse=0.5035, train_feature_mse=0.0009, train_acc=0.7959, alpha=0.100, val_acc=0.7459, val_macro_f1=0.5697, val_weighted_f1=0.7269, lr=0.000735, epoch_time=18.01s
[Epoch 014] train_loss=0.3072, train_hard=0.6096, train_soft=0.2571, train_logit_mse=0.4922, train_feature_mse=0.0009, train_acc=0.7964, alpha=0.100, val_acc=0.7544, val_macro_f1=0.5819, val_weighted_f1=0.7372, lr=0.000725, epoch_time=17.90s
[Epoch 015] train_loss=0.3043, train_hard=0.6111, train_soft=0.2539, train_logit_mse=0.4858, train_feature_mse=0.0009, train_acc=0.7973, alpha=0.100, val_acc=0.7508, val_macro_f1=0.5708, val_weighted_f1=0.7295, lr=0.000714, epoch_time=18.02s
[Epoch 016] train_loss=0.2980, train_hard=0.6080, train_soft=0.2478, train_logit_mse=0.4743, train_feature_mse=0.0008, train_acc=0.7938, alpha=0.100, val_acc=0.7624, val_macro_f1=0.6101, val_weighted_f1=0.7490, lr=0.000702, epoch_time=17.90s
  -> New best KD student saved to /users/40370279/csc4006/code/experiments/2__temperature_sweep/checkpoints/student_T16_seed123.pt
[Epoch 017] train_loss=0.2923, train_hard=0.6021, train_soft=0.2424, train_logit_mse=0.4643, train_feature_mse=0.0008, train_acc=0.8010, alpha=0.100, val_acc=0.7648, val_macro_f1=0.5964, val_weighted_f1=0.7483, lr=0.000691, epoch_time=17.97s
[Epoch 018] train_loss=0.2900, train_hard=0.6021, train_soft=0.2400, train_logit_mse=0.4596, train_feature_mse=0.0008, train_acc=0.7989, alpha=0.100, val_acc=0.7624, val_macro_f1=0.5884, val_weighted_f1=0.7429, lr=0.000678, epoch_time=17.90s
[Epoch 019] train_loss=0.2814, train_hard=0.5947, train_soft=0.2317, train_logit_mse=0.4442, train_feature_mse=0.0007, train_acc=0.7998, alpha=0.100, val_acc=0.7624, val_macro_f1=0.6198, val_weighted_f1=0.7551, lr=0.000665, epoch_time=18.04s
  -> New best KD student saved to /users/40370279/csc4006/code/experiments/2__temperature_sweep/checkpoints/student_T16_seed123.pt
[Epoch 020] train_loss=0.2805, train_hard=0.5870, train_soft=0.2317, train_logit_mse=0.4437, train_feature_mse=0.0007, train_acc=0.8030, alpha=0.100, val_acc=0.7599, val_macro_f1=0.6012, val_weighted_f1=0.7395, lr=0.000651, epoch_time=17.89s
[Epoch 021] train_loss=0.2762, train_hard=0.5905, train_soft=0.2268, train_logit_mse=0.4346, train_feature_mse=0.0007, train_acc=0.8007, alpha=0.100, val_acc=0.7532, val_macro_f1=0.6011, val_weighted_f1=0.7379, lr=0.000637, epoch_time=17.89s
[Epoch 022] train_loss=0.2711, train_hard=0.5871, train_soft=0.2218, train_logit_mse=0.4250, train_feature_mse=0.0007, train_acc=0.8034, alpha=0.100, val_acc=0.7642, val_macro_f1=0.6091, val_weighted_f1=0.7490, lr=0.000623, epoch_time=17.94s
[Epoch 023] train_loss=0.2689, train_hard=0.5839, train_soft=0.2198, train_logit_mse=0.4212, train_feature_mse=0.0007, train_acc=0.8038, alpha=0.100, val_acc=0.7660, val_macro_f1=0.6230, val_weighted_f1=0.7536, lr=0.000608, epoch_time=17.90s
  -> New best KD student saved to /users/40370279/csc4006/code/experiments/2__temperature_sweep/checkpoints/student_T16_seed123.pt
[Epoch 024] train_loss=0.2670, train_hard=0.5858, train_soft=0.2177, train_logit_mse=0.4174, train_feature_mse=0.0007, train_acc=0.8032, alpha=0.100, val_acc=0.7599, val_macro_f1=0.6005, val_weighted_f1=0.7412, lr=0.000592, epoch_time=17.93s
[Epoch 025] train_loss=0.2643, train_hard=0.5806, train_soft=0.2154, train_logit_mse=0.4131, train_feature_mse=0.0007, train_acc=0.8053, alpha=0.100, val_acc=0.7538, val_macro_f1=0.6014, val_weighted_f1=0.7379, lr=0.000576, epoch_time=18.10s
[Epoch 026] train_loss=0.2598, train_hard=0.5792, train_soft=0.2108, train_logit_mse=0.4045, train_feature_mse=0.0007, train_acc=0.8061, alpha=0.100, val_acc=0.7495, val_macro_f1=0.5864, val_weighted_f1=0.7286, lr=0.000560, epoch_time=17.92s
[Epoch 027] train_loss=0.2601, train_hard=0.5792, train_soft=0.2111, train_logit_mse=0.4050, train_feature_mse=0.0007, train_acc=0.8064, alpha=0.100, val_acc=0.7618, val_macro_f1=0.6156, val_weighted_f1=0.7500, lr=0.000544, epoch_time=17.93s
[Epoch 028] train_loss=0.2542, train_hard=0.5764, train_soft=0.2053, train_logit_mse=0.3940, train_feature_mse=0.0006, train_acc=0.8044, alpha=0.100, val_acc=0.7575, val_macro_f1=0.6146, val_weighted_f1=0.7464, lr=0.000527, epoch_time=17.94s
[Epoch 029] train_loss=0.2581, train_hard=0.5786, train_soft=0.2091, train_logit_mse=0.4007, train_feature_mse=0.0006, train_acc=0.8054, alpha=0.100, val_acc=0.7569, val_macro_f1=0.6049, val_weighted_f1=0.7425, lr=0.000510, epoch_time=17.90s
[Epoch 030] train_loss=0.2530, train_hard=0.5716, train_soft=0.2045, train_logit_mse=0.3923, train_feature_mse=0.0006, train_acc=0.8078, alpha=0.100, val_acc=0.7636, val_macro_f1=0.6130, val_weighted_f1=0.7473, lr=0.000493, epoch_time=17.95s
[Epoch 031] train_loss=0.2484, train_hard=0.5672, train_soft=0.2001, train_logit_mse=0.3841, train_feature_mse=0.0006, train_acc=0.8112, alpha=0.100, val_acc=0.7642, val_macro_f1=0.6134, val_weighted_f1=0.7498, lr=0.000476, epoch_time=18.04s
[Epoch 032] train_loss=0.2513, train_hard=0.5682, train_soft=0.2031, train_logit_mse=0.3899, train_feature_mse=0.0006, train_acc=0.8119, alpha=0.100, val_acc=0.7526, val_macro_f1=0.6059, val_weighted_f1=0.7393, lr=0.000458, epoch_time=18.11s
[Epoch 033] train_loss=0.2471, train_hard=0.5692, train_soft=0.1986, train_logit_mse=0.3810, train_feature_mse=0.0006, train_acc=0.8095, alpha=0.100, val_acc=0.7550, val_macro_f1=0.6166, val_weighted_f1=0.7440, lr=0.000440, epoch_time=18.05s
[Epoch 034] train_loss=0.2444, train_hard=0.5642, train_soft=0.1962, train_logit_mse=0.3768, train_feature_mse=0.0006, train_acc=0.8148, alpha=0.100, val_acc=0.7618, val_macro_f1=0.6194, val_weighted_f1=0.7503, lr=0.000423, epoch_time=17.88s
[Epoch 035] train_loss=0.2447, train_hard=0.5688, train_soft=0.1961, train_logit_mse=0.3760, train_feature_mse=0.0006, train_acc=0.8111, alpha=0.100, val_acc=0.7734, val_macro_f1=0.6369, val_weighted_f1=0.7636, lr=0.000405, epoch_time=17.86s
  -> New best KD student saved to /users/40370279/csc4006/code/experiments/2__temperature_sweep/checkpoints/student_T16_seed123.pt
[Epoch 036] train_loss=0.2421, train_hard=0.5644, train_soft=0.1938, train_logit_mse=0.3722, train_feature_mse=0.0006, train_acc=0.8133, alpha=0.100, val_acc=0.7685, val_macro_f1=0.6304, val_weighted_f1=0.7601, lr=0.000387, epoch_time=17.86s
[Epoch 037] train_loss=0.2382, train_hard=0.5595, train_soft=0.1903, train_logit_mse=0.3653, train_feature_mse=0.0006, train_acc=0.8121, alpha=0.100, val_acc=0.7715, val_macro_f1=0.6261, val_weighted_f1=0.7611, lr=0.000370, epoch_time=18.03s
[Epoch 038] train_loss=0.2411, train_hard=0.5617, train_soft=0.1931, train_logit_mse=0.3707, train_feature_mse=0.0006, train_acc=0.8127, alpha=0.100, val_acc=0.7605, val_macro_f1=0.6093, val_weighted_f1=0.7468, lr=0.000352, epoch_time=17.90s
[Epoch 039] train_loss=0.2377, train_hard=0.5634, train_soft=0.1894, train_logit_mse=0.3637, train_feature_mse=0.0005, train_acc=0.8108, alpha=0.100, val_acc=0.7569, val_macro_f1=0.6094, val_weighted_f1=0.7407, lr=0.000334, epoch_time=18.04s
[Epoch 040] train_loss=0.2368, train_hard=0.5605, train_soft=0.1888, train_logit_mse=0.3623, train_feature_mse=0.0006, train_acc=0.8111, alpha=0.100, val_acc=0.7563, val_macro_f1=0.6118, val_weighted_f1=0.7419, lr=0.000317, epoch_time=17.93s
[Epoch 041] train_loss=0.2361, train_hard=0.5605, train_soft=0.1880, train_logit_mse=0.3608, train_feature_mse=0.0005, train_acc=0.8133, alpha=0.100, val_acc=0.7648, val_macro_f1=0.6160, val_weighted_f1=0.7518, lr=0.000300, epoch_time=17.89s
[Epoch 042] train_loss=0.2346, train_hard=0.5586, train_soft=0.1866, train_logit_mse=0.3585, train_feature_mse=0.0005, train_acc=0.8125, alpha=0.100, val_acc=0.7599, val_macro_f1=0.6154, val_weighted_f1=0.7460, lr=0.000283, epoch_time=17.97s
[Epoch 043] train_loss=0.2338, train_hard=0.5553, train_soft=0.1862, train_logit_mse=0.3576, train_feature_mse=0.0005, train_acc=0.8185, alpha=0.100, val_acc=0.7660, val_macro_f1=0.6224, val_weighted_f1=0.7534, lr=0.000266, epoch_time=17.87s
[Epoch 044] train_loss=0.2307, train_hard=0.5556, train_soft=0.1829, train_logit_mse=0.3514, train_feature_mse=0.0005, train_acc=0.8144, alpha=0.100, val_acc=0.7581, val_macro_f1=0.6035, val_weighted_f1=0.7407, lr=0.000250, epoch_time=17.91s
[Epoch 045] train_loss=0.2297, train_hard=0.5550, train_soft=0.1819, train_logit_mse=0.3494, train_feature_mse=0.0005, train_acc=0.8138, alpha=0.100, val_acc=0.7673, val_macro_f1=0.6154, val_weighted_f1=0.7526, lr=0.000234, epoch_time=17.98s
[Epoch 046] train_loss=0.2304, train_hard=0.5545, train_soft=0.1827, train_logit_mse=0.3509, train_feature_mse=0.0005, train_acc=0.8184, alpha=0.100, val_acc=0.7648, val_macro_f1=0.6227, val_weighted_f1=0.7522, lr=0.000218, epoch_time=17.88s
[Epoch 047] train_loss=0.2270, train_hard=0.5523, train_soft=0.1794, train_logit_mse=0.3447, train_feature_mse=0.0005, train_acc=0.8163, alpha=0.100, val_acc=0.7660, val_macro_f1=0.6165, val_weighted_f1=0.7524, lr=0.000202, epoch_time=17.90s
[Epoch 048] train_loss=0.2280, train_hard=0.5497, train_soft=0.1807, train_logit_mse=0.3470, train_feature_mse=0.0005, train_acc=0.8169, alpha=0.100, val_acc=0.7679, val_macro_f1=0.6257, val_weighted_f1=0.7560, lr=0.000187, epoch_time=17.98s
[Epoch 049] train_loss=0.2302, train_hard=0.5528, train_soft=0.1826, train_logit_mse=0.3508, train_feature_mse=0.0005, train_acc=0.8146, alpha=0.100, val_acc=0.7624, val_macro_f1=0.6093, val_weighted_f1=0.7475, lr=0.000173, epoch_time=17.93s
[Epoch 050] train_loss=0.2247, train_hard=0.5476, train_soft=0.1774, train_logit_mse=0.3412, train_feature_mse=0.0005, train_acc=0.8160, alpha=0.100, val_acc=0.7691, val_macro_f1=0.6152, val_weighted_f1=0.7542, lr=0.000159, epoch_time=17.93s
Early stopping triggered.
Loaded best KD student checkpoint for final test evaluation.
Best validation macro-F1: 0.6369
Best epoch: 35
Time to best model: 629.82 seconds
Checkpoint size (MB): 0.174
Student size: medium
Teacher used: checkpoints/teacher/teacher_cnn_seed123.pt
Teacher arch: TeacherCNN
Teacher size: large
Checkpoint seed: 123
Test accuracy (KD student): 0.7648
Test macro-F1 (KD student): 0.6128
Test weighted-F1 (KD student): 0.7554
Test classification report:
              precision    recall  f1-score   support

           0       0.82      0.69      0.75       184
           1       0.17      0.14      0.16        56
           2       0.79      0.52      0.62       256
           3       0.79      0.91      0.85       912
           4       0.70      0.67      0.68       242

    accuracy                           0.76      1650
   macro avg       0.65      0.59      0.61      1650
weighted avg       0.76      0.76      0.76      1650

Test confusion matrix:
[[127   2   5  45   5]
 [  2   8   1  38   7]
 [ 10   3 132  84  27]
 [ 15  19  14 832  32]
 [  1  14  15  49 163]]
Inference latency: 1.7441 ms/sample
