Using device: cuda
Seed: 999
Deterministic mode: True
Deterministic warn_only: True
KD hyperparameters: alpha_start=0.100, alpha_end=0.100, temperature=16.00, logit_mse_weight=0.030, feature_mse_weight=0.030, class_weight_gamma=0.00, sampler_power=0.35, label_smoothing=0.000, student_size=medium
Training: batch_size=64, lr=0.0008, epochs=70, patience=15, weight_decay=0.002, grad_clip=1.0, num_workers=2, disable_augmentation=False, use_weighted_sampler=False
Teacher checkpoint path: checkpoints/teacher/teacher_cnn_seed999.pt
Student checkpoint path: /users/40370279/csc4006/code/experiments/2__temperature_sweep/checkpoints/student_T16_seed999.pt
Training set size: 12957
Validation set size: 1637
Test set size: 1650
Number of leads: 12 classes: 5
Classes: ['CD' 'HYP' 'MI' 'NORM' 'STTC']
Trainable parameters (student): 12809
Total parameters (student): 12809
Estimated model size (MB): 0.051
Teacher pooled dim: 896
Student pooled dim: 28
Class weights: [1. 1. 1. 1. 1.]
Training sampler: standard shuffled loader
[Epoch 001] train_loss=1.3035, train_hard=1.1020, train_soft=1.2472, train_logit_mse=2.3282, train_feature_mse=0.0320, train_acc=0.6074, alpha=0.100, val_acc=0.6671, val_macro_f1=0.3572, val_weighted_f1=0.6032, lr=0.000800, epoch_time=19.39s
  -> New best KD student saved to /users/40370279/csc4006/code/experiments/2__temperature_sweep/checkpoints/student_T16_seed999.pt
[Epoch 002] train_loss=0.9319, train_hard=0.8559, train_soft=0.8842, train_logit_mse=1.6610, train_feature_mse=0.0206, train_acc=0.7055, alpha=0.100, val_acc=0.7282, val_macro_f1=0.5060, val_weighted_f1=0.6944, lr=0.000798, epoch_time=18.00s
  -> New best KD student saved to /users/40370279/csc4006/code/experiments/2__temperature_sweep/checkpoints/student_T16_seed999.pt
[Epoch 003] train_loss=0.7119, train_hard=0.7347, train_soft=0.6669, train_logit_mse=1.2611, train_feature_mse=0.0150, train_acc=0.7574, alpha=0.100, val_acc=0.7398, val_macro_f1=0.5274, val_weighted_f1=0.7116, lr=0.000796, epoch_time=18.15s
  -> New best KD student saved to /users/40370279/csc4006/code/experiments/2__temperature_sweep/checkpoints/student_T16_seed999.pt
[Epoch 004] train_loss=0.6264, train_hard=0.6954, train_soft=0.5817, train_logit_mse=1.1023, train_feature_mse=0.0082, train_acc=0.7751, alpha=0.100, val_acc=0.7495, val_macro_f1=0.5538, val_weighted_f1=0.7286, lr=0.000794, epoch_time=18.22s
  -> New best KD student saved to /users/40370279/csc4006/code/experiments/2__temperature_sweep/checkpoints/student_T16_seed999.pt
[Epoch 005] train_loss=0.5817, train_hard=0.6715, train_soft=0.5375, train_logit_mse=1.0194, train_feature_mse=0.0047, train_acc=0.7807, alpha=0.100, val_acc=0.7502, val_macro_f1=0.5474, val_weighted_f1=0.7243, lr=0.000790, epoch_time=18.01s
[Epoch 006] train_loss=0.5589, train_hard=0.6680, train_soft=0.5142, train_logit_mse=0.9750, train_feature_mse=0.0028, train_acc=0.7791, alpha=0.100, val_acc=0.7440, val_macro_f1=0.5305, val_weighted_f1=0.7109, lr=0.000786, epoch_time=18.10s
[Epoch 007] train_loss=0.5327, train_hard=0.6510, train_soft=0.4886, train_logit_mse=0.9268, train_feature_mse=0.0018, train_acc=0.7861, alpha=0.100, val_acc=0.7666, val_macro_f1=0.5785, val_weighted_f1=0.7437, lr=0.000781, epoch_time=18.01s
  -> New best KD student saved to /users/40370279/csc4006/code/experiments/2__temperature_sweep/checkpoints/student_T16_seed999.pt
[Epoch 008] train_loss=0.5104, train_hard=0.6353, train_soft=0.4670, train_logit_mse=0.8855, train_feature_mse=0.0014, train_acc=0.7931, alpha=0.100, val_acc=0.7428, val_macro_f1=0.5402, val_weighted_f1=0.7134, lr=0.000775, epoch_time=18.09s
[Epoch 009] train_loss=0.4912, train_hard=0.6228, train_soft=0.4482, train_logit_mse=0.8504, train_feature_mse=0.0013, train_acc=0.7980, alpha=0.100, val_acc=0.7679, val_macro_f1=0.5813, val_weighted_f1=0.7487, lr=0.000768, epoch_time=17.93s
  -> New best KD student saved to /users/40370279/csc4006/code/experiments/2__temperature_sweep/checkpoints/student_T16_seed999.pt
[Epoch 010] train_loss=0.4814, train_hard=0.6195, train_soft=0.4382, train_logit_mse=0.8316, train_feature_mse=0.0012, train_acc=0.7932, alpha=0.100, val_acc=0.7587, val_macro_f1=0.5592, val_weighted_f1=0.7344, lr=0.000761, epoch_time=17.94s
[Epoch 011] train_loss=0.4698, train_hard=0.6122, train_soft=0.4269, train_logit_mse=0.8108, train_feature_mse=0.0011, train_acc=0.8005, alpha=0.100, val_acc=0.7685, val_macro_f1=0.5771, val_weighted_f1=0.7459, lr=0.000753, epoch_time=18.11s
[Epoch 012] train_loss=0.4614, train_hard=0.6092, train_soft=0.4185, train_logit_mse=0.7948, train_feature_mse=0.0011, train_acc=0.7972, alpha=0.100, val_acc=0.7630, val_macro_f1=0.5788, val_weighted_f1=0.7453, lr=0.000744, epoch_time=17.90s
[Epoch 013] train_loss=0.4524, train_hard=0.6046, train_soft=0.4095, train_logit_mse=0.7778, train_feature_mse=0.0010, train_acc=0.8010, alpha=0.100, val_acc=0.7648, val_macro_f1=0.5734, val_weighted_f1=0.7430, lr=0.000735, epoch_time=18.06s
[Epoch 014] train_loss=0.4404, train_hard=0.5989, train_soft=0.3975, train_logit_mse=0.7552, train_feature_mse=0.0010, train_acc=0.8003, alpha=0.100, val_acc=0.7666, val_macro_f1=0.5937, val_weighted_f1=0.7528, lr=0.000725, epoch_time=17.99s
  -> New best KD student saved to /users/40370279/csc4006/code/experiments/2__temperature_sweep/checkpoints/student_T16_seed999.pt
[Epoch 015] train_loss=0.4308, train_hard=0.5921, train_soft=0.3883, train_logit_mse=0.7379, train_feature_mse=0.0009, train_acc=0.8019, alpha=0.100, val_acc=0.7605, val_macro_f1=0.5716, val_weighted_f1=0.7373, lr=0.000714, epoch_time=17.98s
[Epoch 016] train_loss=0.4251, train_hard=0.5856, train_soft=0.3830, train_logit_mse=0.7279, train_feature_mse=0.0009, train_acc=0.8039, alpha=0.100, val_acc=0.7691, val_macro_f1=0.5922, val_weighted_f1=0.7501, lr=0.000702, epoch_time=18.05s
[Epoch 017] train_loss=0.4205, train_hard=0.5869, train_soft=0.3781, train_logit_mse=0.7187, train_feature_mse=0.0009, train_acc=0.8064, alpha=0.100, val_acc=0.7660, val_macro_f1=0.5891, val_weighted_f1=0.7445, lr=0.000691, epoch_time=18.16s
[Epoch 018] train_loss=0.4157, train_hard=0.5837, train_soft=0.3733, train_logit_mse=0.7098, train_feature_mse=0.0009, train_acc=0.8063, alpha=0.100, val_acc=0.7642, val_macro_f1=0.6055, val_weighted_f1=0.7523, lr=0.000678, epoch_time=18.01s
  -> New best KD student saved to /users/40370279/csc4006/code/experiments/2__temperature_sweep/checkpoints/student_T16_seed999.pt
[Epoch 019] train_loss=0.4081, train_hard=0.5774, train_soft=0.3661, train_logit_mse=0.6960, train_feature_mse=0.0009, train_acc=0.8113, alpha=0.100, val_acc=0.7575, val_macro_f1=0.5776, val_weighted_f1=0.7366, lr=0.000665, epoch_time=18.09s
[Epoch 020] train_loss=0.4044, train_hard=0.5786, train_soft=0.3621, train_logit_mse=0.6886, train_feature_mse=0.0009, train_acc=0.8081, alpha=0.100, val_acc=0.7599, val_macro_f1=0.6388, val_weighted_f1=0.7597, lr=0.000651, epoch_time=17.95s
  -> New best KD student saved to /users/40370279/csc4006/code/experiments/2__temperature_sweep/checkpoints/student_T16_seed999.pt
[Epoch 021] train_loss=0.4003, train_hard=0.5803, train_soft=0.3576, train_logit_mse=0.6799, train_feature_mse=0.0008, train_acc=0.8092, alpha=0.100, val_acc=0.7660, val_macro_f1=0.5963, val_weighted_f1=0.7524, lr=0.000637, epoch_time=17.93s
[Epoch 022] train_loss=0.3980, train_hard=0.5774, train_soft=0.3555, train_logit_mse=0.6762, train_feature_mse=0.0008, train_acc=0.8107, alpha=0.100, val_acc=0.7593, val_macro_f1=0.5842, val_weighted_f1=0.7395, lr=0.000623, epoch_time=18.01s
[Epoch 023] train_loss=0.3888, train_hard=0.5681, train_soft=0.3468, train_logit_mse=0.6600, train_feature_mse=0.0008, train_acc=0.8094, alpha=0.100, val_acc=0.7630, val_macro_f1=0.6132, val_weighted_f1=0.7540, lr=0.000608, epoch_time=18.21s
[Epoch 024] train_loss=0.3858, train_hard=0.5650, train_soft=0.3440, train_logit_mse=0.6546, train_feature_mse=0.0008, train_acc=0.8122, alpha=0.100, val_acc=0.7636, val_macro_f1=0.6048, val_weighted_f1=0.7519, lr=0.000592, epoch_time=17.99s
[Epoch 025] train_loss=0.3816, train_hard=0.5614, train_soft=0.3400, train_logit_mse=0.6466, train_feature_mse=0.0008, train_acc=0.8128, alpha=0.100, val_acc=0.7666, val_macro_f1=0.6383, val_weighted_f1=0.7602, lr=0.000576, epoch_time=18.03s
[Epoch 026] train_loss=0.3825, train_hard=0.5663, train_soft=0.3405, train_logit_mse=0.6479, train_feature_mse=0.0008, train_acc=0.8108, alpha=0.100, val_acc=0.7660, val_macro_f1=0.6003, val_weighted_f1=0.7507, lr=0.000560, epoch_time=18.06s
[Epoch 027] train_loss=0.3744, train_hard=0.5596, train_soft=0.3327, train_logit_mse=0.6334, train_feature_mse=0.0007, train_acc=0.8129, alpha=0.100, val_acc=0.7666, val_macro_f1=0.5978, val_weighted_f1=0.7505, lr=0.000544, epoch_time=18.12s
[Epoch 028] train_loss=0.3681, train_hard=0.5586, train_soft=0.3262, train_logit_mse=0.6204, train_feature_mse=0.0007, train_acc=0.8159, alpha=0.100, val_acc=0.7593, val_macro_f1=0.5821, val_weighted_f1=0.7389, lr=0.000527, epoch_time=18.17s
[Epoch 029] train_loss=0.3619, train_hard=0.5514, train_soft=0.3204, train_logit_mse=0.6104, train_feature_mse=0.0007, train_acc=0.8176, alpha=0.100, val_acc=0.7660, val_macro_f1=0.6263, val_weighted_f1=0.7595, lr=0.000510, epoch_time=18.01s
[Epoch 030] train_loss=0.3646, train_hard=0.5558, train_soft=0.3229, train_logit_mse=0.6144, train_feature_mse=0.0007, train_acc=0.8149, alpha=0.100, val_acc=0.7734, val_macro_f1=0.6398, val_weighted_f1=0.7657, lr=0.000493, epoch_time=17.97s
  -> New best KD student saved to /users/40370279/csc4006/code/experiments/2__temperature_sweep/checkpoints/student_T16_seed999.pt
[Epoch 031] train_loss=0.3619, train_hard=0.5550, train_soft=0.3201, train_logit_mse=0.6093, train_feature_mse=0.0007, train_acc=0.8126, alpha=0.100, val_acc=0.7611, val_macro_f1=0.6132, val_weighted_f1=0.7480, lr=0.000476, epoch_time=18.13s
[Epoch 032] train_loss=0.3567, train_hard=0.5490, train_soft=0.3153, train_logit_mse=0.6006, train_feature_mse=0.0007, train_acc=0.8182, alpha=0.100, val_acc=0.7593, val_macro_f1=0.5909, val_weighted_f1=0.7428, lr=0.000458, epoch_time=18.07s
[Epoch 033] train_loss=0.3533, train_hard=0.5476, train_soft=0.3119, train_logit_mse=0.5939, train_feature_mse=0.0007, train_acc=0.8183, alpha=0.100, val_acc=0.7642, val_macro_f1=0.6003, val_weighted_f1=0.7487, lr=0.000440, epoch_time=17.89s
[Epoch 034] train_loss=0.3509, train_hard=0.5445, train_soft=0.3097, train_logit_mse=0.5895, train_feature_mse=0.0007, train_acc=0.8165, alpha=0.100, val_acc=0.7691, val_macro_f1=0.6267, val_weighted_f1=0.7590, lr=0.000423, epoch_time=17.95s
[Epoch 035] train_loss=0.3499, train_hard=0.5458, train_soft=0.3085, train_logit_mse=0.5873, train_feature_mse=0.0007, train_acc=0.8177, alpha=0.100, val_acc=0.7715, val_macro_f1=0.6300, val_weighted_f1=0.7627, lr=0.000405, epoch_time=17.89s
[Epoch 036] train_loss=0.3463, train_hard=0.5410, train_soft=0.3052, train_logit_mse=0.5819, train_feature_mse=0.0007, train_acc=0.8175, alpha=0.100, val_acc=0.7691, val_macro_f1=0.6206, val_weighted_f1=0.7571, lr=0.000387, epoch_time=18.08s
[Epoch 037] train_loss=0.3448, train_hard=0.5432, train_soft=0.3035, train_logit_mse=0.5781, train_feature_mse=0.0007, train_acc=0.8176, alpha=0.100, val_acc=0.7740, val_macro_f1=0.6189, val_weighted_f1=0.7631, lr=0.000370, epoch_time=18.13s
[Epoch 038] train_loss=0.3456, train_hard=0.5409, train_soft=0.3045, train_logit_mse=0.5802, train_feature_mse=0.0007, train_acc=0.8222, alpha=0.100, val_acc=0.7709, val_macro_f1=0.6142, val_weighted_f1=0.7569, lr=0.000352, epoch_time=18.03s
[Epoch 039] train_loss=0.3430, train_hard=0.5351, train_soft=0.3024, train_logit_mse=0.5758, train_feature_mse=0.0007, train_acc=0.8231, alpha=0.100, val_acc=0.7660, val_macro_f1=0.6174, val_weighted_f1=0.7547, lr=0.000334, epoch_time=18.10s
[Epoch 040] train_loss=0.3433, train_hard=0.5403, train_soft=0.3022, train_logit_mse=0.5756, train_feature_mse=0.0007, train_acc=0.8187, alpha=0.100, val_acc=0.7648, val_macro_f1=0.6185, val_weighted_f1=0.7525, lr=0.000317, epoch_time=18.08s
[Epoch 041] train_loss=0.3370, train_hard=0.5358, train_soft=0.2961, train_logit_mse=0.5646, train_feature_mse=0.0006, train_acc=0.8210, alpha=0.100, val_acc=0.7795, val_macro_f1=0.6341, val_weighted_f1=0.7672, lr=0.000300, epoch_time=18.06s
[Epoch 042] train_loss=0.3420, train_hard=0.5395, train_soft=0.3010, train_logit_mse=0.5735, train_feature_mse=0.0006, train_acc=0.8182, alpha=0.100, val_acc=0.7679, val_macro_f1=0.6383, val_weighted_f1=0.7613, lr=0.000283, epoch_time=18.02s
[Epoch 043] train_loss=0.3368, train_hard=0.5325, train_soft=0.2963, train_logit_mse=0.5646, train_feature_mse=0.0006, train_acc=0.8235, alpha=0.100, val_acc=0.7673, val_macro_f1=0.6278, val_weighted_f1=0.7573, lr=0.000266, epoch_time=18.02s
[Epoch 044] train_loss=0.3340, train_hard=0.5318, train_soft=0.2933, train_logit_mse=0.5593, train_feature_mse=0.0006, train_acc=0.8229, alpha=0.100, val_acc=0.7611, val_macro_f1=0.6215, val_weighted_f1=0.7527, lr=0.000250, epoch_time=18.07s
[Epoch 045] train_loss=0.3333, train_hard=0.5340, train_soft=0.2924, train_logit_mse=0.5575, train_feature_mse=0.0006, train_acc=0.8213, alpha=0.100, val_acc=0.7697, val_macro_f1=0.6293, val_weighted_f1=0.7606, lr=0.000234, epoch_time=18.01s
Early stopping triggered.
Loaded best KD student checkpoint for final test evaluation.
Best validation macro-F1: 0.6398
Best epoch: 30
Time to best model: 543.08 seconds
Checkpoint size (MB): 0.174
Student size: medium
Teacher used: checkpoints/teacher/teacher_cnn_seed999.pt
Teacher arch: TeacherCNN
Teacher size: large
Checkpoint seed: 999
Test accuracy (KD student): 0.7788
Test macro-F1 (KD student): 0.6217
Test weighted-F1 (KD student): 0.7699
Test classification report:
              precision    recall  f1-score   support

           0       0.77      0.70      0.74       184
           1       0.18      0.11      0.13        56
           2       0.78      0.62      0.69       256
           3       0.82      0.91      0.86       912
           4       0.70      0.68      0.69       242

    accuracy                           0.78      1650
   macro avg       0.65      0.60      0.62      1650
weighted avg       0.77      0.78      0.77      1650

Test confusion matrix:
[[129   2   6  41   6]
 [  2   6   3  37   8]
 [  8   0 158  63  27]
 [ 23  12  21 828  28]
 [  5  13  15  45 164]]
Inference latency: 1.7889 ms/sample
