Using device: cuda
Seed: 42
Deterministic mode: True
Deterministic warn_only: True
KD hyperparameters: alpha_start=0.100, alpha_end=0.100, temperature=1.00, logit_mse_weight=0.030, feature_mse_weight=0.030, class_weight_gamma=0.00, sampler_power=0.35, label_smoothing=0.000, student_size=medium
Training: batch_size=64, lr=0.0008, epochs=70, patience=15, weight_decay=0.002, grad_clip=1.0, num_workers=2, disable_augmentation=False, use_weighted_sampler=False
Teacher checkpoint path: checkpoints/teacher/teacher_cnn_seed42.pt
Student checkpoint path: /users/40370279/csc4006/code/experiments/2__temperature_sweep/checkpoints/student_T1_seed42.pt
Training set size: 12957
Validation set size: 1637
Test set size: 1650
Number of leads: 12 classes: 5
Classes: ['CD' 'HYP' 'MI' 'NORM' 'STTC']
Trainable parameters (student): 12809
Total parameters (student): 12809
Estimated model size (MB): 0.051
Teacher pooled dim: 896
Student pooled dim: 28
Class weights: [1. 1. 1. 1. 1.]
Training sampler: standard shuffled loader
[Epoch 001] train_loss=0.7094, train_hard=1.1175, train_soft=0.5990, train_logit_mse=1.9232, train_feature_mse=0.0313, train_acc=0.5969, alpha=0.100, val_acc=0.7001, val_macro_f1=0.4621, val_weighted_f1=0.6577, lr=0.000800, epoch_time=19.26s
  -> New best KD student saved to /users/40370279/csc4006/code/experiments/2__temperature_sweep/checkpoints/student_T1_seed42.pt
[Epoch 002] train_loss=0.4344, train_hard=0.8355, train_soft=0.3497, train_logit_mse=1.1862, train_feature_mse=0.0199, train_acc=0.7309, alpha=0.100, val_acc=0.7367, val_macro_f1=0.5152, val_weighted_f1=0.7014, lr=0.000798, epoch_time=18.00s
  -> New best KD student saved to /users/40370279/csc4006/code/experiments/2__temperature_sweep/checkpoints/student_T1_seed42.pt
[Epoch 003] train_loss=0.3440, train_hard=0.7529, train_soft=0.2672, train_logit_mse=0.9269, train_feature_mse=0.0125, train_acc=0.7602, alpha=0.100, val_acc=0.7428, val_macro_f1=0.5379, val_weighted_f1=0.7194, lr=0.000796, epoch_time=18.00s
  -> New best KD student saved to /users/40370279/csc4006/code/experiments/2__temperature_sweep/checkpoints/student_T1_seed42.pt
[Epoch 004] train_loss=0.3034, train_hard=0.7151, train_soft=0.2307, train_logit_mse=0.8004, train_feature_mse=0.0071, train_acc=0.7689, alpha=0.100, val_acc=0.7416, val_macro_f1=0.5383, val_weighted_f1=0.7193, lr=0.000794, epoch_time=18.04s
  -> New best KD student saved to /users/40370279/csc4006/code/experiments/2__temperature_sweep/checkpoints/student_T1_seed42.pt
[Epoch 005] train_loss=0.2788, train_hard=0.6934, train_soft=0.2081, train_logit_mse=0.7354, train_feature_mse=0.0045, train_acc=0.7747, alpha=0.100, val_acc=0.7489, val_macro_f1=0.5464, val_weighted_f1=0.7220, lr=0.000790, epoch_time=18.03s
  -> New best KD student saved to /users/40370279/csc4006/code/experiments/2__temperature_sweep/checkpoints/student_T1_seed42.pt
[Epoch 006] train_loss=0.2617, train_hard=0.6789, train_soft=0.1923, train_logit_mse=0.6876, train_feature_mse=0.0029, train_acc=0.7817, alpha=0.100, val_acc=0.7477, val_macro_f1=0.5413, val_weighted_f1=0.7190, lr=0.000786, epoch_time=18.05s
[Epoch 007] train_loss=0.2449, train_hard=0.6611, train_soft=0.1771, train_logit_mse=0.6456, train_feature_mse=0.0019, train_acc=0.7834, alpha=0.100, val_acc=0.7495, val_macro_f1=0.5764, val_weighted_f1=0.7355, lr=0.000781, epoch_time=17.99s
  -> New best KD student saved to /users/40370279/csc4006/code/experiments/2__temperature_sweep/checkpoints/student_T1_seed42.pt
[Epoch 008] train_loss=0.2375, train_hard=0.6526, train_soft=0.1704, train_logit_mse=0.6267, train_feature_mse=0.0014, train_acc=0.7858, alpha=0.100, val_acc=0.7520, val_macro_f1=0.5526, val_weighted_f1=0.7236, lr=0.000775, epoch_time=18.17s
[Epoch 009] train_loss=0.2257, train_hard=0.6400, train_soft=0.1597, train_logit_mse=0.5963, train_feature_mse=0.0012, train_acc=0.7871, alpha=0.100, val_acc=0.7642, val_macro_f1=0.5865, val_weighted_f1=0.7470, lr=0.000768, epoch_time=18.01s
  -> New best KD student saved to /users/40370279/csc4006/code/experiments/2__temperature_sweep/checkpoints/student_T1_seed42.pt
[Epoch 010] train_loss=0.2169, train_hard=0.6314, train_soft=0.1517, train_logit_mse=0.5748, train_feature_mse=0.0011, train_acc=0.7932, alpha=0.100, val_acc=0.7673, val_macro_f1=0.5982, val_weighted_f1=0.7538, lr=0.000761, epoch_time=17.98s
  -> New best KD student saved to /users/40370279/csc4006/code/experiments/2__temperature_sweep/checkpoints/student_T1_seed42.pt
[Epoch 011] train_loss=0.2108, train_hard=0.6275, train_soft=0.1457, train_logit_mse=0.5619, train_feature_mse=0.0011, train_acc=0.7942, alpha=0.100, val_acc=0.7599, val_macro_f1=0.5945, val_weighted_f1=0.7462, lr=0.000753, epoch_time=18.05s
[Epoch 012] train_loss=0.2058, train_hard=0.6200, train_soft=0.1415, train_logit_mse=0.5461, train_feature_mse=0.0010, train_acc=0.7976, alpha=0.100, val_acc=0.7569, val_macro_f1=0.6151, val_weighted_f1=0.7519, lr=0.000744, epoch_time=17.93s
  -> New best KD student saved to /users/40370279/csc4006/code/experiments/2__temperature_sweep/checkpoints/student_T1_seed42.pt
[Epoch 013] train_loss=0.2011, train_hard=0.6167, train_soft=0.1373, train_logit_mse=0.5283, train_feature_mse=0.0009, train_acc=0.7967, alpha=0.100, val_acc=0.7630, val_macro_f1=0.5890, val_weighted_f1=0.7476, lr=0.000735, epoch_time=18.06s
[Epoch 014] train_loss=0.1966, train_hard=0.6107, train_soft=0.1332, train_logit_mse=0.5197, train_feature_mse=0.0009, train_acc=0.8002, alpha=0.100, val_acc=0.7495, val_macro_f1=0.5708, val_weighted_f1=0.7309, lr=0.000725, epoch_time=18.02s
[Epoch 015] train_loss=0.1951, train_hard=0.6108, train_soft=0.1317, train_logit_mse=0.5153, train_feature_mse=0.0009, train_acc=0.7986, alpha=0.100, val_acc=0.7611, val_macro_f1=0.6006, val_weighted_f1=0.7452, lr=0.000714, epoch_time=18.01s
[Epoch 016] train_loss=0.1882, train_hard=0.6010, train_soft=0.1254, train_logit_mse=0.5053, train_feature_mse=0.0008, train_acc=0.8044, alpha=0.100, val_acc=0.7575, val_macro_f1=0.5794, val_weighted_f1=0.7394, lr=0.000702, epoch_time=17.90s
[Epoch 017] train_loss=0.1876, train_hard=0.6033, train_soft=0.1250, train_logit_mse=0.4930, train_feature_mse=0.0008, train_acc=0.8011, alpha=0.100, val_acc=0.7557, val_macro_f1=0.6072, val_weighted_f1=0.7432, lr=0.000691, epoch_time=17.94s
[Epoch 018] train_loss=0.1835, train_hard=0.5976, train_soft=0.1212, train_logit_mse=0.4888, train_feature_mse=0.0008, train_acc=0.8033, alpha=0.100, val_acc=0.7532, val_macro_f1=0.5829, val_weighted_f1=0.7335, lr=0.000678, epoch_time=18.00s
[Epoch 019] train_loss=0.1807, train_hard=0.5959, train_soft=0.1186, train_logit_mse=0.4787, train_feature_mse=0.0007, train_acc=0.8044, alpha=0.100, val_acc=0.7587, val_macro_f1=0.6089, val_weighted_f1=0.7459, lr=0.000665, epoch_time=17.89s
[Epoch 020] train_loss=0.1776, train_hard=0.5913, train_soft=0.1159, train_logit_mse=0.4726, train_feature_mse=0.0007, train_acc=0.8063, alpha=0.100, val_acc=0.7679, val_macro_f1=0.6280, val_weighted_f1=0.7567, lr=0.000651, epoch_time=18.12s
  -> New best KD student saved to /users/40370279/csc4006/code/experiments/2__temperature_sweep/checkpoints/student_T1_seed42.pt
[Epoch 021] train_loss=0.1748, train_hard=0.5858, train_soft=0.1137, train_logit_mse=0.4649, train_feature_mse=0.0007, train_acc=0.8067, alpha=0.100, val_acc=0.7660, val_macro_f1=0.6129, val_weighted_f1=0.7506, lr=0.000637, epoch_time=17.97s
[Epoch 022] train_loss=0.1700, train_hard=0.5797, train_soft=0.1092, train_logit_mse=0.4584, train_feature_mse=0.0007, train_acc=0.8098, alpha=0.100, val_acc=0.7721, val_macro_f1=0.6158, val_weighted_f1=0.7580, lr=0.000623, epoch_time=18.02s
[Epoch 023] train_loss=0.1683, train_hard=0.5809, train_soft=0.1075, train_logit_mse=0.4502, train_feature_mse=0.0007, train_acc=0.8101, alpha=0.100, val_acc=0.7673, val_macro_f1=0.6133, val_weighted_f1=0.7549, lr=0.000608, epoch_time=18.11s
[Epoch 024] train_loss=0.1669, train_hard=0.5818, train_soft=0.1058, train_logit_mse=0.4481, train_feature_mse=0.0007, train_acc=0.8090, alpha=0.100, val_acc=0.7721, val_macro_f1=0.6247, val_weighted_f1=0.7599, lr=0.000592, epoch_time=17.94s
[Epoch 025] train_loss=0.1666, train_hard=0.5769, train_soft=0.1060, train_logit_mse=0.4503, train_feature_mse=0.0007, train_acc=0.8141, alpha=0.100, val_acc=0.7660, val_macro_f1=0.6256, val_weighted_f1=0.7584, lr=0.000576, epoch_time=17.99s
[Epoch 026] train_loss=0.1595, train_hard=0.5680, train_soft=0.0996, train_logit_mse=0.4356, train_feature_mse=0.0006, train_acc=0.8165, alpha=0.100, val_acc=0.7715, val_macro_f1=0.6319, val_weighted_f1=0.7627, lr=0.000560, epoch_time=18.06s
  -> New best KD student saved to /users/40370279/csc4006/code/experiments/2__temperature_sweep/checkpoints/student_T1_seed42.pt
[Epoch 027] train_loss=0.1629, train_hard=0.5734, train_soft=0.1027, train_logit_mse=0.4387, train_feature_mse=0.0006, train_acc=0.8139, alpha=0.100, val_acc=0.7764, val_macro_f1=0.6405, val_weighted_f1=0.7684, lr=0.000544, epoch_time=18.03s
  -> New best KD student saved to /users/40370279/csc4006/code/experiments/2__temperature_sweep/checkpoints/student_T1_seed42.pt
[Epoch 028] train_loss=0.1598, train_hard=0.5712, train_soft=0.0999, train_logit_mse=0.4258, train_feature_mse=0.0006, train_acc=0.8112, alpha=0.100, val_acc=0.7679, val_macro_f1=0.6198, val_weighted_f1=0.7563, lr=0.000527, epoch_time=18.01s
[Epoch 029] train_loss=0.1593, train_hard=0.5704, train_soft=0.0993, train_logit_mse=0.4302, train_feature_mse=0.0006, train_acc=0.8112, alpha=0.100, val_acc=0.7477, val_macro_f1=0.6184, val_weighted_f1=0.7412, lr=0.000510, epoch_time=18.09s
[Epoch 030] train_loss=0.1598, train_hard=0.5701, train_soft=0.0999, train_logit_mse=0.4289, train_feature_mse=0.0006, train_acc=0.8149, alpha=0.100, val_acc=0.7526, val_macro_f1=0.6136, val_weighted_f1=0.7433, lr=0.000493, epoch_time=18.06s
[Epoch 031] train_loss=0.1565, train_hard=0.5674, train_soft=0.0968, train_logit_mse=0.4189, train_feature_mse=0.0006, train_acc=0.8155, alpha=0.100, val_acc=0.7709, val_macro_f1=0.6295, val_weighted_f1=0.7601, lr=0.000476, epoch_time=18.06s
[Epoch 032] train_loss=0.1542, train_hard=0.5621, train_soft=0.0949, train_logit_mse=0.4178, train_feature_mse=0.0006, train_acc=0.8160, alpha=0.100, val_acc=0.7611, val_macro_f1=0.6182, val_weighted_f1=0.7488, lr=0.000458, epoch_time=18.05s
[Epoch 033] train_loss=0.1526, train_hard=0.5615, train_soft=0.0935, train_logit_mse=0.4119, train_feature_mse=0.0006, train_acc=0.8164, alpha=0.100, val_acc=0.7685, val_macro_f1=0.6369, val_weighted_f1=0.7625, lr=0.000440, epoch_time=18.01s
[Epoch 034] train_loss=0.1518, train_hard=0.5580, train_soft=0.0930, train_logit_mse=0.4091, train_feature_mse=0.0006, train_acc=0.8169, alpha=0.100, val_acc=0.7734, val_macro_f1=0.6341, val_weighted_f1=0.7645, lr=0.000423, epoch_time=18.12s
[Epoch 035] train_loss=0.1526, train_hard=0.5571, train_soft=0.0939, train_logit_mse=0.4131, train_feature_mse=0.0006, train_acc=0.8145, alpha=0.100, val_acc=0.7734, val_macro_f1=0.6381, val_weighted_f1=0.7661, lr=0.000405, epoch_time=18.13s
[Epoch 036] train_loss=0.1511, train_hard=0.5579, train_soft=0.0924, train_logit_mse=0.4063, train_feature_mse=0.0006, train_acc=0.8161, alpha=0.100, val_acc=0.7618, val_macro_f1=0.6082, val_weighted_f1=0.7451, lr=0.000387, epoch_time=17.92s
[Epoch 037] train_loss=0.1480, train_hard=0.5543, train_soft=0.0894, train_logit_mse=0.4043, train_feature_mse=0.0006, train_acc=0.8164, alpha=0.100, val_acc=0.7563, val_macro_f1=0.6152, val_weighted_f1=0.7455, lr=0.000370, epoch_time=18.13s
[Epoch 038] train_loss=0.1479, train_hard=0.5547, train_soft=0.0892, train_logit_mse=0.4033, train_feature_mse=0.0006, train_acc=0.8177, alpha=0.100, val_acc=0.7697, val_macro_f1=0.6196, val_weighted_f1=0.7562, lr=0.000352, epoch_time=17.92s
[Epoch 039] train_loss=0.1450, train_hard=0.5525, train_soft=0.0864, train_logit_mse=0.3985, train_feature_mse=0.0005, train_acc=0.8204, alpha=0.100, val_acc=0.7618, val_macro_f1=0.6345, val_weighted_f1=0.7584, lr=0.000334, epoch_time=17.97s
[Epoch 040] train_loss=0.1466, train_hard=0.5531, train_soft=0.0882, train_logit_mse=0.3964, train_feature_mse=0.0005, train_acc=0.8222, alpha=0.100, val_acc=0.7715, val_macro_f1=0.6386, val_weighted_f1=0.7635, lr=0.000317, epoch_time=17.95s
[Epoch 041] train_loss=0.1440, train_hard=0.5528, train_soft=0.0855, train_logit_mse=0.3894, train_feature_mse=0.0005, train_acc=0.8233, alpha=0.100, val_acc=0.7642, val_macro_f1=0.6282, val_weighted_f1=0.7531, lr=0.000300, epoch_time=18.06s
[Epoch 042] train_loss=0.1426, train_hard=0.5478, train_soft=0.0846, train_logit_mse=0.3898, train_feature_mse=0.0005, train_acc=0.8244, alpha=0.100, val_acc=0.7709, val_macro_f1=0.6263, val_weighted_f1=0.7588, lr=0.000283, epoch_time=18.01s
Early stopping triggered.
Loaded best KD student checkpoint for final test evaluation.
Best validation macro-F1: 0.6405
Best epoch: 27
Time to best model: 491.27 seconds
Checkpoint size (MB): 0.174
Student size: medium
Teacher used: checkpoints/teacher/teacher_cnn_seed42.pt
Teacher arch: TeacherCNN
Teacher size: large
Checkpoint seed: 42
Test accuracy (KD student): 0.7776
Test macro-F1 (KD student): 0.6374
Test weighted-F1 (KD student): 0.7690
Test classification report:
              precision    recall  f1-score   support

           0       0.82      0.67      0.74       184
           1       0.27      0.21      0.24        56
           2       0.76      0.58      0.66       256
           3       0.80      0.92      0.86       912
           4       0.74      0.65      0.69       242

    accuracy                           0.78      1650
   macro avg       0.68      0.61      0.64      1650
weighted avg       0.77      0.78      0.77      1650

Test confusion matrix:
[[123   5   8  44   4]
 [  1  12   3  35   5]
 [ 10   1 149  73  23]
 [ 12  14  21 841  24]
 [  4  12  16  52 158]]
Inference latency: 1.8067 ms/sample
