Using device: cuda
Seed: 999
Deterministic mode: True
Deterministic warn_only: True
KD hyperparameters: alpha_start=0.100, alpha_end=0.100, temperature=2.00, logit_mse_weight=0.030, feature_mse_weight=0.030, class_weight_gamma=0.00, sampler_power=0.35, label_smoothing=0.000, student_size=medium
Training: batch_size=64, lr=0.0008, epochs=70, patience=15, weight_decay=0.002, grad_clip=1.0, num_workers=2, disable_augmentation=False, use_weighted_sampler=False
Teacher checkpoint path: checkpoints/teacher/teacher_cnn_seed999.pt
Student checkpoint path: /users/40370279/csc4006/code/experiments/2__temperature_sweep/checkpoints/student_T2_seed999.pt
Training set size: 12957
Validation set size: 1637
Test set size: 1650
Number of leads: 12 classes: 5
Classes: ['CD' 'HYP' 'MI' 'NORM' 'STTC']
Trainable parameters (student): 12809
Total parameters (student): 12809
Estimated model size (MB): 0.051
Teacher pooled dim: 896
Student pooled dim: 28
Class weights: [1. 1. 1. 1. 1.]
Training sampler: standard shuffled loader
[Epoch 001] train_loss=1.3507, train_hard=1.0842, train_soft=1.2999, train_logit_mse=2.3799, train_feature_mse=0.0320, train_acc=0.6047, alpha=0.100, val_acc=0.6811, val_macro_f1=0.4209, val_weighted_f1=0.6370, lr=0.000800, epoch_time=18.90s
  -> New best KD student saved to /users/40370279/csc4006/code/experiments/2__temperature_sweep/checkpoints/student_T2_seed999.pt
[Epoch 002] train_loss=0.9469, train_hard=0.8481, train_soft=0.8983, train_logit_mse=1.7658, train_feature_mse=0.0207, train_acc=0.7065, alpha=0.100, val_acc=0.7111, val_macro_f1=0.4772, val_weighted_f1=0.6751, lr=0.000798, epoch_time=18.00s
  -> New best KD student saved to /users/40370279/csc4006/code/experiments/2__temperature_sweep/checkpoints/student_T2_seed999.pt
[Epoch 003] train_loss=0.7496, train_hard=0.7479, train_soft=0.7017, train_logit_mse=1.4255, train_feature_mse=0.0153, train_acc=0.7559, alpha=0.100, val_acc=0.7434, val_macro_f1=0.5371, val_weighted_f1=0.7191, lr=0.000796, epoch_time=17.75s
  -> New best KD student saved to /users/40370279/csc4006/code/experiments/2__temperature_sweep/checkpoints/student_T2_seed999.pt
[Epoch 004] train_loss=0.6576, train_hard=0.7054, train_soft=0.6109, train_logit_mse=1.2323, train_feature_mse=0.0081, train_acc=0.7673, alpha=0.100, val_acc=0.7459, val_macro_f1=0.5398, val_weighted_f1=0.7189, lr=0.000794, epoch_time=17.84s
  -> New best KD student saved to /users/40370279/csc4006/code/experiments/2__temperature_sweep/checkpoints/student_T2_seed999.pt
[Epoch 005] train_loss=0.6059, train_hard=0.6813, train_soft=0.5597, train_logit_mse=1.1292, train_feature_mse=0.0046, train_acc=0.7779, alpha=0.100, val_acc=0.7495, val_macro_f1=0.5492, val_weighted_f1=0.7275, lr=0.000790, epoch_time=17.89s
  -> New best KD student saved to /users/40370279/csc4006/code/experiments/2__temperature_sweep/checkpoints/student_T2_seed999.pt
[Epoch 006] train_loss=0.5699, train_hard=0.6678, train_soft=0.5236, train_logit_mse=1.0601, train_feature_mse=0.0028, train_acc=0.7787, alpha=0.100, val_acc=0.7575, val_macro_f1=0.5538, val_weighted_f1=0.7315, lr=0.000786, epoch_time=17.62s
  -> New best KD student saved to /users/40370279/csc4006/code/experiments/2__temperature_sweep/checkpoints/student_T2_seed999.pt
[Epoch 007] train_loss=0.5479, train_hard=0.6564, train_soft=0.5018, train_logit_mse=1.0176, train_feature_mse=0.0018, train_acc=0.7821, alpha=0.100, val_acc=0.7654, val_macro_f1=0.5748, val_weighted_f1=0.7418, lr=0.000781, epoch_time=17.81s
  -> New best KD student saved to /users/40370279/csc4006/code/experiments/2__temperature_sweep/checkpoints/student_T2_seed999.pt
[Epoch 008] train_loss=0.5193, train_hard=0.6380, train_soft=0.4739, train_logit_mse=0.9624, train_feature_mse=0.0014, train_acc=0.7890, alpha=0.100, val_acc=0.7483, val_macro_f1=0.5627, val_weighted_f1=0.7279, lr=0.000775, epoch_time=18.03s
[Epoch 009] train_loss=0.4937, train_hard=0.6244, train_soft=0.4486, train_logit_mse=0.9182, train_feature_mse=0.0013, train_acc=0.7946, alpha=0.100, val_acc=0.7538, val_macro_f1=0.5785, val_weighted_f1=0.7371, lr=0.000768, epoch_time=17.78s
  -> New best KD student saved to /users/40370279/csc4006/code/experiments/2__temperature_sweep/checkpoints/student_T2_seed999.pt
[Epoch 010] train_loss=0.4844, train_hard=0.6228, train_soft=0.4389, train_logit_mse=0.9025, train_feature_mse=0.0012, train_acc=0.7905, alpha=0.100, val_acc=0.7569, val_macro_f1=0.5795, val_weighted_f1=0.7404, lr=0.000761, epoch_time=17.75s
  -> New best KD student saved to /users/40370279/csc4006/code/experiments/2__temperature_sweep/checkpoints/student_T2_seed999.pt
[Epoch 011] train_loss=0.4746, train_hard=0.6185, train_soft=0.4292, train_logit_mse=0.8833, train_feature_mse=0.0012, train_acc=0.7981, alpha=0.100, val_acc=0.7440, val_macro_f1=0.5638, val_weighted_f1=0.7228, lr=0.000753, epoch_time=17.83s
[Epoch 012] train_loss=0.4641, train_hard=0.6101, train_soft=0.4189, train_logit_mse=0.8671, train_feature_mse=0.0011, train_acc=0.7979, alpha=0.100, val_acc=0.7581, val_macro_f1=0.6029, val_weighted_f1=0.7497, lr=0.000744, epoch_time=17.85s
  -> New best KD student saved to /users/40370279/csc4006/code/experiments/2__temperature_sweep/checkpoints/student_T2_seed999.pt
[Epoch 013] train_loss=0.4554, train_hard=0.6053, train_soft=0.4104, train_logit_mse=0.8492, train_feature_mse=0.0011, train_acc=0.7990, alpha=0.100, val_acc=0.7611, val_macro_f1=0.5963, val_weighted_f1=0.7487, lr=0.000735, epoch_time=17.89s
[Epoch 014] train_loss=0.4440, train_hard=0.6019, train_soft=0.3990, train_logit_mse=0.8240, train_feature_mse=0.0010, train_acc=0.8000, alpha=0.100, val_acc=0.7575, val_macro_f1=0.6028, val_weighted_f1=0.7472, lr=0.000725, epoch_time=17.80s
[Epoch 015] train_loss=0.4356, train_hard=0.5965, train_soft=0.3905, train_logit_mse=0.8167, train_feature_mse=0.0010, train_acc=0.8006, alpha=0.100, val_acc=0.7605, val_macro_f1=0.5868, val_weighted_f1=0.7413, lr=0.000714, epoch_time=17.84s
[Epoch 016] train_loss=0.4276, train_hard=0.5898, train_soft=0.3830, train_logit_mse=0.7965, train_feature_mse=0.0010, train_acc=0.8033, alpha=0.100, val_acc=0.7618, val_macro_f1=0.6068, val_weighted_f1=0.7536, lr=0.000702, epoch_time=17.83s
  -> New best KD student saved to /users/40370279/csc4006/code/experiments/2__temperature_sweep/checkpoints/student_T2_seed999.pt
[Epoch 017] train_loss=0.4208, train_hard=0.5902, train_soft=0.3758, train_logit_mse=0.7852, train_feature_mse=0.0010, train_acc=0.8021, alpha=0.100, val_acc=0.7636, val_macro_f1=0.6202, val_weighted_f1=0.7559, lr=0.000691, epoch_time=17.87s
  -> New best KD student saved to /users/40370279/csc4006/code/experiments/2__temperature_sweep/checkpoints/student_T2_seed999.pt
[Epoch 018] train_loss=0.4124, train_hard=0.5808, train_soft=0.3679, train_logit_mse=0.7715, train_feature_mse=0.0009, train_acc=0.8067, alpha=0.100, val_acc=0.7605, val_macro_f1=0.6055, val_weighted_f1=0.7509, lr=0.000678, epoch_time=17.74s
[Epoch 019] train_loss=0.4090, train_hard=0.5812, train_soft=0.3644, train_logit_mse=0.7641, train_feature_mse=0.0009, train_acc=0.8074, alpha=0.100, val_acc=0.7593, val_macro_f1=0.6043, val_weighted_f1=0.7484, lr=0.000665, epoch_time=17.83s
[Epoch 020] train_loss=0.4036, train_hard=0.5777, train_soft=0.3590, train_logit_mse=0.7542, train_feature_mse=0.0009, train_acc=0.8091, alpha=0.100, val_acc=0.7550, val_macro_f1=0.6061, val_weighted_f1=0.7491, lr=0.000651, epoch_time=17.81s
[Epoch 021] train_loss=0.3953, train_hard=0.5729, train_soft=0.3509, train_logit_mse=0.7406, train_feature_mse=0.0009, train_acc=0.8096, alpha=0.100, val_acc=0.7550, val_macro_f1=0.6044, val_weighted_f1=0.7488, lr=0.000637, epoch_time=17.84s
[Epoch 022] train_loss=0.3983, train_hard=0.5784, train_soft=0.3536, train_logit_mse=0.7395, train_feature_mse=0.0009, train_acc=0.8066, alpha=0.100, val_acc=0.7532, val_macro_f1=0.6070, val_weighted_f1=0.7440, lr=0.000623, epoch_time=17.77s
[Epoch 023] train_loss=0.3855, train_hard=0.5681, train_soft=0.3411, train_logit_mse=0.7201, train_feature_mse=0.0008, train_acc=0.8095, alpha=0.100, val_acc=0.7514, val_macro_f1=0.5874, val_weighted_f1=0.7332, lr=0.000608, epoch_time=17.86s
[Epoch 024] train_loss=0.3805, train_hard=0.5625, train_soft=0.3364, train_logit_mse=0.7132, train_feature_mse=0.0008, train_acc=0.8131, alpha=0.100, val_acc=0.7618, val_macro_f1=0.6169, val_weighted_f1=0.7551, lr=0.000592, epoch_time=17.73s
[Epoch 025] train_loss=0.3778, train_hard=0.5603, train_soft=0.3339, train_logit_mse=0.7081, train_feature_mse=0.0008, train_acc=0.8148, alpha=0.100, val_acc=0.7550, val_macro_f1=0.6230, val_weighted_f1=0.7528, lr=0.000576, epoch_time=17.86s
  -> New best KD student saved to /users/40370279/csc4006/code/experiments/2__temperature_sweep/checkpoints/student_T2_seed999.pt
[Epoch 026] train_loss=0.3734, train_hard=0.5601, train_soft=0.3292, train_logit_mse=0.7007, train_feature_mse=0.0008, train_acc=0.8116, alpha=0.100, val_acc=0.7593, val_macro_f1=0.6164, val_weighted_f1=0.7486, lr=0.000560, epoch_time=17.87s
[Epoch 027] train_loss=0.3682, train_hard=0.5568, train_soft=0.3242, train_logit_mse=0.6903, train_feature_mse=0.0008, train_acc=0.8126, alpha=0.100, val_acc=0.7569, val_macro_f1=0.6041, val_weighted_f1=0.7485, lr=0.000544, epoch_time=17.74s
[Epoch 028] train_loss=0.3650, train_hard=0.5558, train_soft=0.3210, train_logit_mse=0.6829, train_feature_mse=0.0008, train_acc=0.8145, alpha=0.100, val_acc=0.7502, val_macro_f1=0.6059, val_weighted_f1=0.7399, lr=0.000527, epoch_time=17.97s
[Epoch 029] train_loss=0.3557, train_hard=0.5494, train_soft=0.3118, train_logit_mse=0.6701, train_feature_mse=0.0008, train_acc=0.8159, alpha=0.100, val_acc=0.7520, val_macro_f1=0.6095, val_weighted_f1=0.7449, lr=0.000510, epoch_time=17.85s
[Epoch 030] train_loss=0.3619, train_hard=0.5526, train_soft=0.3181, train_logit_mse=0.6783, train_feature_mse=0.0007, train_acc=0.8177, alpha=0.100, val_acc=0.7636, val_macro_f1=0.6227, val_weighted_f1=0.7551, lr=0.000493, epoch_time=17.83s
[Epoch 031] train_loss=0.3562, train_hard=0.5516, train_soft=0.3122, train_logit_mse=0.6659, train_feature_mse=0.0007, train_acc=0.8170, alpha=0.100, val_acc=0.7666, val_macro_f1=0.6239, val_weighted_f1=0.7575, lr=0.000476, epoch_time=17.77s
  -> New best KD student saved to /users/40370279/csc4006/code/experiments/2__temperature_sweep/checkpoints/student_T2_seed999.pt
[Epoch 032] train_loss=0.3493, train_hard=0.5446, train_soft=0.3056, train_logit_mse=0.6587, train_feature_mse=0.0007, train_acc=0.8192, alpha=0.100, val_acc=0.7599, val_macro_f1=0.6158, val_weighted_f1=0.7480, lr=0.000458, epoch_time=17.85s
[Epoch 033] train_loss=0.3479, train_hard=0.5452, train_soft=0.3042, train_logit_mse=0.6525, train_feature_mse=0.0007, train_acc=0.8183, alpha=0.100, val_acc=0.7666, val_macro_f1=0.6122, val_weighted_f1=0.7534, lr=0.000440, epoch_time=17.79s
[Epoch 034] train_loss=0.3460, train_hard=0.5446, train_soft=0.3023, train_logit_mse=0.6496, train_feature_mse=0.0007, train_acc=0.8182, alpha=0.100, val_acc=0.7666, val_macro_f1=0.6236, val_weighted_f1=0.7570, lr=0.000423, epoch_time=17.68s
[Epoch 035] train_loss=0.3444, train_hard=0.5416, train_soft=0.3010, train_logit_mse=0.6449, train_feature_mse=0.0007, train_acc=0.8206, alpha=0.100, val_acc=0.7618, val_macro_f1=0.6187, val_weighted_f1=0.7546, lr=0.000405, epoch_time=17.68s
[Epoch 036] train_loss=0.3404, train_hard=0.5366, train_soft=0.2971, train_logit_mse=0.6447, train_feature_mse=0.0007, train_acc=0.8203, alpha=0.100, val_acc=0.7654, val_macro_f1=0.6203, val_weighted_f1=0.7577, lr=0.000387, epoch_time=17.76s
[Epoch 037] train_loss=0.3372, train_hard=0.5361, train_soft=0.2938, train_logit_mse=0.6371, train_feature_mse=0.0007, train_acc=0.8224, alpha=0.100, val_acc=0.7611, val_macro_f1=0.6054, val_weighted_f1=0.7496, lr=0.000370, epoch_time=17.89s
[Epoch 038] train_loss=0.3351, train_hard=0.5344, train_soft=0.2919, train_logit_mse=0.6314, train_feature_mse=0.0007, train_acc=0.8196, alpha=0.100, val_acc=0.7611, val_macro_f1=0.6059, val_weighted_f1=0.7451, lr=0.000352, epoch_time=17.74s
[Epoch 039] train_loss=0.3337, train_hard=0.5311, train_soft=0.2906, train_logit_mse=0.6324, train_feature_mse=0.0007, train_acc=0.8263, alpha=0.100, val_acc=0.7624, val_macro_f1=0.6173, val_weighted_f1=0.7516, lr=0.000334, epoch_time=17.87s
[Epoch 040] train_loss=0.3361, train_hard=0.5367, train_soft=0.2926, train_logit_mse=0.6350, train_feature_mse=0.0007, train_acc=0.8232, alpha=0.100, val_acc=0.7654, val_macro_f1=0.6187, val_weighted_f1=0.7549, lr=0.000317, epoch_time=17.79s
[Epoch 041] train_loss=0.3303, train_hard=0.5330, train_soft=0.2870, train_logit_mse=0.6227, train_feature_mse=0.0007, train_acc=0.8198, alpha=0.100, val_acc=0.7666, val_macro_f1=0.6279, val_weighted_f1=0.7589, lr=0.000300, epoch_time=17.88s
  -> New best KD student saved to /users/40370279/csc4006/code/experiments/2__temperature_sweep/checkpoints/student_T2_seed999.pt
[Epoch 042] train_loss=0.3279, train_hard=0.5308, train_soft=0.2846, train_logit_mse=0.6206, train_feature_mse=0.0007, train_acc=0.8215, alpha=0.100, val_acc=0.7581, val_macro_f1=0.6192, val_weighted_f1=0.7514, lr=0.000283, epoch_time=17.82s
[Epoch 043] train_loss=0.3255, train_hard=0.5264, train_soft=0.2826, train_logit_mse=0.6177, train_feature_mse=0.0007, train_acc=0.8230, alpha=0.100, val_acc=0.7630, val_macro_f1=0.6222, val_weighted_f1=0.7547, lr=0.000266, epoch_time=17.92s
[Epoch 044] train_loss=0.3262, train_hard=0.5299, train_soft=0.2830, train_logit_mse=0.6163, train_feature_mse=0.0006, train_acc=0.8206, alpha=0.100, val_acc=0.7666, val_macro_f1=0.6236, val_weighted_f1=0.7577, lr=0.000250, epoch_time=17.93s
[Epoch 045] train_loss=0.3275, train_hard=0.5312, train_soft=0.2842, train_logit_mse=0.6212, train_feature_mse=0.0006, train_acc=0.8216, alpha=0.100, val_acc=0.7654, val_macro_f1=0.6226, val_weighted_f1=0.7561, lr=0.000234, epoch_time=17.93s
[Epoch 046] train_loss=0.3224, train_hard=0.5281, train_soft=0.2792, train_logit_mse=0.6099, train_feature_mse=0.0006, train_acc=0.8257, alpha=0.100, val_acc=0.7654, val_macro_f1=0.6195, val_weighted_f1=0.7544, lr=0.000218, epoch_time=17.78s
[Epoch 047] train_loss=0.3242, train_hard=0.5268, train_soft=0.2812, train_logit_mse=0.6141, train_feature_mse=0.0006, train_acc=0.8240, alpha=0.100, val_acc=0.7636, val_macro_f1=0.6199, val_weighted_f1=0.7535, lr=0.000202, epoch_time=17.84s
[Epoch 048] train_loss=0.3160, train_hard=0.5249, train_soft=0.2729, train_logit_mse=0.5981, train_feature_mse=0.0006, train_acc=0.8246, alpha=0.100, val_acc=0.7660, val_macro_f1=0.6188, val_weighted_f1=0.7558, lr=0.000187, epoch_time=17.82s
[Epoch 049] train_loss=0.3171, train_hard=0.5231, train_soft=0.2741, train_logit_mse=0.6010, train_feature_mse=0.0006, train_acc=0.8249, alpha=0.100, val_acc=0.7642, val_macro_f1=0.6170, val_weighted_f1=0.7511, lr=0.000173, epoch_time=17.80s
[Epoch 050] train_loss=0.3188, train_hard=0.5228, train_soft=0.2759, train_logit_mse=0.6043, train_feature_mse=0.0006, train_acc=0.8244, alpha=0.100, val_acc=0.7618, val_macro_f1=0.6266, val_weighted_f1=0.7558, lr=0.000159, epoch_time=17.83s
[Epoch 051] train_loss=0.3128, train_hard=0.5191, train_soft=0.2701, train_logit_mse=0.5933, train_feature_mse=0.0006, train_acc=0.8261, alpha=0.100, val_acc=0.7544, val_macro_f1=0.6133, val_weighted_f1=0.7462, lr=0.000145, epoch_time=17.89s
[Epoch 052] train_loss=0.3136, train_hard=0.5192, train_soft=0.2709, train_logit_mse=0.5947, train_feature_mse=0.0006, train_acc=0.8297, alpha=0.100, val_acc=0.7599, val_macro_f1=0.6147, val_weighted_f1=0.7492, lr=0.000132, epoch_time=17.99s
[Epoch 053] train_loss=0.3143, train_hard=0.5204, train_soft=0.2716, train_logit_mse=0.5947, train_feature_mse=0.0006, train_acc=0.8248, alpha=0.100, val_acc=0.7611, val_macro_f1=0.6153, val_weighted_f1=0.7501, lr=0.000119, epoch_time=17.88s
[Epoch 054] train_loss=0.3131, train_hard=0.5199, train_soft=0.2704, train_logit_mse=0.5924, train_feature_mse=0.0006, train_acc=0.8287, alpha=0.100, val_acc=0.7654, val_macro_f1=0.6247, val_weighted_f1=0.7567, lr=0.000108, epoch_time=17.97s
[Epoch 055] train_loss=0.3077, train_hard=0.5148, train_soft=0.2652, train_logit_mse=0.5848, train_feature_mse=0.0006, train_acc=0.8289, alpha=0.100, val_acc=0.7581, val_macro_f1=0.6154, val_weighted_f1=0.7497, lr=0.000096, epoch_time=17.90s
[Epoch 056] train_loss=0.3097, train_hard=0.5202, train_soft=0.2667, train_logit_mse=0.5876, train_feature_mse=0.0006, train_acc=0.8279, alpha=0.100, val_acc=0.7611, val_macro_f1=0.6175, val_weighted_f1=0.7516, lr=0.000085, epoch_time=17.74s
Early stopping triggered.
Loaded best KD student checkpoint for final test evaluation.
Best validation macro-F1: 0.6279
Best epoch: 41
Time to best model: 738.09 seconds
Checkpoint size (MB): 0.174
Student size: medium
Teacher used: checkpoints/teacher/teacher_cnn_seed999.pt
Teacher arch: TeacherCNN
Teacher size: large
Checkpoint seed: 999
Test accuracy (KD student): 0.7733
Test macro-F1 (KD student): 0.6231
Test weighted-F1 (KD student): 0.7643
Test classification report:
              precision    recall  f1-score   support

           0       0.85      0.67      0.75       184
           1       0.17      0.14      0.16        56
           2       0.82      0.55      0.66       256
           3       0.79      0.92      0.85       912
           4       0.73      0.67      0.70       242

    accuracy                           0.77      1650
   macro avg       0.67      0.59      0.62      1650
weighted avg       0.77      0.77      0.76      1650

Test confusion matrix:
[[124   3   6  45   6]
 [  1   8   3  38   6]
 [  5   1 141  84  25]
 [ 10  22  16 841  23]
 [  6  12   7  55 162]]
Inference latency: 1.4364 ms/sample
