Using device: cuda
Seed: 42
Deterministic mode: True
Deterministic warn_only: True
KD hyperparameters: alpha_start=0.100, alpha_end=0.100, temperature=32.00, logit_mse_weight=0.030, feature_mse_weight=0.030, class_weight_gamma=0.00, sampler_power=0.35, label_smoothing=0.000, student_size=medium
Training: batch_size=64, lr=0.0008, epochs=70, patience=15, weight_decay=0.002, grad_clip=1.0, num_workers=2, disable_augmentation=False, use_weighted_sampler=False
Teacher checkpoint path: checkpoints/teacher/teacher_cnn_seed42.pt
Student checkpoint path: /users/40370279/csc4006/code/experiments/2__temperature_sweep/checkpoints/student_T32_seed42.pt
Training set size: 12957
Validation set size: 1637
Test set size: 1650
Number of leads: 12 classes: 5
Classes: ['CD' 'HYP' 'MI' 'NORM' 'STTC']
Trainable parameters (student): 12809
Total parameters (student): 12809
Estimated model size (MB): 0.051
Teacher pooled dim: 896
Student pooled dim: 28
Class weights: [1. 1. 1. 1. 1.]
Training sampler: standard shuffled loader
[Epoch 001] train_loss=1.0139, train_hard=1.1287, train_soft=0.9393, train_logit_mse=1.8238, train_feature_mse=0.0316, train_acc=0.5848, alpha=0.100, val_acc=0.6872, val_macro_f1=0.4497, val_weighted_f1=0.6441, lr=0.000800, epoch_time=19.15s
  -> New best KD student saved to /users/40370279/csc4006/code/experiments/2__temperature_sweep/checkpoints/student_T32_seed42.pt
[Epoch 002] train_loss=0.6271, train_hard=0.8438, train_soft=0.5656, train_logit_mse=1.1016, train_feature_mse=0.0187, train_acc=0.7147, alpha=0.100, val_acc=0.7129, val_macro_f1=0.4819, val_weighted_f1=0.6703, lr=0.000798, epoch_time=17.85s
  -> New best KD student saved to /users/40370279/csc4006/code/experiments/2__temperature_sweep/checkpoints/student_T32_seed42.pt
[Epoch 003] train_loss=0.4839, train_hard=0.7486, train_soft=0.4264, train_logit_mse=0.8334, train_feature_mse=0.0112, train_acc=0.7521, alpha=0.100, val_acc=0.7300, val_macro_f1=0.5235, val_weighted_f1=0.7041, lr=0.000796, epoch_time=17.84s
  -> New best KD student saved to /users/40370279/csc4006/code/experiments/2__temperature_sweep/checkpoints/student_T32_seed42.pt
[Epoch 004] train_loss=0.4151, train_hard=0.7019, train_soft=0.3595, train_logit_mse=0.7036, train_feature_mse=0.0070, train_acc=0.7684, alpha=0.100, val_acc=0.7495, val_macro_f1=0.5459, val_weighted_f1=0.7252, lr=0.000794, epoch_time=17.99s
  -> New best KD student saved to /users/40370279/csc4006/code/experiments/2__temperature_sweep/checkpoints/student_T32_seed42.pt
[Epoch 005] train_loss=0.3778, train_hard=0.6798, train_soft=0.3230, train_logit_mse=0.6320, train_feature_mse=0.0047, train_acc=0.7756, alpha=0.100, val_acc=0.7514, val_macro_f1=0.5572, val_weighted_f1=0.7306, lr=0.000790, epoch_time=17.84s
  -> New best KD student saved to /users/40370279/csc4006/code/experiments/2__temperature_sweep/checkpoints/student_T32_seed42.pt
[Epoch 006] train_loss=0.3593, train_hard=0.6742, train_soft=0.3044, train_logit_mse=0.5955, train_feature_mse=0.0030, train_acc=0.7779, alpha=0.100, val_acc=0.7392, val_macro_f1=0.5225, val_weighted_f1=0.7033, lr=0.000786, epoch_time=17.93s
[Epoch 007] train_loss=0.3339, train_hard=0.6538, train_soft=0.2800, train_logit_mse=0.5480, train_feature_mse=0.0018, train_acc=0.7832, alpha=0.100, val_acc=0.7636, val_macro_f1=0.5683, val_weighted_f1=0.7421, lr=0.000781, epoch_time=17.89s
  -> New best KD student saved to /users/40370279/csc4006/code/experiments/2__temperature_sweep/checkpoints/student_T32_seed42.pt
[Epoch 008] train_loss=0.3268, train_hard=0.6489, train_soft=0.2731, train_logit_mse=0.5341, train_feature_mse=0.0013, train_acc=0.7860, alpha=0.100, val_acc=0.7569, val_macro_f1=0.5516, val_weighted_f1=0.7287, lr=0.000775, epoch_time=17.95s
[Epoch 009] train_loss=0.3093, train_hard=0.6319, train_soft=0.2566, train_logit_mse=0.5021, train_feature_mse=0.0011, train_acc=0.7890, alpha=0.100, val_acc=0.7611, val_macro_f1=0.5641, val_weighted_f1=0.7391, lr=0.000768, epoch_time=17.93s
[Epoch 010] train_loss=0.2980, train_hard=0.6288, train_soft=0.2452, train_logit_mse=0.4798, train_feature_mse=0.0011, train_acc=0.7905, alpha=0.100, val_acc=0.7599, val_macro_f1=0.5661, val_weighted_f1=0.7375, lr=0.000761, epoch_time=17.88s
[Epoch 011] train_loss=0.2909, train_hard=0.6264, train_soft=0.2381, train_logit_mse=0.4657, train_feature_mse=0.0010, train_acc=0.7909, alpha=0.100, val_acc=0.7538, val_macro_f1=0.5522, val_weighted_f1=0.7294, lr=0.000753, epoch_time=17.75s
[Epoch 012] train_loss=0.2798, train_hard=0.6158, train_soft=0.2276, train_logit_mse=0.4452, train_feature_mse=0.0009, train_acc=0.7964, alpha=0.100, val_acc=0.7691, val_macro_f1=0.5894, val_weighted_f1=0.7516, lr=0.000744, epoch_time=17.97s
  -> New best KD student saved to /users/40370279/csc4006/code/experiments/2__temperature_sweep/checkpoints/student_T32_seed42.pt
[Epoch 013] train_loss=0.2745, train_hard=0.6121, train_soft=0.2224, train_logit_mse=0.4351, train_feature_mse=0.0009, train_acc=0.7990, alpha=0.100, val_acc=0.7660, val_macro_f1=0.5751, val_weighted_f1=0.7432, lr=0.000735, epoch_time=17.85s
[Epoch 014] train_loss=0.2688, train_hard=0.6081, train_soft=0.2169, train_logit_mse=0.4244, train_feature_mse=0.0008, train_acc=0.7997, alpha=0.100, val_acc=0.7593, val_macro_f1=0.5742, val_weighted_f1=0.7371, lr=0.000725, epoch_time=17.82s
[Epoch 015] train_loss=0.2633, train_hard=0.6048, train_soft=0.2116, train_logit_mse=0.4140, train_feature_mse=0.0008, train_acc=0.8013, alpha=0.100, val_acc=0.7642, val_macro_f1=0.5788, val_weighted_f1=0.7416, lr=0.000714, epoch_time=17.88s
[Epoch 016] train_loss=0.2589, train_hard=0.5989, train_soft=0.2075, train_logit_mse=0.4060, train_feature_mse=0.0008, train_acc=0.8040, alpha=0.100, val_acc=0.7563, val_macro_f1=0.5704, val_weighted_f1=0.7369, lr=0.000702, epoch_time=17.80s
[Epoch 017] train_loss=0.2548, train_hard=0.6017, train_soft=0.2030, train_logit_mse=0.3972, train_feature_mse=0.0007, train_acc=0.8006, alpha=0.100, val_acc=0.7618, val_macro_f1=0.5894, val_weighted_f1=0.7435, lr=0.000691, epoch_time=17.85s
[Epoch 018] train_loss=0.2504, train_hard=0.5930, train_soft=0.1993, train_logit_mse=0.3900, train_feature_mse=0.0007, train_acc=0.8021, alpha=0.100, val_acc=0.7581, val_macro_f1=0.5680, val_weighted_f1=0.7336, lr=0.000678, epoch_time=17.85s
[Epoch 019] train_loss=0.2461, train_hard=0.5922, train_soft=0.1949, train_logit_mse=0.3815, train_feature_mse=0.0007, train_acc=0.8053, alpha=0.100, val_acc=0.7734, val_macro_f1=0.5966, val_weighted_f1=0.7557, lr=0.000665, epoch_time=17.99s
  -> New best KD student saved to /users/40370279/csc4006/code/experiments/2__temperature_sweep/checkpoints/student_T32_seed42.pt
[Epoch 020] train_loss=0.2471, train_hard=0.5941, train_soft=0.1957, train_logit_mse=0.3830, train_feature_mse=0.0007, train_acc=0.8032, alpha=0.100, val_acc=0.7679, val_macro_f1=0.5966, val_weighted_f1=0.7489, lr=0.000651, epoch_time=17.99s
  -> New best KD student saved to /users/40370279/csc4006/code/experiments/2__temperature_sweep/checkpoints/student_T32_seed42.pt
[Epoch 021] train_loss=0.2410, train_hard=0.5876, train_soft=0.1901, train_logit_mse=0.3720, train_feature_mse=0.0007, train_acc=0.8068, alpha=0.100, val_acc=0.7673, val_macro_f1=0.5886, val_weighted_f1=0.7467, lr=0.000637, epoch_time=17.94s
[Epoch 022] train_loss=0.2372, train_hard=0.5834, train_soft=0.1865, train_logit_mse=0.3652, train_feature_mse=0.0007, train_acc=0.8073, alpha=0.100, val_acc=0.7654, val_macro_f1=0.5704, val_weighted_f1=0.7408, lr=0.000623, epoch_time=17.89s
[Epoch 023] train_loss=0.2311, train_hard=0.5784, train_soft=0.1807, train_logit_mse=0.3537, train_feature_mse=0.0006, train_acc=0.8081, alpha=0.100, val_acc=0.7575, val_macro_f1=0.5790, val_weighted_f1=0.7374, lr=0.000608, epoch_time=17.97s
[Epoch 024] train_loss=0.2333, train_hard=0.5863, train_soft=0.1822, train_logit_mse=0.3570, train_feature_mse=0.0006, train_acc=0.8055, alpha=0.100, val_acc=0.7630, val_macro_f1=0.5977, val_weighted_f1=0.7464, lr=0.000592, epoch_time=17.92s
  -> New best KD student saved to /users/40370279/csc4006/code/experiments/2__temperature_sweep/checkpoints/student_T32_seed42.pt
[Epoch 025] train_loss=0.2324, train_hard=0.5798, train_soft=0.1819, train_logit_mse=0.3561, train_feature_mse=0.0006, train_acc=0.8077, alpha=0.100, val_acc=0.7611, val_macro_f1=0.5951, val_weighted_f1=0.7439, lr=0.000576, epoch_time=17.86s
[Epoch 026] train_loss=0.2234, train_hard=0.5733, train_soft=0.1732, train_logit_mse=0.3392, train_feature_mse=0.0006, train_acc=0.8109, alpha=0.100, val_acc=0.7685, val_macro_f1=0.5811, val_weighted_f1=0.7466, lr=0.000560, epoch_time=17.98s
[Epoch 027] train_loss=0.2269, train_hard=0.5773, train_soft=0.1764, train_logit_mse=0.3454, train_feature_mse=0.0006, train_acc=0.8093, alpha=0.100, val_acc=0.7642, val_macro_f1=0.5884, val_weighted_f1=0.7463, lr=0.000544, epoch_time=17.95s
[Epoch 028] train_loss=0.2223, train_hard=0.5730, train_soft=0.1721, train_logit_mse=0.3371, train_feature_mse=0.0006, train_acc=0.8081, alpha=0.100, val_acc=0.7611, val_macro_f1=0.5891, val_weighted_f1=0.7404, lr=0.000527, epoch_time=17.89s
[Epoch 029] train_loss=0.2229, train_hard=0.5767, train_soft=0.1723, train_logit_mse=0.3374, train_feature_mse=0.0006, train_acc=0.8091, alpha=0.100, val_acc=0.7697, val_macro_f1=0.5946, val_weighted_f1=0.7525, lr=0.000510, epoch_time=17.86s
[Epoch 030] train_loss=0.2217, train_hard=0.5755, train_soft=0.1712, train_logit_mse=0.3352, train_feature_mse=0.0006, train_acc=0.8090, alpha=0.100, val_acc=0.7544, val_macro_f1=0.5835, val_weighted_f1=0.7347, lr=0.000493, epoch_time=17.99s
[Epoch 031] train_loss=0.2204, train_hard=0.5717, train_soft=0.1702, train_logit_mse=0.3332, train_feature_mse=0.0006, train_acc=0.8126, alpha=0.100, val_acc=0.7734, val_macro_f1=0.6145, val_weighted_f1=0.7578, lr=0.000476, epoch_time=17.92s
  -> New best KD student saved to /users/40370279/csc4006/code/experiments/2__temperature_sweep/checkpoints/student_T32_seed42.pt
[Epoch 032] train_loss=0.2167, train_hard=0.5639, train_soft=0.1671, train_logit_mse=0.3274, train_feature_mse=0.0006, train_acc=0.8111, alpha=0.100, val_acc=0.7697, val_macro_f1=0.6005, val_weighted_f1=0.7539, lr=0.000458, epoch_time=17.85s
[Epoch 033] train_loss=0.2142, train_hard=0.5665, train_soft=0.1643, train_logit_mse=0.3218, train_feature_mse=0.0006, train_acc=0.8115, alpha=0.100, val_acc=0.7697, val_macro_f1=0.6048, val_weighted_f1=0.7520, lr=0.000440, epoch_time=17.92s
[Epoch 034] train_loss=0.2137, train_hard=0.5642, train_soft=0.1640, train_logit_mse=0.3213, train_feature_mse=0.0005, train_acc=0.8163, alpha=0.100, val_acc=0.7654, val_macro_f1=0.5866, val_weighted_f1=0.7468, lr=0.000423, epoch_time=18.01s
[Epoch 035] train_loss=0.2113, train_hard=0.5609, train_soft=0.1619, train_logit_mse=0.3173, train_feature_mse=0.0005, train_acc=0.8148, alpha=0.100, val_acc=0.7648, val_macro_f1=0.5947, val_weighted_f1=0.7511, lr=0.000405, epoch_time=17.81s
[Epoch 036] train_loss=0.2121, train_hard=0.5639, train_soft=0.1624, train_logit_mse=0.3180, train_feature_mse=0.0005, train_acc=0.8135, alpha=0.100, val_acc=0.7654, val_macro_f1=0.5883, val_weighted_f1=0.7437, lr=0.000387, epoch_time=17.79s
[Epoch 037] train_loss=0.2085, train_hard=0.5560, train_soft=0.1594, train_logit_mse=0.3125, train_feature_mse=0.0005, train_acc=0.8146, alpha=0.100, val_acc=0.7593, val_macro_f1=0.5912, val_weighted_f1=0.7404, lr=0.000370, epoch_time=18.06s
[Epoch 038] train_loss=0.2078, train_hard=0.5606, train_soft=0.1582, train_logit_mse=0.3100, train_feature_mse=0.0005, train_acc=0.8142, alpha=0.100, val_acc=0.7618, val_macro_f1=0.5971, val_weighted_f1=0.7439, lr=0.000352, epoch_time=17.81s
[Epoch 039] train_loss=0.2048, train_hard=0.5555, train_soft=0.1556, train_logit_mse=0.3050, train_feature_mse=0.0005, train_acc=0.8209, alpha=0.100, val_acc=0.7666, val_macro_f1=0.5950, val_weighted_f1=0.7494, lr=0.000334, epoch_time=17.89s
[Epoch 040] train_loss=0.2056, train_hard=0.5563, train_soft=0.1564, train_logit_mse=0.3064, train_feature_mse=0.0005, train_acc=0.8155, alpha=0.100, val_acc=0.7660, val_macro_f1=0.5945, val_weighted_f1=0.7494, lr=0.000317, epoch_time=17.82s
[Epoch 041] train_loss=0.2026, train_hard=0.5588, train_soft=0.1531, train_logit_mse=0.3000, train_feature_mse=0.0005, train_acc=0.8142, alpha=0.100, val_acc=0.7642, val_macro_f1=0.5918, val_weighted_f1=0.7466, lr=0.000300, epoch_time=17.85s
[Epoch 042] train_loss=0.2008, train_hard=0.5506, train_soft=0.1519, train_logit_mse=0.2978, train_feature_mse=0.0005, train_acc=0.8202, alpha=0.100, val_acc=0.7697, val_macro_f1=0.5932, val_weighted_f1=0.7504, lr=0.000283, epoch_time=17.91s
[Epoch 043] train_loss=0.2012, train_hard=0.5510, train_soft=0.1524, train_logit_mse=0.2986, train_feature_mse=0.0005, train_acc=0.8156, alpha=0.100, val_acc=0.7715, val_macro_f1=0.6114, val_weighted_f1=0.7561, lr=0.000266, epoch_time=17.92s
[Epoch 044] train_loss=0.1991, train_hard=0.5518, train_soft=0.1501, train_logit_mse=0.2943, train_feature_mse=0.0005, train_acc=0.8175, alpha=0.100, val_acc=0.7691, val_macro_f1=0.6111, val_weighted_f1=0.7533, lr=0.000250, epoch_time=17.98s
[Epoch 045] train_loss=0.1972, train_hard=0.5488, train_soft=0.1484, train_logit_mse=0.2909, train_feature_mse=0.0005, train_acc=0.8179, alpha=0.100, val_acc=0.7728, val_macro_f1=0.6025, val_weighted_f1=0.7556, lr=0.000234, epoch_time=17.79s
[Epoch 046] train_loss=0.2011, train_hard=0.5555, train_soft=0.1518, train_logit_mse=0.2974, train_feature_mse=0.0005, train_acc=0.8144, alpha=0.100, val_acc=0.7648, val_macro_f1=0.6122, val_weighted_f1=0.7516, lr=0.000218, epoch_time=17.93s
Early stopping triggered.
Loaded best KD student checkpoint for final test evaluation.
Best validation macro-F1: 0.6145
Best epoch: 31
Time to best model: 559.29 seconds
Checkpoint size (MB): 0.174
Student size: medium
Teacher used: checkpoints/teacher/teacher_cnn_seed42.pt
Teacher arch: TeacherCNN
Teacher size: large
Checkpoint seed: 42
Test accuracy (KD student): 0.7830
Test macro-F1 (KD student): 0.6305
Test weighted-F1 (KD student): 0.7685
Test classification report:
              precision    recall  f1-score   support

           0       0.88      0.66      0.75       184
           1       0.33      0.14      0.20        56
           2       0.81      0.52      0.64       256
           3       0.79      0.95      0.86       912
           4       0.72      0.69      0.70       242

    accuracy                           0.78      1650
   macro avg       0.71      0.59      0.63      1650
weighted avg       0.78      0.78      0.77      1650

Test confusion matrix:
[[121   2   6  49   6]
 [  0   8   4  39   5]
 [  5   0 134  86  31]
 [  8   7  12 862  23]
 [  4   7  10  54 167]]
Inference latency: 1.4463 ms/sample
