Using device: cuda
Seed: 123
Deterministic mode: True
Deterministic warn_only: True
KD hyperparameters: alpha_start=0.100, alpha_end=0.100, temperature=32.00, logit_mse_weight=0.030, feature_mse_weight=0.030, class_weight_gamma=0.00, sampler_power=0.35, label_smoothing=0.000, student_size=medium
Training: batch_size=64, lr=0.0008, epochs=70, patience=15, weight_decay=0.002, grad_clip=1.0, num_workers=2, disable_augmentation=False, use_weighted_sampler=False
Teacher checkpoint path: checkpoints/teacher/teacher_cnn_seed123.pt
Student checkpoint path: /users/40370279/csc4006/code/experiments/2__temperature_sweep/checkpoints/student_T32_seed123.pt
Training set size: 12957
Validation set size: 1637
Test set size: 1650
Number of leads: 12 classes: 5
Classes: ['CD' 'HYP' 'MI' 'NORM' 'STTC']
Trainable parameters (student): 12809
Total parameters (student): 12809
Estimated model size (MB): 0.051
Teacher pooled dim: 896
Student pooled dim: 28
Class weights: [1. 1. 1. 1. 1.]
Training sampler: standard shuffled loader
[Epoch 001] train_loss=1.0286, train_hard=1.1156, train_soft=0.9562, train_logit_mse=1.8523, train_feature_mse=0.0284, train_acc=0.6035, alpha=0.100, val_acc=0.6432, val_macro_f1=0.3187, val_weighted_f1=0.5632, lr=0.000800, epoch_time=19.06s
  -> New best KD student saved to /users/40370279/csc4006/code/experiments/2__temperature_sweep/checkpoints/student_T32_seed123.pt
[Epoch 002] train_loss=0.6641, train_hard=0.8376, train_soft=0.6050, train_logit_mse=1.1759, train_feature_mse=0.0182, train_acc=0.7171, alpha=0.100, val_acc=0.7245, val_macro_f1=0.5022, val_weighted_f1=0.6902, lr=0.000798, epoch_time=18.24s
  -> New best KD student saved to /users/40370279/csc4006/code/experiments/2__temperature_sweep/checkpoints/student_T32_seed123.pt
[Epoch 003] train_loss=0.5090, train_hard=0.7436, train_soft=0.4530, train_logit_mse=0.8836, train_feature_mse=0.0137, train_acc=0.7567, alpha=0.100, val_acc=0.7330, val_macro_f1=0.5163, val_weighted_f1=0.6993, lr=0.000796, epoch_time=17.92s
  -> New best KD student saved to /users/40370279/csc4006/code/experiments/2__temperature_sweep/checkpoints/student_T32_seed123.pt
[Epoch 004] train_loss=0.4497, train_hard=0.7092, train_soft=0.3949, train_logit_mse=0.7707, train_feature_mse=0.0091, train_acc=0.7672, alpha=0.100, val_acc=0.7337, val_macro_f1=0.5109, val_weighted_f1=0.6952, lr=0.000794, epoch_time=17.95s
[Epoch 005] train_loss=0.4082, train_hard=0.6859, train_soft=0.3542, train_logit_mse=0.6913, train_feature_mse=0.0054, train_acc=0.7720, alpha=0.100, val_acc=0.7385, val_macro_f1=0.5361, val_weighted_f1=0.7100, lr=0.000790, epoch_time=17.89s
  -> New best KD student saved to /users/40370279/csc4006/code/experiments/2__temperature_sweep/checkpoints/student_T32_seed123.pt
[Epoch 006] train_loss=0.3872, train_hard=0.6685, train_soft=0.3341, train_logit_mse=0.6520, train_feature_mse=0.0034, train_acc=0.7804, alpha=0.100, val_acc=0.7349, val_macro_f1=0.5500, val_weighted_f1=0.7122, lr=0.000786, epoch_time=18.02s
  -> New best KD student saved to /users/40370279/csc4006/code/experiments/2__temperature_sweep/checkpoints/student_T32_seed123.pt
[Epoch 007] train_loss=0.3673, train_hard=0.6578, train_soft=0.3145, train_logit_mse=0.6138, train_feature_mse=0.0022, train_acc=0.7806, alpha=0.100, val_acc=0.7514, val_macro_f1=0.5729, val_weighted_f1=0.7310, lr=0.000781, epoch_time=17.86s
  -> New best KD student saved to /users/40370279/csc4006/code/experiments/2__temperature_sweep/checkpoints/student_T32_seed123.pt
[Epoch 008] train_loss=0.3579, train_hard=0.6533, train_soft=0.3052, train_logit_mse=0.5957, train_feature_mse=0.0015, train_acc=0.7854, alpha=0.100, val_acc=0.7532, val_macro_f1=0.5826, val_weighted_f1=0.7361, lr=0.000775, epoch_time=17.93s
  -> New best KD student saved to /users/40370279/csc4006/code/experiments/2__temperature_sweep/checkpoints/student_T32_seed123.pt
[Epoch 009] train_loss=0.3428, train_hard=0.6470, train_soft=0.2900, train_logit_mse=0.5662, train_feature_mse=0.0012, train_acc=0.7824, alpha=0.100, val_acc=0.7563, val_macro_f1=0.6076, val_weighted_f1=0.7430, lr=0.000768, epoch_time=17.89s
  -> New best KD student saved to /users/40370279/csc4006/code/experiments/2__temperature_sweep/checkpoints/student_T32_seed123.pt
[Epoch 010] train_loss=0.3377, train_hard=0.6399, train_soft=0.2856, train_logit_mse=0.5573, train_feature_mse=0.0012, train_acc=0.7871, alpha=0.100, val_acc=0.7416, val_macro_f1=0.5717, val_weighted_f1=0.7210, lr=0.000761, epoch_time=17.80s
[Epoch 011] train_loss=0.3245, train_hard=0.6279, train_soft=0.2730, train_logit_mse=0.5326, train_feature_mse=0.0011, train_acc=0.7912, alpha=0.100, val_acc=0.7538, val_macro_f1=0.5802, val_weighted_f1=0.7332, lr=0.000753, epoch_time=17.99s
[Epoch 012] train_loss=0.3199, train_hard=0.6248, train_soft=0.2685, train_logit_mse=0.5240, train_feature_mse=0.0010, train_acc=0.7925, alpha=0.100, val_acc=0.7483, val_macro_f1=0.5790, val_weighted_f1=0.7318, lr=0.000744, epoch_time=17.88s
[Epoch 013] train_loss=0.3068, train_hard=0.6146, train_soft=0.2559, train_logit_mse=0.4998, train_feature_mse=0.0010, train_acc=0.7975, alpha=0.100, val_acc=0.7471, val_macro_f1=0.5645, val_weighted_f1=0.7211, lr=0.000735, epoch_time=17.93s
[Epoch 014] train_loss=0.3027, train_hard=0.6103, train_soft=0.2520, train_logit_mse=0.4923, train_feature_mse=0.0009, train_acc=0.7962, alpha=0.100, val_acc=0.7587, val_macro_f1=0.5981, val_weighted_f1=0.7426, lr=0.000725, epoch_time=17.78s
[Epoch 015] train_loss=0.3013, train_hard=0.6118, train_soft=0.2504, train_logit_mse=0.4889, train_feature_mse=0.0009, train_acc=0.7972, alpha=0.100, val_acc=0.7526, val_macro_f1=0.5638, val_weighted_f1=0.7291, lr=0.000714, epoch_time=17.82s
[Epoch 016] train_loss=0.2943, train_hard=0.6096, train_soft=0.2434, train_logit_mse=0.4752, train_feature_mse=0.0009, train_acc=0.7929, alpha=0.100, val_acc=0.7581, val_macro_f1=0.5970, val_weighted_f1=0.7421, lr=0.000702, epoch_time=17.82s
[Epoch 017] train_loss=0.2900, train_hard=0.6044, train_soft=0.2394, train_logit_mse=0.4676, train_feature_mse=0.0009, train_acc=0.7973, alpha=0.100, val_acc=0.7636, val_macro_f1=0.5950, val_weighted_f1=0.7462, lr=0.000691, epoch_time=17.85s
[Epoch 018] train_loss=0.2866, train_hard=0.6017, train_soft=0.2362, train_logit_mse=0.4614, train_feature_mse=0.0008, train_acc=0.7977, alpha=0.100, val_acc=0.7575, val_macro_f1=0.5863, val_weighted_f1=0.7397, lr=0.000678, epoch_time=17.96s
[Epoch 019] train_loss=0.2781, train_hard=0.5958, train_soft=0.2280, train_logit_mse=0.4454, train_feature_mse=0.0008, train_acc=0.7993, alpha=0.100, val_acc=0.7685, val_macro_f1=0.6278, val_weighted_f1=0.7623, lr=0.000665, epoch_time=17.77s
  -> New best KD student saved to /users/40370279/csc4006/code/experiments/2__temperature_sweep/checkpoints/student_T32_seed123.pt
[Epoch 020] train_loss=0.2765, train_hard=0.5872, train_soft=0.2271, train_logit_mse=0.4436, train_feature_mse=0.0008, train_acc=0.8050, alpha=0.100, val_acc=0.7611, val_macro_f1=0.6033, val_weighted_f1=0.7429, lr=0.000651, epoch_time=17.87s
[Epoch 021] train_loss=0.2717, train_hard=0.5895, train_soft=0.2219, train_logit_mse=0.4336, train_feature_mse=0.0008, train_acc=0.8028, alpha=0.100, val_acc=0.7526, val_macro_f1=0.5945, val_weighted_f1=0.7355, lr=0.000637, epoch_time=17.80s
[Epoch 022] train_loss=0.2673, train_hard=0.5861, train_soft=0.2177, train_logit_mse=0.4255, train_feature_mse=0.0007, train_acc=0.8029, alpha=0.100, val_acc=0.7648, val_macro_f1=0.6064, val_weighted_f1=0.7482, lr=0.000623, epoch_time=17.89s
[Epoch 023] train_loss=0.2657, train_hard=0.5824, train_soft=0.2164, train_logit_mse=0.4227, train_feature_mse=0.0007, train_acc=0.8060, alpha=0.100, val_acc=0.7642, val_macro_f1=0.6151, val_weighted_f1=0.7523, lr=0.000608, epoch_time=17.84s
[Epoch 024] train_loss=0.2624, train_hard=0.5829, train_soft=0.2129, train_logit_mse=0.4161, train_feature_mse=0.0007, train_acc=0.8060, alpha=0.100, val_acc=0.7557, val_macro_f1=0.5930, val_weighted_f1=0.7374, lr=0.000592, epoch_time=17.98s
[Epoch 025] train_loss=0.2614, train_hard=0.5788, train_soft=0.2123, train_logit_mse=0.4147, train_feature_mse=0.0007, train_acc=0.8090, alpha=0.100, val_acc=0.7581, val_macro_f1=0.5958, val_weighted_f1=0.7414, lr=0.000576, epoch_time=17.99s
[Epoch 026] train_loss=0.2562, train_hard=0.5782, train_soft=0.2070, train_logit_mse=0.4046, train_feature_mse=0.0007, train_acc=0.8084, alpha=0.100, val_acc=0.7605, val_macro_f1=0.6003, val_weighted_f1=0.7444, lr=0.000560, epoch_time=17.87s
[Epoch 027] train_loss=0.2552, train_hard=0.5767, train_soft=0.2061, train_logit_mse=0.4029, train_feature_mse=0.0007, train_acc=0.8073, alpha=0.100, val_acc=0.7526, val_macro_f1=0.6006, val_weighted_f1=0.7374, lr=0.000544, epoch_time=17.98s
[Epoch 028] train_loss=0.2511, train_hard=0.5747, train_soft=0.2020, train_logit_mse=0.3951, train_feature_mse=0.0007, train_acc=0.8081, alpha=0.100, val_acc=0.7563, val_macro_f1=0.6054, val_weighted_f1=0.7443, lr=0.000527, epoch_time=17.85s
[Epoch 029] train_loss=0.2527, train_hard=0.5743, train_soft=0.2036, train_logit_mse=0.3981, train_feature_mse=0.0007, train_acc=0.8104, alpha=0.100, val_acc=0.7489, val_macro_f1=0.6011, val_weighted_f1=0.7361, lr=0.000510, epoch_time=17.99s
[Epoch 030] train_loss=0.2499, train_hard=0.5701, train_soft=0.2012, train_logit_mse=0.3933, train_feature_mse=0.0006, train_acc=0.8111, alpha=0.100, val_acc=0.7593, val_macro_f1=0.5999, val_weighted_f1=0.7457, lr=0.000493, epoch_time=17.85s
[Epoch 031] train_loss=0.2440, train_hard=0.5678, train_soft=0.1953, train_logit_mse=0.3820, train_feature_mse=0.0006, train_acc=0.8084, alpha=0.100, val_acc=0.7618, val_macro_f1=0.6079, val_weighted_f1=0.7476, lr=0.000476, epoch_time=17.79s
[Epoch 032] train_loss=0.2458, train_hard=0.5648, train_soft=0.1975, train_logit_mse=0.3861, train_feature_mse=0.0006, train_acc=0.8111, alpha=0.100, val_acc=0.7624, val_macro_f1=0.6074, val_weighted_f1=0.7465, lr=0.000458, epoch_time=17.92s
[Epoch 033] train_loss=0.2438, train_hard=0.5680, train_soft=0.1950, train_logit_mse=0.3813, train_feature_mse=0.0006, train_acc=0.8098, alpha=0.100, val_acc=0.7575, val_macro_f1=0.6096, val_weighted_f1=0.7446, lr=0.000440, epoch_time=17.87s
[Epoch 034] train_loss=0.2406, train_hard=0.5627, train_soft=0.1923, train_logit_mse=0.3758, train_feature_mse=0.0006, train_acc=0.8128, alpha=0.100, val_acc=0.7593, val_macro_f1=0.6219, val_weighted_f1=0.7491, lr=0.000423, epoch_time=17.84s
Early stopping triggered.
Loaded best KD student checkpoint for final test evaluation.
Best validation macro-F1: 0.6278
Best epoch: 19
Time to best model: 341.81 seconds
Checkpoint size (MB): 0.174
Student size: medium
Teacher used: checkpoints/teacher/teacher_cnn_seed123.pt
Teacher arch: TeacherCNN
Teacher size: large
Checkpoint seed: 123
Test accuracy (KD student): 0.7764
Test macro-F1 (KD student): 0.6244
Test weighted-F1 (KD student): 0.7704
Test classification report:
              precision    recall  f1-score   support

           0       0.87      0.62      0.72       184
           1       0.19      0.14      0.16        56
           2       0.70      0.66      0.68       256
           3       0.83      0.90      0.86       912
           4       0.69      0.70      0.69       242

    accuracy                           0.78      1650
   macro avg       0.66      0.60      0.62      1650
weighted avg       0.77      0.78      0.77      1650

Test confusion matrix:
[[114   4  10  47   9]
 [  2   8   2  37   7]
 [  5   4 168  53  26]
 [  8  14  33 822  35]
 [  2  12  26  33 169]]
Inference latency: 1.4457 ms/sample
