Using device: cuda
Seed: 999
Deterministic mode: True
Deterministic warn_only: True
KD hyperparameters: alpha_start=0.100, alpha_end=0.100, temperature=32.00, logit_mse_weight=0.030, feature_mse_weight=0.030, class_weight_gamma=0.00, sampler_power=0.35, label_smoothing=0.000, student_size=medium
Training: batch_size=64, lr=0.0008, epochs=70, patience=15, weight_decay=0.002, grad_clip=1.0, num_workers=2, disable_augmentation=False, use_weighted_sampler=False
Teacher checkpoint path: checkpoints/teacher/teacher_cnn_seed999.pt
Student checkpoint path: /users/40370279/csc4006/code/experiments/2__temperature_sweep/checkpoints/student_T32_seed999.pt
Training set size: 12957
Validation set size: 1637
Test set size: 1650
Number of leads: 12 classes: 5
Classes: ['CD' 'HYP' 'MI' 'NORM' 'STTC']
Trainable parameters (student): 12809
Total parameters (student): 12809
Estimated model size (MB): 0.051
Teacher pooled dim: 896
Student pooled dim: 28
Class weights: [1. 1. 1. 1. 1.]
Training sampler: standard shuffled loader
[Epoch 001] train_loss=1.2641, train_hard=1.1014, train_soft=1.2037, train_logit_mse=2.3223, train_feature_mse=0.0320, train_acc=0.6079, alpha=0.100, val_acc=0.6732, val_macro_f1=0.3634, val_weighted_f1=0.6086, lr=0.000800, epoch_time=19.19s
  -> New best KD student saved to /users/40370279/csc4006/code/experiments/2__temperature_sweep/checkpoints/student_T32_seed999.pt
[Epoch 002] train_loss=0.8972, train_hard=0.8503, train_soft=0.8471, train_logit_mse=1.6393, train_feature_mse=0.0205, train_acc=0.7102, alpha=0.100, val_acc=0.7330, val_macro_f1=0.5138, val_weighted_f1=0.7011, lr=0.000798, epoch_time=17.80s
  -> New best KD student saved to /users/40370279/csc4006/code/experiments/2__temperature_sweep/checkpoints/student_T32_seed999.pt
[Epoch 003] train_loss=0.6903, train_hard=0.7322, train_soft=0.6435, train_logit_mse=1.2497, train_feature_mse=0.0148, train_acc=0.7595, alpha=0.100, val_acc=0.7392, val_macro_f1=0.5300, val_weighted_f1=0.7116, lr=0.000796, epoch_time=17.74s
  -> New best KD student saved to /users/40370279/csc4006/code/experiments/2__temperature_sweep/checkpoints/student_T32_seed999.pt
[Epoch 004] train_loss=0.6097, train_hard=0.6935, train_soft=0.5636, train_logit_mse=1.0957, train_feature_mse=0.0081, train_acc=0.7742, alpha=0.100, val_acc=0.7471, val_macro_f1=0.5496, val_weighted_f1=0.7260, lr=0.000794, epoch_time=17.98s
  -> New best KD student saved to /users/40370279/csc4006/code/experiments/2__temperature_sweep/checkpoints/student_T32_seed999.pt
[Epoch 005] train_loss=0.5657, train_hard=0.6698, train_soft=0.5203, train_logit_mse=1.0118, train_feature_mse=0.0047, train_acc=0.7799, alpha=0.100, val_acc=0.7453, val_macro_f1=0.5339, val_weighted_f1=0.7139, lr=0.000790, epoch_time=17.89s
[Epoch 006] train_loss=0.5444, train_hard=0.6672, train_soft=0.4983, train_logit_mse=0.9689, train_feature_mse=0.0028, train_acc=0.7788, alpha=0.100, val_acc=0.7489, val_macro_f1=0.5410, val_weighted_f1=0.7196, lr=0.000786, epoch_time=17.78s
[Epoch 007] train_loss=0.5186, train_hard=0.6494, train_soft=0.4734, train_logit_mse=0.9206, train_feature_mse=0.0017, train_acc=0.7871, alpha=0.100, val_acc=0.7611, val_macro_f1=0.5642, val_weighted_f1=0.7379, lr=0.000781, epoch_time=17.75s
  -> New best KD student saved to /users/40370279/csc4006/code/experiments/2__temperature_sweep/checkpoints/student_T32_seed999.pt
[Epoch 008] train_loss=0.4987, train_hard=0.6350, train_soft=0.4541, train_logit_mse=0.8827, train_feature_mse=0.0014, train_acc=0.7925, alpha=0.100, val_acc=0.7508, val_macro_f1=0.5550, val_weighted_f1=0.7278, lr=0.000775, epoch_time=17.92s
[Epoch 009] train_loss=0.4788, train_hard=0.6245, train_soft=0.4344, train_logit_mse=0.8447, train_feature_mse=0.0012, train_acc=0.7956, alpha=0.100, val_acc=0.7557, val_macro_f1=0.5597, val_weighted_f1=0.7340, lr=0.000768, epoch_time=17.94s
[Epoch 010] train_loss=0.4691, train_hard=0.6200, train_soft=0.4248, train_logit_mse=0.8262, train_feature_mse=0.0012, train_acc=0.7927, alpha=0.100, val_acc=0.7550, val_macro_f1=0.5612, val_weighted_f1=0.7316, lr=0.000761, epoch_time=17.81s
[Epoch 011] train_loss=0.4610, train_hard=0.6142, train_soft=0.4169, train_logit_mse=0.8110, train_feature_mse=0.0011, train_acc=0.7970, alpha=0.100, val_acc=0.7599, val_macro_f1=0.5633, val_weighted_f1=0.7365, lr=0.000753, epoch_time=17.88s
[Epoch 012] train_loss=0.4530, train_hard=0.6102, train_soft=0.4090, train_logit_mse=0.7959, train_feature_mse=0.0010, train_acc=0.7967, alpha=0.100, val_acc=0.7593, val_macro_f1=0.5741, val_weighted_f1=0.7425, lr=0.000744, epoch_time=17.82s
  -> New best KD student saved to /users/40370279/csc4006/code/experiments/2__temperature_sweep/checkpoints/student_T32_seed999.pt
[Epoch 013] train_loss=0.4429, train_hard=0.6046, train_soft=0.3990, train_logit_mse=0.7763, train_feature_mse=0.0010, train_acc=0.8005, alpha=0.100, val_acc=0.7544, val_macro_f1=0.5665, val_weighted_f1=0.7364, lr=0.000735, epoch_time=17.98s
[Epoch 014] train_loss=0.4321, train_hard=0.5990, train_soft=0.3883, train_logit_mse=0.7557, train_feature_mse=0.0010, train_acc=0.8051, alpha=0.100, val_acc=0.7611, val_macro_f1=0.5985, val_weighted_f1=0.7512, lr=0.000725, epoch_time=17.97s
  -> New best KD student saved to /users/40370279/csc4006/code/experiments/2__temperature_sweep/checkpoints/student_T32_seed999.pt
[Epoch 015] train_loss=0.4261, train_hard=0.5964, train_soft=0.3823, train_logit_mse=0.7438, train_feature_mse=0.0009, train_acc=0.8018, alpha=0.100, val_acc=0.7520, val_macro_f1=0.5646, val_weighted_f1=0.7295, lr=0.000714, epoch_time=17.90s
[Epoch 016] train_loss=0.4192, train_hard=0.5899, train_soft=0.3758, train_logit_mse=0.7312, train_feature_mse=0.0009, train_acc=0.8040, alpha=0.100, val_acc=0.7685, val_macro_f1=0.5974, val_weighted_f1=0.7521, lr=0.000702, epoch_time=17.83s
[Epoch 017] train_loss=0.4134, train_hard=0.5897, train_soft=0.3698, train_logit_mse=0.7196, train_feature_mse=0.0009, train_acc=0.8033, alpha=0.100, val_acc=0.7642, val_macro_f1=0.5868, val_weighted_f1=0.7452, lr=0.000691, epoch_time=18.02s
[Epoch 018] train_loss=0.4069, train_hard=0.5850, train_soft=0.3635, train_logit_mse=0.7075, train_feature_mse=0.0009, train_acc=0.8061, alpha=0.100, val_acc=0.7654, val_macro_f1=0.5990, val_weighted_f1=0.7505, lr=0.000678, epoch_time=17.86s
  -> New best KD student saved to /users/40370279/csc4006/code/experiments/2__temperature_sweep/checkpoints/student_T32_seed999.pt
[Epoch 019] train_loss=0.4031, train_hard=0.5808, train_soft=0.3599, train_logit_mse=0.7007, train_feature_mse=0.0009, train_acc=0.8075, alpha=0.100, val_acc=0.7673, val_macro_f1=0.5840, val_weighted_f1=0.7453, lr=0.000665, epoch_time=17.83s
[Epoch 020] train_loss=0.3992, train_hard=0.5824, train_soft=0.3557, train_logit_mse=0.6923, train_feature_mse=0.0009, train_acc=0.8061, alpha=0.100, val_acc=0.7447, val_macro_f1=0.5988, val_weighted_f1=0.7415, lr=0.000651, epoch_time=17.97s
[Epoch 021] train_loss=0.3952, train_hard=0.5819, train_soft=0.3516, train_logit_mse=0.6845, train_feature_mse=0.0008, train_acc=0.8078, alpha=0.100, val_acc=0.7563, val_macro_f1=0.5901, val_weighted_f1=0.7436, lr=0.000637, epoch_time=17.99s
[Epoch 022] train_loss=0.3904, train_hard=0.5772, train_soft=0.3470, train_logit_mse=0.6757, train_feature_mse=0.0008, train_acc=0.8080, alpha=0.100, val_acc=0.7557, val_macro_f1=0.5786, val_weighted_f1=0.7354, lr=0.000623, epoch_time=17.90s
[Epoch 023] train_loss=0.3825, train_hard=0.5717, train_soft=0.3394, train_logit_mse=0.6611, train_feature_mse=0.0008, train_acc=0.8108, alpha=0.100, val_acc=0.7618, val_macro_f1=0.5970, val_weighted_f1=0.7501, lr=0.000608, epoch_time=18.13s
[Epoch 024] train_loss=0.3781, train_hard=0.5672, train_soft=0.3353, train_logit_mse=0.6531, train_feature_mse=0.0008, train_acc=0.8129, alpha=0.100, val_acc=0.7691, val_macro_f1=0.6111, val_weighted_f1=0.7590, lr=0.000592, epoch_time=17.83s
  -> New best KD student saved to /users/40370279/csc4006/code/experiments/2__temperature_sweep/checkpoints/student_T32_seed999.pt
[Epoch 025] train_loss=0.3760, train_hard=0.5650, train_soft=0.3333, train_logit_mse=0.6489, train_feature_mse=0.0008, train_acc=0.8137, alpha=0.100, val_acc=0.7611, val_macro_f1=0.6282, val_weighted_f1=0.7604, lr=0.000576, epoch_time=17.94s
  -> New best KD student saved to /users/40370279/csc4006/code/experiments/2__temperature_sweep/checkpoints/student_T32_seed999.pt
[Epoch 026] train_loss=0.3733, train_hard=0.5629, train_soft=0.3307, train_logit_mse=0.6442, train_feature_mse=0.0008, train_acc=0.8137, alpha=0.100, val_acc=0.7624, val_macro_f1=0.6061, val_weighted_f1=0.7505, lr=0.000560, epoch_time=18.09s
[Epoch 027] train_loss=0.3689, train_hard=0.5625, train_soft=0.3262, train_logit_mse=0.6352, train_feature_mse=0.0008, train_acc=0.8138, alpha=0.100, val_acc=0.7642, val_macro_f1=0.6057, val_weighted_f1=0.7532, lr=0.000544, epoch_time=17.92s
[Epoch 028] train_loss=0.3615, train_hard=0.5612, train_soft=0.3186, train_logit_mse=0.6203, train_feature_mse=0.0007, train_acc=0.8156, alpha=0.100, val_acc=0.7593, val_macro_f1=0.6019, val_weighted_f1=0.7452, lr=0.000527, epoch_time=17.79s
[Epoch 029] train_loss=0.3548, train_hard=0.5523, train_soft=0.3125, train_logit_mse=0.6089, train_feature_mse=0.0007, train_acc=0.8172, alpha=0.100, val_acc=0.7587, val_macro_f1=0.6240, val_weighted_f1=0.7533, lr=0.000510, epoch_time=18.00s
[Epoch 030] train_loss=0.3588, train_hard=0.5588, train_soft=0.3160, train_logit_mse=0.6154, train_feature_mse=0.0007, train_acc=0.8120, alpha=0.100, val_acc=0.7673, val_macro_f1=0.6265, val_weighted_f1=0.7605, lr=0.000493, epoch_time=17.86s
[Epoch 031] train_loss=0.3544, train_hard=0.5582, train_soft=0.3115, train_logit_mse=0.6066, train_feature_mse=0.0007, train_acc=0.8138, alpha=0.100, val_acc=0.7538, val_macro_f1=0.6079, val_weighted_f1=0.7446, lr=0.000476, epoch_time=17.88s
[Epoch 032] train_loss=0.3484, train_hard=0.5490, train_soft=0.3062, train_logit_mse=0.5965, train_feature_mse=0.0007, train_acc=0.8178, alpha=0.100, val_acc=0.7654, val_macro_f1=0.6065, val_weighted_f1=0.7511, lr=0.000458, epoch_time=17.92s
[Epoch 033] train_loss=0.3456, train_hard=0.5504, train_soft=0.3031, train_logit_mse=0.5904, train_feature_mse=0.0007, train_acc=0.8186, alpha=0.100, val_acc=0.7673, val_macro_f1=0.6180, val_weighted_f1=0.7585, lr=0.000440, epoch_time=17.80s
[Epoch 034] train_loss=0.3431, train_hard=0.5488, train_soft=0.3007, train_logit_mse=0.5856, train_feature_mse=0.0007, train_acc=0.8159, alpha=0.100, val_acc=0.7654, val_macro_f1=0.6353, val_weighted_f1=0.7607, lr=0.000423, epoch_time=17.90s
  -> New best KD student saved to /users/40370279/csc4006/code/experiments/2__temperature_sweep/checkpoints/student_T32_seed999.pt
[Epoch 035] train_loss=0.3408, train_hard=0.5452, train_soft=0.2987, train_logit_mse=0.5817, train_feature_mse=0.0007, train_acc=0.8179, alpha=0.100, val_acc=0.7605, val_macro_f1=0.6345, val_weighted_f1=0.7578, lr=0.000405, epoch_time=17.93s
[Epoch 036] train_loss=0.3377, train_hard=0.5419, train_soft=0.2957, train_logit_mse=0.5764, train_feature_mse=0.0007, train_acc=0.8196, alpha=0.100, val_acc=0.7691, val_macro_f1=0.6437, val_weighted_f1=0.7648, lr=0.000387, epoch_time=17.84s
  -> New best KD student saved to /users/40370279/csc4006/code/experiments/2__temperature_sweep/checkpoints/student_T32_seed999.pt
[Epoch 037] train_loss=0.3357, train_hard=0.5435, train_soft=0.2936, train_logit_mse=0.5720, train_feature_mse=0.0007, train_acc=0.8186, alpha=0.100, val_acc=0.7685, val_macro_f1=0.6140, val_weighted_f1=0.7581, lr=0.000370, epoch_time=17.92s
[Epoch 038] train_loss=0.3344, train_hard=0.5412, train_soft=0.2924, train_logit_mse=0.5697, train_feature_mse=0.0007, train_acc=0.8225, alpha=0.100, val_acc=0.7660, val_macro_f1=0.6174, val_weighted_f1=0.7552, lr=0.000352, epoch_time=17.95s
[Epoch 039] train_loss=0.3336, train_hard=0.5379, train_soft=0.2919, train_logit_mse=0.5687, train_feature_mse=0.0007, train_acc=0.8200, alpha=0.100, val_acc=0.7648, val_macro_f1=0.6255, val_weighted_f1=0.7571, lr=0.000334, epoch_time=18.04s
[Epoch 040] train_loss=0.3334, train_hard=0.5418, train_soft=0.2914, train_logit_mse=0.5676, train_feature_mse=0.0007, train_acc=0.8207, alpha=0.100, val_acc=0.7624, val_macro_f1=0.6313, val_weighted_f1=0.7547, lr=0.000317, epoch_time=18.04s
[Epoch 041] train_loss=0.3300, train_hard=0.5388, train_soft=0.2881, train_logit_mse=0.5615, train_feature_mse=0.0006, train_acc=0.8190, alpha=0.100, val_acc=0.7654, val_macro_f1=0.6275, val_weighted_f1=0.7557, lr=0.000300, epoch_time=17.95s
[Epoch 042] train_loss=0.3313, train_hard=0.5415, train_soft=0.2892, train_logit_mse=0.5635, train_feature_mse=0.0006, train_acc=0.8186, alpha=0.100, val_acc=0.7569, val_macro_f1=0.6275, val_weighted_f1=0.7520, lr=0.000283, epoch_time=17.76s
[Epoch 043] train_loss=0.3264, train_hard=0.5316, train_soft=0.2850, train_logit_mse=0.5555, train_feature_mse=0.0006, train_acc=0.8223, alpha=0.100, val_acc=0.7630, val_macro_f1=0.6334, val_weighted_f1=0.7590, lr=0.000266, epoch_time=17.87s
[Epoch 044] train_loss=0.3241, train_hard=0.5321, train_soft=0.2826, train_logit_mse=0.5506, train_feature_mse=0.0006, train_acc=0.8243, alpha=0.100, val_acc=0.7642, val_macro_f1=0.6323, val_weighted_f1=0.7567, lr=0.000250, epoch_time=17.95s
[Epoch 045] train_loss=0.3247, train_hard=0.5365, train_soft=0.2828, train_logit_mse=0.5512, train_feature_mse=0.0006, train_acc=0.8219, alpha=0.100, val_acc=0.7721, val_macro_f1=0.6378, val_weighted_f1=0.7639, lr=0.000234, epoch_time=17.96s
[Epoch 046] train_loss=0.3192, train_hard=0.5325, train_soft=0.2774, train_logit_mse=0.5407, train_feature_mse=0.0006, train_acc=0.8233, alpha=0.100, val_acc=0.7660, val_macro_f1=0.6277, val_weighted_f1=0.7556, lr=0.000218, epoch_time=17.86s
[Epoch 047] train_loss=0.3246, train_hard=0.5350, train_soft=0.2828, train_logit_mse=0.5510, train_feature_mse=0.0006, train_acc=0.8203, alpha=0.100, val_acc=0.7679, val_macro_f1=0.6405, val_weighted_f1=0.7629, lr=0.000202, epoch_time=17.94s
[Epoch 048] train_loss=0.3157, train_hard=0.5286, train_soft=0.2742, train_logit_mse=0.5346, train_feature_mse=0.0006, train_acc=0.8224, alpha=0.100, val_acc=0.7679, val_macro_f1=0.6389, val_weighted_f1=0.7628, lr=0.000187, epoch_time=17.80s
[Epoch 049] train_loss=0.3179, train_hard=0.5314, train_soft=0.2762, train_logit_mse=0.5382, train_feature_mse=0.0006, train_acc=0.8238, alpha=0.100, val_acc=0.7605, val_macro_f1=0.6155, val_weighted_f1=0.7489, lr=0.000173, epoch_time=17.87s
[Epoch 050] train_loss=0.3183, train_hard=0.5301, train_soft=0.2767, train_logit_mse=0.5393, train_feature_mse=0.0006, train_acc=0.8213, alpha=0.100, val_acc=0.7630, val_macro_f1=0.6346, val_weighted_f1=0.7592, lr=0.000159, epoch_time=17.92s
[Epoch 051] train_loss=0.3127, train_hard=0.5270, train_soft=0.2713, train_logit_mse=0.5289, train_feature_mse=0.0006, train_acc=0.8250, alpha=0.100, val_acc=0.7673, val_macro_f1=0.6401, val_weighted_f1=0.7629, lr=0.000145, epoch_time=17.94s
Early stopping triggered.
Loaded best KD student checkpoint for final test evaluation.
Best validation macro-F1: 0.6437
Best epoch: 36
Time to best model: 646.24 seconds
Checkpoint size (MB): 0.174
Student size: medium
Teacher used: checkpoints/teacher/teacher_cnn_seed999.pt
Teacher arch: TeacherCNN
Teacher size: large
Checkpoint seed: 999
Test accuracy (KD student): 0.7721
Test macro-F1 (KD student): 0.6208
Test weighted-F1 (KD student): 0.7642
Test classification report:
              precision    recall  f1-score   support

           0       0.86      0.63      0.73       184
           1       0.16      0.14      0.15        56
           2       0.80      0.59      0.68       256
           3       0.79      0.92      0.85       912
           4       0.73      0.66      0.69       242

    accuracy                           0.77      1650
   macro avg       0.67      0.59      0.62      1650
weighted avg       0.77      0.77      0.76      1650

Test confusion matrix:
[[116   3   6  55   4]
 [  1   8   3  38   6]
 [  6   1 151  73  25]
 [  8  23  18 839  24]
 [  4  14  11  53 160]]
Inference latency: 1.4083 ms/sample
