Using device: cuda
Seed: 999
Deterministic mode: True
Deterministic warn_only: True
KD hyperparameters: alpha_start=0.100, alpha_end=0.100, temperature=4.00, logit_mse_weight=0.030, feature_mse_weight=0.030, class_weight_gamma=0.00, sampler_power=0.35, label_smoothing=0.000, student_size=medium
Training: batch_size=64, lr=0.0008, epochs=70, patience=15, weight_decay=0.002, grad_clip=1.0, num_workers=2, disable_augmentation=False, use_weighted_sampler=False
Teacher checkpoint path: checkpoints/teacher/teacher_cnn_seed999.pt
Student checkpoint path: /users/40370279/csc4006/code/experiments/2__temperature_sweep/checkpoints/student_T4_seed999.pt
Training set size: 12957
Validation set size: 1637
Test set size: 1650
Number of leads: 12 classes: 5
Classes: ['CD' 'HYP' 'MI' 'NORM' 'STTC']
Trainable parameters (student): 12809
Total parameters (student): 12809
Estimated model size (MB): 0.051
Teacher pooled dim: 896
Student pooled dim: 28
Class weights: [1. 1. 1. 1. 1.]
Training sampler: standard shuffled loader
[Epoch 001] train_loss=1.4478, train_hard=1.0920, train_soft=1.4080, train_logit_mse=2.3467, train_feature_mse=0.0320, train_acc=0.6057, alpha=0.100, val_acc=0.6652, val_macro_f1=0.3592, val_weighted_f1=0.6048, lr=0.000800, epoch_time=19.11s
  -> New best KD student saved to /users/40370279/csc4006/code/experiments/2__temperature_sweep/checkpoints/student_T4_seed999.pt
[Epoch 002] train_loss=1.0211, train_hard=0.8472, train_soft=0.9832, train_logit_mse=1.6956, train_feature_mse=0.0206, train_acc=0.7086, alpha=0.100, val_acc=0.7129, val_macro_f1=0.4730, val_weighted_f1=0.6729, lr=0.000798, epoch_time=18.10s
  -> New best KD student saved to /users/40370279/csc4006/code/experiments/2__temperature_sweep/checkpoints/student_T4_seed999.pt
[Epoch 003] train_loss=0.8045, train_hard=0.7486, train_soft=0.7653, train_logit_mse=1.3469, train_feature_mse=0.0153, train_acc=0.7565, alpha=0.100, val_acc=0.7422, val_macro_f1=0.5340, val_weighted_f1=0.7172, lr=0.000796, epoch_time=17.96s
  -> New best KD student saved to /users/40370279/csc4006/code/experiments/2__temperature_sweep/checkpoints/student_T4_seed999.pt
[Epoch 004] train_loss=0.7051, train_hard=0.7075, train_soft=0.6654, train_logit_mse=1.1730, train_feature_mse=0.0083, train_acc=0.7687, alpha=0.100, val_acc=0.7532, val_macro_f1=0.5521, val_weighted_f1=0.7305, lr=0.000794, epoch_time=18.05s
  -> New best KD student saved to /users/40370279/csc4006/code/experiments/2__temperature_sweep/checkpoints/student_T4_seed999.pt
[Epoch 005] train_loss=0.6487, train_hard=0.6829, train_soft=0.6089, train_logit_mse=1.0779, train_feature_mse=0.0048, train_acc=0.7751, alpha=0.100, val_acc=0.7599, val_macro_f1=0.5583, val_weighted_f1=0.7359, lr=0.000790, epoch_time=17.90s
  -> New best KD student saved to /users/40370279/csc4006/code/experiments/2__temperature_sweep/checkpoints/student_T4_seed999.pt
[Epoch 006] train_loss=0.6160, train_hard=0.6695, train_soft=0.5759, train_logit_mse=1.0203, train_feature_mse=0.0029, train_acc=0.7796, alpha=0.100, val_acc=0.7599, val_macro_f1=0.5605, val_weighted_f1=0.7358, lr=0.000786, epoch_time=17.74s
  -> New best KD student saved to /users/40370279/csc4006/code/experiments/2__temperature_sweep/checkpoints/student_T4_seed999.pt
[Epoch 007] train_loss=0.5913, train_hard=0.6575, train_soft=0.5512, train_logit_mse=0.9787, train_feature_mse=0.0018, train_acc=0.7843, alpha=0.100, val_acc=0.7599, val_macro_f1=0.5593, val_weighted_f1=0.7361, lr=0.000781, epoch_time=17.91s
[Epoch 008] train_loss=0.5668, train_hard=0.6439, train_soft=0.5270, train_logit_mse=0.9365, train_feature_mse=0.0014, train_acc=0.7884, alpha=0.100, val_acc=0.7550, val_macro_f1=0.5612, val_weighted_f1=0.7337, lr=0.000775, epoch_time=18.04s
  -> New best KD student saved to /users/40370279/csc4006/code/experiments/2__temperature_sweep/checkpoints/student_T4_seed999.pt
[Epoch 009] train_loss=0.5413, train_hard=0.6270, train_soft=0.5020, train_logit_mse=0.8923, train_feature_mse=0.0013, train_acc=0.7955, alpha=0.100, val_acc=0.7636, val_macro_f1=0.5841, val_weighted_f1=0.7483, lr=0.000768, epoch_time=17.90s
  -> New best KD student saved to /users/40370279/csc4006/code/experiments/2__temperature_sweep/checkpoints/student_T4_seed999.pt
[Epoch 010] train_loss=0.5325, train_hard=0.6272, train_soft=0.4926, train_logit_mse=0.8790, train_feature_mse=0.0012, train_acc=0.7902, alpha=0.100, val_acc=0.7599, val_macro_f1=0.5711, val_weighted_f1=0.7401, lr=0.000761, epoch_time=17.85s
[Epoch 011] train_loss=0.5197, train_hard=0.6192, train_soft=0.4800, train_logit_mse=0.8594, train_feature_mse=0.0012, train_acc=0.7949, alpha=0.100, val_acc=0.7483, val_macro_f1=0.5568, val_weighted_f1=0.7260, lr=0.000753, epoch_time=17.85s
[Epoch 012] train_loss=0.5060, train_hard=0.6121, train_soft=0.4663, train_logit_mse=0.8364, train_feature_mse=0.0011, train_acc=0.7955, alpha=0.100, val_acc=0.7691, val_macro_f1=0.5882, val_weighted_f1=0.7514, lr=0.000744, epoch_time=17.92s
  -> New best KD student saved to /users/40370279/csc4006/code/experiments/2__temperature_sweep/checkpoints/student_T4_seed999.pt
[Epoch 013] train_loss=0.4956, train_hard=0.6058, train_soft=0.4560, train_logit_mse=0.8185, train_feature_mse=0.0011, train_acc=0.7968, alpha=0.100, val_acc=0.7660, val_macro_f1=0.5754, val_weighted_f1=0.7444, lr=0.000735, epoch_time=17.83s
[Epoch 014] train_loss=0.4864, train_hard=0.6035, train_soft=0.4466, train_logit_mse=0.8012, train_feature_mse=0.0010, train_acc=0.7995, alpha=0.100, val_acc=0.7654, val_macro_f1=0.5952, val_weighted_f1=0.7514, lr=0.000725, epoch_time=18.00s
  -> New best KD student saved to /users/40370279/csc4006/code/experiments/2__temperature_sweep/checkpoints/student_T4_seed999.pt
[Epoch 015] train_loss=0.4714, train_hard=0.5923, train_soft=0.4320, train_logit_mse=0.7791, train_feature_mse=0.0010, train_acc=0.8038, alpha=0.100, val_acc=0.7557, val_macro_f1=0.5743, val_weighted_f1=0.7348, lr=0.000714, epoch_time=17.88s
[Epoch 016] train_loss=0.4684, train_hard=0.5917, train_soft=0.4289, train_logit_mse=0.7727, train_feature_mse=0.0010, train_acc=0.8021, alpha=0.100, val_acc=0.7624, val_macro_f1=0.6173, val_weighted_f1=0.7549, lr=0.000702, epoch_time=17.92s
  -> New best KD student saved to /users/40370279/csc4006/code/experiments/2__temperature_sweep/checkpoints/student_T4_seed999.pt
[Epoch 017] train_loss=0.4627, train_hard=0.5916, train_soft=0.4230, train_logit_mse=0.7620, train_feature_mse=0.0009, train_acc=0.8027, alpha=0.100, val_acc=0.7636, val_macro_f1=0.5953, val_weighted_f1=0.7451, lr=0.000691, epoch_time=17.98s
[Epoch 018] train_loss=0.4536, train_hard=0.5839, train_soft=0.4141, train_logit_mse=0.7486, train_feature_mse=0.0009, train_acc=0.8058, alpha=0.100, val_acc=0.7721, val_macro_f1=0.6144, val_weighted_f1=0.7597, lr=0.000678, epoch_time=17.95s
[Epoch 019] train_loss=0.4486, train_hard=0.5808, train_soft=0.4092, train_logit_mse=0.7401, train_feature_mse=0.0009, train_acc=0.8050, alpha=0.100, val_acc=0.7636, val_macro_f1=0.6114, val_weighted_f1=0.7511, lr=0.000665, epoch_time=17.85s
[Epoch 020] train_loss=0.4450, train_hard=0.5814, train_soft=0.4053, train_logit_mse=0.7333, train_feature_mse=0.0009, train_acc=0.8039, alpha=0.100, val_acc=0.7538, val_macro_f1=0.6111, val_weighted_f1=0.7488, lr=0.000651, epoch_time=17.84s
[Epoch 021] train_loss=0.4353, train_hard=0.5751, train_soft=0.3958, train_logit_mse=0.7178, train_feature_mse=0.0009, train_acc=0.8098, alpha=0.100, val_acc=0.7593, val_macro_f1=0.6070, val_weighted_f1=0.7501, lr=0.000637, epoch_time=17.93s
[Epoch 022] train_loss=0.4347, train_hard=0.5772, train_soft=0.3951, train_logit_mse=0.7144, train_feature_mse=0.0008, train_acc=0.8057, alpha=0.100, val_acc=0.7587, val_macro_f1=0.5947, val_weighted_f1=0.7413, lr=0.000623, epoch_time=17.85s
[Epoch 023] train_loss=0.4246, train_hard=0.5687, train_soft=0.3853, train_logit_mse=0.6993, train_feature_mse=0.0008, train_acc=0.8093, alpha=0.100, val_acc=0.7575, val_macro_f1=0.6008, val_weighted_f1=0.7434, lr=0.000608, epoch_time=18.03s
[Epoch 024] train_loss=0.4236, train_hard=0.5668, train_soft=0.3844, train_logit_mse=0.6976, train_feature_mse=0.0008, train_acc=0.8138, alpha=0.100, val_acc=0.7697, val_macro_f1=0.6227, val_weighted_f1=0.7600, lr=0.000592, epoch_time=17.92s
  -> New best KD student saved to /users/40370279/csc4006/code/experiments/2__temperature_sweep/checkpoints/student_T4_seed999.pt
[Epoch 025] train_loss=0.4186, train_hard=0.5626, train_soft=0.3796, train_logit_mse=0.6885, train_feature_mse=0.0008, train_acc=0.8128, alpha=0.100, val_acc=0.7673, val_macro_f1=0.6242, val_weighted_f1=0.7591, lr=0.000576, epoch_time=17.90s
  -> New best KD student saved to /users/40370279/csc4006/code/experiments/2__temperature_sweep/checkpoints/student_T4_seed999.pt
[Epoch 026] train_loss=0.4158, train_hard=0.5657, train_soft=0.3763, train_logit_mse=0.6847, train_feature_mse=0.0008, train_acc=0.8138, alpha=0.100, val_acc=0.7557, val_macro_f1=0.6105, val_weighted_f1=0.7471, lr=0.000560, epoch_time=17.85s
[Epoch 027] train_loss=0.4085, train_hard=0.5594, train_soft=0.3693, train_logit_mse=0.6716, train_feature_mse=0.0008, train_acc=0.8140, alpha=0.100, val_acc=0.7697, val_macro_f1=0.6129, val_weighted_f1=0.7541, lr=0.000544, epoch_time=17.88s
[Epoch 028] train_loss=0.4023, train_hard=0.5599, train_soft=0.3628, train_logit_mse=0.6591, train_feature_mse=0.0008, train_acc=0.8140, alpha=0.100, val_acc=0.7703, val_macro_f1=0.6141, val_weighted_f1=0.7537, lr=0.000527, epoch_time=18.08s
[Epoch 029] train_loss=0.3943, train_hard=0.5526, train_soft=0.3552, train_logit_mse=0.6474, train_feature_mse=0.0007, train_acc=0.8144, alpha=0.100, val_acc=0.7581, val_macro_f1=0.6225, val_weighted_f1=0.7526, lr=0.000510, epoch_time=17.94s
[Epoch 030] train_loss=0.3979, train_hard=0.5545, train_soft=0.3588, train_logit_mse=0.6521, train_feature_mse=0.0007, train_acc=0.8135, alpha=0.100, val_acc=0.7776, val_macro_f1=0.6391, val_weighted_f1=0.7688, lr=0.000493, epoch_time=17.85s
  -> New best KD student saved to /users/40370279/csc4006/code/experiments/2__temperature_sweep/checkpoints/student_T4_seed999.pt
[Epoch 031] train_loss=0.3901, train_hard=0.5516, train_soft=0.3508, train_logit_mse=0.6396, train_feature_mse=0.0007, train_acc=0.8158, alpha=0.100, val_acc=0.7691, val_macro_f1=0.6231, val_weighted_f1=0.7566, lr=0.000476, epoch_time=17.81s
[Epoch 032] train_loss=0.3857, train_hard=0.5480, train_soft=0.3465, train_logit_mse=0.6334, train_feature_mse=0.0007, train_acc=0.8178, alpha=0.100, val_acc=0.7728, val_macro_f1=0.6295, val_weighted_f1=0.7617, lr=0.000458, epoch_time=17.81s
[Epoch 033] train_loss=0.3821, train_hard=0.5468, train_soft=0.3429, train_logit_mse=0.6275, train_feature_mse=0.0007, train_acc=0.8182, alpha=0.100, val_acc=0.7630, val_macro_f1=0.6099, val_weighted_f1=0.7502, lr=0.000440, epoch_time=17.89s
[Epoch 034] train_loss=0.3820, train_hard=0.5452, train_soft=0.3429, train_logit_mse=0.6261, train_feature_mse=0.0007, train_acc=0.8146, alpha=0.100, val_acc=0.7666, val_macro_f1=0.6316, val_weighted_f1=0.7608, lr=0.000423, epoch_time=17.89s
[Epoch 035] train_loss=0.3785, train_hard=0.5439, train_soft=0.3394, train_logit_mse=0.6198, train_feature_mse=0.0007, train_acc=0.8196, alpha=0.100, val_acc=0.7819, val_macro_f1=0.6498, val_weighted_f1=0.7749, lr=0.000405, epoch_time=17.82s
  -> New best KD student saved to /users/40370279/csc4006/code/experiments/2__temperature_sweep/checkpoints/student_T4_seed999.pt
[Epoch 036] train_loss=0.3750, train_hard=0.5380, train_soft=0.3363, train_logit_mse=0.6175, train_feature_mse=0.0007, train_acc=0.8206, alpha=0.100, val_acc=0.7721, val_macro_f1=0.6333, val_weighted_f1=0.7633, lr=0.000387, epoch_time=17.86s
[Epoch 037] train_loss=0.3742, train_hard=0.5414, train_soft=0.3351, train_logit_mse=0.6139, train_feature_mse=0.0007, train_acc=0.8192, alpha=0.100, val_acc=0.7703, val_macro_f1=0.6354, val_weighted_f1=0.7637, lr=0.000370, epoch_time=17.95s
[Epoch 038] train_loss=0.3722, train_hard=0.5396, train_soft=0.3332, train_logit_mse=0.6110, train_feature_mse=0.0007, train_acc=0.8235, alpha=0.100, val_acc=0.7715, val_macro_f1=0.6286, val_weighted_f1=0.7600, lr=0.000352, epoch_time=17.87s
[Epoch 039] train_loss=0.3666, train_hard=0.5313, train_soft=0.3282, train_logit_mse=0.6030, train_feature_mse=0.0007, train_acc=0.8251, alpha=0.100, val_acc=0.7801, val_macro_f1=0.6300, val_weighted_f1=0.7677, lr=0.000334, epoch_time=18.02s
[Epoch 040] train_loss=0.3718, train_hard=0.5385, train_soft=0.3328, train_logit_mse=0.6114, train_feature_mse=0.0007, train_acc=0.8203, alpha=0.100, val_acc=0.7740, val_macro_f1=0.6405, val_weighted_f1=0.7653, lr=0.000317, epoch_time=17.85s
[Epoch 041] train_loss=0.3620, train_hard=0.5334, train_soft=0.3231, train_logit_mse=0.5947, train_feature_mse=0.0007, train_acc=0.8211, alpha=0.100, val_acc=0.7758, val_macro_f1=0.6423, val_weighted_f1=0.7669, lr=0.000300, epoch_time=17.95s
[Epoch 042] train_loss=0.3675, train_hard=0.5357, train_soft=0.3287, train_logit_mse=0.6032, train_feature_mse=0.0006, train_acc=0.8198, alpha=0.100, val_acc=0.7636, val_macro_f1=0.6321, val_weighted_f1=0.7567, lr=0.000283, epoch_time=17.82s
[Epoch 043] train_loss=0.3624, train_hard=0.5318, train_soft=0.3237, train_logit_mse=0.5959, train_feature_mse=0.0006, train_acc=0.8216, alpha=0.100, val_acc=0.7801, val_macro_f1=0.6498, val_weighted_f1=0.7719, lr=0.000266, epoch_time=17.93s
  -> New best KD student saved to /users/40370279/csc4006/code/experiments/2__temperature_sweep/checkpoints/student_T4_seed999.pt
[Epoch 044] train_loss=0.3615, train_hard=0.5311, train_soft=0.3228, train_logit_mse=0.5947, train_feature_mse=0.0006, train_acc=0.8229, alpha=0.100, val_acc=0.7752, val_macro_f1=0.6260, val_weighted_f1=0.7641, lr=0.000250, epoch_time=18.03s
[Epoch 045] train_loss=0.3598, train_hard=0.5304, train_soft=0.3211, train_logit_mse=0.5919, train_feature_mse=0.0006, train_acc=0.8216, alpha=0.100, val_acc=0.7789, val_macro_f1=0.6468, val_weighted_f1=0.7709, lr=0.000234, epoch_time=17.95s
[Epoch 046] train_loss=0.3525, train_hard=0.5270, train_soft=0.3138, train_logit_mse=0.5787, train_feature_mse=0.0006, train_acc=0.8265, alpha=0.100, val_acc=0.7697, val_macro_f1=0.6251, val_weighted_f1=0.7584, lr=0.000218, epoch_time=17.89s
[Epoch 047] train_loss=0.3572, train_hard=0.5300, train_soft=0.3185, train_logit_mse=0.5860, train_feature_mse=0.0006, train_acc=0.8233, alpha=0.100, val_acc=0.7819, val_macro_f1=0.6457, val_weighted_f1=0.7732, lr=0.000202, epoch_time=17.90s
[Epoch 048] train_loss=0.3479, train_hard=0.5237, train_soft=0.3092, train_logit_mse=0.5723, train_feature_mse=0.0006, train_acc=0.8237, alpha=0.100, val_acc=0.7734, val_macro_f1=0.6404, val_weighted_f1=0.7655, lr=0.000187, epoch_time=17.88s
[Epoch 049] train_loss=0.3503, train_hard=0.5258, train_soft=0.3117, train_logit_mse=0.5746, train_feature_mse=0.0006, train_acc=0.8253, alpha=0.100, val_acc=0.7721, val_macro_f1=0.6339, val_weighted_f1=0.7609, lr=0.000173, epoch_time=17.91s
[Epoch 050] train_loss=0.3511, train_hard=0.5241, train_soft=0.3126, train_logit_mse=0.5759, train_feature_mse=0.0006, train_acc=0.8264, alpha=0.100, val_acc=0.7770, val_macro_f1=0.6426, val_weighted_f1=0.7697, lr=0.000159, epoch_time=17.97s
[Epoch 051] train_loss=0.3449, train_hard=0.5219, train_soft=0.3064, train_logit_mse=0.5657, train_feature_mse=0.0006, train_acc=0.8277, alpha=0.100, val_acc=0.7715, val_macro_f1=0.6378, val_weighted_f1=0.7616, lr=0.000145, epoch_time=17.99s
[Epoch 052] train_loss=0.3465, train_hard=0.5209, train_soft=0.3081, train_logit_mse=0.5688, train_feature_mse=0.0006, train_acc=0.8283, alpha=0.100, val_acc=0.7697, val_macro_f1=0.6335, val_weighted_f1=0.7618, lr=0.000132, epoch_time=17.91s
[Epoch 053] train_loss=0.3467, train_hard=0.5202, train_soft=0.3085, train_logit_mse=0.5686, train_feature_mse=0.0006, train_acc=0.8270, alpha=0.100, val_acc=0.7721, val_macro_f1=0.6369, val_weighted_f1=0.7630, lr=0.000119, epoch_time=18.01s
[Epoch 054] train_loss=0.3456, train_hard=0.5202, train_soft=0.3073, train_logit_mse=0.5666, train_feature_mse=0.0006, train_acc=0.8302, alpha=0.100, val_acc=0.7746, val_macro_f1=0.6441, val_weighted_f1=0.7663, lr=0.000108, epoch_time=18.01s
[Epoch 055] train_loss=0.3386, train_hard=0.5159, train_soft=0.3004, train_logit_mse=0.5556, train_feature_mse=0.0006, train_acc=0.8312, alpha=0.100, val_acc=0.7715, val_macro_f1=0.6380, val_weighted_f1=0.7644, lr=0.000096, epoch_time=17.94s
[Epoch 056] train_loss=0.3439, train_hard=0.5223, train_soft=0.3053, train_logit_mse=0.5640, train_feature_mse=0.0006, train_acc=0.8284, alpha=0.100, val_acc=0.7721, val_macro_f1=0.6421, val_weighted_f1=0.7645, lr=0.000085, epoch_time=17.78s
[Epoch 057] train_loss=0.3406, train_hard=0.5180, train_soft=0.3022, train_logit_mse=0.5609, train_feature_mse=0.0006, train_acc=0.8268, alpha=0.100, val_acc=0.7715, val_macro_f1=0.6391, val_weighted_f1=0.7637, lr=0.000075, epoch_time=17.94s
[Epoch 058] train_loss=0.3410, train_hard=0.5166, train_soft=0.3028, train_logit_mse=0.5594, train_feature_mse=0.0006, train_acc=0.8276, alpha=0.100, val_acc=0.7764, val_macro_f1=0.6423, val_weighted_f1=0.7684, lr=0.000066, epoch_time=18.00s
Early stopping triggered.
Loaded best KD student checkpoint for final test evaluation.
Best validation macro-F1: 0.6498
Best epoch: 43
Time to best model: 780.05 seconds
Checkpoint size (MB): 0.174
Student size: medium
Teacher used: checkpoints/teacher/teacher_cnn_seed999.pt
Teacher arch: TeacherCNN
Teacher size: large
Checkpoint seed: 999
Test accuracy (KD student): 0.7758
Test macro-F1 (KD student): 0.6246
Test weighted-F1 (KD student): 0.7659
Test classification report:
              precision    recall  f1-score   support

           0       0.83      0.67      0.74       184
           1       0.21      0.14      0.17        56
           2       0.79      0.59      0.68       256
           3       0.80      0.92      0.85       912
           4       0.73      0.64      0.68       242

    accuracy                           0.78      1650
   macro avg       0.67      0.59      0.62      1650
weighted avg       0.77      0.78      0.77      1650

Test confusion matrix:
[[123   5   4  48   4]
 [  1   8   4  37   6]
 [  5   1 151  75  24]
 [ 12  15  19 843  23]
 [  7  10  13  57 155]]
Inference latency: 1.4559 ms/sample
