Using device: cuda
Seed: 123
Deterministic mode: True
Deterministic warn_only: True
KD hyperparameters: alpha_start=0.100, alpha_end=0.100, temperature=4.00, logit_mse_weight=0.030, feature_mse_weight=0.030, class_weight_gamma=0.00, sampler_power=0.35, label_smoothing=0.000, student_size=medium
Training: batch_size=64, lr=0.0008, epochs=70, patience=15, weight_decay=0.002, grad_clip=1.0, num_workers=2, disable_augmentation=False, use_weighted_sampler=False
Teacher checkpoint path: checkpoints/teacher/teacher_cnn_seed123.pt
Student checkpoint path: /users/40370279/csc4006/code/experiments/2__temperature_sweep/checkpoints/student_T4_seed123.pt
Training set size: 12957
Validation set size: 1637
Test set size: 1650
Number of leads: 12 classes: 5
Classes: ['CD' 'HYP' 'MI' 'NORM' 'STTC']
Trainable parameters (student): 12809
Total parameters (student): 12809
Estimated model size (MB): 0.051
Teacher pooled dim: 896
Student pooled dim: 28
Class weights: [1. 1. 1. 1. 1.]
Training sampler: standard shuffled loader
[Epoch 001] train_loss=1.1637, train_hard=1.1109, train_soft=1.1062, train_logit_mse=1.8707, train_feature_mse=0.0283, train_acc=0.6023, alpha=0.100, val_acc=0.6304, val_macro_f1=0.2863, val_weighted_f1=0.5370, lr=0.000800, epoch_time=19.02s
  -> New best KD student saved to /users/40370279/csc4006/code/experiments/2__temperature_sweep/checkpoints/student_T4_seed123.pt
[Epoch 002] train_loss=0.7786, train_hard=0.8568, train_soft=0.7269, train_logit_mse=1.2719, train_feature_mse=0.0179, train_acc=0.7078, alpha=0.100, val_acc=0.7092, val_macro_f1=0.4697, val_weighted_f1=0.6667, lr=0.000798, epoch_time=17.97s
  -> New best KD student saved to /users/40370279/csc4006/code/experiments/2__temperature_sweep/checkpoints/student_T4_seed123.pt
[Epoch 003] train_loss=0.5812, train_hard=0.7514, train_soft=0.5301, train_logit_mse=0.9519, train_feature_mse=0.0135, train_acc=0.7531, alpha=0.100, val_acc=0.7410, val_macro_f1=0.5315, val_weighted_f1=0.7108, lr=0.000796, epoch_time=17.81s
  -> New best KD student saved to /users/40370279/csc4006/code/experiments/2__temperature_sweep/checkpoints/student_T4_seed123.pt
[Epoch 004] train_loss=0.5068, train_hard=0.7166, train_soft=0.4559, train_logit_mse=0.8187, train_feature_mse=0.0090, train_acc=0.7606, alpha=0.100, val_acc=0.7404, val_macro_f1=0.5282, val_weighted_f1=0.7088, lr=0.000794, epoch_time=17.90s
[Epoch 005] train_loss=0.4552, train_hard=0.6883, train_soft=0.4048, train_logit_mse=0.7300, train_feature_mse=0.0055, train_acc=0.7734, alpha=0.100, val_acc=0.7312, val_macro_f1=0.5177, val_weighted_f1=0.6971, lr=0.000790, epoch_time=17.83s
[Epoch 006] train_loss=0.4288, train_hard=0.6719, train_soft=0.3789, train_logit_mse=0.6835, train_feature_mse=0.0034, train_acc=0.7780, alpha=0.100, val_acc=0.7422, val_macro_f1=0.5665, val_weighted_f1=0.7269, lr=0.000786, epoch_time=17.88s
  -> New best KD student saved to /users/40370279/csc4006/code/experiments/2__temperature_sweep/checkpoints/student_T4_seed123.pt
[Epoch 007] train_loss=0.4054, train_hard=0.6590, train_soft=0.3556, train_logit_mse=0.6444, train_feature_mse=0.0022, train_acc=0.7793, alpha=0.100, val_acc=0.7465, val_macro_f1=0.5630, val_weighted_f1=0.7232, lr=0.000781, epoch_time=17.90s
[Epoch 008] train_loss=0.3908, train_hard=0.6518, train_soft=0.3412, train_logit_mse=0.6180, train_feature_mse=0.0015, train_acc=0.7827, alpha=0.100, val_acc=0.7569, val_macro_f1=0.5742, val_weighted_f1=0.7371, lr=0.000775, epoch_time=18.11s
  -> New best KD student saved to /users/40370279/csc4006/code/experiments/2__temperature_sweep/checkpoints/student_T4_seed123.pt
[Epoch 009] train_loss=0.3736, train_hard=0.6444, train_soft=0.3239, train_logit_mse=0.5882, train_feature_mse=0.0012, train_acc=0.7871, alpha=0.100, val_acc=0.7502, val_macro_f1=0.5777, val_weighted_f1=0.7340, lr=0.000768, epoch_time=17.87s
  -> New best KD student saved to /users/40370279/csc4006/code/experiments/2__temperature_sweep/checkpoints/student_T4_seed123.pt
[Epoch 010] train_loss=0.3679, train_hard=0.6386, train_soft=0.3186, train_logit_mse=0.5782, train_feature_mse=0.0011, train_acc=0.7876, alpha=0.100, val_acc=0.7471, val_macro_f1=0.5806, val_weighted_f1=0.7269, lr=0.000761, epoch_time=17.81s
  -> New best KD student saved to /users/40370279/csc4006/code/experiments/2__temperature_sweep/checkpoints/student_T4_seed123.pt
[Epoch 011] train_loss=0.3543, train_hard=0.6252, train_soft=0.3057, train_logit_mse=0.5547, train_feature_mse=0.0010, train_acc=0.7895, alpha=0.100, val_acc=0.7593, val_macro_f1=0.5873, val_weighted_f1=0.7419, lr=0.000753, epoch_time=17.81s
  -> New best KD student saved to /users/40370279/csc4006/code/experiments/2__temperature_sweep/checkpoints/student_T4_seed123.pt
[Epoch 012] train_loss=0.3496, train_hard=0.6250, train_soft=0.3008, train_logit_mse=0.5467, train_feature_mse=0.0010, train_acc=0.7929, alpha=0.100, val_acc=0.7624, val_macro_f1=0.5914, val_weighted_f1=0.7441, lr=0.000744, epoch_time=17.79s
  -> New best KD student saved to /users/40370279/csc4006/code/experiments/2__temperature_sweep/checkpoints/student_T4_seed123.pt
[Epoch 013] train_loss=0.3377, train_hard=0.6186, train_soft=0.2889, train_logit_mse=0.5268, train_feature_mse=0.0009, train_acc=0.7939, alpha=0.100, val_acc=0.7544, val_macro_f1=0.5773, val_weighted_f1=0.7330, lr=0.000735, epoch_time=17.84s
[Epoch 014] train_loss=0.3329, train_hard=0.6118, train_soft=0.2845, train_logit_mse=0.5214, train_feature_mse=0.0009, train_acc=0.7983, alpha=0.100, val_acc=0.7593, val_macro_f1=0.5875, val_weighted_f1=0.7426, lr=0.000725, epoch_time=17.84s
[Epoch 015] train_loss=0.3245, train_hard=0.6067, train_soft=0.2762, train_logit_mse=0.5047, train_feature_mse=0.0009, train_acc=0.7983, alpha=0.100, val_acc=0.7673, val_macro_f1=0.5856, val_weighted_f1=0.7473, lr=0.000714, epoch_time=17.83s
[Epoch 016] train_loss=0.3225, train_hard=0.6072, train_soft=0.2742, train_logit_mse=0.5011, train_feature_mse=0.0008, train_acc=0.7961, alpha=0.100, val_acc=0.7532, val_macro_f1=0.6121, val_weighted_f1=0.7455, lr=0.000702, epoch_time=17.79s
  -> New best KD student saved to /users/40370279/csc4006/code/experiments/2__temperature_sweep/checkpoints/student_T4_seed123.pt
[Epoch 017] train_loss=0.3136, train_hard=0.6022, train_soft=0.2653, train_logit_mse=0.4872, train_feature_mse=0.0008, train_acc=0.8023, alpha=0.100, val_acc=0.7630, val_macro_f1=0.6109, val_weighted_f1=0.7500, lr=0.000691, epoch_time=17.74s
[Epoch 018] train_loss=0.3101, train_hard=0.6003, train_soft=0.2618, train_logit_mse=0.4801, train_feature_mse=0.0008, train_acc=0.8032, alpha=0.100, val_acc=0.7740, val_macro_f1=0.6231, val_weighted_f1=0.7644, lr=0.000678, epoch_time=17.79s
  -> New best KD student saved to /users/40370279/csc4006/code/experiments/2__temperature_sweep/checkpoints/student_T4_seed123.pt
[Epoch 019] train_loss=0.3024, train_hard=0.5936, train_soft=0.2544, train_logit_mse=0.4686, train_feature_mse=0.0008, train_acc=0.8016, alpha=0.100, val_acc=0.7734, val_macro_f1=0.6379, val_weighted_f1=0.7669, lr=0.000665, epoch_time=17.84s
  -> New best KD student saved to /users/40370279/csc4006/code/experiments/2__temperature_sweep/checkpoints/student_T4_seed123.pt
[Epoch 020] train_loss=0.3022, train_hard=0.5876, train_soft=0.2549, train_logit_mse=0.4684, train_feature_mse=0.0008, train_acc=0.8048, alpha=0.100, val_acc=0.7581, val_macro_f1=0.6115, val_weighted_f1=0.7447, lr=0.000651, epoch_time=17.85s
[Epoch 021] train_loss=0.2966, train_hard=0.5891, train_soft=0.2488, train_logit_mse=0.4576, train_feature_mse=0.0008, train_acc=0.8039, alpha=0.100, val_acc=0.7459, val_macro_f1=0.6064, val_weighted_f1=0.7381, lr=0.000637, epoch_time=17.78s
[Epoch 022] train_loss=0.2890, train_hard=0.5843, train_soft=0.2413, train_logit_mse=0.4461, train_feature_mse=0.0008, train_acc=0.8046, alpha=0.100, val_acc=0.7715, val_macro_f1=0.6277, val_weighted_f1=0.7581, lr=0.000623, epoch_time=17.80s
[Epoch 023] train_loss=0.2868, train_hard=0.5791, train_soft=0.2395, train_logit_mse=0.4425, train_feature_mse=0.0007, train_acc=0.8064, alpha=0.100, val_acc=0.7648, val_macro_f1=0.6178, val_weighted_f1=0.7537, lr=0.000608, epoch_time=17.85s
[Epoch 024] train_loss=0.2848, train_hard=0.5839, train_soft=0.2369, train_logit_mse=0.4378, train_feature_mse=0.0007, train_acc=0.8079, alpha=0.100, val_acc=0.7575, val_macro_f1=0.6076, val_weighted_f1=0.7412, lr=0.000592, epoch_time=17.90s
[Epoch 025] train_loss=0.2821, train_hard=0.5787, train_soft=0.2346, train_logit_mse=0.4339, train_feature_mse=0.0007, train_acc=0.8083, alpha=0.100, val_acc=0.7630, val_macro_f1=0.6162, val_weighted_f1=0.7477, lr=0.000576, epoch_time=17.96s
[Epoch 026] train_loss=0.2759, train_hard=0.5771, train_soft=0.2283, train_logit_mse=0.4236, train_feature_mse=0.0007, train_acc=0.8101, alpha=0.100, val_acc=0.7642, val_macro_f1=0.6105, val_weighted_f1=0.7476, lr=0.000560, epoch_time=17.80s
[Epoch 027] train_loss=0.2756, train_hard=0.5767, train_soft=0.2280, train_logit_mse=0.4228, train_feature_mse=0.0007, train_acc=0.8087, alpha=0.100, val_acc=0.7673, val_macro_f1=0.6360, val_weighted_f1=0.7584, lr=0.000544, epoch_time=17.82s
[Epoch 028] train_loss=0.2689, train_hard=0.5685, train_soft=0.2219, train_logit_mse=0.4130, train_feature_mse=0.0007, train_acc=0.8104, alpha=0.100, val_acc=0.7697, val_macro_f1=0.6363, val_weighted_f1=0.7608, lr=0.000527, epoch_time=17.76s
[Epoch 029] train_loss=0.2722, train_hard=0.5768, train_soft=0.2245, train_logit_mse=0.4154, train_feature_mse=0.0007, train_acc=0.8078, alpha=0.100, val_acc=0.7557, val_macro_f1=0.6131, val_weighted_f1=0.7457, lr=0.000510, epoch_time=17.90s
[Epoch 030] train_loss=0.2659, train_hard=0.5673, train_soft=0.2188, train_logit_mse=0.4074, train_feature_mse=0.0007, train_acc=0.8104, alpha=0.100, val_acc=0.7740, val_macro_f1=0.6352, val_weighted_f1=0.7643, lr=0.000493, epoch_time=17.93s
[Epoch 031] train_loss=0.2642, train_hard=0.5660, train_soft=0.2172, train_logit_mse=0.4047, train_feature_mse=0.0006, train_acc=0.8132, alpha=0.100, val_acc=0.7709, val_macro_f1=0.6250, val_weighted_f1=0.7571, lr=0.000476, epoch_time=17.86s
[Epoch 032] train_loss=0.2653, train_hard=0.5673, train_soft=0.2182, train_logit_mse=0.4056, train_feature_mse=0.0006, train_acc=0.8112, alpha=0.100, val_acc=0.7715, val_macro_f1=0.6338, val_weighted_f1=0.7600, lr=0.000458, epoch_time=17.83s
[Epoch 033] train_loss=0.2596, train_hard=0.5636, train_soft=0.2127, train_logit_mse=0.3949, train_feature_mse=0.0006, train_acc=0.8127, alpha=0.100, val_acc=0.7648, val_macro_f1=0.6189, val_weighted_f1=0.7515, lr=0.000440, epoch_time=17.85s
[Epoch 034] train_loss=0.2571, train_hard=0.5609, train_soft=0.2103, train_logit_mse=0.3922, train_feature_mse=0.0006, train_acc=0.8129, alpha=0.100, val_acc=0.7721, val_macro_f1=0.6285, val_weighted_f1=0.7590, lr=0.000423, epoch_time=17.68s
Early stopping triggered.
Loaded best KD student checkpoint for final test evaluation.
Best validation macro-F1: 0.6379
Best epoch: 19
Time to best model: 344.56 seconds
Checkpoint size (MB): 0.174
Student size: medium
Teacher used: checkpoints/teacher/teacher_cnn_seed123.pt
Teacher arch: TeacherCNN
Teacher size: large
Checkpoint seed: 123
Test accuracy (KD student): 0.7770
Test macro-F1 (KD student): 0.6272
Test weighted-F1 (KD student): 0.7703
Test classification report:
              precision    recall  f1-score   support

           0       0.86      0.65      0.74       184
           1       0.20      0.14      0.16        56
           2       0.75      0.62      0.68       256
           3       0.82      0.90      0.86       912
           4       0.68      0.70      0.69       242

    accuracy                           0.78      1650
   macro avg       0.66      0.60      0.63      1650
weighted avg       0.77      0.78      0.77      1650

Test confusion matrix:
[[119   3   8  46   8]
 [  0   8   2  38   8]
 [  8   2 160  60  26]
 [ 10  18  21 825  38]
 [  1  10  23  38 170]]
Inference latency: 1.4168 ms/sample
