Using device: cuda
Seed: 42
Deterministic mode: True
Deterministic warn_only: True
KD hyperparameters: alpha_start=0.100, alpha_end=0.100, temperature=8.00, logit_mse_weight=0.030, feature_mse_weight=0.030, class_weight_gamma=0.00, sampler_power=0.35, label_smoothing=0.000, student_size=medium
Training: batch_size=64, lr=0.0008, epochs=70, patience=15, weight_decay=0.002, grad_clip=1.0, num_workers=2, disable_augmentation=False, use_weighted_sampler=False
Teacher checkpoint path: checkpoints/teacher/teacher_cnn_seed42.pt
Student checkpoint path: /users/40370279/csc4006/code/experiments/2__temperature_sweep/checkpoints/student_T8_seed42.pt
Training set size: 12957
Validation set size: 1637
Test set size: 1650
Number of leads: 12 classes: 5
Classes: ['CD' 'HYP' 'MI' 'NORM' 'STTC']
Trainable parameters (student): 12809
Total parameters (student): 12809
Estimated model size (MB): 0.051
Teacher pooled dim: 896
Student pooled dim: 28
Class weights: [1. 1. 1. 1. 1.]
Training sampler: standard shuffled loader
[Epoch 001] train_loss=1.0751, train_hard=1.1218, train_soft=1.0081, train_logit_mse=1.8213, train_feature_mse=0.0315, train_acc=0.5873, alpha=0.100, val_acc=0.6768, val_macro_f1=0.4331, val_weighted_f1=0.6321, lr=0.000800, epoch_time=19.04s
  -> New best KD student saved to /users/40370279/csc4006/code/experiments/2__temperature_sweep/checkpoints/student_T8_seed42.pt
[Epoch 002] train_loss=0.6691, train_hard=0.8465, train_soft=0.6115, train_logit_mse=1.1183, train_feature_mse=0.0183, train_acc=0.7103, alpha=0.100, val_acc=0.7129, val_macro_f1=0.4847, val_weighted_f1=0.6717, lr=0.000798, epoch_time=17.86s
  -> New best KD student saved to /users/40370279/csc4006/code/experiments/2__temperature_sweep/checkpoints/student_T8_seed42.pt
[Epoch 003] train_loss=0.5173, train_hard=0.7539, train_soft=0.4622, train_logit_mse=0.8561, train_feature_mse=0.0110, train_acc=0.7536, alpha=0.100, val_acc=0.7349, val_macro_f1=0.5327, val_weighted_f1=0.7126, lr=0.000796, epoch_time=17.82s
  -> New best KD student saved to /users/40370279/csc4006/code/experiments/2__temperature_sweep/checkpoints/student_T8_seed42.pt
[Epoch 004] train_loss=0.4402, train_hard=0.7062, train_soft=0.3865, train_logit_mse=0.7188, train_feature_mse=0.0069, train_acc=0.7672, alpha=0.100, val_acc=0.7373, val_macro_f1=0.5309, val_weighted_f1=0.7118, lr=0.000794, epoch_time=17.90s
[Epoch 005] train_loss=0.4007, train_hard=0.6834, train_soft=0.3476, train_logit_mse=0.6471, train_feature_mse=0.0046, train_acc=0.7739, alpha=0.100, val_acc=0.7569, val_macro_f1=0.5620, val_weighted_f1=0.7350, lr=0.000790, epoch_time=17.83s
  -> New best KD student saved to /users/40370279/csc4006/code/experiments/2__temperature_sweep/checkpoints/student_T8_seed42.pt
[Epoch 006] train_loss=0.3803, train_hard=0.6784, train_soft=0.3268, train_logit_mse=0.6084, train_feature_mse=0.0030, train_acc=0.7755, alpha=0.100, val_acc=0.7306, val_macro_f1=0.5130, val_weighted_f1=0.6938, lr=0.000786, epoch_time=17.85s
[Epoch 007] train_loss=0.3553, train_hard=0.6587, train_soft=0.3027, train_logit_mse=0.5642, train_feature_mse=0.0017, train_acc=0.7786, alpha=0.100, val_acc=0.7587, val_macro_f1=0.5677, val_weighted_f1=0.7412, lr=0.000781, epoch_time=17.91s
  -> New best KD student saved to /users/40370279/csc4006/code/experiments/2__temperature_sweep/checkpoints/student_T8_seed42.pt
[Epoch 008] train_loss=0.3470, train_hard=0.6526, train_soft=0.2947, train_logit_mse=0.5479, train_feature_mse=0.0013, train_acc=0.7820, alpha=0.100, val_acc=0.7514, val_macro_f1=0.5426, val_weighted_f1=0.7208, lr=0.000775, epoch_time=17.91s
[Epoch 009] train_loss=0.3291, train_hard=0.6375, train_soft=0.2775, train_logit_mse=0.5169, train_feature_mse=0.0011, train_acc=0.7881, alpha=0.100, val_acc=0.7673, val_macro_f1=0.5674, val_weighted_f1=0.7443, lr=0.000768, epoch_time=17.91s
[Epoch 010] train_loss=0.3168, train_hard=0.6364, train_soft=0.2648, train_logit_mse=0.4939, train_feature_mse=0.0010, train_acc=0.7890, alpha=0.100, val_acc=0.7679, val_macro_f1=0.5691, val_weighted_f1=0.7446, lr=0.000761, epoch_time=17.95s
  -> New best KD student saved to /users/40370279/csc4006/code/experiments/2__temperature_sweep/checkpoints/student_T8_seed42.pt
[Epoch 011] train_loss=0.3085, train_hard=0.6312, train_soft=0.2567, train_logit_mse=0.4785, train_feature_mse=0.0010, train_acc=0.7910, alpha=0.100, val_acc=0.7660, val_macro_f1=0.5653, val_weighted_f1=0.7431, lr=0.000753, epoch_time=17.95s
[Epoch 012] train_loss=0.2985, train_hard=0.6216, train_soft=0.2472, train_logit_mse=0.4614, train_feature_mse=0.0009, train_acc=0.7954, alpha=0.100, val_acc=0.7648, val_macro_f1=0.5832, val_weighted_f1=0.7459, lr=0.000744, epoch_time=17.83s
  -> New best KD student saved to /users/40370279/csc4006/code/experiments/2__temperature_sweep/checkpoints/student_T8_seed42.pt
[Epoch 013] train_loss=0.2928, train_hard=0.6187, train_soft=0.2415, train_logit_mse=0.4509, train_feature_mse=0.0008, train_acc=0.7927, alpha=0.100, val_acc=0.7636, val_macro_f1=0.5784, val_weighted_f1=0.7459, lr=0.000735, epoch_time=17.87s
[Epoch 014] train_loss=0.2865, train_hard=0.6122, train_soft=0.2356, train_logit_mse=0.4404, train_feature_mse=0.0008, train_acc=0.7979, alpha=0.100, val_acc=0.7587, val_macro_f1=0.5647, val_weighted_f1=0.7336, lr=0.000725, epoch_time=17.83s
[Epoch 015] train_loss=0.2830, train_hard=0.6131, train_soft=0.2318, train_logit_mse=0.4334, train_feature_mse=0.0008, train_acc=0.7970, alpha=0.100, val_acc=0.7575, val_macro_f1=0.5602, val_weighted_f1=0.7325, lr=0.000714, epoch_time=17.85s
[Epoch 016] train_loss=0.2759, train_hard=0.6053, train_soft=0.2252, train_logit_mse=0.4213, train_feature_mse=0.0007, train_acc=0.8019, alpha=0.100, val_acc=0.7520, val_macro_f1=0.5530, val_weighted_f1=0.7275, lr=0.000702, epoch_time=17.86s
[Epoch 017] train_loss=0.2718, train_hard=0.6074, train_soft=0.2207, train_logit_mse=0.4130, train_feature_mse=0.0007, train_acc=0.7983, alpha=0.100, val_acc=0.7605, val_macro_f1=0.5780, val_weighted_f1=0.7434, lr=0.000691, epoch_time=17.82s
[Epoch 018] train_loss=0.2660, train_hard=0.5962, train_soft=0.2158, train_logit_mse=0.4042, train_feature_mse=0.0007, train_acc=0.8028, alpha=0.100, val_acc=0.7593, val_macro_f1=0.5636, val_weighted_f1=0.7336, lr=0.000678, epoch_time=17.82s
[Epoch 019] train_loss=0.2629, train_hard=0.5976, train_soft=0.2124, train_logit_mse=0.3984, train_feature_mse=0.0007, train_acc=0.8022, alpha=0.100, val_acc=0.7752, val_macro_f1=0.5932, val_weighted_f1=0.7583, lr=0.000665, epoch_time=17.85s
  -> New best KD student saved to /users/40370279/csc4006/code/experiments/2__temperature_sweep/checkpoints/student_T8_seed42.pt
[Epoch 020] train_loss=0.2620, train_hard=0.5971, train_soft=0.2115, train_logit_mse=0.3955, train_feature_mse=0.0007, train_acc=0.8025, alpha=0.100, val_acc=0.7618, val_macro_f1=0.5736, val_weighted_f1=0.7417, lr=0.000651, epoch_time=17.87s
[Epoch 021] train_loss=0.2546, train_hard=0.5892, train_soft=0.2046, train_logit_mse=0.3839, train_feature_mse=0.0006, train_acc=0.8047, alpha=0.100, val_acc=0.7709, val_macro_f1=0.5845, val_weighted_f1=0.7498, lr=0.000637, epoch_time=17.85s
[Epoch 022] train_loss=0.2494, train_hard=0.5833, train_soft=0.1997, train_logit_mse=0.3747, train_feature_mse=0.0006, train_acc=0.8060, alpha=0.100, val_acc=0.7715, val_macro_f1=0.5846, val_weighted_f1=0.7499, lr=0.000623, epoch_time=17.89s
[Epoch 023] train_loss=0.2436, train_hard=0.5810, train_soft=0.1939, train_logit_mse=0.3641, train_feature_mse=0.0006, train_acc=0.8068, alpha=0.100, val_acc=0.7715, val_macro_f1=0.6013, val_weighted_f1=0.7550, lr=0.000608, epoch_time=17.95s
  -> New best KD student saved to /users/40370279/csc4006/code/experiments/2__temperature_sweep/checkpoints/student_T8_seed42.pt
[Epoch 024] train_loss=0.2457, train_hard=0.5862, train_soft=0.1956, train_logit_mse=0.3675, train_feature_mse=0.0006, train_acc=0.8044, alpha=0.100, val_acc=0.7691, val_macro_f1=0.6193, val_weighted_f1=0.7571, lr=0.000592, epoch_time=17.81s
  -> New best KD student saved to /users/40370279/csc4006/code/experiments/2__temperature_sweep/checkpoints/student_T8_seed42.pt
[Epoch 025] train_loss=0.2450, train_hard=0.5809, train_soft=0.1954, train_logit_mse=0.3666, train_feature_mse=0.0006, train_acc=0.8076, alpha=0.100, val_acc=0.7685, val_macro_f1=0.6003, val_weighted_f1=0.7526, lr=0.000576, epoch_time=17.82s
[Epoch 026] train_loss=0.2371, train_hard=0.5748, train_soft=0.1878, train_logit_mse=0.3530, train_feature_mse=0.0006, train_acc=0.8125, alpha=0.100, val_acc=0.7758, val_macro_f1=0.5931, val_weighted_f1=0.7575, lr=0.000560, epoch_time=17.76s
[Epoch 027] train_loss=0.2413, train_hard=0.5804, train_soft=0.1916, train_logit_mse=0.3593, train_feature_mse=0.0006, train_acc=0.8081, alpha=0.100, val_acc=0.7740, val_macro_f1=0.6004, val_weighted_f1=0.7578, lr=0.000544, epoch_time=17.86s
[Epoch 028] train_loss=0.2353, train_hard=0.5774, train_soft=0.1857, train_logit_mse=0.3492, train_feature_mse=0.0006, train_acc=0.8080, alpha=0.100, val_acc=0.7740, val_macro_f1=0.5907, val_weighted_f1=0.7529, lr=0.000527, epoch_time=17.77s
[Epoch 029] train_loss=0.2342, train_hard=0.5745, train_soft=0.1848, train_logit_mse=0.3473, train_feature_mse=0.0006, train_acc=0.8115, alpha=0.100, val_acc=0.7746, val_macro_f1=0.6145, val_weighted_f1=0.7613, lr=0.000510, epoch_time=17.81s
[Epoch 030] train_loss=0.2347, train_hard=0.5780, train_soft=0.1850, train_logit_mse=0.3469, train_feature_mse=0.0006, train_acc=0.8125, alpha=0.100, val_acc=0.7673, val_macro_f1=0.5906, val_weighted_f1=0.7481, lr=0.000493, epoch_time=17.92s
[Epoch 031] train_loss=0.2329, train_hard=0.5756, train_soft=0.1834, train_logit_mse=0.3436, train_feature_mse=0.0005, train_acc=0.8121, alpha=0.100, val_acc=0.7795, val_macro_f1=0.6266, val_weighted_f1=0.7674, lr=0.000476, epoch_time=17.94s
  -> New best KD student saved to /users/40370279/csc4006/code/experiments/2__temperature_sweep/checkpoints/student_T8_seed42.pt
[Epoch 032] train_loss=0.2295, train_hard=0.5669, train_soft=0.1807, train_logit_mse=0.3396, train_feature_mse=0.0006, train_acc=0.8117, alpha=0.100, val_acc=0.7679, val_macro_f1=0.5960, val_weighted_f1=0.7505, lr=0.000458, epoch_time=17.79s
[Epoch 033] train_loss=0.2268, train_hard=0.5694, train_soft=0.1776, train_logit_mse=0.3337, train_feature_mse=0.0005, train_acc=0.8103, alpha=0.100, val_acc=0.7734, val_macro_f1=0.5961, val_weighted_f1=0.7557, lr=0.000440, epoch_time=17.83s
[Epoch 034] train_loss=0.2255, train_hard=0.5650, train_soft=0.1767, train_logit_mse=0.3320, train_feature_mse=0.0005, train_acc=0.8141, alpha=0.100, val_acc=0.7703, val_macro_f1=0.5907, val_weighted_f1=0.7541, lr=0.000423, epoch_time=17.94s
[Epoch 035] train_loss=0.2242, train_hard=0.5635, train_soft=0.1754, train_logit_mse=0.3300, train_feature_mse=0.0005, train_acc=0.8123, alpha=0.100, val_acc=0.7770, val_macro_f1=0.6074, val_weighted_f1=0.7632, lr=0.000405, epoch_time=17.83s
[Epoch 036] train_loss=0.2232, train_hard=0.5649, train_soft=0.1743, train_logit_mse=0.3275, train_feature_mse=0.0005, train_acc=0.8148, alpha=0.100, val_acc=0.7648, val_macro_f1=0.5777, val_weighted_f1=0.7428, lr=0.000387, epoch_time=17.78s
[Epoch 037] train_loss=0.2193, train_hard=0.5579, train_soft=0.1709, train_logit_mse=0.3219, train_feature_mse=0.0005, train_acc=0.8165, alpha=0.100, val_acc=0.7715, val_macro_f1=0.6082, val_weighted_f1=0.7546, lr=0.000370, epoch_time=17.80s
[Epoch 038] train_loss=0.2191, train_hard=0.5631, train_soft=0.1702, train_logit_mse=0.3197, train_feature_mse=0.0005, train_acc=0.8144, alpha=0.100, val_acc=0.7685, val_macro_f1=0.5912, val_weighted_f1=0.7473, lr=0.000352, epoch_time=17.80s
[Epoch 039] train_loss=0.2168, train_hard=0.5602, train_soft=0.1680, train_logit_mse=0.3168, train_feature_mse=0.0005, train_acc=0.8166, alpha=0.100, val_acc=0.7752, val_macro_f1=0.6015, val_weighted_f1=0.7579, lr=0.000334, epoch_time=17.80s
[Epoch 040] train_loss=0.2161, train_hard=0.5582, train_soft=0.1676, train_logit_mse=0.3154, train_feature_mse=0.0005, train_acc=0.8165, alpha=0.100, val_acc=0.7770, val_macro_f1=0.6115, val_weighted_f1=0.7617, lr=0.000317, epoch_time=17.80s
[Epoch 041] train_loss=0.2141, train_hard=0.5591, train_soft=0.1654, train_logit_mse=0.3117, train_feature_mse=0.0005, train_acc=0.8162, alpha=0.100, val_acc=0.7697, val_macro_f1=0.6094, val_weighted_f1=0.7551, lr=0.000300, epoch_time=17.89s
[Epoch 042] train_loss=0.2115, train_hard=0.5523, train_soft=0.1634, train_logit_mse=0.3078, train_feature_mse=0.0005, train_acc=0.8185, alpha=0.100, val_acc=0.7764, val_macro_f1=0.6043, val_weighted_f1=0.7578, lr=0.000283, epoch_time=17.81s
[Epoch 043] train_loss=0.2124, train_hard=0.5547, train_soft=0.1640, train_logit_mse=0.3086, train_feature_mse=0.0005, train_acc=0.8142, alpha=0.100, val_acc=0.7758, val_macro_f1=0.6171, val_weighted_f1=0.7612, lr=0.000266, epoch_time=17.82s
[Epoch 044] train_loss=0.2105, train_hard=0.5534, train_soft=0.1622, train_logit_mse=0.3057, train_feature_mse=0.0005, train_acc=0.8178, alpha=0.100, val_acc=0.7813, val_macro_f1=0.6342, val_weighted_f1=0.7671, lr=0.000250, epoch_time=18.05s
  -> New best KD student saved to /users/40370279/csc4006/code/experiments/2__temperature_sweep/checkpoints/student_T8_seed42.pt
[Epoch 045] train_loss=0.2086, train_hard=0.5528, train_soft=0.1603, train_logit_mse=0.3021, train_feature_mse=0.0005, train_acc=0.8178, alpha=0.100, val_acc=0.7850, val_macro_f1=0.6131, val_weighted_f1=0.7689, lr=0.000234, epoch_time=17.86s
[Epoch 046] train_loss=0.2116, train_hard=0.5552, train_soft=0.1632, train_logit_mse=0.3071, train_feature_mse=0.0005, train_acc=0.8159, alpha=0.100, val_acc=0.7819, val_macro_f1=0.6421, val_weighted_f1=0.7710, lr=0.000218, epoch_time=17.90s
  -> New best KD student saved to /users/40370279/csc4006/code/experiments/2__temperature_sweep/checkpoints/student_T8_seed42.pt
[Epoch 047] train_loss=0.2070, train_hard=0.5515, train_soft=0.1587, train_logit_mse=0.2991, train_feature_mse=0.0005, train_acc=0.8189, alpha=0.100, val_acc=0.7776, val_macro_f1=0.6150, val_weighted_f1=0.7630, lr=0.000202, epoch_time=17.93s
[Epoch 048] train_loss=0.2098, train_hard=0.5560, train_soft=0.1612, train_logit_mse=0.3036, train_feature_mse=0.0005, train_acc=0.8165, alpha=0.100, val_acc=0.7740, val_macro_f1=0.5991, val_weighted_f1=0.7566, lr=0.000187, epoch_time=17.75s
[Epoch 049] train_loss=0.2076, train_hard=0.5498, train_soft=0.1595, train_logit_mse=0.3006, train_feature_mse=0.0005, train_acc=0.8211, alpha=0.100, val_acc=0.7789, val_macro_f1=0.6212, val_weighted_f1=0.7654, lr=0.000173, epoch_time=17.91s
[Epoch 050] train_loss=0.2040, train_hard=0.5455, train_soft=0.1563, train_logit_mse=0.2941, train_feature_mse=0.0005, train_acc=0.8216, alpha=0.100, val_acc=0.7795, val_macro_f1=0.6264, val_weighted_f1=0.7658, lr=0.000159, epoch_time=17.97s
[Epoch 051] train_loss=0.2049, train_hard=0.5504, train_soft=0.1566, train_logit_mse=0.2951, train_feature_mse=0.0005, train_acc=0.8190, alpha=0.100, val_acc=0.7734, val_macro_f1=0.6156, val_weighted_f1=0.7582, lr=0.000145, epoch_time=17.94s
[Epoch 052] train_loss=0.2054, train_hard=0.5508, train_soft=0.1571, train_logit_mse=0.2963, train_feature_mse=0.0005, train_acc=0.8167, alpha=0.100, val_acc=0.7734, val_macro_f1=0.6199, val_weighted_f1=0.7589, lr=0.000132, epoch_time=17.86s
[Epoch 053] train_loss=0.2060, train_hard=0.5509, train_soft=0.1577, train_logit_mse=0.2972, train_feature_mse=0.0005, train_acc=0.8196, alpha=0.100, val_acc=0.7783, val_macro_f1=0.6198, val_weighted_f1=0.7639, lr=0.000119, epoch_time=17.89s
[Epoch 054] train_loss=0.2035, train_hard=0.5527, train_soft=0.1549, train_logit_mse=0.2923, train_feature_mse=0.0005, train_acc=0.8174, alpha=0.100, val_acc=0.7770, val_macro_f1=0.6301, val_weighted_f1=0.7630, lr=0.000108, epoch_time=17.88s
[Epoch 055] train_loss=0.2015, train_hard=0.5469, train_soft=0.1535, train_logit_mse=0.2893, train_feature_mse=0.0005, train_acc=0.8198, alpha=0.100, val_acc=0.7795, val_macro_f1=0.6333, val_weighted_f1=0.7675, lr=0.000096, epoch_time=17.75s
[Epoch 056] train_loss=0.2027, train_hard=0.5466, train_soft=0.1548, train_logit_mse=0.2920, train_feature_mse=0.0005, train_acc=0.8174, alpha=0.100, val_acc=0.7789, val_macro_f1=0.6243, val_weighted_f1=0.7647, lr=0.000085, epoch_time=17.88s
[Epoch 057] train_loss=0.2009, train_hard=0.5470, train_soft=0.1529, train_logit_mse=0.2882, train_feature_mse=0.0005, train_acc=0.8179, alpha=0.100, val_acc=0.7807, val_macro_f1=0.6255, val_weighted_f1=0.7663, lr=0.000075, epoch_time=17.90s
[Epoch 058] train_loss=0.2032, train_hard=0.5499, train_soft=0.1550, train_logit_mse=0.2918, train_feature_mse=0.0004, train_acc=0.8177, alpha=0.100, val_acc=0.7795, val_macro_f1=0.6209, val_weighted_f1=0.7648, lr=0.000066, epoch_time=17.95s
[Epoch 059] train_loss=0.1997, train_hard=0.5444, train_soft=0.1518, train_logit_mse=0.2869, train_feature_mse=0.0004, train_acc=0.8178, alpha=0.100, val_acc=0.7740, val_macro_f1=0.6182, val_weighted_f1=0.7598, lr=0.000057, epoch_time=17.73s
[Epoch 060] train_loss=0.1999, train_hard=0.5463, train_soft=0.1519, train_logit_mse=0.2862, train_feature_mse=0.0004, train_acc=0.8206, alpha=0.100, val_acc=0.7734, val_macro_f1=0.6163, val_weighted_f1=0.7583, lr=0.000049, epoch_time=17.71s
[Epoch 061] train_loss=0.1984, train_hard=0.5443, train_soft=0.1505, train_logit_mse=0.2843, train_feature_mse=0.0004, train_acc=0.8196, alpha=0.100, val_acc=0.7789, val_macro_f1=0.6280, val_weighted_f1=0.7643, lr=0.000042, epoch_time=17.87s
Early stopping triggered.
Loaded best KD student checkpoint for final test evaluation.
Best validation macro-F1: 0.6421
Best epoch: 46
Time to best model: 825.10 seconds
Checkpoint size (MB): 0.174
Student size: medium
Teacher used: checkpoints/teacher/teacher_cnn_seed42.pt
Teacher arch: TeacherCNN
Teacher size: large
Checkpoint seed: 42
Test accuracy (KD student): 0.7788
Test macro-F1 (KD student): 0.6255
Test weighted-F1 (KD student): 0.7663
Test classification report:
              precision    recall  f1-score   support

           0       0.82      0.67      0.74       184
           1       0.26      0.14      0.18        56
           2       0.78      0.54      0.64       256
           3       0.80      0.93      0.86       912
           4       0.73      0.69      0.71       242

    accuracy                           0.78      1650
   macro avg       0.68      0.59      0.63      1650
weighted avg       0.77      0.78      0.77      1650

Test confusion matrix:
[[123   1   6  50   4]
 [  0   8   3  40   5]
 [ 13   1 138  75  29]
 [ 10  13  17 850  22]
 [  4   8  12  52 166]]
Inference latency: 1.4620 ms/sample
