Using device: cuda
Seed: 999
Deterministic mode: True
Deterministic warn_only: True
KD hyperparameters: alpha_start=0.100, alpha_end=0.100, temperature=1.00, logit_mse_weight=0.000, feature_mse_weight=0.030, class_weight_gamma=0.00, sampler_power=0.35, label_smoothing=0.000, student_size=small
Training: batch_size=64, lr=0.0008, epochs=70, patience=15, weight_decay=0.002, grad_clip=1.0, num_workers=2, disable_augmentation=False, use_weighted_sampler=False
Teacher checkpoint path: checkpoints/teacher/teacher_cnn_seed999.pt
Student checkpoint path: /users/40370279/csc4006/code/experiments/6__distillation_component/checkpoints/student_features_only_seed999.pt
Training set size: 12957
Validation set size: 1637
Test set size: 1650
Number of leads: 12 classes: 5
Classes: ['CD' 'HYP' 'MI' 'NORM' 'STTC']
Trainable parameters (student): 5897
Total parameters (student): 5897
Estimated model size (MB): 0.024
Teacher pooled dim: 896
Student pooled dim: 18
Class weights: [1. 1. 1. 1. 1.]
Training sampler: standard shuffled loader
[Epoch 001] train_loss=0.8328, train_hard=1.1791, train_soft=0.7926, train_logit_mse=2.6935, train_feature_mse=0.0522, train_acc=0.5790, alpha=0.100, val_acc=0.6231, val_macro_f1=0.2862, val_weighted_f1=0.5420, lr=0.000800, epoch_time=19.21s
  -> New best KD student saved to /users/40370279/csc4006/code/experiments/6__distillation_component/checkpoints/student_features_only_seed999.pt
[Epoch 002] train_loss=0.6066, train_hard=0.9279, train_soft=0.5700, train_logit_mse=2.0079, train_feature_mse=0.0293, train_acc=0.6768, alpha=0.100, val_acc=0.7098, val_macro_f1=0.4745, val_weighted_f1=0.6704, lr=0.000798, epoch_time=17.97s
  -> New best KD student saved to /users/40370279/csc4006/code/experiments/6__distillation_component/checkpoints/student_features_only_seed999.pt
[Epoch 003] train_loss=0.5071, train_hard=0.8261, train_soft=0.4712, train_logit_mse=1.7431, train_feature_mse=0.0151, train_acc=0.7225, alpha=0.100, val_acc=0.7276, val_macro_f1=0.5093, val_weighted_f1=0.6947, lr=0.000796, epoch_time=17.99s
  -> New best KD student saved to /users/40370279/csc4006/code/experiments/6__distillation_component/checkpoints/student_features_only_seed999.pt
[Epoch 004] train_loss=0.4634, train_hard=0.7858, train_soft=0.4273, train_logit_mse=1.6385, train_feature_mse=0.0096, train_acc=0.7415, alpha=0.100, val_acc=0.7343, val_macro_f1=0.5214, val_weighted_f1=0.7055, lr=0.000794, epoch_time=18.13s
  -> New best KD student saved to /users/40370279/csc4006/code/experiments/6__distillation_component/checkpoints/student_features_only_seed999.pt
[Epoch 005] train_loss=0.4269, train_hard=0.7484, train_soft=0.3909, train_logit_mse=1.4968, train_feature_mse=0.0059, train_acc=0.7576, alpha=0.100, val_acc=0.7453, val_macro_f1=0.5370, val_weighted_f1=0.7176, lr=0.000790, epoch_time=18.07s
  -> New best KD student saved to /users/40370279/csc4006/code/experiments/6__distillation_component/checkpoints/student_features_only_seed999.pt
[Epoch 006] train_loss=0.4116, train_hard=0.7321, train_soft=0.3758, train_logit_mse=1.4178, train_feature_mse=0.0035, train_acc=0.7599, alpha=0.100, val_acc=0.7453, val_macro_f1=0.5403, val_weighted_f1=0.7191, lr=0.000786, epoch_time=18.02s
  -> New best KD student saved to /users/40370279/csc4006/code/experiments/6__distillation_component/checkpoints/student_features_only_seed999.pt
[Epoch 007] train_loss=0.3896, train_hard=0.7130, train_soft=0.3536, train_logit_mse=1.3445, train_feature_mse=0.0025, train_acc=0.7672, alpha=0.100, val_acc=0.7434, val_macro_f1=0.5338, val_weighted_f1=0.7137, lr=0.000781, epoch_time=18.02s
[Epoch 008] train_loss=0.3750, train_hard=0.6934, train_soft=0.3396, train_logit_mse=1.3017, train_feature_mse=0.0021, train_acc=0.7736, alpha=0.100, val_acc=0.7483, val_macro_f1=0.5428, val_weighted_f1=0.7206, lr=0.000775, epoch_time=18.06s
  -> New best KD student saved to /users/40370279/csc4006/code/experiments/6__distillation_component/checkpoints/student_features_only_seed999.pt
[Epoch 009] train_loss=0.3653, train_hard=0.6845, train_soft=0.3298, train_logit_mse=1.2676, train_feature_mse=0.0019, train_acc=0.7780, alpha=0.100, val_acc=0.7538, val_macro_f1=0.5495, val_weighted_f1=0.7258, lr=0.000768, epoch_time=18.10s
  -> New best KD student saved to /users/40370279/csc4006/code/experiments/6__distillation_component/checkpoints/student_features_only_seed999.pt
[Epoch 010] train_loss=0.3558, train_hard=0.6744, train_soft=0.3203, train_logit_mse=1.2347, train_feature_mse=0.0018, train_acc=0.7824, alpha=0.100, val_acc=0.7447, val_macro_f1=0.5366, val_weighted_f1=0.7149, lr=0.000761, epoch_time=17.94s
[Epoch 011] train_loss=0.3528, train_hard=0.6721, train_soft=0.3173, train_logit_mse=1.2321, train_feature_mse=0.0017, train_acc=0.7853, alpha=0.100, val_acc=0.7538, val_macro_f1=0.5613, val_weighted_f1=0.7337, lr=0.000753, epoch_time=18.02s
  -> New best KD student saved to /users/40370279/csc4006/code/experiments/6__distillation_component/checkpoints/student_features_only_seed999.pt
[Epoch 012] train_loss=0.3439, train_hard=0.6637, train_soft=0.3083, train_logit_mse=1.1992, train_feature_mse=0.0016, train_acc=0.7839, alpha=0.100, val_acc=0.7575, val_macro_f1=0.5573, val_weighted_f1=0.7327, lr=0.000744, epoch_time=17.93s
[Epoch 013] train_loss=0.3396, train_hard=0.6633, train_soft=0.3036, train_logit_mse=1.1878, train_feature_mse=0.0016, train_acc=0.7859, alpha=0.100, val_acc=0.7569, val_macro_f1=0.5542, val_weighted_f1=0.7311, lr=0.000735, epoch_time=18.03s
[Epoch 014] train_loss=0.3356, train_hard=0.6543, train_soft=0.3001, train_logit_mse=1.1875, train_feature_mse=0.0015, train_acc=0.7868, alpha=0.100, val_acc=0.7563, val_macro_f1=0.5580, val_weighted_f1=0.7332, lr=0.000725, epoch_time=17.80s
[Epoch 015] train_loss=0.3275, train_hard=0.6452, train_soft=0.2922, train_logit_mse=1.1718, train_feature_mse=0.0015, train_acc=0.7925, alpha=0.100, val_acc=0.7502, val_macro_f1=0.5415, val_weighted_f1=0.7210, lr=0.000714, epoch_time=17.95s
[Epoch 016] train_loss=0.3290, train_hard=0.6521, train_soft=0.2931, train_logit_mse=1.1636, train_feature_mse=0.0014, train_acc=0.7895, alpha=0.100, val_acc=0.7563, val_macro_f1=0.5554, val_weighted_f1=0.7321, lr=0.000702, epoch_time=18.03s
[Epoch 017] train_loss=0.3205, train_hard=0.6394, train_soft=0.2850, train_logit_mse=1.1570, train_feature_mse=0.0014, train_acc=0.7959, alpha=0.100, val_acc=0.7587, val_macro_f1=0.5555, val_weighted_f1=0.7346, lr=0.000691, epoch_time=17.94s
[Epoch 018] train_loss=0.3168, train_hard=0.6408, train_soft=0.2808, train_logit_mse=1.1414, train_feature_mse=0.0014, train_acc=0.7948, alpha=0.100, val_acc=0.7544, val_macro_f1=0.5468, val_weighted_f1=0.7243, lr=0.000678, epoch_time=17.91s
[Epoch 019] train_loss=0.3143, train_hard=0.6345, train_soft=0.2787, train_logit_mse=1.1387, train_feature_mse=0.0013, train_acc=0.7958, alpha=0.100, val_acc=0.7526, val_macro_f1=0.5486, val_weighted_f1=0.7250, lr=0.000665, epoch_time=17.99s
[Epoch 020] train_loss=0.3123, train_hard=0.6340, train_soft=0.2766, train_logit_mse=1.1412, train_feature_mse=0.0013, train_acc=0.7929, alpha=0.100, val_acc=0.7495, val_macro_f1=0.5469, val_weighted_f1=0.7232, lr=0.000651, epoch_time=18.26s
[Epoch 021] train_loss=0.3077, train_hard=0.6296, train_soft=0.2719, train_logit_mse=1.1234, train_feature_mse=0.0013, train_acc=0.7973, alpha=0.100, val_acc=0.7648, val_macro_f1=0.5713, val_weighted_f1=0.7431, lr=0.000637, epoch_time=17.95s
  -> New best KD student saved to /users/40370279/csc4006/code/experiments/6__distillation_component/checkpoints/student_features_only_seed999.pt
[Epoch 022] train_loss=0.3060, train_hard=0.6294, train_soft=0.2700, train_logit_mse=1.1151, train_feature_mse=0.0013, train_acc=0.7988, alpha=0.100, val_acc=0.7593, val_macro_f1=0.5546, val_weighted_f1=0.7304, lr=0.000623, epoch_time=18.05s
[Epoch 023] train_loss=0.3042, train_hard=0.6289, train_soft=0.2681, train_logit_mse=1.1165, train_feature_mse=0.0013, train_acc=0.8008, alpha=0.100, val_acc=0.7465, val_macro_f1=0.5356, val_weighted_f1=0.7145, lr=0.000608, epoch_time=18.01s
[Epoch 024] train_loss=0.2985, train_hard=0.6210, train_soft=0.2626, train_logit_mse=1.0939, train_feature_mse=0.0013, train_acc=0.8006, alpha=0.100, val_acc=0.7605, val_macro_f1=0.5643, val_weighted_f1=0.7376, lr=0.000592, epoch_time=18.01s
[Epoch 025] train_loss=0.3002, train_hard=0.6231, train_soft=0.2643, train_logit_mse=1.1059, train_feature_mse=0.0013, train_acc=0.7994, alpha=0.100, val_acc=0.7581, val_macro_f1=0.5561, val_weighted_f1=0.7316, lr=0.000576, epoch_time=17.97s
[Epoch 026] train_loss=0.2967, train_hard=0.6203, train_soft=0.2607, train_logit_mse=1.0906, train_feature_mse=0.0012, train_acc=0.8005, alpha=0.100, val_acc=0.7599, val_macro_f1=0.5550, val_weighted_f1=0.7332, lr=0.000560, epoch_time=18.06s
[Epoch 027] train_loss=0.2966, train_hard=0.6204, train_soft=0.2606, train_logit_mse=1.1008, train_feature_mse=0.0012, train_acc=0.8000, alpha=0.100, val_acc=0.7593, val_macro_f1=0.5540, val_weighted_f1=0.7304, lr=0.000544, epoch_time=18.06s
[Epoch 028] train_loss=0.2904, train_hard=0.6141, train_soft=0.2544, train_logit_mse=1.0735, train_feature_mse=0.0012, train_acc=0.8010, alpha=0.100, val_acc=0.7569, val_macro_f1=0.5498, val_weighted_f1=0.7297, lr=0.000527, epoch_time=18.07s
[Epoch 029] train_loss=0.2869, train_hard=0.6123, train_soft=0.2507, train_logit_mse=1.0724, train_feature_mse=0.0012, train_acc=0.8060, alpha=0.100, val_acc=0.7697, val_macro_f1=0.5721, val_weighted_f1=0.7463, lr=0.000510, epoch_time=17.93s
  -> New best KD student saved to /users/40370279/csc4006/code/experiments/6__distillation_component/checkpoints/student_features_only_seed999.pt
[Epoch 030] train_loss=0.2835, train_hard=0.6094, train_soft=0.2473, train_logit_mse=1.0743, train_feature_mse=0.0012, train_acc=0.8055, alpha=0.100, val_acc=0.7642, val_macro_f1=0.5641, val_weighted_f1=0.7380, lr=0.000493, epoch_time=18.10s
[Epoch 031] train_loss=0.2785, train_hard=0.6053, train_soft=0.2422, train_logit_mse=1.0608, train_feature_mse=0.0012, train_acc=0.8049, alpha=0.100, val_acc=0.7544, val_macro_f1=0.5410, val_weighted_f1=0.7229, lr=0.000476, epoch_time=18.05s
[Epoch 032] train_loss=0.2812, train_hard=0.6061, train_soft=0.2451, train_logit_mse=1.0653, train_feature_mse=0.0012, train_acc=0.8049, alpha=0.100, val_acc=0.7660, val_macro_f1=0.5695, val_weighted_f1=0.7421, lr=0.000458, epoch_time=17.91s
[Epoch 033] train_loss=0.2782, train_hard=0.6046, train_soft=0.2419, train_logit_mse=1.0513, train_feature_mse=0.0012, train_acc=0.8054, alpha=0.100, val_acc=0.7593, val_macro_f1=0.5537, val_weighted_f1=0.7294, lr=0.000440, epoch_time=18.00s
[Epoch 034] train_loss=0.2793, train_hard=0.6050, train_soft=0.2431, train_logit_mse=1.0525, train_feature_mse=0.0011, train_acc=0.8043, alpha=0.100, val_acc=0.7581, val_macro_f1=0.5549, val_weighted_f1=0.7307, lr=0.000423, epoch_time=18.04s
[Epoch 035] train_loss=0.2765, train_hard=0.6004, train_soft=0.2405, train_logit_mse=1.0458, train_feature_mse=0.0011, train_acc=0.8034, alpha=0.100, val_acc=0.7605, val_macro_f1=0.5610, val_weighted_f1=0.7359, lr=0.000405, epoch_time=18.11s
[Epoch 036] train_loss=0.2763, train_hard=0.6038, train_soft=0.2399, train_logit_mse=1.0384, train_feature_mse=0.0011, train_acc=0.8036, alpha=0.100, val_acc=0.7618, val_macro_f1=0.5521, val_weighted_f1=0.7315, lr=0.000387, epoch_time=17.95s
[Epoch 037] train_loss=0.2746, train_hard=0.5997, train_soft=0.2385, train_logit_mse=1.0467, train_feature_mse=0.0011, train_acc=0.8050, alpha=0.100, val_acc=0.7630, val_macro_f1=0.5621, val_weighted_f1=0.7357, lr=0.000370, epoch_time=18.04s
[Epoch 038] train_loss=0.2709, train_hard=0.5968, train_soft=0.2347, train_logit_mse=1.0317, train_feature_mse=0.0011, train_acc=0.8091, alpha=0.100, val_acc=0.7673, val_macro_f1=0.5740, val_weighted_f1=0.7420, lr=0.000352, epoch_time=17.87s
  -> New best KD student saved to /users/40370279/csc4006/code/experiments/6__distillation_component/checkpoints/student_features_only_seed999.pt
[Epoch 039] train_loss=0.2673, train_hard=0.5936, train_soft=0.2310, train_logit_mse=1.0292, train_feature_mse=0.0011, train_acc=0.8117, alpha=0.100, val_acc=0.7605, val_macro_f1=0.5569, val_weighted_f1=0.7344, lr=0.000334, epoch_time=18.00s
[Epoch 040] train_loss=0.2705, train_hard=0.5974, train_soft=0.2341, train_logit_mse=1.0206, train_feature_mse=0.0011, train_acc=0.8088, alpha=0.100, val_acc=0.7679, val_macro_f1=0.5692, val_weighted_f1=0.7414, lr=0.000317, epoch_time=18.13s
[Epoch 041] train_loss=0.2660, train_hard=0.5929, train_soft=0.2296, train_logit_mse=1.0290, train_feature_mse=0.0011, train_acc=0.8074, alpha=0.100, val_acc=0.7618, val_macro_f1=0.5664, val_weighted_f1=0.7380, lr=0.000300, epoch_time=18.04s
[Epoch 042] train_loss=0.2616, train_hard=0.5889, train_soft=0.2252, train_logit_mse=1.0133, train_feature_mse=0.0011, train_acc=0.8108, alpha=0.100, val_acc=0.7624, val_macro_f1=0.5600, val_weighted_f1=0.7374, lr=0.000283, epoch_time=17.95s
[Epoch 043] train_loss=0.2656, train_hard=0.5956, train_soft=0.2289, train_logit_mse=1.0144, train_feature_mse=0.0011, train_acc=0.8057, alpha=0.100, val_acc=0.7599, val_macro_f1=0.5566, val_weighted_f1=0.7333, lr=0.000266, epoch_time=18.05s
[Epoch 044] train_loss=0.2630, train_hard=0.5898, train_soft=0.2266, train_logit_mse=1.0062, train_feature_mse=0.0011, train_acc=0.8088, alpha=0.100, val_acc=0.7611, val_macro_f1=0.5717, val_weighted_f1=0.7396, lr=0.000250, epoch_time=17.96s
[Epoch 045] train_loss=0.2612, train_hard=0.5877, train_soft=0.2248, train_logit_mse=1.0113, train_feature_mse=0.0010, train_acc=0.8088, alpha=0.100, val_acc=0.7673, val_macro_f1=0.5793, val_weighted_f1=0.7464, lr=0.000234, epoch_time=17.94s
  -> New best KD student saved to /users/40370279/csc4006/code/experiments/6__distillation_component/checkpoints/student_features_only_seed999.pt
[Epoch 046] train_loss=0.2638, train_hard=0.5913, train_soft=0.2273, train_logit_mse=1.0114, train_feature_mse=0.0010, train_acc=0.8082, alpha=0.100, val_acc=0.7666, val_macro_f1=0.5695, val_weighted_f1=0.7413, lr=0.000218, epoch_time=18.02s
[Epoch 047] train_loss=0.2566, train_hard=0.5823, train_soft=0.2203, train_logit_mse=0.9945, train_feature_mse=0.0010, train_acc=0.8149, alpha=0.100, val_acc=0.7605, val_macro_f1=0.5660, val_weighted_f1=0.7362, lr=0.000202, epoch_time=18.18s
[Epoch 048] train_loss=0.2591, train_hard=0.5831, train_soft=0.2230, train_logit_mse=1.0068, train_feature_mse=0.0010, train_acc=0.8113, alpha=0.100, val_acc=0.7642, val_macro_f1=0.5682, val_weighted_f1=0.7394, lr=0.000187, epoch_time=18.10s
[Epoch 049] train_loss=0.2563, train_hard=0.5830, train_soft=0.2199, train_logit_mse=0.9973, train_feature_mse=0.0010, train_acc=0.8150, alpha=0.100, val_acc=0.7648, val_macro_f1=0.5697, val_weighted_f1=0.7407, lr=0.000173, epoch_time=17.96s
[Epoch 050] train_loss=0.2587, train_hard=0.5835, train_soft=0.2226, train_logit_mse=1.0030, train_feature_mse=0.0010, train_acc=0.8110, alpha=0.100, val_acc=0.7618, val_macro_f1=0.5684, val_weighted_f1=0.7386, lr=0.000159, epoch_time=18.01s
[Epoch 051] train_loss=0.2551, train_hard=0.5812, train_soft=0.2189, train_logit_mse=0.9967, train_feature_mse=0.0010, train_acc=0.8120, alpha=0.100, val_acc=0.7636, val_macro_f1=0.5665, val_weighted_f1=0.7382, lr=0.000145, epoch_time=18.01s
[Epoch 052] train_loss=0.2542, train_hard=0.5810, train_soft=0.2178, train_logit_mse=0.9883, train_feature_mse=0.0010, train_acc=0.8092, alpha=0.100, val_acc=0.7654, val_macro_f1=0.5748, val_weighted_f1=0.7431, lr=0.000132, epoch_time=18.00s
[Epoch 053] train_loss=0.2561, train_hard=0.5811, train_soft=0.2199, train_logit_mse=1.0041, train_feature_mse=0.0010, train_acc=0.8159, alpha=0.100, val_acc=0.7648, val_macro_f1=0.5728, val_weighted_f1=0.7420, lr=0.000119, epoch_time=17.97s
[Epoch 054] train_loss=0.2564, train_hard=0.5819, train_soft=0.2202, train_logit_mse=1.0140, train_feature_mse=0.0010, train_acc=0.8122, alpha=0.100, val_acc=0.7654, val_macro_f1=0.5707, val_weighted_f1=0.7412, lr=0.000108, epoch_time=18.03s
[Epoch 055] train_loss=0.2559, train_hard=0.5825, train_soft=0.2196, train_logit_mse=0.9971, train_feature_mse=0.0010, train_acc=0.8133, alpha=0.100, val_acc=0.7648, val_macro_f1=0.5730, val_weighted_f1=0.7420, lr=0.000096, epoch_time=18.05s
[Epoch 056] train_loss=0.2554, train_hard=0.5798, train_soft=0.2194, train_logit_mse=0.9995, train_feature_mse=0.0010, train_acc=0.8133, alpha=0.100, val_acc=0.7624, val_macro_f1=0.5661, val_weighted_f1=0.7376, lr=0.000085, epoch_time=18.01s
[Epoch 057] train_loss=0.2538, train_hard=0.5785, train_soft=0.2177, train_logit_mse=0.9913, train_feature_mse=0.0010, train_acc=0.8150, alpha=0.100, val_acc=0.7654, val_macro_f1=0.5705, val_weighted_f1=0.7407, lr=0.000075, epoch_time=17.92s
[Epoch 058] train_loss=0.2555, train_hard=0.5822, train_soft=0.2192, train_logit_mse=0.9912, train_feature_mse=0.0010, train_acc=0.8132, alpha=0.100, val_acc=0.7673, val_macro_f1=0.5728, val_weighted_f1=0.7436, lr=0.000066, epoch_time=17.99s
[Epoch 059] train_loss=0.2523, train_hard=0.5788, train_soft=0.2160, train_logit_mse=0.9846, train_feature_mse=0.0010, train_acc=0.8108, alpha=0.100, val_acc=0.7618, val_macro_f1=0.5694, val_weighted_f1=0.7388, lr=0.000057, epoch_time=17.98s
[Epoch 060] train_loss=0.2488, train_hard=0.5739, train_soft=0.2127, train_logit_mse=0.9781, train_feature_mse=0.0010, train_acc=0.8150, alpha=0.100, val_acc=0.7636, val_macro_f1=0.5706, val_weighted_f1=0.7397, lr=0.000049, epoch_time=17.97s
Early stopping triggered.
Loaded best KD student checkpoint for final test evaluation.
Best validation macro-F1: 0.5793
Best epoch: 45
Time to best model: 813.21 seconds
Checkpoint size (MB): 0.115
Student size: small
Teacher used: checkpoints/teacher/teacher_cnn_seed999.pt
Teacher arch: TeacherCNN
Teacher size: large
Checkpoint seed: 999
Test accuracy (KD student): 0.7818
Test macro-F1 (KD student): 0.5938
Test weighted-F1 (KD student): 0.7629
Test classification report:
              precision    recall  f1-score   support

           0       0.79      0.69      0.74       184
           1       0.00      0.00      0.00        56
           2       0.80      0.58      0.67       256
           3       0.80      0.93      0.86       912
           4       0.71      0.69      0.70       242

    accuracy                           0.78      1650
   macro avg       0.62      0.58      0.59      1650
weighted avg       0.76      0.78      0.76      1650

Test confusion matrix:
[[127   1   5  44   7]
 [  1   0   3  45   7]
 [ 11   0 149  71  25]
 [ 16   0  20 846  30]
 [  5   1  10  58 168]]
Inference latency: 1.8445 ms/sample
