Using device: cuda
Seed: 42
Deterministic mode: True
Deterministic warn_only: True
KD hyperparameters: alpha_start=0.100, alpha_end=0.100, temperature=1.00, logit_mse_weight=0.000, feature_mse_weight=0.030, class_weight_gamma=0.00, sampler_power=0.35, label_smoothing=0.000, student_size=small
Training: batch_size=64, lr=0.0008, epochs=70, patience=15, weight_decay=0.002, grad_clip=1.0, num_workers=2, disable_augmentation=False, use_weighted_sampler=False
Teacher checkpoint path: checkpoints/teacher/teacher_cnn_seed42.pt
Student checkpoint path: /users/40370279/csc4006/code/experiments/6__distillation_component/checkpoints/student_features_only_seed42.pt
Training set size: 12957
Validation set size: 1637
Test set size: 1650
Number of leads: 12 classes: 5
Classes: ['CD' 'HYP' 'MI' 'NORM' 'STTC']
Trainable parameters (student): 5897
Total parameters (student): 5897
Estimated model size (MB): 0.024
Teacher pooled dim: 896
Student pooled dim: 18
Class weights: [1. 1. 1. 1. 1.]
Training sampler: standard shuffled loader
[Epoch 001] train_loss=0.7339, train_hard=1.2105, train_soft=0.6794, train_logit_mse=2.1447, train_feature_mse=0.0486, train_acc=0.5534, alpha=0.100, val_acc=0.6115, val_macro_f1=0.2438, val_weighted_f1=0.5113, lr=0.000800, epoch_time=19.27s
  -> New best KD student saved to /users/40370279/csc4006/code/experiments/6__distillation_component/checkpoints/student_features_only_seed42.pt
[Epoch 002] train_loss=0.5315, train_hard=0.9771, train_soft=0.4810, train_logit_mse=1.6266, train_feature_mse=0.0293, train_acc=0.6582, alpha=0.100, val_acc=0.6897, val_macro_f1=0.4400, val_weighted_f1=0.6494, lr=0.000798, epoch_time=18.23s
  -> New best KD student saved to /users/40370279/csc4006/code/experiments/6__distillation_component/checkpoints/student_features_only_seed42.pt
[Epoch 003] train_loss=0.4371, train_hard=0.8745, train_soft=0.3878, train_logit_mse=1.3840, train_feature_mse=0.0201, train_acc=0.7031, alpha=0.100, val_acc=0.7092, val_macro_f1=0.4786, val_weighted_f1=0.6761, lr=0.000796, epoch_time=18.36s
  -> New best KD student saved to /users/40370279/csc4006/code/experiments/6__distillation_component/checkpoints/student_features_only_seed42.pt
[Epoch 004] train_loss=0.3838, train_hard=0.8172, train_soft=0.3352, train_logit_mse=1.2752, train_feature_mse=0.0109, train_acc=0.7306, alpha=0.100, val_acc=0.7153, val_macro_f1=0.4833, val_weighted_f1=0.6771, lr=0.000794, epoch_time=18.22s
  -> New best KD student saved to /users/40370279/csc4006/code/experiments/6__distillation_component/checkpoints/student_features_only_seed42.pt
[Epoch 005] train_loss=0.3488, train_hard=0.7786, train_soft=0.3009, train_logit_mse=1.1875, train_feature_mse=0.0059, train_acc=0.7452, alpha=0.100, val_acc=0.7318, val_macro_f1=0.5180, val_weighted_f1=0.7023, lr=0.000790, epoch_time=18.28s
  -> New best KD student saved to /users/40370279/csc4006/code/experiments/6__distillation_component/checkpoints/student_features_only_seed42.pt
[Epoch 006] train_loss=0.3217, train_hard=0.7520, train_soft=0.2738, train_logit_mse=1.0774, train_feature_mse=0.0034, train_acc=0.7580, alpha=0.100, val_acc=0.7355, val_macro_f1=0.5360, val_weighted_f1=0.7161, lr=0.000786, epoch_time=18.13s
  -> New best KD student saved to /users/40370279/csc4006/code/experiments/6__distillation_component/checkpoints/student_features_only_seed42.pt
[Epoch 007] train_loss=0.2990, train_hard=0.7309, train_soft=0.2510, train_logit_mse=0.9680, train_feature_mse=0.0024, train_acc=0.7633, alpha=0.100, val_acc=0.7404, val_macro_f1=0.5407, val_weighted_f1=0.7206, lr=0.000781, epoch_time=18.18s
  -> New best KD student saved to /users/40370279/csc4006/code/experiments/6__distillation_component/checkpoints/student_features_only_seed42.pt
[Epoch 008] train_loss=0.2828, train_hard=0.7112, train_soft=0.2352, train_logit_mse=0.9104, train_feature_mse=0.0020, train_acc=0.7706, alpha=0.100, val_acc=0.7514, val_macro_f1=0.5500, val_weighted_f1=0.7287, lr=0.000775, epoch_time=18.24s
  -> New best KD student saved to /users/40370279/csc4006/code/experiments/6__distillation_component/checkpoints/student_features_only_seed42.pt
[Epoch 009] train_loss=0.2696, train_hard=0.6967, train_soft=0.2220, train_logit_mse=0.8677, train_feature_mse=0.0019, train_acc=0.7756, alpha=0.100, val_acc=0.7550, val_macro_f1=0.5532, val_weighted_f1=0.7318, lr=0.000768, epoch_time=18.20s
  -> New best KD student saved to /users/40370279/csc4006/code/experiments/6__distillation_component/checkpoints/student_features_only_seed42.pt
[Epoch 010] train_loss=0.2647, train_hard=0.6934, train_soft=0.2170, train_logit_mse=0.8654, train_feature_mse=0.0017, train_acc=0.7744, alpha=0.100, val_acc=0.7416, val_macro_f1=0.5441, val_weighted_f1=0.7213, lr=0.000761, epoch_time=18.11s
[Epoch 011] train_loss=0.2570, train_hard=0.6811, train_soft=0.2099, train_logit_mse=0.8380, train_feature_mse=0.0016, train_acc=0.7820, alpha=0.100, val_acc=0.7550, val_macro_f1=0.5548, val_weighted_f1=0.7329, lr=0.000753, epoch_time=18.20s
  -> New best KD student saved to /users/40370279/csc4006/code/experiments/6__distillation_component/checkpoints/student_features_only_seed42.pt
[Epoch 012] train_loss=0.2506, train_hard=0.6784, train_soft=0.2030, train_logit_mse=0.8240, train_feature_mse=0.0016, train_acc=0.7862, alpha=0.100, val_acc=0.7495, val_macro_f1=0.5369, val_weighted_f1=0.7197, lr=0.000744, epoch_time=18.17s
[Epoch 013] train_loss=0.2459, train_hard=0.6733, train_soft=0.1984, train_logit_mse=0.8149, train_feature_mse=0.0015, train_acc=0.7851, alpha=0.100, val_acc=0.7563, val_macro_f1=0.5517, val_weighted_f1=0.7317, lr=0.000735, epoch_time=18.15s
[Epoch 014] train_loss=0.2399, train_hard=0.6670, train_soft=0.1924, train_logit_mse=0.8022, train_feature_mse=0.0015, train_acc=0.7870, alpha=0.100, val_acc=0.7520, val_macro_f1=0.5552, val_weighted_f1=0.7305, lr=0.000725, epoch_time=18.12s
  -> New best KD student saved to /users/40370279/csc4006/code/experiments/6__distillation_component/checkpoints/student_features_only_seed42.pt
[Epoch 015] train_loss=0.2389, train_hard=0.6669, train_soft=0.1913, train_logit_mse=0.7944, train_feature_mse=0.0015, train_acc=0.7857, alpha=0.100, val_acc=0.7630, val_macro_f1=0.5626, val_weighted_f1=0.7388, lr=0.000714, epoch_time=18.07s
  -> New best KD student saved to /users/40370279/csc4006/code/experiments/6__distillation_component/checkpoints/student_features_only_seed42.pt
[Epoch 016] train_loss=0.2317, train_hard=0.6620, train_soft=0.1839, train_logit_mse=0.7798, train_feature_mse=0.0014, train_acc=0.7906, alpha=0.100, val_acc=0.7587, val_macro_f1=0.5622, val_weighted_f1=0.7375, lr=0.000702, epoch_time=18.28s
[Epoch 017] train_loss=0.2278, train_hard=0.6522, train_soft=0.1806, train_logit_mse=0.7753, train_feature_mse=0.0014, train_acc=0.7932, alpha=0.100, val_acc=0.7605, val_macro_f1=0.5655, val_weighted_f1=0.7399, lr=0.000691, epoch_time=18.14s
  -> New best KD student saved to /users/40370279/csc4006/code/experiments/6__distillation_component/checkpoints/student_features_only_seed42.pt
[Epoch 018] train_loss=0.2248, train_hard=0.6535, train_soft=0.1772, train_logit_mse=0.7664, train_feature_mse=0.0013, train_acc=0.7876, alpha=0.100, val_acc=0.7697, val_macro_f1=0.5728, val_weighted_f1=0.7483, lr=0.000678, epoch_time=18.14s
  -> New best KD student saved to /users/40370279/csc4006/code/experiments/6__distillation_component/checkpoints/student_features_only_seed42.pt
[Epoch 019] train_loss=0.2185, train_hard=0.6425, train_soft=0.1713, train_logit_mse=0.7511, train_feature_mse=0.0013, train_acc=0.7981, alpha=0.100, val_acc=0.7666, val_macro_f1=0.5670, val_weighted_f1=0.7429, lr=0.000665, epoch_time=17.80s
[Epoch 020] train_loss=0.2156, train_hard=0.6446, train_soft=0.1679, train_logit_mse=0.7413, train_feature_mse=0.0013, train_acc=0.7962, alpha=0.100, val_acc=0.7648, val_macro_f1=0.5670, val_weighted_f1=0.7432, lr=0.000651, epoch_time=17.11s
[Epoch 021] train_loss=0.2179, train_hard=0.6459, train_soft=0.1703, train_logit_mse=0.7351, train_feature_mse=0.0013, train_acc=0.7913, alpha=0.100, val_acc=0.7624, val_macro_f1=0.5748, val_weighted_f1=0.7436, lr=0.000637, epoch_time=17.19s
  -> New best KD student saved to /users/40370279/csc4006/code/experiments/6__distillation_component/checkpoints/student_features_only_seed42.pt
[Epoch 022] train_loss=0.2119, train_hard=0.6402, train_soft=0.1643, train_logit_mse=0.7108, train_feature_mse=0.0012, train_acc=0.7943, alpha=0.100, val_acc=0.7685, val_macro_f1=0.5709, val_weighted_f1=0.7452, lr=0.000623, epoch_time=17.21s
[Epoch 023] train_loss=0.2090, train_hard=0.6371, train_soft=0.1614, train_logit_mse=0.7066, train_feature_mse=0.0012, train_acc=0.7951, alpha=0.100, val_acc=0.7538, val_macro_f1=0.5424, val_weighted_f1=0.7229, lr=0.000608, epoch_time=17.97s
[Epoch 024] train_loss=0.2055, train_hard=0.6315, train_soft=0.1581, train_logit_mse=0.6956, train_feature_mse=0.0012, train_acc=0.7956, alpha=0.100, val_acc=0.7605, val_macro_f1=0.5562, val_weighted_f1=0.7333, lr=0.000592, epoch_time=18.14s
[Epoch 025] train_loss=0.2064, train_hard=0.6355, train_soft=0.1586, train_logit_mse=0.7043, train_feature_mse=0.0012, train_acc=0.7959, alpha=0.100, val_acc=0.7599, val_macro_f1=0.5611, val_weighted_f1=0.7369, lr=0.000576, epoch_time=18.21s
[Epoch 026] train_loss=0.2080, train_hard=0.6379, train_soft=0.1602, train_logit_mse=0.6946, train_feature_mse=0.0012, train_acc=0.7949, alpha=0.100, val_acc=0.7624, val_macro_f1=0.5706, val_weighted_f1=0.7420, lr=0.000560, epoch_time=18.00s
[Epoch 027] train_loss=0.2037, train_hard=0.6329, train_soft=0.1560, train_logit_mse=0.6849, train_feature_mse=0.0011, train_acc=0.7981, alpha=0.100, val_acc=0.7648, val_macro_f1=0.5716, val_weighted_f1=0.7435, lr=0.000544, epoch_time=18.20s
[Epoch 028] train_loss=0.1988, train_hard=0.6245, train_soft=0.1515, train_logit_mse=0.6767, train_feature_mse=0.0011, train_acc=0.8022, alpha=0.100, val_acc=0.7630, val_macro_f1=0.5648, val_weighted_f1=0.7401, lr=0.000527, epoch_time=18.31s
[Epoch 029] train_loss=0.1987, train_hard=0.6257, train_soft=0.1512, train_logit_mse=0.6646, train_feature_mse=0.0011, train_acc=0.7988, alpha=0.100, val_acc=0.7593, val_macro_f1=0.5625, val_weighted_f1=0.7382, lr=0.000510, epoch_time=18.19s
[Epoch 030] train_loss=0.1990, train_hard=0.6264, train_soft=0.1515, train_logit_mse=0.6642, train_feature_mse=0.0011, train_acc=0.7980, alpha=0.100, val_acc=0.7648, val_macro_f1=0.5816, val_weighted_f1=0.7485, lr=0.000493, epoch_time=18.18s
  -> New best KD student saved to /users/40370279/csc4006/code/experiments/6__distillation_component/checkpoints/student_features_only_seed42.pt
[Epoch 031] train_loss=0.1959, train_hard=0.6206, train_soft=0.1487, train_logit_mse=0.6657, train_feature_mse=0.0011, train_acc=0.8021, alpha=0.100, val_acc=0.7581, val_macro_f1=0.5688, val_weighted_f1=0.7382, lr=0.000476, epoch_time=18.17s
[Epoch 032] train_loss=0.1930, train_hard=0.6187, train_soft=0.1457, train_logit_mse=0.6595, train_feature_mse=0.0010, train_acc=0.7998, alpha=0.100, val_acc=0.7550, val_macro_f1=0.5552, val_weighted_f1=0.7298, lr=0.000458, epoch_time=18.31s
[Epoch 033] train_loss=0.1909, train_hard=0.6178, train_soft=0.1434, train_logit_mse=0.6538, train_feature_mse=0.0010, train_acc=0.7998, alpha=0.100, val_acc=0.7636, val_macro_f1=0.5735, val_weighted_f1=0.7425, lr=0.000440, epoch_time=18.19s
[Epoch 034] train_loss=0.1903, train_hard=0.6146, train_soft=0.1431, train_logit_mse=0.6574, train_feature_mse=0.0010, train_acc=0.8027, alpha=0.100, val_acc=0.7520, val_macro_f1=0.5622, val_weighted_f1=0.7298, lr=0.000423, epoch_time=18.19s
[Epoch 035] train_loss=0.1889, train_hard=0.6134, train_soft=0.1417, train_logit_mse=0.6458, train_feature_mse=0.0010, train_acc=0.8012, alpha=0.100, val_acc=0.7605, val_macro_f1=0.5770, val_weighted_f1=0.7414, lr=0.000405, epoch_time=18.39s
[Epoch 036] train_loss=0.1888, train_hard=0.6106, train_soft=0.1419, train_logit_mse=0.6436, train_feature_mse=0.0010, train_acc=0.8024, alpha=0.100, val_acc=0.7660, val_macro_f1=0.5765, val_weighted_f1=0.7481, lr=0.000387, epoch_time=18.20s
[Epoch 037] train_loss=0.1867, train_hard=0.6136, train_soft=0.1392, train_logit_mse=0.6342, train_feature_mse=0.0010, train_acc=0.8012, alpha=0.100, val_acc=0.7624, val_macro_f1=0.5621, val_weighted_f1=0.7393, lr=0.000370, epoch_time=18.27s
[Epoch 038] train_loss=0.1876, train_hard=0.6099, train_soft=0.1406, train_logit_mse=0.6442, train_feature_mse=0.0010, train_acc=0.8054, alpha=0.100, val_acc=0.7642, val_macro_f1=0.5803, val_weighted_f1=0.7440, lr=0.000352, epoch_time=18.17s
[Epoch 039] train_loss=0.1862, train_hard=0.6111, train_soft=0.1389, train_logit_mse=0.6404, train_feature_mse=0.0009, train_acc=0.8027, alpha=0.100, val_acc=0.7679, val_macro_f1=0.6017, val_weighted_f1=0.7526, lr=0.000334, epoch_time=18.14s
  -> New best KD student saved to /users/40370279/csc4006/code/experiments/6__distillation_component/checkpoints/student_features_only_seed42.pt
[Epoch 040] train_loss=0.1852, train_hard=0.6084, train_soft=0.1382, train_logit_mse=0.6295, train_feature_mse=0.0009, train_acc=0.8056, alpha=0.100, val_acc=0.7575, val_macro_f1=0.5676, val_weighted_f1=0.7398, lr=0.000317, epoch_time=18.15s
[Epoch 041] train_loss=0.1832, train_hard=0.6078, train_soft=0.1360, train_logit_mse=0.6318, train_feature_mse=0.0009, train_acc=0.8040, alpha=0.100, val_acc=0.7673, val_macro_f1=0.5853, val_weighted_f1=0.7520, lr=0.000300, epoch_time=17.96s
[Epoch 042] train_loss=0.1815, train_hard=0.6029, train_soft=0.1347, train_logit_mse=0.6297, train_feature_mse=0.0009, train_acc=0.8049, alpha=0.100, val_acc=0.7642, val_macro_f1=0.5776, val_weighted_f1=0.7457, lr=0.000283, epoch_time=17.81s
[Epoch 043] train_loss=0.1834, train_hard=0.6057, train_soft=0.1365, train_logit_mse=0.6313, train_feature_mse=0.0009, train_acc=0.8033, alpha=0.100, val_acc=0.7605, val_macro_f1=0.5725, val_weighted_f1=0.7411, lr=0.000266, epoch_time=18.02s
[Epoch 044] train_loss=0.1805, train_hard=0.5994, train_soft=0.1339, train_logit_mse=0.6270, train_feature_mse=0.0009, train_acc=0.8076, alpha=0.100, val_acc=0.7660, val_macro_f1=0.5771, val_weighted_f1=0.7454, lr=0.000250, epoch_time=18.27s
[Epoch 045] train_loss=0.1825, train_hard=0.6075, train_soft=0.1352, train_logit_mse=0.6324, train_feature_mse=0.0009, train_acc=0.8067, alpha=0.100, val_acc=0.7648, val_macro_f1=0.5664, val_weighted_f1=0.7411, lr=0.000234, epoch_time=18.17s
[Epoch 046] train_loss=0.1794, train_hard=0.6049, train_soft=0.1321, train_logit_mse=0.6082, train_feature_mse=0.0009, train_acc=0.8032, alpha=0.100, val_acc=0.7673, val_macro_f1=0.5937, val_weighted_f1=0.7526, lr=0.000218, epoch_time=18.34s
[Epoch 047] train_loss=0.1781, train_hard=0.6023, train_soft=0.1309, train_logit_mse=0.6165, train_feature_mse=0.0009, train_acc=0.8047, alpha=0.100, val_acc=0.7666, val_macro_f1=0.5919, val_weighted_f1=0.7516, lr=0.000202, epoch_time=18.15s
[Epoch 048] train_loss=0.1784, train_hard=0.6014, train_soft=0.1314, train_logit_mse=0.6186, train_feature_mse=0.0009, train_acc=0.8061, alpha=0.100, val_acc=0.7666, val_macro_f1=0.5797, val_weighted_f1=0.7467, lr=0.000187, epoch_time=18.15s
[Epoch 049] train_loss=0.1780, train_hard=0.5996, train_soft=0.1311, train_logit_mse=0.6163, train_feature_mse=0.0009, train_acc=0.8076, alpha=0.100, val_acc=0.7630, val_macro_f1=0.5939, val_weighted_f1=0.7473, lr=0.000173, epoch_time=18.12s
[Epoch 050] train_loss=0.1768, train_hard=0.6013, train_soft=0.1296, train_logit_mse=0.6063, train_feature_mse=0.0009, train_acc=0.8065, alpha=0.100, val_acc=0.7654, val_macro_f1=0.5736, val_weighted_f1=0.7443, lr=0.000159, epoch_time=18.19s
[Epoch 051] train_loss=0.1746, train_hard=0.5947, train_soft=0.1279, train_logit_mse=0.6101, train_feature_mse=0.0009, train_acc=0.8105, alpha=0.100, val_acc=0.7666, val_macro_f1=0.5800, val_weighted_f1=0.7466, lr=0.000145, epoch_time=18.20s
[Epoch 052] train_loss=0.1743, train_hard=0.5953, train_soft=0.1275, train_logit_mse=0.6026, train_feature_mse=0.0008, train_acc=0.8075, alpha=0.100, val_acc=0.7660, val_macro_f1=0.5800, val_weighted_f1=0.7470, lr=0.000132, epoch_time=18.17s
[Epoch 053] train_loss=0.1760, train_hard=0.5961, train_soft=0.1293, train_logit_mse=0.6125, train_feature_mse=0.0009, train_acc=0.8094, alpha=0.100, val_acc=0.7630, val_macro_f1=0.5810, val_weighted_f1=0.7449, lr=0.000119, epoch_time=18.05s
[Epoch 054] train_loss=0.1755, train_hard=0.5977, train_soft=0.1286, train_logit_mse=0.6145, train_feature_mse=0.0008, train_acc=0.8076, alpha=0.100, val_acc=0.7679, val_macro_f1=0.5851, val_weighted_f1=0.7490, lr=0.000108, epoch_time=17.12s
Early stopping triggered.
Loaded best KD student checkpoint for final test evaluation.
Best validation macro-F1: 0.6017
Best epoch: 39
Time to best model: 707.93 seconds
Checkpoint size (MB): 0.115
Student size: small
Teacher used: checkpoints/teacher/teacher_cnn_seed42.pt
Teacher arch: TeacherCNN
Teacher size: large
Checkpoint seed: 42
Test accuracy (KD student): 0.7709
Test macro-F1 (KD student): 0.5904
Test weighted-F1 (KD student): 0.7529
Test classification report:
              precision    recall  f1-score   support

           0       0.79      0.61      0.69       184
           1       0.18      0.05      0.08        56
           2       0.82      0.50      0.62       256
           3       0.79      0.94      0.86       912
           4       0.69      0.72      0.71       242

    accuracy                           0.77      1650
   macro avg       0.65      0.56      0.59      1650
weighted avg       0.76      0.77      0.75      1650

Test confusion matrix:
[[112   1   6  57   8]
 [  2   3   2  40   9]
 [ 15   0 128  84  29]
 [ 10   6  10 855  31]
 [  3   7  11  47 174]]
Inference latency: 1.4265 ms/sample
