Using device: cuda
Seed: 42
Deterministic mode: True
Deterministic warn_only: True
KD hyperparameters: alpha_start=0.100, alpha_end=0.100, temperature=1.00, logit_mse_weight=0.030, feature_mse_weight=0.000, class_weight_gamma=0.00, sampler_power=0.35, label_smoothing=0.000, student_size=small
Training: batch_size=64, lr=0.0008, epochs=70, patience=15, weight_decay=0.002, grad_clip=1.0, num_workers=2, disable_augmentation=False, use_weighted_sampler=False
Teacher checkpoint path: checkpoints/teacher/teacher_cnn_seed42.pt
Student checkpoint path: /users/40370279/csc4006/code/experiments/6__distillation_component/checkpoints/student_logits_only_seed42.pt
Training set size: 12957
Validation set size: 1637
Test set size: 1650
Number of leads: 12 classes: 5
Classes: ['CD' 'HYP' 'MI' 'NORM' 'STTC']
Trainable parameters (student): 5897
Total parameters (student): 5897
Estimated model size (MB): 0.024
Teacher pooled dim: 896
Student pooled dim: 18
Class weights: [1. 1. 1. 1. 1.]
Training sampler: standard shuffled loader
[Epoch 001] train_loss=0.7972, train_hard=1.2133, train_soft=0.6799, train_logit_mse=2.1323, train_feature_mse=0.1155, train_acc=0.5532, alpha=0.100, val_acc=0.6097, val_macro_f1=0.2459, val_weighted_f1=0.5117, lr=0.000800, epoch_time=18.95s
  -> New best KD student saved to /users/40370279/csc4006/code/experiments/6__distillation_component/checkpoints/student_logits_only_seed42.pt
[Epoch 002] train_loss=0.5795, train_hard=0.9803, train_soft=0.4818, train_logit_mse=1.5967, train_feature_mse=0.1162, train_acc=0.6567, alpha=0.100, val_acc=0.6872, val_macro_f1=0.4319, val_weighted_f1=0.6443, lr=0.000798, epoch_time=17.91s
  -> New best KD student saved to /users/40370279/csc4006/code/experiments/6__distillation_component/checkpoints/student_logits_only_seed42.pt
[Epoch 003] train_loss=0.4766, train_hard=0.8749, train_soft=0.3877, train_logit_mse=1.3416, train_feature_mse=0.1159, train_acc=0.7043, alpha=0.100, val_acc=0.7092, val_macro_f1=0.4795, val_weighted_f1=0.6765, lr=0.000796, epoch_time=17.96s
  -> New best KD student saved to /users/40370279/csc4006/code/experiments/6__distillation_component/checkpoints/student_logits_only_seed42.pt
[Epoch 004] train_loss=0.4187, train_hard=0.8174, train_soft=0.3338, train_logit_mse=1.2190, train_feature_mse=0.1154, train_acc=0.7336, alpha=0.100, val_acc=0.7129, val_macro_f1=0.4815, val_weighted_f1=0.6732, lr=0.000794, epoch_time=18.06s
  -> New best KD student saved to /users/40370279/csc4006/code/experiments/6__distillation_component/checkpoints/student_logits_only_seed42.pt
[Epoch 005] train_loss=0.3746, train_hard=0.7725, train_soft=0.2940, train_logit_mse=1.0924, train_feature_mse=0.1138, train_acc=0.7513, alpha=0.100, val_acc=0.7269, val_macro_f1=0.5117, val_weighted_f1=0.6961, lr=0.000790, epoch_time=17.85s
  -> New best KD student saved to /users/40370279/csc4006/code/experiments/6__distillation_component/checkpoints/student_logits_only_seed42.pt
[Epoch 006] train_loss=0.3406, train_hard=0.7428, train_soft=0.2640, train_logit_mse=0.9580, train_feature_mse=0.1127, train_acc=0.7592, alpha=0.100, val_acc=0.7410, val_macro_f1=0.5439, val_weighted_f1=0.7214, lr=0.000786, epoch_time=17.90s
  -> New best KD student saved to /users/40370279/csc4006/code/experiments/6__distillation_component/checkpoints/student_logits_only_seed42.pt
[Epoch 007] train_loss=0.3161, train_hard=0.7211, train_soft=0.2424, train_logit_mse=0.8586, train_feature_mse=0.1122, train_acc=0.7678, alpha=0.100, val_acc=0.7495, val_macro_f1=0.5514, val_weighted_f1=0.7288, lr=0.000781, epoch_time=17.92s
  -> New best KD student saved to /users/40370279/csc4006/code/experiments/6__distillation_component/checkpoints/student_logits_only_seed42.pt
[Epoch 008] train_loss=0.3009, train_hard=0.7057, train_soft=0.2288, train_logit_mse=0.8153, train_feature_mse=0.1119, train_acc=0.7744, alpha=0.100, val_acc=0.7550, val_macro_f1=0.5563, val_weighted_f1=0.7324, lr=0.000775, epoch_time=17.81s
  -> New best KD student saved to /users/40370279/csc4006/code/experiments/6__distillation_component/checkpoints/student_logits_only_seed42.pt
[Epoch 009] train_loss=0.2906, train_hard=0.6963, train_soft=0.2194, train_logit_mse=0.7841, train_feature_mse=0.1119, train_acc=0.7734, alpha=0.100, val_acc=0.7532, val_macro_f1=0.5495, val_weighted_f1=0.7278, lr=0.000768, epoch_time=17.81s
[Epoch 010] train_loss=0.2841, train_hard=0.6895, train_soft=0.2133, train_logit_mse=0.7737, train_feature_mse=0.1116, train_acc=0.7766, alpha=0.100, val_acc=0.7465, val_macro_f1=0.5466, val_weighted_f1=0.7253, lr=0.000761, epoch_time=17.83s
[Epoch 011] train_loss=0.2765, train_hard=0.6784, train_soft=0.2069, train_logit_mse=0.7492, train_feature_mse=0.1115, train_acc=0.7833, alpha=0.100, val_acc=0.7563, val_macro_f1=0.5594, val_weighted_f1=0.7338, lr=0.000753, epoch_time=17.90s
  -> New best KD student saved to /users/40370279/csc4006/code/experiments/6__distillation_component/checkpoints/student_logits_only_seed42.pt
[Epoch 012] train_loss=0.2709, train_hard=0.6767, train_soft=0.2013, train_logit_mse=0.7336, train_feature_mse=0.1115, train_acc=0.7854, alpha=0.100, val_acc=0.7557, val_macro_f1=0.5502, val_weighted_f1=0.7297, lr=0.000744, epoch_time=17.96s
[Epoch 013] train_loss=0.2661, train_hard=0.6726, train_soft=0.1969, train_logit_mse=0.7207, train_feature_mse=0.1113, train_acc=0.7828, alpha=0.100, val_acc=0.7538, val_macro_f1=0.5474, val_weighted_f1=0.7263, lr=0.000735, epoch_time=17.85s
[Epoch 014] train_loss=0.2578, train_hard=0.6624, train_soft=0.1894, train_logit_mse=0.7028, train_feature_mse=0.1113, train_acc=0.7888, alpha=0.100, val_acc=0.7544, val_macro_f1=0.5472, val_weighted_f1=0.7259, lr=0.000725, epoch_time=17.89s
[Epoch 015] train_loss=0.2587, train_hard=0.6666, train_soft=0.1901, train_logit_mse=0.6994, train_feature_mse=0.1115, train_acc=0.7851, alpha=0.100, val_acc=0.7587, val_macro_f1=0.5577, val_weighted_f1=0.7333, lr=0.000714, epoch_time=17.87s
[Epoch 016] train_loss=0.2505, train_hard=0.6599, train_soft=0.1824, train_logit_mse=0.6795, train_feature_mse=0.1112, train_acc=0.7901, alpha=0.100, val_acc=0.7593, val_macro_f1=0.5610, val_weighted_f1=0.7374, lr=0.000702, epoch_time=17.92s
  -> New best KD student saved to /users/40370279/csc4006/code/experiments/6__distillation_component/checkpoints/student_logits_only_seed42.pt
[Epoch 017] train_loss=0.2456, train_hard=0.6506, train_soft=0.1782, train_logit_mse=0.6721, train_feature_mse=0.1113, train_acc=0.7949, alpha=0.100, val_acc=0.7581, val_macro_f1=0.5690, val_weighted_f1=0.7411, lr=0.000691, epoch_time=17.83s
  -> New best KD student saved to /users/40370279/csc4006/code/experiments/6__distillation_component/checkpoints/student_logits_only_seed42.pt
[Epoch 018] train_loss=0.2433, train_hard=0.6547, train_soft=0.1758, train_logit_mse=0.6544, train_feature_mse=0.1111, train_acc=0.7882, alpha=0.100, val_acc=0.7575, val_macro_f1=0.5505, val_weighted_f1=0.7308, lr=0.000678, epoch_time=17.79s
[Epoch 019] train_loss=0.2361, train_hard=0.6432, train_soft=0.1692, train_logit_mse=0.6486, train_feature_mse=0.1110, train_acc=0.7968, alpha=0.100, val_acc=0.7526, val_macro_f1=0.5541, val_weighted_f1=0.7291, lr=0.000665, epoch_time=17.94s
[Epoch 020] train_loss=0.2338, train_hard=0.6446, train_soft=0.1670, train_logit_mse=0.6368, train_feature_mse=0.1112, train_acc=0.7941, alpha=0.100, val_acc=0.7630, val_macro_f1=0.5656, val_weighted_f1=0.7410, lr=0.000651, epoch_time=17.94s
[Epoch 021] train_loss=0.2322, train_hard=0.6408, train_soft=0.1658, train_logit_mse=0.6271, train_feature_mse=0.1111, train_acc=0.7959, alpha=0.100, val_acc=0.7599, val_macro_f1=0.5645, val_weighted_f1=0.7392, lr=0.000637, epoch_time=17.92s
[Epoch 022] train_loss=0.2301, train_hard=0.6430, train_soft=0.1637, train_logit_mse=0.6161, train_feature_mse=0.1111, train_acc=0.7938, alpha=0.100, val_acc=0.7569, val_macro_f1=0.5562, val_weighted_f1=0.7314, lr=0.000623, epoch_time=17.91s
[Epoch 023] train_loss=0.2249, train_hard=0.6369, train_soft=0.1590, train_logit_mse=0.6043, train_feature_mse=0.1108, train_acc=0.7929, alpha=0.100, val_acc=0.7563, val_macro_f1=0.5494, val_weighted_f1=0.7283, lr=0.000608, epoch_time=17.88s
[Epoch 024] train_loss=0.2240, train_hard=0.6353, train_soft=0.1583, train_logit_mse=0.6026, train_feature_mse=0.1108, train_acc=0.7960, alpha=0.100, val_acc=0.7575, val_macro_f1=0.5560, val_weighted_f1=0.7313, lr=0.000592, epoch_time=17.91s
[Epoch 025] train_loss=0.2241, train_hard=0.6391, train_soft=0.1579, train_logit_mse=0.6020, train_feature_mse=0.1107, train_acc=0.7949, alpha=0.100, val_acc=0.7666, val_macro_f1=0.5740, val_weighted_f1=0.7433, lr=0.000576, epoch_time=17.94s
  -> New best KD student saved to /users/40370279/csc4006/code/experiments/6__distillation_component/checkpoints/student_logits_only_seed42.pt
[Epoch 026] train_loss=0.2224, train_hard=0.6363, train_soft=0.1566, train_logit_mse=0.5961, train_feature_mse=0.1107, train_acc=0.7951, alpha=0.100, val_acc=0.7587, val_macro_f1=0.5636, val_weighted_f1=0.7361, lr=0.000560, epoch_time=17.91s
[Epoch 027] train_loss=0.2173, train_hard=0.6312, train_soft=0.1518, train_logit_mse=0.5871, train_feature_mse=0.1108, train_acc=0.8003, alpha=0.100, val_acc=0.7569, val_macro_f1=0.5677, val_weighted_f1=0.7402, lr=0.000544, epoch_time=17.89s
[Epoch 028] train_loss=0.2145, train_hard=0.6244, train_soft=0.1497, train_logit_mse=0.5777, train_feature_mse=0.1106, train_acc=0.8012, alpha=0.100, val_acc=0.7563, val_macro_f1=0.5642, val_weighted_f1=0.7373, lr=0.000527, epoch_time=18.02s
[Epoch 029] train_loss=0.2134, train_hard=0.6254, train_soft=0.1486, train_logit_mse=0.5727, train_feature_mse=0.1106, train_acc=0.8015, alpha=0.100, val_acc=0.7599, val_macro_f1=0.5649, val_weighted_f1=0.7395, lr=0.000510, epoch_time=18.02s
[Epoch 030] train_loss=0.2136, train_hard=0.6252, train_soft=0.1487, train_logit_mse=0.5744, train_feature_mse=0.1107, train_acc=0.7986, alpha=0.100, val_acc=0.7679, val_macro_f1=0.5804, val_weighted_f1=0.7490, lr=0.000493, epoch_time=18.04s
  -> New best KD student saved to /users/40370279/csc4006/code/experiments/6__distillation_component/checkpoints/student_logits_only_seed42.pt
[Epoch 031] train_loss=0.2106, train_hard=0.6195, train_soft=0.1461, train_logit_mse=0.5716, train_feature_mse=0.1107, train_acc=0.8016, alpha=0.100, val_acc=0.7666, val_macro_f1=0.5772, val_weighted_f1=0.7464, lr=0.000476, epoch_time=17.96s
[Epoch 032] train_loss=0.2080, train_hard=0.6198, train_soft=0.1436, train_logit_mse=0.5607, train_feature_mse=0.1107, train_acc=0.8010, alpha=0.100, val_acc=0.7557, val_macro_f1=0.5546, val_weighted_f1=0.7295, lr=0.000458, epoch_time=18.01s
[Epoch 033] train_loss=0.2069, train_hard=0.6205, train_soft=0.1423, train_logit_mse=0.5598, train_feature_mse=0.1106, train_acc=0.8002, alpha=0.100, val_acc=0.7624, val_macro_f1=0.5747, val_weighted_f1=0.7423, lr=0.000440, epoch_time=17.99s
[Epoch 034] train_loss=0.2052, train_hard=0.6133, train_soft=0.1413, train_logit_mse=0.5583, train_feature_mse=0.1108, train_acc=0.8028, alpha=0.100, val_acc=0.7605, val_macro_f1=0.5668, val_weighted_f1=0.7386, lr=0.000423, epoch_time=17.81s
[Epoch 035] train_loss=0.2034, train_hard=0.6131, train_soft=0.1395, train_logit_mse=0.5492, train_feature_mse=0.1106, train_acc=0.7992, alpha=0.100, val_acc=0.7593, val_macro_f1=0.5648, val_weighted_f1=0.7358, lr=0.000405, epoch_time=17.93s
[Epoch 036] train_loss=0.2033, train_hard=0.6115, train_soft=0.1395, train_logit_mse=0.5518, train_feature_mse=0.1105, train_acc=0.8013, alpha=0.100, val_acc=0.7673, val_macro_f1=0.5870, val_weighted_f1=0.7503, lr=0.000387, epoch_time=17.83s
  -> New best KD student saved to /users/40370279/csc4006/code/experiments/6__distillation_component/checkpoints/student_logits_only_seed42.pt
[Epoch 037] train_loss=0.2019, train_hard=0.6136, train_soft=0.1380, train_logit_mse=0.5428, train_feature_mse=0.1106, train_acc=0.8013, alpha=0.100, val_acc=0.7648, val_macro_f1=0.5731, val_weighted_f1=0.7431, lr=0.000370, epoch_time=17.89s
[Epoch 038] train_loss=0.2014, train_hard=0.6092, train_soft=0.1379, train_logit_mse=0.5471, train_feature_mse=0.1105, train_acc=0.8054, alpha=0.100, val_acc=0.7636, val_macro_f1=0.5770, val_weighted_f1=0.7434, lr=0.000352, epoch_time=17.87s
[Epoch 039] train_loss=0.2008, train_hard=0.6125, train_soft=0.1368, train_logit_mse=0.5460, train_feature_mse=0.1104, train_acc=0.8041, alpha=0.100, val_acc=0.7685, val_macro_f1=0.5878, val_weighted_f1=0.7489, lr=0.000334, epoch_time=17.84s
  -> New best KD student saved to /users/40370279/csc4006/code/experiments/6__distillation_component/checkpoints/student_logits_only_seed42.pt
[Epoch 040] train_loss=0.2002, train_hard=0.6098, train_soft=0.1367, train_logit_mse=0.5391, train_feature_mse=0.1104, train_acc=0.8037, alpha=0.100, val_acc=0.7630, val_macro_f1=0.5835, val_weighted_f1=0.7464, lr=0.000317, epoch_time=17.86s
[Epoch 041] train_loss=0.1980, train_hard=0.6083, train_soft=0.1346, train_logit_mse=0.5346, train_feature_mse=0.1105, train_acc=0.8040, alpha=0.100, val_acc=0.7734, val_macro_f1=0.6031, val_weighted_f1=0.7574, lr=0.000300, epoch_time=17.91s
  -> New best KD student saved to /users/40370279/csc4006/code/experiments/6__distillation_component/checkpoints/student_logits_only_seed42.pt
[Epoch 042] train_loss=0.1972, train_hard=0.6061, train_soft=0.1338, train_logit_mse=0.5392, train_feature_mse=0.1102, train_acc=0.8068, alpha=0.100, val_acc=0.7679, val_macro_f1=0.5830, val_weighted_f1=0.7489, lr=0.000283, epoch_time=17.82s
[Epoch 043] train_loss=0.1992, train_hard=0.6075, train_soft=0.1359, train_logit_mse=0.5375, train_feature_mse=0.1103, train_acc=0.8024, alpha=0.100, val_acc=0.7715, val_macro_f1=0.5975, val_weighted_f1=0.7542, lr=0.000266, epoch_time=17.75s
[Epoch 044] train_loss=0.1946, train_hard=0.6005, train_soft=0.1318, train_logit_mse=0.5302, train_feature_mse=0.1104, train_acc=0.8064, alpha=0.100, val_acc=0.7709, val_macro_f1=0.5993, val_weighted_f1=0.7524, lr=0.000250, epoch_time=17.92s
[Epoch 045] train_loss=0.1961, train_hard=0.6088, train_soft=0.1325, train_logit_mse=0.5311, train_feature_mse=0.1104, train_acc=0.8049, alpha=0.100, val_acc=0.7648, val_macro_f1=0.5818, val_weighted_f1=0.7440, lr=0.000234, epoch_time=17.87s
[Epoch 046] train_loss=0.1927, train_hard=0.6043, train_soft=0.1297, train_logit_mse=0.5168, train_feature_mse=0.1105, train_acc=0.8037, alpha=0.100, val_acc=0.7666, val_macro_f1=0.5933, val_weighted_f1=0.7505, lr=0.000218, epoch_time=17.81s
[Epoch 047] train_loss=0.1914, train_hard=0.6019, train_soft=0.1285, train_logit_mse=0.5199, train_feature_mse=0.1105, train_acc=0.8047, alpha=0.100, val_acc=0.7642, val_macro_f1=0.5898, val_weighted_f1=0.7474, lr=0.000202, epoch_time=17.86s
[Epoch 048] train_loss=0.1937, train_hard=0.6031, train_soft=0.1307, train_logit_mse=0.5257, train_feature_mse=0.1105, train_acc=0.8056, alpha=0.100, val_acc=0.7673, val_macro_f1=0.5866, val_weighted_f1=0.7472, lr=0.000187, epoch_time=17.79s
[Epoch 049] train_loss=0.1921, train_hard=0.6012, train_soft=0.1293, train_logit_mse=0.5219, train_feature_mse=0.1103, train_acc=0.8074, alpha=0.100, val_acc=0.7691, val_macro_f1=0.5948, val_weighted_f1=0.7519, lr=0.000173, epoch_time=17.77s
[Epoch 050] train_loss=0.1925, train_hard=0.6045, train_soft=0.1295, train_logit_mse=0.5178, train_feature_mse=0.1105, train_acc=0.8063, alpha=0.100, val_acc=0.7599, val_macro_f1=0.5692, val_weighted_f1=0.7391, lr=0.000159, epoch_time=17.93s
[Epoch 051] train_loss=0.1893, train_hard=0.5975, train_soft=0.1268, train_logit_mse=0.5148, train_feature_mse=0.1104, train_acc=0.8113, alpha=0.100, val_acc=0.7642, val_macro_f1=0.5743, val_weighted_f1=0.7439, lr=0.000145, epoch_time=17.87s
[Epoch 052] train_loss=0.1896, train_hard=0.5973, train_soft=0.1272, train_logit_mse=0.5131, train_feature_mse=0.1104, train_acc=0.8062, alpha=0.100, val_acc=0.7673, val_macro_f1=0.5840, val_weighted_f1=0.7486, lr=0.000132, epoch_time=17.78s
[Epoch 053] train_loss=0.1902, train_hard=0.5978, train_soft=0.1277, train_logit_mse=0.5167, train_feature_mse=0.1104, train_acc=0.8068, alpha=0.100, val_acc=0.7691, val_macro_f1=0.5982, val_weighted_f1=0.7521, lr=0.000119, epoch_time=17.87s
[Epoch 054] train_loss=0.1899, train_hard=0.5990, train_soft=0.1272, train_logit_mse=0.5168, train_feature_mse=0.1105, train_acc=0.8065, alpha=0.100, val_acc=0.7691, val_macro_f1=0.5879, val_weighted_f1=0.7496, lr=0.000108, epoch_time=17.84s
[Epoch 055] train_loss=0.1877, train_hard=0.5964, train_soft=0.1253, train_logit_mse=0.5112, train_feature_mse=0.1104, train_acc=0.8088, alpha=0.100, val_acc=0.7636, val_macro_f1=0.5830, val_weighted_f1=0.7456, lr=0.000096, epoch_time=17.94s
[Epoch 056] train_loss=0.1882, train_hard=0.5957, train_soft=0.1258, train_logit_mse=0.5153, train_feature_mse=0.1104, train_acc=0.8077, alpha=0.100, val_acc=0.7636, val_macro_f1=0.5888, val_weighted_f1=0.7473, lr=0.000085, epoch_time=17.87s
Early stopping triggered.
Loaded best KD student checkpoint for final test evaluation.
Best validation macro-F1: 0.6031
Best epoch: 41
Time to best model: 736.62 seconds
Checkpoint size (MB): 0.115
Student size: small
Teacher used: checkpoints/teacher/teacher_cnn_seed42.pt
Teacher arch: TeacherCNN
Teacher size: large
Checkpoint seed: 42
Test accuracy (KD student): 0.7752
Test macro-F1 (KD student): 0.5988
Test weighted-F1 (KD student): 0.7593
Test classification report:
              precision    recall  f1-score   support

           0       0.80      0.65      0.72       184
           1       0.25      0.04      0.06        56
           2       0.77      0.58      0.66       256
           3       0.80      0.91      0.85       912
           4       0.67      0.73      0.70       242

    accuracy                           0.78      1650
   macro avg       0.66      0.58      0.60      1650
weighted avg       0.76      0.78      0.76      1650

Test confusion matrix:
[[119   1   7  49   8]
 [  2   2   1  40  11]
 [ 11   0 148  69  28]
 [ 12   3  24 834  39]
 [  4   2  11  49 176]]
Inference latency: 1.7610 ms/sample
