Using device: cuda
Seed: 999
Deterministic mode: True
Deterministic warn_only: True
KD hyperparameters: alpha_start=0.100, alpha_end=0.100, temperature=1.00, logit_mse_weight=0.030, feature_mse_weight=0.000, class_weight_gamma=0.00, sampler_power=0.35, label_smoothing=0.000, student_size=small
Training: batch_size=64, lr=0.0008, epochs=70, patience=15, weight_decay=0.002, grad_clip=1.0, num_workers=2, disable_augmentation=False, use_weighted_sampler=False
Teacher checkpoint path: checkpoints/teacher/teacher_cnn_seed999.pt
Student checkpoint path: /users/40370279/csc4006/code/experiments/6__distillation_component/checkpoints/student_logits_only_seed999.pt
Training set size: 12957
Validation set size: 1637
Test set size: 1650
Number of leads: 12 classes: 5
Classes: ['CD' 'HYP' 'MI' 'NORM' 'STTC']
Trainable parameters (student): 5897
Total parameters (student): 5897
Estimated model size (MB): 0.024
Teacher pooled dim: 896
Student pooled dim: 18
Class weights: [1. 1. 1. 1. 1.]
Training sampler: standard shuffled loader
[Epoch 001] train_loss=0.9093, train_hard=1.1780, train_soft=0.7905, train_logit_mse=2.6697, train_feature_mse=0.1115, train_acc=0.5778, alpha=0.100, val_acc=0.6268, val_macro_f1=0.2971, val_weighted_f1=0.5492, lr=0.000800, epoch_time=19.31s
  -> New best KD student saved to /users/40370279/csc4006/code/experiments/6__distillation_component/checkpoints/student_logits_only_seed999.pt
[Epoch 002] train_loss=0.6568, train_hard=0.9214, train_soft=0.5622, train_logit_mse=1.9577, train_feature_mse=0.1122, train_acc=0.6780, alpha=0.100, val_acc=0.7037, val_macro_f1=0.4702, val_weighted_f1=0.6642, lr=0.000798, epoch_time=18.07s
  -> New best KD student saved to /users/40370279/csc4006/code/experiments/6__distillation_component/checkpoints/student_logits_only_seed999.pt
[Epoch 003] train_loss=0.5481, train_hard=0.8178, train_soft=0.4618, train_logit_mse=1.6896, train_feature_mse=0.1123, train_acc=0.7262, alpha=0.100, val_acc=0.7227, val_macro_f1=0.5002, val_weighted_f1=0.6866, lr=0.000796, epoch_time=17.92s
  -> New best KD student saved to /users/40370279/csc4006/code/experiments/6__distillation_component/checkpoints/student_logits_only_seed999.pt
[Epoch 004] train_loss=0.4979, train_hard=0.7742, train_soft=0.4157, train_logit_mse=1.5453, train_feature_mse=0.1119, train_acc=0.7445, alpha=0.100, val_acc=0.7404, val_macro_f1=0.5313, val_weighted_f1=0.7130, lr=0.000794, epoch_time=18.10s
  -> New best KD student saved to /users/40370279/csc4006/code/experiments/6__distillation_component/checkpoints/student_logits_only_seed999.pt
[Epoch 005] train_loss=0.4608, train_hard=0.7394, train_soft=0.3829, train_logit_mse=1.4062, train_feature_mse=0.1113, train_acc=0.7609, alpha=0.100, val_acc=0.7453, val_macro_f1=0.5400, val_weighted_f1=0.7201, lr=0.000790, epoch_time=18.07s
  -> New best KD student saved to /users/40370279/csc4006/code/experiments/6__distillation_component/checkpoints/student_logits_only_seed999.pt
[Epoch 006] train_loss=0.4461, train_hard=0.7270, train_soft=0.3701, train_logit_mse=1.3424, train_feature_mse=0.1113, train_acc=0.7645, alpha=0.100, val_acc=0.7440, val_macro_f1=0.5340, val_weighted_f1=0.7144, lr=0.000786, epoch_time=17.95s
[Epoch 007] train_loss=0.4232, train_hard=0.7081, train_soft=0.3490, train_logit_mse=1.2773, train_feature_mse=0.1113, train_acc=0.7698, alpha=0.100, val_acc=0.7447, val_macro_f1=0.5341, val_weighted_f1=0.7154, lr=0.000781, epoch_time=18.01s
[Epoch 008] train_loss=0.4108, train_hard=0.6919, train_soft=0.3383, train_logit_mse=1.2379, train_feature_mse=0.1116, train_acc=0.7737, alpha=0.100, val_acc=0.7459, val_macro_f1=0.5352, val_weighted_f1=0.7149, lr=0.000775, epoch_time=17.90s
[Epoch 009] train_loss=0.4015, train_hard=0.6848, train_soft=0.3296, train_logit_mse=1.2112, train_feature_mse=0.1119, train_acc=0.7765, alpha=0.100, val_acc=0.7508, val_macro_f1=0.5485, val_weighted_f1=0.7269, lr=0.000768, epoch_time=18.08s
  -> New best KD student saved to /users/40370279/csc4006/code/experiments/6__distillation_component/checkpoints/student_logits_only_seed999.pt
[Epoch 010] train_loss=0.3929, train_hard=0.6757, train_soft=0.3222, train_logit_mse=1.1791, train_feature_mse=0.1119, train_acc=0.7827, alpha=0.100, val_acc=0.7575, val_macro_f1=0.5533, val_weighted_f1=0.7306, lr=0.000761, epoch_time=17.91s
  -> New best KD student saved to /users/40370279/csc4006/code/experiments/6__distillation_component/checkpoints/student_logits_only_seed999.pt
[Epoch 011] train_loss=0.3875, train_hard=0.6733, train_soft=0.3169, train_logit_mse=1.1647, train_feature_mse=0.1120, train_acc=0.7826, alpha=0.100, val_acc=0.7538, val_macro_f1=0.5621, val_weighted_f1=0.7369, lr=0.000753, epoch_time=17.85s
  -> New best KD student saved to /users/40370279/csc4006/code/experiments/6__distillation_component/checkpoints/student_logits_only_seed999.pt
[Epoch 012] train_loss=0.3763, train_hard=0.6606, train_soft=0.3070, train_logit_mse=1.1326, train_feature_mse=0.1118, train_acc=0.7864, alpha=0.100, val_acc=0.7569, val_macro_f1=0.5531, val_weighted_f1=0.7301, lr=0.000744, epoch_time=17.98s
[Epoch 013] train_loss=0.3722, train_hard=0.6615, train_soft=0.3029, train_logit_mse=1.1158, train_feature_mse=0.1118, train_acc=0.7868, alpha=0.100, val_acc=0.7557, val_macro_f1=0.5565, val_weighted_f1=0.7312, lr=0.000735, epoch_time=18.10s
[Epoch 014] train_loss=0.3667, train_hard=0.6534, train_soft=0.2980, train_logit_mse=1.1075, train_feature_mse=0.1119, train_acc=0.7875, alpha=0.100, val_acc=0.7544, val_macro_f1=0.5530, val_weighted_f1=0.7297, lr=0.000725, epoch_time=17.85s
[Epoch 015] train_loss=0.3587, train_hard=0.6458, train_soft=0.2904, train_logit_mse=1.0901, train_feature_mse=0.1118, train_acc=0.7934, alpha=0.100, val_acc=0.7581, val_macro_f1=0.5578, val_weighted_f1=0.7333, lr=0.000714, epoch_time=18.03s
[Epoch 016] train_loss=0.3570, train_hard=0.6473, train_soft=0.2887, train_logit_mse=1.0789, train_feature_mse=0.1119, train_acc=0.7910, alpha=0.100, val_acc=0.7495, val_macro_f1=0.5472, val_weighted_f1=0.7249, lr=0.000702, epoch_time=18.02s
[Epoch 017] train_loss=0.3488, train_hard=0.6345, train_soft=0.2816, train_logit_mse=1.0634, train_feature_mse=0.1119, train_acc=0.7962, alpha=0.100, val_acc=0.7581, val_macro_f1=0.5587, val_weighted_f1=0.7360, lr=0.000691, epoch_time=17.97s
[Epoch 018] train_loss=0.3452, train_hard=0.6401, train_soft=0.2773, train_logit_mse=1.0533, train_feature_mse=0.1120, train_acc=0.7954, alpha=0.100, val_acc=0.7624, val_macro_f1=0.5600, val_weighted_f1=0.7362, lr=0.000678, epoch_time=18.07s
[Epoch 019] train_loss=0.3416, train_hard=0.6309, train_soft=0.2747, train_logit_mse=1.0445, train_feature_mse=0.1117, train_acc=0.7958, alpha=0.100, val_acc=0.7618, val_macro_f1=0.5599, val_weighted_f1=0.7357, lr=0.000665, epoch_time=18.03s
[Epoch 020] train_loss=0.3423, train_hard=0.6357, train_soft=0.2749, train_logit_mse=1.0429, train_feature_mse=0.1117, train_acc=0.7952, alpha=0.100, val_acc=0.7538, val_macro_f1=0.5472, val_weighted_f1=0.7268, lr=0.000651, epoch_time=18.06s
[Epoch 021] train_loss=0.3356, train_hard=0.6292, train_soft=0.2688, train_logit_mse=1.0259, train_feature_mse=0.1118, train_acc=0.7977, alpha=0.100, val_acc=0.7563, val_macro_f1=0.5605, val_weighted_f1=0.7343, lr=0.000637, epoch_time=17.91s
[Epoch 022] train_loss=0.3314, train_hard=0.6255, train_soft=0.2650, train_logit_mse=1.0123, train_feature_mse=0.1116, train_acc=0.7993, alpha=0.100, val_acc=0.7624, val_macro_f1=0.5586, val_weighted_f1=0.7352, lr=0.000623, epoch_time=18.02s
[Epoch 023] train_loss=0.3300, train_hard=0.6270, train_soft=0.2634, train_logit_mse=1.0095, train_feature_mse=0.1113, train_acc=0.7979, alpha=0.100, val_acc=0.7599, val_macro_f1=0.5565, val_weighted_f1=0.7315, lr=0.000608, epoch_time=18.02s
[Epoch 024] train_loss=0.3258, train_hard=0.6193, train_soft=0.2599, train_logit_mse=0.9992, train_feature_mse=0.1113, train_acc=0.8006, alpha=0.100, val_acc=0.7691, val_macro_f1=0.5709, val_weighted_f1=0.7458, lr=0.000592, epoch_time=18.07s
  -> New best KD student saved to /users/40370279/csc4006/code/experiments/6__distillation_component/checkpoints/student_logits_only_seed999.pt
[Epoch 025] train_loss=0.3252, train_hard=0.6181, train_soft=0.2595, train_logit_mse=0.9965, train_feature_mse=0.1111, train_acc=0.7991, alpha=0.100, val_acc=0.7563, val_macro_f1=0.5622, val_weighted_f1=0.7344, lr=0.000576, epoch_time=18.03s
[Epoch 026] train_loss=0.3254, train_hard=0.6228, train_soft=0.2593, train_logit_mse=0.9900, train_feature_mse=0.1111, train_acc=0.7998, alpha=0.100, val_acc=0.7630, val_macro_f1=0.5659, val_weighted_f1=0.7393, lr=0.000560, epoch_time=18.02s
[Epoch 027] train_loss=0.3242, train_hard=0.6206, train_soft=0.2584, train_logit_mse=0.9867, train_feature_mse=0.1109, train_acc=0.7981, alpha=0.100, val_acc=0.7740, val_macro_f1=0.5803, val_weighted_f1=0.7504, lr=0.000544, epoch_time=17.96s
  -> New best KD student saved to /users/40370279/csc4006/code/experiments/6__distillation_component/checkpoints/student_logits_only_seed999.pt
[Epoch 028] train_loss=0.3174, train_hard=0.6139, train_soft=0.2521, train_logit_mse=0.9715, train_feature_mse=0.1110, train_acc=0.8032, alpha=0.100, val_acc=0.7709, val_macro_f1=0.5778, val_weighted_f1=0.7477, lr=0.000527, epoch_time=18.07s
[Epoch 029] train_loss=0.3146, train_hard=0.6142, train_soft=0.2491, train_logit_mse=0.9666, train_feature_mse=0.1109, train_acc=0.8067, alpha=0.100, val_acc=0.7691, val_macro_f1=0.5704, val_weighted_f1=0.7445, lr=0.000510, epoch_time=18.04s
[Epoch 030] train_loss=0.3078, train_hard=0.6063, train_soft=0.2426, train_logit_mse=0.9615, train_feature_mse=0.1106, train_acc=0.8058, alpha=0.100, val_acc=0.7679, val_macro_f1=0.5703, val_weighted_f1=0.7430, lr=0.000493, epoch_time=18.02s
[Epoch 031] train_loss=0.3069, train_hard=0.6076, train_soft=0.2420, train_logit_mse=0.9447, train_feature_mse=0.1106, train_acc=0.8043, alpha=0.100, val_acc=0.7563, val_macro_f1=0.5580, val_weighted_f1=0.7300, lr=0.000476, epoch_time=18.15s
[Epoch 032] train_loss=0.3058, train_hard=0.6043, train_soft=0.2410, train_logit_mse=0.9487, train_feature_mse=0.1106, train_acc=0.8054, alpha=0.100, val_acc=0.7654, val_macro_f1=0.5722, val_weighted_f1=0.7441, lr=0.000458, epoch_time=17.92s
[Epoch 033] train_loss=0.3015, train_hard=0.5993, train_soft=0.2371, train_logit_mse=0.9389, train_feature_mse=0.1106, train_acc=0.8067, alpha=0.100, val_acc=0.7673, val_macro_f1=0.5728, val_weighted_f1=0.7416, lr=0.000440, epoch_time=18.09s
[Epoch 034] train_loss=0.3037, train_hard=0.6033, train_soft=0.2392, train_logit_mse=0.9373, train_feature_mse=0.1105, train_acc=0.8054, alpha=0.100, val_acc=0.7703, val_macro_f1=0.5789, val_weighted_f1=0.7470, lr=0.000423, epoch_time=17.96s
[Epoch 035] train_loss=0.3027, train_hard=0.6032, train_soft=0.2382, train_logit_mse=0.9322, train_feature_mse=0.1104, train_acc=0.8050, alpha=0.100, val_acc=0.7630, val_macro_f1=0.5701, val_weighted_f1=0.7382, lr=0.000405, epoch_time=17.95s
[Epoch 036] train_loss=0.2991, train_hard=0.5994, train_soft=0.2350, train_logit_mse=0.9238, train_feature_mse=0.1104, train_acc=0.8040, alpha=0.100, val_acc=0.7666, val_macro_f1=0.5772, val_weighted_f1=0.7418, lr=0.000387, epoch_time=18.02s
[Epoch 037] train_loss=0.2987, train_hard=0.5983, train_soft=0.2348, train_logit_mse=0.9204, train_feature_mse=0.1104, train_acc=0.8030, alpha=0.100, val_acc=0.7666, val_macro_f1=0.5821, val_weighted_f1=0.7438, lr=0.000370, epoch_time=18.09s
  -> New best KD student saved to /users/40370279/csc4006/code/experiments/6__distillation_component/checkpoints/student_logits_only_seed999.pt
[Epoch 038] train_loss=0.2947, train_hard=0.5947, train_soft=0.2309, train_logit_mse=0.9141, train_feature_mse=0.1104, train_acc=0.8079, alpha=0.100, val_acc=0.7630, val_macro_f1=0.5679, val_weighted_f1=0.7383, lr=0.000352, epoch_time=17.90s
[Epoch 039] train_loss=0.2947, train_hard=0.5971, train_soft=0.2307, train_logit_mse=0.9106, train_feature_mse=0.1102, train_acc=0.8103, alpha=0.100, val_acc=0.7746, val_macro_f1=0.5904, val_weighted_f1=0.7540, lr=0.000334, epoch_time=18.02s
  -> New best KD student saved to /users/40370279/csc4006/code/experiments/6__distillation_component/checkpoints/student_logits_only_seed999.pt
[Epoch 040] train_loss=0.2946, train_hard=0.5983, train_soft=0.2307, train_logit_mse=0.9059, train_feature_mse=0.1103, train_acc=0.8065, alpha=0.100, val_acc=0.7642, val_macro_f1=0.5752, val_weighted_f1=0.7419, lr=0.000317, epoch_time=18.04s
[Epoch 041] train_loss=0.2908, train_hard=0.5932, train_soft=0.2271, train_logit_mse=0.9032, train_feature_mse=0.1104, train_acc=0.8063, alpha=0.100, val_acc=0.7679, val_macro_f1=0.5905, val_weighted_f1=0.7492, lr=0.000300, epoch_time=17.94s
  -> New best KD student saved to /users/40370279/csc4006/code/experiments/6__distillation_component/checkpoints/student_logits_only_seed999.pt
[Epoch 042] train_loss=0.2851, train_hard=0.5879, train_soft=0.2220, train_logit_mse=0.8857, train_feature_mse=0.1103, train_acc=0.8101, alpha=0.100, val_acc=0.7740, val_macro_f1=0.5925, val_weighted_f1=0.7527, lr=0.000283, epoch_time=17.99s
  -> New best KD student saved to /users/40370279/csc4006/code/experiments/6__distillation_component/checkpoints/student_logits_only_seed999.pt
[Epoch 043] train_loss=0.2904, train_hard=0.5936, train_soft=0.2268, train_logit_mse=0.8960, train_feature_mse=0.1102, train_acc=0.8075, alpha=0.100, val_acc=0.7764, val_macro_f1=0.5928, val_weighted_f1=0.7549, lr=0.000266, epoch_time=18.05s
  -> New best KD student saved to /users/40370279/csc4006/code/experiments/6__distillation_component/checkpoints/student_logits_only_seed999.pt
[Epoch 044] train_loss=0.2867, train_hard=0.5894, train_soft=0.2237, train_logit_mse=0.8810, train_feature_mse=0.1102, train_acc=0.8072, alpha=0.100, val_acc=0.7654, val_macro_f1=0.5874, val_weighted_f1=0.7449, lr=0.000250, epoch_time=17.96s
[Epoch 045] train_loss=0.2850, train_hard=0.5864, train_soft=0.2221, train_logit_mse=0.8824, train_feature_mse=0.1102, train_acc=0.8103, alpha=0.100, val_acc=0.7715, val_macro_f1=0.6020, val_weighted_f1=0.7541, lr=0.000234, epoch_time=17.93s
  -> New best KD student saved to /users/40370279/csc4006/code/experiments/6__distillation_component/checkpoints/student_logits_only_seed999.pt
[Epoch 046] train_loss=0.2879, train_hard=0.5899, train_soft=0.2247, train_logit_mse=0.8889, train_feature_mse=0.1103, train_acc=0.8103, alpha=0.100, val_acc=0.7666, val_macro_f1=0.5781, val_weighted_f1=0.7423, lr=0.000218, epoch_time=17.96s
[Epoch 047] train_loss=0.2804, train_hard=0.5813, train_soft=0.2178, train_logit_mse=0.8755, train_feature_mse=0.1103, train_acc=0.8137, alpha=0.100, val_acc=0.7715, val_macro_f1=0.5971, val_weighted_f1=0.7518, lr=0.000202, epoch_time=17.96s
[Epoch 048] train_loss=0.2848, train_hard=0.5843, train_soft=0.2221, train_logit_mse=0.8839, train_feature_mse=0.1103, train_acc=0.8109, alpha=0.100, val_acc=0.7734, val_macro_f1=0.5949, val_weighted_f1=0.7524, lr=0.000187, epoch_time=17.99s
[Epoch 049] train_loss=0.2802, train_hard=0.5821, train_soft=0.2177, train_logit_mse=0.8700, train_feature_mse=0.1101, train_acc=0.8118, alpha=0.100, val_acc=0.7691, val_macro_f1=0.5841, val_weighted_f1=0.7457, lr=0.000173, epoch_time=18.01s
[Epoch 050] train_loss=0.2836, train_hard=0.5843, train_soft=0.2208, train_logit_mse=0.8794, train_feature_mse=0.1102, train_acc=0.8112, alpha=0.100, val_acc=0.7709, val_macro_f1=0.5973, val_weighted_f1=0.7508, lr=0.000159, epoch_time=18.08s
[Epoch 051] train_loss=0.2777, train_hard=0.5777, train_soft=0.2155, train_logit_mse=0.8659, train_feature_mse=0.1102, train_acc=0.8129, alpha=0.100, val_acc=0.7685, val_macro_f1=0.5912, val_weighted_f1=0.7466, lr=0.000145, epoch_time=17.97s
[Epoch 052] train_loss=0.2795, train_hard=0.5834, train_soft=0.2168, train_logit_mse=0.8656, train_feature_mse=0.1101, train_acc=0.8106, alpha=0.100, val_acc=0.7728, val_macro_f1=0.5995, val_weighted_f1=0.7534, lr=0.000132, epoch_time=17.96s
[Epoch 053] train_loss=0.2792, train_hard=0.5809, train_soft=0.2165, train_logit_mse=0.8758, train_feature_mse=0.1101, train_acc=0.8133, alpha=0.100, val_acc=0.7734, val_macro_f1=0.6021, val_weighted_f1=0.7545, lr=0.000119, epoch_time=17.97s
  -> New best KD student saved to /users/40370279/csc4006/code/experiments/6__distillation_component/checkpoints/student_logits_only_seed999.pt
[Epoch 054] train_loss=0.2809, train_hard=0.5815, train_soft=0.2182, train_logit_mse=0.8776, train_feature_mse=0.1102, train_acc=0.8108, alpha=0.100, val_acc=0.7734, val_macro_f1=0.6047, val_weighted_f1=0.7547, lr=0.000108, epoch_time=18.01s
  -> New best KD student saved to /users/40370279/csc4006/code/experiments/6__distillation_component/checkpoints/student_logits_only_seed999.pt
[Epoch 055] train_loss=0.2767, train_hard=0.5799, train_soft=0.2141, train_logit_mse=0.8655, train_feature_mse=0.1101, train_acc=0.8159, alpha=0.100, val_acc=0.7740, val_macro_f1=0.5988, val_weighted_f1=0.7548, lr=0.000096, epoch_time=18.04s
[Epoch 056] train_loss=0.2782, train_hard=0.5779, train_soft=0.2162, train_logit_mse=0.8635, train_feature_mse=0.1101, train_acc=0.8126, alpha=0.100, val_acc=0.7764, val_macro_f1=0.5991, val_weighted_f1=0.7564, lr=0.000085, epoch_time=18.11s
[Epoch 057] train_loss=0.2760, train_hard=0.5765, train_soft=0.2139, train_logit_mse=0.8624, train_feature_mse=0.1103, train_acc=0.8155, alpha=0.100, val_acc=0.7734, val_macro_f1=0.6038, val_weighted_f1=0.7541, lr=0.000075, epoch_time=18.11s
[Epoch 058] train_loss=0.2786, train_hard=0.5817, train_soft=0.2162, train_logit_mse=0.8622, train_feature_mse=0.1103, train_acc=0.8131, alpha=0.100, val_acc=0.7758, val_macro_f1=0.6076, val_weighted_f1=0.7576, lr=0.000066, epoch_time=17.98s
  -> New best KD student saved to /users/40370279/csc4006/code/experiments/6__distillation_component/checkpoints/student_logits_only_seed999.pt
[Epoch 059] train_loss=0.2748, train_hard=0.5766, train_soft=0.2127, train_logit_mse=0.8569, train_feature_mse=0.1102, train_acc=0.8154, alpha=0.100, val_acc=0.7752, val_macro_f1=0.6082, val_weighted_f1=0.7579, lr=0.000057, epoch_time=18.12s
  -> New best KD student saved to /users/40370279/csc4006/code/experiments/6__distillation_component/checkpoints/student_logits_only_seed999.pt
[Epoch 060] train_loss=0.2712, train_hard=0.5733, train_soft=0.2092, train_logit_mse=0.8525, train_feature_mse=0.1102, train_acc=0.8138, alpha=0.100, val_acc=0.7764, val_macro_f1=0.6084, val_weighted_f1=0.7578, lr=0.000049, epoch_time=17.99s
  -> New best KD student saved to /users/40370279/csc4006/code/experiments/6__distillation_component/checkpoints/student_logits_only_seed999.pt
[Epoch 061] train_loss=0.2733, train_hard=0.5758, train_soft=0.2112, train_logit_mse=0.8554, train_feature_mse=0.1101, train_acc=0.8125, alpha=0.100, val_acc=0.7795, val_macro_f1=0.6128, val_weighted_f1=0.7613, lr=0.000042, epoch_time=17.87s
  -> New best KD student saved to /users/40370279/csc4006/code/experiments/6__distillation_component/checkpoints/student_logits_only_seed999.pt
[Epoch 062] train_loss=0.2717, train_hard=0.5732, train_soft=0.2095, train_logit_mse=0.8606, train_feature_mse=0.1101, train_acc=0.8154, alpha=0.100, val_acc=0.7752, val_macro_f1=0.6047, val_weighted_f1=0.7559, lr=0.000035, epoch_time=17.96s
[Epoch 063] train_loss=0.2704, train_hard=0.5747, train_soft=0.2084, train_logit_mse=0.8443, train_feature_mse=0.1102, train_acc=0.8141, alpha=0.100, val_acc=0.7746, val_macro_f1=0.6072, val_weighted_f1=0.7565, lr=0.000029, epoch_time=18.00s
[Epoch 064] train_loss=0.2733, train_hard=0.5777, train_soft=0.2108, train_logit_mse=0.8589, train_feature_mse=0.1101, train_acc=0.8142, alpha=0.100, val_acc=0.7752, val_macro_f1=0.6069, val_weighted_f1=0.7566, lr=0.000024, epoch_time=17.97s
[Epoch 065] train_loss=0.2710, train_hard=0.5737, train_soft=0.2091, train_logit_mse=0.8461, train_feature_mse=0.1101, train_acc=0.8144, alpha=0.100, val_acc=0.7770, val_macro_f1=0.6058, val_weighted_f1=0.7577, lr=0.000020, epoch_time=17.94s
[Epoch 066] train_loss=0.2706, train_hard=0.5716, train_soft=0.2087, train_logit_mse=0.8520, train_feature_mse=0.1101, train_acc=0.8168, alpha=0.100, val_acc=0.7776, val_macro_f1=0.6074, val_weighted_f1=0.7588, lr=0.000016, epoch_time=18.06s
[Epoch 067] train_loss=0.2712, train_hard=0.5738, train_soft=0.2093, train_logit_mse=0.8480, train_feature_mse=0.1101, train_acc=0.8148, alpha=0.100, val_acc=0.7764, val_macro_f1=0.6078, val_weighted_f1=0.7580, lr=0.000014, epoch_time=18.11s
[Epoch 068] train_loss=0.2713, train_hard=0.5720, train_soft=0.2095, train_logit_mse=0.8524, train_feature_mse=0.1101, train_acc=0.8167, alpha=0.100, val_acc=0.7752, val_macro_f1=0.6076, val_weighted_f1=0.7565, lr=0.000012, epoch_time=18.05s
[Epoch 069] train_loss=0.2709, train_hard=0.5708, train_soft=0.2093, train_logit_mse=0.8485, train_feature_mse=0.1101, train_acc=0.8149, alpha=0.100, val_acc=0.7770, val_macro_f1=0.6072, val_weighted_f1=0.7581, lr=0.000010, epoch_time=17.99s
[Epoch 070] train_loss=0.2715, train_hard=0.5755, train_soft=0.2093, train_logit_mse=0.8535, train_feature_mse=0.1101, train_acc=0.8142, alpha=0.100, val_acc=0.7752, val_macro_f1=0.6053, val_weighted_f1=0.7564, lr=0.000010, epoch_time=17.96s
Loaded best KD student checkpoint for final test evaluation.
Best validation macro-F1: 0.6128
Best epoch: 61
Time to best model: 1100.02 seconds
Checkpoint size (MB): 0.115
Student size: small
Teacher used: checkpoints/teacher/teacher_cnn_seed999.pt
Teacher arch: TeacherCNN
Teacher size: large
Checkpoint seed: 999
Test accuracy (KD student): 0.7818
Test macro-F1 (KD student): 0.6027
Test weighted-F1 (KD student): 0.7628
Test classification report:
              precision    recall  f1-score   support

           0       0.78      0.67      0.73       184
           1       0.50      0.04      0.07        56
           2       0.83      0.57      0.68       256
           3       0.79      0.94      0.86       912
           4       0.72      0.66      0.69       242

    accuracy                           0.78      1650
   macro avg       0.72      0.58      0.60      1650
weighted avg       0.77      0.78      0.76      1650

Test confusion matrix:
[[124   1   5  47   7]
 [  3   2   1  44   6]
 [ 11   0 146  74  25]
 [ 15   1  14 859  23]
 [  5   0  10  68 159]]
Inference latency: 1.8110 ms/sample
