[38;5;127mpython3[0m/[38;5;172m3.10.5[0m/[38;5;67mgcc-9.3.0[0m
 |
 [0;32mOK[0m
[38;5;127mgcc[0m/[38;5;172m9.3.0[0m
 |
 [0;32mOK[0m
===== EXPERIMENT 5: LARGE TEACHER =====
Teacher source: experiment-local checkpoints
Teacher size: large
Student size: small
Seeds: 42, 123, 999
Job ID: 7992136
Host: gpu105.pri.kelvin2.alces.network
Start: Sat Mar 28 18:56:43 GMT 2026
Working directory: /users/40370279/csc4006/code

----- SEED 42 -----
Using device: cuda
Seed: 42
Teacher size: large
Teacher checkpoint path: /users/40370279/csc4006/code/experiments/5__teacher_model_comparison/checkpoints/teacher_large_seed42.pt
Deterministic mode: True
Deterministic warn_only: True
Training: batch_size=64, lr=0.0008, epochs=90, patience=18, warmup_epochs=5, min_lr_factor=0.02, weight_decay=0.001, class_weight_gamma=0.2, label_smoothing=0.03, sampler_power=0.35, grad_clip=1.0, num_workers=2, teacher_size=large, use_weighted_sampler=False, class_weights=True, disable_augmentation=False, ema_decay=0.999
Training set size: 12957
Validation set size: 1637
Test set size: 1650
Number of leads: 12 classes: 5
Classes: ['CD' 'HYP' 'MI' 'NORM' 'STTC']
Training sampler: standard shuffled loader
Trainable parameters: 3111171
Total parameters: 3111171
Estimated model size (MB): 11.912
Class weights: [1.0338018  1.3094392  0.9520142  0.73911804 0.9656268 ]
EMA enabled
[Epoch 001] lr=0.000320, train_loss=0.9302, train_acc=0.7290, val_acc=0.7251, val_macro_f1=0.5467, val_weighted_f1=0.7168, epoch_time=28.54s
  -> Saved best teacher model to /users/40370279/csc4006/code/experiments/5__teacher_model_comparison/checkpoints/teacher_large_seed42.pt
[Epoch 002] lr=0.000480, train_loss=0.8048, train_acc=0.7788, val_acc=0.7532, val_macro_f1=0.5416, val_weighted_f1=0.7191, epoch_time=27.17s
[Epoch 003] lr=0.000640, train_loss=0.7815, train_acc=0.7841, val_acc=0.7605, val_macro_f1=0.6111, val_weighted_f1=0.7444, epoch_time=27.10s
  -> Saved best teacher model to /users/40370279/csc4006/code/experiments/5__teacher_model_comparison/checkpoints/teacher_large_seed42.pt
[Epoch 004] lr=0.000800, train_loss=0.7732, train_acc=0.7869, val_acc=0.7526, val_macro_f1=0.5652, val_weighted_f1=0.7363, epoch_time=27.15s
[Epoch 005] lr=0.000800, train_loss=0.7575, train_acc=0.7902, val_acc=0.7526, val_macro_f1=0.5625, val_weighted_f1=0.7225, epoch_time=27.27s
[Epoch 006] lr=0.000800, train_loss=0.7324, train_acc=0.8002, val_acc=0.7831, val_macro_f1=0.6144, val_weighted_f1=0.7657, epoch_time=27.14s
  -> Saved best teacher model to /users/40370279/csc4006/code/experiments/5__teacher_model_comparison/checkpoints/teacher_large_seed42.pt
[Epoch 007] lr=0.000799, train_loss=0.7115, train_acc=0.8082, val_acc=0.7807, val_macro_f1=0.6227, val_weighted_f1=0.7686, epoch_time=27.21s
  -> Saved best teacher model to /users/40370279/csc4006/code/experiments/5__teacher_model_comparison/checkpoints/teacher_large_seed42.pt
[Epoch 008] lr=0.000798, train_loss=0.6929, train_acc=0.8146, val_acc=0.7459, val_macro_f1=0.6101, val_weighted_f1=0.7409, epoch_time=27.17s
[Epoch 009] lr=0.000796, train_loss=0.6854, train_acc=0.8155, val_acc=0.7202, val_macro_f1=0.5743, val_weighted_f1=0.7086, epoch_time=27.02s
[Epoch 010] lr=0.000793, train_loss=0.6676, train_acc=0.8213, val_acc=0.7709, val_macro_f1=0.6101, val_weighted_f1=0.7552, epoch_time=27.07s
[Epoch 011] lr=0.000790, train_loss=0.6584, train_acc=0.8240, val_acc=0.7691, val_macro_f1=0.6164, val_weighted_f1=0.7604, epoch_time=27.29s
[Epoch 012] lr=0.000787, train_loss=0.6422, train_acc=0.8301, val_acc=0.7746, val_macro_f1=0.6208, val_weighted_f1=0.7607, epoch_time=27.22s
[Epoch 013] lr=0.000783, train_loss=0.6320, train_acc=0.8318, val_acc=0.7697, val_macro_f1=0.6229, val_weighted_f1=0.7558, epoch_time=27.25s
  -> Saved best teacher model to /users/40370279/csc4006/code/experiments/5__teacher_model_comparison/checkpoints/teacher_large_seed42.pt
[Epoch 014] lr=0.000779, train_loss=0.6229, train_acc=0.8340, val_acc=0.7807, val_macro_f1=0.6311, val_weighted_f1=0.7698, epoch_time=27.08s
  -> Saved best teacher model to /users/40370279/csc4006/code/experiments/5__teacher_model_comparison/checkpoints/teacher_large_seed42.pt
[Epoch 015] lr=0.000774, train_loss=0.6103, train_acc=0.8384, val_acc=0.7764, val_macro_f1=0.6125, val_weighted_f1=0.7593, epoch_time=27.08s
[Epoch 016] lr=0.000768, train_loss=0.5947, train_acc=0.8436, val_acc=0.7520, val_macro_f1=0.6388, val_weighted_f1=0.7529, epoch_time=27.14s
  -> Saved best teacher model to /users/40370279/csc4006/code/experiments/5__teacher_model_comparison/checkpoints/teacher_large_seed42.pt
[Epoch 017] lr=0.000762, train_loss=0.5839, train_acc=0.8490, val_acc=0.7764, val_macro_f1=0.6410, val_weighted_f1=0.7695, epoch_time=27.19s
  -> Saved best teacher model to /users/40370279/csc4006/code/experiments/5__teacher_model_comparison/checkpoints/teacher_large_seed42.pt
[Epoch 018] lr=0.000756, train_loss=0.5695, train_acc=0.8511, val_acc=0.7801, val_macro_f1=0.6618, val_weighted_f1=0.7769, epoch_time=27.10s
  -> Saved best teacher model to /users/40370279/csc4006/code/experiments/5__teacher_model_comparison/checkpoints/teacher_large_seed42.pt
[Epoch 019] lr=0.000749, train_loss=0.5470, train_acc=0.8610, val_acc=0.7679, val_macro_f1=0.6470, val_weighted_f1=0.7648, epoch_time=26.99s
[Epoch 020] lr=0.000741, train_loss=0.5408, train_acc=0.8604, val_acc=0.7850, val_macro_f1=0.6500, val_weighted_f1=0.7774, epoch_time=27.15s
[Epoch 021] lr=0.000733, train_loss=0.5184, train_acc=0.8713, val_acc=0.7685, val_macro_f1=0.6446, val_weighted_f1=0.7657, epoch_time=27.01s
[Epoch 022] lr=0.000725, train_loss=0.5115, train_acc=0.8718, val_acc=0.7685, val_macro_f1=0.6434, val_weighted_f1=0.7618, epoch_time=27.18s
[Epoch 023] lr=0.000716, train_loss=0.4914, train_acc=0.8800, val_acc=0.7593, val_macro_f1=0.6360, val_weighted_f1=0.7589, epoch_time=27.22s
[Epoch 024] lr=0.000707, train_loss=0.4722, train_acc=0.8898, val_acc=0.7746, val_macro_f1=0.6486, val_weighted_f1=0.7691, epoch_time=27.15s
[Epoch 025] lr=0.000698, train_loss=0.4648, train_acc=0.8935, val_acc=0.7703, val_macro_f1=0.6526, val_weighted_f1=0.7677, epoch_time=27.32s
[Epoch 026] lr=0.000688, train_loss=0.4474, train_acc=0.8973, val_acc=0.7703, val_macro_f1=0.6548, val_weighted_f1=0.7695, epoch_time=27.17s
[Epoch 027] lr=0.000677, train_loss=0.4277, train_acc=0.9045, val_acc=0.7752, val_macro_f1=0.6523, val_weighted_f1=0.7708, epoch_time=27.27s
[Epoch 028] lr=0.000667, train_loss=0.4051, train_acc=0.9147, val_acc=0.7636, val_macro_f1=0.6473, val_weighted_f1=0.7603, epoch_time=27.26s
[Epoch 029] lr=0.000656, train_loss=0.3915, train_acc=0.9180, val_acc=0.7685, val_macro_f1=0.6431, val_weighted_f1=0.7623, epoch_time=27.08s
[Epoch 030] lr=0.000644, train_loss=0.3746, train_acc=0.9249, val_acc=0.7721, val_macro_f1=0.6331, val_weighted_f1=0.7635, epoch_time=27.11s
[Epoch 031] lr=0.000633, train_loss=0.3634, train_acc=0.9292, val_acc=0.7673, val_macro_f1=0.6280, val_weighted_f1=0.7605, epoch_time=27.14s
[Epoch 032] lr=0.000620, train_loss=0.3562, train_acc=0.9330, val_acc=0.7581, val_macro_f1=0.6379, val_weighted_f1=0.7578, epoch_time=27.24s
[Epoch 033] lr=0.000608, train_loss=0.3395, train_acc=0.9411, val_acc=0.7715, val_macro_f1=0.6393, val_weighted_f1=0.7609, epoch_time=27.21s
[Epoch 034] lr=0.000596, train_loss=0.3234, train_acc=0.9464, val_acc=0.7752, val_macro_f1=0.6070, val_weighted_f1=0.7591, epoch_time=27.29s
[Epoch 035] lr=0.000583, train_loss=0.3164, train_acc=0.9497, val_acc=0.7611, val_macro_f1=0.6248, val_weighted_f1=0.7538, epoch_time=27.18s
[Epoch 036] lr=0.000570, train_loss=0.2972, train_acc=0.9559, val_acc=0.7691, val_macro_f1=0.6176, val_weighted_f1=0.7560, epoch_time=27.24s
Early stopping

Loaded best checkpoint for final evaluation.
Best validation macro-F1: 0.6618
Best epoch: 18
Time to best model: 491.97 seconds
Checkpoint size (MB): 12.012
Checkpoint seed: 42
Checkpoint teacher size: large
Checkpoint teacher arch: TeacherCNN
Test Accuracy: 0.7970
Test Macro-F1: 0.6618
Test Weighted-F1: 0.7910
Classification Report:
              precision    recall  f1-score   support

           0       0.88      0.66      0.76       184
           1       0.27      0.20      0.23        56
           2       0.83      0.65      0.73       256
           3       0.82      0.91      0.87       912
           4       0.71      0.76      0.73       242

    accuracy                           0.80      1650
   macro avg       0.70      0.64      0.66      1650
weighted avg       0.79      0.80      0.79      1650

Confusion Matrix:
[[122   5   5  42  10]
 [  1  11   2  33   9]
 [  3   1 167  62  23]
 [ 10  18  19 832  33]
 [  3   6   9  41 183]]
Inference latency: 6.0813 ms/sample
Using device: cuda
Seed: 42
Deterministic mode: True
Deterministic warn_only: True
KD hyperparameters: alpha_start=0.200, alpha_end=0.500, temperature=4.00, logit_mse_weight=0.030, feature_mse_weight=0.030, class_weight_gamma=0.00, sampler_power=0.35, label_smoothing=0.000, student_size=small
Training: batch_size=64, lr=0.0008, epochs=70, patience=15, weight_decay=0.002, grad_clip=1.0, num_workers=2, disable_augmentation=False, use_weighted_sampler=False
Teacher checkpoint path: /users/40370279/csc4006/code/experiments/5__teacher_model_comparison/checkpoints/teacher_large_seed42.pt
Student checkpoint path: /users/40370279/csc4006/code/experiments/5__teacher_model_comparison/checkpoints/kd_student_small_large_teacher_seed42.pt
Training set size: 12957
Validation set size: 1637
Test set size: 1650
Number of leads: 12 classes: 5
Classes: ['CD' 'HYP' 'MI' 'NORM' 'STTC']
Trainable parameters (student): 5897
Total parameters (student): 5897
Estimated model size (MB): 0.024
Teacher pooled dim: 896
Student pooled dim: 18
Class weights: [1. 1. 1. 1. 1.]
Training sampler: standard shuffled loader
[Epoch 001] train_loss=1.2701, train_hard=1.2052, train_soft=1.2074, train_logit_mse=2.0589, train_feature_mse=0.0481, train_acc=0.5538, alpha=0.200, val_acc=0.6097, val_macro_f1=0.2433, val_weighted_f1=0.5148, lr=0.000800, epoch_time=18.95s
  -> New best KD student saved to /users/40370279/csc4006/code/experiments/5__teacher_model_comparison/checkpoints/kd_student_small_large_teacher_seed42.pt
[Epoch 002] train_loss=0.9353, train_hard=0.9729, train_soft=0.8689, train_logit_mse=1.4923, train_feature_mse=0.0275, train_acc=0.6531, alpha=0.200, val_acc=0.6640, val_macro_f1=0.3539, val_weighted_f1=0.6059, lr=0.000798, epoch_time=17.90s
  -> New best KD student saved to /users/40370279/csc4006/code/experiments/5__teacher_model_comparison/checkpoints/kd_student_small_large_teacher_seed42.pt
[Epoch 003] train_loss=0.7965, train_hard=0.8738, train_soft=0.7285, train_logit_mse=1.2789, train_feature_mse=0.0181, train_acc=0.6875, alpha=0.201, val_acc=0.6848, val_macro_f1=0.3813, val_weighted_f1=0.6247, lr=0.000796, epoch_time=17.96s
  -> New best KD student saved to /users/40370279/csc4006/code/experiments/5__teacher_model_comparison/checkpoints/kd_student_small_large_teacher_seed42.pt
[Epoch 004] train_loss=0.7170, train_hard=0.8177, train_soft=0.6475, train_logit_mse=1.1642, train_feature_mse=0.0110, train_acc=0.7151, alpha=0.201, val_acc=0.7111, val_macro_f1=0.4687, val_weighted_f1=0.6704, lr=0.000794, epoch_time=17.88s
  -> New best KD student saved to /users/40370279/csc4006/code/experiments/5__teacher_model_comparison/checkpoints/kd_student_small_large_teacher_seed42.pt
[Epoch 005] train_loss=0.6374, train_hard=0.7697, train_soft=0.5647, train_logit_mse=1.0355, train_feature_mse=0.0062, train_acc=0.7401, alpha=0.202, val_acc=0.7373, val_macro_f1=0.5190, val_weighted_f1=0.7065, lr=0.000790, epoch_time=17.86s
  -> New best KD student saved to /users/40370279/csc4006/code/experiments/5__teacher_model_comparison/checkpoints/kd_student_small_large_teacher_seed42.pt
[Epoch 006] train_loss=0.5553, train_hard=0.7343, train_soft=0.4763, train_logit_mse=0.8767, train_feature_mse=0.0036, train_acc=0.7534, alpha=0.204, val_acc=0.7410, val_macro_f1=0.5333, val_weighted_f1=0.7147, lr=0.000786, epoch_time=17.71s
  -> New best KD student saved to /users/40370279/csc4006/code/experiments/5__teacher_model_comparison/checkpoints/kd_student_small_large_teacher_seed42.pt
[Epoch 007] train_loss=0.5179, train_hard=0.7191, train_soft=0.4355, train_logit_mse=0.8012, train_feature_mse=0.0023, train_acc=0.7584, alpha=0.206, val_acc=0.7471, val_macro_f1=0.5489, val_weighted_f1=0.7282, lr=0.000781, epoch_time=17.84s
  -> New best KD student saved to /users/40370279/csc4006/code/experiments/5__teacher_model_comparison/checkpoints/kd_student_small_large_teacher_seed42.pt
[Epoch 008] train_loss=0.4940, train_hard=0.7015, train_soft=0.4109, train_logit_mse=0.7592, train_feature_mse=0.0019, train_acc=0.7655, alpha=0.208, val_acc=0.7599, val_macro_f1=0.5649, val_weighted_f1=0.7401, lr=0.000775, epoch_time=17.70s
  -> New best KD student saved to /users/40370279/csc4006/code/experiments/5__teacher_model_comparison/checkpoints/kd_student_small_large_teacher_seed42.pt
[Epoch 009] train_loss=0.4779, train_hard=0.6894, train_soft=0.3940, train_logit_mse=0.7258, train_feature_mse=0.0017, train_acc=0.7709, alpha=0.210, val_acc=0.7599, val_macro_f1=0.5556, val_weighted_f1=0.7349, lr=0.000768, epoch_time=17.78s
[Epoch 010] train_loss=0.4694, train_hard=0.6874, train_soft=0.3836, train_logit_mse=0.7067, train_feature_mse=0.0016, train_acc=0.7703, alpha=0.212, val_acc=0.7611, val_macro_f1=0.5629, val_weighted_f1=0.7411, lr=0.000761, epoch_time=17.64s
[Epoch 011] train_loss=0.4544, train_hard=0.6728, train_soft=0.3685, train_logit_mse=0.6782, train_feature_mse=0.0015, train_acc=0.7780, alpha=0.215, val_acc=0.7618, val_macro_f1=0.5702, val_weighted_f1=0.7437, lr=0.000753, epoch_time=17.73s
  -> New best KD student saved to /users/40370279/csc4006/code/experiments/5__teacher_model_comparison/checkpoints/kd_student_small_large_teacher_seed42.pt
[Epoch 012] train_loss=0.4462, train_hard=0.6686, train_soft=0.3586, train_logit_mse=0.6607, train_feature_mse=0.0014, train_acc=0.7783, alpha=0.218, val_acc=0.7618, val_macro_f1=0.5718, val_weighted_f1=0.7447, lr=0.000744, epoch_time=17.73s
  -> New best KD student saved to /users/40370279/csc4006/code/experiments/5__teacher_model_comparison/checkpoints/kd_student_small_large_teacher_seed42.pt
[Epoch 013] train_loss=0.4397, train_hard=0.6651, train_soft=0.3506, train_logit_mse=0.6427, train_feature_mse=0.0014, train_acc=0.7794, alpha=0.222, val_acc=0.7575, val_macro_f1=0.5607, val_weighted_f1=0.7360, lr=0.000735, epoch_time=17.75s
[Epoch 014] train_loss=0.4297, train_hard=0.6559, train_soft=0.3396, train_logit_mse=0.6242, train_feature_mse=0.0013, train_acc=0.7844, alpha=0.226, val_acc=0.7569, val_macro_f1=0.5588, val_weighted_f1=0.7354, lr=0.000725, epoch_time=17.80s
[Epoch 015] train_loss=0.4267, train_hard=0.6542, train_soft=0.3350, train_logit_mse=0.6143, train_feature_mse=0.0013, train_acc=0.7848, alpha=0.229, val_acc=0.7605, val_macro_f1=0.5612, val_weighted_f1=0.7367, lr=0.000714, epoch_time=17.71s
[Epoch 016] train_loss=0.4241, train_hard=0.6516, train_soft=0.3309, train_logit_mse=0.6086, train_feature_mse=0.0013, train_acc=0.7861, alpha=0.234, val_acc=0.7648, val_macro_f1=0.5718, val_weighted_f1=0.7458, lr=0.000702, epoch_time=17.86s
  -> New best KD student saved to /users/40370279/csc4006/code/experiments/5__teacher_model_comparison/checkpoints/kd_student_small_large_teacher_seed42.pt
[Epoch 017] train_loss=0.4151, train_hard=0.6430, train_soft=0.3206, train_logit_mse=0.5896, train_feature_mse=0.0012, train_acc=0.7916, alpha=0.238, val_acc=0.7685, val_macro_f1=0.5736, val_weighted_f1=0.7478, lr=0.000691, epoch_time=17.80s
  -> New best KD student saved to /users/40370279/csc4006/code/experiments/5__teacher_model_comparison/checkpoints/kd_student_small_large_teacher_seed42.pt
[Epoch 018] train_loss=0.4147, train_hard=0.6456, train_soft=0.3174, train_logit_mse=0.5856, train_feature_mse=0.0012, train_acc=0.7849, alpha=0.243, val_acc=0.7654, val_macro_f1=0.5618, val_weighted_f1=0.7372, lr=0.000678, epoch_time=17.82s
[Epoch 019] train_loss=0.4067, train_hard=0.6348, train_soft=0.3089, train_logit_mse=0.5707, train_feature_mse=0.0012, train_acc=0.7909, alpha=0.248, val_acc=0.7685, val_macro_f1=0.5801, val_weighted_f1=0.7487, lr=0.000665, epoch_time=17.78s
  -> New best KD student saved to /users/40370279/csc4006/code/experiments/5__teacher_model_comparison/checkpoints/kd_student_small_large_teacher_seed42.pt
[Epoch 020] train_loss=0.4067, train_hard=0.6368, train_soft=0.3061, train_logit_mse=0.5667, train_feature_mse=0.0011, train_acc=0.7915, alpha=0.253, val_acc=0.7587, val_macro_f1=0.5706, val_weighted_f1=0.7426, lr=0.000651, epoch_time=17.87s
[Epoch 021] train_loss=0.4067, train_hard=0.6359, train_soft=0.3043, train_logit_mse=0.5610, train_feature_mse=0.0011, train_acc=0.7885, alpha=0.258, val_acc=0.7679, val_macro_f1=0.5778, val_weighted_f1=0.7490, lr=0.000637, epoch_time=17.81s
[Epoch 022] train_loss=0.3991, train_hard=0.6293, train_soft=0.2945, train_logit_mse=0.5452, train_feature_mse=0.0011, train_acc=0.7935, alpha=0.263, val_acc=0.7728, val_macro_f1=0.5795, val_weighted_f1=0.7525, lr=0.000623, epoch_time=17.86s
[Epoch 023] train_loss=0.3970, train_hard=0.6259, train_soft=0.2906, train_logit_mse=0.5370, train_feature_mse=0.0010, train_acc=0.7965, alpha=0.269, val_acc=0.7648, val_macro_f1=0.5607, val_weighted_f1=0.7380, lr=0.000608, epoch_time=17.78s
[Epoch 024] train_loss=0.3973, train_hard=0.6265, train_soft=0.2883, train_logit_mse=0.5327, train_feature_mse=0.0010, train_acc=0.7938, alpha=0.275, val_acc=0.7618, val_macro_f1=0.5585, val_weighted_f1=0.7357, lr=0.000592, epoch_time=17.77s
[Epoch 025] train_loss=0.3965, train_hard=0.6230, train_soft=0.2858, train_logit_mse=0.5292, train_feature_mse=0.0010, train_acc=0.7966, alpha=0.281, val_acc=0.7666, val_macro_f1=0.5664, val_weighted_f1=0.7418, lr=0.000576, epoch_time=17.87s
[Epoch 026] train_loss=0.3972, train_hard=0.6233, train_soft=0.2840, train_logit_mse=0.5245, train_feature_mse=0.0010, train_acc=0.7943, alpha=0.287, val_acc=0.7703, val_macro_f1=0.5713, val_weighted_f1=0.7453, lr=0.000560, epoch_time=17.80s
[Epoch 027] train_loss=0.3951, train_hard=0.6179, train_soft=0.2804, train_logit_mse=0.5208, train_feature_mse=0.0010, train_acc=0.7959, alpha=0.293, val_acc=0.7666, val_macro_f1=0.5768, val_weighted_f1=0.7468, lr=0.000544, epoch_time=17.72s
[Epoch 028] train_loss=0.3901, train_hard=0.6125, train_soft=0.2731, train_logit_mse=0.5077, train_feature_mse=0.0009, train_acc=0.7968, alpha=0.300, val_acc=0.7740, val_macro_f1=0.5854, val_weighted_f1=0.7555, lr=0.000527, epoch_time=17.98s
  -> New best KD student saved to /users/40370279/csc4006/code/experiments/5__teacher_model_comparison/checkpoints/kd_student_small_large_teacher_seed42.pt
[Epoch 029] train_loss=0.3933, train_hard=0.6137, train_soft=0.2739, train_logit_mse=0.5092, train_feature_mse=0.0009, train_acc=0.7996, alpha=0.306, val_acc=0.7618, val_macro_f1=0.5697, val_weighted_f1=0.7429, lr=0.000510, epoch_time=17.88s
[Epoch 030] train_loss=0.3932, train_hard=0.6124, train_soft=0.2713, train_logit_mse=0.5037, train_feature_mse=0.0009, train_acc=0.7973, alpha=0.313, val_acc=0.7758, val_macro_f1=0.5847, val_weighted_f1=0.7548, lr=0.000493, epoch_time=17.80s
[Epoch 031] train_loss=0.3919, train_hard=0.6068, train_soft=0.2689, train_logit_mse=0.5009, train_feature_mse=0.0009, train_acc=0.7982, alpha=0.319, val_acc=0.7618, val_macro_f1=0.5635, val_weighted_f1=0.7384, lr=0.000476, epoch_time=17.69s
[Epoch 032] train_loss=0.3924, train_hard=0.6071, train_soft=0.2664, train_logit_mse=0.4965, train_feature_mse=0.0009, train_acc=0.7946, alpha=0.326, val_acc=0.7636, val_macro_f1=0.5588, val_weighted_f1=0.7343, lr=0.000458, epoch_time=17.89s
[Epoch 033] train_loss=0.3902, train_hard=0.6033, train_soft=0.2618, train_logit_mse=0.4888, train_feature_mse=0.0009, train_acc=0.7981, alpha=0.333, val_acc=0.7673, val_macro_f1=0.5715, val_weighted_f1=0.7461, lr=0.000440, epoch_time=17.82s
[Epoch 034] train_loss=0.3941, train_hard=0.6025, train_soft=0.2645, train_logit_mse=0.4926, train_feature_mse=0.0009, train_acc=0.8016, alpha=0.340, val_acc=0.7673, val_macro_f1=0.5677, val_weighted_f1=0.7413, lr=0.000423, epoch_time=17.65s
[Epoch 035] train_loss=0.3933, train_hard=0.5987, train_soft=0.2619, train_logit_mse=0.4886, train_feature_mse=0.0009, train_acc=0.7980, alpha=0.347, val_acc=0.7618, val_macro_f1=0.5692, val_weighted_f1=0.7393, lr=0.000405, epoch_time=17.77s
[Epoch 036] train_loss=0.3945, train_hard=0.5971, train_soft=0.2610, train_logit_mse=0.4875, train_feature_mse=0.0008, train_acc=0.8017, alpha=0.353, val_acc=0.7703, val_macro_f1=0.5740, val_weighted_f1=0.7463, lr=0.000387, epoch_time=17.74s
[Epoch 037] train_loss=0.3939, train_hard=0.5966, train_soft=0.2572, train_logit_mse=0.4805, train_feature_mse=0.0008, train_acc=0.8016, alpha=0.360, val_acc=0.7679, val_macro_f1=0.5669, val_weighted_f1=0.7413, lr=0.000370, epoch_time=17.81s
[Epoch 038] train_loss=0.3953, train_hard=0.5945, train_soft=0.2570, train_logit_mse=0.4812, train_feature_mse=0.0008, train_acc=0.8030, alpha=0.367, val_acc=0.7783, val_macro_f1=0.5858, val_weighted_f1=0.7554, lr=0.000352, epoch_time=17.79s
  -> New best KD student saved to /users/40370279/csc4006/code/experiments/5__teacher_model_comparison/checkpoints/kd_student_small_large_teacher_seed42.pt
[Epoch 039] train_loss=0.3976, train_hard=0.5961, train_soft=0.2561, train_logit_mse=0.4782, train_feature_mse=0.0008, train_acc=0.8013, alpha=0.374, val_acc=0.7715, val_macro_f1=0.5823, val_weighted_f1=0.7481, lr=0.000334, epoch_time=17.82s
[Epoch 040] train_loss=0.3967, train_hard=0.5915, train_soft=0.2541, train_logit_mse=0.4742, train_feature_mse=0.0008, train_acc=0.8040, alpha=0.381, val_acc=0.7642, val_macro_f1=0.5734, val_weighted_f1=0.7410, lr=0.000317, epoch_time=17.76s
[Epoch 041] train_loss=0.3985, train_hard=0.5927, train_soft=0.2527, train_logit_mse=0.4712, train_feature_mse=0.0008, train_acc=0.8023, alpha=0.387, val_acc=0.7715, val_macro_f1=0.5780, val_weighted_f1=0.7502, lr=0.000300, epoch_time=17.85s
[Epoch 042] train_loss=0.4002, train_hard=0.5895, train_soft=0.2537, train_logit_mse=0.4740, train_feature_mse=0.0008, train_acc=0.8043, alpha=0.394, val_acc=0.7691, val_macro_f1=0.5742, val_weighted_f1=0.7464, lr=0.000283, epoch_time=17.78s
[Epoch 043] train_loss=0.4035, train_hard=0.5890, train_soft=0.2559, train_logit_mse=0.4766, train_feature_mse=0.0008, train_acc=0.8040, alpha=0.400, val_acc=0.7703, val_macro_f1=0.5750, val_weighted_f1=0.7464, lr=0.000266, epoch_time=17.67s
[Epoch 044] train_loss=0.4002, train_hard=0.5845, train_soft=0.2503, train_logit_mse=0.4677, train_feature_mse=0.0008, train_acc=0.8064, alpha=0.407, val_acc=0.7685, val_macro_f1=0.5720, val_weighted_f1=0.7446, lr=0.000250, epoch_time=17.81s
[Epoch 045] train_loss=0.4060, train_hard=0.5899, train_soft=0.2524, train_logit_mse=0.4717, train_feature_mse=0.0008, train_acc=0.8073, alpha=0.413, val_acc=0.7685, val_macro_f1=0.5702, val_weighted_f1=0.7429, lr=0.000234, epoch_time=17.83s
[Epoch 046] train_loss=0.4049, train_hard=0.5896, train_soft=0.2478, train_logit_mse=0.4623, train_feature_mse=0.0008, train_acc=0.8010, alpha=0.419, val_acc=0.7673, val_macro_f1=0.5705, val_weighted_f1=0.7439, lr=0.000218, epoch_time=17.74s
[Epoch 047] train_loss=0.4038, train_hard=0.5849, train_soft=0.2460, train_logit_mse=0.4598, train_feature_mse=0.0008, train_acc=0.8073, alpha=0.425, val_acc=0.7685, val_macro_f1=0.5763, val_weighted_f1=0.7466, lr=0.000202, epoch_time=17.82s
[Epoch 048] train_loss=0.4045, train_hard=0.5809, train_soft=0.2467, train_logit_mse=0.4624, train_feature_mse=0.0008, train_acc=0.8084, alpha=0.431, val_acc=0.7721, val_macro_f1=0.5765, val_weighted_f1=0.7479, lr=0.000187, epoch_time=17.72s
[Epoch 049] train_loss=0.4062, train_hard=0.5800, train_soft=0.2469, train_logit_mse=0.4645, train_feature_mse=0.0008, train_acc=0.8098, alpha=0.437, val_acc=0.7685, val_macro_f1=0.5740, val_weighted_f1=0.7458, lr=0.000173, epoch_time=17.72s
[Epoch 050] train_loss=0.4075, train_hard=0.5832, train_soft=0.2438, train_logit_mse=0.4571, train_feature_mse=0.0008, train_acc=0.8055, alpha=0.442, val_acc=0.7691, val_macro_f1=0.5802, val_weighted_f1=0.7466, lr=0.000159, epoch_time=17.78s
[Epoch 051] train_loss=0.4070, train_hard=0.5782, train_soft=0.2436, train_logit_mse=0.4570, train_feature_mse=0.0007, train_acc=0.8104, alpha=0.447, val_acc=0.7642, val_macro_f1=0.5659, val_weighted_f1=0.7398, lr=0.000145, epoch_time=17.85s
[Epoch 052] train_loss=0.4071, train_hard=0.5761, train_soft=0.2425, train_logit_mse=0.4549, train_feature_mse=0.0007, train_acc=0.8071, alpha=0.452, val_acc=0.7691, val_macro_f1=0.5761, val_weighted_f1=0.7471, lr=0.000132, epoch_time=17.85s
[Epoch 053] train_loss=0.4099, train_hard=0.5771, train_soft=0.2438, train_logit_mse=0.4574, train_feature_mse=0.0007, train_acc=0.8101, alpha=0.457, val_acc=0.7685, val_macro_f1=0.5780, val_weighted_f1=0.7458, lr=0.000119, epoch_time=17.70s
Early stopping triggered.
Loaded best KD student checkpoint for final test evaluation.
Best validation macro-F1: 0.5858
Best epoch: 38
Time to best model: 681.84 seconds
Checkpoint size (MB): 0.117
Student size: small
Teacher used: /users/40370279/csc4006/code/experiments/5__teacher_model_comparison/checkpoints/teacher_large_seed42.pt
Teacher arch: TeacherCNN
Teacher size: large
Checkpoint seed: 42
Test accuracy (KD student): 0.7830
Test macro-F1 (KD student): 0.5904
Test weighted-F1 (KD student): 0.7619
Test classification report:
              precision    recall  f1-score   support

           0       0.79      0.68      0.73       184
           1       0.00      0.00      0.00        56
           2       0.81      0.52      0.64       256
           3       0.80      0.93      0.86       912
           4       0.70      0.74      0.72       242

    accuracy                           0.78      1650
   macro avg       0.62      0.58      0.59      1650
weighted avg       0.76      0.78      0.76      1650

Test confusion matrix:
[[126   0   5  47   6]
 [  3   0   1  41  11]
 [ 14   0 134  80  28]
 [ 13   0  16 852  31]
 [  4   0   9  49 180]]
Inference latency: 1.4727 ms/sample
Parsed metrics for seed 42:
  Accuracy    = 0.7830
  Macro-F1    = 0.5904
  Weighted-F1 = 0.7619

----- SEED 123 -----
Using device: cuda
Seed: 123
Teacher size: large
Teacher checkpoint path: /users/40370279/csc4006/code/experiments/5__teacher_model_comparison/checkpoints/teacher_large_seed123.pt
Deterministic mode: True
Deterministic warn_only: True
Training: batch_size=64, lr=0.0008, epochs=90, patience=18, warmup_epochs=5, min_lr_factor=0.02, weight_decay=0.001, class_weight_gamma=0.2, label_smoothing=0.03, sampler_power=0.35, grad_clip=1.0, num_workers=2, teacher_size=large, use_weighted_sampler=False, class_weights=True, disable_augmentation=False, ema_decay=0.999
Training set size: 12957
Validation set size: 1637
Test set size: 1650
Number of leads: 12 classes: 5
Classes: ['CD' 'HYP' 'MI' 'NORM' 'STTC']
Training sampler: standard shuffled loader
Trainable parameters: 3111171
Total parameters: 3111171
Estimated model size (MB): 11.912
Class weights: [1.0338018  1.3094392  0.9520142  0.73911804 0.9656268 ]
EMA enabled
[Epoch 001] lr=0.000320, train_loss=0.9408, train_acc=0.7273, val_acc=0.7544, val_macro_f1=0.5532, val_weighted_f1=0.7292, epoch_time=28.24s
  -> Saved best teacher model to /users/40370279/csc4006/code/experiments/5__teacher_model_comparison/checkpoints/teacher_large_seed123.pt
[Epoch 002] lr=0.000480, train_loss=0.8135, train_acc=0.7752, val_acc=0.7569, val_macro_f1=0.5581, val_weighted_f1=0.7327, epoch_time=27.17s
  -> Saved best teacher model to /users/40370279/csc4006/code/experiments/5__teacher_model_comparison/checkpoints/teacher_large_seed123.pt
[Epoch 003] lr=0.000640, train_loss=0.7868, train_acc=0.7846, val_acc=0.7257, val_macro_f1=0.5593, val_weighted_f1=0.7190, epoch_time=27.08s
  -> Saved best teacher model to /users/40370279/csc4006/code/experiments/5__teacher_model_comparison/checkpoints/teacher_large_seed123.pt
[Epoch 004] lr=0.000800, train_loss=0.7578, train_acc=0.7928, val_acc=0.7587, val_macro_f1=0.5578, val_weighted_f1=0.7329, epoch_time=27.07s
[Epoch 005] lr=0.000800, train_loss=0.7476, train_acc=0.7964, val_acc=0.7691, val_macro_f1=0.5797, val_weighted_f1=0.7499, epoch_time=27.14s
  -> Saved best teacher model to /users/40370279/csc4006/code/experiments/5__teacher_model_comparison/checkpoints/teacher_large_seed123.pt
[Epoch 006] lr=0.000800, train_loss=0.7251, train_acc=0.8026, val_acc=0.7648, val_macro_f1=0.5860, val_weighted_f1=0.7422, epoch_time=27.13s
  -> Saved best teacher model to /users/40370279/csc4006/code/experiments/5__teacher_model_comparison/checkpoints/teacher_large_seed123.pt
[Epoch 007] lr=0.000799, train_loss=0.7157, train_acc=0.8052, val_acc=0.7734, val_macro_f1=0.5847, val_weighted_f1=0.7572, epoch_time=27.22s
[Epoch 008] lr=0.000798, train_loss=0.6940, train_acc=0.8146, val_acc=0.7807, val_macro_f1=0.6124, val_weighted_f1=0.7640, epoch_time=27.19s
  -> Saved best teacher model to /users/40370279/csc4006/code/experiments/5__teacher_model_comparison/checkpoints/teacher_large_seed123.pt
[Epoch 009] lr=0.000796, train_loss=0.6803, train_acc=0.8184, val_acc=0.7697, val_macro_f1=0.5668, val_weighted_f1=0.7424, epoch_time=27.05s
[Epoch 010] lr=0.000793, train_loss=0.6642, train_acc=0.8244, val_acc=0.7721, val_macro_f1=0.6011, val_weighted_f1=0.7512, epoch_time=27.09s
[Epoch 011] lr=0.000790, train_loss=0.6531, train_acc=0.8260, val_acc=0.7764, val_macro_f1=0.6112, val_weighted_f1=0.7597, epoch_time=27.00s
[Epoch 012] lr=0.000787, train_loss=0.6385, train_acc=0.8301, val_acc=0.7697, val_macro_f1=0.6023, val_weighted_f1=0.7517, epoch_time=27.12s
[Epoch 013] lr=0.000783, train_loss=0.6229, train_acc=0.8330, val_acc=0.7789, val_macro_f1=0.6106, val_weighted_f1=0.7650, epoch_time=27.13s
[Epoch 014] lr=0.000779, train_loss=0.6141, train_acc=0.8390, val_acc=0.7691, val_macro_f1=0.6150, val_weighted_f1=0.7538, epoch_time=27.07s
  -> Saved best teacher model to /users/40370279/csc4006/code/experiments/5__teacher_model_comparison/checkpoints/teacher_large_seed123.pt
[Epoch 015] lr=0.000774, train_loss=0.6015, train_acc=0.8415, val_acc=0.7648, val_macro_f1=0.6336, val_weighted_f1=0.7592, epoch_time=26.99s
  -> Saved best teacher model to /users/40370279/csc4006/code/experiments/5__teacher_model_comparison/checkpoints/teacher_large_seed123.pt
[Epoch 016] lr=0.000768, train_loss=0.5863, train_acc=0.8501, val_acc=0.7709, val_macro_f1=0.5998, val_weighted_f1=0.7547, epoch_time=27.06s
[Epoch 017] lr=0.000762, train_loss=0.5759, train_acc=0.8531, val_acc=0.7728, val_macro_f1=0.6138, val_weighted_f1=0.7549, epoch_time=27.07s
[Epoch 018] lr=0.000756, train_loss=0.5550, train_acc=0.8570, val_acc=0.7703, val_macro_f1=0.6169, val_weighted_f1=0.7559, epoch_time=27.14s
[Epoch 019] lr=0.000749, train_loss=0.5471, train_acc=0.8564, val_acc=0.7703, val_macro_f1=0.5879, val_weighted_f1=0.7513, epoch_time=26.96s
[Epoch 020] lr=0.000741, train_loss=0.5307, train_acc=0.8644, val_acc=0.7746, val_macro_f1=0.6511, val_weighted_f1=0.7698, epoch_time=26.99s
  -> Saved best teacher model to /users/40370279/csc4006/code/experiments/5__teacher_model_comparison/checkpoints/teacher_large_seed123.pt
[Epoch 021] lr=0.000733, train_loss=0.5136, train_acc=0.8720, val_acc=0.7483, val_macro_f1=0.6351, val_weighted_f1=0.7470, epoch_time=27.06s
[Epoch 022] lr=0.000725, train_loss=0.5018, train_acc=0.8777, val_acc=0.7697, val_macro_f1=0.6232, val_weighted_f1=0.7576, epoch_time=26.93s
[Epoch 023] lr=0.000716, train_loss=0.4787, train_acc=0.8864, val_acc=0.7715, val_macro_f1=0.6269, val_weighted_f1=0.7631, epoch_time=27.20s
[Epoch 024] lr=0.000707, train_loss=0.4708, train_acc=0.8889, val_acc=0.7538, val_macro_f1=0.6304, val_weighted_f1=0.7524, epoch_time=27.05s
[Epoch 025] lr=0.000698, train_loss=0.4451, train_acc=0.8991, val_acc=0.7740, val_macro_f1=0.6383, val_weighted_f1=0.7626, epoch_time=27.11s
[Epoch 026] lr=0.000688, train_loss=0.4294, train_acc=0.9034, val_acc=0.7593, val_macro_f1=0.6422, val_weighted_f1=0.7572, epoch_time=27.04s
[Epoch 027] lr=0.000677, train_loss=0.4086, train_acc=0.9119, val_acc=0.7703, val_macro_f1=0.6375, val_weighted_f1=0.7648, epoch_time=27.09s
[Epoch 028] lr=0.000667, train_loss=0.3911, train_acc=0.9201, val_acc=0.7666, val_macro_f1=0.6043, val_weighted_f1=0.7556, epoch_time=26.95s
[Epoch 029] lr=0.000656, train_loss=0.3737, train_acc=0.9264, val_acc=0.7593, val_macro_f1=0.6228, val_weighted_f1=0.7521, epoch_time=26.91s
[Epoch 030] lr=0.000644, train_loss=0.3555, train_acc=0.9356, val_acc=0.7624, val_macro_f1=0.6328, val_weighted_f1=0.7556, epoch_time=27.08s
[Epoch 031] lr=0.000633, train_loss=0.3510, train_acc=0.9342, val_acc=0.7526, val_macro_f1=0.6308, val_weighted_f1=0.7516, epoch_time=27.03s
[Epoch 032] lr=0.000620, train_loss=0.3344, train_acc=0.9414, val_acc=0.7557, val_macro_f1=0.6325, val_weighted_f1=0.7527, epoch_time=27.00s
[Epoch 033] lr=0.000608, train_loss=0.3206, train_acc=0.9450, val_acc=0.7752, val_macro_f1=0.6449, val_weighted_f1=0.7687, epoch_time=27.13s
[Epoch 034] lr=0.000596, train_loss=0.3060, train_acc=0.9530, val_acc=0.7526, val_macro_f1=0.6344, val_weighted_f1=0.7533, epoch_time=27.12s
[Epoch 035] lr=0.000583, train_loss=0.3008, train_acc=0.9539, val_acc=0.7532, val_macro_f1=0.6290, val_weighted_f1=0.7484, epoch_time=27.14s
[Epoch 036] lr=0.000570, train_loss=0.2893, train_acc=0.9579, val_acc=0.7520, val_macro_f1=0.6285, val_weighted_f1=0.7506, epoch_time=26.97s
[Epoch 037] lr=0.000556, train_loss=0.2756, train_acc=0.9634, val_acc=0.7642, val_macro_f1=0.6368, val_weighted_f1=0.7592, epoch_time=27.06s
[Epoch 038] lr=0.000543, train_loss=0.2707, train_acc=0.9651, val_acc=0.7593, val_macro_f1=0.6331, val_weighted_f1=0.7536, epoch_time=27.12s
Early stopping

Loaded best checkpoint for final evaluation.
Best validation macro-F1: 0.6511
Best epoch: 20
Time to best model: 544.94 seconds
Checkpoint size (MB): 12.012
Checkpoint seed: 123
Checkpoint teacher size: large
Checkpoint teacher arch: TeacherCNN
Test Accuracy: 0.7909
Test Macro-F1: 0.6615
Test Weighted-F1: 0.7876
Classification Report:
              precision    recall  f1-score   support

           0       0.88      0.68      0.77       184
           1       0.24      0.23      0.23        56
           2       0.83      0.63      0.72       256
           3       0.82      0.90      0.86       912
           4       0.70      0.75      0.73       242

    accuracy                           0.79      1650
   macro avg       0.69      0.64      0.66      1650
weighted avg       0.79      0.79      0.79      1650

Confusion Matrix:
[[126   4   5  41   8]
 [  1  13   2  32   8]
 [  4   2 162  64  24]
 [ 11  25  17 823  36]
 [  2  11   9  39 181]]
Inference latency: 5.8148 ms/sample
Using device: cuda
Seed: 123
Deterministic mode: True
Deterministic warn_only: True
KD hyperparameters: alpha_start=0.200, alpha_end=0.500, temperature=4.00, logit_mse_weight=0.030, feature_mse_weight=0.030, class_weight_gamma=0.00, sampler_power=0.35, label_smoothing=0.000, student_size=small
Training: batch_size=64, lr=0.0008, epochs=70, patience=15, weight_decay=0.002, grad_clip=1.0, num_workers=2, disable_augmentation=False, use_weighted_sampler=False
Teacher checkpoint path: /users/40370279/csc4006/code/experiments/5__teacher_model_comparison/checkpoints/teacher_large_seed123.pt
Student checkpoint path: /users/40370279/csc4006/code/experiments/5__teacher_model_comparison/checkpoints/kd_student_small_large_teacher_seed123.pt
Training set size: 12957
Validation set size: 1637
Test set size: 1650
Number of leads: 12 classes: 5
Classes: ['CD' 'HYP' 'MI' 'NORM' 'STTC']
Trainable parameters (student): 5897
Total parameters (student): 5897
Estimated model size (MB): 0.024
Teacher pooled dim: 896
Student pooled dim: 18
Class weights: [1. 1. 1. 1. 1.]
Training sampler: standard shuffled loader
[Epoch 001] train_loss=1.2693, train_hard=1.1668, train_soft=1.2160, train_logit_mse=2.0588, train_feature_mse=0.0467, train_acc=0.5868, alpha=0.200, val_acc=0.6475, val_macro_f1=0.3511, val_weighted_f1=0.5824, lr=0.000800, epoch_time=18.85s
  -> New best KD student saved to /users/40370279/csc4006/code/experiments/5__teacher_model_comparison/checkpoints/kd_student_small_large_teacher_seed123.pt
[Epoch 002] train_loss=0.8955, train_hard=0.9285, train_soft=0.8322, train_logit_mse=1.4386, train_feature_mse=0.0279, train_acc=0.6716, alpha=0.200, val_acc=0.7007, val_macro_f1=0.4612, val_weighted_f1=0.6599, lr=0.000798, epoch_time=17.88s
  -> New best KD student saved to /users/40370279/csc4006/code/experiments/5__teacher_model_comparison/checkpoints/kd_student_small_large_teacher_seed123.pt
[Epoch 003] train_loss=0.7672, train_hard=0.8472, train_soft=0.6998, train_logit_mse=1.2415, train_feature_mse=0.0196, train_acc=0.7107, alpha=0.201, val_acc=0.7086, val_macro_f1=0.4757, val_weighted_f1=0.6660, lr=0.000796, epoch_time=17.76s
  -> New best KD student saved to /users/40370279/csc4006/code/experiments/5__teacher_model_comparison/checkpoints/kd_student_small_large_teacher_seed123.pt
[Epoch 004] train_loss=0.6991, train_hard=0.8000, train_soft=0.6309, train_logit_mse=1.1284, train_feature_mse=0.0116, train_acc=0.7262, alpha=0.201, val_acc=0.7373, val_macro_f1=0.5215, val_weighted_f1=0.7068, lr=0.000794, epoch_time=17.75s
  -> New best KD student saved to /users/40370279/csc4006/code/experiments/5__teacher_model_comparison/checkpoints/kd_student_small_large_teacher_seed123.pt
[Epoch 005] train_loss=0.6450, train_hard=0.7685, train_soft=0.5745, train_logit_mse=1.0331, train_feature_mse=0.0070, train_acc=0.7406, alpha=0.202, val_acc=0.7398, val_macro_f1=0.5298, val_weighted_f1=0.7110, lr=0.000790, epoch_time=17.80s
  -> New best KD student saved to /users/40370279/csc4006/code/experiments/5__teacher_model_comparison/checkpoints/kd_student_small_large_teacher_seed123.pt
[Epoch 006] train_loss=0.6191, train_hard=0.7536, train_soft=0.5474, train_logit_mse=0.9841, train_feature_mse=0.0039, train_acc=0.7490, alpha=0.204, val_acc=0.7422, val_macro_f1=0.5240, val_weighted_f1=0.7077, lr=0.000786, epoch_time=17.71s
[Epoch 007] train_loss=0.5852, train_hard=0.7329, train_soft=0.5120, train_logit_mse=0.9234, train_feature_mse=0.0026, train_acc=0.7565, alpha=0.206, val_acc=0.7550, val_macro_f1=0.5516, val_weighted_f1=0.7295, lr=0.000781, epoch_time=17.85s
  -> New best KD student saved to /users/40370279/csc4006/code/experiments/5__teacher_model_comparison/checkpoints/kd_student_small_large_teacher_seed123.pt
[Epoch 008] train_loss=0.5592, train_hard=0.7184, train_soft=0.4843, train_logit_mse=0.8751, train_feature_mse=0.0021, train_acc=0.7611, alpha=0.208, val_acc=0.7453, val_macro_f1=0.5414, val_weighted_f1=0.7197, lr=0.000775, epoch_time=17.72s
[Epoch 009] train_loss=0.5466, train_hard=0.7148, train_soft=0.4697, train_logit_mse=0.8484, train_feature_mse=0.0020, train_acc=0.7642, alpha=0.210, val_acc=0.7489, val_macro_f1=0.5467, val_weighted_f1=0.7241, lr=0.000768, epoch_time=18.07s
[Epoch 010] train_loss=0.5259, train_hard=0.6981, train_soft=0.4485, train_logit_mse=0.8102, train_feature_mse=0.0018, train_acc=0.7699, alpha=0.212, val_acc=0.7459, val_macro_f1=0.5375, val_weighted_f1=0.7184, lr=0.000761, epoch_time=18.00s
[Epoch 011] train_loss=0.5144, train_hard=0.6931, train_soft=0.4353, train_logit_mse=0.7854, train_feature_mse=0.0018, train_acc=0.7760, alpha=0.215, val_acc=0.7392, val_macro_f1=0.5319, val_weighted_f1=0.7130, lr=0.000753, epoch_time=17.93s
[Epoch 012] train_loss=0.5014, train_hard=0.6825, train_soft=0.4215, train_logit_mse=0.7623, train_feature_mse=0.0017, train_acc=0.7760, alpha=0.218, val_acc=0.7508, val_macro_f1=0.5442, val_weighted_f1=0.7220, lr=0.000744, epoch_time=18.12s
[Epoch 013] train_loss=0.4881, train_hard=0.6784, train_soft=0.4055, train_logit_mse=0.7318, train_feature_mse=0.0016, train_acc=0.7754, alpha=0.222, val_acc=0.7489, val_macro_f1=0.5429, val_weighted_f1=0.7192, lr=0.000735, epoch_time=18.00s
[Epoch 014] train_loss=0.4810, train_hard=0.6742, train_soft=0.3970, train_logit_mse=0.7151, train_feature_mse=0.0016, train_acc=0.7760, alpha=0.226, val_acc=0.7520, val_macro_f1=0.5527, val_weighted_f1=0.7285, lr=0.000725, epoch_time=17.87s
  -> New best KD student saved to /users/40370279/csc4006/code/experiments/5__teacher_model_comparison/checkpoints/kd_student_small_large_teacher_seed123.pt
[Epoch 015] train_loss=0.4748, train_hard=0.6717, train_soft=0.3887, train_logit_mse=0.7027, train_feature_mse=0.0015, train_acc=0.7805, alpha=0.229, val_acc=0.7520, val_macro_f1=0.5563, val_weighted_f1=0.7306, lr=0.000714, epoch_time=18.12s
  -> New best KD student saved to /users/40370279/csc4006/code/experiments/5__teacher_model_comparison/checkpoints/kd_student_small_large_teacher_seed123.pt
[Epoch 016] train_loss=0.4695, train_hard=0.6646, train_soft=0.3828, train_logit_mse=0.6926, train_feature_mse=0.0015, train_acc=0.7795, alpha=0.234, val_acc=0.7489, val_macro_f1=0.5464, val_weighted_f1=0.7233, lr=0.000702, epoch_time=18.15s
[Epoch 017] train_loss=0.4634, train_hard=0.6592, train_soft=0.3755, train_logit_mse=0.6785, train_feature_mse=0.0014, train_acc=0.7811, alpha=0.238, val_acc=0.7453, val_macro_f1=0.5416, val_weighted_f1=0.7197, lr=0.000691, epoch_time=18.11s
[Epoch 018] train_loss=0.4606, train_hard=0.6621, train_soft=0.3694, train_logit_mse=0.6687, train_feature_mse=0.0014, train_acc=0.7833, alpha=0.243, val_acc=0.7587, val_macro_f1=0.5632, val_weighted_f1=0.7363, lr=0.000678, epoch_time=18.02s
  -> New best KD student saved to /users/40370279/csc4006/code/experiments/5__teacher_model_comparison/checkpoints/kd_student_small_large_teacher_seed123.pt
[Epoch 019] train_loss=0.4558, train_hard=0.6519, train_soft=0.3647, train_logit_mse=0.6630, train_feature_mse=0.0014, train_acc=0.7853, alpha=0.248, val_acc=0.7526, val_macro_f1=0.5512, val_weighted_f1=0.7285, lr=0.000665, epoch_time=18.11s
[Epoch 020] train_loss=0.4516, train_hard=0.6534, train_soft=0.3572, train_logit_mse=0.6485, train_feature_mse=0.0013, train_acc=0.7829, alpha=0.253, val_acc=0.7453, val_macro_f1=0.5353, val_weighted_f1=0.7145, lr=0.000651, epoch_time=17.65s
[Epoch 021] train_loss=0.4479, train_hard=0.6509, train_soft=0.3514, train_logit_mse=0.6381, train_feature_mse=0.0013, train_acc=0.7885, alpha=0.258, val_acc=0.7593, val_macro_f1=0.5644, val_weighted_f1=0.7372, lr=0.000637, epoch_time=17.73s
  -> New best KD student saved to /users/40370279/csc4006/code/experiments/5__teacher_model_comparison/checkpoints/kd_student_small_large_teacher_seed123.pt
[Epoch 022] train_loss=0.4489, train_hard=0.6457, train_soft=0.3523, train_logit_mse=0.6398, train_feature_mse=0.0013, train_acc=0.7858, alpha=0.263, val_acc=0.7422, val_macro_f1=0.5310, val_weighted_f1=0.7119, lr=0.000623, epoch_time=17.75s
[Epoch 023] train_loss=0.4445, train_hard=0.6399, train_soft=0.3467, train_logit_mse=0.6288, train_feature_mse=0.0013, train_acc=0.7922, alpha=0.269, val_acc=0.7557, val_macro_f1=0.5546, val_weighted_f1=0.7303, lr=0.000608, epoch_time=17.72s
[Epoch 024] train_loss=0.4423, train_hard=0.6423, train_soft=0.3408, train_logit_mse=0.6198, train_feature_mse=0.0012, train_acc=0.7880, alpha=0.275, val_acc=0.7508, val_macro_f1=0.5428, val_weighted_f1=0.7202, lr=0.000592, epoch_time=17.72s
[Epoch 025] train_loss=0.4397, train_hard=0.6359, train_soft=0.3374, train_logit_mse=0.6134, train_feature_mse=0.0012, train_acc=0.7923, alpha=0.281, val_acc=0.7563, val_macro_f1=0.5542, val_weighted_f1=0.7314, lr=0.000576, epoch_time=17.63s
[Epoch 026] train_loss=0.4417, train_hard=0.6372, train_soft=0.3370, train_logit_mse=0.6135, train_feature_mse=0.0012, train_acc=0.7903, alpha=0.287, val_acc=0.7453, val_macro_f1=0.5339, val_weighted_f1=0.7135, lr=0.000560, epoch_time=17.83s
[Epoch 027] train_loss=0.4417, train_hard=0.6335, train_soft=0.3361, train_logit_mse=0.6108, train_feature_mse=0.0012, train_acc=0.7922, alpha=0.293, val_acc=0.7599, val_macro_f1=0.5588, val_weighted_f1=0.7346, lr=0.000544, epoch_time=17.72s
[Epoch 028] train_loss=0.4326, train_hard=0.6282, train_soft=0.3235, train_logit_mse=0.5909, train_feature_mse=0.0011, train_acc=0.7932, alpha=0.300, val_acc=0.7563, val_macro_f1=0.5532, val_weighted_f1=0.7306, lr=0.000527, epoch_time=17.78s
[Epoch 029] train_loss=0.4378, train_hard=0.6354, train_soft=0.3249, train_logit_mse=0.5915, train_feature_mse=0.0011, train_acc=0.7890, alpha=0.306, val_acc=0.7654, val_macro_f1=0.5697, val_weighted_f1=0.7439, lr=0.000510, epoch_time=17.80s
  -> New best KD student saved to /users/40370279/csc4006/code/experiments/5__teacher_model_comparison/checkpoints/kd_student_small_large_teacher_seed123.pt
[Epoch 030] train_loss=0.4389, train_hard=0.6305, train_soft=0.3259, train_logit_mse=0.5911, train_feature_mse=0.0011, train_acc=0.7922, alpha=0.313, val_acc=0.7618, val_macro_f1=0.5658, val_weighted_f1=0.7376, lr=0.000493, epoch_time=17.78s
[Epoch 031] train_loss=0.4358, train_hard=0.6274, train_soft=0.3200, train_logit_mse=0.5842, train_feature_mse=0.0011, train_acc=0.7940, alpha=0.319, val_acc=0.7563, val_macro_f1=0.5649, val_weighted_f1=0.7372, lr=0.000476, epoch_time=17.68s
[Epoch 032] train_loss=0.4349, train_hard=0.6203, train_soft=0.3192, train_logit_mse=0.5810, train_feature_mse=0.0011, train_acc=0.7922, alpha=0.326, val_acc=0.7532, val_macro_f1=0.5453, val_weighted_f1=0.7243, lr=0.000458, epoch_time=17.67s
[Epoch 033] train_loss=0.4322, train_hard=0.6164, train_soft=0.3144, train_logit_mse=0.5742, train_feature_mse=0.0011, train_acc=0.7932, alpha=0.333, val_acc=0.7520, val_macro_f1=0.5519, val_weighted_f1=0.7244, lr=0.000440, epoch_time=17.92s
[Epoch 034] train_loss=0.4351, train_hard=0.6123, train_soft=0.3175, train_logit_mse=0.5795, train_feature_mse=0.0010, train_acc=0.7976, alpha=0.340, val_acc=0.7660, val_macro_f1=0.5689, val_weighted_f1=0.7435, lr=0.000423, epoch_time=17.69s
[Epoch 035] train_loss=0.4301, train_hard=0.6122, train_soft=0.3078, train_logit_mse=0.5616, train_feature_mse=0.0010, train_acc=0.7983, alpha=0.347, val_acc=0.7550, val_macro_f1=0.5685, val_weighted_f1=0.7313, lr=0.000405, epoch_time=17.77s
[Epoch 036] train_loss=0.4372, train_hard=0.6142, train_soft=0.3138, train_logit_mse=0.5723, train_feature_mse=0.0010, train_acc=0.7956, alpha=0.353, val_acc=0.7587, val_macro_f1=0.5709, val_weighted_f1=0.7392, lr=0.000387, epoch_time=17.82s
  -> New best KD student saved to /users/40370279/csc4006/code/experiments/5__teacher_model_comparison/checkpoints/kd_student_small_large_teacher_seed123.pt
[Epoch 037] train_loss=0.4339, train_hard=0.6123, train_soft=0.3071, train_logit_mse=0.5611, train_feature_mse=0.0010, train_acc=0.7970, alpha=0.360, val_acc=0.7654, val_macro_f1=0.5901, val_weighted_f1=0.7461, lr=0.000370, epoch_time=17.82s
  -> New best KD student saved to /users/40370279/csc4006/code/experiments/5__teacher_model_comparison/checkpoints/kd_student_small_large_teacher_seed123.pt
[Epoch 038] train_loss=0.4329, train_hard=0.6079, train_soft=0.3050, train_logit_mse=0.5576, train_feature_mse=0.0010, train_acc=0.7972, alpha=0.367, val_acc=0.7575, val_macro_f1=0.5715, val_weighted_f1=0.7356, lr=0.000352, epoch_time=17.76s
[Epoch 039] train_loss=0.4330, train_hard=0.6010, train_soft=0.3058, train_logit_mse=0.5603, train_feature_mse=0.0010, train_acc=0.8007, alpha=0.374, val_acc=0.7550, val_macro_f1=0.5559, val_weighted_f1=0.7282, lr=0.000334, epoch_time=17.71s
[Epoch 040] train_loss=0.4381, train_hard=0.6093, train_soft=0.3058, train_logit_mse=0.5597, train_feature_mse=0.0010, train_acc=0.7995, alpha=0.381, val_acc=0.7563, val_macro_f1=0.5667, val_weighted_f1=0.7335, lr=0.000317, epoch_time=17.89s
[Epoch 041] train_loss=0.4337, train_hard=0.6024, train_soft=0.3003, train_logit_mse=0.5492, train_feature_mse=0.0009, train_acc=0.8000, alpha=0.387, val_acc=0.7520, val_macro_f1=0.5591, val_weighted_f1=0.7275, lr=0.000300, epoch_time=17.77s
[Epoch 042] train_loss=0.4356, train_hard=0.6019, train_soft=0.3003, train_logit_mse=0.5509, train_feature_mse=0.0009, train_acc=0.8001, alpha=0.394, val_acc=0.7557, val_macro_f1=0.5621, val_weighted_f1=0.7307, lr=0.000283, epoch_time=17.79s
[Epoch 043] train_loss=0.4329, train_hard=0.6010, train_soft=0.2938, train_logit_mse=0.5390, train_feature_mse=0.0009, train_acc=0.8018, alpha=0.400, val_acc=0.7575, val_macro_f1=0.5651, val_weighted_f1=0.7333, lr=0.000266, epoch_time=17.61s
[Epoch 044] train_loss=0.4424, train_hard=0.6064, train_soft=0.3021, train_logit_mse=0.5515, train_feature_mse=0.0009, train_acc=0.8011, alpha=0.407, val_acc=0.7618, val_macro_f1=0.5686, val_weighted_f1=0.7384, lr=0.000250, epoch_time=17.79s
[Epoch 045] train_loss=0.4412, train_hard=0.6001, train_soft=0.3013, train_logit_mse=0.5510, train_feature_mse=0.0009, train_acc=0.8013, alpha=0.413, val_acc=0.7587, val_macro_f1=0.5727, val_weighted_f1=0.7353, lr=0.000234, epoch_time=17.77s
[Epoch 046] train_loss=0.4410, train_hard=0.5987, train_soft=0.2989, train_logit_mse=0.5485, train_feature_mse=0.0009, train_acc=0.8027, alpha=0.419, val_acc=0.7611, val_macro_f1=0.5721, val_weighted_f1=0.7376, lr=0.000218, epoch_time=17.71s
[Epoch 047] train_loss=0.4391, train_hard=0.5975, train_soft=0.2938, train_logit_mse=0.5407, train_feature_mse=0.0009, train_acc=0.8035, alpha=0.425, val_acc=0.7569, val_macro_f1=0.5677, val_weighted_f1=0.7318, lr=0.000202, epoch_time=17.87s
[Epoch 048] train_loss=0.4440, train_hard=0.6000, train_soft=0.2972, train_logit_mse=0.5450, train_feature_mse=0.0009, train_acc=0.8047, alpha=0.431, val_acc=0.7569, val_macro_f1=0.5672, val_weighted_f1=0.7330, lr=0.000187, epoch_time=17.79s
[Epoch 049] train_loss=0.4427, train_hard=0.5947, train_soft=0.2961, train_logit_mse=0.5430, train_feature_mse=0.0009, train_acc=0.8047, alpha=0.437, val_acc=0.7673, val_macro_f1=0.5853, val_weighted_f1=0.7458, lr=0.000173, epoch_time=17.71s
[Epoch 050] train_loss=0.4430, train_hard=0.5936, train_soft=0.2946, train_logit_mse=0.5395, train_feature_mse=0.0009, train_acc=0.8021, alpha=0.442, val_acc=0.7587, val_macro_f1=0.5604, val_weighted_f1=0.7326, lr=0.000159, epoch_time=17.65s
[Epoch 051] train_loss=0.4445, train_hard=0.5931, train_soft=0.2947, train_logit_mse=0.5409, train_feature_mse=0.0009, train_acc=0.8064, alpha=0.447, val_acc=0.7569, val_macro_f1=0.5799, val_weighted_f1=0.7356, lr=0.000145, epoch_time=17.77s
[Epoch 052] train_loss=0.4436, train_hard=0.5925, train_soft=0.2913, train_logit_mse=0.5340, train_feature_mse=0.0009, train_acc=0.8054, alpha=0.452, val_acc=0.7575, val_macro_f1=0.5775, val_weighted_f1=0.7361, lr=0.000132, epoch_time=17.66s
Early stopping triggered.
Loaded best KD student checkpoint for final test evaluation.
Best validation macro-F1: 0.5901
Best epoch: 37
Time to best model: 683.35 seconds
Checkpoint size (MB): 0.117
Student size: small
Teacher used: /users/40370279/csc4006/code/experiments/5__teacher_model_comparison/checkpoints/teacher_large_seed123.pt
Teacher arch: TeacherCNN
Teacher size: large
Checkpoint seed: 123
Test accuracy (KD student): 0.7648
Test macro-F1 (KD student): 0.5783
Test weighted-F1 (KD student): 0.7450
Test classification report:
              precision    recall  f1-score   support

           0       0.76      0.70      0.73       184
           1       0.09      0.02      0.03        56
           2       0.77      0.49      0.60       256
           3       0.78      0.93      0.85       912
           4       0.72      0.66      0.69       242

    accuracy                           0.76      1650
   macro avg       0.62      0.56      0.58      1650
weighted avg       0.74      0.76      0.75      1650

Test confusion matrix:
[[128   0   5  47   4]
 [  4   1   1  44   6]
 [ 14   0 125  88  29]
 [ 17   2  22 848  23]
 [  6   8   9  59 160]]
Inference latency: 1.4570 ms/sample
Parsed metrics for seed 123:
  Accuracy    = 0.7648
  Macro-F1    = 0.5783
  Weighted-F1 = 0.7450

----- SEED 999 -----
Using device: cuda
Seed: 999
Teacher size: large
Teacher checkpoint path: /users/40370279/csc4006/code/experiments/5__teacher_model_comparison/checkpoints/teacher_large_seed999.pt
Deterministic mode: True
Deterministic warn_only: True
Training: batch_size=64, lr=0.0008, epochs=90, patience=18, warmup_epochs=5, min_lr_factor=0.02, weight_decay=0.001, class_weight_gamma=0.2, label_smoothing=0.03, sampler_power=0.35, grad_clip=1.0, num_workers=2, teacher_size=large, use_weighted_sampler=False, class_weights=True, disable_augmentation=False, ema_decay=0.999
Training set size: 12957
Validation set size: 1637
Test set size: 1650
Number of leads: 12 classes: 5
Classes: ['CD' 'HYP' 'MI' 'NORM' 'STTC']
Training sampler: standard shuffled loader
Trainable parameters: 3111171
Total parameters: 3111171
Estimated model size (MB): 11.912
Class weights: [1.0338018  1.3094392  0.9520142  0.73911804 0.9656268 ]
EMA enabled
[Epoch 001] lr=0.000320, train_loss=0.9291, train_acc=0.7316, val_acc=0.7508, val_macro_f1=0.5438, val_weighted_f1=0.7184, epoch_time=28.24s
  -> Saved best teacher model to /users/40370279/csc4006/code/experiments/5__teacher_model_comparison/checkpoints/teacher_large_seed999.pt
[Epoch 002] lr=0.000480, train_loss=0.8115, train_acc=0.7732, val_acc=0.7349, val_macro_f1=0.5718, val_weighted_f1=0.7295, epoch_time=27.06s
  -> Saved best teacher model to /users/40370279/csc4006/code/experiments/5__teacher_model_comparison/checkpoints/teacher_large_seed999.pt
[Epoch 003] lr=0.000640, train_loss=0.7830, train_acc=0.7847, val_acc=0.7654, val_macro_f1=0.5662, val_weighted_f1=0.7417, epoch_time=27.04s
[Epoch 004] lr=0.000800, train_loss=0.7709, train_acc=0.7878, val_acc=0.7312, val_macro_f1=0.5491, val_weighted_f1=0.7183, epoch_time=27.08s
[Epoch 005] lr=0.000800, train_loss=0.7509, train_acc=0.7933, val_acc=0.7679, val_macro_f1=0.6138, val_weighted_f1=0.7543, epoch_time=27.19s
  -> Saved best teacher model to /users/40370279/csc4006/code/experiments/5__teacher_model_comparison/checkpoints/teacher_large_seed999.pt
[Epoch 006] lr=0.000800, train_loss=0.7304, train_acc=0.8010, val_acc=0.7282, val_macro_f1=0.5587, val_weighted_f1=0.7215, epoch_time=26.98s
[Epoch 007] lr=0.000799, train_loss=0.7178, train_acc=0.8054, val_acc=0.7654, val_macro_f1=0.5664, val_weighted_f1=0.7433, epoch_time=27.27s
[Epoch 008] lr=0.000798, train_loss=0.6990, train_acc=0.8104, val_acc=0.7740, val_macro_f1=0.6462, val_weighted_f1=0.7714, epoch_time=27.07s
  -> Saved best teacher model to /users/40370279/csc4006/code/experiments/5__teacher_model_comparison/checkpoints/teacher_large_seed999.pt
[Epoch 009] lr=0.000796, train_loss=0.6808, train_acc=0.8192, val_acc=0.7648, val_macro_f1=0.6409, val_weighted_f1=0.7640, epoch_time=27.11s
[Epoch 010] lr=0.000793, train_loss=0.6646, train_acc=0.8196, val_acc=0.7776, val_macro_f1=0.5974, val_weighted_f1=0.7584, epoch_time=27.13s
[Epoch 011] lr=0.000790, train_loss=0.6535, train_acc=0.8256, val_acc=0.7880, val_macro_f1=0.6383, val_weighted_f1=0.7769, epoch_time=27.08s
[Epoch 012] lr=0.000787, train_loss=0.6356, train_acc=0.8311, val_acc=0.7862, val_macro_f1=0.6672, val_weighted_f1=0.7832, epoch_time=27.16s
  -> Saved best teacher model to /users/40370279/csc4006/code/experiments/5__teacher_model_comparison/checkpoints/teacher_large_seed999.pt
[Epoch 013] lr=0.000783, train_loss=0.6225, train_acc=0.8354, val_acc=0.7886, val_macro_f1=0.6283, val_weighted_f1=0.7755, epoch_time=26.99s
[Epoch 014] lr=0.000779, train_loss=0.6164, train_acc=0.8348, val_acc=0.7697, val_macro_f1=0.6483, val_weighted_f1=0.7687, epoch_time=27.09s
[Epoch 015] lr=0.000774, train_loss=0.6076, train_acc=0.8396, val_acc=0.7721, val_macro_f1=0.6196, val_weighted_f1=0.7597, epoch_time=26.97s
[Epoch 016] lr=0.000768, train_loss=0.5921, train_acc=0.8430, val_acc=0.6940, val_macro_f1=0.6219, val_weighted_f1=0.7253, epoch_time=27.15s
[Epoch 017] lr=0.000762, train_loss=0.5779, train_acc=0.8494, val_acc=0.7666, val_macro_f1=0.6578, val_weighted_f1=0.7686, epoch_time=27.09s
[Epoch 018] lr=0.000756, train_loss=0.5693, train_acc=0.8532, val_acc=0.7709, val_macro_f1=0.6502, val_weighted_f1=0.7669, epoch_time=27.08s
[Epoch 019] lr=0.000749, train_loss=0.5526, train_acc=0.8572, val_acc=0.7892, val_macro_f1=0.6485, val_weighted_f1=0.7804, epoch_time=27.02s
[Epoch 020] lr=0.000741, train_loss=0.5448, train_acc=0.8576, val_acc=0.7734, val_macro_f1=0.6630, val_weighted_f1=0.7734, epoch_time=27.09s
[Epoch 021] lr=0.000733, train_loss=0.5208, train_acc=0.8712, val_acc=0.7850, val_macro_f1=0.6626, val_weighted_f1=0.7800, epoch_time=27.05s
[Epoch 022] lr=0.000725, train_loss=0.5049, train_acc=0.8728, val_acc=0.7770, val_macro_f1=0.6343, val_weighted_f1=0.7658, epoch_time=27.05s
[Epoch 023] lr=0.000716, train_loss=0.4910, train_acc=0.8821, val_acc=0.7740, val_macro_f1=0.6660, val_weighted_f1=0.7756, epoch_time=27.16s
[Epoch 024] lr=0.000707, train_loss=0.4742, train_acc=0.8874, val_acc=0.7929, val_macro_f1=0.6744, val_weighted_f1=0.7896, epoch_time=26.94s
  -> Saved best teacher model to /users/40370279/csc4006/code/experiments/5__teacher_model_comparison/checkpoints/teacher_large_seed999.pt
[Epoch 025] lr=0.000698, train_loss=0.4518, train_acc=0.8953, val_acc=0.7831, val_macro_f1=0.6532, val_weighted_f1=0.7750, epoch_time=27.03s
[Epoch 026] lr=0.000688, train_loss=0.4374, train_acc=0.9001, val_acc=0.7856, val_macro_f1=0.6678, val_weighted_f1=0.7810, epoch_time=27.13s
[Epoch 027] lr=0.000677, train_loss=0.4149, train_acc=0.9087, val_acc=0.7770, val_macro_f1=0.6723, val_weighted_f1=0.7790, epoch_time=27.10s
[Epoch 028] lr=0.000667, train_loss=0.4087, train_acc=0.9099, val_acc=0.7801, val_macro_f1=0.6698, val_weighted_f1=0.7762, epoch_time=26.94s
[Epoch 029] lr=0.000656, train_loss=0.3890, train_acc=0.9192, val_acc=0.7538, val_macro_f1=0.6592, val_weighted_f1=0.7648, epoch_time=27.10s
[Epoch 030] lr=0.000644, train_loss=0.3714, train_acc=0.9260, val_acc=0.7642, val_macro_f1=0.6516, val_weighted_f1=0.7655, epoch_time=27.07s
[Epoch 031] lr=0.000633, train_loss=0.3604, train_acc=0.9321, val_acc=0.7764, val_macro_f1=0.6547, val_weighted_f1=0.7713, epoch_time=26.97s
[Epoch 032] lr=0.000620, train_loss=0.3491, train_acc=0.9362, val_acc=0.7740, val_macro_f1=0.6700, val_weighted_f1=0.7744, epoch_time=27.07s
[Epoch 033] lr=0.000608, train_loss=0.3271, train_acc=0.9422, val_acc=0.7844, val_macro_f1=0.6526, val_weighted_f1=0.7768, epoch_time=27.16s
[Epoch 034] lr=0.000596, train_loss=0.3186, train_acc=0.9468, val_acc=0.7752, val_macro_f1=0.6477, val_weighted_f1=0.7696, epoch_time=27.16s
[Epoch 035] lr=0.000583, train_loss=0.3072, train_acc=0.9521, val_acc=0.7801, val_macro_f1=0.6504, val_weighted_f1=0.7712, epoch_time=27.01s
[Epoch 036] lr=0.000570, train_loss=0.2991, train_acc=0.9559, val_acc=0.7740, val_macro_f1=0.6590, val_weighted_f1=0.7723, epoch_time=27.08s
[Epoch 037] lr=0.000556, train_loss=0.2892, train_acc=0.9576, val_acc=0.7715, val_macro_f1=0.6420, val_weighted_f1=0.7670, epoch_time=27.05s
[Epoch 038] lr=0.000543, train_loss=0.2850, train_acc=0.9613, val_acc=0.7770, val_macro_f1=0.6351, val_weighted_f1=0.7684, epoch_time=27.17s
[Epoch 039] lr=0.000529, train_loss=0.2761, train_acc=0.9620, val_acc=0.7770, val_macro_f1=0.6245, val_weighted_f1=0.7662, epoch_time=27.02s
[Epoch 040] lr=0.000515, train_loss=0.2639, train_acc=0.9674, val_acc=0.7666, val_macro_f1=0.6364, val_weighted_f1=0.7614, epoch_time=27.03s
[Epoch 041] lr=0.000501, train_loss=0.2579, train_acc=0.9728, val_acc=0.7758, val_macro_f1=0.6155, val_weighted_f1=0.7619, epoch_time=26.93s
[Epoch 042] lr=0.000487, train_loss=0.2578, train_acc=0.9692, val_acc=0.7703, val_macro_f1=0.6406, val_weighted_f1=0.7659, epoch_time=27.00s
Early stopping

Loaded best checkpoint for final evaluation.
Best validation macro-F1: 0.6744
Best epoch: 24
Time to best model: 652.25 seconds
Checkpoint size (MB): 12.012
Checkpoint seed: 999
Checkpoint teacher size: large
Checkpoint teacher arch: TeacherCNN
Test Accuracy: 0.7818
Test Macro-F1: 0.6399
Test Weighted-F1: 0.7800
Classification Report:
              precision    recall  f1-score   support

           0       0.86      0.68      0.76       184
           1       0.15      0.16      0.15        56
           2       0.79      0.64      0.71       256
           3       0.83      0.89      0.86       912
           4       0.70      0.72      0.71       242

    accuracy                           0.78      1650
   macro avg       0.67      0.62      0.64      1650
weighted avg       0.78      0.78      0.78      1650

Confusion Matrix:
[[126   5   5  38  10]
 [  2   9   2  37   6]
 [  2   5 165  56  28]
 [ 12  30  24 815  31]
 [  4  12  12  39 175]]
Inference latency: 6.0299 ms/sample
Using device: cuda
Seed: 999
Deterministic mode: True
Deterministic warn_only: True
KD hyperparameters: alpha_start=0.200, alpha_end=0.500, temperature=4.00, logit_mse_weight=0.030, feature_mse_weight=0.030, class_weight_gamma=0.00, sampler_power=0.35, label_smoothing=0.000, student_size=small
Training: batch_size=64, lr=0.0008, epochs=70, patience=15, weight_decay=0.002, grad_clip=1.0, num_workers=2, disable_augmentation=False, use_weighted_sampler=False
Teacher checkpoint path: /users/40370279/csc4006/code/experiments/5__teacher_model_comparison/checkpoints/teacher_large_seed999.pt
Student checkpoint path: /users/40370279/csc4006/code/experiments/5__teacher_model_comparison/checkpoints/kd_student_small_large_teacher_seed999.pt
Training set size: 12957
Validation set size: 1637
Test set size: 1650
Number of leads: 12 classes: 5
Classes: ['CD' 'HYP' 'MI' 'NORM' 'STTC']
Trainable parameters (student): 5897
Total parameters (student): 5897
Estimated model size (MB): 0.024
Teacher pooled dim: 896
Student pooled dim: 18
Class weights: [1. 1. 1. 1. 1.]
Training sampler: standard shuffled loader
[Epoch 001] train_loss=1.5725, train_hard=1.1827, train_soft=1.5705, train_logit_mse=2.6007, train_feature_mse=0.0521, train_acc=0.5749, alpha=0.200, val_acc=0.6090, val_macro_f1=0.2395, val_weighted_f1=0.5058, lr=0.000800, epoch_time=19.12s
  -> New best KD student saved to /users/40370279/csc4006/code/experiments/5__teacher_model_comparison/checkpoints/kd_student_small_large_teacher_seed999.pt
[Epoch 002] train_loss=1.1699, train_hard=0.9445, train_soft=1.1526, train_logit_mse=1.9375, train_feature_mse=0.0295, train_acc=0.6627, alpha=0.200, val_acc=0.6878, val_macro_f1=0.4364, val_weighted_f1=0.6387, lr=0.000798, epoch_time=18.01s
  -> New best KD student saved to /users/40370279/csc4006/code/experiments/5__teacher_model_comparison/checkpoints/kd_student_small_large_teacher_seed999.pt
[Epoch 003] train_loss=0.9820, train_hard=0.8325, train_soft=0.9565, train_logit_mse=1.6636, train_feature_mse=0.0154, train_acc=0.7137, alpha=0.201, val_acc=0.7080, val_macro_f1=0.4824, val_weighted_f1=0.6743, lr=0.000796, epoch_time=17.86s
  -> New best KD student saved to /users/40370279/csc4006/code/experiments/5__teacher_model_comparison/checkpoints/kd_student_small_large_teacher_seed999.pt
[Epoch 004] train_loss=0.9048, train_hard=0.7945, train_soft=0.8741, train_logit_mse=1.5485, train_feature_mse=0.0095, train_acc=0.7333, alpha=0.201, val_acc=0.7208, val_macro_f1=0.4989, val_weighted_f1=0.6861, lr=0.000794, epoch_time=18.02s
  -> New best KD student saved to /users/40370279/csc4006/code/experiments/5__teacher_model_comparison/checkpoints/kd_student_small_large_teacher_seed999.pt
[Epoch 005] train_loss=0.8339, train_hard=0.7603, train_soft=0.7989, train_logit_mse=1.4211, train_feature_mse=0.0058, train_acc=0.7458, alpha=0.202, val_acc=0.7330, val_macro_f1=0.5166, val_weighted_f1=0.6999, lr=0.000790, epoch_time=17.96s
  -> New best KD student saved to /users/40370279/csc4006/code/experiments/5__teacher_model_comparison/checkpoints/kd_student_small_large_teacher_seed999.pt
[Epoch 006] train_loss=0.7867, train_hard=0.7402, train_soft=0.7483, train_logit_mse=1.3321, train_feature_mse=0.0036, train_acc=0.7553, alpha=0.204, val_acc=0.7398, val_macro_f1=0.5274, val_weighted_f1=0.7072, lr=0.000786, epoch_time=17.94s
  -> New best KD student saved to /users/40370279/csc4006/code/experiments/5__teacher_model_comparison/checkpoints/kd_student_small_large_teacher_seed999.pt
[Epoch 007] train_loss=0.7431, train_hard=0.7189, train_soft=0.7020, train_logit_mse=1.2515, train_feature_mse=0.0025, train_acc=0.7631, alpha=0.206, val_acc=0.7337, val_macro_f1=0.5220, val_weighted_f1=0.7012, lr=0.000781, epoch_time=17.92s
[Epoch 008] train_loss=0.7159, train_hard=0.7040, train_soft=0.6735, train_logit_mse=1.1991, train_feature_mse=0.0021, train_acc=0.7679, alpha=0.208, val_acc=0.7367, val_macro_f1=0.5218, val_weighted_f1=0.7031, lr=0.000775, epoch_time=17.87s
[Epoch 009] train_loss=0.6974, train_hard=0.6962, train_soft=0.6536, train_logit_mse=1.1616, train_feature_mse=0.0019, train_acc=0.7721, alpha=0.210, val_acc=0.7495, val_macro_f1=0.5409, val_weighted_f1=0.7196, lr=0.000768, epoch_time=17.96s
  -> New best KD student saved to /users/40370279/csc4006/code/experiments/5__teacher_model_comparison/checkpoints/kd_student_small_large_teacher_seed999.pt
[Epoch 010] train_loss=0.6814, train_hard=0.6853, train_soft=0.6373, train_logit_mse=1.1300, train_feature_mse=0.0018, train_acc=0.7773, alpha=0.212, val_acc=0.7483, val_macro_f1=0.5342, val_weighted_f1=0.7160, lr=0.000761, epoch_time=17.75s
[Epoch 011] train_loss=0.6705, train_hard=0.6820, train_soft=0.6248, train_logit_mse=1.1093, train_feature_mse=0.0017, train_acc=0.7788, alpha=0.215, val_acc=0.7532, val_macro_f1=0.5519, val_weighted_f1=0.7289, lr=0.000753, epoch_time=17.88s
  -> New best KD student saved to /users/40370279/csc4006/code/experiments/5__teacher_model_comparison/checkpoints/kd_student_small_large_teacher_seed999.pt
[Epoch 012] train_loss=0.6541, train_hard=0.6725, train_soft=0.6076, train_logit_mse=1.0750, train_feature_mse=0.0016, train_acc=0.7804, alpha=0.218, val_acc=0.7495, val_macro_f1=0.5522, val_weighted_f1=0.7253, lr=0.000744, epoch_time=17.81s
  -> New best KD student saved to /users/40370279/csc4006/code/experiments/5__teacher_model_comparison/checkpoints/kd_student_small_large_teacher_seed999.pt
[Epoch 013] train_loss=0.6487, train_hard=0.6722, train_soft=0.6010, train_logit_mse=1.0621, train_feature_mse=0.0016, train_acc=0.7798, alpha=0.222, val_acc=0.7544, val_macro_f1=0.5532, val_weighted_f1=0.7274, lr=0.000735, epoch_time=17.85s
  -> New best KD student saved to /users/40370279/csc4006/code/experiments/5__teacher_model_comparison/checkpoints/kd_student_small_large_teacher_seed999.pt
[Epoch 014] train_loss=0.6388, train_hard=0.6625, train_soft=0.5914, train_logit_mse=1.0461, train_feature_mse=0.0015, train_acc=0.7844, alpha=0.226, val_acc=0.7508, val_macro_f1=0.5522, val_weighted_f1=0.7273, lr=0.000725, epoch_time=17.75s
[Epoch 015] train_loss=0.6250, train_hard=0.6538, train_soft=0.5764, train_logit_mse=1.0261, train_feature_mse=0.0014, train_acc=0.7860, alpha=0.229, val_acc=0.7489, val_macro_f1=0.5403, val_weighted_f1=0.7162, lr=0.000714, epoch_time=17.79s
[Epoch 016] train_loss=0.6244, train_hard=0.6593, train_soft=0.5739, train_logit_mse=1.0165, train_feature_mse=0.0014, train_acc=0.7839, alpha=0.234, val_acc=0.7477, val_macro_f1=0.5398, val_weighted_f1=0.7177, lr=0.000702, epoch_time=17.86s
[Epoch 017] train_loss=0.6135, train_hard=0.6469, train_soft=0.5638, train_logit_mse=0.9972, train_feature_mse=0.0014, train_acc=0.7893, alpha=0.238, val_acc=0.7569, val_macro_f1=0.5537, val_weighted_f1=0.7299, lr=0.000691, epoch_time=17.94s
  -> New best KD student saved to /users/40370279/csc4006/code/experiments/5__teacher_model_comparison/checkpoints/kd_student_small_large_teacher_seed999.pt
[Epoch 018] train_loss=0.6095, train_hard=0.6506, train_soft=0.5570, train_logit_mse=0.9893, train_feature_mse=0.0013, train_acc=0.7899, alpha=0.243, val_acc=0.7550, val_macro_f1=0.5517, val_weighted_f1=0.7273, lr=0.000678, epoch_time=17.78s
[Epoch 019] train_loss=0.6013, train_hard=0.6412, train_soft=0.5492, train_logit_mse=0.9734, train_feature_mse=0.0013, train_acc=0.7905, alpha=0.248, val_acc=0.7538, val_macro_f1=0.5509, val_weighted_f1=0.7264, lr=0.000665, epoch_time=17.87s
[Epoch 020] train_loss=0.5960, train_hard=0.6401, train_soft=0.5424, train_logit_mse=0.9609, train_feature_mse=0.0013, train_acc=0.7882, alpha=0.253, val_acc=0.7471, val_macro_f1=0.5359, val_weighted_f1=0.7134, lr=0.000651, epoch_time=17.96s
[Epoch 021] train_loss=0.5918, train_hard=0.6366, train_soft=0.5377, train_logit_mse=0.9536, train_feature_mse=0.0012, train_acc=0.7917, alpha=0.258, val_acc=0.7495, val_macro_f1=0.5453, val_weighted_f1=0.7196, lr=0.000637, epoch_time=17.84s
[Epoch 022] train_loss=0.5883, train_hard=0.6352, train_soft=0.5330, train_logit_mse=0.9444, train_feature_mse=0.0012, train_acc=0.7923, alpha=0.263, val_acc=0.7550, val_macro_f1=0.5496, val_weighted_f1=0.7257, lr=0.000623, epoch_time=17.87s
[Epoch 023] train_loss=0.5869, train_hard=0.6356, train_soft=0.5304, train_logit_mse=0.9409, train_feature_mse=0.0012, train_acc=0.7925, alpha=0.269, val_acc=0.7587, val_macro_f1=0.5551, val_weighted_f1=0.7294, lr=0.000608, epoch_time=17.89s
  -> New best KD student saved to /users/40370279/csc4006/code/experiments/5__teacher_model_comparison/checkpoints/kd_student_small_large_teacher_seed999.pt
[Epoch 024] train_loss=0.5794, train_hard=0.6267, train_soft=0.5230, train_logit_mse=0.9288, train_feature_mse=0.0012, train_acc=0.7946, alpha=0.275, val_acc=0.7654, val_macro_f1=0.5663, val_weighted_f1=0.7391, lr=0.000592, epoch_time=17.95s
  -> New best KD student saved to /users/40370279/csc4006/code/experiments/5__teacher_model_comparison/checkpoints/kd_student_small_large_teacher_seed999.pt
[Epoch 025] train_loss=0.5795, train_hard=0.6275, train_soft=0.5221, train_logit_mse=0.9266, train_feature_mse=0.0012, train_acc=0.7951, alpha=0.281, val_acc=0.7715, val_macro_f1=0.5758, val_weighted_f1=0.7457, lr=0.000576, epoch_time=17.76s
  -> New best KD student saved to /users/40370279/csc4006/code/experiments/5__teacher_model_comparison/checkpoints/kd_student_small_large_teacher_seed999.pt
[Epoch 026] train_loss=0.5774, train_hard=0.6298, train_soft=0.5175, train_logit_mse=0.9191, train_feature_mse=0.0012, train_acc=0.7939, alpha=0.287, val_acc=0.7721, val_macro_f1=0.5793, val_weighted_f1=0.7495, lr=0.000560, epoch_time=17.78s
  -> New best KD student saved to /users/40370279/csc4006/code/experiments/5__teacher_model_comparison/checkpoints/kd_student_small_large_teacher_seed999.pt
[Epoch 027] train_loss=0.5752, train_hard=0.6242, train_soft=0.5160, train_logit_mse=0.9151, train_feature_mse=0.0012, train_acc=0.7964, alpha=0.293, val_acc=0.7563, val_macro_f1=0.5514, val_weighted_f1=0.7252, lr=0.000544, epoch_time=17.81s
[Epoch 028] train_loss=0.5679, train_hard=0.6197, train_soft=0.5070, train_logit_mse=0.9015, train_feature_mse=0.0011, train_acc=0.7958, alpha=0.300, val_acc=0.7593, val_macro_f1=0.5557, val_weighted_f1=0.7309, lr=0.000527, epoch_time=17.96s
[Epoch 029] train_loss=0.5682, train_hard=0.6185, train_soft=0.5069, train_logit_mse=0.9009, train_feature_mse=0.0011, train_acc=0.7978, alpha=0.306, val_acc=0.7691, val_macro_f1=0.5730, val_weighted_f1=0.7445, lr=0.000510, epoch_time=17.91s
[Epoch 030] train_loss=0.5643, train_hard=0.6175, train_soft=0.5010, train_logit_mse=0.8930, train_feature_mse=0.0011, train_acc=0.7982, alpha=0.313, val_acc=0.7587, val_macro_f1=0.5603, val_weighted_f1=0.7313, lr=0.000493, epoch_time=17.84s
[Epoch 031] train_loss=0.5586, train_hard=0.6134, train_soft=0.4940, train_logit_mse=0.8808, train_feature_mse=0.0011, train_acc=0.8024, alpha=0.319, val_acc=0.7624, val_macro_f1=0.5576, val_weighted_f1=0.7327, lr=0.000476, epoch_time=17.98s
[Epoch 032] train_loss=0.5540, train_hard=0.6065, train_soft=0.4895, train_logit_mse=0.8745, train_feature_mse=0.0011, train_acc=0.8023, alpha=0.326, val_acc=0.7660, val_macro_f1=0.5654, val_weighted_f1=0.7384, lr=0.000458, epoch_time=17.87s
[Epoch 033] train_loss=0.5523, train_hard=0.6055, train_soft=0.4865, train_logit_mse=0.8698, train_feature_mse=0.0011, train_acc=0.8010, alpha=0.333, val_acc=0.7660, val_macro_f1=0.5638, val_weighted_f1=0.7377, lr=0.000440, epoch_time=17.79s
[Epoch 034] train_loss=0.5518, train_hard=0.6044, train_soft=0.4853, train_logit_mse=0.8669, train_feature_mse=0.0011, train_acc=0.8033, alpha=0.340, val_acc=0.7721, val_macro_f1=0.5738, val_weighted_f1=0.7451, lr=0.000423, epoch_time=17.84s
[Epoch 035] train_loss=0.5521, train_hard=0.6052, train_soft=0.4843, train_logit_mse=0.8631, train_feature_mse=0.0011, train_acc=0.8016, alpha=0.347, val_acc=0.7679, val_macro_f1=0.5756, val_weighted_f1=0.7450, lr=0.000405, epoch_time=17.83s
[Epoch 036] train_loss=0.5529, train_hard=0.6080, train_soft=0.4827, train_logit_mse=0.8607, train_feature_mse=0.0011, train_acc=0.8005, alpha=0.353, val_acc=0.7697, val_macro_f1=0.5693, val_weighted_f1=0.7429, lr=0.000387, epoch_time=17.76s
[Epoch 037] train_loss=0.5487, train_hard=0.6009, train_soft=0.4791, train_logit_mse=0.8561, train_feature_mse=0.0011, train_acc=0.8028, alpha=0.360, val_acc=0.7624, val_macro_f1=0.5613, val_weighted_f1=0.7328, lr=0.000370, epoch_time=17.86s
[Epoch 038] train_loss=0.5453, train_hard=0.5990, train_soft=0.4740, train_logit_mse=0.8468, train_feature_mse=0.0011, train_acc=0.8021, alpha=0.367, val_acc=0.7618, val_macro_f1=0.5603, val_weighted_f1=0.7336, lr=0.000352, epoch_time=17.67s
[Epoch 039] train_loss=0.5459, train_hard=0.5989, train_soft=0.4736, train_logit_mse=0.8482, train_feature_mse=0.0011, train_acc=0.8057, alpha=0.374, val_acc=0.7728, val_macro_f1=0.5765, val_weighted_f1=0.7482, lr=0.000334, epoch_time=17.73s
[Epoch 040] train_loss=0.5515, train_hard=0.6048, train_soft=0.4774, train_logit_mse=0.8521, train_feature_mse=0.0011, train_acc=0.8017, alpha=0.381, val_acc=0.7703, val_macro_f1=0.5717, val_weighted_f1=0.7442, lr=0.000317, epoch_time=17.80s
[Epoch 041] train_loss=0.5429, train_hard=0.5951, train_soft=0.4688, train_logit_mse=0.8409, train_feature_mse=0.0010, train_acc=0.8046, alpha=0.387, val_acc=0.7740, val_macro_f1=0.5792, val_weighted_f1=0.7498, lr=0.000300, epoch_time=17.80s
Early stopping triggered.
Loaded best KD student checkpoint for final test evaluation.
Best validation macro-F1: 0.5793
Best epoch: 26
Time to best model: 466.99 seconds
Checkpoint size (MB): 0.117
Student size: small
Teacher used: /users/40370279/csc4006/code/experiments/5__teacher_model_comparison/checkpoints/teacher_large_seed999.pt
Teacher arch: TeacherCNN
Teacher size: large
Checkpoint seed: 999
Test accuracy (KD student): 0.7715
Test macro-F1 (KD student): 0.5774
Test weighted-F1 (KD student): 0.7493
Test classification report:
              precision    recall  f1-score   support

           0       0.77      0.71      0.74       184
           1       0.00      0.00      0.00        56
           2       0.74      0.53      0.62       256
           3       0.78      0.94      0.85       912
           4       0.74      0.63      0.68       242

    accuracy                           0.77      1650
   macro avg       0.61      0.56      0.58      1650
weighted avg       0.74      0.77      0.75      1650

Test confusion matrix:
[[131   0   7  42   4]
 [  3   0   3  45   5]
 [ 17   0 135  81  23]
 [ 16   0  19 855  22]
 [  4   0  18  68 152]]
Inference latency: 1.4772 ms/sample
Parsed metrics for seed 999:
  Accuracy    = 0.7715
  Macro-F1    = 0.5774
  Weighted-F1 = 0.7493

===== SUMMARY: LARGE TEACHER =====
Teacher      : LARGE
Student      : SMALL
Seeds        : 42 123 999
Accuracy     : 0.7731 ± 0.0075
Macro F1     : 0.5820 ± 0.0059
Weighted F1  : 0.7521 ± 0.0072

Finished: Sat Mar 28 20:35:28 GMT 2026
