[38;5;127mpython3[0m/[38;5;172m3.10.5[0m/[38;5;67mgcc-9.3.0[0m
 |
 [0;32mOK[0m
[38;5;127mgcc[0m/[38;5;172m9.3.0[0m
 |
 [0;32mOK[0m
===== EXPERIMENT 5: MEDIUM TEACHER =====
Teacher source: experiment-local checkpoints
Teacher size: medium
Student size: small
Seeds: 42, 123, 999
Job ID: 7992135
Host: gpu103.pri.kelvin2.alces.network
Start: Sat Mar 28 18:49:43 GMT 2026
Working directory: /users/40370279/csc4006/code

----- SEED 42 -----
Using device: cuda
Seed: 42
Teacher size: medium
Teacher checkpoint path: /users/40370279/csc4006/code/experiments/5__teacher_model_comparison/checkpoints/teacher_medium_seed42.pt
Deterministic mode: True
Deterministic warn_only: True
Training: batch_size=64, lr=0.0008, epochs=90, patience=18, warmup_epochs=5, min_lr_factor=0.02, weight_decay=0.001, class_weight_gamma=0.2, label_smoothing=0.03, sampler_power=0.35, grad_clip=1.0, num_workers=2, teacher_size=medium, use_weighted_sampler=False, class_weights=True, disable_augmentation=False, ema_decay=0.999
Training set size: 12957
Validation set size: 1637
Test set size: 1650
Number of leads: 12 classes: 5
Classes: ['CD' 'HYP' 'MI' 'NORM' 'STTC']
Training sampler: standard shuffled loader
Trainable parameters: 1335329
Total parameters: 1335329
Estimated model size (MB): 5.122
Class weights: [1.0338018  1.3094392  0.9520142  0.73911804 0.9656268 ]
EMA enabled
[Epoch 001] lr=0.000320, train_loss=0.9986, train_acc=0.7012, val_acc=0.7587, val_macro_f1=0.5677, val_weighted_f1=0.7405, epoch_time=23.63s
  -> Saved best teacher model to /users/40370279/csc4006/code/experiments/5__teacher_model_comparison/checkpoints/teacher_medium_seed42.pt
[Epoch 002] lr=0.000480, train_loss=0.8110, train_acc=0.7737, val_acc=0.7587, val_macro_f1=0.5712, val_weighted_f1=0.7418, epoch_time=22.30s
  -> Saved best teacher model to /users/40370279/csc4006/code/experiments/5__teacher_model_comparison/checkpoints/teacher_medium_seed42.pt
[Epoch 003] lr=0.000640, train_loss=0.7797, train_acc=0.7860, val_acc=0.7630, val_macro_f1=0.5690, val_weighted_f1=0.7378, epoch_time=22.35s
[Epoch 004] lr=0.000800, train_loss=0.7684, train_acc=0.7854, val_acc=0.7660, val_macro_f1=0.5828, val_weighted_f1=0.7439, epoch_time=22.25s
  -> Saved best teacher model to /users/40370279/csc4006/code/experiments/5__teacher_model_comparison/checkpoints/teacher_medium_seed42.pt
[Epoch 005] lr=0.000800, train_loss=0.7566, train_acc=0.7932, val_acc=0.7740, val_macro_f1=0.6064, val_weighted_f1=0.7578, epoch_time=22.04s
  -> Saved best teacher model to /users/40370279/csc4006/code/experiments/5__teacher_model_comparison/checkpoints/teacher_medium_seed42.pt
[Epoch 006] lr=0.000800, train_loss=0.7267, train_acc=0.8024, val_acc=0.7825, val_macro_f1=0.6110, val_weighted_f1=0.7688, epoch_time=21.86s
  -> Saved best teacher model to /users/40370279/csc4006/code/experiments/5__teacher_model_comparison/checkpoints/teacher_medium_seed42.pt
[Epoch 007] lr=0.000799, train_loss=0.7042, train_acc=0.8098, val_acc=0.7611, val_macro_f1=0.5930, val_weighted_f1=0.7405, epoch_time=22.29s
[Epoch 008] lr=0.000798, train_loss=0.6903, train_acc=0.8130, val_acc=0.7819, val_macro_f1=0.6209, val_weighted_f1=0.7656, epoch_time=22.10s
  -> Saved best teacher model to /users/40370279/csc4006/code/experiments/5__teacher_model_comparison/checkpoints/teacher_medium_seed42.pt
[Epoch 009] lr=0.000796, train_loss=0.6715, train_acc=0.8221, val_acc=0.7862, val_macro_f1=0.6088, val_weighted_f1=0.7704, epoch_time=22.27s
[Epoch 010] lr=0.000793, train_loss=0.6640, train_acc=0.8219, val_acc=0.7874, val_macro_f1=0.6039, val_weighted_f1=0.7682, epoch_time=22.09s
[Epoch 011] lr=0.000790, train_loss=0.6490, train_acc=0.8277, val_acc=0.7783, val_macro_f1=0.6107, val_weighted_f1=0.7602, epoch_time=22.12s
[Epoch 012] lr=0.000787, train_loss=0.6377, train_acc=0.8293, val_acc=0.7752, val_macro_f1=0.6212, val_weighted_f1=0.7635, epoch_time=22.30s
  -> Saved best teacher model to /users/40370279/csc4006/code/experiments/5__teacher_model_comparison/checkpoints/teacher_medium_seed42.pt
[Epoch 013] lr=0.000783, train_loss=0.6283, train_acc=0.8324, val_acc=0.7801, val_macro_f1=0.6216, val_weighted_f1=0.7687, epoch_time=22.30s
  -> Saved best teacher model to /users/40370279/csc4006/code/experiments/5__teacher_model_comparison/checkpoints/teacher_medium_seed42.pt
[Epoch 014] lr=0.000779, train_loss=0.6155, train_acc=0.8349, val_acc=0.7770, val_macro_f1=0.6425, val_weighted_f1=0.7743, epoch_time=22.16s
  -> Saved best teacher model to /users/40370279/csc4006/code/experiments/5__teacher_model_comparison/checkpoints/teacher_medium_seed42.pt
[Epoch 015] lr=0.000774, train_loss=0.5957, train_acc=0.8435, val_acc=0.7752, val_macro_f1=0.6088, val_weighted_f1=0.7589, epoch_time=22.30s
[Epoch 016] lr=0.000768, train_loss=0.5875, train_acc=0.8472, val_acc=0.7770, val_macro_f1=0.6175, val_weighted_f1=0.7614, epoch_time=22.09s
[Epoch 017] lr=0.000762, train_loss=0.5737, train_acc=0.8510, val_acc=0.7758, val_macro_f1=0.6243, val_weighted_f1=0.7626, epoch_time=22.18s
[Epoch 018] lr=0.000756, train_loss=0.5641, train_acc=0.8568, val_acc=0.7801, val_macro_f1=0.6445, val_weighted_f1=0.7691, epoch_time=22.14s
  -> Saved best teacher model to /users/40370279/csc4006/code/experiments/5__teacher_model_comparison/checkpoints/teacher_medium_seed42.pt
[Epoch 019] lr=0.000749, train_loss=0.5493, train_acc=0.8598, val_acc=0.7172, val_macro_f1=0.6194, val_weighted_f1=0.7366, epoch_time=22.20s
[Epoch 020] lr=0.000741, train_loss=0.5323, train_acc=0.8639, val_acc=0.7868, val_macro_f1=0.6417, val_weighted_f1=0.7775, epoch_time=22.19s
[Epoch 021] lr=0.000733, train_loss=0.5109, train_acc=0.8733, val_acc=0.7569, val_macro_f1=0.6479, val_weighted_f1=0.7647, epoch_time=22.18s
  -> Saved best teacher model to /users/40370279/csc4006/code/experiments/5__teacher_model_comparison/checkpoints/teacher_medium_seed42.pt
[Epoch 022] lr=0.000725, train_loss=0.4985, train_acc=0.8758, val_acc=0.7636, val_macro_f1=0.5992, val_weighted_f1=0.7433, epoch_time=22.20s
[Epoch 023] lr=0.000716, train_loss=0.4855, train_acc=0.8846, val_acc=0.7691, val_macro_f1=0.6520, val_weighted_f1=0.7673, epoch_time=21.95s
  -> Saved best teacher model to /users/40370279/csc4006/code/experiments/5__teacher_model_comparison/checkpoints/teacher_medium_seed42.pt
[Epoch 024] lr=0.000707, train_loss=0.4667, train_acc=0.8897, val_acc=0.7636, val_macro_f1=0.6347, val_weighted_f1=0.7582, epoch_time=22.04s
[Epoch 025] lr=0.000698, train_loss=0.4495, train_acc=0.8945, val_acc=0.7758, val_macro_f1=0.6313, val_weighted_f1=0.7662, epoch_time=22.39s
[Epoch 026] lr=0.000688, train_loss=0.4308, train_acc=0.9051, val_acc=0.7666, val_macro_f1=0.6435, val_weighted_f1=0.7654, epoch_time=22.23s
[Epoch 027] lr=0.000677, train_loss=0.4212, train_acc=0.9082, val_acc=0.7715, val_macro_f1=0.6243, val_weighted_f1=0.7618, epoch_time=22.16s
[Epoch 028] lr=0.000667, train_loss=0.4020, train_acc=0.9144, val_acc=0.7697, val_macro_f1=0.6526, val_weighted_f1=0.7687, epoch_time=21.88s
  -> Saved best teacher model to /users/40370279/csc4006/code/experiments/5__teacher_model_comparison/checkpoints/teacher_medium_seed42.pt
[Epoch 029] lr=0.000656, train_loss=0.3819, train_acc=0.9206, val_acc=0.7740, val_macro_f1=0.6449, val_weighted_f1=0.7676, epoch_time=22.39s
[Epoch 030] lr=0.000644, train_loss=0.3753, train_acc=0.9246, val_acc=0.7526, val_macro_f1=0.6046, val_weighted_f1=0.7418, epoch_time=22.33s
[Epoch 031] lr=0.000633, train_loss=0.3579, train_acc=0.9307, val_acc=0.7666, val_macro_f1=0.6047, val_weighted_f1=0.7482, epoch_time=22.22s
[Epoch 032] lr=0.000620, train_loss=0.3440, train_acc=0.9352, val_acc=0.7709, val_macro_f1=0.6372, val_weighted_f1=0.7658, epoch_time=22.25s
[Epoch 033] lr=0.000608, train_loss=0.3306, train_acc=0.9422, val_acc=0.7618, val_macro_f1=0.6308, val_weighted_f1=0.7566, epoch_time=21.93s
[Epoch 034] lr=0.000596, train_loss=0.3191, train_acc=0.9471, val_acc=0.7630, val_macro_f1=0.5961, val_weighted_f1=0.7438, epoch_time=22.22s
[Epoch 035] lr=0.000583, train_loss=0.3066, train_acc=0.9488, val_acc=0.7508, val_macro_f1=0.6156, val_weighted_f1=0.7494, epoch_time=22.00s
[Epoch 036] lr=0.000570, train_loss=0.2958, train_acc=0.9574, val_acc=0.7666, val_macro_f1=0.6175, val_weighted_f1=0.7570, epoch_time=22.18s
[Epoch 037] lr=0.000556, train_loss=0.2904, train_acc=0.9574, val_acc=0.7642, val_macro_f1=0.5919, val_weighted_f1=0.7504, epoch_time=22.10s
[Epoch 038] lr=0.000543, train_loss=0.2800, train_acc=0.9623, val_acc=0.7630, val_macro_f1=0.6160, val_weighted_f1=0.7546, epoch_time=22.22s
[Epoch 039] lr=0.000529, train_loss=0.2681, train_acc=0.9650, val_acc=0.7685, val_macro_f1=0.6160, val_weighted_f1=0.7559, epoch_time=22.17s
[Epoch 040] lr=0.000515, train_loss=0.2608, train_acc=0.9690, val_acc=0.7642, val_macro_f1=0.6109, val_weighted_f1=0.7550, epoch_time=22.17s
[Epoch 041] lr=0.000501, train_loss=0.2554, train_acc=0.9727, val_acc=0.7532, val_macro_f1=0.6049, val_weighted_f1=0.7487, epoch_time=22.17s
[Epoch 042] lr=0.000487, train_loss=0.2521, train_acc=0.9735, val_acc=0.7538, val_macro_f1=0.6009, val_weighted_f1=0.7477, epoch_time=22.14s
[Epoch 043] lr=0.000473, train_loss=0.2446, train_acc=0.9750, val_acc=0.7660, val_macro_f1=0.6227, val_weighted_f1=0.7572, epoch_time=22.10s
[Epoch 044] lr=0.000459, train_loss=0.2420, train_acc=0.9762, val_acc=0.7642, val_macro_f1=0.6046, val_weighted_f1=0.7524, epoch_time=22.07s
[Epoch 045] lr=0.000444, train_loss=0.2345, train_acc=0.9796, val_acc=0.7550, val_macro_f1=0.6157, val_weighted_f1=0.7450, epoch_time=22.14s
[Epoch 046] lr=0.000430, train_loss=0.2313, train_acc=0.9800, val_acc=0.7679, val_macro_f1=0.5974, val_weighted_f1=0.7547, epoch_time=21.99s
Early stopping

Loaded best checkpoint for final evaluation.
Best validation macro-F1: 0.6526
Best epoch: 28
Time to best model: 626.52 seconds
Checkpoint size (MB): 5.223
Checkpoint seed: 42
Checkpoint teacher size: medium
Checkpoint teacher arch: TeacherCNN
Test Accuracy: 0.7800
Test Macro-F1: 0.6484
Test Weighted-F1: 0.7786
Classification Report:
              precision    recall  f1-score   support

           0       0.82      0.70      0.75       184
           1       0.19      0.27      0.22        56
           2       0.82      0.61      0.70       256
           3       0.81      0.91      0.86       912
           4       0.76      0.65      0.70       242

    accuracy                           0.78      1650
   macro avg       0.68      0.63      0.65      1650
weighted avg       0.79      0.78      0.78      1650

Confusion Matrix:
[[128   5   5  39   7]
 [  2  15   1  33   5]
 [  6   3 157  67  23]
 [ 16  36  17 829  14]
 [  4  19  11  50 158]]
Inference latency: 6.1490 ms/sample
Using device: cuda
Seed: 42
Deterministic mode: True
Deterministic warn_only: True
KD hyperparameters: alpha_start=0.200, alpha_end=0.500, temperature=4.00, logit_mse_weight=0.030, feature_mse_weight=0.030, class_weight_gamma=0.00, sampler_power=0.35, label_smoothing=0.000, student_size=small
Training: batch_size=64, lr=0.0008, epochs=70, patience=15, weight_decay=0.002, grad_clip=1.0, num_workers=2, disable_augmentation=False, use_weighted_sampler=False
Teacher checkpoint path: /users/40370279/csc4006/code/experiments/5__teacher_model_comparison/checkpoints/teacher_medium_seed42.pt
Student checkpoint path: /users/40370279/csc4006/code/experiments/5__teacher_model_comparison/checkpoints/kd_student_small_medium_teacher_seed42.pt
Training set size: 12957
Validation set size: 1637
Test set size: 1650
Number of leads: 12 classes: 5
Classes: ['CD' 'HYP' 'MI' 'NORM' 'STTC']
Trainable parameters (student): 5897
Total parameters (student): 5897
Estimated model size (MB): 0.024
Teacher pooled dim: 576
Student pooled dim: 18
Class weights: [1. 1. 1. 1. 1.]
Training sampler: standard shuffled loader
[Epoch 001] train_loss=1.7245, train_hard=1.2136, train_soft=1.7425, train_logit_mse=2.8709, train_feature_mse=0.0569, train_acc=0.5680, alpha=0.200, val_acc=0.6121, val_macro_f1=0.2481, val_weighted_f1=0.5066, lr=0.000800, epoch_time=18.84s
  -> New best KD student saved to /users/40370279/csc4006/code/experiments/5__teacher_model_comparison/checkpoints/kd_student_small_medium_teacher_seed42.pt
[Epoch 002] train_loss=1.3216, train_hard=0.9837, train_soft=1.3222, train_logit_mse=2.2057, train_feature_mse=0.0341, train_acc=0.6515, alpha=0.200, val_acc=0.6866, val_macro_f1=0.4425, val_weighted_f1=0.6450, lr=0.000798, epoch_time=17.55s
  -> New best KD student saved to /users/40370279/csc4006/code/experiments/5__teacher_model_comparison/checkpoints/kd_student_small_medium_teacher_seed42.pt
[Epoch 003] train_loss=1.1110, train_hard=0.8560, train_soft=1.1039, train_logit_mse=1.8732, train_feature_mse=0.0222, train_acc=0.7110, alpha=0.201, val_acc=0.7239, val_macro_f1=0.4940, val_weighted_f1=0.6827, lr=0.000796, epoch_time=17.63s
  -> New best KD student saved to /users/40370279/csc4006/code/experiments/5__teacher_model_comparison/checkpoints/kd_student_small_medium_teacher_seed42.pt
[Epoch 004] train_loss=0.9228, train_hard=0.7613, train_soft=0.9044, train_logit_mse=1.5646, train_feature_mse=0.0107, train_acc=0.7497, alpha=0.201, val_acc=0.7422, val_macro_f1=0.5301, val_weighted_f1=0.7104, lr=0.000794, epoch_time=17.60s
  -> New best KD student saved to /users/40370279/csc4006/code/experiments/5__teacher_model_comparison/checkpoints/kd_student_small_medium_teacher_seed42.pt
[Epoch 005] train_loss=0.8595, train_hard=0.7337, train_soft=0.8366, train_logit_mse=1.4533, train_feature_mse=0.0058, train_acc=0.7614, alpha=0.202, val_acc=0.7300, val_macro_f1=0.5060, val_weighted_f1=0.6917, lr=0.000790, epoch_time=17.56s
[Epoch 006] train_loss=0.8186, train_hard=0.7151, train_soft=0.7932, train_logit_mse=1.3748, train_feature_mse=0.0035, train_acc=0.7645, alpha=0.204, val_acc=0.7471, val_macro_f1=0.5404, val_weighted_f1=0.7184, lr=0.000786, epoch_time=17.64s
  -> New best KD student saved to /users/40370279/csc4006/code/experiments/5__teacher_model_comparison/checkpoints/kd_student_small_medium_teacher_seed42.pt
[Epoch 007] train_loss=0.7925, train_hard=0.7018, train_soft=0.7655, train_logit_mse=1.3319, train_feature_mse=0.0027, train_acc=0.7712, alpha=0.206, val_acc=0.7526, val_macro_f1=0.5456, val_weighted_f1=0.7224, lr=0.000781, epoch_time=17.61s
  -> New best KD student saved to /users/40370279/csc4006/code/experiments/5__teacher_model_comparison/checkpoints/kd_student_small_medium_teacher_seed42.pt
[Epoch 008] train_loss=0.7710, train_hard=0.6871, train_soft=0.7440, train_logit_mse=1.2910, train_feature_mse=0.0023, train_acc=0.7790, alpha=0.208, val_acc=0.7489, val_macro_f1=0.5399, val_weighted_f1=0.7163, lr=0.000775, epoch_time=17.60s
[Epoch 009] train_loss=0.7529, train_hard=0.6815, train_soft=0.7240, train_logit_mse=1.2592, train_feature_mse=0.0022, train_acc=0.7796, alpha=0.210, val_acc=0.7544, val_macro_f1=0.5471, val_weighted_f1=0.7247, lr=0.000768, epoch_time=17.76s
  -> New best KD student saved to /users/40370279/csc4006/code/experiments/5__teacher_model_comparison/checkpoints/kd_student_small_medium_teacher_seed42.pt
[Epoch 010] train_loss=0.7329, train_hard=0.6680, train_soft=0.7036, train_logit_mse=1.2250, train_feature_mse=0.0020, train_acc=0.7837, alpha=0.212, val_acc=0.7404, val_macro_f1=0.5278, val_weighted_f1=0.7046, lr=0.000761, epoch_time=17.58s
[Epoch 011] train_loss=0.7238, train_hard=0.6661, train_soft=0.6934, train_logit_mse=1.2060, train_feature_mse=0.0019, train_acc=0.7837, alpha=0.215, val_acc=0.7599, val_macro_f1=0.5524, val_weighted_f1=0.7313, lr=0.000753, epoch_time=17.53s
  -> New best KD student saved to /users/40370279/csc4006/code/experiments/5__teacher_model_comparison/checkpoints/kd_student_small_medium_teacher_seed42.pt
[Epoch 012] train_loss=0.7150, train_hard=0.6628, train_soft=0.6840, train_logit_mse=1.1867, train_feature_mse=0.0018, train_acc=0.7846, alpha=0.218, val_acc=0.7538, val_macro_f1=0.5467, val_weighted_f1=0.7223, lr=0.000744, epoch_time=17.63s
[Epoch 013] train_loss=0.7023, train_hard=0.6542, train_soft=0.6709, train_logit_mse=1.1684, train_feature_mse=0.0018, train_acc=0.7857, alpha=0.222, val_acc=0.7508, val_macro_f1=0.5449, val_weighted_f1=0.7184, lr=0.000735, epoch_time=17.62s
[Epoch 014] train_loss=0.6908, train_hard=0.6501, train_soft=0.6584, train_logit_mse=1.1417, train_feature_mse=0.0017, train_acc=0.7912, alpha=0.226, val_acc=0.7557, val_macro_f1=0.5490, val_weighted_f1=0.7269, lr=0.000725, epoch_time=17.55s
[Epoch 015] train_loss=0.6782, train_hard=0.6432, train_soft=0.6449, train_logit_mse=1.1227, train_feature_mse=0.0017, train_acc=0.7907, alpha=0.229, val_acc=0.7526, val_macro_f1=0.5539, val_weighted_f1=0.7254, lr=0.000714, epoch_time=17.77s
  -> New best KD student saved to /users/40370279/csc4006/code/experiments/5__teacher_model_comparison/checkpoints/kd_student_small_medium_teacher_seed42.pt
[Epoch 016] train_loss=0.6783, train_hard=0.6408, train_soft=0.6457, train_logit_mse=1.1230, train_feature_mse=0.0017, train_acc=0.7925, alpha=0.234, val_acc=0.7575, val_macro_f1=0.5572, val_weighted_f1=0.7283, lr=0.000702, epoch_time=17.60s
  -> New best KD student saved to /users/40370279/csc4006/code/experiments/5__teacher_model_comparison/checkpoints/kd_student_small_medium_teacher_seed42.pt
[Epoch 017] train_loss=0.6647, train_hard=0.6362, train_soft=0.6303, train_logit_mse=1.0978, train_feature_mse=0.0016, train_acc=0.7929, alpha=0.238, val_acc=0.7636, val_macro_f1=0.5721, val_weighted_f1=0.7400, lr=0.000691, epoch_time=17.52s
  -> New best KD student saved to /users/40370279/csc4006/code/experiments/5__teacher_model_comparison/checkpoints/kd_student_small_medium_teacher_seed42.pt
[Epoch 018] train_loss=0.6612, train_hard=0.6277, train_soft=0.6285, train_logit_mse=1.0936, train_feature_mse=0.0016, train_acc=0.7959, alpha=0.243, val_acc=0.7587, val_macro_f1=0.5727, val_weighted_f1=0.7368, lr=0.000678, epoch_time=17.69s
  -> New best KD student saved to /users/40370279/csc4006/code/experiments/5__teacher_model_comparison/checkpoints/kd_student_small_medium_teacher_seed42.pt
[Epoch 019] train_loss=0.6483, train_hard=0.6253, train_soft=0.6131, train_logit_mse=1.0700, train_feature_mse=0.0015, train_acc=0.7977, alpha=0.248, val_acc=0.7526, val_macro_f1=0.5578, val_weighted_f1=0.7246, lr=0.000665, epoch_time=17.78s
[Epoch 020] train_loss=0.6550, train_hard=0.6326, train_soft=0.6192, train_logit_mse=1.0774, train_feature_mse=0.0015, train_acc=0.7946, alpha=0.253, val_acc=0.7557, val_macro_f1=0.5645, val_weighted_f1=0.7326, lr=0.000651, epoch_time=17.66s
[Epoch 021] train_loss=0.6449, train_hard=0.6274, train_soft=0.6081, train_logit_mse=1.0586, train_feature_mse=0.0015, train_acc=0.7957, alpha=0.258, val_acc=0.7648, val_macro_f1=0.5770, val_weighted_f1=0.7398, lr=0.000637, epoch_time=17.61s
  -> New best KD student saved to /users/40370279/csc4006/code/experiments/5__teacher_model_comparison/checkpoints/kd_student_small_medium_teacher_seed42.pt
[Epoch 022] train_loss=0.6330, train_hard=0.6155, train_soft=0.5968, train_logit_mse=1.0414, train_feature_mse=0.0014, train_acc=0.7985, alpha=0.263, val_acc=0.7648, val_macro_f1=0.5873, val_weighted_f1=0.7443, lr=0.000623, epoch_time=17.56s
  -> New best KD student saved to /users/40370279/csc4006/code/experiments/5__teacher_model_comparison/checkpoints/kd_student_small_medium_teacher_seed42.pt
[Epoch 023] train_loss=0.6281, train_hard=0.6159, train_soft=0.5902, train_logit_mse=1.0308, train_feature_mse=0.0014, train_acc=0.7993, alpha=0.269, val_acc=0.7526, val_macro_f1=0.5684, val_weighted_f1=0.7298, lr=0.000608, epoch_time=17.59s
[Epoch 024] train_loss=0.6234, train_hard=0.6104, train_soft=0.5859, train_logit_mse=1.0233, train_feature_mse=0.0014, train_acc=0.8020, alpha=0.275, val_acc=0.7593, val_macro_f1=0.5804, val_weighted_f1=0.7402, lr=0.000592, epoch_time=17.54s
[Epoch 025] train_loss=0.6228, train_hard=0.6112, train_soft=0.5848, train_logit_mse=1.0209, train_feature_mse=0.0014, train_acc=0.8004, alpha=0.281, val_acc=0.7642, val_macro_f1=0.5936, val_weighted_f1=0.7502, lr=0.000576, epoch_time=17.59s
  -> New best KD student saved to /users/40370279/csc4006/code/experiments/5__teacher_model_comparison/checkpoints/kd_student_small_medium_teacher_seed42.pt
[Epoch 026] train_loss=0.6224, train_hard=0.6099, train_soft=0.5845, train_logit_mse=1.0191, train_feature_mse=0.0014, train_acc=0.8006, alpha=0.287, val_acc=0.7636, val_macro_f1=0.5920, val_weighted_f1=0.7465, lr=0.000560, epoch_time=17.48s
[Epoch 027] train_loss=0.6138, train_hard=0.6061, train_soft=0.5743, train_logit_mse=1.0043, train_feature_mse=0.0013, train_acc=0.8027, alpha=0.293, val_acc=0.7758, val_macro_f1=0.5991, val_weighted_f1=0.7581, lr=0.000544, epoch_time=17.58s
  -> New best KD student saved to /users/40370279/csc4006/code/experiments/5__teacher_model_comparison/checkpoints/kd_student_small_medium_teacher_seed42.pt
[Epoch 028] train_loss=0.6172, train_hard=0.6095, train_soft=0.5772, train_logit_mse=1.0087, train_feature_mse=0.0014, train_acc=0.8030, alpha=0.300, val_acc=0.7550, val_macro_f1=0.5728, val_weighted_f1=0.7310, lr=0.000527, epoch_time=17.55s
[Epoch 029] train_loss=0.6105, train_hard=0.6059, train_soft=0.5693, train_logit_mse=0.9961, train_feature_mse=0.0013, train_acc=0.7990, alpha=0.306, val_acc=0.7611, val_macro_f1=0.5861, val_weighted_f1=0.7416, lr=0.000510, epoch_time=17.54s
[Epoch 030] train_loss=0.6064, train_hard=0.5988, train_soft=0.5664, train_logit_mse=0.9947, train_feature_mse=0.0013, train_acc=0.8064, alpha=0.313, val_acc=0.7575, val_macro_f1=0.5780, val_weighted_f1=0.7361, lr=0.000493, epoch_time=17.52s
[Epoch 031] train_loss=0.6019, train_hard=0.5938, train_soft=0.5622, train_logit_mse=0.9849, train_feature_mse=0.0013, train_acc=0.8064, alpha=0.319, val_acc=0.7685, val_macro_f1=0.6080, val_weighted_f1=0.7541, lr=0.000476, epoch_time=17.58s
  -> New best KD student saved to /users/40370279/csc4006/code/experiments/5__teacher_model_comparison/checkpoints/kd_student_small_medium_teacher_seed42.pt
[Epoch 032] train_loss=0.6025, train_hard=0.5958, train_soft=0.5618, train_logit_mse=0.9846, train_feature_mse=0.0013, train_acc=0.8033, alpha=0.326, val_acc=0.7587, val_macro_f1=0.5883, val_weighted_f1=0.7423, lr=0.000458, epoch_time=17.64s
[Epoch 033] train_loss=0.6011, train_hard=0.5974, train_soft=0.5589, train_logit_mse=0.9794, train_feature_mse=0.0013, train_acc=0.8030, alpha=0.333, val_acc=0.7679, val_macro_f1=0.5962, val_weighted_f1=0.7517, lr=0.000440, epoch_time=17.55s
[Epoch 034] train_loss=0.5977, train_hard=0.5938, train_soft=0.5554, train_logit_mse=0.9732, train_feature_mse=0.0012, train_acc=0.8064, alpha=0.340, val_acc=0.7660, val_macro_f1=0.5920, val_weighted_f1=0.7456, lr=0.000423, epoch_time=17.56s
[Epoch 035] train_loss=0.5947, train_hard=0.5917, train_soft=0.5519, train_logit_mse=0.9676, train_feature_mse=0.0012, train_acc=0.8049, alpha=0.347, val_acc=0.7648, val_macro_f1=0.5907, val_weighted_f1=0.7469, lr=0.000405, epoch_time=17.61s
[Epoch 036] train_loss=0.5869, train_hard=0.5853, train_soft=0.5434, train_logit_mse=0.9537, train_feature_mse=0.0012, train_acc=0.8078, alpha=0.353, val_acc=0.7679, val_macro_f1=0.6022, val_weighted_f1=0.7531, lr=0.000387, epoch_time=17.65s
[Epoch 037] train_loss=0.5885, train_hard=0.5878, train_soft=0.5440, train_logit_mse=0.9550, train_feature_mse=0.0013, train_acc=0.8106, alpha=0.360, val_acc=0.7703, val_macro_f1=0.6145, val_weighted_f1=0.7552, lr=0.000370, epoch_time=17.59s
  -> New best KD student saved to /users/40370279/csc4006/code/experiments/5__teacher_model_comparison/checkpoints/kd_student_small_medium_teacher_seed42.pt
[Epoch 038] train_loss=0.5844, train_hard=0.5819, train_soft=0.5408, train_logit_mse=0.9505, train_feature_mse=0.0012, train_acc=0.8094, alpha=0.367, val_acc=0.7654, val_macro_f1=0.6062, val_weighted_f1=0.7495, lr=0.000352, epoch_time=17.60s
[Epoch 039] train_loss=0.5884, train_hard=0.5876, train_soft=0.5432, train_logit_mse=0.9532, train_feature_mse=0.0012, train_acc=0.8085, alpha=0.374, val_acc=0.7685, val_macro_f1=0.5992, val_weighted_f1=0.7503, lr=0.000334, epoch_time=17.63s
[Epoch 040] train_loss=0.5802, train_hard=0.5784, train_soft=0.5356, train_logit_mse=0.9439, train_feature_mse=0.0012, train_acc=0.8106, alpha=0.381, val_acc=0.7673, val_macro_f1=0.5981, val_weighted_f1=0.7495, lr=0.000317, epoch_time=17.50s
[Epoch 041] train_loss=0.5816, train_hard=0.5786, train_soft=0.5371, train_logit_mse=0.9462, train_feature_mse=0.0012, train_acc=0.8120, alpha=0.387, val_acc=0.7666, val_macro_f1=0.5945, val_weighted_f1=0.7475, lr=0.000300, epoch_time=17.57s
[Epoch 042] train_loss=0.5815, train_hard=0.5808, train_soft=0.5354, train_logit_mse=0.9381, train_feature_mse=0.0012, train_acc=0.8118, alpha=0.394, val_acc=0.7685, val_macro_f1=0.6086, val_weighted_f1=0.7523, lr=0.000283, epoch_time=17.59s
[Epoch 043] train_loss=0.5789, train_hard=0.5759, train_soft=0.5340, train_logit_mse=0.9383, train_feature_mse=0.0012, train_acc=0.8128, alpha=0.400, val_acc=0.7605, val_macro_f1=0.5887, val_weighted_f1=0.7404, lr=0.000266, epoch_time=17.55s
[Epoch 044] train_loss=0.5792, train_hard=0.5809, train_soft=0.5307, train_logit_mse=0.9355, train_feature_mse=0.0012, train_acc=0.8088, alpha=0.407, val_acc=0.7679, val_macro_f1=0.6065, val_weighted_f1=0.7512, lr=0.000250, epoch_time=17.56s
[Epoch 045] train_loss=0.5746, train_hard=0.5748, train_soft=0.5270, train_logit_mse=0.9277, train_feature_mse=0.0012, train_acc=0.8101, alpha=0.413, val_acc=0.7673, val_macro_f1=0.6110, val_weighted_f1=0.7516, lr=0.000234, epoch_time=17.67s
[Epoch 046] train_loss=0.5725, train_hard=0.5726, train_soft=0.5246, train_logit_mse=0.9254, train_feature_mse=0.0012, train_acc=0.8145, alpha=0.419, val_acc=0.7648, val_macro_f1=0.6020, val_weighted_f1=0.7477, lr=0.000218, epoch_time=17.57s
[Epoch 047] train_loss=0.5742, train_hard=0.5718, train_soft=0.5274, train_logit_mse=0.9301, train_feature_mse=0.0012, train_acc=0.8115, alpha=0.425, val_acc=0.7703, val_macro_f1=0.6044, val_weighted_f1=0.7544, lr=0.000202, epoch_time=17.62s
[Epoch 048] train_loss=0.5717, train_hard=0.5726, train_soft=0.5224, train_logit_mse=0.9205, train_feature_mse=0.0011, train_acc=0.8113, alpha=0.431, val_acc=0.7715, val_macro_f1=0.6067, val_weighted_f1=0.7550, lr=0.000187, epoch_time=17.56s
[Epoch 049] train_loss=0.5729, train_hard=0.5710, train_soft=0.5251, train_logit_mse=0.9247, train_feature_mse=0.0011, train_acc=0.8157, alpha=0.437, val_acc=0.7673, val_macro_f1=0.6056, val_weighted_f1=0.7511, lr=0.000173, epoch_time=17.73s
[Epoch 050] train_loss=0.5729, train_hard=0.5736, train_soft=0.5228, train_logit_mse=0.9204, train_feature_mse=0.0011, train_acc=0.8125, alpha=0.442, val_acc=0.7685, val_macro_f1=0.6078, val_weighted_f1=0.7526, lr=0.000159, epoch_time=17.61s
[Epoch 051] train_loss=0.5634, train_hard=0.5621, train_soft=0.5151, train_logit_mse=0.9100, train_feature_mse=0.0011, train_acc=0.8137, alpha=0.447, val_acc=0.7618, val_macro_f1=0.5919, val_weighted_f1=0.7410, lr=0.000145, epoch_time=17.54s
[Epoch 052] train_loss=0.5698, train_hard=0.5701, train_soft=0.5192, train_logit_mse=0.9157, train_feature_mse=0.0011, train_acc=0.8142, alpha=0.452, val_acc=0.7660, val_macro_f1=0.6015, val_weighted_f1=0.7494, lr=0.000132, epoch_time=17.59s
Early stopping triggered.
Loaded best KD student checkpoint for final test evaluation.
Best validation macro-F1: 0.6145
Best epoch: 37
Time to best model: 682.70 seconds
Checkpoint size (MB): 0.095
Student size: small
Teacher used: /users/40370279/csc4006/code/experiments/5__teacher_model_comparison/checkpoints/teacher_medium_seed42.pt
Teacher arch: TeacherCNN
Teacher size: medium
Checkpoint seed: 42
Test accuracy (KD student): 0.7648
Test macro-F1 (KD student): 0.5979
Test weighted-F1 (KD student): 0.7511
Test classification report:
              precision    recall  f1-score   support

           0       0.82      0.66      0.73       184
           1       0.13      0.07      0.09        56
           2       0.83      0.50      0.63       256
           3       0.78      0.92      0.85       912
           4       0.69      0.69      0.69       242

    accuracy                           0.76      1650
   macro avg       0.65      0.57      0.60      1650
weighted avg       0.76      0.76      0.75      1650

Test confusion matrix:
[[122   1   3  50   8]
 [  1   4   2  43   6]
 [  7   1 129  87  32]
 [ 14  15  14 841  28]
 [  4  10   7  55 166]]
Inference latency: 1.4921 ms/sample
Parsed metrics for seed 42:
  Accuracy    = 0.7648
  Macro-F1    = 0.5979
  Weighted-F1 = 0.7511

----- SEED 123 -----
Using device: cuda
Seed: 123
Teacher size: medium
Teacher checkpoint path: /users/40370279/csc4006/code/experiments/5__teacher_model_comparison/checkpoints/teacher_medium_seed123.pt
Deterministic mode: True
Deterministic warn_only: True
Training: batch_size=64, lr=0.0008, epochs=90, patience=18, warmup_epochs=5, min_lr_factor=0.02, weight_decay=0.001, class_weight_gamma=0.2, label_smoothing=0.03, sampler_power=0.35, grad_clip=1.0, num_workers=2, teacher_size=medium, use_weighted_sampler=False, class_weights=True, disable_augmentation=False, ema_decay=0.999
Training set size: 12957
Validation set size: 1637
Test set size: 1650
Number of leads: 12 classes: 5
Classes: ['CD' 'HYP' 'MI' 'NORM' 'STTC']
Training sampler: standard shuffled loader
Trainable parameters: 1335329
Total parameters: 1335329
Estimated model size (MB): 5.122
Class weights: [1.0338018  1.3094392  0.9520142  0.73911804 0.9656268 ]
EMA enabled
[Epoch 001] lr=0.000320, train_loss=0.9709, train_acc=0.7149, val_acc=0.7477, val_macro_f1=0.5474, val_weighted_f1=0.7241, epoch_time=23.77s
  -> Saved best teacher model to /users/40370279/csc4006/code/experiments/5__teacher_model_comparison/checkpoints/teacher_medium_seed123.pt
[Epoch 002] lr=0.000480, train_loss=0.8091, train_acc=0.7752, val_acc=0.7538, val_macro_f1=0.5462, val_weighted_f1=0.7232, epoch_time=22.13s
[Epoch 003] lr=0.000640, train_loss=0.7765, train_acc=0.7871, val_acc=0.7514, val_macro_f1=0.5838, val_weighted_f1=0.7374, epoch_time=22.29s
  -> Saved best teacher model to /users/40370279/csc4006/code/experiments/5__teacher_model_comparison/checkpoints/teacher_medium_seed123.pt
[Epoch 004] lr=0.000800, train_loss=0.7645, train_acc=0.7918, val_acc=0.7593, val_macro_f1=0.5634, val_weighted_f1=0.7393, epoch_time=22.10s
[Epoch 005] lr=0.000800, train_loss=0.7456, train_acc=0.7948, val_acc=0.7605, val_macro_f1=0.6099, val_weighted_f1=0.7538, epoch_time=22.32s
  -> Saved best teacher model to /users/40370279/csc4006/code/experiments/5__teacher_model_comparison/checkpoints/teacher_medium_seed123.pt
[Epoch 006] lr=0.000800, train_loss=0.7214, train_acc=0.8074, val_acc=0.7691, val_macro_f1=0.5743, val_weighted_f1=0.7423, epoch_time=22.22s
[Epoch 007] lr=0.000799, train_loss=0.7071, train_acc=0.8092, val_acc=0.7581, val_macro_f1=0.6267, val_weighted_f1=0.7509, epoch_time=22.04s
  -> Saved best teacher model to /users/40370279/csc4006/code/experiments/5__teacher_model_comparison/checkpoints/teacher_medium_seed123.pt
[Epoch 008] lr=0.000798, train_loss=0.6922, train_acc=0.8111, val_acc=0.7764, val_macro_f1=0.6001, val_weighted_f1=0.7557, epoch_time=22.27s
[Epoch 009] lr=0.000796, train_loss=0.6809, train_acc=0.8167, val_acc=0.7758, val_macro_f1=0.5985, val_weighted_f1=0.7546, epoch_time=22.08s
[Epoch 010] lr=0.000793, train_loss=0.6637, train_acc=0.8210, val_acc=0.7819, val_macro_f1=0.6150, val_weighted_f1=0.7680, epoch_time=22.37s
[Epoch 011] lr=0.000790, train_loss=0.6502, train_acc=0.8270, val_acc=0.7703, val_macro_f1=0.6274, val_weighted_f1=0.7641, epoch_time=22.39s
  -> Saved best teacher model to /users/40370279/csc4006/code/experiments/5__teacher_model_comparison/checkpoints/teacher_medium_seed123.pt
[Epoch 012] lr=0.000787, train_loss=0.6407, train_acc=0.8289, val_acc=0.7770, val_macro_f1=0.6588, val_weighted_f1=0.7735, epoch_time=22.10s
  -> Saved best teacher model to /users/40370279/csc4006/code/experiments/5__teacher_model_comparison/checkpoints/teacher_medium_seed123.pt
[Epoch 013] lr=0.000783, train_loss=0.6245, train_acc=0.8351, val_acc=0.7703, val_macro_f1=0.6284, val_weighted_f1=0.7597, epoch_time=22.44s
[Epoch 014] lr=0.000779, train_loss=0.6131, train_acc=0.8395, val_acc=0.7819, val_macro_f1=0.6314, val_weighted_f1=0.7686, epoch_time=22.08s
[Epoch 015] lr=0.000774, train_loss=0.5960, train_acc=0.8426, val_acc=0.7740, val_macro_f1=0.6529, val_weighted_f1=0.7714, epoch_time=22.37s
[Epoch 016] lr=0.000768, train_loss=0.5822, train_acc=0.8483, val_acc=0.7764, val_macro_f1=0.6387, val_weighted_f1=0.7675, epoch_time=22.37s
[Epoch 017] lr=0.000762, train_loss=0.5791, train_acc=0.8504, val_acc=0.7746, val_macro_f1=0.6366, val_weighted_f1=0.7642, epoch_time=22.14s
[Epoch 018] lr=0.000756, train_loss=0.5575, train_acc=0.8580, val_acc=0.7801, val_macro_f1=0.6555, val_weighted_f1=0.7726, epoch_time=22.14s
[Epoch 019] lr=0.000749, train_loss=0.5440, train_acc=0.8593, val_acc=0.7282, val_macro_f1=0.6360, val_weighted_f1=0.7445, epoch_time=22.21s
[Epoch 020] lr=0.000741, train_loss=0.5245, train_acc=0.8693, val_acc=0.7764, val_macro_f1=0.6615, val_weighted_f1=0.7746, epoch_time=22.14s
  -> Saved best teacher model to /users/40370279/csc4006/code/experiments/5__teacher_model_comparison/checkpoints/teacher_medium_seed123.pt
[Epoch 021] lr=0.000733, train_loss=0.5142, train_acc=0.8725, val_acc=0.7801, val_macro_f1=0.6612, val_weighted_f1=0.7749, epoch_time=22.03s
[Epoch 022] lr=0.000725, train_loss=0.4964, train_acc=0.8779, val_acc=0.7685, val_macro_f1=0.6547, val_weighted_f1=0.7682, epoch_time=22.18s
[Epoch 023] lr=0.000716, train_loss=0.4825, train_acc=0.8845, val_acc=0.7752, val_macro_f1=0.5958, val_weighted_f1=0.7572, epoch_time=22.10s
[Epoch 024] lr=0.000707, train_loss=0.4635, train_acc=0.8942, val_acc=0.7673, val_macro_f1=0.6293, val_weighted_f1=0.7569, epoch_time=22.29s
[Epoch 025] lr=0.000698, train_loss=0.4469, train_acc=0.8991, val_acc=0.7697, val_macro_f1=0.6324, val_weighted_f1=0.7617, epoch_time=22.28s
[Epoch 026] lr=0.000688, train_loss=0.4309, train_acc=0.9057, val_acc=0.7141, val_macro_f1=0.6272, val_weighted_f1=0.7396, epoch_time=22.14s
[Epoch 027] lr=0.000677, train_loss=0.4142, train_acc=0.9093, val_acc=0.7691, val_macro_f1=0.6272, val_weighted_f1=0.7622, epoch_time=22.31s
[Epoch 028] lr=0.000667, train_loss=0.3944, train_acc=0.9182, val_acc=0.7654, val_macro_f1=0.6394, val_weighted_f1=0.7609, epoch_time=22.24s
[Epoch 029] lr=0.000656, train_loss=0.3808, train_acc=0.9237, val_acc=0.7728, val_macro_f1=0.6419, val_weighted_f1=0.7637, epoch_time=22.36s
[Epoch 030] lr=0.000644, train_loss=0.3585, train_acc=0.9326, val_acc=0.7453, val_macro_f1=0.6431, val_weighted_f1=0.7546, epoch_time=22.27s
[Epoch 031] lr=0.000633, train_loss=0.3519, train_acc=0.9359, val_acc=0.7624, val_macro_f1=0.6322, val_weighted_f1=0.7580, epoch_time=22.19s
[Epoch 032] lr=0.000620, train_loss=0.3379, train_acc=0.9410, val_acc=0.7679, val_macro_f1=0.6228, val_weighted_f1=0.7589, epoch_time=21.95s
[Epoch 033] lr=0.000608, train_loss=0.3172, train_acc=0.9491, val_acc=0.7673, val_macro_f1=0.6245, val_weighted_f1=0.7590, epoch_time=22.33s
[Epoch 034] lr=0.000596, train_loss=0.3155, train_acc=0.9497, val_acc=0.7477, val_macro_f1=0.6380, val_weighted_f1=0.7540, epoch_time=22.18s
[Epoch 035] lr=0.000583, train_loss=0.2989, train_acc=0.9547, val_acc=0.7575, val_macro_f1=0.6100, val_weighted_f1=0.7480, epoch_time=22.12s
[Epoch 036] lr=0.000570, train_loss=0.2950, train_acc=0.9558, val_acc=0.7593, val_macro_f1=0.6078, val_weighted_f1=0.7482, epoch_time=22.18s
[Epoch 037] lr=0.000556, train_loss=0.2849, train_acc=0.9600, val_acc=0.7673, val_macro_f1=0.6059, val_weighted_f1=0.7535, epoch_time=22.25s
[Epoch 038] lr=0.000543, train_loss=0.2840, train_acc=0.9604, val_acc=0.7654, val_macro_f1=0.6004, val_weighted_f1=0.7527, epoch_time=22.21s
Early stopping

Loaded best checkpoint for final evaluation.
Best validation macro-F1: 0.6615
Best epoch: 20
Time to best model: 447.43 seconds
Checkpoint size (MB): 5.223
Checkpoint seed: 123
Checkpoint teacher size: medium
Checkpoint teacher arch: TeacherCNN
Test Accuracy: 0.7806
Test Macro-F1: 0.6414
Test Weighted-F1: 0.7773
Classification Report:
              precision    recall  f1-score   support

           0       0.81      0.70      0.75       184
           1       0.18      0.18      0.18        56
           2       0.80      0.65      0.72       256
           3       0.82      0.89      0.86       912
           4       0.71      0.69      0.70       242

    accuracy                           0.78      1650
   macro avg       0.67      0.62      0.64      1650
weighted avg       0.78      0.78      0.78      1650

Confusion Matrix:
[[128   3   5  38  10]
 [  2  10   2  34   8]
 [  6   1 167  63  19]
 [ 16  29  22 815  30]
 [  6  12  13  43 168]]
Inference latency: 6.0474 ms/sample
Using device: cuda
Seed: 123
Deterministic mode: True
Deterministic warn_only: True
KD hyperparameters: alpha_start=0.200, alpha_end=0.500, temperature=4.00, logit_mse_weight=0.030, feature_mse_weight=0.030, class_weight_gamma=0.00, sampler_power=0.35, label_smoothing=0.000, student_size=small
Training: batch_size=64, lr=0.0008, epochs=70, patience=15, weight_decay=0.002, grad_clip=1.0, num_workers=2, disable_augmentation=False, use_weighted_sampler=False
Teacher checkpoint path: /users/40370279/csc4006/code/experiments/5__teacher_model_comparison/checkpoints/teacher_medium_seed123.pt
Student checkpoint path: /users/40370279/csc4006/code/experiments/5__teacher_model_comparison/checkpoints/kd_student_small_medium_teacher_seed123.pt
Training set size: 12957
Validation set size: 1637
Test set size: 1650
Number of leads: 12 classes: 5
Classes: ['CD' 'HYP' 'MI' 'NORM' 'STTC']
Trainable parameters (student): 5897
Total parameters (student): 5897
Estimated model size (MB): 0.024
Teacher pooled dim: 576
Student pooled dim: 18
Class weights: [1. 1. 1. 1. 1.]
Training sampler: standard shuffled loader
[Epoch 001] train_loss=1.4845, train_hard=1.2549, train_soft=1.4489, train_logit_mse=2.4299, train_feature_mse=0.0512, train_acc=0.5184, alpha=0.200, val_acc=0.6255, val_macro_f1=0.2692, val_weighted_f1=0.5279, lr=0.000800, epoch_time=18.77s
  -> New best KD student saved to /users/40370279/csc4006/code/experiments/5__teacher_model_comparison/checkpoints/kd_student_small_medium_teacher_seed123.pt
[Epoch 002] train_loss=1.0784, train_hard=0.9650, train_soft=1.0391, train_logit_mse=1.7737, train_feature_mse=0.0309, train_acc=0.6506, alpha=0.200, val_acc=0.6622, val_macro_f1=0.3425, val_weighted_f1=0.5924, lr=0.000798, epoch_time=17.90s
  -> New best KD student saved to /users/40370279/csc4006/code/experiments/5__teacher_model_comparison/checkpoints/kd_student_small_medium_teacher_seed123.pt
[Epoch 003] train_loss=0.9200, train_hard=0.8697, train_soft=0.8741, train_logit_mse=1.5354, train_feature_mse=0.0228, train_acc=0.6919, alpha=0.201, val_acc=0.6982, val_macro_f1=0.4575, val_weighted_f1=0.6631, lr=0.000796, epoch_time=17.69s
  -> New best KD student saved to /users/40370279/csc4006/code/experiments/5__teacher_model_comparison/checkpoints/kd_student_small_medium_teacher_seed123.pt
[Epoch 004] train_loss=0.8390, train_hard=0.8212, train_soft=0.7899, train_logit_mse=1.4116, train_feature_mse=0.0147, train_acc=0.7180, alpha=0.201, val_acc=0.7208, val_macro_f1=0.5071, val_weighted_f1=0.6962, lr=0.000794, epoch_time=17.66s
  -> New best KD student saved to /users/40370279/csc4006/code/experiments/5__teacher_model_comparison/checkpoints/kd_student_small_medium_teacher_seed123.pt
[Epoch 005] train_loss=0.7634, train_hard=0.7858, train_soft=0.7092, train_logit_mse=1.2816, train_feature_mse=0.0078, train_acc=0.7371, alpha=0.202, val_acc=0.7361, val_macro_f1=0.5330, val_weighted_f1=0.7135, lr=0.000790, epoch_time=17.62s
  -> New best KD student saved to /users/40370279/csc4006/code/experiments/5__teacher_model_comparison/checkpoints/kd_student_small_medium_teacher_seed123.pt
[Epoch 006] train_loss=0.6916, train_hard=0.7562, train_soft=0.6318, train_logit_mse=1.1445, train_feature_mse=0.0036, train_acc=0.7513, alpha=0.204, val_acc=0.7379, val_macro_f1=0.5221, val_weighted_f1=0.7069, lr=0.000786, epoch_time=17.70s
[Epoch 007] train_loss=0.6470, train_hard=0.7345, train_soft=0.5843, train_logit_mse=1.0578, train_feature_mse=0.0026, train_acc=0.7595, alpha=0.206, val_acc=0.7447, val_macro_f1=0.5311, val_weighted_f1=0.7149, lr=0.000781, epoch_time=17.68s
[Epoch 008] train_loss=0.6227, train_hard=0.7251, train_soft=0.5576, train_logit_mse=1.0109, train_feature_mse=0.0023, train_acc=0.7594, alpha=0.208, val_acc=0.7410, val_macro_f1=0.5280, val_weighted_f1=0.7113, lr=0.000775, epoch_time=17.51s
[Epoch 009] train_loss=0.6072, train_hard=0.7106, train_soft=0.5423, train_logit_mse=0.9842, train_feature_mse=0.0021, train_acc=0.7620, alpha=0.210, val_acc=0.7471, val_macro_f1=0.5386, val_weighted_f1=0.7192, lr=0.000768, epoch_time=17.61s
  -> New best KD student saved to /users/40370279/csc4006/code/experiments/5__teacher_model_comparison/checkpoints/kd_student_small_medium_teacher_seed123.pt
[Epoch 010] train_loss=0.5820, train_hard=0.7003, train_soft=0.5145, train_logit_mse=0.9341, train_feature_mse=0.0020, train_acc=0.7702, alpha=0.212, val_acc=0.7483, val_macro_f1=0.5501, val_weighted_f1=0.7249, lr=0.000761, epoch_time=17.61s
  -> New best KD student saved to /users/40370279/csc4006/code/experiments/5__teacher_model_comparison/checkpoints/kd_student_small_medium_teacher_seed123.pt
[Epoch 011] train_loss=0.5729, train_hard=0.6948, train_soft=0.5044, train_logit_mse=0.9149, train_feature_mse=0.0018, train_acc=0.7707, alpha=0.215, val_acc=0.7502, val_macro_f1=0.5512, val_weighted_f1=0.7288, lr=0.000753, epoch_time=17.68s
  -> New best KD student saved to /users/40370279/csc4006/code/experiments/5__teacher_model_comparison/checkpoints/kd_student_small_medium_teacher_seed123.pt
[Epoch 012] train_loss=0.5592, train_hard=0.6845, train_soft=0.4900, train_logit_mse=0.8884, train_feature_mse=0.0017, train_acc=0.7752, alpha=0.218, val_acc=0.7428, val_macro_f1=0.5490, val_weighted_f1=0.7230, lr=0.000744, epoch_time=17.66s
[Epoch 013] train_loss=0.5472, train_hard=0.6761, train_soft=0.4771, train_logit_mse=0.8650, train_feature_mse=0.0017, train_acc=0.7746, alpha=0.222, val_acc=0.7495, val_macro_f1=0.5462, val_weighted_f1=0.7241, lr=0.000735, epoch_time=17.71s
[Epoch 014] train_loss=0.5373, train_hard=0.6678, train_soft=0.4664, train_logit_mse=0.8466, train_feature_mse=0.0016, train_acc=0.7782, alpha=0.226, val_acc=0.7410, val_macro_f1=0.5468, val_weighted_f1=0.7236, lr=0.000725, epoch_time=17.64s
[Epoch 015] train_loss=0.5345, train_hard=0.6703, train_soft=0.4615, train_logit_mse=0.8362, train_feature_mse=0.0016, train_acc=0.7773, alpha=0.229, val_acc=0.7508, val_macro_f1=0.5712, val_weighted_f1=0.7335, lr=0.000714, epoch_time=17.61s
  -> New best KD student saved to /users/40370279/csc4006/code/experiments/5__teacher_model_comparison/checkpoints/kd_student_small_medium_teacher_seed123.pt
[Epoch 016] train_loss=0.5223, train_hard=0.6590, train_soft=0.4487, train_logit_mse=0.8160, train_feature_mse=0.0016, train_acc=0.7834, alpha=0.234, val_acc=0.7489, val_macro_f1=0.5780, val_weighted_f1=0.7336, lr=0.000702, epoch_time=17.61s
  -> New best KD student saved to /users/40370279/csc4006/code/experiments/5__teacher_model_comparison/checkpoints/kd_student_small_medium_teacher_seed123.pt
[Epoch 017] train_loss=0.5186, train_hard=0.6565, train_soft=0.4437, train_logit_mse=0.8063, train_feature_mse=0.0015, train_acc=0.7832, alpha=0.238, val_acc=0.7569, val_macro_f1=0.5640, val_weighted_f1=0.7331, lr=0.000691, epoch_time=17.57s
[Epoch 018] train_loss=0.5049, train_hard=0.6511, train_soft=0.4272, train_logit_mse=0.7779, train_feature_mse=0.0015, train_acc=0.7819, alpha=0.243, val_acc=0.7520, val_macro_f1=0.5666, val_weighted_f1=0.7328, lr=0.000678, epoch_time=17.66s
[Epoch 019] train_loss=0.4960, train_hard=0.6381, train_soft=0.4187, train_logit_mse=0.7629, train_feature_mse=0.0015, train_acc=0.7881, alpha=0.248, val_acc=0.7611, val_macro_f1=0.5892, val_weighted_f1=0.7453, lr=0.000665, epoch_time=17.62s
  -> New best KD student saved to /users/40370279/csc4006/code/experiments/5__teacher_model_comparison/checkpoints/kd_student_small_medium_teacher_seed123.pt
[Epoch 020] train_loss=0.4975, train_hard=0.6440, train_soft=0.4173, train_logit_mse=0.7623, train_feature_mse=0.0014, train_acc=0.7868, alpha=0.253, val_acc=0.7581, val_macro_f1=0.5834, val_weighted_f1=0.7402, lr=0.000651, epoch_time=17.68s
[Epoch 021] train_loss=0.4936, train_hard=0.6440, train_soft=0.4109, train_logit_mse=0.7494, train_feature_mse=0.0014, train_acc=0.7861, alpha=0.258, val_acc=0.7624, val_macro_f1=0.5903, val_weighted_f1=0.7454, lr=0.000637, epoch_time=17.56s
  -> New best KD student saved to /users/40370279/csc4006/code/experiments/5__teacher_model_comparison/checkpoints/kd_student_small_medium_teacher_seed123.pt
[Epoch 022] train_loss=0.4894, train_hard=0.6357, train_soft=0.4067, train_logit_mse=0.7439, train_feature_mse=0.0014, train_acc=0.7896, alpha=0.263, val_acc=0.7544, val_macro_f1=0.5688, val_weighted_f1=0.7331, lr=0.000623, epoch_time=17.63s
[Epoch 023] train_loss=0.4806, train_hard=0.6302, train_soft=0.3957, train_logit_mse=0.7235, train_feature_mse=0.0013, train_acc=0.7885, alpha=0.269, val_acc=0.7587, val_macro_f1=0.5823, val_weighted_f1=0.7373, lr=0.000608, epoch_time=17.59s
[Epoch 024] train_loss=0.4835, train_hard=0.6324, train_soft=0.3970, train_logit_mse=0.7259, train_feature_mse=0.0013, train_acc=0.7924, alpha=0.275, val_acc=0.7563, val_macro_f1=0.5838, val_weighted_f1=0.7391, lr=0.000592, epoch_time=17.68s
[Epoch 025] train_loss=0.4831, train_hard=0.6296, train_soft=0.3956, train_logit_mse=0.7241, train_feature_mse=0.0013, train_acc=0.7925, alpha=0.281, val_acc=0.7569, val_macro_f1=0.5913, val_weighted_f1=0.7374, lr=0.000576, epoch_time=17.62s
  -> New best KD student saved to /users/40370279/csc4006/code/experiments/5__teacher_model_comparison/checkpoints/kd_student_small_medium_teacher_seed123.pt
[Epoch 026] train_loss=0.4786, train_hard=0.6268, train_soft=0.3888, train_logit_mse=0.7135, train_feature_mse=0.0012, train_acc=0.7904, alpha=0.287, val_acc=0.7599, val_macro_f1=0.6079, val_weighted_f1=0.7484, lr=0.000560, epoch_time=17.78s
  -> New best KD student saved to /users/40370279/csc4006/code/experiments/5__teacher_model_comparison/checkpoints/kd_student_small_medium_teacher_seed123.pt
[Epoch 027] train_loss=0.4782, train_hard=0.6244, train_soft=0.3873, train_logit_mse=0.7096, train_feature_mse=0.0012, train_acc=0.7928, alpha=0.293, val_acc=0.7611, val_macro_f1=0.6184, val_weighted_f1=0.7521, lr=0.000544, epoch_time=17.52s
  -> New best KD student saved to /users/40370279/csc4006/code/experiments/5__teacher_model_comparison/checkpoints/kd_student_small_medium_teacher_seed123.pt
[Epoch 028] train_loss=0.4766, train_hard=0.6220, train_soft=0.3841, train_logit_mse=0.7034, train_feature_mse=0.0012, train_acc=0.7927, alpha=0.300, val_acc=0.7636, val_macro_f1=0.6049, val_weighted_f1=0.7497, lr=0.000527, epoch_time=17.55s
[Epoch 029] train_loss=0.4710, train_hard=0.6164, train_soft=0.3769, train_logit_mse=0.6919, train_feature_mse=0.0012, train_acc=0.7912, alpha=0.306, val_acc=0.7618, val_macro_f1=0.5913, val_weighted_f1=0.7444, lr=0.000510, epoch_time=17.69s
[Epoch 030] train_loss=0.4693, train_hard=0.6157, train_soft=0.3727, train_logit_mse=0.6842, train_feature_mse=0.0011, train_acc=0.7947, alpha=0.313, val_acc=0.7605, val_macro_f1=0.5936, val_weighted_f1=0.7448, lr=0.000493, epoch_time=17.51s
[Epoch 031] train_loss=0.4734, train_hard=0.6152, train_soft=0.3763, train_logit_mse=0.6910, train_feature_mse=0.0011, train_acc=0.7975, alpha=0.319, val_acc=0.7660, val_macro_f1=0.5939, val_weighted_f1=0.7456, lr=0.000476, epoch_time=17.60s
[Epoch 032] train_loss=0.4698, train_hard=0.6122, train_soft=0.3705, train_logit_mse=0.6822, train_feature_mse=0.0011, train_acc=0.7969, alpha=0.326, val_acc=0.7557, val_macro_f1=0.5809, val_weighted_f1=0.7355, lr=0.000458, epoch_time=17.60s
[Epoch 033] train_loss=0.4680, train_hard=0.6075, train_soft=0.3679, train_logit_mse=0.6774, train_feature_mse=0.0011, train_acc=0.7965, alpha=0.333, val_acc=0.7679, val_macro_f1=0.6088, val_weighted_f1=0.7518, lr=0.000440, epoch_time=17.60s
[Epoch 034] train_loss=0.4695, train_hard=0.6102, train_soft=0.3664, train_logit_mse=0.6745, train_feature_mse=0.0011, train_acc=0.7957, alpha=0.340, val_acc=0.7624, val_macro_f1=0.5890, val_weighted_f1=0.7444, lr=0.000423, epoch_time=17.58s
[Epoch 035] train_loss=0.4659, train_hard=0.6081, train_soft=0.3599, train_logit_mse=0.6634, train_feature_mse=0.0011, train_acc=0.7948, alpha=0.347, val_acc=0.7648, val_macro_f1=0.5975, val_weighted_f1=0.7488, lr=0.000405, epoch_time=17.63s
[Epoch 036] train_loss=0.4685, train_hard=0.6051, train_soft=0.3627, train_logit_mse=0.6696, train_feature_mse=0.0011, train_acc=0.7984, alpha=0.353, val_acc=0.7575, val_macro_f1=0.5872, val_weighted_f1=0.7401, lr=0.000387, epoch_time=17.61s
[Epoch 037] train_loss=0.4688, train_hard=0.6075, train_soft=0.3595, train_logit_mse=0.6631, train_feature_mse=0.0010, train_acc=0.7996, alpha=0.360, val_acc=0.7581, val_macro_f1=0.6002, val_weighted_f1=0.7451, lr=0.000370, epoch_time=17.62s
[Epoch 038] train_loss=0.4646, train_hard=0.5967, train_soft=0.3568, train_logit_mse=0.6583, train_feature_mse=0.0010, train_acc=0.7997, alpha=0.367, val_acc=0.7666, val_macro_f1=0.6020, val_weighted_f1=0.7536, lr=0.000352, epoch_time=17.67s
[Epoch 039] train_loss=0.4732, train_hard=0.6048, train_soft=0.3626, train_logit_mse=0.6677, train_feature_mse=0.0010, train_acc=0.7988, alpha=0.374, val_acc=0.7618, val_macro_f1=0.5922, val_weighted_f1=0.7451, lr=0.000334, epoch_time=17.56s
[Epoch 040] train_loss=0.4616, train_hard=0.5906, train_soft=0.3510, train_logit_mse=0.6485, train_feature_mse=0.0010, train_acc=0.8033, alpha=0.381, val_acc=0.7624, val_macro_f1=0.5928, val_weighted_f1=0.7463, lr=0.000317, epoch_time=17.62s
[Epoch 041] train_loss=0.4695, train_hard=0.5977, train_soft=0.3563, train_logit_mse=0.6582, train_feature_mse=0.0010, train_acc=0.8000, alpha=0.387, val_acc=0.7666, val_macro_f1=0.5997, val_weighted_f1=0.7499, lr=0.000300, epoch_time=17.61s
[Epoch 042] train_loss=0.4694, train_hard=0.6003, train_soft=0.3522, train_logit_mse=0.6494, train_feature_mse=0.0010, train_acc=0.8003, alpha=0.394, val_acc=0.7685, val_macro_f1=0.5996, val_weighted_f1=0.7513, lr=0.000283, epoch_time=17.63s
Early stopping triggered.
Loaded best KD student checkpoint for final test evaluation.
Best validation macro-F1: 0.6184
Best epoch: 27
Time to best model: 480.98 seconds
Checkpoint size (MB): 0.095
Student size: small
Teacher used: /users/40370279/csc4006/code/experiments/5__teacher_model_comparison/checkpoints/teacher_medium_seed123.pt
Teacher arch: TeacherCNN
Teacher size: medium
Checkpoint seed: 123
Test accuracy (KD student): 0.7600
Test macro-F1 (KD student): 0.5966
Test weighted-F1 (KD student): 0.7503
Test classification report:
              precision    recall  f1-score   support

           0       0.77      0.69      0.73       184
           1       0.14      0.09      0.11        56
           2       0.71      0.55      0.62       256
           3       0.81      0.90      0.85       912
           4       0.69      0.67      0.68       242

    accuracy                           0.76      1650
   macro avg       0.62      0.58      0.60      1650
weighted avg       0.75      0.76      0.75      1650

Test confusion matrix:
[[127   1   7  46   3]
 [  3   5   2  40   6]
 [ 13   3 140  72  28]
 [ 16  13  28 821  34]
 [  6  15  20  40 161]]
Inference latency: 1.4687 ms/sample
Parsed metrics for seed 123:
  Accuracy    = 0.7600
  Macro-F1    = 0.5966
  Weighted-F1 = 0.7503

----- SEED 999 -----
Using device: cuda
Seed: 999
Teacher size: medium
Teacher checkpoint path: /users/40370279/csc4006/code/experiments/5__teacher_model_comparison/checkpoints/teacher_medium_seed999.pt
Deterministic mode: True
Deterministic warn_only: True
Training: batch_size=64, lr=0.0008, epochs=90, patience=18, warmup_epochs=5, min_lr_factor=0.02, weight_decay=0.001, class_weight_gamma=0.2, label_smoothing=0.03, sampler_power=0.35, grad_clip=1.0, num_workers=2, teacher_size=medium, use_weighted_sampler=False, class_weights=True, disable_augmentation=False, ema_decay=0.999
Training set size: 12957
Validation set size: 1637
Test set size: 1650
Number of leads: 12 classes: 5
Classes: ['CD' 'HYP' 'MI' 'NORM' 'STTC']
Training sampler: standard shuffled loader
Trainable parameters: 1335329
Total parameters: 1335329
Estimated model size (MB): 5.122
Class weights: [1.0338018  1.3094392  0.9520142  0.73911804 0.9656268 ]
EMA enabled
[Epoch 001] lr=0.000320, train_loss=0.9638, train_acc=0.7156, val_acc=0.7581, val_macro_f1=0.5671, val_weighted_f1=0.7409, epoch_time=25.07s
  -> Saved best teacher model to /users/40370279/csc4006/code/experiments/5__teacher_model_comparison/checkpoints/teacher_medium_seed999.pt
[Epoch 002] lr=0.000480, train_loss=0.8125, train_acc=0.7729, val_acc=0.7648, val_macro_f1=0.5651, val_weighted_f1=0.7391, epoch_time=22.07s
[Epoch 003] lr=0.000640, train_loss=0.7912, train_acc=0.7797, val_acc=0.7770, val_macro_f1=0.5854, val_weighted_f1=0.7566, epoch_time=22.36s
  -> Saved best teacher model to /users/40370279/csc4006/code/experiments/5__teacher_model_comparison/checkpoints/teacher_medium_seed999.pt
[Epoch 004] lr=0.000800, train_loss=0.7695, train_acc=0.7875, val_acc=0.7599, val_macro_f1=0.6026, val_weighted_f1=0.7491, epoch_time=22.70s
  -> Saved best teacher model to /users/40370279/csc4006/code/experiments/5__teacher_model_comparison/checkpoints/teacher_medium_seed999.pt
[Epoch 005] lr=0.000800, train_loss=0.7498, train_acc=0.7949, val_acc=0.7636, val_macro_f1=0.5588, val_weighted_f1=0.7380, epoch_time=22.26s
[Epoch 006] lr=0.000800, train_loss=0.7332, train_acc=0.7972, val_acc=0.7819, val_macro_f1=0.5885, val_weighted_f1=0.7602, epoch_time=22.14s
[Epoch 007] lr=0.000799, train_loss=0.7165, train_acc=0.8022, val_acc=0.7660, val_macro_f1=0.5803, val_weighted_f1=0.7450, epoch_time=22.10s
[Epoch 008] lr=0.000798, train_loss=0.6979, train_acc=0.8115, val_acc=0.7838, val_macro_f1=0.6191, val_weighted_f1=0.7643, epoch_time=22.41s
  -> Saved best teacher model to /users/40370279/csc4006/code/experiments/5__teacher_model_comparison/checkpoints/teacher_medium_seed999.pt
[Epoch 009] lr=0.000796, train_loss=0.6768, train_acc=0.8182, val_acc=0.7685, val_macro_f1=0.5887, val_weighted_f1=0.7439, epoch_time=22.32s
[Epoch 010] lr=0.000793, train_loss=0.6690, train_acc=0.8191, val_acc=0.7825, val_macro_f1=0.6159, val_weighted_f1=0.7636, epoch_time=22.17s
[Epoch 011] lr=0.000790, train_loss=0.6544, train_acc=0.8238, val_acc=0.7874, val_macro_f1=0.6326, val_weighted_f1=0.7735, epoch_time=22.11s
  -> Saved best teacher model to /users/40370279/csc4006/code/experiments/5__teacher_model_comparison/checkpoints/teacher_medium_seed999.pt
[Epoch 012] lr=0.000787, train_loss=0.6390, train_acc=0.8270, val_acc=0.7666, val_macro_f1=0.5616, val_weighted_f1=0.7387, epoch_time=22.08s
[Epoch 013] lr=0.000783, train_loss=0.6330, train_acc=0.8295, val_acc=0.7801, val_macro_f1=0.6328, val_weighted_f1=0.7713, epoch_time=22.06s
  -> Saved best teacher model to /users/40370279/csc4006/code/experiments/5__teacher_model_comparison/checkpoints/teacher_medium_seed999.pt
[Epoch 014] lr=0.000779, train_loss=0.6180, train_acc=0.8374, val_acc=0.7624, val_macro_f1=0.6410, val_weighted_f1=0.7602, epoch_time=22.13s
  -> Saved best teacher model to /users/40370279/csc4006/code/experiments/5__teacher_model_comparison/checkpoints/teacher_medium_seed999.pt
[Epoch 015] lr=0.000774, train_loss=0.6085, train_acc=0.8378, val_acc=0.7636, val_macro_f1=0.6343, val_weighted_f1=0.7586, epoch_time=22.08s
[Epoch 016] lr=0.000768, train_loss=0.5901, train_acc=0.8429, val_acc=0.7770, val_macro_f1=0.6461, val_weighted_f1=0.7688, epoch_time=22.44s
  -> Saved best teacher model to /users/40370279/csc4006/code/experiments/5__teacher_model_comparison/checkpoints/teacher_medium_seed999.pt
[Epoch 017] lr=0.000762, train_loss=0.5804, train_acc=0.8478, val_acc=0.7117, val_macro_f1=0.6276, val_weighted_f1=0.7365, epoch_time=21.94s
[Epoch 018] lr=0.000756, train_loss=0.5728, train_acc=0.8524, val_acc=0.7715, val_macro_f1=0.6384, val_weighted_f1=0.7630, epoch_time=21.90s
[Epoch 019] lr=0.000749, train_loss=0.5558, train_acc=0.8561, val_acc=0.7715, val_macro_f1=0.6436, val_weighted_f1=0.7632, epoch_time=22.29s
[Epoch 020] lr=0.000741, train_loss=0.5427, train_acc=0.8615, val_acc=0.7685, val_macro_f1=0.6104, val_weighted_f1=0.7560, epoch_time=22.14s
[Epoch 021] lr=0.000733, train_loss=0.5268, train_acc=0.8642, val_acc=0.7819, val_macro_f1=0.6484, val_weighted_f1=0.7737, epoch_time=22.26s
  -> Saved best teacher model to /users/40370279/csc4006/code/experiments/5__teacher_model_comparison/checkpoints/teacher_medium_seed999.pt
[Epoch 022] lr=0.000725, train_loss=0.5127, train_acc=0.8740, val_acc=0.7673, val_macro_f1=0.6469, val_weighted_f1=0.7619, epoch_time=22.07s
[Epoch 023] lr=0.000716, train_loss=0.4996, train_acc=0.8794, val_acc=0.7624, val_macro_f1=0.6426, val_weighted_f1=0.7566, epoch_time=22.10s
[Epoch 024] lr=0.000707, train_loss=0.4781, train_acc=0.8853, val_acc=0.7673, val_macro_f1=0.6415, val_weighted_f1=0.7581, epoch_time=21.94s
[Epoch 025] lr=0.000698, train_loss=0.4605, train_acc=0.8946, val_acc=0.7502, val_macro_f1=0.6362, val_weighted_f1=0.7520, epoch_time=22.07s
[Epoch 026] lr=0.000688, train_loss=0.4457, train_acc=0.8977, val_acc=0.7605, val_macro_f1=0.6451, val_weighted_f1=0.7580, epoch_time=21.87s
[Epoch 027] lr=0.000677, train_loss=0.4349, train_acc=0.9034, val_acc=0.7605, val_macro_f1=0.6489, val_weighted_f1=0.7618, epoch_time=21.84s
  -> Saved best teacher model to /users/40370279/csc4006/code/experiments/5__teacher_model_comparison/checkpoints/teacher_medium_seed999.pt
[Epoch 028] lr=0.000667, train_loss=0.4136, train_acc=0.9099, val_acc=0.7624, val_macro_f1=0.6493, val_weighted_f1=0.7620, epoch_time=21.98s
  -> Saved best teacher model to /users/40370279/csc4006/code/experiments/5__teacher_model_comparison/checkpoints/teacher_medium_seed999.pt
[Epoch 029] lr=0.000656, train_loss=0.4026, train_acc=0.9154, val_acc=0.7587, val_macro_f1=0.6431, val_weighted_f1=0.7588, epoch_time=22.35s
[Epoch 030] lr=0.000644, train_loss=0.3817, train_acc=0.9231, val_acc=0.7538, val_macro_f1=0.6516, val_weighted_f1=0.7582, epoch_time=22.06s
  -> Saved best teacher model to /users/40370279/csc4006/code/experiments/5__teacher_model_comparison/checkpoints/teacher_medium_seed999.pt
[Epoch 031] lr=0.000633, train_loss=0.3700, train_acc=0.9282, val_acc=0.7618, val_macro_f1=0.6331, val_weighted_f1=0.7548, epoch_time=22.02s
[Epoch 032] lr=0.000620, train_loss=0.3507, train_acc=0.9349, val_acc=0.7679, val_macro_f1=0.6398, val_weighted_f1=0.7621, epoch_time=22.11s
[Epoch 033] lr=0.000608, train_loss=0.3413, train_acc=0.9386, val_acc=0.7508, val_macro_f1=0.6337, val_weighted_f1=0.7522, epoch_time=22.27s
[Epoch 034] lr=0.000596, train_loss=0.3254, train_acc=0.9457, val_acc=0.7605, val_macro_f1=0.6335, val_weighted_f1=0.7586, epoch_time=22.27s
[Epoch 035] lr=0.000583, train_loss=0.3196, train_acc=0.9454, val_acc=0.7636, val_macro_f1=0.6064, val_weighted_f1=0.7496, epoch_time=22.51s
[Epoch 036] lr=0.000570, train_loss=0.3039, train_acc=0.9525, val_acc=0.7660, val_macro_f1=0.6162, val_weighted_f1=0.7565, epoch_time=22.16s
[Epoch 037] lr=0.000556, train_loss=0.2992, train_acc=0.9557, val_acc=0.7587, val_macro_f1=0.6133, val_weighted_f1=0.7514, epoch_time=21.95s
[Epoch 038] lr=0.000543, train_loss=0.2844, train_acc=0.9613, val_acc=0.7611, val_macro_f1=0.6083, val_weighted_f1=0.7469, epoch_time=22.18s
[Epoch 039] lr=0.000529, train_loss=0.2812, train_acc=0.9628, val_acc=0.7434, val_macro_f1=0.6191, val_weighted_f1=0.7423, epoch_time=22.22s
[Epoch 040] lr=0.000515, train_loss=0.2752, train_acc=0.9643, val_acc=0.7605, val_macro_f1=0.6215, val_weighted_f1=0.7537, epoch_time=22.02s
[Epoch 041] lr=0.000501, train_loss=0.2646, train_acc=0.9683, val_acc=0.7618, val_macro_f1=0.5962, val_weighted_f1=0.7473, epoch_time=22.29s
[Epoch 042] lr=0.000487, train_loss=0.2601, train_acc=0.9716, val_acc=0.7447, val_macro_f1=0.6060, val_weighted_f1=0.7398, epoch_time=22.12s
[Epoch 043] lr=0.000473, train_loss=0.2505, train_acc=0.9728, val_acc=0.7624, val_macro_f1=0.6037, val_weighted_f1=0.7513, epoch_time=22.05s
[Epoch 044] lr=0.000459, train_loss=0.2486, train_acc=0.9755, val_acc=0.7575, val_macro_f1=0.6139, val_weighted_f1=0.7449, epoch_time=21.97s
[Epoch 045] lr=0.000444, train_loss=0.2388, train_acc=0.9780, val_acc=0.7624, val_macro_f1=0.6036, val_weighted_f1=0.7522, epoch_time=22.39s
[Epoch 046] lr=0.000430, train_loss=0.2354, train_acc=0.9788, val_acc=0.7624, val_macro_f1=0.6063, val_weighted_f1=0.7504, epoch_time=22.13s
[Epoch 047] lr=0.000415, train_loss=0.2294, train_acc=0.9828, val_acc=0.7679, val_macro_f1=0.5894, val_weighted_f1=0.7490, epoch_time=22.50s
[Epoch 048] lr=0.000401, train_loss=0.2234, train_acc=0.9845, val_acc=0.7550, val_macro_f1=0.6043, val_weighted_f1=0.7423, epoch_time=22.22s
Early stopping

Loaded best checkpoint for final evaluation.
Best validation macro-F1: 0.6516
Best epoch: 30
Time to best model: 674.15 seconds
Checkpoint size (MB): 5.223
Checkpoint seed: 999
Checkpoint teacher size: medium
Checkpoint teacher arch: TeacherCNN
Test Accuracy: 0.7697
Test Macro-F1: 0.6391
Test Weighted-F1: 0.7727
Classification Report:
              precision    recall  f1-score   support

           0       0.78      0.71      0.74       184
           1       0.16      0.25      0.20        56
           2       0.77      0.67      0.71       256
           3       0.83      0.87      0.85       912
           4       0.73      0.65      0.69       242

    accuracy                           0.77      1650
   macro avg       0.65      0.63      0.64      1650
weighted avg       0.78      0.77      0.77      1650

Confusion Matrix:
[[131   7   6  34   6]
 [  7  14   0  28   7]
 [  6   6 171  52  21]
 [ 19  45  29 796  23]
 [  6  15  17  46 158]]
Inference latency: 6.3305 ms/sample
Using device: cuda
Seed: 999
Deterministic mode: True
Deterministic warn_only: True
KD hyperparameters: alpha_start=0.200, alpha_end=0.500, temperature=4.00, logit_mse_weight=0.030, feature_mse_weight=0.030, class_weight_gamma=0.00, sampler_power=0.35, label_smoothing=0.000, student_size=small
Training: batch_size=64, lr=0.0008, epochs=70, patience=15, weight_decay=0.002, grad_clip=1.0, num_workers=2, disable_augmentation=False, use_weighted_sampler=False
Teacher checkpoint path: /users/40370279/csc4006/code/experiments/5__teacher_model_comparison/checkpoints/teacher_medium_seed999.pt
Student checkpoint path: /users/40370279/csc4006/code/experiments/5__teacher_model_comparison/checkpoints/kd_student_small_medium_teacher_seed999.pt
Training set size: 12957
Validation set size: 1637
Test set size: 1650
Number of leads: 12 classes: 5
Classes: ['CD' 'HYP' 'MI' 'NORM' 'STTC']
Trainable parameters (student): 5897
Total parameters (student): 5897
Estimated model size (MB): 0.024
Teacher pooled dim: 576
Student pooled dim: 18
Class weights: [1. 1. 1. 1. 1.]
Training sampler: standard shuffled loader
[Epoch 001] train_loss=2.0309, train_hard=1.3392, train_soft=2.0748, train_logit_mse=3.3875, train_feature_mse=0.0526, train_acc=0.4466, alpha=0.200, val_acc=0.6200, val_macro_f1=0.3024, val_weighted_f1=0.5352, lr=0.000800, epoch_time=18.93s
  -> New best KD student saved to /users/40370279/csc4006/code/experiments/5__teacher_model_comparison/checkpoints/kd_student_small_medium_teacher_seed999.pt
[Epoch 002] train_loss=1.4536, train_hard=1.0092, train_soft=1.4718, train_logit_mse=2.4511, train_feature_mse=0.0297, train_acc=0.6367, alpha=0.200, val_acc=0.6347, val_macro_f1=0.3244, val_weighted_f1=0.5449, lr=0.000798, epoch_time=17.71s
  -> New best KD student saved to /users/40370279/csc4006/code/experiments/5__teacher_model_comparison/checkpoints/kd_student_small_medium_teacher_seed999.pt
[Epoch 003] train_loss=1.2545, train_hard=0.8957, train_soft=1.2644, train_logit_mse=2.1176, train_feature_mse=0.0184, train_acc=0.6891, alpha=0.201, val_acc=0.6848, val_macro_f1=0.4339, val_weighted_f1=0.6288, lr=0.000796, epoch_time=17.67s
  -> New best KD student saved to /users/40370279/csc4006/code/experiments/5__teacher_model_comparison/checkpoints/kd_student_small_medium_teacher_seed999.pt
[Epoch 004] train_loss=1.0822, train_hard=0.7986, train_soft=1.0847, train_logit_mse=1.8270, train_feature_mse=0.0109, train_acc=0.7329, alpha=0.201, val_acc=0.7208, val_macro_f1=0.5029, val_weighted_f1=0.6920, lr=0.000794, epoch_time=17.73s
  -> New best KD student saved to /users/40370279/csc4006/code/experiments/5__teacher_model_comparison/checkpoints/kd_student_small_medium_teacher_seed999.pt
[Epoch 005] train_loss=1.0053, train_hard=0.7674, train_soft=1.0021, train_logit_mse=1.6824, train_feature_mse=0.0069, train_acc=0.7443, alpha=0.202, val_acc=0.7221, val_macro_f1=0.4979, val_weighted_f1=0.6860, lr=0.000790, epoch_time=17.71s
[Epoch 006] train_loss=0.9590, train_hard=0.7454, train_soft=0.9532, train_logit_mse=1.6009, train_feature_mse=0.0042, train_acc=0.7536, alpha=0.204, val_acc=0.7349, val_macro_f1=0.5359, val_weighted_f1=0.7158, lr=0.000786, epoch_time=17.60s
  -> New best KD student saved to /users/40370279/csc4006/code/experiments/5__teacher_model_comparison/checkpoints/kd_student_small_medium_teacher_seed999.pt
[Epoch 007] train_loss=0.9321, train_hard=0.7341, train_soft=0.9246, train_logit_mse=1.5532, train_feature_mse=0.0030, train_acc=0.7556, alpha=0.206, val_acc=0.7404, val_macro_f1=0.5295, val_weighted_f1=0.7103, lr=0.000781, epoch_time=17.67s
[Epoch 008] train_loss=0.9111, train_hard=0.7219, train_soft=0.9031, train_logit_mse=1.5169, train_feature_mse=0.0025, train_acc=0.7592, alpha=0.208, val_acc=0.7416, val_macro_f1=0.5359, val_weighted_f1=0.7168, lr=0.000775, epoch_time=17.72s
  -> New best KD student saved to /users/40370279/csc4006/code/experiments/5__teacher_model_comparison/checkpoints/kd_student_small_medium_teacher_seed999.pt
[Epoch 009] train_loss=0.8874, train_hard=0.7031, train_soft=0.8801, train_logit_mse=1.4775, train_feature_mse=0.0022, train_acc=0.7691, alpha=0.210, val_acc=0.7514, val_macro_f1=0.5547, val_weighted_f1=0.7297, lr=0.000768, epoch_time=17.48s
  -> New best KD student saved to /users/40370279/csc4006/code/experiments/5__teacher_model_comparison/checkpoints/kd_student_small_medium_teacher_seed999.pt
[Epoch 010] train_loss=0.8754, train_hard=0.7039, train_soft=0.8663, train_logit_mse=1.4523, train_feature_mse=0.0021, train_acc=0.7663, alpha=0.212, val_acc=0.7471, val_macro_f1=0.5442, val_weighted_f1=0.7213, lr=0.000761, epoch_time=17.55s
[Epoch 011] train_loss=0.8719, train_hard=0.7031, train_soft=0.8629, train_logit_mse=1.4467, train_feature_mse=0.0020, train_acc=0.7662, alpha=0.215, val_acc=0.7538, val_macro_f1=0.5573, val_weighted_f1=0.7316, lr=0.000753, epoch_time=17.62s
  -> New best KD student saved to /users/40370279/csc4006/code/experiments/5__teacher_model_comparison/checkpoints/kd_student_small_medium_teacher_seed999.pt
[Epoch 012] train_loss=0.8498, train_hard=0.6877, train_soft=0.8408, train_logit_mse=1.4131, train_feature_mse=0.0019, train_acc=0.7742, alpha=0.218, val_acc=0.7471, val_macro_f1=0.5415, val_weighted_f1=0.7188, lr=0.000744, epoch_time=17.67s
[Epoch 013] train_loss=0.8417, train_hard=0.6845, train_soft=0.8326, train_logit_mse=1.3957, train_feature_mse=0.0018, train_acc=0.7769, alpha=0.222, val_acc=0.7440, val_macro_f1=0.5388, val_weighted_f1=0.7175, lr=0.000735, epoch_time=17.71s
[Epoch 014] train_loss=0.8363, train_hard=0.6837, train_soft=0.8270, train_logit_mse=1.3843, train_feature_mse=0.0018, train_acc=0.7790, alpha=0.226, val_acc=0.7550, val_macro_f1=0.5523, val_weighted_f1=0.7293, lr=0.000725, epoch_time=17.66s
[Epoch 015] train_loss=0.8166, train_hard=0.6693, train_soft=0.8075, train_logit_mse=1.3586, train_feature_mse=0.0017, train_acc=0.7800, alpha=0.229, val_acc=0.7557, val_macro_f1=0.5610, val_weighted_f1=0.7333, lr=0.000714, epoch_time=17.67s
  -> New best KD student saved to /users/40370279/csc4006/code/experiments/5__teacher_model_comparison/checkpoints/kd_student_small_medium_teacher_seed999.pt
[Epoch 016] train_loss=0.8092, train_hard=0.6688, train_soft=0.7992, train_logit_mse=1.3454, train_feature_mse=0.0017, train_acc=0.7824, alpha=0.234, val_acc=0.7526, val_macro_f1=0.5451, val_weighted_f1=0.7223, lr=0.000702, epoch_time=17.77s
[Epoch 017] train_loss=0.7920, train_hard=0.6567, train_soft=0.7823, train_logit_mse=1.3180, train_feature_mse=0.0017, train_acc=0.7873, alpha=0.238, val_acc=0.7404, val_macro_f1=0.5269, val_weighted_f1=0.7069, lr=0.000691, epoch_time=17.67s
[Epoch 018] train_loss=0.7810, train_hard=0.6535, train_soft=0.7704, train_logit_mse=1.2962, train_feature_mse=0.0016, train_acc=0.7864, alpha=0.243, val_acc=0.7544, val_macro_f1=0.5486, val_weighted_f1=0.7265, lr=0.000678, epoch_time=17.54s
[Epoch 019] train_loss=0.7756, train_hard=0.6530, train_soft=0.7645, train_logit_mse=1.2879, train_feature_mse=0.0016, train_acc=0.7891, alpha=0.248, val_acc=0.7495, val_macro_f1=0.5373, val_weighted_f1=0.7149, lr=0.000665, epoch_time=17.58s
[Epoch 020] train_loss=0.7682, train_hard=0.6480, train_soft=0.7574, train_logit_mse=1.2783, train_feature_mse=0.0016, train_acc=0.7858, alpha=0.253, val_acc=0.7575, val_macro_f1=0.5616, val_weighted_f1=0.7348, lr=0.000651, epoch_time=17.64s
  -> New best KD student saved to /users/40370279/csc4006/code/experiments/5__teacher_model_comparison/checkpoints/kd_student_small_medium_teacher_seed999.pt
[Epoch 021] train_loss=0.7617, train_hard=0.6466, train_soft=0.7504, train_logit_mse=1.2668, train_feature_mse=0.0016, train_acc=0.7888, alpha=0.258, val_acc=0.7544, val_macro_f1=0.5489, val_weighted_f1=0.7255, lr=0.000637, epoch_time=17.59s
[Epoch 022] train_loss=0.7606, train_hard=0.6411, train_soft=0.7517, train_logit_mse=1.2687, train_feature_mse=0.0016, train_acc=0.7899, alpha=0.263, val_acc=0.7550, val_macro_f1=0.5500, val_weighted_f1=0.7260, lr=0.000623, epoch_time=17.58s
[Epoch 023] train_loss=0.7506, train_hard=0.6413, train_soft=0.7396, train_logit_mse=1.2479, train_feature_mse=0.0015, train_acc=0.7876, alpha=0.269, val_acc=0.7624, val_macro_f1=0.5645, val_weighted_f1=0.7363, lr=0.000608, epoch_time=17.47s
  -> New best KD student saved to /users/40370279/csc4006/code/experiments/5__teacher_model_comparison/checkpoints/kd_student_small_medium_teacher_seed999.pt
[Epoch 024] train_loss=0.7398, train_hard=0.6343, train_soft=0.7288, train_logit_mse=1.2303, train_feature_mse=0.0015, train_acc=0.7912, alpha=0.275, val_acc=0.7520, val_macro_f1=0.5484, val_weighted_f1=0.7243, lr=0.000592, epoch_time=17.61s
[Epoch 025] train_loss=0.7324, train_hard=0.6285, train_soft=0.7220, train_logit_mse=1.2200, train_feature_mse=0.0015, train_acc=0.7938, alpha=0.281, val_acc=0.7575, val_macro_f1=0.5578, val_weighted_f1=0.7317, lr=0.000576, epoch_time=17.69s
[Epoch 026] train_loss=0.7195, train_hard=0.6251, train_soft=0.7072, train_logit_mse=1.1950, train_feature_mse=0.0015, train_acc=0.7935, alpha=0.287, val_acc=0.7611, val_macro_f1=0.5602, val_weighted_f1=0.7336, lr=0.000560, epoch_time=17.54s
[Epoch 027] train_loss=0.7161, train_hard=0.6217, train_soft=0.7046, train_logit_mse=1.1918, train_feature_mse=0.0014, train_acc=0.7935, alpha=0.293, val_acc=0.7599, val_macro_f1=0.5717, val_weighted_f1=0.7392, lr=0.000544, epoch_time=17.64s
  -> New best KD student saved to /users/40370279/csc4006/code/experiments/5__teacher_model_comparison/checkpoints/kd_student_small_medium_teacher_seed999.pt
[Epoch 028] train_loss=0.7150, train_hard=0.6209, train_soft=0.7042, train_logit_mse=1.1926, train_feature_mse=0.0014, train_acc=0.7937, alpha=0.300, val_acc=0.7611, val_macro_f1=0.5601, val_weighted_f1=0.7317, lr=0.000527, epoch_time=17.55s
[Epoch 029] train_loss=0.7100, train_hard=0.6182, train_soft=0.6992, train_logit_mse=1.1854, train_feature_mse=0.0014, train_acc=0.7966, alpha=0.306, val_acc=0.7550, val_macro_f1=0.5593, val_weighted_f1=0.7292, lr=0.000510, epoch_time=17.72s
[Epoch 030] train_loss=0.7046, train_hard=0.6164, train_soft=0.6934, train_logit_mse=1.1757, train_feature_mse=0.0014, train_acc=0.7946, alpha=0.313, val_acc=0.7630, val_macro_f1=0.5702, val_weighted_f1=0.7379, lr=0.000493, epoch_time=17.72s
[Epoch 031] train_loss=0.6951, train_hard=0.6138, train_soft=0.6823, train_logit_mse=1.1559, train_feature_mse=0.0014, train_acc=0.7966, alpha=0.319, val_acc=0.7593, val_macro_f1=0.5716, val_weighted_f1=0.7343, lr=0.000476, epoch_time=17.69s
[Epoch 032] train_loss=0.6932, train_hard=0.6092, train_soft=0.6823, train_logit_mse=1.1568, train_feature_mse=0.0013, train_acc=0.7984, alpha=0.326, val_acc=0.7605, val_macro_f1=0.5735, val_weighted_f1=0.7367, lr=0.000458, epoch_time=17.69s
  -> New best KD student saved to /users/40370279/csc4006/code/experiments/5__teacher_model_comparison/checkpoints/kd_student_small_medium_teacher_seed999.pt
[Epoch 033] train_loss=0.6950, train_hard=0.6129, train_soft=0.6837, train_logit_mse=1.1616, train_feature_mse=0.0013, train_acc=0.7935, alpha=0.333, val_acc=0.7593, val_macro_f1=0.5647, val_weighted_f1=0.7329, lr=0.000440, epoch_time=17.57s
[Epoch 034] train_loss=0.6883, train_hard=0.6102, train_soft=0.6762, train_logit_mse=1.1484, train_feature_mse=0.0013, train_acc=0.7976, alpha=0.340, val_acc=0.7587, val_macro_f1=0.5817, val_weighted_f1=0.7388, lr=0.000423, epoch_time=17.63s
  -> New best KD student saved to /users/40370279/csc4006/code/experiments/5__teacher_model_comparison/checkpoints/kd_student_small_medium_teacher_seed999.pt
[Epoch 035] train_loss=0.6787, train_hard=0.6056, train_soft=0.6654, train_logit_mse=1.1318, train_feature_mse=0.0013, train_acc=0.8001, alpha=0.347, val_acc=0.7611, val_macro_f1=0.5685, val_weighted_f1=0.7341, lr=0.000405, epoch_time=17.70s
[Epoch 036] train_loss=0.6843, train_hard=0.6053, train_soft=0.6743, train_logit_mse=1.1428, train_feature_mse=0.0013, train_acc=0.8009, alpha=0.353, val_acc=0.7599, val_macro_f1=0.5737, val_weighted_f1=0.7348, lr=0.000387, epoch_time=17.61s
[Epoch 037] train_loss=0.6792, train_hard=0.6061, train_soft=0.6672, train_logit_mse=1.1305, train_feature_mse=0.0013, train_acc=0.7988, alpha=0.360, val_acc=0.7636, val_macro_f1=0.5765, val_weighted_f1=0.7389, lr=0.000370, epoch_time=17.77s
[Epoch 038] train_loss=0.6742, train_hard=0.6019, train_soft=0.6627, train_logit_mse=1.1258, train_feature_mse=0.0013, train_acc=0.8004, alpha=0.367, val_acc=0.7587, val_macro_f1=0.5711, val_weighted_f1=0.7327, lr=0.000352, epoch_time=17.66s
[Epoch 039] train_loss=0.6644, train_hard=0.5922, train_soft=0.6542, train_logit_mse=1.1098, train_feature_mse=0.0012, train_acc=0.8041, alpha=0.374, val_acc=0.7599, val_macro_f1=0.5727, val_weighted_f1=0.7348, lr=0.000334, epoch_time=17.66s
[Epoch 040] train_loss=0.6713, train_hard=0.5998, train_soft=0.6607, train_logit_mse=1.1250, train_feature_mse=0.0012, train_acc=0.7986, alpha=0.381, val_acc=0.7557, val_macro_f1=0.5849, val_weighted_f1=0.7383, lr=0.000317, epoch_time=17.69s
  -> New best KD student saved to /users/40370279/csc4006/code/experiments/5__teacher_model_comparison/checkpoints/kd_student_small_medium_teacher_seed999.pt
[Epoch 041] train_loss=0.6676, train_hard=0.5980, train_soft=0.6569, train_logit_mse=1.1156, train_feature_mse=0.0012, train_acc=0.8006, alpha=0.387, val_acc=0.7618, val_macro_f1=0.5801, val_weighted_f1=0.7395, lr=0.000300, epoch_time=17.69s
[Epoch 042] train_loss=0.6585, train_hard=0.5908, train_soft=0.6478, train_logit_mse=1.1028, train_feature_mse=0.0012, train_acc=0.8039, alpha=0.394, val_acc=0.7630, val_macro_f1=0.5718, val_weighted_f1=0.7374, lr=0.000283, epoch_time=17.65s
[Epoch 043] train_loss=0.6579, train_hard=0.5938, train_soft=0.6456, train_logit_mse=1.0986, train_feature_mse=0.0012, train_acc=0.8030, alpha=0.400, val_acc=0.7599, val_macro_f1=0.5766, val_weighted_f1=0.7374, lr=0.000266, epoch_time=17.57s
[Epoch 044] train_loss=0.6583, train_hard=0.5910, train_soft=0.6486, train_logit_mse=1.1034, train_feature_mse=0.0012, train_acc=0.8034, alpha=0.407, val_acc=0.7593, val_macro_f1=0.5850, val_weighted_f1=0.7397, lr=0.000250, epoch_time=17.74s
  -> New best KD student saved to /users/40370279/csc4006/code/experiments/5__teacher_model_comparison/checkpoints/kd_student_small_medium_teacher_seed999.pt
[Epoch 045] train_loss=0.6502, train_hard=0.5856, train_soft=0.6399, train_logit_mse=1.0891, train_feature_mse=0.0012, train_acc=0.8037, alpha=0.413, val_acc=0.7611, val_macro_f1=0.5835, val_weighted_f1=0.7407, lr=0.000234, epoch_time=17.64s
[Epoch 046] train_loss=0.6531, train_hard=0.5884, train_soft=0.6432, train_logit_mse=1.0941, train_feature_mse=0.0012, train_acc=0.8061, alpha=0.419, val_acc=0.7550, val_macro_f1=0.5731, val_weighted_f1=0.7314, lr=0.000218, epoch_time=17.70s
[Epoch 047] train_loss=0.6510, train_hard=0.5878, train_soft=0.6406, train_logit_mse=1.0930, train_feature_mse=0.0012, train_acc=0.8064, alpha=0.425, val_acc=0.7660, val_macro_f1=0.5957, val_weighted_f1=0.7471, lr=0.000202, epoch_time=17.71s
  -> New best KD student saved to /users/40370279/csc4006/code/experiments/5__teacher_model_comparison/checkpoints/kd_student_small_medium_teacher_seed999.pt
[Epoch 048] train_loss=0.6520, train_hard=0.5897, train_soft=0.6416, train_logit_mse=1.0904, train_feature_mse=0.0012, train_acc=0.8084, alpha=0.431, val_acc=0.7618, val_macro_f1=0.5803, val_weighted_f1=0.7407, lr=0.000187, epoch_time=17.58s
[Epoch 049] train_loss=0.6444, train_hard=0.5820, train_soft=0.6350, train_logit_mse=1.0818, train_feature_mse=0.0011, train_acc=0.8060, alpha=0.437, val_acc=0.7587, val_macro_f1=0.5870, val_weighted_f1=0.7386, lr=0.000173, epoch_time=17.68s
[Epoch 050] train_loss=0.6450, train_hard=0.5816, train_soft=0.6368, train_logit_mse=1.0848, train_feature_mse=0.0011, train_acc=0.8054, alpha=0.442, val_acc=0.7599, val_macro_f1=0.5742, val_weighted_f1=0.7357, lr=0.000159, epoch_time=17.59s
[Epoch 051] train_loss=0.6426, train_hard=0.5840, train_soft=0.6316, train_logit_mse=1.0756, train_feature_mse=0.0011, train_acc=0.8033, alpha=0.447, val_acc=0.7618, val_macro_f1=0.5732, val_weighted_f1=0.7383, lr=0.000145, epoch_time=17.62s
[Epoch 052] train_loss=0.6400, train_hard=0.5821, train_soft=0.6290, train_logit_mse=1.0725, train_feature_mse=0.0011, train_acc=0.8081, alpha=0.452, val_acc=0.7526, val_macro_f1=0.5685, val_weighted_f1=0.7300, lr=0.000132, epoch_time=17.68s
[Epoch 053] train_loss=0.6441, train_hard=0.5818, train_soft=0.6366, train_logit_mse=1.0837, train_feature_mse=0.0011, train_acc=0.8074, alpha=0.457, val_acc=0.7569, val_macro_f1=0.5683, val_weighted_f1=0.7335, lr=0.000119, epoch_time=17.76s
[Epoch 054] train_loss=0.6488, train_hard=0.5862, train_soft=0.6418, train_logit_mse=1.0907, train_feature_mse=0.0011, train_acc=0.8035, alpha=0.462, val_acc=0.7569, val_macro_f1=0.5660, val_weighted_f1=0.7316, lr=0.000108, epoch_time=17.56s
[Epoch 055] train_loss=0.6408, train_hard=0.5823, train_soft=0.6315, train_logit_mse=1.0752, train_feature_mse=0.0011, train_acc=0.8062, alpha=0.466, val_acc=0.7569, val_macro_f1=0.5685, val_weighted_f1=0.7331, lr=0.000096, epoch_time=17.62s
[Epoch 056] train_loss=0.6370, train_hard=0.5780, train_soft=0.6285, train_logit_mse=1.0741, train_feature_mse=0.0011, train_acc=0.8084, alpha=0.471, val_acc=0.7630, val_macro_f1=0.5765, val_weighted_f1=0.7405, lr=0.000085, epoch_time=17.64s
[Epoch 057] train_loss=0.6361, train_hard=0.5772, train_soft=0.6280, train_logit_mse=1.0716, train_feature_mse=0.0011, train_acc=0.8077, alpha=0.474, val_acc=0.7618, val_macro_f1=0.5830, val_weighted_f1=0.7402, lr=0.000075, epoch_time=17.48s
[Epoch 058] train_loss=0.6364, train_hard=0.5783, train_soft=0.6281, train_logit_mse=1.0691, train_feature_mse=0.0011, train_acc=0.8081, alpha=0.478, val_acc=0.7611, val_macro_f1=0.5712, val_weighted_f1=0.7358, lr=0.000066, epoch_time=17.61s
[Epoch 059] train_loss=0.6371, train_hard=0.5780, train_soft=0.6299, train_logit_mse=1.0717, train_feature_mse=0.0011, train_acc=0.8088, alpha=0.482, val_acc=0.7611, val_macro_f1=0.5839, val_weighted_f1=0.7377, lr=0.000057, epoch_time=17.61s
[Epoch 060] train_loss=0.6343, train_hard=0.5752, train_soft=0.6275, train_logit_mse=1.0717, train_feature_mse=0.0011, train_acc=0.8088, alpha=0.485, val_acc=0.7587, val_macro_f1=0.5683, val_weighted_f1=0.7345, lr=0.000049, epoch_time=17.58s
[Epoch 061] train_loss=0.6337, train_hard=0.5760, train_soft=0.6261, train_logit_mse=1.0679, train_feature_mse=0.0011, train_acc=0.8085, alpha=0.488, val_acc=0.7550, val_macro_f1=0.5695, val_weighted_f1=0.7318, lr=0.000042, epoch_time=17.63s
[Epoch 062] train_loss=0.6283, train_hard=0.5745, train_soft=0.6181, train_logit_mse=1.0527, train_feature_mse=0.0011, train_acc=0.8085, alpha=0.490, val_acc=0.7557, val_macro_f1=0.5673, val_weighted_f1=0.7324, lr=0.000035, epoch_time=17.68s
Early stopping triggered.
Loaded best KD student checkpoint for final test evaluation.
Best validation macro-F1: 0.5957
Best epoch: 47
Time to best model: 839.13 seconds
Checkpoint size (MB): 0.095
Student size: small
Teacher used: /users/40370279/csc4006/code/experiments/5__teacher_model_comparison/checkpoints/teacher_medium_seed999.pt
Teacher arch: TeacherCNN
Teacher size: medium
Checkpoint seed: 999
Test accuracy (KD student): 0.7830
Test macro-F1 (KD student): 0.6048
Test weighted-F1 (KD student): 0.7639
Test classification report:
              precision    recall  f1-score   support

           0       0.82      0.67      0.74       184
           1       0.40      0.04      0.07        56
           2       0.78      0.60      0.68       256
           3       0.78      0.95      0.86       912
           4       0.77      0.62      0.69       242

    accuracy                           0.78      1650
   macro avg       0.71      0.57      0.60      1650
weighted avg       0.77      0.78      0.76      1650

Test confusion matrix:
[[124   0   6  48   6]
 [  3   2   3  42   6]
 [  7   0 153  78  18]
 [ 13   2  19 863  15]
 [  5   1  15  71 150]]
Inference latency: 1.5038 ms/sample
Parsed metrics for seed 999:
  Accuracy    = 0.7830
  Macro-F1    = 0.6048
  Weighted-F1 = 0.7639

===== SUMMARY: MEDIUM TEACHER =====
Teacher      : MEDIUM
Student      : SMALL
Seeds        : 42 123 999
Accuracy     : 0.7693 ± 0.0099
Macro F1     : 0.5998 ± 0.0036
Weighted F1  : 0.7551 ± 0.0062

Finished: Sat Mar 28 20:27:46 GMT 2026
