[38;5;127mpython3[0m/[38;5;172m3.10.5[0m/[38;5;67mgcc-9.3.0[0m
 |
 [0;32mOK[0m
[38;5;127mgcc[0m/[38;5;172m9.3.0[0m
 |
 [0;32mOK[0m
===== EXPERIMENT 5: XLARGE TEACHER =====
Teacher source: experiment-local checkpoints
Teacher size: xlarge
Student size: small
Seeds: 42, 123, 999
Job ID: 7992137
Host: gpu106.pri.kelvin2.alces.network
Start: Sat Mar 28 18:59:43 GMT 2026
Working directory: /users/40370279/csc4006/code

----- SEED 42 -----
Using device: cuda
Seed: 42
Teacher size: xlarge
Teacher checkpoint path: /users/40370279/csc4006/code/experiments/5__teacher_model_comparison/checkpoints/teacher_xlarge_seed42.pt
Deterministic mode: True
Deterministic warn_only: True
Training: batch_size=64, lr=0.0008, epochs=90, patience=18, warmup_epochs=5, min_lr_factor=0.02, weight_decay=0.001, class_weight_gamma=0.2, label_smoothing=0.03, sampler_power=0.35, grad_clip=1.0, num_workers=2, teacher_size=xlarge, use_weighted_sampler=False, class_weights=True, disable_augmentation=False, ema_decay=0.999
Training set size: 12957
Validation set size: 1637
Test set size: 1650
Number of leads: 12 classes: 5
Classes: ['CD' 'HYP' 'MI' 'NORM' 'STTC']
Training sampler: standard shuffled loader
Trainable parameters: 6342253
Total parameters: 6342253
Estimated model size (MB): 24.255
Class weights: [1.0338018  1.3094392  0.9520142  0.73911804 0.9656268 ]
EMA enabled
[Epoch 001] lr=0.000320, train_loss=0.9240, train_acc=0.7330, val_acc=0.7611, val_macro_f1=0.5627, val_weighted_f1=0.7345, epoch_time=34.54s
  -> Saved best teacher model to /users/40370279/csc4006/code/experiments/5__teacher_model_comparison/checkpoints/teacher_xlarge_seed42.pt
[Epoch 002] lr=0.000480, train_loss=0.8063, train_acc=0.7805, val_acc=0.7410, val_macro_f1=0.5441, val_weighted_f1=0.7199, epoch_time=33.52s
[Epoch 003] lr=0.000640, train_loss=0.7840, train_acc=0.7864, val_acc=0.7569, val_macro_f1=0.5658, val_weighted_f1=0.7412, epoch_time=33.46s
  -> Saved best teacher model to /users/40370279/csc4006/code/experiments/5__teacher_model_comparison/checkpoints/teacher_xlarge_seed42.pt
[Epoch 004] lr=0.000800, train_loss=0.7682, train_acc=0.7896, val_acc=0.7581, val_macro_f1=0.5703, val_weighted_f1=0.7405, epoch_time=33.53s
  -> Saved best teacher model to /users/40370279/csc4006/code/experiments/5__teacher_model_comparison/checkpoints/teacher_xlarge_seed42.pt
[Epoch 005] lr=0.000800, train_loss=0.7584, train_acc=0.7928, val_acc=0.7532, val_macro_f1=0.5442, val_weighted_f1=0.7214, epoch_time=33.58s
[Epoch 006] lr=0.000800, train_loss=0.7270, train_acc=0.8013, val_acc=0.7605, val_macro_f1=0.5798, val_weighted_f1=0.7409, epoch_time=33.52s
  -> Saved best teacher model to /users/40370279/csc4006/code/experiments/5__teacher_model_comparison/checkpoints/teacher_xlarge_seed42.pt
[Epoch 007] lr=0.000799, train_loss=0.7116, train_acc=0.8017, val_acc=0.7776, val_macro_f1=0.6169, val_weighted_f1=0.7613, epoch_time=33.51s
  -> Saved best teacher model to /users/40370279/csc4006/code/experiments/5__teacher_model_comparison/checkpoints/teacher_xlarge_seed42.pt
[Epoch 008] lr=0.000798, train_loss=0.6977, train_acc=0.8131, val_acc=0.7581, val_macro_f1=0.6506, val_weighted_f1=0.7627, epoch_time=33.45s
  -> Saved best teacher model to /users/40370279/csc4006/code/experiments/5__teacher_model_comparison/checkpoints/teacher_xlarge_seed42.pt
[Epoch 009] lr=0.000796, train_loss=0.6852, train_acc=0.8192, val_acc=0.7422, val_macro_f1=0.6222, val_weighted_f1=0.7400, epoch_time=33.58s
[Epoch 010] lr=0.000793, train_loss=0.6800, train_acc=0.8176, val_acc=0.7825, val_macro_f1=0.6122, val_weighted_f1=0.7672, epoch_time=33.56s
[Epoch 011] lr=0.000790, train_loss=0.6557, train_acc=0.8243, val_acc=0.7679, val_macro_f1=0.6388, val_weighted_f1=0.7633, epoch_time=33.49s
[Epoch 012] lr=0.000787, train_loss=0.6448, train_acc=0.8268, val_acc=0.7740, val_macro_f1=0.6555, val_weighted_f1=0.7742, epoch_time=33.44s
  -> Saved best teacher model to /users/40370279/csc4006/code/experiments/5__teacher_model_comparison/checkpoints/teacher_xlarge_seed42.pt
[Epoch 013] lr=0.000783, train_loss=0.6400, train_acc=0.8276, val_acc=0.7831, val_macro_f1=0.6266, val_weighted_f1=0.7720, epoch_time=33.51s
[Epoch 014] lr=0.000779, train_loss=0.6266, train_acc=0.8354, val_acc=0.7557, val_macro_f1=0.6550, val_weighted_f1=0.7628, epoch_time=33.63s
[Epoch 015] lr=0.000774, train_loss=0.6138, train_acc=0.8385, val_acc=0.7538, val_macro_f1=0.6467, val_weighted_f1=0.7588, epoch_time=33.57s
[Epoch 016] lr=0.000768, train_loss=0.6045, train_acc=0.8409, val_acc=0.7392, val_macro_f1=0.6470, val_weighted_f1=0.7539, epoch_time=33.44s
[Epoch 017] lr=0.000762, train_loss=0.5980, train_acc=0.8421, val_acc=0.7563, val_macro_f1=0.6454, val_weighted_f1=0.7584, epoch_time=33.41s
[Epoch 018] lr=0.000756, train_loss=0.5778, train_acc=0.8487, val_acc=0.7642, val_macro_f1=0.6434, val_weighted_f1=0.7611, epoch_time=33.47s
[Epoch 019] lr=0.000749, train_loss=0.5657, train_acc=0.8543, val_acc=0.7355, val_macro_f1=0.6431, val_weighted_f1=0.7528, epoch_time=33.51s
[Epoch 020] lr=0.000741, train_loss=0.5536, train_acc=0.8587, val_acc=0.6854, val_macro_f1=0.6171, val_weighted_f1=0.7206, epoch_time=33.45s
[Epoch 021] lr=0.000733, train_loss=0.5327, train_acc=0.8660, val_acc=0.7300, val_macro_f1=0.6428, val_weighted_f1=0.7489, epoch_time=33.38s
[Epoch 022] lr=0.000725, train_loss=0.5226, train_acc=0.8686, val_acc=0.7184, val_macro_f1=0.6360, val_weighted_f1=0.7421, epoch_time=33.48s
[Epoch 023] lr=0.000716, train_loss=0.5064, train_acc=0.8746, val_acc=0.7611, val_macro_f1=0.6486, val_weighted_f1=0.7628, epoch_time=33.47s
[Epoch 024] lr=0.000707, train_loss=0.4975, train_acc=0.8794, val_acc=0.7703, val_macro_f1=0.6614, val_weighted_f1=0.7706, epoch_time=33.60s
  -> Saved best teacher model to /users/40370279/csc4006/code/experiments/5__teacher_model_comparison/checkpoints/teacher_xlarge_seed42.pt
[Epoch 025] lr=0.000698, train_loss=0.4773, train_acc=0.8871, val_acc=0.7508, val_macro_f1=0.6494, val_weighted_f1=0.7583, epoch_time=33.65s
[Epoch 026] lr=0.000688, train_loss=0.4608, train_acc=0.8929, val_acc=0.7599, val_macro_f1=0.6527, val_weighted_f1=0.7616, epoch_time=33.57s
[Epoch 027] lr=0.000677, train_loss=0.4457, train_acc=0.8976, val_acc=0.7569, val_macro_f1=0.6501, val_weighted_f1=0.7596, epoch_time=33.56s
[Epoch 028] lr=0.000667, train_loss=0.4259, train_acc=0.9048, val_acc=0.7465, val_macro_f1=0.6359, val_weighted_f1=0.7496, epoch_time=33.47s
[Epoch 029] lr=0.000656, train_loss=0.4114, train_acc=0.9104, val_acc=0.7166, val_macro_f1=0.6239, val_weighted_f1=0.7373, epoch_time=33.57s
[Epoch 030] lr=0.000644, train_loss=0.3993, train_acc=0.9183, val_acc=0.7605, val_macro_f1=0.6368, val_weighted_f1=0.7543, epoch_time=33.44s
[Epoch 031] lr=0.000633, train_loss=0.3816, train_acc=0.9249, val_acc=0.7434, val_macro_f1=0.6383, val_weighted_f1=0.7524, epoch_time=33.55s
[Epoch 032] lr=0.000620, train_loss=0.3680, train_acc=0.9283, val_acc=0.7538, val_macro_f1=0.6348, val_weighted_f1=0.7534, epoch_time=33.53s
[Epoch 033] lr=0.000608, train_loss=0.3505, train_acc=0.9338, val_acc=0.7337, val_macro_f1=0.6215, val_weighted_f1=0.7370, epoch_time=33.60s
[Epoch 034] lr=0.000596, train_loss=0.3406, train_acc=0.9410, val_acc=0.7349, val_macro_f1=0.6223, val_weighted_f1=0.7391, epoch_time=33.61s
[Epoch 035] lr=0.000583, train_loss=0.3307, train_acc=0.9427, val_acc=0.7666, val_macro_f1=0.6557, val_weighted_f1=0.7659, epoch_time=33.59s
[Epoch 036] lr=0.000570, train_loss=0.3155, train_acc=0.9474, val_acc=0.7166, val_macro_f1=0.6240, val_weighted_f1=0.7377, epoch_time=33.51s
[Epoch 037] lr=0.000556, train_loss=0.2974, train_acc=0.9562, val_acc=0.7404, val_macro_f1=0.6363, val_weighted_f1=0.7512, epoch_time=33.55s
[Epoch 038] lr=0.000543, train_loss=0.3017, train_acc=0.9555, val_acc=0.7404, val_macro_f1=0.6257, val_weighted_f1=0.7439, epoch_time=33.63s
[Epoch 039] lr=0.000529, train_loss=0.2886, train_acc=0.9585, val_acc=0.7715, val_macro_f1=0.6420, val_weighted_f1=0.7636, epoch_time=33.58s
[Epoch 040] lr=0.000515, train_loss=0.2800, train_acc=0.9647, val_acc=0.7691, val_macro_f1=0.6362, val_weighted_f1=0.7621, epoch_time=33.50s
[Epoch 041] lr=0.000501, train_loss=0.2665, train_acc=0.9681, val_acc=0.7648, val_macro_f1=0.6353, val_weighted_f1=0.7601, epoch_time=33.41s
[Epoch 042] lr=0.000487, train_loss=0.2575, train_acc=0.9718, val_acc=0.7752, val_macro_f1=0.6473, val_weighted_f1=0.7686, epoch_time=33.51s
Early stopping

Loaded best checkpoint for final evaluation.
Best validation macro-F1: 0.6614
Best epoch: 24
Time to best model: 809.15 seconds
Checkpoint size (MB): 24.356
Checkpoint seed: 42
Checkpoint teacher size: xlarge
Checkpoint teacher arch: TeacherCNN
Test Accuracy: 0.7727
Test Macro-F1: 0.6559
Test Weighted-F1: 0.7769
Classification Report:
              precision    recall  f1-score   support

           0       0.85      0.72      0.78       184
           1       0.18      0.34      0.24        56
           2       0.80      0.64      0.71       256
           3       0.81      0.88      0.85       912
           4       0.79      0.64      0.71       242

    accuracy                           0.77      1650
   macro avg       0.69      0.64      0.66      1650
weighted avg       0.79      0.77      0.78      1650

Confusion Matrix:
[[132   7   4  36   5]
 [  1  19   2  30   4]
 [  4   4 164  68  16]
 [ 13  57  21 806  15]
 [  5  17  15  51 154]]
Inference latency: 6.0096 ms/sample
Using device: cuda
Seed: 42
Deterministic mode: True
Deterministic warn_only: True
KD hyperparameters: alpha_start=0.200, alpha_end=0.500, temperature=4.00, logit_mse_weight=0.030, feature_mse_weight=0.030, class_weight_gamma=0.00, sampler_power=0.35, label_smoothing=0.000, student_size=small
Training: batch_size=64, lr=0.0008, epochs=70, patience=15, weight_decay=0.002, grad_clip=1.0, num_workers=2, disable_augmentation=False, use_weighted_sampler=False
Teacher checkpoint path: /users/40370279/csc4006/code/experiments/5__teacher_model_comparison/checkpoints/teacher_xlarge_seed42.pt
Student checkpoint path: /users/40370279/csc4006/code/experiments/5__teacher_model_comparison/checkpoints/kd_student_small_xlarge_teacher_seed42.pt
Training set size: 12957
Validation set size: 1637
Test set size: 1650
Number of leads: 12 classes: 5
Classes: ['CD' 'HYP' 'MI' 'NORM' 'STTC']
Trainable parameters (student): 5897
Total parameters (student): 5897
Estimated model size (MB): 0.024
Teacher pooled dim: 1280
Student pooled dim: 18
Class weights: [1. 1. 1. 1. 1.]
Training sampler: standard shuffled loader
[Epoch 001] train_loss=1.3169, train_hard=1.1420, train_soft=1.2785, train_logit_mse=2.1432, train_feature_mse=0.0471, train_acc=0.5971, alpha=0.200, val_acc=0.6121, val_macro_f1=0.2827, val_weighted_f1=0.5053, lr=0.000800, epoch_time=19.33s
  -> New best KD student saved to /users/40370279/csc4006/code/experiments/5__teacher_model_comparison/checkpoints/kd_student_small_xlarge_teacher_seed42.pt
[Epoch 002] train_loss=1.0427, train_hard=0.9755, train_soft=0.9940, train_logit_mse=1.7131, train_feature_mse=0.0309, train_acc=0.6440, alpha=0.200, val_acc=0.6408, val_macro_f1=0.3444, val_weighted_f1=0.5475, lr=0.000798, epoch_time=18.44s
  -> New best KD student saved to /users/40370279/csc4006/code/experiments/5__teacher_model_comparison/checkpoints/kd_student_small_xlarge_teacher_seed42.pt
[Epoch 003] train_loss=0.8735, train_hard=0.8661, train_soft=0.8207, train_logit_mse=1.4330, train_feature_mse=0.0242, train_acc=0.7036, alpha=0.201, val_acc=0.6952, val_macro_f1=0.4556, val_weighted_f1=0.6476, lr=0.000796, epoch_time=18.24s
  -> New best KD student saved to /users/40370279/csc4006/code/experiments/5__teacher_model_comparison/checkpoints/kd_student_small_xlarge_teacher_seed42.pt
[Epoch 004] train_loss=0.7399, train_hard=0.7829, train_soft=0.6833, train_logit_mse=1.2043, train_feature_mse=0.0145, train_acc=0.7441, alpha=0.201, val_acc=0.7178, val_macro_f1=0.4958, val_weighted_f1=0.6806, lr=0.000794, epoch_time=18.43s
  -> New best KD student saved to /users/40370279/csc4006/code/experiments/5__teacher_model_comparison/checkpoints/kd_student_small_xlarge_teacher_seed42.pt
[Epoch 005] train_loss=0.6839, train_hard=0.7541, train_soft=0.6242, train_logit_mse=1.1051, train_feature_mse=0.0080, train_acc=0.7516, alpha=0.202, val_acc=0.7294, val_macro_f1=0.5077, val_weighted_f1=0.6924, lr=0.000790, epoch_time=18.20s
  -> New best KD student saved to /users/40370279/csc4006/code/experiments/5__teacher_model_comparison/checkpoints/kd_student_small_xlarge_teacher_seed42.pt
[Epoch 006] train_loss=0.6485, train_hard=0.7344, train_soft=0.5872, train_logit_mse=1.0395, train_feature_mse=0.0045, train_acc=0.7601, alpha=0.204, val_acc=0.7404, val_macro_f1=0.5362, val_weighted_f1=0.7173, lr=0.000786, epoch_time=18.29s
  -> New best KD student saved to /users/40370279/csc4006/code/experiments/5__teacher_model_comparison/checkpoints/kd_student_small_xlarge_teacher_seed42.pt
[Epoch 007] train_loss=0.6221, train_hard=0.7210, train_soft=0.5590, train_logit_mse=0.9931, train_feature_mse=0.0029, train_acc=0.7661, alpha=0.206, val_acc=0.7532, val_macro_f1=0.5598, val_weighted_f1=0.7327, lr=0.000781, epoch_time=18.26s
  -> New best KD student saved to /users/40370279/csc4006/code/experiments/5__teacher_model_comparison/checkpoints/kd_student_small_xlarge_teacher_seed42.pt
[Epoch 008] train_loss=0.6008, train_hard=0.7071, train_soft=0.5368, train_logit_mse=0.9538, train_feature_mse=0.0023, train_acc=0.7687, alpha=0.208, val_acc=0.7453, val_macro_f1=0.5402, val_weighted_f1=0.7197, lr=0.000775, epoch_time=18.22s
[Epoch 009] train_loss=0.5889, train_hard=0.7030, train_soft=0.5232, train_logit_mse=0.9276, train_feature_mse=0.0021, train_acc=0.7719, alpha=0.210, val_acc=0.7251, val_macro_f1=0.5154, val_weighted_f1=0.6919, lr=0.000768, epoch_time=18.30s
[Epoch 010] train_loss=0.5713, train_hard=0.6876, train_soft=0.5057, train_logit_mse=0.8991, train_feature_mse=0.0019, train_acc=0.7736, alpha=0.212, val_acc=0.7514, val_macro_f1=0.5563, val_weighted_f1=0.7298, lr=0.000761, epoch_time=18.37s
[Epoch 011] train_loss=0.5674, train_hard=0.6874, train_soft=0.5003, train_logit_mse=0.8896, train_feature_mse=0.0018, train_acc=0.7756, alpha=0.215, val_acc=0.7508, val_macro_f1=0.5485, val_weighted_f1=0.7258, lr=0.000753, epoch_time=18.27s
[Epoch 012] train_loss=0.5505, train_hard=0.6772, train_soft=0.4821, train_logit_mse=0.8578, train_feature_mse=0.0017, train_acc=0.7760, alpha=0.218, val_acc=0.7569, val_macro_f1=0.5515, val_weighted_f1=0.7278, lr=0.000744, epoch_time=18.40s
[Epoch 013] train_loss=0.5400, train_hard=0.6743, train_soft=0.4694, train_logit_mse=0.8355, train_feature_mse=0.0017, train_acc=0.7814, alpha=0.222, val_acc=0.7440, val_macro_f1=0.5359, val_weighted_f1=0.7112, lr=0.000735, epoch_time=18.23s
[Epoch 014] train_loss=0.5398, train_hard=0.6705, train_soft=0.4693, train_logit_mse=0.8374, train_feature_mse=0.0016, train_acc=0.7768, alpha=0.226, val_acc=0.7611, val_macro_f1=0.5627, val_weighted_f1=0.7359, lr=0.000725, epoch_time=18.37s
  -> New best KD student saved to /users/40370279/csc4006/code/experiments/5__teacher_model_comparison/checkpoints/kd_student_small_xlarge_teacher_seed42.pt
[Epoch 015] train_loss=0.5343, train_hard=0.6715, train_soft=0.4615, train_logit_mse=0.8207, train_feature_mse=0.0016, train_acc=0.7782, alpha=0.229, val_acc=0.7587, val_macro_f1=0.5591, val_weighted_f1=0.7333, lr=0.000714, epoch_time=18.29s
[Epoch 016] train_loss=0.5247, train_hard=0.6652, train_soft=0.4504, train_logit_mse=0.8016, train_feature_mse=0.0015, train_acc=0.7832, alpha=0.234, val_acc=0.7563, val_macro_f1=0.5527, val_weighted_f1=0.7279, lr=0.000702, epoch_time=18.41s
[Epoch 017] train_loss=0.5195, train_hard=0.6565, train_soft=0.4454, train_logit_mse=0.7937, train_feature_mse=0.0015, train_acc=0.7876, alpha=0.238, val_acc=0.7459, val_macro_f1=0.5427, val_weighted_f1=0.7169, lr=0.000691, epoch_time=18.23s
[Epoch 018] train_loss=0.5104, train_hard=0.6582, train_soft=0.4325, train_logit_mse=0.7718, train_feature_mse=0.0014, train_acc=0.7851, alpha=0.243, val_acc=0.7471, val_macro_f1=0.5438, val_weighted_f1=0.7177, lr=0.000678, epoch_time=18.35s
[Epoch 019] train_loss=0.5080, train_hard=0.6551, train_soft=0.4290, train_logit_mse=0.7641, train_feature_mse=0.0014, train_acc=0.7841, alpha=0.248, val_acc=0.7465, val_macro_f1=0.5434, val_weighted_f1=0.7178, lr=0.000665, epoch_time=18.26s
[Epoch 020] train_loss=0.5116, train_hard=0.6583, train_soft=0.4311, train_logit_mse=0.7677, train_feature_mse=0.0013, train_acc=0.7817, alpha=0.253, val_acc=0.7428, val_macro_f1=0.5394, val_weighted_f1=0.7118, lr=0.000651, epoch_time=18.39s
[Epoch 021] train_loss=0.4963, train_hard=0.6418, train_soft=0.4155, train_logit_mse=0.7452, train_feature_mse=0.0013, train_acc=0.7914, alpha=0.258, val_acc=0.7557, val_macro_f1=0.5547, val_weighted_f1=0.7278, lr=0.000637, epoch_time=18.30s
[Epoch 022] train_loss=0.4980, train_hard=0.6461, train_soft=0.4149, train_logit_mse=0.7391, train_feature_mse=0.0012, train_acc=0.7885, alpha=0.263, val_acc=0.7557, val_macro_f1=0.5559, val_weighted_f1=0.7278, lr=0.000623, epoch_time=18.27s
[Epoch 023] train_loss=0.4976, train_hard=0.6479, train_soft=0.4121, train_logit_mse=0.7342, train_feature_mse=0.0012, train_acc=0.7893, alpha=0.269, val_acc=0.7611, val_macro_f1=0.5642, val_weighted_f1=0.7361, lr=0.000608, epoch_time=18.08s
  -> New best KD student saved to /users/40370279/csc4006/code/experiments/5__teacher_model_comparison/checkpoints/kd_student_small_xlarge_teacher_seed42.pt
[Epoch 024] train_loss=0.4901, train_hard=0.6408, train_soft=0.4031, train_logit_mse=0.7205, train_feature_mse=0.0012, train_acc=0.7903, alpha=0.275, val_acc=0.7593, val_macro_f1=0.5685, val_weighted_f1=0.7308, lr=0.000592, epoch_time=18.26s
  -> New best KD student saved to /users/40370279/csc4006/code/experiments/5__teacher_model_comparison/checkpoints/kd_student_small_xlarge_teacher_seed42.pt
[Epoch 025] train_loss=0.4925, train_hard=0.6383, train_soft=0.4053, train_logit_mse=0.7248, train_feature_mse=0.0012, train_acc=0.7893, alpha=0.281, val_acc=0.7630, val_macro_f1=0.5674, val_weighted_f1=0.7353, lr=0.000576, epoch_time=18.29s
[Epoch 026] train_loss=0.4850, train_hard=0.6316, train_soft=0.3960, train_logit_mse=0.7091, train_feature_mse=0.0011, train_acc=0.7941, alpha=0.287, val_acc=0.7532, val_macro_f1=0.5511, val_weighted_f1=0.7247, lr=0.000560, epoch_time=18.24s
[Epoch 027] train_loss=0.4878, train_hard=0.6308, train_soft=0.3981, train_logit_mse=0.7136, train_feature_mse=0.0011, train_acc=0.7946, alpha=0.293, val_acc=0.7453, val_macro_f1=0.5447, val_weighted_f1=0.7137, lr=0.000544, epoch_time=18.33s
[Epoch 028] train_loss=0.4809, train_hard=0.6292, train_soft=0.3877, train_logit_mse=0.6948, train_feature_mse=0.0011, train_acc=0.7966, alpha=0.300, val_acc=0.7477, val_macro_f1=0.5488, val_weighted_f1=0.7193, lr=0.000527, epoch_time=18.22s
[Epoch 029] train_loss=0.4805, train_hard=0.6298, train_soft=0.3848, train_logit_mse=0.6900, train_feature_mse=0.0011, train_acc=0.7942, alpha=0.306, val_acc=0.7636, val_macro_f1=0.5754, val_weighted_f1=0.7392, lr=0.000510, epoch_time=18.31s
  -> New best KD student saved to /users/40370279/csc4006/code/experiments/5__teacher_model_comparison/checkpoints/kd_student_small_xlarge_teacher_seed42.pt
[Epoch 030] train_loss=0.4825, train_hard=0.6245, train_soft=0.3875, train_logit_mse=0.6937, train_feature_mse=0.0011, train_acc=0.7976, alpha=0.313, val_acc=0.7599, val_macro_f1=0.5663, val_weighted_f1=0.7346, lr=0.000493, epoch_time=18.43s
[Epoch 031] train_loss=0.4789, train_hard=0.6207, train_soft=0.3821, train_logit_mse=0.6836, train_feature_mse=0.0010, train_acc=0.7993, alpha=0.319, val_acc=0.7459, val_macro_f1=0.5416, val_weighted_f1=0.7130, lr=0.000476, epoch_time=18.16s
[Epoch 032] train_loss=0.4733, train_hard=0.6135, train_soft=0.3754, train_logit_mse=0.6749, train_feature_mse=0.0010, train_acc=0.7976, alpha=0.326, val_acc=0.7599, val_macro_f1=0.5760, val_weighted_f1=0.7380, lr=0.000458, epoch_time=18.23s
  -> New best KD student saved to /users/40370279/csc4006/code/experiments/5__teacher_model_comparison/checkpoints/kd_student_small_xlarge_teacher_seed42.pt
[Epoch 033] train_loss=0.4729, train_hard=0.6157, train_soft=0.3715, train_logit_mse=0.6678, train_feature_mse=0.0010, train_acc=0.7991, alpha=0.333, val_acc=0.7599, val_macro_f1=0.5663, val_weighted_f1=0.7328, lr=0.000440, epoch_time=18.21s
[Epoch 034] train_loss=0.4752, train_hard=0.6145, train_soft=0.3730, train_logit_mse=0.6703, train_feature_mse=0.0010, train_acc=0.7992, alpha=0.340, val_acc=0.7630, val_macro_f1=0.5767, val_weighted_f1=0.7369, lr=0.000423, epoch_time=18.21s
  -> New best KD student saved to /users/40370279/csc4006/code/experiments/5__teacher_model_comparison/checkpoints/kd_student_small_xlarge_teacher_seed42.pt
[Epoch 035] train_loss=0.4732, train_hard=0.6151, train_soft=0.3675, train_logit_mse=0.6612, train_feature_mse=0.0010, train_acc=0.7968, alpha=0.347, val_acc=0.7599, val_macro_f1=0.5691, val_weighted_f1=0.7346, lr=0.000405, epoch_time=18.29s
[Epoch 036] train_loss=0.4761, train_hard=0.6111, train_soft=0.3714, train_logit_mse=0.6654, train_feature_mse=0.0010, train_acc=0.7999, alpha=0.353, val_acc=0.7611, val_macro_f1=0.5699, val_weighted_f1=0.7359, lr=0.000387, epoch_time=18.27s
[Epoch 037] train_loss=0.4716, train_hard=0.6059, train_soft=0.3653, train_logit_mse=0.6557, train_feature_mse=0.0010, train_acc=0.8021, alpha=0.360, val_acc=0.7593, val_macro_f1=0.5681, val_weighted_f1=0.7345, lr=0.000370, epoch_time=18.24s
[Epoch 038] train_loss=0.4715, train_hard=0.6089, train_soft=0.3609, train_logit_mse=0.6506, train_feature_mse=0.0010, train_acc=0.8034, alpha=0.367, val_acc=0.7648, val_macro_f1=0.5733, val_weighted_f1=0.7396, lr=0.000352, epoch_time=18.45s
[Epoch 039] train_loss=0.4705, train_hard=0.6052, train_soft=0.3591, train_logit_mse=0.6458, train_feature_mse=0.0010, train_acc=0.8049, alpha=0.374, val_acc=0.7618, val_macro_f1=0.5685, val_weighted_f1=0.7377, lr=0.000334, epoch_time=18.33s
[Epoch 040] train_loss=0.4733, train_hard=0.6067, train_soft=0.3599, train_logit_mse=0.6472, train_feature_mse=0.0009, train_acc=0.8006, alpha=0.381, val_acc=0.7557, val_macro_f1=0.5633, val_weighted_f1=0.7278, lr=0.000317, epoch_time=18.35s
[Epoch 041] train_loss=0.4751, train_hard=0.6054, train_soft=0.3609, train_logit_mse=0.6493, train_feature_mse=0.0010, train_acc=0.8013, alpha=0.387, val_acc=0.7642, val_macro_f1=0.5715, val_weighted_f1=0.7386, lr=0.000300, epoch_time=18.27s
[Epoch 042] train_loss=0.4712, train_hard=0.6023, train_soft=0.3545, train_logit_mse=0.6379, train_feature_mse=0.0009, train_acc=0.8036, alpha=0.394, val_acc=0.7489, val_macro_f1=0.5509, val_weighted_f1=0.7179, lr=0.000283, epoch_time=18.23s
[Epoch 043] train_loss=0.4739, train_hard=0.6014, train_soft=0.3567, train_logit_mse=0.6425, train_feature_mse=0.0009, train_acc=0.8030, alpha=0.400, val_acc=0.7618, val_macro_f1=0.5722, val_weighted_f1=0.7378, lr=0.000266, epoch_time=18.32s
[Epoch 044] train_loss=0.4719, train_hard=0.5967, train_soft=0.3541, train_logit_mse=0.6380, train_feature_mse=0.0009, train_acc=0.8064, alpha=0.407, val_acc=0.7611, val_macro_f1=0.5704, val_weighted_f1=0.7356, lr=0.000250, epoch_time=18.33s
[Epoch 045] train_loss=0.4786, train_hard=0.6060, train_soft=0.3562, train_logit_mse=0.6419, train_feature_mse=0.0009, train_acc=0.8010, alpha=0.413, val_acc=0.7679, val_macro_f1=0.5786, val_weighted_f1=0.7441, lr=0.000234, epoch_time=18.24s
  -> New best KD student saved to /users/40370279/csc4006/code/experiments/5__teacher_model_comparison/checkpoints/kd_student_small_xlarge_teacher_seed42.pt
[Epoch 046] train_loss=0.4775, train_hard=0.5987, train_soft=0.3569, train_logit_mse=0.6418, train_feature_mse=0.0009, train_acc=0.8026, alpha=0.419, val_acc=0.7654, val_macro_f1=0.5750, val_weighted_f1=0.7398, lr=0.000218, epoch_time=18.33s
[Epoch 047] train_loss=0.4724, train_hard=0.5923, train_soft=0.3506, train_logit_mse=0.6353, train_feature_mse=0.0009, train_acc=0.8069, alpha=0.425, val_acc=0.7648, val_macro_f1=0.5751, val_weighted_f1=0.7393, lr=0.000202, epoch_time=18.27s
[Epoch 048] train_loss=0.4787, train_hard=0.5973, train_soft=0.3551, train_logit_mse=0.6397, train_feature_mse=0.0009, train_acc=0.8054, alpha=0.431, val_acc=0.7624, val_macro_f1=0.5702, val_weighted_f1=0.7358, lr=0.000187, epoch_time=18.17s
[Epoch 049] train_loss=0.4810, train_hard=0.5995, train_soft=0.3552, train_logit_mse=0.6402, train_feature_mse=0.0009, train_acc=0.8033, alpha=0.437, val_acc=0.7697, val_macro_f1=0.5803, val_weighted_f1=0.7444, lr=0.000173, epoch_time=18.34s
  -> New best KD student saved to /users/40370279/csc4006/code/experiments/5__teacher_model_comparison/checkpoints/kd_student_small_xlarge_teacher_seed42.pt
[Epoch 050] train_loss=0.4746, train_hard=0.5928, train_soft=0.3473, train_logit_mse=0.6249, train_feature_mse=0.0009, train_acc=0.8054, alpha=0.442, val_acc=0.7575, val_macro_f1=0.5612, val_weighted_f1=0.7287, lr=0.000159, epoch_time=18.30s
[Epoch 051] train_loss=0.4755, train_hard=0.5919, train_soft=0.3474, train_logit_mse=0.6254, train_feature_mse=0.0009, train_acc=0.8043, alpha=0.447, val_acc=0.7624, val_macro_f1=0.5711, val_weighted_f1=0.7363, lr=0.000145, epoch_time=18.07s
[Epoch 052] train_loss=0.4755, train_hard=0.5877, train_soft=0.3484, train_logit_mse=0.6289, train_feature_mse=0.0009, train_acc=0.8065, alpha=0.452, val_acc=0.7666, val_macro_f1=0.5775, val_weighted_f1=0.7426, lr=0.000132, epoch_time=18.27s
[Epoch 053] train_loss=0.4783, train_hard=0.5908, train_soft=0.3488, train_logit_mse=0.6287, train_feature_mse=0.0009, train_acc=0.8075, alpha=0.457, val_acc=0.7673, val_macro_f1=0.5830, val_weighted_f1=0.7427, lr=0.000119, epoch_time=18.27s
  -> New best KD student saved to /users/40370279/csc4006/code/experiments/5__teacher_model_comparison/checkpoints/kd_student_small_xlarge_teacher_seed42.pt
[Epoch 054] train_loss=0.4723, train_hard=0.5844, train_soft=0.3416, train_logit_mse=0.6178, train_feature_mse=0.0009, train_acc=0.8094, alpha=0.462, val_acc=0.7618, val_macro_f1=0.5708, val_weighted_f1=0.7351, lr=0.000108, epoch_time=18.34s
[Epoch 055] train_loss=0.4740, train_hard=0.5836, train_soft=0.3432, train_logit_mse=0.6214, train_feature_mse=0.0009, train_acc=0.8079, alpha=0.466, val_acc=0.7630, val_macro_f1=0.5714, val_weighted_f1=0.7369, lr=0.000096, epoch_time=18.18s
[Epoch 056] train_loss=0.4749, train_hard=0.5841, train_soft=0.3427, train_logit_mse=0.6187, train_feature_mse=0.0009, train_acc=0.8084, alpha=0.471, val_acc=0.7654, val_macro_f1=0.5741, val_weighted_f1=0.7392, lr=0.000085, epoch_time=18.41s
[Epoch 057] train_loss=0.4760, train_hard=0.5837, train_soft=0.3433, train_logit_mse=0.6214, train_feature_mse=0.0009, train_acc=0.8081, alpha=0.474, val_acc=0.7673, val_macro_f1=0.5772, val_weighted_f1=0.7418, lr=0.000075, epoch_time=18.31s
[Epoch 058] train_loss=0.4768, train_hard=0.5831, train_soft=0.3437, train_logit_mse=0.6204, train_feature_mse=0.0009, train_acc=0.8077, alpha=0.478, val_acc=0.7654, val_macro_f1=0.5745, val_weighted_f1=0.7392, lr=0.000066, epoch_time=18.28s
[Epoch 059] train_loss=0.4739, train_hard=0.5795, train_soft=0.3403, train_logit_mse=0.6140, train_feature_mse=0.0009, train_acc=0.8079, alpha=0.482, val_acc=0.7673, val_macro_f1=0.5762, val_weighted_f1=0.7416, lr=0.000057, epoch_time=18.11s
[Epoch 060] train_loss=0.4793, train_hard=0.5882, train_soft=0.3410, train_logit_mse=0.6157, train_feature_mse=0.0009, train_acc=0.8059, alpha=0.485, val_acc=0.7660, val_macro_f1=0.5754, val_weighted_f1=0.7398, lr=0.000049, epoch_time=18.29s
[Epoch 061] train_loss=0.4805, train_hard=0.5829, train_soft=0.3464, train_logit_mse=0.6271, train_feature_mse=0.0009, train_acc=0.8091, alpha=0.488, val_acc=0.7660, val_macro_f1=0.5759, val_weighted_f1=0.7404, lr=0.000042, epoch_time=18.39s
[Epoch 062] train_loss=0.4770, train_hard=0.5799, train_soft=0.3417, train_logit_mse=0.6182, train_feature_mse=0.0008, train_acc=0.8110, alpha=0.490, val_acc=0.7673, val_macro_f1=0.5764, val_weighted_f1=0.7413, lr=0.000035, epoch_time=18.25s
[Epoch 063] train_loss=0.4806, train_hard=0.5844, train_soft=0.3431, train_logit_mse=0.6212, train_feature_mse=0.0008, train_acc=0.8087, alpha=0.492, val_acc=0.7673, val_macro_f1=0.5771, val_weighted_f1=0.7418, lr=0.000029, epoch_time=18.40s
[Epoch 064] train_loss=0.4781, train_hard=0.5791, train_soft=0.3426, train_logit_mse=0.6183, train_feature_mse=0.0008, train_acc=0.8104, alpha=0.494, val_acc=0.7685, val_macro_f1=0.5792, val_weighted_f1=0.7441, lr=0.000024, epoch_time=18.24s
[Epoch 065] train_loss=0.4805, train_hard=0.5836, train_soft=0.3422, train_logit_mse=0.6178, train_feature_mse=0.0008, train_acc=0.8081, alpha=0.496, val_acc=0.7648, val_macro_f1=0.5742, val_weighted_f1=0.7385, lr=0.000020, epoch_time=18.29s
[Epoch 066] train_loss=0.4801, train_hard=0.5832, train_soft=0.3412, train_logit_mse=0.6175, train_feature_mse=0.0008, train_acc=0.8109, alpha=0.498, val_acc=0.7624, val_macro_f1=0.5713, val_weighted_f1=0.7360, lr=0.000016, epoch_time=18.25s
[Epoch 067] train_loss=0.4751, train_hard=0.5778, train_soft=0.3365, train_logit_mse=0.6092, train_feature_mse=0.0008, train_acc=0.8110, alpha=0.499, val_acc=0.7660, val_macro_f1=0.5759, val_weighted_f1=0.7404, lr=0.000014, epoch_time=18.22s
[Epoch 068] train_loss=0.4799, train_hard=0.5815, train_soft=0.3414, train_logit_mse=0.6173, train_feature_mse=0.0008, train_acc=0.8096, alpha=0.499, val_acc=0.7654, val_macro_f1=0.5745, val_weighted_f1=0.7398, lr=0.000012, epoch_time=18.16s
Early stopping triggered.
Loaded best KD student checkpoint for final test evaluation.
Best validation macro-F1: 0.5830
Best epoch: 53
Time to best model: 971.53 seconds
Checkpoint size (MB): 0.143
Student size: small
Teacher used: /users/40370279/csc4006/code/experiments/5__teacher_model_comparison/checkpoints/teacher_xlarge_seed42.pt
Teacher arch: TeacherCNN
Teacher size: xlarge
Checkpoint seed: 42
Test accuracy (KD student): 0.7745
Test macro-F1 (KD student): 0.5847
Test weighted-F1 (KD student): 0.7517
Test classification report:
              precision    recall  f1-score   support

           0       0.76      0.70      0.73       184
           1       0.33      0.02      0.03        56
           2       0.83      0.50      0.63       256
           3       0.77      0.95      0.85       912
           4       0.75      0.62      0.68       242

    accuracy                           0.77      1650
   macro avg       0.69      0.56      0.58      1650
weighted avg       0.76      0.77      0.75      1650

Test confusion matrix:
[[128   1   4  45   6]
 [  4   1   0  45   6]
 [ 17   0 129  87  23]
 [ 15   1  11 869  16]
 [  4   0  11  76 151]]
Inference latency: 1.4872 ms/sample
Parsed metrics for seed 42:
  Accuracy    = 0.7745
  Macro-F1    = 0.5847
  Weighted-F1 = 0.7517

----- SEED 123 -----
Using device: cuda
Seed: 123
Teacher size: xlarge
Teacher checkpoint path: /users/40370279/csc4006/code/experiments/5__teacher_model_comparison/checkpoints/teacher_xlarge_seed123.pt
Deterministic mode: True
Deterministic warn_only: True
Training: batch_size=64, lr=0.0008, epochs=90, patience=18, warmup_epochs=5, min_lr_factor=0.02, weight_decay=0.001, class_weight_gamma=0.2, label_smoothing=0.03, sampler_power=0.35, grad_clip=1.0, num_workers=2, teacher_size=xlarge, use_weighted_sampler=False, class_weights=True, disable_augmentation=False, ema_decay=0.999
Training set size: 12957
Validation set size: 1637
Test set size: 1650
Number of leads: 12 classes: 5
Classes: ['CD' 'HYP' 'MI' 'NORM' 'STTC']
Training sampler: standard shuffled loader
Trainable parameters: 6342253
Total parameters: 6342253
Estimated model size (MB): 24.255
Class weights: [1.0338018  1.3094392  0.9520142  0.73911804 0.9656268 ]
EMA enabled
[Epoch 001] lr=0.000320, train_loss=0.9142, train_acc=0.7357, val_acc=0.7648, val_macro_f1=0.5738, val_weighted_f1=0.7445, epoch_time=34.44s
  -> Saved best teacher model to /users/40370279/csc4006/code/experiments/5__teacher_model_comparison/checkpoints/teacher_xlarge_seed123.pt
[Epoch 002] lr=0.000480, train_loss=0.8067, train_acc=0.7746, val_acc=0.7471, val_macro_f1=0.5394, val_weighted_f1=0.7114, epoch_time=33.36s
[Epoch 003] lr=0.000640, train_loss=0.7921, train_acc=0.7800, val_acc=0.7410, val_macro_f1=0.5918, val_weighted_f1=0.7317, epoch_time=33.32s
  -> Saved best teacher model to /users/40370279/csc4006/code/experiments/5__teacher_model_comparison/checkpoints/teacher_xlarge_seed123.pt
[Epoch 004] lr=0.000800, train_loss=0.7781, train_acc=0.7861, val_acc=0.7630, val_macro_f1=0.5658, val_weighted_f1=0.7380, epoch_time=33.34s
[Epoch 005] lr=0.000800, train_loss=0.7613, train_acc=0.7932, val_acc=0.7740, val_macro_f1=0.6070, val_weighted_f1=0.7582, epoch_time=33.37s
  -> Saved best teacher model to /users/40370279/csc4006/code/experiments/5__teacher_model_comparison/checkpoints/teacher_xlarge_seed123.pt
[Epoch 006] lr=0.000800, train_loss=0.7448, train_acc=0.7990, val_acc=0.7587, val_macro_f1=0.6095, val_weighted_f1=0.7489, epoch_time=33.41s
  -> Saved best teacher model to /users/40370279/csc4006/code/experiments/5__teacher_model_comparison/checkpoints/teacher_xlarge_seed123.pt
[Epoch 007] lr=0.000799, train_loss=0.7198, train_acc=0.8074, val_acc=0.7422, val_macro_f1=0.6359, val_weighted_f1=0.7461, epoch_time=33.43s
  -> Saved best teacher model to /users/40370279/csc4006/code/experiments/5__teacher_model_comparison/checkpoints/teacher_xlarge_seed123.pt
[Epoch 008] lr=0.000798, train_loss=0.7049, train_acc=0.8108, val_acc=0.7801, val_macro_f1=0.6398, val_weighted_f1=0.7714, epoch_time=33.46s
  -> Saved best teacher model to /users/40370279/csc4006/code/experiments/5__teacher_model_comparison/checkpoints/teacher_xlarge_seed123.pt
[Epoch 009] lr=0.000796, train_loss=0.6903, train_acc=0.8151, val_acc=0.7697, val_macro_f1=0.6355, val_weighted_f1=0.7643, epoch_time=33.51s
[Epoch 010] lr=0.000793, train_loss=0.6769, train_acc=0.8152, val_acc=0.7850, val_macro_f1=0.6214, val_weighted_f1=0.7694, epoch_time=33.43s
[Epoch 011] lr=0.000790, train_loss=0.6615, train_acc=0.8238, val_acc=0.7703, val_macro_f1=0.6362, val_weighted_f1=0.7646, epoch_time=33.35s
[Epoch 012] lr=0.000787, train_loss=0.6525, train_acc=0.8240, val_acc=0.7685, val_macro_f1=0.6345, val_weighted_f1=0.7610, epoch_time=33.33s
[Epoch 013] lr=0.000783, train_loss=0.6400, train_acc=0.8307, val_acc=0.7728, val_macro_f1=0.6379, val_weighted_f1=0.7668, epoch_time=33.51s
[Epoch 014] lr=0.000779, train_loss=0.6227, train_acc=0.8355, val_acc=0.7599, val_macro_f1=0.6563, val_weighted_f1=0.7636, epoch_time=33.53s
  -> Saved best teacher model to /users/40370279/csc4006/code/experiments/5__teacher_model_comparison/checkpoints/teacher_xlarge_seed123.pt
[Epoch 015] lr=0.000774, train_loss=0.6132, train_acc=0.8363, val_acc=0.7844, val_macro_f1=0.6444, val_weighted_f1=0.7747, epoch_time=33.48s
[Epoch 016] lr=0.000768, train_loss=0.6056, train_acc=0.8419, val_acc=0.7807, val_macro_f1=0.6409, val_weighted_f1=0.7729, epoch_time=33.38s
[Epoch 017] lr=0.000762, train_loss=0.5872, train_acc=0.8446, val_acc=0.7801, val_macro_f1=0.6514, val_weighted_f1=0.7763, epoch_time=33.42s
[Epoch 018] lr=0.000756, train_loss=0.5798, train_acc=0.8477, val_acc=0.7935, val_macro_f1=0.6518, val_weighted_f1=0.7834, epoch_time=33.32s
[Epoch 019] lr=0.000749, train_loss=0.5651, train_acc=0.8544, val_acc=0.7746, val_macro_f1=0.6567, val_weighted_f1=0.7705, epoch_time=33.32s
  -> Saved best teacher model to /users/40370279/csc4006/code/experiments/5__teacher_model_comparison/checkpoints/teacher_xlarge_seed123.pt
[Epoch 020] lr=0.000741, train_loss=0.5546, train_acc=0.8589, val_acc=0.7795, val_macro_f1=0.6689, val_weighted_f1=0.7822, epoch_time=33.39s
  -> Saved best teacher model to /users/40370279/csc4006/code/experiments/5__teacher_model_comparison/checkpoints/teacher_xlarge_seed123.pt
[Epoch 021] lr=0.000733, train_loss=0.5412, train_acc=0.8607, val_acc=0.7783, val_macro_f1=0.6551, val_weighted_f1=0.7752, epoch_time=33.34s
[Epoch 022] lr=0.000725, train_loss=0.5258, train_acc=0.8654, val_acc=0.7605, val_macro_f1=0.6527, val_weighted_f1=0.7649, epoch_time=33.45s
[Epoch 023] lr=0.000716, train_loss=0.5107, train_acc=0.8743, val_acc=0.7666, val_macro_f1=0.6479, val_weighted_f1=0.7653, epoch_time=33.39s
[Epoch 024] lr=0.000707, train_loss=0.4927, train_acc=0.8800, val_acc=0.7770, val_macro_f1=0.6724, val_weighted_f1=0.7808, epoch_time=33.32s
  -> Saved best teacher model to /users/40370279/csc4006/code/experiments/5__teacher_model_comparison/checkpoints/teacher_xlarge_seed123.pt
[Epoch 025] lr=0.000698, train_loss=0.4723, train_acc=0.8899, val_acc=0.7856, val_macro_f1=0.6551, val_weighted_f1=0.7773, epoch_time=33.36s
[Epoch 026] lr=0.000688, train_loss=0.4566, train_acc=0.8938, val_acc=0.7630, val_macro_f1=0.6352, val_weighted_f1=0.7573, epoch_time=33.42s
[Epoch 027] lr=0.000677, train_loss=0.4373, train_acc=0.9045, val_acc=0.7654, val_macro_f1=0.6587, val_weighted_f1=0.7686, epoch_time=33.40s
[Epoch 028] lr=0.000667, train_loss=0.4220, train_acc=0.9095, val_acc=0.7532, val_macro_f1=0.6399, val_weighted_f1=0.7571, epoch_time=33.42s
[Epoch 029] lr=0.000656, train_loss=0.4142, train_acc=0.9081, val_acc=0.7605, val_macro_f1=0.6613, val_weighted_f1=0.7657, epoch_time=33.47s
[Epoch 030] lr=0.000644, train_loss=0.3909, train_acc=0.9200, val_acc=0.7666, val_macro_f1=0.6279, val_weighted_f1=0.7541, epoch_time=33.38s
[Epoch 031] lr=0.000633, train_loss=0.3796, train_acc=0.9217, val_acc=0.7740, val_macro_f1=0.6438, val_weighted_f1=0.7661, epoch_time=33.35s
[Epoch 032] lr=0.000620, train_loss=0.3599, train_acc=0.9315, val_acc=0.7721, val_macro_f1=0.6552, val_weighted_f1=0.7709, epoch_time=33.45s
[Epoch 033] lr=0.000608, train_loss=0.3457, train_acc=0.9386, val_acc=0.7740, val_macro_f1=0.6612, val_weighted_f1=0.7738, epoch_time=33.37s
[Epoch 034] lr=0.000596, train_loss=0.3268, train_acc=0.9454, val_acc=0.7489, val_macro_f1=0.6308, val_weighted_f1=0.7493, epoch_time=33.38s
[Epoch 035] lr=0.000583, train_loss=0.3189, train_acc=0.9455, val_acc=0.7758, val_macro_f1=0.6327, val_weighted_f1=0.7645, epoch_time=33.32s
[Epoch 036] lr=0.000570, train_loss=0.3053, train_acc=0.9528, val_acc=0.7679, val_macro_f1=0.6422, val_weighted_f1=0.7640, epoch_time=33.37s
[Epoch 037] lr=0.000556, train_loss=0.2958, train_acc=0.9569, val_acc=0.7618, val_macro_f1=0.6411, val_weighted_f1=0.7595, epoch_time=33.53s
[Epoch 038] lr=0.000543, train_loss=0.2936, train_acc=0.9576, val_acc=0.7459, val_macro_f1=0.6466, val_weighted_f1=0.7509, epoch_time=33.44s
[Epoch 039] lr=0.000529, train_loss=0.2779, train_acc=0.9633, val_acc=0.7685, val_macro_f1=0.6424, val_weighted_f1=0.7642, epoch_time=33.41s
[Epoch 040] lr=0.000515, train_loss=0.2744, train_acc=0.9626, val_acc=0.7581, val_macro_f1=0.6494, val_weighted_f1=0.7614, epoch_time=33.35s
[Epoch 041] lr=0.000501, train_loss=0.2627, train_acc=0.9704, val_acc=0.7611, val_macro_f1=0.6247, val_weighted_f1=0.7553, epoch_time=33.36s
[Epoch 042] lr=0.000487, train_loss=0.2619, train_acc=0.9682, val_acc=0.7434, val_macro_f1=0.6314, val_weighted_f1=0.7481, epoch_time=33.48s
Early stopping

Loaded best checkpoint for final evaluation.
Best validation macro-F1: 0.6724
Best epoch: 24
Time to best model: 811.08 seconds
Checkpoint size (MB): 24.356
Checkpoint seed: 123
Checkpoint teacher size: xlarge
Checkpoint teacher arch: TeacherCNN
Test Accuracy: 0.7679
Test Macro-F1: 0.6414
Test Weighted-F1: 0.7726
Classification Report:
              precision    recall  f1-score   support

           0       0.79      0.72      0.75       184
           1       0.14      0.23      0.18        56
           2       0.82      0.63      0.71       256
           3       0.83      0.86      0.84       912
           4       0.71      0.74      0.72       242

    accuracy                           0.77      1650
   macro avg       0.66      0.64      0.64      1650
weighted avg       0.78      0.77      0.77      1650

Confusion Matrix:
[[132   6   3  34   9]
 [  2  13   1  32   8]
 [  8   5 162  60  21]
 [ 20  52  22 782  36]
 [  5  15  10  34 178]]
Inference latency: 5.8851 ms/sample
Using device: cuda
Seed: 123
Deterministic mode: True
Deterministic warn_only: True
KD hyperparameters: alpha_start=0.200, alpha_end=0.500, temperature=4.00, logit_mse_weight=0.030, feature_mse_weight=0.030, class_weight_gamma=0.00, sampler_power=0.35, label_smoothing=0.000, student_size=small
Training: batch_size=64, lr=0.0008, epochs=70, patience=15, weight_decay=0.002, grad_clip=1.0, num_workers=2, disable_augmentation=False, use_weighted_sampler=False
Teacher checkpoint path: /users/40370279/csc4006/code/experiments/5__teacher_model_comparison/checkpoints/teacher_xlarge_seed123.pt
Student checkpoint path: /users/40370279/csc4006/code/experiments/5__teacher_model_comparison/checkpoints/kd_student_small_xlarge_teacher_seed123.pt
Training set size: 12957
Validation set size: 1637
Test set size: 1650
Number of leads: 12 classes: 5
Classes: ['CD' 'HYP' 'MI' 'NORM' 'STTC']
Trainable parameters (student): 5897
Total parameters (student): 5897
Estimated model size (MB): 0.024
Teacher pooled dim: 1280
Student pooled dim: 18
Class weights: [1. 1. 1. 1. 1.]
Training sampler: standard shuffled loader
[Epoch 001] train_loss=1.5801, train_hard=1.2577, train_soft=1.5614, train_logit_mse=2.5967, train_feature_mse=0.0513, train_acc=0.5292, alpha=0.200, val_acc=0.6378, val_macro_f1=0.3312, val_weighted_f1=0.5444, lr=0.000800, epoch_time=19.50s
  -> New best KD student saved to /users/40370279/csc4006/code/experiments/5__teacher_model_comparison/checkpoints/kd_student_small_xlarge_teacher_seed123.pt
[Epoch 002] train_loss=1.1107, train_hard=0.9685, train_soft=1.0769, train_logit_mse=1.8169, train_feature_mse=0.0320, train_acc=0.6571, alpha=0.200, val_acc=0.6744, val_macro_f1=0.4209, val_weighted_f1=0.6227, lr=0.000798, epoch_time=18.22s
  -> New best KD student saved to /users/40370279/csc4006/code/experiments/5__teacher_model_comparison/checkpoints/kd_student_small_xlarge_teacher_seed123.pt
[Epoch 003] train_loss=0.9984, train_hard=0.9069, train_soft=0.9588, train_logit_mse=1.6425, train_feature_mse=0.0236, train_acc=0.6842, alpha=0.201, val_acc=0.6799, val_macro_f1=0.4269, val_weighted_f1=0.6279, lr=0.000796, epoch_time=18.20s
  -> New best KD student saved to /users/40370279/csc4006/code/experiments/5__teacher_model_comparison/checkpoints/kd_student_small_xlarge_teacher_seed123.pt
[Epoch 004] train_loss=0.9548, train_hard=0.8809, train_soft=0.9137, train_logit_mse=1.5776, train_feature_mse=0.0137, train_acc=0.6966, alpha=0.201, val_acc=0.6878, val_macro_f1=0.4445, val_weighted_f1=0.6421, lr=0.000794, epoch_time=18.33s
  -> New best KD student saved to /users/40370279/csc4006/code/experiments/5__teacher_model_comparison/checkpoints/kd_student_small_xlarge_teacher_seed123.pt
[Epoch 005] train_loss=0.9184, train_hard=0.8605, train_soft=0.8756, train_logit_mse=1.5210, train_feature_mse=0.0071, train_acc=0.7067, alpha=0.202, val_acc=0.7043, val_macro_f1=0.4666, val_weighted_f1=0.6589, lr=0.000790, epoch_time=18.24s
  -> New best KD student saved to /users/40370279/csc4006/code/experiments/5__teacher_model_comparison/checkpoints/kd_student_small_xlarge_teacher_seed123.pt
[Epoch 006] train_loss=0.8719, train_hard=0.8328, train_soft=0.8272, train_logit_mse=1.4492, train_feature_mse=0.0044, train_acc=0.7195, alpha=0.204, val_acc=0.7306, val_macro_f1=0.5137, val_weighted_f1=0.6981, lr=0.000786, epoch_time=18.27s
  -> New best KD student saved to /users/40370279/csc4006/code/experiments/5__teacher_model_comparison/checkpoints/kd_student_small_xlarge_teacher_seed123.pt
[Epoch 007] train_loss=0.8222, train_hard=0.7989, train_soft=0.7764, train_logit_mse=1.3701, train_feature_mse=0.0030, train_acc=0.7361, alpha=0.206, val_acc=0.7343, val_macro_f1=0.5146, val_weighted_f1=0.7004, lr=0.000781, epoch_time=18.23s
  -> New best KD student saved to /users/40370279/csc4006/code/experiments/5__teacher_model_comparison/checkpoints/kd_student_small_xlarge_teacher_seed123.pt
[Epoch 008] train_loss=0.7765, train_hard=0.7760, train_soft=0.7276, train_logit_mse=1.2898, train_feature_mse=0.0026, train_acc=0.7435, alpha=0.208, val_acc=0.7428, val_macro_f1=0.5420, val_weighted_f1=0.7182, lr=0.000775, epoch_time=18.31s
  -> New best KD student saved to /users/40370279/csc4006/code/experiments/5__teacher_model_comparison/checkpoints/kd_student_small_xlarge_teacher_seed123.pt
[Epoch 009] train_loss=0.7309, train_hard=0.7476, train_soft=0.6806, train_logit_mse=1.2066, train_feature_mse=0.0024, train_acc=0.7564, alpha=0.210, val_acc=0.7361, val_macro_f1=0.5164, val_weighted_f1=0.6998, lr=0.000768, epoch_time=18.29s
[Epoch 010] train_loss=0.7001, train_hard=0.7329, train_soft=0.6476, train_logit_mse=1.1460, train_feature_mse=0.0022, train_acc=0.7599, alpha=0.212, val_acc=0.7416, val_macro_f1=0.5305, val_weighted_f1=0.7090, lr=0.000761, epoch_time=18.23s
[Epoch 011] train_loss=0.6685, train_hard=0.7157, train_soft=0.6140, train_logit_mse=1.0855, train_feature_mse=0.0020, train_acc=0.7651, alpha=0.215, val_acc=0.7495, val_macro_f1=0.5486, val_weighted_f1=0.7235, lr=0.000753, epoch_time=18.28s
  -> New best KD student saved to /users/40370279/csc4006/code/experiments/5__teacher_model_comparison/checkpoints/kd_student_small_xlarge_teacher_seed123.pt
[Epoch 012] train_loss=0.6440, train_hard=0.6999, train_soft=0.5884, train_logit_mse=1.0390, train_feature_mse=0.0019, train_acc=0.7683, alpha=0.218, val_acc=0.7544, val_macro_f1=0.5514, val_weighted_f1=0.7295, lr=0.000744, epoch_time=18.17s
  -> New best KD student saved to /users/40370279/csc4006/code/experiments/5__teacher_model_comparison/checkpoints/kd_student_small_xlarge_teacher_seed123.pt
[Epoch 013] train_loss=0.6241, train_hard=0.6951, train_soft=0.5653, train_logit_mse=0.9972, train_feature_mse=0.0018, train_acc=0.7697, alpha=0.222, val_acc=0.7581, val_macro_f1=0.5863, val_weighted_f1=0.7395, lr=0.000735, epoch_time=18.14s
  -> New best KD student saved to /users/40370279/csc4006/code/experiments/5__teacher_model_comparison/checkpoints/kd_student_small_xlarge_teacher_seed123.pt
[Epoch 014] train_loss=0.6102, train_hard=0.6867, train_soft=0.5503, train_logit_mse=0.9697, train_feature_mse=0.0018, train_acc=0.7728, alpha=0.226, val_acc=0.7459, val_macro_f1=0.5507, val_weighted_f1=0.7176, lr=0.000725, epoch_time=18.27s
[Epoch 015] train_loss=0.6040, train_hard=0.6851, train_soft=0.5427, train_logit_mse=0.9533, train_feature_mse=0.0017, train_acc=0.7726, alpha=0.229, val_acc=0.7526, val_macro_f1=0.5671, val_weighted_f1=0.7313, lr=0.000714, epoch_time=18.28s
[Epoch 016] train_loss=0.5938, train_hard=0.6833, train_soft=0.5300, train_logit_mse=0.9338, train_feature_mse=0.0016, train_acc=0.7763, alpha=0.234, val_acc=0.7532, val_macro_f1=0.5681, val_weighted_f1=0.7303, lr=0.000702, epoch_time=18.17s
[Epoch 017] train_loss=0.5861, train_hard=0.6713, train_soft=0.5231, train_logit_mse=0.9217, train_feature_mse=0.0016, train_acc=0.7800, alpha=0.238, val_acc=0.7428, val_macro_f1=0.5486, val_weighted_f1=0.7157, lr=0.000691, epoch_time=18.28s
[Epoch 018] train_loss=0.5700, train_hard=0.6644, train_soft=0.5044, train_logit_mse=0.8894, train_feature_mse=0.0015, train_acc=0.7813, alpha=0.243, val_acc=0.7538, val_macro_f1=0.5649, val_weighted_f1=0.7321, lr=0.000678, epoch_time=18.20s
[Epoch 019] train_loss=0.5641, train_hard=0.6613, train_soft=0.4970, train_logit_mse=0.8776, train_feature_mse=0.0015, train_acc=0.7817, alpha=0.248, val_acc=0.7514, val_macro_f1=0.6007, val_weighted_f1=0.7376, lr=0.000665, epoch_time=18.04s
  -> New best KD student saved to /users/40370279/csc4006/code/experiments/5__teacher_model_comparison/checkpoints/kd_student_small_xlarge_teacher_seed123.pt
[Epoch 020] train_loss=0.5621, train_hard=0.6579, train_soft=0.4947, train_logit_mse=0.8711, train_feature_mse=0.0014, train_acc=0.7815, alpha=0.253, val_acc=0.7569, val_macro_f1=0.5943, val_weighted_f1=0.7407, lr=0.000651, epoch_time=18.34s
[Epoch 021] train_loss=0.5584, train_hard=0.6557, train_soft=0.4896, train_logit_mse=0.8614, train_feature_mse=0.0014, train_acc=0.7813, alpha=0.258, val_acc=0.7563, val_macro_f1=0.5677, val_weighted_f1=0.7341, lr=0.000637, epoch_time=18.22s
[Epoch 022] train_loss=0.5571, train_hard=0.6532, train_soft=0.4877, train_logit_mse=0.8582, train_feature_mse=0.0014, train_acc=0.7834, alpha=0.263, val_acc=0.7605, val_macro_f1=0.6169, val_weighted_f1=0.7496, lr=0.000623, epoch_time=18.35s
  -> New best KD student saved to /users/40370279/csc4006/code/experiments/5__teacher_model_comparison/checkpoints/kd_student_small_xlarge_teacher_seed123.pt
[Epoch 023] train_loss=0.5525, train_hard=0.6495, train_soft=0.4818, train_logit_mse=0.8516, train_feature_mse=0.0013, train_acc=0.7869, alpha=0.269, val_acc=0.7581, val_macro_f1=0.6043, val_weighted_f1=0.7426, lr=0.000608, epoch_time=18.22s
[Epoch 024] train_loss=0.5456, train_hard=0.6455, train_soft=0.4731, train_logit_mse=0.8355, train_feature_mse=0.0013, train_acc=0.7849, alpha=0.275, val_acc=0.7550, val_macro_f1=0.5772, val_weighted_f1=0.7341, lr=0.000592, epoch_time=18.18s
[Epoch 025] train_loss=0.5454, train_hard=0.6435, train_soft=0.4722, train_logit_mse=0.8345, train_feature_mse=0.0013, train_acc=0.7871, alpha=0.281, val_acc=0.7453, val_macro_f1=0.5682, val_weighted_f1=0.7198, lr=0.000576, epoch_time=18.17s
[Epoch 026] train_loss=0.5440, train_hard=0.6414, train_soft=0.4698, train_logit_mse=0.8306, train_feature_mse=0.0013, train_acc=0.7878, alpha=0.287, val_acc=0.7557, val_macro_f1=0.5849, val_weighted_f1=0.7375, lr=0.000560, epoch_time=18.16s
[Epoch 027] train_loss=0.5392, train_hard=0.6419, train_soft=0.4619, train_logit_mse=0.8147, train_feature_mse=0.0012, train_acc=0.7866, alpha=0.293, val_acc=0.7483, val_macro_f1=0.5819, val_weighted_f1=0.7272, lr=0.000544, epoch_time=18.27s
[Epoch 028] train_loss=0.5357, train_hard=0.6350, train_soft=0.4584, train_logit_mse=0.8106, train_feature_mse=0.0012, train_acc=0.7896, alpha=0.300, val_acc=0.7611, val_macro_f1=0.5893, val_weighted_f1=0.7419, lr=0.000527, epoch_time=18.38s
[Epoch 029] train_loss=0.5351, train_hard=0.6323, train_soft=0.4572, train_logit_mse=0.8059, train_feature_mse=0.0012, train_acc=0.7918, alpha=0.306, val_acc=0.7520, val_macro_f1=0.5978, val_weighted_f1=0.7337, lr=0.000510, epoch_time=18.23s
[Epoch 030] train_loss=0.5383, train_hard=0.6406, train_soft=0.4565, train_logit_mse=0.8057, train_feature_mse=0.0012, train_acc=0.7863, alpha=0.313, val_acc=0.7587, val_macro_f1=0.5964, val_weighted_f1=0.7427, lr=0.000493, epoch_time=18.26s
[Epoch 031] train_loss=0.5301, train_hard=0.6316, train_soft=0.4474, train_logit_mse=0.7921, train_feature_mse=0.0012, train_acc=0.7931, alpha=0.319, val_acc=0.7636, val_macro_f1=0.6167, val_weighted_f1=0.7511, lr=0.000476, epoch_time=18.19s
[Epoch 032] train_loss=0.5271, train_hard=0.6292, train_soft=0.4427, train_logit_mse=0.7839, train_feature_mse=0.0012, train_acc=0.7928, alpha=0.326, val_acc=0.7502, val_macro_f1=0.5959, val_weighted_f1=0.7346, lr=0.000458, epoch_time=18.20s
[Epoch 033] train_loss=0.5274, train_hard=0.6245, train_soft=0.4436, train_logit_mse=0.7844, train_feature_mse=0.0012, train_acc=0.7927, alpha=0.333, val_acc=0.7654, val_macro_f1=0.6180, val_weighted_f1=0.7516, lr=0.000440, epoch_time=18.34s
  -> New best KD student saved to /users/40370279/csc4006/code/experiments/5__teacher_model_comparison/checkpoints/kd_student_small_xlarge_teacher_seed123.pt
[Epoch 034] train_loss=0.5241, train_hard=0.6169, train_soft=0.4408, train_logit_mse=0.7795, train_feature_mse=0.0011, train_acc=0.7966, alpha=0.340, val_acc=0.7508, val_macro_f1=0.5966, val_weighted_f1=0.7321, lr=0.000423, epoch_time=18.33s
[Epoch 035] train_loss=0.5288, train_hard=0.6223, train_soft=0.4432, train_logit_mse=0.7835, train_feature_mse=0.0011, train_acc=0.7946, alpha=0.347, val_acc=0.7636, val_macro_f1=0.6043, val_weighted_f1=0.7461, lr=0.000405, epoch_time=18.21s
[Epoch 036] train_loss=0.5260, train_hard=0.6239, train_soft=0.4366, train_logit_mse=0.7718, train_feature_mse=0.0011, train_acc=0.7925, alpha=0.353, val_acc=0.7624, val_macro_f1=0.6165, val_weighted_f1=0.7495, lr=0.000387, epoch_time=18.20s
[Epoch 037] train_loss=0.5236, train_hard=0.6187, train_soft=0.4340, train_logit_mse=0.7676, train_feature_mse=0.0011, train_acc=0.7953, alpha=0.360, val_acc=0.7624, val_macro_f1=0.5926, val_weighted_f1=0.7429, lr=0.000370, epoch_time=18.20s
[Epoch 038] train_loss=0.5214, train_hard=0.6176, train_soft=0.4295, train_logit_mse=0.7619, train_feature_mse=0.0011, train_acc=0.7941, alpha=0.367, val_acc=0.7605, val_macro_f1=0.6163, val_weighted_f1=0.7473, lr=0.000352, epoch_time=18.12s
[Epoch 039] train_loss=0.5243, train_hard=0.6186, train_soft=0.4314, train_logit_mse=0.7641, train_feature_mse=0.0011, train_acc=0.7960, alpha=0.374, val_acc=0.7618, val_macro_f1=0.5891, val_weighted_f1=0.7438, lr=0.000334, epoch_time=18.24s
[Epoch 040] train_loss=0.5205, train_hard=0.6099, train_soft=0.4288, train_logit_mse=0.7594, train_feature_mse=0.0011, train_acc=0.7986, alpha=0.381, val_acc=0.7703, val_macro_f1=0.6272, val_weighted_f1=0.7579, lr=0.000317, epoch_time=18.29s
  -> New best KD student saved to /users/40370279/csc4006/code/experiments/5__teacher_model_comparison/checkpoints/kd_student_small_xlarge_teacher_seed123.pt
[Epoch 041] train_loss=0.5226, train_hard=0.6148, train_soft=0.4272, train_logit_mse=0.7582, train_feature_mse=0.0010, train_acc=0.7983, alpha=0.387, val_acc=0.7605, val_macro_f1=0.6002, val_weighted_f1=0.7428, lr=0.000300, epoch_time=18.33s
[Epoch 042] train_loss=0.5207, train_hard=0.6117, train_soft=0.4243, train_logit_mse=0.7522, train_feature_mse=0.0010, train_acc=0.8012, alpha=0.394, val_acc=0.7544, val_macro_f1=0.5863, val_weighted_f1=0.7345, lr=0.000283, epoch_time=18.27s
[Epoch 043] train_loss=0.5210, train_hard=0.6088, train_soft=0.4246, train_logit_mse=0.7530, train_feature_mse=0.0010, train_acc=0.7982, alpha=0.400, val_acc=0.7514, val_macro_f1=0.5865, val_weighted_f1=0.7318, lr=0.000266, epoch_time=18.28s
[Epoch 044] train_loss=0.5223, train_hard=0.6098, train_soft=0.4242, train_logit_mse=0.7533, train_feature_mse=0.0010, train_acc=0.7993, alpha=0.407, val_acc=0.7611, val_macro_f1=0.5829, val_weighted_f1=0.7414, lr=0.000250, epoch_time=18.42s
[Epoch 045] train_loss=0.5202, train_hard=0.6088, train_soft=0.4199, train_logit_mse=0.7430, train_feature_mse=0.0010, train_acc=0.7990, alpha=0.413, val_acc=0.7605, val_macro_f1=0.6072, val_weighted_f1=0.7431, lr=0.000234, epoch_time=18.27s
[Epoch 046] train_loss=0.5212, train_hard=0.6051, train_soft=0.4219, train_logit_mse=0.7488, train_feature_mse=0.0010, train_acc=0.8012, alpha=0.419, val_acc=0.7581, val_macro_f1=0.5873, val_weighted_f1=0.7395, lr=0.000218, epoch_time=18.45s
[Epoch 047] train_loss=0.5250, train_hard=0.6109, train_soft=0.4225, train_logit_mse=0.7482, train_feature_mse=0.0010, train_acc=0.8001, alpha=0.425, val_acc=0.7679, val_macro_f1=0.6042, val_weighted_f1=0.7523, lr=0.000202, epoch_time=18.41s
[Epoch 048] train_loss=0.5225, train_hard=0.6039, train_soft=0.4213, train_logit_mse=0.7493, train_feature_mse=0.0010, train_acc=0.7952, alpha=0.431, val_acc=0.7648, val_macro_f1=0.6066, val_weighted_f1=0.7485, lr=0.000187, epoch_time=18.33s
[Epoch 049] train_loss=0.5263, train_hard=0.6077, train_soft=0.4233, train_logit_mse=0.7501, train_feature_mse=0.0010, train_acc=0.8012, alpha=0.437, val_acc=0.7563, val_macro_f1=0.5885, val_weighted_f1=0.7356, lr=0.000173, epoch_time=18.33s
[Epoch 050] train_loss=0.5172, train_hard=0.5994, train_soft=0.4127, train_logit_mse=0.7331, train_feature_mse=0.0009, train_acc=0.8002, alpha=0.442, val_acc=0.7618, val_macro_f1=0.6004, val_weighted_f1=0.7436, lr=0.000159, epoch_time=18.21s
[Epoch 051] train_loss=0.5180, train_hard=0.5988, train_soft=0.4128, train_logit_mse=0.7329, train_feature_mse=0.0010, train_acc=0.8052, alpha=0.447, val_acc=0.7593, val_macro_f1=0.5864, val_weighted_f1=0.7419, lr=0.000145, epoch_time=18.38s
[Epoch 052] train_loss=0.5229, train_hard=0.6043, train_soft=0.4153, train_logit_mse=0.7360, train_feature_mse=0.0010, train_acc=0.8010, alpha=0.452, val_acc=0.7550, val_macro_f1=0.5916, val_weighted_f1=0.7359, lr=0.000132, epoch_time=18.30s
[Epoch 053] train_loss=0.5227, train_hard=0.6018, train_soft=0.4153, train_logit_mse=0.7385, train_feature_mse=0.0009, train_acc=0.7987, alpha=0.457, val_acc=0.7587, val_macro_f1=0.5920, val_weighted_f1=0.7402, lr=0.000119, epoch_time=18.51s
[Epoch 054] train_loss=0.5150, train_hard=0.5932, train_soft=0.4074, train_logit_mse=0.7252, train_feature_mse=0.0009, train_acc=0.8069, alpha=0.462, val_acc=0.7599, val_macro_f1=0.5919, val_weighted_f1=0.7420, lr=0.000108, epoch_time=18.14s
[Epoch 055] train_loss=0.5187, train_hard=0.5941, train_soft=0.4116, train_logit_mse=0.7306, train_feature_mse=0.0009, train_acc=0.8038, alpha=0.466, val_acc=0.7618, val_macro_f1=0.5933, val_weighted_f1=0.7428, lr=0.000096, epoch_time=18.19s
Early stopping triggered.
Loaded best KD student checkpoint for final test evaluation.
Best validation macro-F1: 0.6272
Best epoch: 40
Time to best model: 731.74 seconds
Checkpoint size (MB): 0.143
Student size: small
Teacher used: /users/40370279/csc4006/code/experiments/5__teacher_model_comparison/checkpoints/teacher_xlarge_seed123.pt
Teacher arch: TeacherCNN
Teacher size: xlarge
Checkpoint seed: 123
Test accuracy (KD student): 0.7782
Test macro-F1 (KD student): 0.6119
Test weighted-F1 (KD student): 0.7635
Test classification report:
              precision    recall  f1-score   support

           0       0.77      0.67      0.72       184
           1       0.23      0.09      0.13        56
           2       0.81      0.54      0.64       256
           3       0.80      0.93      0.86       912
           4       0.73      0.70      0.71       242

    accuracy                           0.78      1650
   macro avg       0.67      0.58      0.61      1650
weighted avg       0.77      0.78      0.76      1650

Test confusion matrix:
[[123   2   5  48   6]
 [  3   5   2  39   7]
 [ 14   1 137  78  26]
 [ 16   9  12 850  25]
 [  3   5  14  51 169]]
Inference latency: 1.4994 ms/sample
Parsed metrics for seed 123:
  Accuracy    = 0.7782
  Macro-F1    = 0.6119
  Weighted-F1 = 0.7635

----- SEED 999 -----
Using device: cuda
Seed: 999
Teacher size: xlarge
Teacher checkpoint path: /users/40370279/csc4006/code/experiments/5__teacher_model_comparison/checkpoints/teacher_xlarge_seed999.pt
Deterministic mode: True
Deterministic warn_only: True
Training: batch_size=64, lr=0.0008, epochs=90, patience=18, warmup_epochs=5, min_lr_factor=0.02, weight_decay=0.001, class_weight_gamma=0.2, label_smoothing=0.03, sampler_power=0.35, grad_clip=1.0, num_workers=2, teacher_size=xlarge, use_weighted_sampler=False, class_weights=True, disable_augmentation=False, ema_decay=0.999
Training set size: 12957
Validation set size: 1637
Test set size: 1650
Number of leads: 12 classes: 5
Classes: ['CD' 'HYP' 'MI' 'NORM' 'STTC']
Training sampler: standard shuffled loader
Trainable parameters: 6342253
Total parameters: 6342253
Estimated model size (MB): 24.255
Class weights: [1.0338018  1.3094392  0.9520142  0.73911804 0.9656268 ]
EMA enabled
[Epoch 001] lr=0.000320, train_loss=0.9177, train_acc=0.7369, val_acc=0.7557, val_macro_f1=0.5688, val_weighted_f1=0.7400, epoch_time=34.43s
  -> Saved best teacher model to /users/40370279/csc4006/code/experiments/5__teacher_model_comparison/checkpoints/teacher_xlarge_seed999.pt
[Epoch 002] lr=0.000480, train_loss=0.8112, train_acc=0.7729, val_acc=0.7721, val_macro_f1=0.5807, val_weighted_f1=0.7500, epoch_time=33.49s
  -> Saved best teacher model to /users/40370279/csc4006/code/experiments/5__teacher_model_comparison/checkpoints/teacher_xlarge_seed999.pt
[Epoch 003] lr=0.000640, train_loss=0.7883, train_acc=0.7834, val_acc=0.7392, val_macro_f1=0.5541, val_weighted_f1=0.7244, epoch_time=33.41s
[Epoch 004] lr=0.000800, train_loss=0.7727, train_acc=0.7900, val_acc=0.7495, val_macro_f1=0.5887, val_weighted_f1=0.7413, epoch_time=33.36s
  -> Saved best teacher model to /users/40370279/csc4006/code/experiments/5__teacher_model_comparison/checkpoints/teacher_xlarge_seed999.pt
[Epoch 005] lr=0.000800, train_loss=0.7595, train_acc=0.7909, val_acc=0.7495, val_macro_f1=0.6073, val_weighted_f1=0.7402, epoch_time=33.41s
  -> Saved best teacher model to /users/40370279/csc4006/code/experiments/5__teacher_model_comparison/checkpoints/teacher_xlarge_seed999.pt
[Epoch 006] lr=0.000800, train_loss=0.7411, train_acc=0.8017, val_acc=0.7709, val_macro_f1=0.5693, val_weighted_f1=0.7458, epoch_time=33.41s
[Epoch 007] lr=0.000799, train_loss=0.7210, train_acc=0.8032, val_acc=0.7483, val_macro_f1=0.5885, val_weighted_f1=0.7364, epoch_time=33.46s
[Epoch 008] lr=0.000798, train_loss=0.7009, train_acc=0.8132, val_acc=0.7575, val_macro_f1=0.6220, val_weighted_f1=0.7516, epoch_time=33.40s
  -> Saved best teacher model to /users/40370279/csc4006/code/experiments/5__teacher_model_comparison/checkpoints/teacher_xlarge_seed999.pt
[Epoch 009] lr=0.000796, train_loss=0.6820, train_acc=0.8173, val_acc=0.7728, val_macro_f1=0.6275, val_weighted_f1=0.7573, epoch_time=33.39s
  -> Saved best teacher model to /users/40370279/csc4006/code/experiments/5__teacher_model_comparison/checkpoints/teacher_xlarge_seed999.pt
[Epoch 010] lr=0.000793, train_loss=0.6811, train_acc=0.8162, val_acc=0.7697, val_macro_f1=0.6032, val_weighted_f1=0.7515, epoch_time=33.47s
[Epoch 011] lr=0.000790, train_loss=0.6636, train_acc=0.8213, val_acc=0.7801, val_macro_f1=0.6553, val_weighted_f1=0.7750, epoch_time=33.47s
  -> Saved best teacher model to /users/40370279/csc4006/code/experiments/5__teacher_model_comparison/checkpoints/teacher_xlarge_seed999.pt
[Epoch 012] lr=0.000787, train_loss=0.6476, train_acc=0.8243, val_acc=0.7624, val_macro_f1=0.6284, val_weighted_f1=0.7554, epoch_time=33.35s
[Epoch 013] lr=0.000783, train_loss=0.6457, train_acc=0.8265, val_acc=0.7544, val_macro_f1=0.6305, val_weighted_f1=0.7521, epoch_time=33.35s
[Epoch 014] lr=0.000779, train_loss=0.6318, train_acc=0.8306, val_acc=0.7746, val_macro_f1=0.6139, val_weighted_f1=0.7593, epoch_time=33.38s
[Epoch 015] lr=0.000774, train_loss=0.6133, train_acc=0.8390, val_acc=0.7752, val_macro_f1=0.6299, val_weighted_f1=0.7646, epoch_time=33.42s
[Epoch 016] lr=0.000768, train_loss=0.6032, train_acc=0.8422, val_acc=0.7642, val_macro_f1=0.6470, val_weighted_f1=0.7649, epoch_time=33.46s
[Epoch 017] lr=0.000762, train_loss=0.5963, train_acc=0.8419, val_acc=0.6726, val_macro_f1=0.6067, val_weighted_f1=0.7081, epoch_time=33.37s
[Epoch 018] lr=0.000756, train_loss=0.5859, train_acc=0.8464, val_acc=0.7624, val_macro_f1=0.6504, val_weighted_f1=0.7648, epoch_time=33.40s
[Epoch 019] lr=0.000749, train_loss=0.5715, train_acc=0.8518, val_acc=0.7801, val_macro_f1=0.6315, val_weighted_f1=0.7692, epoch_time=33.49s
[Epoch 020] lr=0.000741, train_loss=0.5554, train_acc=0.8597, val_acc=0.7721, val_macro_f1=0.6387, val_weighted_f1=0.7642, epoch_time=33.43s
[Epoch 021] lr=0.000733, train_loss=0.5455, train_acc=0.8635, val_acc=0.7550, val_macro_f1=0.6451, val_weighted_f1=0.7581, epoch_time=33.50s
[Epoch 022] lr=0.000725, train_loss=0.5256, train_acc=0.8694, val_acc=0.7618, val_macro_f1=0.6629, val_weighted_f1=0.7662, epoch_time=33.39s
  -> Saved best teacher model to /users/40370279/csc4006/code/experiments/5__teacher_model_comparison/checkpoints/teacher_xlarge_seed999.pt
[Epoch 023] lr=0.000716, train_loss=0.5118, train_acc=0.8754, val_acc=0.7764, val_macro_f1=0.6263, val_weighted_f1=0.7624, epoch_time=33.43s
[Epoch 024] lr=0.000707, train_loss=0.4984, train_acc=0.8768, val_acc=0.7795, val_macro_f1=0.6413, val_weighted_f1=0.7696, epoch_time=33.39s
[Epoch 025] lr=0.000698, train_loss=0.4806, train_acc=0.8843, val_acc=0.7691, val_macro_f1=0.6605, val_weighted_f1=0.7697, epoch_time=33.48s
[Epoch 026] lr=0.000688, train_loss=0.4679, train_acc=0.8917, val_acc=0.7569, val_macro_f1=0.6546, val_weighted_f1=0.7616, epoch_time=33.38s
[Epoch 027] lr=0.000677, train_loss=0.4493, train_acc=0.8977, val_acc=0.7538, val_macro_f1=0.6608, val_weighted_f1=0.7661, epoch_time=33.47s
[Epoch 028] lr=0.000667, train_loss=0.4323, train_acc=0.9033, val_acc=0.7697, val_macro_f1=0.6554, val_weighted_f1=0.7687, epoch_time=33.42s
[Epoch 029] lr=0.000656, train_loss=0.4164, train_acc=0.9081, val_acc=0.7758, val_macro_f1=0.6643, val_weighted_f1=0.7717, epoch_time=33.45s
  -> Saved best teacher model to /users/40370279/csc4006/code/experiments/5__teacher_model_comparison/checkpoints/teacher_xlarge_seed999.pt
[Epoch 030] lr=0.000644, train_loss=0.4028, train_acc=0.9125, val_acc=0.7819, val_macro_f1=0.6681, val_weighted_f1=0.7771, epoch_time=33.34s
  -> Saved best teacher model to /users/40370279/csc4006/code/experiments/5__teacher_model_comparison/checkpoints/teacher_xlarge_seed999.pt
[Epoch 031] lr=0.000633, train_loss=0.3803, train_acc=0.9225, val_acc=0.7721, val_macro_f1=0.6623, val_weighted_f1=0.7711, epoch_time=33.38s
[Epoch 032] lr=0.000620, train_loss=0.3729, train_acc=0.9265, val_acc=0.7581, val_macro_f1=0.6524, val_weighted_f1=0.7589, epoch_time=33.42s
[Epoch 033] lr=0.000608, train_loss=0.3599, train_acc=0.9295, val_acc=0.7636, val_macro_f1=0.6455, val_weighted_f1=0.7594, epoch_time=33.38s
[Epoch 034] lr=0.000596, train_loss=0.3428, train_acc=0.9379, val_acc=0.7618, val_macro_f1=0.6482, val_weighted_f1=0.7584, epoch_time=33.50s
[Epoch 035] lr=0.000583, train_loss=0.3268, train_acc=0.9446, val_acc=0.7715, val_macro_f1=0.6485, val_weighted_f1=0.7637, epoch_time=33.43s
[Epoch 036] lr=0.000570, train_loss=0.3119, train_acc=0.9521, val_acc=0.7508, val_macro_f1=0.6451, val_weighted_f1=0.7567, epoch_time=33.46s
[Epoch 037] lr=0.000556, train_loss=0.3067, train_acc=0.9513, val_acc=0.7434, val_macro_f1=0.6422, val_weighted_f1=0.7505, epoch_time=33.45s
[Epoch 038] lr=0.000543, train_loss=0.2998, train_acc=0.9560, val_acc=0.7526, val_macro_f1=0.6457, val_weighted_f1=0.7550, epoch_time=33.33s
[Epoch 039] lr=0.000529, train_loss=0.2882, train_acc=0.9594, val_acc=0.7392, val_macro_f1=0.6375, val_weighted_f1=0.7461, epoch_time=33.50s
[Epoch 040] lr=0.000515, train_loss=0.2788, train_acc=0.9635, val_acc=0.7459, val_macro_f1=0.6416, val_weighted_f1=0.7480, epoch_time=33.33s
[Epoch 041] lr=0.000501, train_loss=0.2743, train_acc=0.9636, val_acc=0.7398, val_macro_f1=0.6401, val_weighted_f1=0.7463, epoch_time=33.33s
[Epoch 042] lr=0.000487, train_loss=0.2610, train_acc=0.9692, val_acc=0.7508, val_macro_f1=0.6208, val_weighted_f1=0.7447, epoch_time=33.38s
[Epoch 043] lr=0.000473, train_loss=0.2569, train_acc=0.9721, val_acc=0.7673, val_macro_f1=0.6328, val_weighted_f1=0.7592, epoch_time=33.46s
[Epoch 044] lr=0.000459, train_loss=0.2452, train_acc=0.9750, val_acc=0.7502, val_macro_f1=0.6376, val_weighted_f1=0.7497, epoch_time=33.44s
[Epoch 045] lr=0.000444, train_loss=0.2469, train_acc=0.9758, val_acc=0.7404, val_macro_f1=0.6347, val_weighted_f1=0.7444, epoch_time=33.39s
[Epoch 046] lr=0.000430, train_loss=0.2354, train_acc=0.9789, val_acc=0.7471, val_macro_f1=0.6241, val_weighted_f1=0.7476, epoch_time=33.42s
[Epoch 047] lr=0.000415, train_loss=0.2361, train_acc=0.9798, val_acc=0.7532, val_macro_f1=0.6293, val_weighted_f1=0.7508, epoch_time=33.41s
[Epoch 048] lr=0.000401, train_loss=0.2317, train_acc=0.9808, val_acc=0.7581, val_macro_f1=0.6117, val_weighted_f1=0.7479, epoch_time=33.45s
Early stopping

Loaded best checkpoint for final evaluation.
Best validation macro-F1: 0.6681
Best epoch: 30
Time to best model: 1007.30 seconds
Checkpoint size (MB): 24.356
Checkpoint seed: 999
Checkpoint teacher size: xlarge
Checkpoint teacher arch: TeacherCNN
Test Accuracy: 0.7964
Test Macro-F1: 0.6503
Test Weighted-F1: 0.7896
Classification Report:
              precision    recall  f1-score   support

           0       0.85      0.70      0.77       184
           1       0.21      0.14      0.17        56
           2       0.82      0.64      0.72       256
           3       0.83      0.91      0.87       912
           4       0.70      0.74      0.72       242

    accuracy                           0.80      1650
   macro avg       0.68      0.63      0.65      1650
weighted avg       0.79      0.80      0.79      1650

Confusion Matrix:
[[129   2   6  37  10]
 [  2   8   1  35  10]
 [  3   4 164  59  26]
 [ 14  16  19 833  30]
 [  3   8  10  41 180]]
Inference latency: 5.9450 ms/sample
Using device: cuda
Seed: 999
Deterministic mode: True
Deterministic warn_only: True
KD hyperparameters: alpha_start=0.200, alpha_end=0.500, temperature=4.00, logit_mse_weight=0.030, feature_mse_weight=0.030, class_weight_gamma=0.00, sampler_power=0.35, label_smoothing=0.000, student_size=small
Training: batch_size=64, lr=0.0008, epochs=70, patience=15, weight_decay=0.002, grad_clip=1.0, num_workers=2, disable_augmentation=False, use_weighted_sampler=False
Teacher checkpoint path: /users/40370279/csc4006/code/experiments/5__teacher_model_comparison/checkpoints/teacher_xlarge_seed999.pt
Student checkpoint path: /users/40370279/csc4006/code/experiments/5__teacher_model_comparison/checkpoints/kd_student_small_xlarge_teacher_seed999.pt
Training set size: 12957
Validation set size: 1637
Test set size: 1650
Number of leads: 12 classes: 5
Classes: ['CD' 'HYP' 'MI' 'NORM' 'STTC']
Trainable parameters (student): 5897
Total parameters (student): 5897
Estimated model size (MB): 0.024
Teacher pooled dim: 1280
Student pooled dim: 18
Class weights: [1. 1. 1. 1. 1.]
Training sampler: standard shuffled loader
[Epoch 001] train_loss=1.7116, train_hard=1.2139, train_soft=1.7311, train_logit_mse=2.7459, train_feature_mse=0.0519, train_acc=0.5557, alpha=0.200, val_acc=0.6145, val_macro_f1=0.2681, val_weighted_f1=0.5307, lr=0.000800, epoch_time=19.58s
  -> New best KD student saved to /users/40370279/csc4006/code/experiments/5__teacher_model_comparison/checkpoints/kd_student_small_xlarge_teacher_seed999.pt
[Epoch 002] train_loss=1.3291, train_hard=0.9762, train_soft=1.3348, train_logit_mse=2.1683, train_feature_mse=0.0320, train_acc=0.6518, alpha=0.200, val_acc=0.6487, val_macro_f1=0.3308, val_weighted_f1=0.5747, lr=0.000798, epoch_time=18.41s
  -> New best KD student saved to /users/40370279/csc4006/code/experiments/5__teacher_model_comparison/checkpoints/kd_student_small_xlarge_teacher_seed999.pt
[Epoch 003] train_loss=1.1646, train_hard=0.8774, train_soft=1.1636, train_logit_mse=1.9243, train_feature_mse=0.0224, train_acc=0.6840, alpha=0.201, val_acc=0.6793, val_macro_f1=0.3743, val_weighted_f1=0.6183, lr=0.000796, epoch_time=18.40s
  -> New best KD student saved to /users/40370279/csc4006/code/experiments/5__teacher_model_comparison/checkpoints/kd_student_small_xlarge_teacher_seed999.pt
[Epoch 004] train_loss=1.0776, train_hard=0.8256, train_soft=1.0728, train_logit_mse=1.8065, train_feature_mse=0.0124, train_acc=0.7070, alpha=0.201, val_acc=0.6665, val_macro_f1=0.3948, val_weighted_f1=0.6062, lr=0.000794, epoch_time=18.43s
  -> New best KD student saved to /users/40370279/csc4006/code/experiments/5__teacher_model_comparison/checkpoints/kd_student_small_xlarge_teacher_seed999.pt
[Epoch 005] train_loss=1.0394, train_hard=0.8079, train_soft=1.0321, train_logit_mse=1.7470, train_feature_mse=0.0068, train_acc=0.7178, alpha=0.202, val_acc=0.7202, val_macro_f1=0.4917, val_weighted_f1=0.6869, lr=0.000790, epoch_time=18.13s
  -> New best KD student saved to /users/40370279/csc4006/code/experiments/5__teacher_model_comparison/checkpoints/kd_student_small_xlarge_teacher_seed999.pt
[Epoch 006] train_loss=0.9815, train_hard=0.7765, train_soft=0.9714, train_logit_mse=1.6591, train_feature_mse=0.0040, train_acc=0.7354, alpha=0.204, val_acc=0.7227, val_macro_f1=0.4952, val_weighted_f1=0.6864, lr=0.000786, epoch_time=18.39s
  -> New best KD student saved to /users/40370279/csc4006/code/experiments/5__teacher_model_comparison/checkpoints/kd_student_small_xlarge_teacher_seed999.pt
[Epoch 007] train_loss=0.9083, train_hard=0.7458, train_soft=0.8928, train_logit_mse=1.5214, train_feature_mse=0.0030, train_acc=0.7526, alpha=0.206, val_acc=0.7349, val_macro_f1=0.5204, val_weighted_f1=0.7066, lr=0.000781, epoch_time=18.23s
  -> New best KD student saved to /users/40370279/csc4006/code/experiments/5__teacher_model_comparison/checkpoints/kd_student_small_xlarge_teacher_seed999.pt
[Epoch 008] train_loss=0.8412, train_hard=0.7166, train_soft=0.8207, train_logit_mse=1.4012, train_feature_mse=0.0026, train_acc=0.7600, alpha=0.208, val_acc=0.7269, val_macro_f1=0.5107, val_weighted_f1=0.6959, lr=0.000775, epoch_time=18.22s
[Epoch 009] train_loss=0.8136, train_hard=0.7053, train_soft=0.7910, train_logit_mse=1.3500, train_feature_mse=0.0024, train_acc=0.7648, alpha=0.210, val_acc=0.7392, val_macro_f1=0.5184, val_weighted_f1=0.7053, lr=0.000768, epoch_time=18.29s
[Epoch 010] train_loss=0.7865, train_hard=0.6899, train_soft=0.7629, train_logit_mse=1.3024, train_feature_mse=0.0022, train_acc=0.7722, alpha=0.212, val_acc=0.7416, val_macro_f1=0.5301, val_weighted_f1=0.7137, lr=0.000761, epoch_time=18.32s
  -> New best KD student saved to /users/40370279/csc4006/code/experiments/5__teacher_model_comparison/checkpoints/kd_student_small_xlarge_teacher_seed999.pt
[Epoch 011] train_loss=0.7720, train_hard=0.6877, train_soft=0.7464, train_logit_mse=1.2729, train_feature_mse=0.0020, train_acc=0.7742, alpha=0.215, val_acc=0.7422, val_macro_f1=0.5388, val_weighted_f1=0.7170, lr=0.000753, epoch_time=18.36s
  -> New best KD student saved to /users/40370279/csc4006/code/experiments/5__teacher_model_comparison/checkpoints/kd_student_small_xlarge_teacher_seed999.pt
[Epoch 012] train_loss=0.7535, train_hard=0.6726, train_soft=0.7283, train_logit_mse=1.2455, train_feature_mse=0.0019, train_acc=0.7776, alpha=0.218, val_acc=0.7447, val_macro_f1=0.5366, val_weighted_f1=0.7177, lr=0.000744, epoch_time=18.33s
[Epoch 013] train_loss=0.7438, train_hard=0.6716, train_soft=0.7171, train_logit_mse=1.2244, train_feature_mse=0.0018, train_acc=0.7818, alpha=0.222, val_acc=0.7459, val_macro_f1=0.5393, val_weighted_f1=0.7180, lr=0.000735, epoch_time=18.29s
  -> New best KD student saved to /users/40370279/csc4006/code/experiments/5__teacher_model_comparison/checkpoints/kd_student_small_xlarge_teacher_seed999.pt
[Epoch 014] train_loss=0.7338, train_hard=0.6668, train_soft=0.7066, train_logit_mse=1.2044, train_feature_mse=0.0017, train_acc=0.7827, alpha=0.226, val_acc=0.7416, val_macro_f1=0.5308, val_weighted_f1=0.7124, lr=0.000725, epoch_time=18.40s
[Epoch 015] train_loss=0.7231, train_hard=0.6569, train_soft=0.6965, train_logit_mse=1.1889, train_feature_mse=0.0017, train_acc=0.7856, alpha=0.229, val_acc=0.7532, val_macro_f1=0.5517, val_weighted_f1=0.7296, lr=0.000714, epoch_time=18.27s
  -> New best KD student saved to /users/40370279/csc4006/code/experiments/5__teacher_model_comparison/checkpoints/kd_student_small_xlarge_teacher_seed999.pt
[Epoch 016] train_loss=0.7126, train_hard=0.6525, train_soft=0.6850, train_logit_mse=1.1721, train_feature_mse=0.0016, train_acc=0.7862, alpha=0.234, val_acc=0.7502, val_macro_f1=0.5501, val_weighted_f1=0.7267, lr=0.000702, epoch_time=18.21s
[Epoch 017] train_loss=0.7054, train_hard=0.6468, train_soft=0.6781, train_logit_mse=1.1585, train_feature_mse=0.0016, train_acc=0.7858, alpha=0.238, val_acc=0.7495, val_macro_f1=0.5390, val_weighted_f1=0.7202, lr=0.000691, epoch_time=18.33s
[Epoch 018] train_loss=0.6975, train_hard=0.6441, train_soft=0.6693, train_logit_mse=1.1441, train_feature_mse=0.0016, train_acc=0.7861, alpha=0.243, val_acc=0.7550, val_macro_f1=0.5513, val_weighted_f1=0.7292, lr=0.000678, epoch_time=18.42s
[Epoch 019] train_loss=0.6966, train_hard=0.6450, train_soft=0.6680, train_logit_mse=1.1412, train_feature_mse=0.0015, train_acc=0.7848, alpha=0.248, val_acc=0.7587, val_macro_f1=0.5592, val_weighted_f1=0.7361, lr=0.000665, epoch_time=18.27s
  -> New best KD student saved to /users/40370279/csc4006/code/experiments/5__teacher_model_comparison/checkpoints/kd_student_small_xlarge_teacher_seed999.pt
[Epoch 020] train_loss=0.6896, train_hard=0.6412, train_soft=0.6606, train_logit_mse=1.1277, train_feature_mse=0.0015, train_acc=0.7875, alpha=0.253, val_acc=0.7526, val_macro_f1=0.5460, val_weighted_f1=0.7245, lr=0.000651, epoch_time=18.22s
[Epoch 021] train_loss=0.6779, train_hard=0.6308, train_soft=0.6493, train_logit_mse=1.1118, train_feature_mse=0.0015, train_acc=0.7902, alpha=0.258, val_acc=0.7495, val_macro_f1=0.5386, val_weighted_f1=0.7205, lr=0.000637, epoch_time=18.22s
[Epoch 022] train_loss=0.6716, train_hard=0.6295, train_soft=0.6419, train_logit_mse=1.0996, train_feature_mse=0.0015, train_acc=0.7949, alpha=0.263, val_acc=0.7532, val_macro_f1=0.5482, val_weighted_f1=0.7270, lr=0.000623, epoch_time=18.27s
[Epoch 023] train_loss=0.6654, train_hard=0.6305, train_soft=0.6337, train_logit_mse=1.0853, train_feature_mse=0.0015, train_acc=0.7919, alpha=0.269, val_acc=0.7605, val_macro_f1=0.5596, val_weighted_f1=0.7372, lr=0.000608, epoch_time=18.19s
  -> New best KD student saved to /users/40370279/csc4006/code/experiments/5__teacher_model_comparison/checkpoints/kd_student_small_xlarge_teacher_seed999.pt
[Epoch 024] train_loss=0.6611, train_hard=0.6239, train_soft=0.6304, train_logit_mse=1.0801, train_feature_mse=0.0015, train_acc=0.7937, alpha=0.275, val_acc=0.7502, val_macro_f1=0.5395, val_weighted_f1=0.7208, lr=0.000592, epoch_time=18.35s
[Epoch 025] train_loss=0.6506, train_hard=0.6165, train_soft=0.6195, train_logit_mse=1.0625, train_feature_mse=0.0014, train_acc=0.7947, alpha=0.281, val_acc=0.7459, val_macro_f1=0.5381, val_weighted_f1=0.7166, lr=0.000576, epoch_time=18.24s
[Epoch 026] train_loss=0.6484, train_hard=0.6165, train_soft=0.6166, train_logit_mse=1.0589, train_feature_mse=0.0014, train_acc=0.7947, alpha=0.287, val_acc=0.7587, val_macro_f1=0.5567, val_weighted_f1=0.7327, lr=0.000560, epoch_time=18.28s
[Epoch 027] train_loss=0.6430, train_hard=0.6097, train_soft=0.6120, train_logit_mse=1.0516, train_feature_mse=0.0014, train_acc=0.7958, alpha=0.293, val_acc=0.7514, val_macro_f1=0.5410, val_weighted_f1=0.7211, lr=0.000544, epoch_time=18.26s
[Epoch 028] train_loss=0.6386, train_hard=0.6132, train_soft=0.6048, train_logit_mse=1.0392, train_feature_mse=0.0013, train_acc=0.7985, alpha=0.300, val_acc=0.7489, val_macro_f1=0.5439, val_weighted_f1=0.7217, lr=0.000527, epoch_time=18.34s
[Epoch 029] train_loss=0.6332, train_hard=0.6065, train_soft=0.6003, train_logit_mse=1.0320, train_feature_mse=0.0013, train_acc=0.8014, alpha=0.306, val_acc=0.7593, val_macro_f1=0.5635, val_weighted_f1=0.7375, lr=0.000510, epoch_time=18.40s
  -> New best KD student saved to /users/40370279/csc4006/code/experiments/5__teacher_model_comparison/checkpoints/kd_student_small_xlarge_teacher_seed999.pt
[Epoch 030] train_loss=0.6312, train_hard=0.6045, train_soft=0.5984, train_logit_mse=1.0287, train_feature_mse=0.0013, train_acc=0.7998, alpha=0.313, val_acc=0.7563, val_macro_f1=0.5529, val_weighted_f1=0.7292, lr=0.000493, epoch_time=18.44s
[Epoch 031] train_loss=0.6285, train_hard=0.6043, train_soft=0.5947, train_logit_mse=1.0251, train_feature_mse=0.0013, train_acc=0.8013, alpha=0.319, val_acc=0.7575, val_macro_f1=0.5567, val_weighted_f1=0.7330, lr=0.000476, epoch_time=18.34s
[Epoch 032] train_loss=0.6333, train_hard=0.6102, train_soft=0.5987, train_logit_mse=1.0276, train_feature_mse=0.0013, train_acc=0.7971, alpha=0.326, val_acc=0.7557, val_macro_f1=0.5524, val_weighted_f1=0.7296, lr=0.000458, epoch_time=18.36s
[Epoch 033] train_loss=0.6240, train_hard=0.6019, train_soft=0.5892, train_logit_mse=1.0156, train_feature_mse=0.0013, train_acc=0.8006, alpha=0.333, val_acc=0.7636, val_macro_f1=0.5689, val_weighted_f1=0.7413, lr=0.000440, epoch_time=18.42s
  -> New best KD student saved to /users/40370279/csc4006/code/experiments/5__teacher_model_comparison/checkpoints/kd_student_small_xlarge_teacher_seed999.pt
[Epoch 034] train_loss=0.6172, train_hard=0.5975, train_soft=0.5818, train_logit_mse=1.0006, train_feature_mse=0.0012, train_acc=0.8022, alpha=0.340, val_acc=0.7550, val_macro_f1=0.5526, val_weighted_f1=0.7291, lr=0.000423, epoch_time=18.46s
[Epoch 035] train_loss=0.6150, train_hard=0.5975, train_soft=0.5785, train_logit_mse=0.9969, train_feature_mse=0.0012, train_acc=0.8050, alpha=0.347, val_acc=0.7593, val_macro_f1=0.5571, val_weighted_f1=0.7335, lr=0.000405, epoch_time=18.34s
[Epoch 036] train_loss=0.6143, train_hard=0.5945, train_soft=0.5789, train_logit_mse=0.9976, train_feature_mse=0.0012, train_acc=0.8037, alpha=0.353, val_acc=0.7648, val_macro_f1=0.5635, val_weighted_f1=0.7389, lr=0.000387, epoch_time=18.26s
[Epoch 037] train_loss=0.6138, train_hard=0.5938, train_soft=0.5782, train_logit_mse=0.9966, train_feature_mse=0.0012, train_acc=0.8028, alpha=0.360, val_acc=0.7587, val_macro_f1=0.5550, val_weighted_f1=0.7329, lr=0.000370, epoch_time=18.30s
[Epoch 038] train_loss=0.6148, train_hard=0.5969, train_soft=0.5779, train_logit_mse=0.9944, train_feature_mse=0.0012, train_acc=0.8005, alpha=0.367, val_acc=0.7532, val_macro_f1=0.5512, val_weighted_f1=0.7288, lr=0.000352, epoch_time=18.46s
[Epoch 039] train_loss=0.6092, train_hard=0.5894, train_soft=0.5737, train_logit_mse=0.9878, train_feature_mse=0.0012, train_acc=0.8033, alpha=0.374, val_acc=0.7593, val_macro_f1=0.5579, val_weighted_f1=0.7336, lr=0.000334, epoch_time=18.51s
[Epoch 040] train_loss=0.6000, train_hard=0.5846, train_soft=0.5624, train_logit_mse=0.9707, train_feature_mse=0.0012, train_acc=0.8038, alpha=0.381, val_acc=0.7605, val_macro_f1=0.5586, val_weighted_f1=0.7344, lr=0.000317, epoch_time=18.51s
[Epoch 041] train_loss=0.6031, train_hard=0.5863, train_soft=0.5658, train_logit_mse=0.9756, train_feature_mse=0.0011, train_acc=0.8064, alpha=0.387, val_acc=0.7611, val_macro_f1=0.5601, val_weighted_f1=0.7350, lr=0.000300, epoch_time=18.56s
[Epoch 042] train_loss=0.6001, train_hard=0.5857, train_soft=0.5614, train_logit_mse=0.9701, train_feature_mse=0.0011, train_acc=0.8027, alpha=0.394, val_acc=0.7630, val_macro_f1=0.5629, val_weighted_f1=0.7381, lr=0.000283, epoch_time=18.49s
[Epoch 043] train_loss=0.6000, train_hard=0.5868, train_soft=0.5604, train_logit_mse=0.9664, train_feature_mse=0.0011, train_acc=0.8022, alpha=0.400, val_acc=0.7611, val_macro_f1=0.5646, val_weighted_f1=0.7384, lr=0.000266, epoch_time=18.54s
[Epoch 044] train_loss=0.5947, train_hard=0.5765, train_soft=0.5584, train_logit_mse=0.9650, train_feature_mse=0.0011, train_acc=0.8079, alpha=0.407, val_acc=0.7587, val_macro_f1=0.5552, val_weighted_f1=0.7311, lr=0.000250, epoch_time=18.51s
[Epoch 045] train_loss=0.5960, train_hard=0.5803, train_soft=0.5577, train_logit_mse=0.9634, train_feature_mse=0.0011, train_acc=0.8084, alpha=0.413, val_acc=0.7557, val_macro_f1=0.5542, val_weighted_f1=0.7298, lr=0.000234, epoch_time=18.52s
[Epoch 046] train_loss=0.5925, train_hard=0.5758, train_soft=0.5548, train_logit_mse=0.9606, train_feature_mse=0.0011, train_acc=0.8064, alpha=0.419, val_acc=0.7520, val_macro_f1=0.5572, val_weighted_f1=0.7300, lr=0.000218, epoch_time=18.54s
[Epoch 047] train_loss=0.5932, train_hard=0.5799, train_soft=0.5530, train_logit_mse=0.9567, train_feature_mse=0.0011, train_acc=0.8052, alpha=0.425, val_acc=0.7569, val_macro_f1=0.5497, val_weighted_f1=0.7268, lr=0.000202, epoch_time=18.75s
[Epoch 048] train_loss=0.5845, train_hard=0.5704, train_soft=0.5455, train_logit_mse=0.9438, train_feature_mse=0.0011, train_acc=0.8071, alpha=0.431, val_acc=0.7587, val_macro_f1=0.5573, val_weighted_f1=0.7321, lr=0.000187, epoch_time=18.69s
Early stopping triggered.
Loaded best KD student checkpoint for final test evaluation.
Best validation macro-F1: 0.5689
Best epoch: 33
Time to best model: 608.31 seconds
Checkpoint size (MB): 0.143
Student size: small
Teacher used: /users/40370279/csc4006/code/experiments/5__teacher_model_comparison/checkpoints/teacher_xlarge_seed999.pt
Teacher arch: TeacherCNN
Teacher size: xlarge
Checkpoint seed: 999
Test accuracy (KD student): 0.7727
Test macro-F1 (KD student): 0.5795
Test weighted-F1 (KD student): 0.7514
Test classification report:
              precision    recall  f1-score   support

           0       0.84      0.62      0.72       184
           1       0.00      0.00      0.00        56
           2       0.75      0.54      0.63       256
           3       0.78      0.93      0.85       912
           4       0.70      0.70      0.70       242

    accuracy                           0.77      1650
   macro avg       0.61      0.56      0.58      1650
weighted avg       0.75      0.77      0.75      1650

Test confusion matrix:
[[115   0   9  53   7]
 [  2   0   5  44   5]
 [  8   0 138  81  29]
 [  9   0  18 852  33]
 [  3   0  13  56 170]]
Inference latency: 1.4500 ms/sample
Parsed metrics for seed 999:
  Accuracy    = 0.7727
  Macro-F1    = 0.5795
  Weighted-F1 = 0.7514

===== SUMMARY: XLARGE TEACHER =====
Teacher      : XLARGE
Student      : SMALL
Seeds        : 42 123 999
Accuracy     : 0.7751 ± 0.0023
Macro F1     : 0.5920 ± 0.0142
Weighted F1  : 0.7555 ± 0.0056

Finished: Sat Mar 28 21:08:31 GMT 2026
