===== RUNNING ALL EXPERIMENTS =====
Start time: Sat Apr 18 21:01:44 BST 2026
Project root: /users/40370279/csc4006/code

----------------------------------------
Running experiment: 1__kd_vs_baseline
Script: /users/40370279/csc4006/code/experiments/1__kd_vs_baseline/run_all.sh

===== EXPERIMENT 1 RUN ALL =====
Project dir : /users/40370279/csc4006/code
Experiment  : /users/40370279/csc4006/code/experiments/1__kd_vs_baseline
Start time  : Sat Apr 18 21:01:44 BST 2026

Submitting teacher job...
Submitted batch job 8309878

Submitting baseline job...
Submitted batch job 8309879

Submitting KD job with dependency on teacher success...
Submitted batch job 8309880

===== SUBMISSION SUMMARY =====
Teacher job ID : 8309878
Baseline job ID: 8309879
KD job ID      : 8309880
KD dependency  : afterok:8309878

Check queue with:
  squeue -u $USER

Finished submitting at: Sat Apr 18 21:01:44 BST 2026

Finished experiment: 1__kd_vs_baseline
----------------------------------------

----------------------------------------
Running experiment: 2__temperature_sweep
Script: /users/40370279/csc4006/code/experiments/2__temperature_sweep/run_all.sh

===== RUNNING EXPERIMENT 2: TEMPERATURE SWEEP =====
Directory : /users/40370279/csc4006/code
Host      : node173.pri.kelvin2.alces.network
Start     : Sat Apr 18 21:01:44 BST 2026

Submitting experiments/2__temperature_sweep/run_T1.slurm ...
Submitted batch job 8309881
Submitting experiments/2__temperature_sweep/run_T2.slurm ...
Submitted batch job 8309882
Submitting experiments/2__temperature_sweep/run_T4.slurm ...
Submitted batch job 8309883
Submitting experiments/2__temperature_sweep/run_T8.slurm ...
Submitted batch job 8309884
Submitting experiments/2__temperature_sweep/run_T16.slurm ...
Submitted batch job 8309885
Submitting experiments/2__temperature_sweep/run_T32.slurm ...
Submitted batch job 8309886

===== SUBMISSION SUMMARY =====
experiments/2__temperature_sweep/run_T1.slurm -> 8309881
experiments/2__temperature_sweep/run_T2.slurm -> 8309882
experiments/2__temperature_sweep/run_T4.slurm -> 8309883
experiments/2__temperature_sweep/run_T8.slurm -> 8309884
experiments/2__temperature_sweep/run_T16.slurm -> 8309885
experiments/2__temperature_sweep/run_T32.slurm -> 8309886

Submitted at: Sat Apr 18 21:01:44 BST 2026

Finished experiment: 2__temperature_sweep
----------------------------------------

----------------------------------------
Running experiment: 3__alpha_sweep
Script: /users/40370279/csc4006/code/experiments/3__alpha_sweep/run_all.sh

===== SUBMITTING EXPERIMENT 3: ALPHA SWEEP =====
Submitted run_A01.slurm -> Job 8309887
Submitted run_A03.slurm -> Job 8309888
Submitted run_A05.slurm -> Job 8309889
Submitted run_A07.slurm -> Job 8309890
Submitted run_A09.slurm -> Job 8309891

Finished experiment: 3__alpha_sweep
----------------------------------------

----------------------------------------
Running experiment: 4__student_capacity_sweep
Script: /users/40370279/csc4006/code/experiments/4__student_capacity_sweep/run_all.sh

===== SUBMITTING EXPERIMENT 4: STUDENT CAPACITY =====
Submitted KD small -> Job 8309892
Submitted KD medium -> Job 8309893
Submitted KD large -> Job 8309894
Submitted baseline small -> Job 8309895
Submitted baseline medium -> Job 8309896
Submitted baseline large -> Job 8309897

Finished experiment: 4__student_capacity_sweep
----------------------------------------

----------------------------------------
Running experiment: 5__teacher_model_comparison
Script: /users/40370279/csc4006/code/experiments/5__teacher_model_comparison/run_all.sh

===== SUBMITTING EXPERIMENT 5: TEACHER COMPARISON =====
Submitted run_medium_teacher.slurm -> Job 8309898
Submitted run_large_teacher.slurm -> Job 8309899
Submitted run_xlarge_teacher.slurm -> Job 8309900

Finished experiment: 5__teacher_model_comparison
----------------------------------------

----------------------------------------
Running experiment: 6__distillation_type
Script: /users/40370279/csc4006/code/experiments/6__distillation_type/run_all.sh

===== SUBMITTING EXPERIMENT 6: DISTILLATION TYPE =====
Submitted baseline_ce_only.slurm -> Job 8309901
Submitted soft_targets_only.slurm -> Job 8309902
Submitted feature_only.slurm -> Job 8309903
Submitted soft_targets_plus_features.slurm -> Job 8309904

Finished experiment: 6__distillation_type
----------------------------------------

----------------------------------------
Running experiment: 7__robustness_eval
Script: /users/40370279/csc4006/code/experiments/7__robustness_eval/run_all.sh

Submitted batch job 8309905

Finished experiment: 7__robustness_eval
----------------------------------------

===== ALL EXPERIMENTS SUBMITTED =====
End time: Sat Apr 18 21:01:45 BST 2026
