[38;5;127mpython3[0m/[38;5;172m3.10.5[0m/[38;5;67mgcc-9.3.0[0m
 |
 [0;32mOK[0m
[38;5;127mgcc[0m/[38;5;172m9.3.0[0m
 |
 [0;32mOK[0m
===== EXPERIMENT 1: STUDENT KD RUN =====
Experiment dir: experiments/1__kd_vs_baseline
Seeds: 42, 123, 999
Job ID: 7991901
Host: gpu107.pri.kelvin2.alces.network
Start: Sat Mar 28 20:30:44 GMT 2026
Working directory: /users/40370279/csc4006/code
Log dir: experiments/1__kd_vs_baseline/logs
Temp log dir: experiments/1__kd_vs_baseline/logs/tmp
Checkpoint dir: experiments/1__kd_vs_baseline/checkpoints

----- SEED 42 -----
Using device: cuda
Seed: 42
Deterministic mode: True
Deterministic warn_only: True
KD hyperparameters: alpha_start=0.200, alpha_end=0.500, temperature=4.00, logit_mse_weight=0.030, feature_mse_weight=0.030, class_weight_gamma=0.00, sampler_power=0.35, label_smoothing=0.000, student_size=medium
Training: batch_size=64, lr=0.0008, epochs=70, patience=15, weight_decay=0.002, grad_clip=1.0, num_workers=2, disable_augmentation=False, use_weighted_sampler=False
Teacher checkpoint path: experiments/1__kd_vs_baseline/checkpoints/teacher_cnn_seed42.pt
Student checkpoint path: experiments/1__kd_vs_baseline/checkpoints/student_kd_seed42.pt
Training set size: 12957
Validation set size: 1637
Test set size: 1650
Number of leads: 12 classes: 5
Classes: ['CD' 'HYP' 'MI' 'NORM' 'STTC']
Trainable parameters (student): 12809
Total parameters (student): 12809
Estimated model size (MB): 0.051
Teacher pooled dim: 896
Student pooled dim: 28
Class weights: [1. 1. 1. 1. 1.]
Training sampler: standard shuffled loader
[Epoch 001] train_loss=1.1356, train_hard=1.1162, train_soft=1.0702, train_logit_mse=1.8435, train_feature_mse=0.0314, train_acc=0.5898, alpha=0.200, val_acc=0.6903, val_macro_f1=0.4581, val_weighted_f1=0.6536, lr=0.000800, epoch_time=18.90s
  -> New best KD student saved to experiments/1__kd_vs_baseline/checkpoints/student_kd_seed42.pt
[Epoch 002] train_loss=0.7134, train_hard=0.8403, train_soft=0.6386, train_logit_mse=1.1291, train_feature_mse=0.0188, train_acc=0.7153, alpha=0.200, val_acc=0.7233, val_macro_f1=0.5029, val_weighted_f1=0.6878, lr=0.000798, epoch_time=17.78s
  -> New best KD student saved to experiments/1__kd_vs_baseline/checkpoints/student_kd_seed42.pt
[Epoch 003] train_loss=0.5695, train_hard=0.7524, train_soft=0.4898, train_logit_mse=0.8885, train_feature_mse=0.0117, train_acc=0.7548, alpha=0.201, val_acc=0.7349, val_macro_f1=0.5325, val_weighted_f1=0.7117, lr=0.000796, epoch_time=17.75s
  -> New best KD student saved to experiments/1__kd_vs_baseline/checkpoints/student_kd_seed42.pt
[Epoch 004] train_loss=0.4933, train_hard=0.7052, train_soft=0.4114, train_logit_mse=0.7506, train_feature_mse=0.0069, train_acc=0.7671, alpha=0.201, val_acc=0.7434, val_macro_f1=0.5374, val_weighted_f1=0.7170, lr=0.000794, epoch_time=17.78s
  -> New best KD student saved to experiments/1__kd_vs_baseline/checkpoints/student_kd_seed42.pt
[Epoch 005] train_loss=0.4528, train_hard=0.6795, train_soft=0.3696, train_logit_mse=0.6781, train_feature_mse=0.0043, train_acc=0.7761, alpha=0.202, val_acc=0.7520, val_macro_f1=0.5493, val_weighted_f1=0.7260, lr=0.000790, epoch_time=17.70s
  -> New best KD student saved to experiments/1__kd_vs_baseline/checkpoints/student_kd_seed42.pt
[Epoch 006] train_loss=0.4315, train_hard=0.6735, train_soft=0.3456, train_logit_mse=0.6335, train_feature_mse=0.0028, train_acc=0.7776, alpha=0.204, val_acc=0.7422, val_macro_f1=0.5321, val_weighted_f1=0.7095, lr=0.000786, epoch_time=17.65s
[Epoch 007] train_loss=0.4062, train_hard=0.6544, train_soft=0.3197, train_logit_mse=0.5896, train_feature_mse=0.0018, train_acc=0.7817, alpha=0.206, val_acc=0.7611, val_macro_f1=0.5697, val_weighted_f1=0.7420, lr=0.000781, epoch_time=17.74s
  -> New best KD student saved to experiments/1__kd_vs_baseline/checkpoints/student_kd_seed42.pt
[Epoch 008] train_loss=0.3958, train_hard=0.6452, train_soft=0.3090, train_logit_mse=0.5668, train_feature_mse=0.0013, train_acc=0.7851, alpha=0.208, val_acc=0.7477, val_macro_f1=0.5412, val_weighted_f1=0.7182, lr=0.000775, epoch_time=17.90s
[Epoch 009] train_loss=0.3809, train_hard=0.6350, train_soft=0.2929, train_logit_mse=0.5403, train_feature_mse=0.0011, train_acc=0.7895, alpha=0.210, val_acc=0.7673, val_macro_f1=0.5718, val_weighted_f1=0.7447, lr=0.000768, epoch_time=17.76s
  -> New best KD student saved to experiments/1__kd_vs_baseline/checkpoints/student_kd_seed42.pt
[Epoch 010] train_loss=0.3665, train_hard=0.6286, train_soft=0.2763, train_logit_mse=0.5115, train_feature_mse=0.0010, train_acc=0.7902, alpha=0.212, val_acc=0.7605, val_macro_f1=0.5561, val_weighted_f1=0.7325, lr=0.000761, epoch_time=17.74s
[Epoch 011] train_loss=0.3597, train_hard=0.6226, train_soft=0.2685, train_logit_mse=0.4971, train_feature_mse=0.0010, train_acc=0.7932, alpha=0.215, val_acc=0.7691, val_macro_f1=0.5788, val_weighted_f1=0.7478, lr=0.000753, epoch_time=17.75s
  -> New best KD student saved to experiments/1__kd_vs_baseline/checkpoints/student_kd_seed42.pt
[Epoch 012] train_loss=0.3509, train_hard=0.6132, train_soft=0.2591, train_logit_mse=0.4811, train_feature_mse=0.0009, train_acc=0.7979, alpha=0.218, val_acc=0.7740, val_macro_f1=0.5918, val_weighted_f1=0.7570, lr=0.000744, epoch_time=17.63s
  -> New best KD student saved to experiments/1__kd_vs_baseline/checkpoints/student_kd_seed42.pt
[Epoch 013] train_loss=0.3449, train_hard=0.6117, train_soft=0.2509, train_logit_mse=0.4648, train_feature_mse=0.0009, train_acc=0.7962, alpha=0.222, val_acc=0.7618, val_macro_f1=0.5728, val_weighted_f1=0.7440, lr=0.000735, epoch_time=17.70s
[Epoch 014] train_loss=0.3402, train_hard=0.6053, train_soft=0.2453, train_logit_mse=0.4555, train_feature_mse=0.0008, train_acc=0.7989, alpha=0.226, val_acc=0.7532, val_macro_f1=0.5639, val_weighted_f1=0.7304, lr=0.000725, epoch_time=17.86s
[Epoch 015] train_loss=0.3381, train_hard=0.6036, train_soft=0.2414, train_logit_mse=0.4495, train_feature_mse=0.0008, train_acc=0.8019, alpha=0.229, val_acc=0.7581, val_macro_f1=0.5546, val_weighted_f1=0.7308, lr=0.000714, epoch_time=17.85s
[Epoch 016] train_loss=0.3312, train_hard=0.5964, train_soft=0.2333, train_logit_mse=0.4353, train_feature_mse=0.0008, train_acc=0.8049, alpha=0.234, val_acc=0.7642, val_macro_f1=0.5749, val_weighted_f1=0.7430, lr=0.000702, epoch_time=17.76s
[Epoch 017] train_loss=0.3284, train_hard=0.5980, train_soft=0.2274, train_logit_mse=0.4239, train_feature_mse=0.0007, train_acc=0.8006, alpha=0.238, val_acc=0.7685, val_macro_f1=0.5922, val_weighted_f1=0.7521, lr=0.000691, epoch_time=17.85s
  -> New best KD student saved to experiments/1__kd_vs_baseline/checkpoints/student_kd_seed42.pt
[Epoch 018] train_loss=0.3231, train_hard=0.5882, train_soft=0.2217, train_logit_mse=0.4142, train_feature_mse=0.0007, train_acc=0.8036, alpha=0.243, val_acc=0.7611, val_macro_f1=0.5653, val_weighted_f1=0.7350, lr=0.000678, epoch_time=17.74s
[Epoch 019] train_loss=0.3231, train_hard=0.5870, train_soft=0.2198, train_logit_mse=0.4126, train_feature_mse=0.0007, train_acc=0.8056, alpha=0.248, val_acc=0.7691, val_macro_f1=0.5949, val_weighted_f1=0.7514, lr=0.000665, epoch_time=17.69s
  -> New best KD student saved to experiments/1__kd_vs_baseline/checkpoints/student_kd_seed42.pt
[Epoch 020] train_loss=0.3218, train_hard=0.5836, train_soft=0.2171, train_logit_mse=0.4052, train_feature_mse=0.0007, train_acc=0.8064, alpha=0.253, val_acc=0.7764, val_macro_f1=0.6165, val_weighted_f1=0.7627, lr=0.000651, epoch_time=17.81s
  -> New best KD student saved to experiments/1__kd_vs_baseline/checkpoints/student_kd_seed42.pt
[Epoch 021] train_loss=0.3190, train_hard=0.5785, train_soft=0.2126, train_logit_mse=0.3993, train_feature_mse=0.0007, train_acc=0.8099, alpha=0.258, val_acc=0.7673, val_macro_f1=0.5730, val_weighted_f1=0.7422, lr=0.000637, epoch_time=17.72s
[Epoch 022] train_loss=0.3141, train_hard=0.5712, train_soft=0.2063, train_logit_mse=0.3873, train_feature_mse=0.0006, train_acc=0.8113, alpha=0.263, val_acc=0.7654, val_macro_f1=0.5711, val_weighted_f1=0.7433, lr=0.000623, epoch_time=17.70s
[Epoch 023] train_loss=0.3125, train_hard=0.5706, train_soft=0.2019, train_logit_mse=0.3801, train_feature_mse=0.0006, train_acc=0.8108, alpha=0.269, val_acc=0.7764, val_macro_f1=0.5906, val_weighted_f1=0.7558, lr=0.000608, epoch_time=17.95s
[Epoch 024] train_loss=0.3154, train_hard=0.5741, train_soft=0.2016, train_logit_mse=0.3809, train_feature_mse=0.0006, train_acc=0.8089, alpha=0.275, val_acc=0.7642, val_macro_f1=0.5914, val_weighted_f1=0.7449, lr=0.000592, epoch_time=17.81s
[Epoch 025] train_loss=0.3157, train_hard=0.5699, train_soft=0.2006, train_logit_mse=0.3780, train_feature_mse=0.0006, train_acc=0.8118, alpha=0.281, val_acc=0.7740, val_macro_f1=0.5868, val_weighted_f1=0.7527, lr=0.000576, epoch_time=17.68s
[Epoch 026] train_loss=0.3132, train_hard=0.5636, train_soft=0.1966, train_logit_mse=0.3720, train_feature_mse=0.0006, train_acc=0.8125, alpha=0.287, val_acc=0.7746, val_macro_f1=0.5855, val_weighted_f1=0.7535, lr=0.000560, epoch_time=17.89s
[Epoch 027] train_loss=0.3171, train_hard=0.5667, train_soft=0.1976, train_logit_mse=0.3722, train_feature_mse=0.0006, train_acc=0.8121, alpha=0.293, val_acc=0.7685, val_macro_f1=0.5984, val_weighted_f1=0.7531, lr=0.000544, epoch_time=17.70s
[Epoch 028] train_loss=0.3153, train_hard=0.5645, train_soft=0.1930, train_logit_mse=0.3646, train_feature_mse=0.0006, train_acc=0.8118, alpha=0.300, val_acc=0.7740, val_macro_f1=0.5864, val_weighted_f1=0.7520, lr=0.000527, epoch_time=17.78s
[Epoch 029] train_loss=0.3156, train_hard=0.5610, train_soft=0.1916, train_logit_mse=0.3616, train_feature_mse=0.0006, train_acc=0.8143, alpha=0.306, val_acc=0.7740, val_macro_f1=0.6137, val_weighted_f1=0.7596, lr=0.000510, epoch_time=17.78s
[Epoch 030] train_loss=0.3181, train_hard=0.5610, train_soft=0.1917, train_logit_mse=0.3618, train_feature_mse=0.0006, train_acc=0.8159, alpha=0.313, val_acc=0.7636, val_macro_f1=0.5880, val_weighted_f1=0.7439, lr=0.000493, epoch_time=17.84s
[Epoch 031] train_loss=0.3172, train_hard=0.5571, train_soft=0.1888, train_logit_mse=0.3560, train_feature_mse=0.0006, train_acc=0.8194, alpha=0.319, val_acc=0.7758, val_macro_f1=0.5942, val_weighted_f1=0.7565, lr=0.000476, epoch_time=17.96s
[Epoch 032] train_loss=0.3179, train_hard=0.5519, train_soft=0.1887, train_logit_mse=0.3573, train_feature_mse=0.0006, train_acc=0.8170, alpha=0.326, val_acc=0.7746, val_macro_f1=0.5940, val_weighted_f1=0.7539, lr=0.000458, epoch_time=17.83s
[Epoch 033] train_loss=0.3189, train_hard=0.5538, train_soft=0.1858, train_logit_mse=0.3506, train_feature_mse=0.0005, train_acc=0.8169, alpha=0.333, val_acc=0.7728, val_macro_f1=0.5975, val_weighted_f1=0.7541, lr=0.000440, epoch_time=17.80s
[Epoch 034] train_loss=0.3177, train_hard=0.5477, train_soft=0.1835, train_logit_mse=0.3477, train_feature_mse=0.0005, train_acc=0.8186, alpha=0.340, val_acc=0.7764, val_macro_f1=0.5942, val_weighted_f1=0.7576, lr=0.000423, epoch_time=17.83s
[Epoch 035] train_loss=0.3202, train_hard=0.5461, train_soft=0.1844, train_logit_mse=0.3495, train_feature_mse=0.0005, train_acc=0.8172, alpha=0.347, val_acc=0.7801, val_macro_f1=0.6060, val_weighted_f1=0.7631, lr=0.000405, epoch_time=17.72s
Early stopping triggered.
Loaded best KD student checkpoint for final test evaluation.
Best validation macro-F1: 0.6165
Best epoch: 20
Time to best model: 359.27 seconds
Checkpoint size (MB): 0.174
Student size: medium
Teacher used: experiments/1__kd_vs_baseline/checkpoints/teacher_cnn_seed42.pt
Teacher arch: TeacherCNN
Teacher size: large
Checkpoint seed: 42
Test accuracy (KD student): 0.7685
Test macro-F1 (KD student): 0.5983
Test weighted-F1 (KD student): 0.7529
Test classification report:
              precision    recall  f1-score   support

           0       0.77      0.70      0.73       184
           1       0.20      0.07      0.11        56
           2       0.81      0.49      0.61       256
           3       0.80      0.92      0.85       912
           4       0.67      0.70      0.69       242

    accuracy                           0.77      1650
   macro avg       0.65      0.58      0.60      1650
weighted avg       0.76      0.77      0.75      1650

Test confusion matrix:
[[129   0   6  42   7]
 [  3   4   2  38   9]
 [ 13   1 126  84  32]
 [ 17   8  14 839  34]
 [  6   7   8  51 170]]
Inference latency: 1.4840 ms/sample
Parsed metrics for seed 42:
  Accuracy    = 0.7685
  Macro-F1    = 0.5983
  Weighted-F1 = 0.7529

----- SEED 123 -----
Using device: cuda
Seed: 123
Deterministic mode: True
Deterministic warn_only: True
KD hyperparameters: alpha_start=0.200, alpha_end=0.500, temperature=4.00, logit_mse_weight=0.030, feature_mse_weight=0.030, class_weight_gamma=0.00, sampler_power=0.35, label_smoothing=0.000, student_size=medium
Training: batch_size=64, lr=0.0008, epochs=70, patience=15, weight_decay=0.002, grad_clip=1.0, num_workers=2, disable_augmentation=False, use_weighted_sampler=False
Teacher checkpoint path: experiments/1__kd_vs_baseline/checkpoints/teacher_cnn_seed123.pt
Student checkpoint path: experiments/1__kd_vs_baseline/checkpoints/student_kd_seed123.pt
Training set size: 12957
Validation set size: 1637
Test set size: 1650
Number of leads: 12 classes: 5
Classes: ['CD' 'HYP' 'MI' 'NORM' 'STTC']
Trainable parameters (student): 12809
Total parameters (student): 12809
Estimated model size (MB): 0.051
Teacher pooled dim: 896
Student pooled dim: 28
Class weights: [1. 1. 1. 1. 1.]
Training sampler: standard shuffled loader
[Epoch 001] train_loss=1.1650, train_hard=1.1091, train_soft=1.1076, train_logit_mse=1.8739, train_feature_mse=0.0283, train_acc=0.6036, alpha=0.200, val_acc=0.6298, val_macro_f1=0.2877, val_weighted_f1=0.5375, lr=0.000800, epoch_time=19.21s
  -> New best KD student saved to experiments/1__kd_vs_baseline/checkpoints/student_kd_seed123.pt
[Epoch 002] train_loss=0.7933, train_hard=0.8561, train_soft=0.7290, train_logit_mse=1.2773, train_feature_mse=0.0178, train_acc=0.7077, alpha=0.200, val_acc=0.7086, val_macro_f1=0.4717, val_weighted_f1=0.6685, lr=0.000798, epoch_time=18.05s
  -> New best KD student saved to experiments/1__kd_vs_baseline/checkpoints/student_kd_seed123.pt
[Epoch 003] train_loss=0.6096, train_hard=0.7516, train_soft=0.5372, train_logit_mse=0.9649, train_feature_mse=0.0136, train_acc=0.7533, alpha=0.201, val_acc=0.7367, val_macro_f1=0.5227, val_weighted_f1=0.7041, lr=0.000796, epoch_time=17.98s
  -> New best KD student saved to experiments/1__kd_vs_baseline/checkpoints/student_kd_seed123.pt
[Epoch 004] train_loss=0.5337, train_hard=0.7115, train_soft=0.4576, train_logit_mse=0.8243, train_feature_mse=0.0091, train_acc=0.7643, alpha=0.201, val_acc=0.7312, val_macro_f1=0.5124, val_weighted_f1=0.6940, lr=0.000794, epoch_time=18.00s
[Epoch 005] train_loss=0.4854, train_hard=0.6825, train_soft=0.4074, train_logit_mse=0.7374, train_feature_mse=0.0055, train_acc=0.7734, alpha=0.202, val_acc=0.7300, val_macro_f1=0.5164, val_weighted_f1=0.6948, lr=0.000790, epoch_time=18.10s
[Epoch 006] train_loss=0.4593, train_hard=0.6647, train_soft=0.3806, train_logit_mse=0.6888, train_feature_mse=0.0035, train_acc=0.7820, alpha=0.204, val_acc=0.7495, val_macro_f1=0.5737, val_weighted_f1=0.7324, lr=0.000786, epoch_time=17.98s
  -> New best KD student saved to experiments/1__kd_vs_baseline/checkpoints/student_kd_seed123.pt
[Epoch 007] train_loss=0.4382, train_hard=0.6535, train_soft=0.3579, train_logit_mse=0.6503, train_feature_mse=0.0022, train_acc=0.7821, alpha=0.206, val_acc=0.7477, val_macro_f1=0.5674, val_weighted_f1=0.7277, lr=0.000781, epoch_time=17.89s
[Epoch 008] train_loss=0.4278, train_hard=0.6471, train_soft=0.3464, train_logit_mse=0.6294, train_feature_mse=0.0015, train_acc=0.7866, alpha=0.208, val_acc=0.7581, val_macro_f1=0.5685, val_weighted_f1=0.7355, lr=0.000775, epoch_time=18.10s
[Epoch 009] train_loss=0.4113, train_hard=0.6382, train_soft=0.3283, train_logit_mse=0.5981, train_feature_mse=0.0012, train_acc=0.7851, alpha=0.210, val_acc=0.7618, val_macro_f1=0.5888, val_weighted_f1=0.7413, lr=0.000768, epoch_time=17.88s
  -> New best KD student saved to experiments/1__kd_vs_baseline/checkpoints/student_kd_seed123.pt
[Epoch 010] train_loss=0.4061, train_hard=0.6338, train_soft=0.3223, train_logit_mse=0.5869, train_feature_mse=0.0011, train_acc=0.7893, alpha=0.212, val_acc=0.7630, val_macro_f1=0.5934, val_weighted_f1=0.7448, lr=0.000761, epoch_time=17.79s
  -> New best KD student saved to experiments/1__kd_vs_baseline/checkpoints/student_kd_seed123.pt
[Epoch 011] train_loss=0.3910, train_hard=0.6190, train_soft=0.3071, train_logit_mse=0.5589, train_feature_mse=0.0010, train_acc=0.7932, alpha=0.215, val_acc=0.7611, val_macro_f1=0.5975, val_weighted_f1=0.7445, lr=0.000753, epoch_time=17.95s
  -> New best KD student saved to experiments/1__kd_vs_baseline/checkpoints/student_kd_seed123.pt
[Epoch 012] train_loss=0.3870, train_hard=0.6172, train_soft=0.3016, train_logit_mse=0.5502, train_feature_mse=0.0010, train_acc=0.7959, alpha=0.218, val_acc=0.7544, val_macro_f1=0.5762, val_weighted_f1=0.7304, lr=0.000744, epoch_time=17.89s
[Epoch 013] train_loss=0.3779, train_hard=0.6101, train_soft=0.2912, train_logit_mse=0.5325, train_feature_mse=0.0009, train_acc=0.7974, alpha=0.222, val_acc=0.7520, val_macro_f1=0.5663, val_weighted_f1=0.7256, lr=0.000735, epoch_time=17.94s
[Epoch 014] train_loss=0.3762, train_hard=0.6065, train_soft=0.2886, train_logit_mse=0.5291, train_feature_mse=0.0009, train_acc=0.7998, alpha=0.226, val_acc=0.7697, val_macro_f1=0.6020, val_weighted_f1=0.7506, lr=0.000725, epoch_time=17.79s
  -> New best KD student saved to experiments/1__kd_vs_baseline/checkpoints/student_kd_seed123.pt
[Epoch 015] train_loss=0.3695, train_hard=0.6016, train_soft=0.2804, train_logit_mse=0.5126, train_feature_mse=0.0009, train_acc=0.8023, alpha=0.229, val_acc=0.7618, val_macro_f1=0.5795, val_weighted_f1=0.7398, lr=0.000714, epoch_time=17.94s
[Epoch 016] train_loss=0.3652, train_hard=0.5968, train_soft=0.2748, train_logit_mse=0.5043, train_feature_mse=0.0009, train_acc=0.8020, alpha=0.234, val_acc=0.7618, val_macro_f1=0.6107, val_weighted_f1=0.7483, lr=0.000702, epoch_time=17.90s
  -> New best KD student saved to experiments/1__kd_vs_baseline/checkpoints/student_kd_seed123.pt
[Epoch 017] train_loss=0.3600, train_hard=0.5935, train_soft=0.2676, train_logit_mse=0.4935, train_feature_mse=0.0008, train_acc=0.8050, alpha=0.238, val_acc=0.7648, val_macro_f1=0.6040, val_weighted_f1=0.7474, lr=0.000691, epoch_time=17.77s
[Epoch 018] train_loss=0.3585, train_hard=0.5905, train_soft=0.2648, train_logit_mse=0.4870, train_feature_mse=0.0008, train_acc=0.8041, alpha=0.243, val_acc=0.7776, val_macro_f1=0.6228, val_weighted_f1=0.7653, lr=0.000678, epoch_time=17.85s
  -> New best KD student saved to experiments/1__kd_vs_baseline/checkpoints/student_kd_seed123.pt
[Epoch 019] train_loss=0.3531, train_hard=0.5860, train_soft=0.2575, train_logit_mse=0.4755, train_feature_mse=0.0008, train_acc=0.8050, alpha=0.248, val_acc=0.7673, val_macro_f1=0.6143, val_weighted_f1=0.7592, lr=0.000665, epoch_time=17.83s
[Epoch 020] train_loss=0.3501, train_hard=0.5774, train_soft=0.2543, train_logit_mse=0.4691, train_feature_mse=0.0008, train_acc=0.8091, alpha=0.253, val_acc=0.7587, val_macro_f1=0.5948, val_weighted_f1=0.7366, lr=0.000651, epoch_time=17.86s
[Epoch 021] train_loss=0.3492, train_hard=0.5793, train_soft=0.2505, train_logit_mse=0.4618, train_feature_mse=0.0007, train_acc=0.8072, alpha=0.258, val_acc=0.7630, val_macro_f1=0.6048, val_weighted_f1=0.7475, lr=0.000637, epoch_time=17.85s
[Epoch 022] train_loss=0.3455, train_hard=0.5751, train_soft=0.2449, train_logit_mse=0.4530, train_feature_mse=0.0007, train_acc=0.8068, alpha=0.263, val_acc=0.7618, val_macro_f1=0.6034, val_weighted_f1=0.7447, lr=0.000623, epoch_time=17.87s
[Epoch 023] train_loss=0.3444, train_hard=0.5719, train_soft=0.2422, train_logit_mse=0.4483, train_feature_mse=0.0007, train_acc=0.8122, alpha=0.269, val_acc=0.7648, val_macro_f1=0.5975, val_weighted_f1=0.7483, lr=0.000608, epoch_time=17.86s
[Epoch 024] train_loss=0.3431, train_hard=0.5694, train_soft=0.2389, train_logit_mse=0.4433, train_feature_mse=0.0007, train_acc=0.8130, alpha=0.275, val_acc=0.7532, val_macro_f1=0.5855, val_weighted_f1=0.7318, lr=0.000592, epoch_time=18.01s
[Epoch 025] train_loss=0.3442, train_hard=0.5686, train_soft=0.2380, train_logit_mse=0.4422, train_feature_mse=0.0007, train_acc=0.8110, alpha=0.281, val_acc=0.7581, val_macro_f1=0.6010, val_weighted_f1=0.7392, lr=0.000576, epoch_time=17.89s
[Epoch 026] train_loss=0.3388, train_hard=0.5632, train_soft=0.2303, train_logit_mse=0.4284, train_feature_mse=0.0007, train_acc=0.8114, alpha=0.287, val_acc=0.7599, val_macro_f1=0.5889, val_weighted_f1=0.7367, lr=0.000560, epoch_time=17.91s
[Epoch 027] train_loss=0.3416, train_hard=0.5628, train_soft=0.2314, train_logit_mse=0.4308, train_feature_mse=0.0007, train_acc=0.8128, alpha=0.293, val_acc=0.7636, val_macro_f1=0.6145, val_weighted_f1=0.7490, lr=0.000544, epoch_time=17.90s
[Epoch 028] train_loss=0.3382, train_hard=0.5573, train_soft=0.2263, train_logit_mse=0.4217, train_feature_mse=0.0007, train_acc=0.8139, alpha=0.300, val_acc=0.7679, val_macro_f1=0.6186, val_weighted_f1=0.7558, lr=0.000527, epoch_time=17.76s
[Epoch 029] train_loss=0.3438, train_hard=0.5616, train_soft=0.2292, train_logit_mse=0.4249, train_feature_mse=0.0007, train_acc=0.8152, alpha=0.306, val_acc=0.7569, val_macro_f1=0.5997, val_weighted_f1=0.7376, lr=0.000510, epoch_time=17.97s
[Epoch 030] train_loss=0.3405, train_hard=0.5546, train_soft=0.2247, train_logit_mse=0.4190, train_feature_mse=0.0006, train_acc=0.8181, alpha=0.313, val_acc=0.7740, val_macro_f1=0.6178, val_weighted_f1=0.7575, lr=0.000493, epoch_time=17.96s
[Epoch 031] train_loss=0.3380, train_hard=0.5496, train_soft=0.2205, train_logit_mse=0.4115, train_feature_mse=0.0006, train_acc=0.8175, alpha=0.319, val_acc=0.7648, val_macro_f1=0.5978, val_weighted_f1=0.7464, lr=0.000476, epoch_time=17.75s
[Epoch 032] train_loss=0.3413, train_hard=0.5490, train_soft=0.2223, train_logit_mse=0.4144, train_feature_mse=0.0006, train_acc=0.8187, alpha=0.326, val_acc=0.7697, val_macro_f1=0.6114, val_weighted_f1=0.7514, lr=0.000458, epoch_time=17.83s
[Epoch 033] train_loss=0.3403, train_hard=0.5491, train_soft=0.2178, train_logit_mse=0.4061, train_feature_mse=0.0006, train_acc=0.8197, alpha=0.333, val_acc=0.7728, val_macro_f1=0.6251, val_weighted_f1=0.7614, lr=0.000440, epoch_time=17.91s
  -> New best KD student saved to experiments/1__kd_vs_baseline/checkpoints/student_kd_seed123.pt
[Epoch 034] train_loss=0.3403, train_hard=0.5455, train_soft=0.2163, train_logit_mse=0.4048, train_feature_mse=0.0006, train_acc=0.8206, alpha=0.340, val_acc=0.7679, val_macro_f1=0.6117, val_weighted_f1=0.7527, lr=0.000423, epoch_time=17.87s
[Epoch 035] train_loss=0.3431, train_hard=0.5490, train_soft=0.2155, train_logit_mse=0.4013, train_feature_mse=0.0006, train_acc=0.8172, alpha=0.347, val_acc=0.7715, val_macro_f1=0.6157, val_weighted_f1=0.7575, lr=0.000405, epoch_time=17.77s
[Epoch 036] train_loss=0.3414, train_hard=0.5431, train_soft=0.2127, train_logit_mse=0.3978, train_feature_mse=0.0006, train_acc=0.8210, alpha=0.353, val_acc=0.7697, val_macro_f1=0.6231, val_weighted_f1=0.7587, lr=0.000387, epoch_time=17.82s
[Epoch 037] train_loss=0.3403, train_hard=0.5389, train_soft=0.2101, train_logit_mse=0.3928, train_feature_mse=0.0006, train_acc=0.8203, alpha=0.360, val_acc=0.7728, val_macro_f1=0.6153, val_weighted_f1=0.7575, lr=0.000370, epoch_time=17.93s
[Epoch 038] train_loss=0.3454, train_hard=0.5413, train_soft=0.2129, train_logit_mse=0.3985, train_feature_mse=0.0006, train_acc=0.8230, alpha=0.367, val_acc=0.7697, val_macro_f1=0.6200, val_weighted_f1=0.7549, lr=0.000352, epoch_time=17.99s
[Epoch 039] train_loss=0.3431, train_hard=0.5377, train_soft=0.2082, train_logit_mse=0.3910, train_feature_mse=0.0006, train_acc=0.8196, alpha=0.374, val_acc=0.7648, val_macro_f1=0.5985, val_weighted_f1=0.7467, lr=0.000334, epoch_time=17.91s
[Epoch 040] train_loss=0.3483, train_hard=0.5401, train_soft=0.2113, train_logit_mse=0.3950, train_feature_mse=0.0006, train_acc=0.8218, alpha=0.381, val_acc=0.7624, val_macro_f1=0.5904, val_weighted_f1=0.7423, lr=0.000317, epoch_time=17.86s
[Epoch 041] train_loss=0.3470, train_hard=0.5371, train_soft=0.2079, train_logit_mse=0.3884, train_feature_mse=0.0006, train_acc=0.8216, alpha=0.387, val_acc=0.7709, val_macro_f1=0.6113, val_weighted_f1=0.7554, lr=0.000300, epoch_time=17.78s
[Epoch 042] train_loss=0.3486, train_hard=0.5359, train_soft=0.2076, train_logit_mse=0.3892, train_feature_mse=0.0006, train_acc=0.8213, alpha=0.394, val_acc=0.7685, val_macro_f1=0.6228, val_weighted_f1=0.7540, lr=0.000283, epoch_time=17.87s
[Epoch 043] train_loss=0.3476, train_hard=0.5307, train_soft=0.2061, train_logit_mse=0.3864, train_feature_mse=0.0006, train_acc=0.8288, alpha=0.400, val_acc=0.7783, val_macro_f1=0.6138, val_weighted_f1=0.7618, lr=0.000266, epoch_time=17.80s
[Epoch 044] train_loss=0.3500, train_hard=0.5335, train_soft=0.2048, train_logit_mse=0.3855, train_feature_mse=0.0005, train_acc=0.8256, alpha=0.407, val_acc=0.7630, val_macro_f1=0.5922, val_weighted_f1=0.7418, lr=0.000250, epoch_time=17.87s
[Epoch 045] train_loss=0.3469, train_hard=0.5267, train_soft=0.2011, train_logit_mse=0.3776, train_feature_mse=0.0005, train_acc=0.8246, alpha=0.413, val_acc=0.7679, val_macro_f1=0.6044, val_weighted_f1=0.7483, lr=0.000234, epoch_time=17.86s
[Epoch 046] train_loss=0.3488, train_hard=0.5239, train_soft=0.2027, train_logit_mse=0.3807, train_feature_mse=0.0005, train_acc=0.8284, alpha=0.419, val_acc=0.7709, val_macro_f1=0.6271, val_weighted_f1=0.7573, lr=0.000218, epoch_time=17.83s
  -> New best KD student saved to experiments/1__kd_vs_baseline/checkpoints/student_kd_seed123.pt
[Epoch 047] train_loss=0.3481, train_hard=0.5243, train_soft=0.1983, train_logit_mse=0.3745, train_feature_mse=0.0005, train_acc=0.8292, alpha=0.425, val_acc=0.7673, val_macro_f1=0.6071, val_weighted_f1=0.7510, lr=0.000202, epoch_time=17.83s
[Epoch 048] train_loss=0.3501, train_hard=0.5207, train_soft=0.2010, train_logit_mse=0.3776, train_feature_mse=0.0005, train_acc=0.8309, alpha=0.431, val_acc=0.7703, val_macro_f1=0.6015, val_weighted_f1=0.7532, lr=0.000187, epoch_time=17.96s
[Epoch 049] train_loss=0.3525, train_hard=0.5224, train_soft=0.2008, train_logit_mse=0.3770, train_feature_mse=0.0005, train_acc=0.8276, alpha=0.437, val_acc=0.7746, val_macro_f1=0.6084, val_weighted_f1=0.7574, lr=0.000173, epoch_time=17.93s
[Epoch 050] train_loss=0.3500, train_hard=0.5178, train_soft=0.1971, train_logit_mse=0.3716, train_feature_mse=0.0005, train_acc=0.8297, alpha=0.442, val_acc=0.7734, val_macro_f1=0.6089, val_weighted_f1=0.7558, lr=0.000159, epoch_time=17.92s
[Epoch 051] train_loss=0.3506, train_hard=0.5169, train_soft=0.1959, train_logit_mse=0.3690, train_feature_mse=0.0005, train_acc=0.8296, alpha=0.447, val_acc=0.7691, val_macro_f1=0.6030, val_weighted_f1=0.7493, lr=0.000145, epoch_time=17.99s
[Epoch 052] train_loss=0.3528, train_hard=0.5161, train_soft=0.1975, train_logit_mse=0.3709, train_feature_mse=0.0005, train_acc=0.8291, alpha=0.452, val_acc=0.7728, val_macro_f1=0.6097, val_weighted_f1=0.7550, lr=0.000132, epoch_time=17.90s
[Epoch 053] train_loss=0.3578, train_hard=0.5217, train_soft=0.1990, train_logit_mse=0.3745, train_feature_mse=0.0005, train_acc=0.8290, alpha=0.457, val_acc=0.7673, val_macro_f1=0.6055, val_weighted_f1=0.7513, lr=0.000119, epoch_time=17.85s
[Epoch 054] train_loss=0.3504, train_hard=0.5091, train_soft=0.1938, train_logit_mse=0.3661, train_feature_mse=0.0005, train_acc=0.8321, alpha=0.462, val_acc=0.7679, val_macro_f1=0.6012, val_weighted_f1=0.7491, lr=0.000108, epoch_time=17.95s
[Epoch 055] train_loss=0.3604, train_hard=0.5199, train_soft=0.1998, train_logit_mse=0.3755, train_feature_mse=0.0005, train_acc=0.8306, alpha=0.466, val_acc=0.7703, val_macro_f1=0.6032, val_weighted_f1=0.7521, lr=0.000096, epoch_time=17.94s
[Epoch 056] train_loss=0.3578, train_hard=0.5115, train_soft=0.1999, train_logit_mse=0.3763, train_feature_mse=0.0005, train_acc=0.8331, alpha=0.471, val_acc=0.7660, val_macro_f1=0.6012, val_weighted_f1=0.7468, lr=0.000085, epoch_time=17.84s
[Epoch 057] train_loss=0.3570, train_hard=0.5121, train_soft=0.1959, train_logit_mse=0.3699, train_feature_mse=0.0005, train_acc=0.8353, alpha=0.474, val_acc=0.7740, val_macro_f1=0.6097, val_weighted_f1=0.7570, lr=0.000075, epoch_time=17.89s
[Epoch 058] train_loss=0.3590, train_hard=0.5129, train_soft=0.1966, train_logit_mse=0.3707, train_feature_mse=0.0005, train_acc=0.8291, alpha=0.478, val_acc=0.7697, val_macro_f1=0.6034, val_weighted_f1=0.7506, lr=0.000066, epoch_time=17.90s
[Epoch 059] train_loss=0.3574, train_hard=0.5092, train_soft=0.1951, train_logit_mse=0.3692, train_feature_mse=0.0005, train_acc=0.8328, alpha=0.482, val_acc=0.7666, val_macro_f1=0.5988, val_weighted_f1=0.7485, lr=0.000057, epoch_time=17.89s
[Epoch 060] train_loss=0.3590, train_hard=0.5113, train_soft=0.1944, train_logit_mse=0.3662, train_feature_mse=0.0005, train_acc=0.8307, alpha=0.485, val_acc=0.7624, val_macro_f1=0.5917, val_weighted_f1=0.7432, lr=0.000049, epoch_time=17.88s
[Epoch 061] train_loss=0.3612, train_hard=0.5134, train_soft=0.1948, train_logit_mse=0.3666, train_feature_mse=0.0005, train_acc=0.8325, alpha=0.488, val_acc=0.7728, val_macro_f1=0.6032, val_weighted_f1=0.7538, lr=0.000042, epoch_time=17.81s
Early stopping triggered.
Loaded best KD student checkpoint for final test evaluation.
Best validation macro-F1: 0.6271
Best epoch: 46
Time to best model: 824.66 seconds
Checkpoint size (MB): 0.174
Student size: medium
Teacher used: experiments/1__kd_vs_baseline/checkpoints/teacher_cnn_seed123.pt
Teacher arch: TeacherCNN
Teacher size: large
Checkpoint seed: 123
Test accuracy (KD student): 0.7758
Test macro-F1 (KD student): 0.6155
Test weighted-F1 (KD student): 0.7606
Test classification report:
              precision    recall  f1-score   support

           0       0.78      0.65      0.71       184
           1       0.27      0.12      0.17        56
           2       0.83      0.55      0.66       256
           3       0.78      0.95      0.86       912
           4       0.76      0.61      0.67       242

    accuracy                           0.78      1650
   macro avg       0.68      0.58      0.62      1650
weighted avg       0.77      0.78      0.76      1650

Test confusion matrix:
[[120   4   6  51   3]
 [  1   7   2  41   5]
 [ 13   2 142  78  21]
 [ 14   5  11 864  18]
 [  5   8  11  71 147]]
Inference latency: 1.4725 ms/sample
Parsed metrics for seed 123:
  Accuracy    = 0.7758
  Macro-F1    = 0.6155
  Weighted-F1 = 0.7606

----- SEED 999 -----
Using device: cuda
Seed: 999
Deterministic mode: True
Deterministic warn_only: True
KD hyperparameters: alpha_start=0.200, alpha_end=0.500, temperature=4.00, logit_mse_weight=0.030, feature_mse_weight=0.030, class_weight_gamma=0.00, sampler_power=0.35, label_smoothing=0.000, student_size=medium
Training: batch_size=64, lr=0.0008, epochs=70, patience=15, weight_decay=0.002, grad_clip=1.0, num_workers=2, disable_augmentation=False, use_weighted_sampler=False
Teacher checkpoint path: experiments/1__kd_vs_baseline/checkpoints/teacher_cnn_seed999.pt
Student checkpoint path: experiments/1__kd_vs_baseline/checkpoints/student_kd_seed999.pt
Training set size: 12957
Validation set size: 1637
Test set size: 1650
Number of leads: 12 classes: 5
Classes: ['CD' 'HYP' 'MI' 'NORM' 'STTC']
Trainable parameters (student): 12809
Total parameters (student): 12809
Estimated model size (MB): 0.051
Teacher pooled dim: 896
Student pooled dim: 28
Class weights: [1. 1. 1. 1. 1.]
Training sampler: standard shuffled loader
[Epoch 001] train_loss=1.4152, train_hard=1.0891, train_soft=1.4074, train_logit_mse=2.3483, train_feature_mse=0.0320, train_acc=0.6054, alpha=0.200, val_acc=0.6677, val_macro_f1=0.3691, val_weighted_f1=0.6095, lr=0.000800, epoch_time=19.45s
  -> New best KD student saved to experiments/1__kd_vs_baseline/checkpoints/student_kd_seed999.pt
[Epoch 002] train_loss=1.0112, train_hard=0.8472, train_soft=0.9874, train_logit_mse=1.7073, train_feature_mse=0.0207, train_acc=0.7100, alpha=0.200, val_acc=0.7196, val_macro_f1=0.4870, val_weighted_f1=0.6808, lr=0.000798, epoch_time=17.75s
  -> New best KD student saved to experiments/1__kd_vs_baseline/checkpoints/student_kd_seed999.pt
[Epoch 003] train_loss=0.7979, train_hard=0.7437, train_soft=0.7606, train_logit_mse=1.3403, train_feature_mse=0.0154, train_acc=0.7563, alpha=0.201, val_acc=0.7373, val_macro_f1=0.5281, val_weighted_f1=0.7120, lr=0.000796, epoch_time=17.65s
  -> New best KD student saved to experiments/1__kd_vs_baseline/checkpoints/student_kd_seed999.pt
[Epoch 004] train_loss=0.7046, train_hard=0.7023, train_soft=0.6610, train_logit_mse=1.1665, train_feature_mse=0.0082, train_acc=0.7709, alpha=0.201, val_acc=0.7465, val_macro_f1=0.5415, val_weighted_f1=0.7213, lr=0.000794, epoch_time=17.76s
  -> New best KD student saved to experiments/1__kd_vs_baseline/checkpoints/student_kd_seed999.pt
[Epoch 005] train_loss=0.6538, train_hard=0.6788, train_soft=0.6069, train_logit_mse=1.0734, train_feature_mse=0.0047, train_acc=0.7750, alpha=0.202, val_acc=0.7508, val_macro_f1=0.5459, val_weighted_f1=0.7251, lr=0.000790, epoch_time=17.72s
  -> New best KD student saved to experiments/1__kd_vs_baseline/checkpoints/student_kd_seed999.pt
[Epoch 006] train_loss=0.6217, train_hard=0.6654, train_soft=0.5721, train_logit_mse=1.0135, train_feature_mse=0.0029, train_acc=0.7810, alpha=0.204, val_acc=0.7495, val_macro_f1=0.5396, val_weighted_f1=0.7188, lr=0.000786, epoch_time=17.59s
[Epoch 007] train_loss=0.5971, train_hard=0.6516, train_soft=0.5462, train_logit_mse=0.9702, train_feature_mse=0.0018, train_acc=0.7868, alpha=0.206, val_acc=0.7575, val_macro_f1=0.5568, val_weighted_f1=0.7323, lr=0.000781, epoch_time=17.18s
  -> New best KD student saved to experiments/1__kd_vs_baseline/checkpoints/student_kd_seed999.pt
[Epoch 008] train_loss=0.5718, train_hard=0.6365, train_soft=0.5199, train_logit_mse=0.9227, train_feature_mse=0.0014, train_acc=0.7912, alpha=0.208, val_acc=0.7526, val_macro_f1=0.5581, val_weighted_f1=0.7324, lr=0.000775, epoch_time=17.32s
  -> New best KD student saved to experiments/1__kd_vs_baseline/checkpoints/student_kd_seed999.pt
[Epoch 009] train_loss=0.5482, train_hard=0.6213, train_soft=0.4952, train_logit_mse=0.8809, train_feature_mse=0.0013, train_acc=0.7952, alpha=0.210, val_acc=0.7593, val_macro_f1=0.5721, val_weighted_f1=0.7416, lr=0.000768, epoch_time=17.25s
  -> New best KD student saved to experiments/1__kd_vs_baseline/checkpoints/student_kd_seed999.pt
[Epoch 010] train_loss=0.5369, train_hard=0.6186, train_soft=0.4821, train_logit_mse=0.8612, train_feature_mse=0.0012, train_acc=0.7936, alpha=0.212, val_acc=0.7630, val_macro_f1=0.5711, val_weighted_f1=0.7412, lr=0.000761, epoch_time=17.29s
[Epoch 011] train_loss=0.5276, train_hard=0.6117, train_soft=0.4721, train_logit_mse=0.8457, train_feature_mse=0.0012, train_acc=0.7987, alpha=0.215, val_acc=0.7514, val_macro_f1=0.5583, val_weighted_f1=0.7272, lr=0.000753, epoch_time=17.24s
[Epoch 012] train_loss=0.5155, train_hard=0.6053, train_soft=0.4589, train_logit_mse=0.8223, train_feature_mse=0.0011, train_acc=0.7972, alpha=0.218, val_acc=0.7630, val_macro_f1=0.5792, val_weighted_f1=0.7466, lr=0.000744, epoch_time=17.21s
  -> New best KD student saved to experiments/1__kd_vs_baseline/checkpoints/student_kd_seed999.pt
[Epoch 013] train_loss=0.5051, train_hard=0.5982, train_soft=0.4476, train_logit_mse=0.8023, train_feature_mse=0.0011, train_acc=0.8034, alpha=0.222, val_acc=0.7581, val_macro_f1=0.5691, val_weighted_f1=0.7368, lr=0.000735, epoch_time=17.22s
[Epoch 014] train_loss=0.4987, train_hard=0.5973, train_soft=0.4395, train_logit_mse=0.7874, train_feature_mse=0.0010, train_acc=0.8035, alpha=0.226, val_acc=0.7673, val_macro_f1=0.6041, val_weighted_f1=0.7562, lr=0.000725, epoch_time=17.36s
  -> New best KD student saved to experiments/1__kd_vs_baseline/checkpoints/student_kd_seed999.pt
[Epoch 015] train_loss=0.4905, train_hard=0.5900, train_soft=0.4306, train_logit_mse=0.7751, train_feature_mse=0.0010, train_acc=0.8037, alpha=0.229, val_acc=0.7544, val_macro_f1=0.5694, val_weighted_f1=0.7321, lr=0.000714, epoch_time=17.37s
[Epoch 016] train_loss=0.4820, train_hard=0.5845, train_soft=0.4211, train_logit_mse=0.7578, train_feature_mse=0.0010, train_acc=0.8052, alpha=0.234, val_acc=0.7691, val_macro_f1=0.5834, val_weighted_f1=0.7506, lr=0.000702, epoch_time=17.33s
[Epoch 017] train_loss=0.4791, train_hard=0.5840, train_soft=0.4168, train_logit_mse=0.7496, train_feature_mse=0.0010, train_acc=0.8023, alpha=0.238, val_acc=0.7642, val_macro_f1=0.6045, val_weighted_f1=0.7494, lr=0.000691, epoch_time=17.34s
  -> New best KD student saved to experiments/1__kd_vs_baseline/checkpoints/student_kd_seed999.pt
[Epoch 018] train_loss=0.4702, train_hard=0.5749, train_soft=0.4074, train_logit_mse=0.7372, train_feature_mse=0.0009, train_acc=0.8079, alpha=0.243, val_acc=0.7648, val_macro_f1=0.6005, val_weighted_f1=0.7501, lr=0.000678, epoch_time=17.24s
[Epoch 019] train_loss=0.4673, train_hard=0.5734, train_soft=0.4033, train_logit_mse=0.7280, train_feature_mse=0.0009, train_acc=0.8093, alpha=0.248, val_acc=0.7654, val_macro_f1=0.5956, val_weighted_f1=0.7467, lr=0.000665, epoch_time=17.18s
[Epoch 020] train_loss=0.4654, train_hard=0.5729, train_soft=0.4000, train_logit_mse=0.7211, train_feature_mse=0.0009, train_acc=0.8092, alpha=0.253, val_acc=0.7557, val_macro_f1=0.5960, val_weighted_f1=0.7467, lr=0.000651, epoch_time=17.33s
[Epoch 021] train_loss=0.4602, train_hard=0.5698, train_soft=0.3932, train_logit_mse=0.7108, train_feature_mse=0.0009, train_acc=0.8117, alpha=0.258, val_acc=0.7557, val_macro_f1=0.5937, val_weighted_f1=0.7440, lr=0.000637, epoch_time=17.24s
[Epoch 022] train_loss=0.4612, train_hard=0.5713, train_soft=0.3929, train_logit_mse=0.7085, train_feature_mse=0.0009, train_acc=0.8101, alpha=0.263, val_acc=0.7569, val_macro_f1=0.5957, val_weighted_f1=0.7389, lr=0.000623, epoch_time=17.19s
[Epoch 023] train_loss=0.4518, train_hard=0.5631, train_soft=0.3824, train_logit_mse=0.6912, train_feature_mse=0.0008, train_acc=0.8118, alpha=0.269, val_acc=0.7581, val_macro_f1=0.5917, val_weighted_f1=0.7425, lr=0.000608, epoch_time=17.28s
[Epoch 024] train_loss=0.4491, train_hard=0.5588, train_soft=0.3791, train_logit_mse=0.6856, train_feature_mse=0.0008, train_acc=0.8152, alpha=0.275, val_acc=0.7703, val_macro_f1=0.6023, val_weighted_f1=0.7547, lr=0.000592, epoch_time=17.18s
[Epoch 025] train_loss=0.4458, train_hard=0.5535, train_soft=0.3753, train_logit_mse=0.6803, train_feature_mse=0.0008, train_acc=0.8148, alpha=0.281, val_acc=0.7618, val_macro_f1=0.6088, val_weighted_f1=0.7520, lr=0.000576, epoch_time=17.23s
  -> New best KD student saved to experiments/1__kd_vs_baseline/checkpoints/student_kd_seed999.pt
[Epoch 026] train_loss=0.4465, train_hard=0.5554, train_soft=0.3740, train_logit_mse=0.6784, train_feature_mse=0.0008, train_acc=0.8174, alpha=0.287, val_acc=0.7599, val_macro_f1=0.6007, val_weighted_f1=0.7453, lr=0.000560, epoch_time=17.22s
[Epoch 027] train_loss=0.4434, train_hard=0.5538, train_soft=0.3691, train_logit_mse=0.6700, train_feature_mse=0.0008, train_acc=0.8143, alpha=0.293, val_acc=0.7728, val_macro_f1=0.5985, val_weighted_f1=0.7558, lr=0.000544, epoch_time=17.16s
[Epoch 028] train_loss=0.4378, train_hard=0.5484, train_soft=0.3622, train_logit_mse=0.6567, train_feature_mse=0.0008, train_acc=0.8182, alpha=0.300, val_acc=0.7715, val_macro_f1=0.5921, val_weighted_f1=0.7514, lr=0.000527, epoch_time=17.30s
[Epoch 029] train_loss=0.4309, train_hard=0.5424, train_soft=0.3537, train_logit_mse=0.6458, train_feature_mse=0.0008, train_acc=0.8176, alpha=0.306, val_acc=0.7605, val_macro_f1=0.6185, val_weighted_f1=0.7522, lr=0.000510, epoch_time=17.24s
  -> New best KD student saved to experiments/1__kd_vs_baseline/checkpoints/student_kd_seed999.pt
[Epoch 030] train_loss=0.4364, train_hard=0.5449, train_soft=0.3586, train_logit_mse=0.6510, train_feature_mse=0.0008, train_acc=0.8193, alpha=0.313, val_acc=0.7752, val_macro_f1=0.6189, val_weighted_f1=0.7633, lr=0.000493, epoch_time=17.35s
  -> New best KD student saved to experiments/1__kd_vs_baseline/checkpoints/student_kd_seed999.pt
[Epoch 031] train_loss=0.4329, train_hard=0.5439, train_soft=0.3526, train_logit_mse=0.6405, train_feature_mse=0.0007, train_acc=0.8165, alpha=0.319, val_acc=0.7764, val_macro_f1=0.6181, val_weighted_f1=0.7627, lr=0.000476, epoch_time=17.22s
[Epoch 032] train_loss=0.4293, train_hard=0.5377, train_soft=0.3484, train_logit_mse=0.6353, train_feature_mse=0.0007, train_acc=0.8201, alpha=0.326, val_acc=0.7630, val_macro_f1=0.5959, val_weighted_f1=0.7463, lr=0.000458, epoch_time=17.18s
[Epoch 033] train_loss=0.4277, train_hard=0.5358, train_soft=0.3454, train_logit_mse=0.6288, train_feature_mse=0.0007, train_acc=0.8200, alpha=0.333, val_acc=0.7660, val_macro_f1=0.6010, val_weighted_f1=0.7471, lr=0.000440, epoch_time=17.12s
[Epoch 034] train_loss=0.4285, train_hard=0.5350, train_soft=0.3451, train_logit_mse=0.6287, train_feature_mse=0.0007, train_acc=0.8193, alpha=0.340, val_acc=0.7734, val_macro_f1=0.6182, val_weighted_f1=0.7615, lr=0.000423, epoch_time=17.28s
[Epoch 035] train_loss=0.4288, train_hard=0.5353, train_soft=0.3436, train_logit_mse=0.6254, train_feature_mse=0.0007, train_acc=0.8189, alpha=0.347, val_acc=0.7789, val_macro_f1=0.6184, val_weighted_f1=0.7670, lr=0.000405, epoch_time=17.23s
[Epoch 036] train_loss=0.4262, train_hard=0.5295, train_soft=0.3409, train_logit_mse=0.6227, train_feature_mse=0.0007, train_acc=0.8249, alpha=0.353, val_acc=0.7703, val_macro_f1=0.6065, val_weighted_f1=0.7566, lr=0.000387, epoch_time=17.13s
[Epoch 037] train_loss=0.4237, train_hard=0.5263, train_soft=0.3369, train_logit_mse=0.6157, train_feature_mse=0.0007, train_acc=0.8225, alpha=0.360, val_acc=0.7685, val_macro_f1=0.6123, val_weighted_f1=0.7565, lr=0.000370, epoch_time=17.30s
[Epoch 038] train_loss=0.4278, train_hard=0.5291, train_soft=0.3396, train_logit_mse=0.6207, train_feature_mse=0.0007, train_acc=0.8226, alpha=0.367, val_acc=0.7703, val_macro_f1=0.6075, val_weighted_f1=0.7532, lr=0.000352, epoch_time=17.27s
[Epoch 039] train_loss=0.4237, train_hard=0.5223, train_soft=0.3353, train_logit_mse=0.6147, train_feature_mse=0.0007, train_acc=0.8280, alpha=0.374, val_acc=0.7654, val_macro_f1=0.5939, val_weighted_f1=0.7478, lr=0.000334, epoch_time=17.36s
[Epoch 040] train_loss=0.4287, train_hard=0.5278, train_soft=0.3378, train_logit_mse=0.6176, train_feature_mse=0.0007, train_acc=0.8242, alpha=0.381, val_acc=0.7630, val_macro_f1=0.5974, val_weighted_f1=0.7488, lr=0.000317, epoch_time=17.33s
[Epoch 041] train_loss=0.4248, train_hard=0.5251, train_soft=0.3317, train_logit_mse=0.6074, train_feature_mse=0.0007, train_acc=0.8236, alpha=0.387, val_acc=0.7770, val_macro_f1=0.6197, val_weighted_f1=0.7628, lr=0.000300, epoch_time=17.29s
  -> New best KD student saved to experiments/1__kd_vs_baseline/checkpoints/student_kd_seed999.pt
[Epoch 042] train_loss=0.4243, train_hard=0.5197, train_soft=0.3322, train_logit_mse=0.6091, train_feature_mse=0.0007, train_acc=0.8232, alpha=0.394, val_acc=0.7691, val_macro_f1=0.6138, val_weighted_f1=0.7562, lr=0.000283, epoch_time=17.32s
[Epoch 043] train_loss=0.4231, train_hard=0.5182, train_soft=0.3294, train_logit_mse=0.6046, train_feature_mse=0.0007, train_acc=0.8258, alpha=0.400, val_acc=0.7691, val_macro_f1=0.6164, val_weighted_f1=0.7561, lr=0.000266, epoch_time=17.30s
[Epoch 044] train_loss=0.4218, train_hard=0.5176, train_soft=0.3259, train_logit_mse=0.5986, train_feature_mse=0.0007, train_acc=0.8298, alpha=0.407, val_acc=0.7715, val_macro_f1=0.6043, val_weighted_f1=0.7551, lr=0.000250, epoch_time=17.35s
[Epoch 045] train_loss=0.4238, train_hard=0.5186, train_soft=0.3265, train_logit_mse=0.6004, train_feature_mse=0.0007, train_acc=0.8252, alpha=0.413, val_acc=0.7715, val_macro_f1=0.6125, val_weighted_f1=0.7566, lr=0.000234, epoch_time=17.32s
[Epoch 046] train_loss=0.4214, train_hard=0.5169, train_soft=0.3219, train_logit_mse=0.5918, train_feature_mse=0.0007, train_acc=0.8282, alpha=0.419, val_acc=0.7691, val_macro_f1=0.6068, val_weighted_f1=0.7538, lr=0.000218, epoch_time=17.66s
[Epoch 047] train_loss=0.4250, train_hard=0.5162, train_soft=0.3263, train_logit_mse=0.5993, train_feature_mse=0.0007, train_acc=0.8269, alpha=0.425, val_acc=0.7758, val_macro_f1=0.6190, val_weighted_f1=0.7625, lr=0.000202, epoch_time=18.06s
[Epoch 048] train_loss=0.4193, train_hard=0.5124, train_soft=0.3179, train_logit_mse=0.5862, train_feature_mse=0.0007, train_acc=0.8270, alpha=0.431, val_acc=0.7746, val_macro_f1=0.6187, val_weighted_f1=0.7612, lr=0.000187, epoch_time=18.34s
[Epoch 049] train_loss=0.4220, train_hard=0.5127, train_soft=0.3204, train_logit_mse=0.5889, train_feature_mse=0.0006, train_acc=0.8284, alpha=0.437, val_acc=0.7715, val_macro_f1=0.6050, val_weighted_f1=0.7540, lr=0.000173, epoch_time=17.94s
[Epoch 050] train_loss=0.4214, train_hard=0.5100, train_soft=0.3197, train_logit_mse=0.5877, train_feature_mse=0.0006, train_acc=0.8303, alpha=0.442, val_acc=0.7740, val_macro_f1=0.6106, val_weighted_f1=0.7598, lr=0.000159, epoch_time=18.19s
[Epoch 051] train_loss=0.4179, train_hard=0.5064, train_soft=0.3148, train_logit_mse=0.5804, train_feature_mse=0.0006, train_acc=0.8288, alpha=0.447, val_acc=0.7679, val_macro_f1=0.6026, val_weighted_f1=0.7514, lr=0.000145, epoch_time=17.62s
[Epoch 052] train_loss=0.4209, train_hard=0.5076, train_soft=0.3173, train_logit_mse=0.5837, train_feature_mse=0.0006, train_acc=0.8318, alpha=0.452, val_acc=0.7715, val_macro_f1=0.6132, val_weighted_f1=0.7569, lr=0.000132, epoch_time=17.41s
[Epoch 053] train_loss=0.4216, train_hard=0.5070, train_soft=0.3174, train_logit_mse=0.5838, train_feature_mse=0.0006, train_acc=0.8301, alpha=0.457, val_acc=0.7715, val_macro_f1=0.6053, val_weighted_f1=0.7553, lr=0.000119, epoch_time=17.44s
[Epoch 054] train_loss=0.4196, train_hard=0.5048, train_soft=0.3141, train_logit_mse=0.5785, train_feature_mse=0.0006, train_acc=0.8318, alpha=0.462, val_acc=0.7776, val_macro_f1=0.6241, val_weighted_f1=0.7643, lr=0.000108, epoch_time=17.54s
  -> New best KD student saved to experiments/1__kd_vs_baseline/checkpoints/student_kd_seed999.pt
[Epoch 055] train_loss=0.4163, train_hard=0.5001, train_soft=0.3107, train_logit_mse=0.5739, train_feature_mse=0.0006, train_acc=0.8306, alpha=0.466, val_acc=0.7746, val_macro_f1=0.6198, val_weighted_f1=0.7616, lr=0.000096, epoch_time=17.52s
[Epoch 056] train_loss=0.4209, train_hard=0.5067, train_soft=0.3119, train_logit_mse=0.5760, train_feature_mse=0.0006, train_acc=0.8328, alpha=0.471, val_acc=0.7709, val_macro_f1=0.6019, val_weighted_f1=0.7563, lr=0.000085, epoch_time=17.27s
[Epoch 057] train_loss=0.4194, train_hard=0.5037, train_soft=0.3104, train_logit_mse=0.5745, train_feature_mse=0.0006, train_acc=0.8308, alpha=0.474, val_acc=0.7740, val_macro_f1=0.6122, val_weighted_f1=0.7605, lr=0.000075, epoch_time=17.53s
[Epoch 058] train_loss=0.4194, train_hard=0.5018, train_soft=0.3109, train_logit_mse=0.5735, train_feature_mse=0.0006, train_acc=0.8321, alpha=0.478, val_acc=0.7758, val_macro_f1=0.6209, val_weighted_f1=0.7633, lr=0.000066, epoch_time=17.47s
[Epoch 059] train_loss=0.4214, train_hard=0.5046, train_soft=0.3108, train_logit_mse=0.5738, train_feature_mse=0.0006, train_acc=0.8315, alpha=0.482, val_acc=0.7703, val_macro_f1=0.6088, val_weighted_f1=0.7557, lr=0.000057, epoch_time=17.43s
[Epoch 060] train_loss=0.4165, train_hard=0.4977, train_soft=0.3070, train_logit_mse=0.5667, train_feature_mse=0.0006, train_acc=0.8359, alpha=0.485, val_acc=0.7715, val_macro_f1=0.6095, val_weighted_f1=0.7575, lr=0.000049, epoch_time=17.48s
[Epoch 061] train_loss=0.4194, train_hard=0.4990, train_soft=0.3103, train_logit_mse=0.5721, train_feature_mse=0.0006, train_acc=0.8339, alpha=0.488, val_acc=0.7685, val_macro_f1=0.6010, val_weighted_f1=0.7521, lr=0.000042, epoch_time=17.47s
[Epoch 062] train_loss=0.4181, train_hard=0.4988, train_soft=0.3070, train_logit_mse=0.5677, train_feature_mse=0.0006, train_acc=0.8358, alpha=0.490, val_acc=0.7715, val_macro_f1=0.6134, val_weighted_f1=0.7576, lr=0.000035, epoch_time=17.35s
[Epoch 063] train_loss=0.4201, train_hard=0.4987, train_soft=0.3099, train_logit_mse=0.5736, train_feature_mse=0.0006, train_acc=0.8335, alpha=0.492, val_acc=0.7715, val_macro_f1=0.6100, val_weighted_f1=0.7575, lr=0.000029, epoch_time=17.45s
[Epoch 064] train_loss=0.4198, train_hard=0.4992, train_soft=0.3083, train_logit_mse=0.5695, train_feature_mse=0.0006, train_acc=0.8313, alpha=0.494, val_acc=0.7721, val_macro_f1=0.6063, val_weighted_f1=0.7571, lr=0.000024, epoch_time=17.56s
[Epoch 065] train_loss=0.4206, train_hard=0.4990, train_soft=0.3094, train_logit_mse=0.5708, train_feature_mse=0.0006, train_acc=0.8317, alpha=0.496, val_acc=0.7728, val_macro_f1=0.6124, val_weighted_f1=0.7594, lr=0.000020, epoch_time=17.40s
[Epoch 066] train_loss=0.4191, train_hard=0.4988, train_soft=0.3062, train_logit_mse=0.5668, train_feature_mse=0.0006, train_acc=0.8323, alpha=0.498, val_acc=0.7734, val_macro_f1=0.6130, val_weighted_f1=0.7597, lr=0.000016, epoch_time=17.47s
[Epoch 067] train_loss=0.4168, train_hard=0.4949, train_soft=0.3054, train_logit_mse=0.5637, train_feature_mse=0.0006, train_acc=0.8342, alpha=0.499, val_acc=0.7691, val_macro_f1=0.6043, val_weighted_f1=0.7543, lr=0.000014, epoch_time=17.51s
[Epoch 068] train_loss=0.4183, train_hard=0.4976, train_soft=0.3053, train_logit_mse=0.5639, train_feature_mse=0.0006, train_acc=0.8321, alpha=0.499, val_acc=0.7728, val_macro_f1=0.6112, val_weighted_f1=0.7583, lr=0.000012, epoch_time=17.61s
[Epoch 069] train_loss=0.4228, train_hard=0.4998, train_soft=0.3114, train_logit_mse=0.5753, train_feature_mse=0.0006, train_acc=0.8338, alpha=0.500, val_acc=0.7715, val_macro_f1=0.6075, val_weighted_f1=0.7574, lr=0.000010, epoch_time=17.54s
Early stopping triggered.
Loaded best KD student checkpoint for final test evaluation.
Best validation macro-F1: 0.6241
Best epoch: 54
Time to best model: 948.12 seconds
Checkpoint size (MB): 0.174
Student size: medium
Teacher used: experiments/1__kd_vs_baseline/checkpoints/teacher_cnn_seed999.pt
Teacher arch: TeacherCNN
Teacher size: large
Checkpoint seed: 999
Test accuracy (KD student): 0.7885
Test macro-F1 (KD student): 0.6195
Test weighted-F1 (KD student): 0.7739
Test classification report:
              precision    recall  f1-score   support

           0       0.81      0.70      0.75       184
           1       0.18      0.05      0.08        56
           2       0.81      0.62      0.70       256
           3       0.80      0.94      0.86       912
           4       0.76      0.65      0.70       242

    accuracy                           0.79      1650
   macro avg       0.67      0.59      0.62      1650
weighted avg       0.77      0.79      0.77      1650

Test confusion matrix:
[[129   2   5  44   4]
 [  2   3   2  42   7]
 [  6   0 159  74  17]
 [ 14   6  18 853  21]
 [  8   6  13  58 157]]
Inference latency: 1.4276 ms/sample
Parsed metrics for seed 999:
  Accuracy    = 0.7885
  Macro-F1    = 0.6195
  Weighted-F1 = 0.7739

===== EXPERIMENT 1: STUDENT KD SUMMARY =====
Seeds        : 42 123 999
Accuracy     : 0.7776 ± 0.0083
Macro F1     : 0.6111 ± 0.0092
Weighted F1  : 0.7625 ± 0.0087

Finished: Sat Mar 28 21:20:48 GMT 2026
