[38;5;127mpython3[0m/[38;5;172m3.10.5[0m/[38;5;67mgcc-9.3.0[0m
 |
 [0;32mOK[0m
[38;5;127mgcc[0m/[38;5;172m9.3.0[0m
 |
 [0;32mOK[0m
===== EXPERIMENT 1: TEACHER RUN =====
Experiment dir: experiments/1__kd_vs_baseline
Seeds: 42, 123, 999
Job ID: 7991899
Host: gpu106.pri.kelvin2.alces.network
Start: Sat Mar 28 14:18:40 GMT 2026
Working directory: /users/40370279/csc4006/code
Log dir: experiments/1__kd_vs_baseline/logs
Temp log dir: experiments/1__kd_vs_baseline/logs/tmp
Checkpoint dir: experiments/1__kd_vs_baseline/checkpoints

----- SEED 42 -----
Using device: cuda
Seed: 42
Teacher size: large
Teacher checkpoint path: experiments/1__kd_vs_baseline/checkpoints/teacher_cnn_seed42.pt
Deterministic mode: True
Deterministic warn_only: True
Training: batch_size=64, lr=0.0008, epochs=90, patience=18, warmup_epochs=5, min_lr_factor=0.02, weight_decay=0.001, class_weight_gamma=0.2, label_smoothing=0.03, sampler_power=0.35, grad_clip=1.0, num_workers=2, teacher_size=large, use_weighted_sampler=False, class_weights=True, disable_augmentation=False, ema_decay=0.999
Training set size: 12957
Validation set size: 1637
Test set size: 1650
Number of leads: 12 classes: 5
Classes: ['CD' 'HYP' 'MI' 'NORM' 'STTC']
Training sampler: standard shuffled loader
Trainable parameters: 3111171
Total parameters: 3111171
Estimated model size (MB): 11.912
Class weights: [1.0338018  1.3094392  0.9520142  0.73911804 0.9656268 ]
EMA enabled
[Epoch 001] lr=0.000320, train_loss=0.9302, train_acc=0.7290, val_acc=0.7251, val_macro_f1=0.5467, val_weighted_f1=0.7168, epoch_time=28.13s
  -> Saved best teacher model to experiments/1__kd_vs_baseline/checkpoints/teacher_cnn_seed42.pt
[Epoch 002] lr=0.000480, train_loss=0.8048, train_acc=0.7788, val_acc=0.7532, val_macro_f1=0.5416, val_weighted_f1=0.7191, epoch_time=26.93s
[Epoch 003] lr=0.000640, train_loss=0.7815, train_acc=0.7841, val_acc=0.7605, val_macro_f1=0.6111, val_weighted_f1=0.7444, epoch_time=27.04s
  -> Saved best teacher model to experiments/1__kd_vs_baseline/checkpoints/teacher_cnn_seed42.pt
[Epoch 004] lr=0.000800, train_loss=0.7732, train_acc=0.7869, val_acc=0.7526, val_macro_f1=0.5652, val_weighted_f1=0.7363, epoch_time=27.04s
[Epoch 005] lr=0.000800, train_loss=0.7575, train_acc=0.7902, val_acc=0.7526, val_macro_f1=0.5625, val_weighted_f1=0.7225, epoch_time=27.19s
[Epoch 006] lr=0.000800, train_loss=0.7324, train_acc=0.8002, val_acc=0.7831, val_macro_f1=0.6144, val_weighted_f1=0.7657, epoch_time=27.02s
  -> Saved best teacher model to experiments/1__kd_vs_baseline/checkpoints/teacher_cnn_seed42.pt
[Epoch 007] lr=0.000799, train_loss=0.7115, train_acc=0.8082, val_acc=0.7807, val_macro_f1=0.6227, val_weighted_f1=0.7686, epoch_time=26.92s
  -> Saved best teacher model to experiments/1__kd_vs_baseline/checkpoints/teacher_cnn_seed42.pt
[Epoch 008] lr=0.000798, train_loss=0.6929, train_acc=0.8146, val_acc=0.7459, val_macro_f1=0.6101, val_weighted_f1=0.7409, epoch_time=26.96s
[Epoch 009] lr=0.000796, train_loss=0.6854, train_acc=0.8155, val_acc=0.7202, val_macro_f1=0.5743, val_weighted_f1=0.7086, epoch_time=26.99s
[Epoch 010] lr=0.000793, train_loss=0.6676, train_acc=0.8213, val_acc=0.7709, val_macro_f1=0.6101, val_weighted_f1=0.7552, epoch_time=27.02s
[Epoch 011] lr=0.000790, train_loss=0.6584, train_acc=0.8240, val_acc=0.7691, val_macro_f1=0.6164, val_weighted_f1=0.7604, epoch_time=27.02s
[Epoch 012] lr=0.000787, train_loss=0.6422, train_acc=0.8301, val_acc=0.7746, val_macro_f1=0.6208, val_weighted_f1=0.7607, epoch_time=27.08s
[Epoch 013] lr=0.000783, train_loss=0.6320, train_acc=0.8318, val_acc=0.7697, val_macro_f1=0.6229, val_weighted_f1=0.7558, epoch_time=27.11s
  -> Saved best teacher model to experiments/1__kd_vs_baseline/checkpoints/teacher_cnn_seed42.pt
[Epoch 014] lr=0.000779, train_loss=0.6229, train_acc=0.8340, val_acc=0.7807, val_macro_f1=0.6311, val_weighted_f1=0.7698, epoch_time=27.02s
  -> Saved best teacher model to experiments/1__kd_vs_baseline/checkpoints/teacher_cnn_seed42.pt
[Epoch 015] lr=0.000774, train_loss=0.6103, train_acc=0.8384, val_acc=0.7764, val_macro_f1=0.6125, val_weighted_f1=0.7593, epoch_time=27.11s
[Epoch 016] lr=0.000768, train_loss=0.5947, train_acc=0.8436, val_acc=0.7520, val_macro_f1=0.6388, val_weighted_f1=0.7529, epoch_time=26.97s
  -> Saved best teacher model to experiments/1__kd_vs_baseline/checkpoints/teacher_cnn_seed42.pt
[Epoch 017] lr=0.000762, train_loss=0.5839, train_acc=0.8490, val_acc=0.7764, val_macro_f1=0.6410, val_weighted_f1=0.7695, epoch_time=27.07s
  -> Saved best teacher model to experiments/1__kd_vs_baseline/checkpoints/teacher_cnn_seed42.pt
[Epoch 018] lr=0.000756, train_loss=0.5695, train_acc=0.8511, val_acc=0.7801, val_macro_f1=0.6618, val_weighted_f1=0.7769, epoch_time=26.94s
  -> Saved best teacher model to experiments/1__kd_vs_baseline/checkpoints/teacher_cnn_seed42.pt
[Epoch 019] lr=0.000749, train_loss=0.5470, train_acc=0.8610, val_acc=0.7679, val_macro_f1=0.6470, val_weighted_f1=0.7648, epoch_time=26.97s
[Epoch 020] lr=0.000741, train_loss=0.5408, train_acc=0.8604, val_acc=0.7850, val_macro_f1=0.6500, val_weighted_f1=0.7774, epoch_time=27.06s
[Epoch 021] lr=0.000733, train_loss=0.5184, train_acc=0.8713, val_acc=0.7685, val_macro_f1=0.6446, val_weighted_f1=0.7657, epoch_time=26.90s
[Epoch 022] lr=0.000725, train_loss=0.5115, train_acc=0.8718, val_acc=0.7685, val_macro_f1=0.6434, val_weighted_f1=0.7618, epoch_time=27.03s
[Epoch 023] lr=0.000716, train_loss=0.4914, train_acc=0.8800, val_acc=0.7593, val_macro_f1=0.6360, val_weighted_f1=0.7589, epoch_time=27.05s
[Epoch 024] lr=0.000707, train_loss=0.4722, train_acc=0.8898, val_acc=0.7746, val_macro_f1=0.6486, val_weighted_f1=0.7691, epoch_time=27.05s
[Epoch 025] lr=0.000698, train_loss=0.4648, train_acc=0.8935, val_acc=0.7703, val_macro_f1=0.6526, val_weighted_f1=0.7677, epoch_time=27.08s
[Epoch 026] lr=0.000688, train_loss=0.4474, train_acc=0.8973, val_acc=0.7703, val_macro_f1=0.6548, val_weighted_f1=0.7695, epoch_time=27.02s
[Epoch 027] lr=0.000677, train_loss=0.4277, train_acc=0.9045, val_acc=0.7752, val_macro_f1=0.6523, val_weighted_f1=0.7708, epoch_time=27.19s
[Epoch 028] lr=0.000667, train_loss=0.4051, train_acc=0.9147, val_acc=0.7636, val_macro_f1=0.6473, val_weighted_f1=0.7603, epoch_time=27.03s
[Epoch 029] lr=0.000656, train_loss=0.3915, train_acc=0.9180, val_acc=0.7685, val_macro_f1=0.6431, val_weighted_f1=0.7623, epoch_time=26.77s
[Epoch 030] lr=0.000644, train_loss=0.3746, train_acc=0.9249, val_acc=0.7721, val_macro_f1=0.6331, val_weighted_f1=0.7635, epoch_time=27.17s
[Epoch 031] lr=0.000633, train_loss=0.3634, train_acc=0.9292, val_acc=0.7673, val_macro_f1=0.6280, val_weighted_f1=0.7605, epoch_time=26.97s
[Epoch 032] lr=0.000620, train_loss=0.3562, train_acc=0.9330, val_acc=0.7581, val_macro_f1=0.6379, val_weighted_f1=0.7578, epoch_time=27.04s
[Epoch 033] lr=0.000608, train_loss=0.3395, train_acc=0.9411, val_acc=0.7715, val_macro_f1=0.6393, val_weighted_f1=0.7609, epoch_time=27.02s
[Epoch 034] lr=0.000596, train_loss=0.3234, train_acc=0.9464, val_acc=0.7752, val_macro_f1=0.6070, val_weighted_f1=0.7591, epoch_time=27.08s
[Epoch 035] lr=0.000583, train_loss=0.3164, train_acc=0.9497, val_acc=0.7611, val_macro_f1=0.6248, val_weighted_f1=0.7538, epoch_time=27.00s
[Epoch 036] lr=0.000570, train_loss=0.2972, train_acc=0.9559, val_acc=0.7691, val_macro_f1=0.6176, val_weighted_f1=0.7560, epoch_time=27.05s
Early stopping

Loaded best checkpoint for final evaluation.
Best validation macro-F1: 0.6618
Best epoch: 18
Time to best model: 494.08 seconds
Checkpoint size (MB): 12.011
Checkpoint seed: 42
Checkpoint teacher size: large
Checkpoint teacher arch: TeacherCNN
Test Accuracy: 0.7970
Test Macro-F1: 0.6618
Test Weighted-F1: 0.7910
Classification Report:
              precision    recall  f1-score   support

           0       0.88      0.66      0.76       184
           1       0.27      0.20      0.23        56
           2       0.83      0.65      0.73       256
           3       0.82      0.91      0.87       912
           4       0.71      0.76      0.73       242

    accuracy                           0.80      1650
   macro avg       0.70      0.64      0.66      1650
weighted avg       0.79      0.80      0.79      1650

Confusion Matrix:
[[122   5   5  42  10]
 [  1  11   2  33   9]
 [  3   1 167  62  23]
 [ 10  18  19 832  33]
 [  3   6   9  41 183]]
Inference latency: 5.7790 ms/sample
Parsed metrics for seed 42:
  Accuracy    = 0.7970
  Macro-F1    = 0.6618
  Weighted-F1 = 0.7910

----- SEED 123 -----
Using device: cuda
Seed: 123
Teacher size: large
Teacher checkpoint path: experiments/1__kd_vs_baseline/checkpoints/teacher_cnn_seed123.pt
Deterministic mode: True
Deterministic warn_only: True
Training: batch_size=64, lr=0.0008, epochs=90, patience=18, warmup_epochs=5, min_lr_factor=0.02, weight_decay=0.001, class_weight_gamma=0.2, label_smoothing=0.03, sampler_power=0.35, grad_clip=1.0, num_workers=2, teacher_size=large, use_weighted_sampler=False, class_weights=True, disable_augmentation=False, ema_decay=0.999
Training set size: 12957
Validation set size: 1637
Test set size: 1650
Number of leads: 12 classes: 5
Classes: ['CD' 'HYP' 'MI' 'NORM' 'STTC']
Training sampler: standard shuffled loader
Trainable parameters: 3111171
Total parameters: 3111171
Estimated model size (MB): 11.912
Class weights: [1.0338018  1.3094392  0.9520142  0.73911804 0.9656268 ]
EMA enabled
[Epoch 001] lr=0.000320, train_loss=0.9408, train_acc=0.7273, val_acc=0.7544, val_macro_f1=0.5532, val_weighted_f1=0.7292, epoch_time=28.04s
  -> Saved best teacher model to experiments/1__kd_vs_baseline/checkpoints/teacher_cnn_seed123.pt
[Epoch 002] lr=0.000480, train_loss=0.8135, train_acc=0.7752, val_acc=0.7569, val_macro_f1=0.5581, val_weighted_f1=0.7327, epoch_time=27.19s
  -> Saved best teacher model to experiments/1__kd_vs_baseline/checkpoints/teacher_cnn_seed123.pt
[Epoch 003] lr=0.000640, train_loss=0.7868, train_acc=0.7846, val_acc=0.7257, val_macro_f1=0.5593, val_weighted_f1=0.7190, epoch_time=27.05s
  -> Saved best teacher model to experiments/1__kd_vs_baseline/checkpoints/teacher_cnn_seed123.pt
[Epoch 004] lr=0.000800, train_loss=0.7578, train_acc=0.7928, val_acc=0.7587, val_macro_f1=0.5578, val_weighted_f1=0.7329, epoch_time=27.21s
[Epoch 005] lr=0.000800, train_loss=0.7476, train_acc=0.7964, val_acc=0.7691, val_macro_f1=0.5797, val_weighted_f1=0.7499, epoch_time=27.06s
  -> Saved best teacher model to experiments/1__kd_vs_baseline/checkpoints/teacher_cnn_seed123.pt
[Epoch 006] lr=0.000800, train_loss=0.7251, train_acc=0.8026, val_acc=0.7648, val_macro_f1=0.5860, val_weighted_f1=0.7422, epoch_time=27.12s
  -> Saved best teacher model to experiments/1__kd_vs_baseline/checkpoints/teacher_cnn_seed123.pt
[Epoch 007] lr=0.000799, train_loss=0.7157, train_acc=0.8052, val_acc=0.7734, val_macro_f1=0.5847, val_weighted_f1=0.7572, epoch_time=27.19s
[Epoch 008] lr=0.000798, train_loss=0.6940, train_acc=0.8146, val_acc=0.7807, val_macro_f1=0.6124, val_weighted_f1=0.7640, epoch_time=27.32s
  -> Saved best teacher model to experiments/1__kd_vs_baseline/checkpoints/teacher_cnn_seed123.pt
[Epoch 009] lr=0.000796, train_loss=0.6803, train_acc=0.8184, val_acc=0.7697, val_macro_f1=0.5668, val_weighted_f1=0.7424, epoch_time=27.06s
[Epoch 010] lr=0.000793, train_loss=0.6642, train_acc=0.8244, val_acc=0.7721, val_macro_f1=0.6011, val_weighted_f1=0.7512, epoch_time=27.21s
[Epoch 011] lr=0.000790, train_loss=0.6531, train_acc=0.8260, val_acc=0.7764, val_macro_f1=0.6112, val_weighted_f1=0.7597, epoch_time=27.19s
[Epoch 012] lr=0.000787, train_loss=0.6385, train_acc=0.8301, val_acc=0.7697, val_macro_f1=0.6023, val_weighted_f1=0.7517, epoch_time=27.03s
[Epoch 013] lr=0.000783, train_loss=0.6229, train_acc=0.8330, val_acc=0.7789, val_macro_f1=0.6106, val_weighted_f1=0.7650, epoch_time=27.16s
[Epoch 014] lr=0.000779, train_loss=0.6141, train_acc=0.8390, val_acc=0.7691, val_macro_f1=0.6150, val_weighted_f1=0.7538, epoch_time=27.09s
  -> Saved best teacher model to experiments/1__kd_vs_baseline/checkpoints/teacher_cnn_seed123.pt
[Epoch 015] lr=0.000774, train_loss=0.6015, train_acc=0.8415, val_acc=0.7648, val_macro_f1=0.6336, val_weighted_f1=0.7592, epoch_time=27.08s
  -> Saved best teacher model to experiments/1__kd_vs_baseline/checkpoints/teacher_cnn_seed123.pt
[Epoch 016] lr=0.000768, train_loss=0.5863, train_acc=0.8501, val_acc=0.7709, val_macro_f1=0.5998, val_weighted_f1=0.7547, epoch_time=27.22s
[Epoch 017] lr=0.000762, train_loss=0.5759, train_acc=0.8531, val_acc=0.7728, val_macro_f1=0.6138, val_weighted_f1=0.7549, epoch_time=27.11s
[Epoch 018] lr=0.000756, train_loss=0.5550, train_acc=0.8570, val_acc=0.7703, val_macro_f1=0.6169, val_weighted_f1=0.7559, epoch_time=27.19s
[Epoch 019] lr=0.000749, train_loss=0.5471, train_acc=0.8564, val_acc=0.7703, val_macro_f1=0.5879, val_weighted_f1=0.7513, epoch_time=26.98s
[Epoch 020] lr=0.000741, train_loss=0.5307, train_acc=0.8644, val_acc=0.7746, val_macro_f1=0.6511, val_weighted_f1=0.7698, epoch_time=27.19s
  -> Saved best teacher model to experiments/1__kd_vs_baseline/checkpoints/teacher_cnn_seed123.pt
[Epoch 021] lr=0.000733, train_loss=0.5136, train_acc=0.8720, val_acc=0.7483, val_macro_f1=0.6351, val_weighted_f1=0.7470, epoch_time=27.09s
[Epoch 022] lr=0.000725, train_loss=0.5018, train_acc=0.8777, val_acc=0.7697, val_macro_f1=0.6232, val_weighted_f1=0.7576, epoch_time=27.08s
[Epoch 023] lr=0.000716, train_loss=0.4787, train_acc=0.8864, val_acc=0.7715, val_macro_f1=0.6269, val_weighted_f1=0.7631, epoch_time=27.13s
[Epoch 024] lr=0.000707, train_loss=0.4708, train_acc=0.8889, val_acc=0.7538, val_macro_f1=0.6304, val_weighted_f1=0.7524, epoch_time=27.11s
[Epoch 025] lr=0.000698, train_loss=0.4451, train_acc=0.8991, val_acc=0.7740, val_macro_f1=0.6383, val_weighted_f1=0.7626, epoch_time=27.05s
[Epoch 026] lr=0.000688, train_loss=0.4294, train_acc=0.9034, val_acc=0.7593, val_macro_f1=0.6422, val_weighted_f1=0.7572, epoch_time=26.97s
[Epoch 027] lr=0.000677, train_loss=0.4086, train_acc=0.9119, val_acc=0.7703, val_macro_f1=0.6375, val_weighted_f1=0.7648, epoch_time=27.09s
[Epoch 028] lr=0.000667, train_loss=0.3911, train_acc=0.9201, val_acc=0.7666, val_macro_f1=0.6043, val_weighted_f1=0.7556, epoch_time=27.04s
[Epoch 029] lr=0.000656, train_loss=0.3737, train_acc=0.9264, val_acc=0.7593, val_macro_f1=0.6228, val_weighted_f1=0.7521, epoch_time=27.40s
[Epoch 030] lr=0.000644, train_loss=0.3555, train_acc=0.9356, val_acc=0.7624, val_macro_f1=0.6328, val_weighted_f1=0.7556, epoch_time=27.12s
[Epoch 031] lr=0.000633, train_loss=0.3510, train_acc=0.9342, val_acc=0.7526, val_macro_f1=0.6308, val_weighted_f1=0.7516, epoch_time=27.02s
[Epoch 032] lr=0.000620, train_loss=0.3344, train_acc=0.9414, val_acc=0.7557, val_macro_f1=0.6325, val_weighted_f1=0.7527, epoch_time=27.23s
[Epoch 033] lr=0.000608, train_loss=0.3206, train_acc=0.9450, val_acc=0.7752, val_macro_f1=0.6449, val_weighted_f1=0.7687, epoch_time=27.03s
[Epoch 034] lr=0.000596, train_loss=0.3060, train_acc=0.9530, val_acc=0.7526, val_macro_f1=0.6344, val_weighted_f1=0.7533, epoch_time=27.13s
[Epoch 035] lr=0.000583, train_loss=0.3008, train_acc=0.9539, val_acc=0.7532, val_macro_f1=0.6290, val_weighted_f1=0.7484, epoch_time=27.00s
[Epoch 036] lr=0.000570, train_loss=0.2893, train_acc=0.9579, val_acc=0.7520, val_macro_f1=0.6285, val_weighted_f1=0.7506, epoch_time=26.99s
[Epoch 037] lr=0.000556, train_loss=0.2756, train_acc=0.9634, val_acc=0.7642, val_macro_f1=0.6368, val_weighted_f1=0.7592, epoch_time=26.99s
[Epoch 038] lr=0.000543, train_loss=0.2707, train_acc=0.9651, val_acc=0.7593, val_macro_f1=0.6331, val_weighted_f1=0.7536, epoch_time=27.10s
Early stopping

Loaded best checkpoint for final evaluation.
Best validation macro-F1: 0.6511
Best epoch: 20
Time to best model: 549.92 seconds
Checkpoint size (MB): 12.011
Checkpoint seed: 123
Checkpoint teacher size: large
Checkpoint teacher arch: TeacherCNN
Test Accuracy: 0.7909
Test Macro-F1: 0.6615
Test Weighted-F1: 0.7876
Classification Report:
              precision    recall  f1-score   support

           0       0.88      0.68      0.77       184
           1       0.24      0.23      0.23        56
           2       0.83      0.63      0.72       256
           3       0.82      0.90      0.86       912
           4       0.70      0.75      0.73       242

    accuracy                           0.79      1650
   macro avg       0.69      0.64      0.66      1650
weighted avg       0.79      0.79      0.79      1650

Confusion Matrix:
[[126   4   5  41   8]
 [  1  13   2  32   8]
 [  4   2 162  64  24]
 [ 11  25  17 823  36]
 [  2  11   9  39 181]]
Inference latency: 6.0183 ms/sample
Parsed metrics for seed 123:
  Accuracy    = 0.7909
  Macro-F1    = 0.6615
  Weighted-F1 = 0.7876

----- SEED 999 -----
Using device: cuda
Seed: 999
Teacher size: large
Teacher checkpoint path: experiments/1__kd_vs_baseline/checkpoints/teacher_cnn_seed999.pt
Deterministic mode: True
Deterministic warn_only: True
Training: batch_size=64, lr=0.0008, epochs=90, patience=18, warmup_epochs=5, min_lr_factor=0.02, weight_decay=0.001, class_weight_gamma=0.2, label_smoothing=0.03, sampler_power=0.35, grad_clip=1.0, num_workers=2, teacher_size=large, use_weighted_sampler=False, class_weights=True, disable_augmentation=False, ema_decay=0.999
Training set size: 12957
Validation set size: 1637
Test set size: 1650
Number of leads: 12 classes: 5
Classes: ['CD' 'HYP' 'MI' 'NORM' 'STTC']
Training sampler: standard shuffled loader
Trainable parameters: 3111171
Total parameters: 3111171
Estimated model size (MB): 11.912
Class weights: [1.0338018  1.3094392  0.9520142  0.73911804 0.9656268 ]
EMA enabled
[Epoch 001] lr=0.000320, train_loss=0.9291, train_acc=0.7316, val_acc=0.7508, val_macro_f1=0.5438, val_weighted_f1=0.7184, epoch_time=28.06s
  -> Saved best teacher model to experiments/1__kd_vs_baseline/checkpoints/teacher_cnn_seed999.pt
[Epoch 002] lr=0.000480, train_loss=0.8115, train_acc=0.7732, val_acc=0.7349, val_macro_f1=0.5718, val_weighted_f1=0.7295, epoch_time=27.00s
  -> Saved best teacher model to experiments/1__kd_vs_baseline/checkpoints/teacher_cnn_seed999.pt
[Epoch 003] lr=0.000640, train_loss=0.7830, train_acc=0.7847, val_acc=0.7654, val_macro_f1=0.5662, val_weighted_f1=0.7417, epoch_time=26.92s
[Epoch 004] lr=0.000800, train_loss=0.7709, train_acc=0.7878, val_acc=0.7312, val_macro_f1=0.5491, val_weighted_f1=0.7183, epoch_time=27.09s
[Epoch 005] lr=0.000800, train_loss=0.7509, train_acc=0.7933, val_acc=0.7679, val_macro_f1=0.6138, val_weighted_f1=0.7543, epoch_time=26.93s
  -> Saved best teacher model to experiments/1__kd_vs_baseline/checkpoints/teacher_cnn_seed999.pt
[Epoch 006] lr=0.000800, train_loss=0.7304, train_acc=0.8010, val_acc=0.7282, val_macro_f1=0.5587, val_weighted_f1=0.7215, epoch_time=27.00s
[Epoch 007] lr=0.000799, train_loss=0.7178, train_acc=0.8054, val_acc=0.7654, val_macro_f1=0.5664, val_weighted_f1=0.7433, epoch_time=26.99s
[Epoch 008] lr=0.000798, train_loss=0.6990, train_acc=0.8104, val_acc=0.7740, val_macro_f1=0.6462, val_weighted_f1=0.7714, epoch_time=26.95s
  -> Saved best teacher model to experiments/1__kd_vs_baseline/checkpoints/teacher_cnn_seed999.pt
[Epoch 009] lr=0.000796, train_loss=0.6808, train_acc=0.8192, val_acc=0.7648, val_macro_f1=0.6409, val_weighted_f1=0.7640, epoch_time=27.06s
[Epoch 010] lr=0.000793, train_loss=0.6646, train_acc=0.8196, val_acc=0.7776, val_macro_f1=0.5974, val_weighted_f1=0.7584, epoch_time=27.02s
[Epoch 011] lr=0.000790, train_loss=0.6535, train_acc=0.8256, val_acc=0.7880, val_macro_f1=0.6383, val_weighted_f1=0.7769, epoch_time=27.12s
[Epoch 012] lr=0.000787, train_loss=0.6356, train_acc=0.8311, val_acc=0.7862, val_macro_f1=0.6672, val_weighted_f1=0.7832, epoch_time=27.02s
  -> Saved best teacher model to experiments/1__kd_vs_baseline/checkpoints/teacher_cnn_seed999.pt
[Epoch 013] lr=0.000783, train_loss=0.6225, train_acc=0.8354, val_acc=0.7886, val_macro_f1=0.6283, val_weighted_f1=0.7755, epoch_time=27.10s
[Epoch 014] lr=0.000779, train_loss=0.6164, train_acc=0.8348, val_acc=0.7697, val_macro_f1=0.6483, val_weighted_f1=0.7687, epoch_time=26.92s
[Epoch 015] lr=0.000774, train_loss=0.6076, train_acc=0.8396, val_acc=0.7721, val_macro_f1=0.6196, val_weighted_f1=0.7597, epoch_time=26.99s
[Epoch 016] lr=0.000768, train_loss=0.5921, train_acc=0.8430, val_acc=0.6940, val_macro_f1=0.6219, val_weighted_f1=0.7253, epoch_time=26.96s
[Epoch 017] lr=0.000762, train_loss=0.5779, train_acc=0.8494, val_acc=0.7666, val_macro_f1=0.6578, val_weighted_f1=0.7686, epoch_time=26.93s
[Epoch 018] lr=0.000756, train_loss=0.5693, train_acc=0.8532, val_acc=0.7709, val_macro_f1=0.6502, val_weighted_f1=0.7669, epoch_time=26.99s
[Epoch 019] lr=0.000749, train_loss=0.5526, train_acc=0.8572, val_acc=0.7892, val_macro_f1=0.6485, val_weighted_f1=0.7804, epoch_time=26.90s
[Epoch 020] lr=0.000741, train_loss=0.5448, train_acc=0.8576, val_acc=0.7734, val_macro_f1=0.6630, val_weighted_f1=0.7734, epoch_time=27.06s
[Epoch 021] lr=0.000733, train_loss=0.5208, train_acc=0.8712, val_acc=0.7850, val_macro_f1=0.6626, val_weighted_f1=0.7800, epoch_time=27.06s
[Epoch 022] lr=0.000725, train_loss=0.5049, train_acc=0.8728, val_acc=0.7770, val_macro_f1=0.6343, val_weighted_f1=0.7658, epoch_time=26.99s
[Epoch 023] lr=0.000716, train_loss=0.4910, train_acc=0.8821, val_acc=0.7740, val_macro_f1=0.6660, val_weighted_f1=0.7756, epoch_time=27.07s
[Epoch 024] lr=0.000707, train_loss=0.4742, train_acc=0.8874, val_acc=0.7929, val_macro_f1=0.6744, val_weighted_f1=0.7896, epoch_time=26.94s
  -> Saved best teacher model to experiments/1__kd_vs_baseline/checkpoints/teacher_cnn_seed999.pt
[Epoch 025] lr=0.000698, train_loss=0.4518, train_acc=0.8953, val_acc=0.7831, val_macro_f1=0.6532, val_weighted_f1=0.7750, epoch_time=26.99s
[Epoch 026] lr=0.000688, train_loss=0.4374, train_acc=0.9001, val_acc=0.7856, val_macro_f1=0.6678, val_weighted_f1=0.7810, epoch_time=27.13s
[Epoch 027] lr=0.000677, train_loss=0.4149, train_acc=0.9087, val_acc=0.7770, val_macro_f1=0.6723, val_weighted_f1=0.7790, epoch_time=27.07s
[Epoch 028] lr=0.000667, train_loss=0.4087, train_acc=0.9099, val_acc=0.7801, val_macro_f1=0.6698, val_weighted_f1=0.7762, epoch_time=27.01s
[Epoch 029] lr=0.000656, train_loss=0.3890, train_acc=0.9192, val_acc=0.7538, val_macro_f1=0.6592, val_weighted_f1=0.7648, epoch_time=26.97s
[Epoch 030] lr=0.000644, train_loss=0.3714, train_acc=0.9260, val_acc=0.7642, val_macro_f1=0.6516, val_weighted_f1=0.7655, epoch_time=26.92s
[Epoch 031] lr=0.000633, train_loss=0.3604, train_acc=0.9321, val_acc=0.7764, val_macro_f1=0.6547, val_weighted_f1=0.7713, epoch_time=26.84s
[Epoch 032] lr=0.000620, train_loss=0.3491, train_acc=0.9362, val_acc=0.7740, val_macro_f1=0.6700, val_weighted_f1=0.7744, epoch_time=26.96s
[Epoch 033] lr=0.000608, train_loss=0.3271, train_acc=0.9422, val_acc=0.7844, val_macro_f1=0.6526, val_weighted_f1=0.7768, epoch_time=27.05s
[Epoch 034] lr=0.000596, train_loss=0.3186, train_acc=0.9468, val_acc=0.7752, val_macro_f1=0.6477, val_weighted_f1=0.7696, epoch_time=27.00s
[Epoch 035] lr=0.000583, train_loss=0.3072, train_acc=0.9521, val_acc=0.7801, val_macro_f1=0.6504, val_weighted_f1=0.7712, epoch_time=27.00s
[Epoch 036] lr=0.000570, train_loss=0.2991, train_acc=0.9559, val_acc=0.7740, val_macro_f1=0.6590, val_weighted_f1=0.7723, epoch_time=27.00s
[Epoch 037] lr=0.000556, train_loss=0.2892, train_acc=0.9576, val_acc=0.7715, val_macro_f1=0.6420, val_weighted_f1=0.7670, epoch_time=27.12s
[Epoch 038] lr=0.000543, train_loss=0.2850, train_acc=0.9613, val_acc=0.7770, val_macro_f1=0.6351, val_weighted_f1=0.7684, epoch_time=26.97s
[Epoch 039] lr=0.000529, train_loss=0.2761, train_acc=0.9620, val_acc=0.7770, val_macro_f1=0.6245, val_weighted_f1=0.7662, epoch_time=27.06s
[Epoch 040] lr=0.000515, train_loss=0.2639, train_acc=0.9674, val_acc=0.7666, val_macro_f1=0.6364, val_weighted_f1=0.7614, epoch_time=26.89s
[Epoch 041] lr=0.000501, train_loss=0.2579, train_acc=0.9728, val_acc=0.7758, val_macro_f1=0.6155, val_weighted_f1=0.7619, epoch_time=26.93s
[Epoch 042] lr=0.000487, train_loss=0.2578, train_acc=0.9692, val_acc=0.7703, val_macro_f1=0.6406, val_weighted_f1=0.7659, epoch_time=27.06s
Early stopping

Loaded best checkpoint for final evaluation.
Best validation macro-F1: 0.6744
Best epoch: 24
Time to best model: 650.24 seconds
Checkpoint size (MB): 12.011
Checkpoint seed: 999
Checkpoint teacher size: large
Checkpoint teacher arch: TeacherCNN
Test Accuracy: 0.7818
Test Macro-F1: 0.6399
Test Weighted-F1: 0.7800
Classification Report:
              precision    recall  f1-score   support

           0       0.86      0.68      0.76       184
           1       0.15      0.16      0.15        56
           2       0.79      0.64      0.71       256
           3       0.83      0.89      0.86       912
           4       0.70      0.72      0.71       242

    accuracy                           0.78      1650
   macro avg       0.67      0.62      0.64      1650
weighted avg       0.78      0.78      0.78      1650

Confusion Matrix:
[[126   5   5  38  10]
 [  2   9   2  37   6]
 [  2   5 165  56  28]
 [ 12  30  24 815  31]
 [  4  12  12  39 175]]
Inference latency: 5.9025 ms/sample
Parsed metrics for seed 999:
  Accuracy    = 0.7818
  Macro-F1    = 0.6399
  Weighted-F1 = 0.7800

===== EXPERIMENT 1: TEACHER SUMMARY =====
Seeds        : 42 123 999
Accuracy     : 0.7899 ± 0.0062
Macro F1     : 0.6544 ± 0.0103
Weighted F1  : 0.7862 ± 0.0046

Finished: Sat Mar 28 15:12:30 GMT 2026
