Using device: cuda
Seed: 123
Deterministic mode: True
Deterministic warn_only: True
KD hyperparameters: alpha_start=0.100, alpha_end=0.100, temperature=1.00, logit_mse_weight=0.030, feature_mse_weight=0.030, class_weight_gamma=0.00, sampler_power=0.35, label_smoothing=0.000, student_size=large
Training: batch_size=64, lr=0.0008, epochs=70, patience=15, weight_decay=0.002, grad_clip=1.0, num_workers=2, disable_augmentation=False, use_weighted_sampler=False
Teacher checkpoint path: checkpoints/teacher/teacher_cnn_seed123.pt
Student checkpoint path: /users/40370279/csc4006/code/experiments/4__student_capacity_sweep/checkpoints/studentkd_large_seed123.pt
Training set size: 12957
Validation set size: 1637
Test set size: 1650
Number of leads: 12 classes: 5
Classes: ['CD' 'HYP' 'MI' 'NORM' 'STTC']
Trainable parameters (student): 25345
Total parameters (student): 25345
Estimated model size (MB): 0.099
Teacher pooled dim: 896
Student pooled dim: 40
Class weights: [1. 1. 1. 1. 1.]
Training sampler: standard shuffled loader
[Epoch 001] train_loss=0.6728, train_hard=1.0542, train_soft=0.5690, train_logit_mse=1.8208, train_feature_mse=0.0208, train_acc=0.6281, alpha=0.100, val_acc=0.7013, val_macro_f1=0.4572, val_weighted_f1=0.6587, lr=0.000800, epoch_time=19.33s
  -> New best KD student saved to /users/40370279/csc4006/code/experiments/4__student_capacity_sweep/checkpoints/studentkd_large_seed123.pt
[Epoch 002] train_loss=0.4175, train_hard=0.8007, train_soft=0.3362, train_logit_mse=1.1484, train_feature_mse=0.0122, train_acc=0.7306, alpha=0.100, val_acc=0.7367, val_macro_f1=0.5357, val_weighted_f1=0.7166, lr=0.000798, epoch_time=18.51s
  -> New best KD student saved to /users/40370279/csc4006/code/experiments/4__student_capacity_sweep/checkpoints/studentkd_large_seed123.pt
[Epoch 003] train_loss=0.3289, train_hard=0.7215, train_soft=0.2559, train_logit_mse=0.8742, train_feature_mse=0.0077, train_acc=0.7647, alpha=0.100, val_acc=0.7410, val_macro_f1=0.5566, val_weighted_f1=0.7190, lr=0.000796, epoch_time=18.42s
  -> New best KD student saved to /users/40370279/csc4006/code/experiments/4__student_capacity_sweep/checkpoints/studentkd_large_seed123.pt
[Epoch 004] train_loss=0.2831, train_hard=0.6779, train_soft=0.2141, train_logit_mse=0.7485, train_feature_mse=0.0049, train_acc=0.7793, alpha=0.100, val_acc=0.7465, val_macro_f1=0.5708, val_weighted_f1=0.7283, lr=0.000794, epoch_time=18.34s
  -> New best KD student saved to /users/40370279/csc4006/code/experiments/4__student_capacity_sweep/checkpoints/studentkd_large_seed123.pt
[Epoch 005] train_loss=0.2651, train_hard=0.6610, train_soft=0.1979, train_logit_mse=0.6949, train_feature_mse=0.0031, train_acc=0.7838, alpha=0.100, val_acc=0.7477, val_macro_f1=0.5876, val_weighted_f1=0.7343, lr=0.000790, epoch_time=18.20s
  -> New best KD student saved to /users/40370279/csc4006/code/experiments/4__student_capacity_sweep/checkpoints/studentkd_large_seed123.pt
[Epoch 006] train_loss=0.2477, train_hard=0.6387, train_soft=0.1824, train_logit_mse=0.6555, train_feature_mse=0.0019, train_acc=0.7899, alpha=0.100, val_acc=0.7428, val_macro_f1=0.5594, val_weighted_f1=0.7206, lr=0.000786, epoch_time=18.32s
[Epoch 007] train_loss=0.2386, train_hard=0.6361, train_soft=0.1738, train_logit_mse=0.6174, train_feature_mse=0.0012, train_acc=0.7928, alpha=0.100, val_acc=0.7544, val_macro_f1=0.6065, val_weighted_f1=0.7465, lr=0.000781, epoch_time=18.31s
  -> New best KD student saved to /users/40370279/csc4006/code/experiments/4__student_capacity_sweep/checkpoints/studentkd_large_seed123.pt
[Epoch 008] train_loss=0.2335, train_hard=0.6297, train_soft=0.1692, train_logit_mse=0.6066, train_feature_mse=0.0010, train_acc=0.7940, alpha=0.100, val_acc=0.7410, val_macro_f1=0.5702, val_weighted_f1=0.7203, lr=0.000775, epoch_time=18.35s
[Epoch 009] train_loss=0.2219, train_hard=0.6178, train_soft=0.1587, train_logit_mse=0.5759, train_feature_mse=0.0009, train_acc=0.7977, alpha=0.100, val_acc=0.7233, val_macro_f1=0.5784, val_weighted_f1=0.7192, lr=0.000768, epoch_time=18.20s
[Epoch 010] train_loss=0.2113, train_hard=0.6077, train_soft=0.1489, train_logit_mse=0.5504, train_feature_mse=0.0008, train_acc=0.7973, alpha=0.100, val_acc=0.7502, val_macro_f1=0.5950, val_weighted_f1=0.7348, lr=0.000761, epoch_time=18.32s
[Epoch 011] train_loss=0.2067, train_hard=0.5997, train_soft=0.1449, train_logit_mse=0.5416, train_feature_mse=0.0008, train_acc=0.8011, alpha=0.100, val_acc=0.7495, val_macro_f1=0.5999, val_weighted_f1=0.7389, lr=0.000753, epoch_time=18.25s
[Epoch 012] train_loss=0.2006, train_hard=0.5985, train_soft=0.1388, train_logit_mse=0.5255, train_feature_mse=0.0007, train_acc=0.8012, alpha=0.100, val_acc=0.7697, val_macro_f1=0.5848, val_weighted_f1=0.7501, lr=0.000744, epoch_time=18.17s
[Epoch 013] train_loss=0.1944, train_hard=0.5864, train_soft=0.1338, train_logit_mse=0.5115, train_feature_mse=0.0007, train_acc=0.8094, alpha=0.100, val_acc=0.7581, val_macro_f1=0.6205, val_weighted_f1=0.7541, lr=0.000735, epoch_time=18.23s
  -> New best KD student saved to /users/40370279/csc4006/code/experiments/4__student_capacity_sweep/checkpoints/studentkd_large_seed123.pt
[Epoch 014] train_loss=0.1921, train_hard=0.5875, train_soft=0.1315, train_logit_mse=0.5007, train_feature_mse=0.0007, train_acc=0.8085, alpha=0.100, val_acc=0.7557, val_macro_f1=0.6053, val_weighted_f1=0.7446, lr=0.000725, epoch_time=18.44s
[Epoch 015] train_loss=0.1890, train_hard=0.5820, train_soft=0.1288, train_logit_mse=0.4946, train_feature_mse=0.0006, train_acc=0.8068, alpha=0.100, val_acc=0.7611, val_macro_f1=0.6176, val_weighted_f1=0.7540, lr=0.000714, epoch_time=18.40s
[Epoch 016] train_loss=0.1822, train_hard=0.5764, train_soft=0.1225, train_logit_mse=0.4782, train_feature_mse=0.0006, train_acc=0.8079, alpha=0.100, val_acc=0.7557, val_macro_f1=0.5810, val_weighted_f1=0.7354, lr=0.000702, epoch_time=18.34s
[Epoch 017] train_loss=0.1809, train_hard=0.5756, train_soft=0.1211, train_logit_mse=0.4768, train_feature_mse=0.0006, train_acc=0.8110, alpha=0.100, val_acc=0.7673, val_macro_f1=0.6334, val_weighted_f1=0.7620, lr=0.000691, epoch_time=18.17s
  -> New best KD student saved to /users/40370279/csc4006/code/experiments/4__student_capacity_sweep/checkpoints/studentkd_large_seed123.pt
[Epoch 018] train_loss=0.1748, train_hard=0.5666, train_soft=0.1158, train_logit_mse=0.4618, train_feature_mse=0.0006, train_acc=0.8135, alpha=0.100, val_acc=0.7563, val_macro_f1=0.5984, val_weighted_f1=0.7452, lr=0.000678, epoch_time=18.28s
[Epoch 019] train_loss=0.1725, train_hard=0.5637, train_soft=0.1137, train_logit_mse=0.4592, train_feature_mse=0.0006, train_acc=0.8159, alpha=0.100, val_acc=0.7660, val_macro_f1=0.6288, val_weighted_f1=0.7606, lr=0.000665, epoch_time=18.18s
[Epoch 020] train_loss=0.1692, train_hard=0.5590, train_soft=0.1110, train_logit_mse=0.4477, train_feature_mse=0.0005, train_acc=0.8150, alpha=0.100, val_acc=0.7666, val_macro_f1=0.6235, val_weighted_f1=0.7565, lr=0.000651, epoch_time=18.29s
[Epoch 021] train_loss=0.1670, train_hard=0.5554, train_soft=0.1091, train_logit_mse=0.4402, train_feature_mse=0.0005, train_acc=0.8152, alpha=0.100, val_acc=0.7648, val_macro_f1=0.6038, val_weighted_f1=0.7509, lr=0.000637, epoch_time=18.20s
[Epoch 022] train_loss=0.1667, train_hard=0.5550, train_soft=0.1088, train_logit_mse=0.4427, train_feature_mse=0.0005, train_acc=0.8176, alpha=0.100, val_acc=0.7550, val_macro_f1=0.6439, val_weighted_f1=0.7590, lr=0.000623, epoch_time=18.22s
  -> New best KD student saved to /users/40370279/csc4006/code/experiments/4__student_capacity_sweep/checkpoints/studentkd_large_seed123.pt
[Epoch 023] train_loss=0.1620, train_hard=0.5497, train_soft=0.1045, train_logit_mse=0.4326, train_feature_mse=0.0005, train_acc=0.8182, alpha=0.100, val_acc=0.7599, val_macro_f1=0.5955, val_weighted_f1=0.7445, lr=0.000608, epoch_time=18.32s
[Epoch 024] train_loss=0.1634, train_hard=0.5506, train_soft=0.1059, train_logit_mse=0.4337, train_feature_mse=0.0005, train_acc=0.8202, alpha=0.100, val_acc=0.7746, val_macro_f1=0.6420, val_weighted_f1=0.7681, lr=0.000592, epoch_time=18.27s
[Epoch 025] train_loss=0.1601, train_hard=0.5499, train_soft=0.1025, train_logit_mse=0.4264, train_feature_mse=0.0005, train_acc=0.8165, alpha=0.100, val_acc=0.7636, val_macro_f1=0.5975, val_weighted_f1=0.7470, lr=0.000576, epoch_time=18.30s
[Epoch 026] train_loss=0.1571, train_hard=0.5428, train_soft=0.1001, train_logit_mse=0.4238, train_feature_mse=0.0005, train_acc=0.8196, alpha=0.100, val_acc=0.7740, val_macro_f1=0.6229, val_weighted_f1=0.7623, lr=0.000560, epoch_time=18.20s
[Epoch 027] train_loss=0.1564, train_hard=0.5407, train_soft=0.0997, train_logit_mse=0.4203, train_feature_mse=0.0005, train_acc=0.8219, alpha=0.100, val_acc=0.7654, val_macro_f1=0.6157, val_weighted_f1=0.7535, lr=0.000544, epoch_time=18.15s
[Epoch 028] train_loss=0.1518, train_hard=0.5371, train_soft=0.0953, train_logit_mse=0.4125, train_feature_mse=0.0005, train_acc=0.8261, alpha=0.100, val_acc=0.7660, val_macro_f1=0.6095, val_weighted_f1=0.7514, lr=0.000527, epoch_time=18.21s
[Epoch 029] train_loss=0.1512, train_hard=0.5378, train_soft=0.0947, train_logit_mse=0.4058, train_feature_mse=0.0005, train_acc=0.8253, alpha=0.100, val_acc=0.7703, val_macro_f1=0.6092, val_weighted_f1=0.7560, lr=0.000510, epoch_time=18.35s
[Epoch 030] train_loss=0.1494, train_hard=0.5370, train_soft=0.0929, train_logit_mse=0.4020, train_feature_mse=0.0004, train_acc=0.8231, alpha=0.100, val_acc=0.7654, val_macro_f1=0.6232, val_weighted_f1=0.7584, lr=0.000493, epoch_time=18.29s
[Epoch 031] train_loss=0.1512, train_hard=0.5388, train_soft=0.0946, train_logit_mse=0.4048, train_feature_mse=0.0004, train_acc=0.8216, alpha=0.100, val_acc=0.7715, val_macro_f1=0.6314, val_weighted_f1=0.7641, lr=0.000476, epoch_time=18.19s
[Epoch 032] train_loss=0.1486, train_hard=0.5345, train_soft=0.0923, train_logit_mse=0.4021, train_feature_mse=0.0004, train_acc=0.8258, alpha=0.100, val_acc=0.7709, val_macro_f1=0.6228, val_weighted_f1=0.7610, lr=0.000458, epoch_time=18.35s
[Epoch 033] train_loss=0.1455, train_hard=0.5301, train_soft=0.0897, train_logit_mse=0.3931, train_feature_mse=0.0004, train_acc=0.8277, alpha=0.100, val_acc=0.7770, val_macro_f1=0.6335, val_weighted_f1=0.7687, lr=0.000440, epoch_time=18.30s
[Epoch 034] train_loss=0.1437, train_hard=0.5282, train_soft=0.0879, train_logit_mse=0.3905, train_feature_mse=0.0004, train_acc=0.8260, alpha=0.100, val_acc=0.7752, val_macro_f1=0.6325, val_weighted_f1=0.7677, lr=0.000423, epoch_time=18.27s
[Epoch 035] train_loss=0.1448, train_hard=0.5305, train_soft=0.0891, train_logit_mse=0.3872, train_feature_mse=0.0004, train_acc=0.8257, alpha=0.100, val_acc=0.7630, val_macro_f1=0.6270, val_weighted_f1=0.7562, lr=0.000405, epoch_time=18.18s
[Epoch 036] train_loss=0.1424, train_hard=0.5269, train_soft=0.0868, train_logit_mse=0.3861, train_feature_mse=0.0004, train_acc=0.8285, alpha=0.100, val_acc=0.7624, val_macro_f1=0.6144, val_weighted_f1=0.7509, lr=0.000387, epoch_time=18.24s
[Epoch 037] train_loss=0.1421, train_hard=0.5250, train_soft=0.0868, train_logit_mse=0.3831, train_feature_mse=0.0004, train_acc=0.8287, alpha=0.100, val_acc=0.7679, val_macro_f1=0.6121, val_weighted_f1=0.7525, lr=0.000370, epoch_time=18.35s
Early stopping triggered.
Loaded best KD student checkpoint for final test evaluation.
Best validation macro-F1: 0.6439
Best epoch: 22
Time to best model: 403.77 seconds
Checkpoint size (MB): 0.266
Student size: large
Teacher used: checkpoints/teacher/teacher_cnn_seed123.pt
Teacher arch: TeacherCNN
Teacher size: large
Checkpoint seed: 123
Test accuracy (KD student): 0.7630
Test macro-F1 (KD student): 0.6326
Test weighted-F1 (KD student): 0.7647
Test classification report:
              precision    recall  f1-score   support

           0       0.84      0.68      0.75       184
           1       0.17      0.27      0.21        56
           2       0.76      0.59      0.66       256
           3       0.82      0.88      0.85       912
           4       0.70      0.68      0.69       242

    accuracy                           0.76      1650
   macro avg       0.66      0.62      0.63      1650
weighted avg       0.77      0.76      0.76      1650

Test confusion matrix:
[[126   7   7  39   5]
 [  1  15   4  31   5]
 [ 11   2 151  66  26]
 [ 10  42  22 803  35]
 [  2  22  16  38 164]]
Inference latency: 1.5182 ms/sample
