Using device: cuda
Seed: 999
Deterministic mode: True
Deterministic warn_only: True
KD hyperparameters: alpha_start=0.100, alpha_end=0.100, temperature=1.00, logit_mse_weight=0.030, feature_mse_weight=0.030, class_weight_gamma=0.00, sampler_power=0.35, label_smoothing=0.000, student_size=small
Training: batch_size=64, lr=0.0008, epochs=70, patience=15, weight_decay=0.002, grad_clip=1.0, num_workers=2, disable_augmentation=False, use_weighted_sampler=False
Teacher checkpoint path: checkpoints/teacher/teacher_cnn_seed999.pt
Student checkpoint path: /users/40370279/csc4006/code/experiments/4__student_capacity_sweep/checkpoints/studentkd_small_seed999.pt
Training set size: 12957
Validation set size: 1637
Test set size: 1650
Number of leads: 12 classes: 5
Classes: ['CD' 'HYP' 'MI' 'NORM' 'STTC']
Trainable parameters (student): 5897
Total parameters (student): 5897
Estimated model size (MB): 0.024
Teacher pooled dim: 896
Student pooled dim: 18
Class weights: [1. 1. 1. 1. 1.]
Training sampler: standard shuffled loader
[Epoch 001] train_loss=0.9129, train_hard=1.1799, train_soft=0.7923, train_logit_mse=2.6748, train_feature_mse=0.0523, train_acc=0.5786, alpha=0.100, val_acc=0.6237, val_macro_f1=0.2870, val_weighted_f1=0.5423, lr=0.000800, epoch_time=19.06s
  -> New best KD student saved to /users/40370279/csc4006/code/experiments/4__student_capacity_sweep/checkpoints/studentkd_small_seed999.pt
[Epoch 002] train_loss=0.6722, train_hard=0.9344, train_soft=0.5755, train_logit_mse=1.9970, train_feature_mse=0.0297, train_acc=0.6726, alpha=0.100, val_acc=0.6976, val_macro_f1=0.4576, val_weighted_f1=0.6555, lr=0.000798, epoch_time=17.80s
  -> New best KD student saved to /users/40370279/csc4006/code/experiments/4__student_capacity_sweep/checkpoints/studentkd_small_seed999.pt
[Epoch 003] train_loss=0.5669, train_hard=0.8348, train_soft=0.4789, train_logit_mse=1.7326, train_feature_mse=0.0155, train_acc=0.7185, alpha=0.100, val_acc=0.7227, val_macro_f1=0.5039, val_weighted_f1=0.6889, lr=0.000796, epoch_time=17.91s
  -> New best KD student saved to /users/40370279/csc4006/code/experiments/4__student_capacity_sweep/checkpoints/studentkd_small_seed999.pt
[Epoch 004] train_loss=0.5195, train_hard=0.7925, train_soft=0.4353, train_logit_mse=1.6080, train_feature_mse=0.0094, train_acc=0.7379, alpha=0.100, val_acc=0.7306, val_macro_f1=0.5135, val_weighted_f1=0.6988, lr=0.000794, epoch_time=17.85s
  -> New best KD student saved to /users/40370279/csc4006/code/experiments/4__student_capacity_sweep/checkpoints/studentkd_small_seed999.pt
[Epoch 005] train_loss=0.4770, train_hard=0.7524, train_soft=0.3975, train_logit_mse=1.4598, train_feature_mse=0.0059, train_acc=0.7560, alpha=0.100, val_acc=0.7502, val_macro_f1=0.5460, val_weighted_f1=0.7259, lr=0.000790, epoch_time=17.71s
  -> New best KD student saved to /users/40370279/csc4006/code/experiments/4__student_capacity_sweep/checkpoints/studentkd_small_seed999.pt
[Epoch 006] train_loss=0.4570, train_hard=0.7357, train_soft=0.3800, train_logit_mse=1.3790, train_feature_mse=0.0036, train_acc=0.7600, alpha=0.100, val_acc=0.7422, val_macro_f1=0.5339, val_weighted_f1=0.7154, lr=0.000786, epoch_time=17.76s
[Epoch 007] train_loss=0.4337, train_hard=0.7161, train_soft=0.3587, train_logit_mse=1.3062, train_feature_mse=0.0025, train_acc=0.7651, alpha=0.100, val_acc=0.7428, val_macro_f1=0.5340, val_weighted_f1=0.7152, lr=0.000781, epoch_time=17.84s
[Epoch 008] train_loss=0.4185, train_hard=0.6965, train_soft=0.3455, train_logit_mse=1.2611, train_feature_mse=0.0021, train_acc=0.7739, alpha=0.100, val_acc=0.7440, val_macro_f1=0.5308, val_weighted_f1=0.7120, lr=0.000775, epoch_time=17.79s
[Epoch 009] train_loss=0.4097, train_hard=0.6923, train_soft=0.3372, train_logit_mse=1.2318, train_feature_mse=0.0019, train_acc=0.7746, alpha=0.100, val_acc=0.7404, val_macro_f1=0.5298, val_weighted_f1=0.7097, lr=0.000768, epoch_time=17.78s
[Epoch 010] train_loss=0.3984, train_hard=0.6804, train_soft=0.3271, train_logit_mse=1.1956, train_feature_mse=0.0018, train_acc=0.7797, alpha=0.100, val_acc=0.7404, val_macro_f1=0.5250, val_weighted_f1=0.7067, lr=0.000761, epoch_time=17.74s
[Epoch 011] train_loss=0.3927, train_hard=0.6768, train_soft=0.3217, train_logit_mse=1.1838, train_feature_mse=0.0017, train_acc=0.7805, alpha=0.100, val_acc=0.7569, val_macro_f1=0.5651, val_weighted_f1=0.7361, lr=0.000753, epoch_time=17.85s
  -> New best KD student saved to /users/40370279/csc4006/code/experiments/4__student_capacity_sweep/checkpoints/studentkd_small_seed999.pt
[Epoch 012] train_loss=0.3830, train_hard=0.6683, train_soft=0.3129, train_logit_mse=1.1501, train_feature_mse=0.0016, train_acc=0.7833, alpha=0.100, val_acc=0.7477, val_macro_f1=0.5437, val_weighted_f1=0.7208, lr=0.000744, epoch_time=17.78s
[Epoch 013] train_loss=0.3761, train_hard=0.6655, train_soft=0.3061, train_logit_mse=1.1329, train_feature_mse=0.0015, train_acc=0.7850, alpha=0.100, val_acc=0.7489, val_macro_f1=0.5497, val_weighted_f1=0.7241, lr=0.000735, epoch_time=17.88s
[Epoch 014] train_loss=0.3721, train_hard=0.6579, train_soft=0.3027, train_logit_mse=1.1258, train_feature_mse=0.0015, train_acc=0.7840, alpha=0.100, val_acc=0.7477, val_macro_f1=0.5504, val_weighted_f1=0.7234, lr=0.000725, epoch_time=17.77s
[Epoch 015] train_loss=0.3634, train_hard=0.6497, train_soft=0.2946, train_logit_mse=1.1076, train_feature_mse=0.0014, train_acc=0.7922, alpha=0.100, val_acc=0.7624, val_macro_f1=0.5637, val_weighted_f1=0.7381, lr=0.000714, epoch_time=17.74s
[Epoch 016] train_loss=0.3637, train_hard=0.6535, train_soft=0.2948, train_logit_mse=1.0983, train_feature_mse=0.0014, train_acc=0.7897, alpha=0.100, val_acc=0.7563, val_macro_f1=0.5605, val_weighted_f1=0.7336, lr=0.000702, epoch_time=17.82s
[Epoch 017] train_loss=0.3530, train_hard=0.6386, train_soft=0.2853, train_logit_mse=1.0772, train_feature_mse=0.0014, train_acc=0.7929, alpha=0.100, val_acc=0.7569, val_macro_f1=0.5585, val_weighted_f1=0.7330, lr=0.000691, epoch_time=17.66s
[Epoch 018] train_loss=0.3494, train_hard=0.6432, train_soft=0.2812, train_logit_mse=1.0656, train_feature_mse=0.0013, train_acc=0.7936, alpha=0.100, val_acc=0.7569, val_macro_f1=0.5553, val_weighted_f1=0.7296, lr=0.000678, epoch_time=17.77s
[Epoch 019] train_loss=0.3477, train_hard=0.6354, train_soft=0.2804, train_logit_mse=1.0611, train_feature_mse=0.0013, train_acc=0.7946, alpha=0.100, val_acc=0.7544, val_macro_f1=0.5531, val_weighted_f1=0.7256, lr=0.000665, epoch_time=17.85s
[Epoch 020] train_loss=0.3444, train_hard=0.6347, train_soft=0.2771, train_logit_mse=1.0510, train_feature_mse=0.0013, train_acc=0.7938, alpha=0.100, val_acc=0.7569, val_macro_f1=0.5549, val_weighted_f1=0.7321, lr=0.000651, epoch_time=17.92s
[Epoch 021] train_loss=0.3397, train_hard=0.6293, train_soft=0.2726, train_logit_mse=1.0446, train_feature_mse=0.0013, train_acc=0.8005, alpha=0.100, val_acc=0.7605, val_macro_f1=0.5628, val_weighted_f1=0.7361, lr=0.000637, epoch_time=17.87s
[Epoch 022] train_loss=0.3374, train_hard=0.6284, train_soft=0.2707, train_logit_mse=1.0306, train_feature_mse=0.0013, train_acc=0.7976, alpha=0.100, val_acc=0.7538, val_macro_f1=0.5495, val_weighted_f1=0.7250, lr=0.000623, epoch_time=17.82s
[Epoch 023] train_loss=0.3339, train_hard=0.6276, train_soft=0.2671, train_logit_mse=1.0237, train_feature_mse=0.0012, train_acc=0.7991, alpha=0.100, val_acc=0.7495, val_macro_f1=0.5438, val_weighted_f1=0.7201, lr=0.000608, epoch_time=17.79s
[Epoch 024] train_loss=0.3279, train_hard=0.6201, train_soft=0.2619, train_logit_mse=1.0061, train_feature_mse=0.0012, train_acc=0.7974, alpha=0.100, val_acc=0.7660, val_macro_f1=0.5677, val_weighted_f1=0.7415, lr=0.000592, epoch_time=17.84s
  -> New best KD student saved to /users/40370279/csc4006/code/experiments/4__student_capacity_sweep/checkpoints/studentkd_small_seed999.pt
[Epoch 025] train_loss=0.3293, train_hard=0.6209, train_soft=0.2632, train_logit_mse=1.0109, train_feature_mse=0.0012, train_acc=0.8000, alpha=0.100, val_acc=0.7673, val_macro_f1=0.5740, val_weighted_f1=0.7456, lr=0.000576, epoch_time=17.80s
  -> New best KD student saved to /users/40370279/csc4006/code/experiments/4__student_capacity_sweep/checkpoints/studentkd_small_seed999.pt
[Epoch 026] train_loss=0.3241, train_hard=0.6169, train_soft=0.2584, train_logit_mse=0.9936, train_feature_mse=0.0012, train_acc=0.8016, alpha=0.100, val_acc=0.7630, val_macro_f1=0.5640, val_weighted_f1=0.7367, lr=0.000560, epoch_time=17.74s
[Epoch 027] train_loss=0.3266, train_hard=0.6201, train_soft=0.2608, train_logit_mse=0.9959, train_feature_mse=0.0012, train_acc=0.7984, alpha=0.100, val_acc=0.7758, val_macro_f1=0.5806, val_weighted_f1=0.7525, lr=0.000544, epoch_time=17.74s
  -> New best KD student saved to /users/40370279/csc4006/code/experiments/4__student_capacity_sweep/checkpoints/studentkd_small_seed999.pt
[Epoch 028] train_loss=0.3213, train_hard=0.6141, train_soft=0.2559, train_logit_mse=0.9827, train_feature_mse=0.0012, train_acc=0.8010, alpha=0.100, val_acc=0.7660, val_macro_f1=0.5699, val_weighted_f1=0.7436, lr=0.000527, epoch_time=17.87s
[Epoch 029] train_loss=0.3175, train_hard=0.6124, train_soft=0.2521, train_logit_mse=0.9760, train_feature_mse=0.0012, train_acc=0.8041, alpha=0.100, val_acc=0.7666, val_macro_f1=0.5719, val_weighted_f1=0.7437, lr=0.000510, epoch_time=17.79s
[Epoch 030] train_loss=0.3129, train_hard=0.6069, train_soft=0.2477, train_logit_mse=0.9748, train_feature_mse=0.0012, train_acc=0.8088, alpha=0.100, val_acc=0.7605, val_macro_f1=0.5643, val_weighted_f1=0.7376, lr=0.000493, epoch_time=17.82s
[Epoch 031] train_loss=0.3095, train_hard=0.6086, train_soft=0.2443, train_logit_mse=0.9590, train_feature_mse=0.0011, train_acc=0.8061, alpha=0.100, val_acc=0.7587, val_macro_f1=0.5569, val_weighted_f1=0.7305, lr=0.000476, epoch_time=17.89s
[Epoch 032] train_loss=0.3085, train_hard=0.6035, train_soft=0.2438, train_logit_mse=0.9565, train_feature_mse=0.0011, train_acc=0.8040, alpha=0.100, val_acc=0.7679, val_macro_f1=0.5722, val_weighted_f1=0.7440, lr=0.000458, epoch_time=17.80s
[Epoch 033] train_loss=0.3063, train_hard=0.6009, train_soft=0.2418, train_logit_mse=0.9518, train_feature_mse=0.0011, train_acc=0.8049, alpha=0.100, val_acc=0.7618, val_macro_f1=0.5591, val_weighted_f1=0.7336, lr=0.000440, epoch_time=17.72s
[Epoch 034] train_loss=0.3061, train_hard=0.6007, train_soft=0.2417, train_logit_mse=0.9474, train_feature_mse=0.0011, train_acc=0.8064, alpha=0.100, val_acc=0.7666, val_macro_f1=0.5724, val_weighted_f1=0.7434, lr=0.000423, epoch_time=17.79s
[Epoch 035] train_loss=0.3041, train_hard=0.6007, train_soft=0.2398, train_logit_mse=0.9385, train_feature_mse=0.0011, train_acc=0.8058, alpha=0.100, val_acc=0.7636, val_macro_f1=0.5683, val_weighted_f1=0.7405, lr=0.000405, epoch_time=17.83s
[Epoch 036] train_loss=0.3043, train_hard=0.6012, train_soft=0.2400, train_logit_mse=0.9380, train_feature_mse=0.0011, train_acc=0.8031, alpha=0.100, val_acc=0.7599, val_macro_f1=0.5558, val_weighted_f1=0.7307, lr=0.000387, epoch_time=17.81s
[Epoch 037] train_loss=0.3019, train_hard=0.5983, train_soft=0.2377, train_logit_mse=0.9374, train_feature_mse=0.0011, train_acc=0.8063, alpha=0.100, val_acc=0.7685, val_macro_f1=0.5710, val_weighted_f1=0.7443, lr=0.000370, epoch_time=17.91s
[Epoch 038] train_loss=0.2976, train_hard=0.5923, train_soft=0.2339, train_logit_mse=0.9281, train_feature_mse=0.0011, train_acc=0.8091, alpha=0.100, val_acc=0.7654, val_macro_f1=0.5697, val_weighted_f1=0.7416, lr=0.000352, epoch_time=17.78s
[Epoch 039] train_loss=0.2993, train_hard=0.5978, train_soft=0.2351, train_logit_mse=0.9291, train_feature_mse=0.0011, train_acc=0.8091, alpha=0.100, val_acc=0.7673, val_macro_f1=0.5731, val_weighted_f1=0.7453, lr=0.000334, epoch_time=17.69s
[Epoch 040] train_loss=0.2987, train_hard=0.5979, train_soft=0.2346, train_logit_mse=0.9237, train_feature_mse=0.0011, train_acc=0.8089, alpha=0.100, val_acc=0.7660, val_macro_f1=0.5680, val_weighted_f1=0.7423, lr=0.000317, epoch_time=17.78s
[Epoch 041] train_loss=0.2926, train_hard=0.5913, train_soft=0.2289, train_logit_mse=0.9121, train_feature_mse=0.0010, train_acc=0.8072, alpha=0.100, val_acc=0.7734, val_macro_f1=0.5805, val_weighted_f1=0.7507, lr=0.000300, epoch_time=17.67s
[Epoch 042] train_loss=0.2887, train_hard=0.5858, train_soft=0.2255, train_logit_mse=0.9037, train_feature_mse=0.0010, train_acc=0.8113, alpha=0.100, val_acc=0.7697, val_macro_f1=0.5761, val_weighted_f1=0.7476, lr=0.000283, epoch_time=17.74s
Early stopping triggered.
Loaded best KD student checkpoint for final test evaluation.
Best validation macro-F1: 0.5806
Best epoch: 27
Time to best model: 486.65 seconds
Checkpoint size (MB): 0.115
Student size: small
Teacher used: checkpoints/teacher/teacher_cnn_seed999.pt
Teacher arch: TeacherCNN
Teacher size: large
Checkpoint seed: 999
Test accuracy (KD student): 0.7739
Test macro-F1 (KD student): 0.5794
Test weighted-F1 (KD student): 0.7513
Test classification report:
              precision    recall  f1-score   support

           0       0.85      0.64      0.73       184
           1       0.00      0.00      0.00        56
           2       0.76      0.52      0.62       256
           3       0.78      0.95      0.85       912
           4       0.72      0.68      0.70       242

    accuracy                           0.77      1650
   macro avg       0.62      0.56      0.58      1650
weighted avg       0.75      0.77      0.75      1650

Test confusion matrix:
[[117   0   8  53   6]
 [  0   0   2  48   6]
 [ 10   0 133  83  30]
 [  9   0  19 862  22]
 [  2   0  14  61 165]]
Inference latency: 1.4613 ms/sample
