Using device: cuda
Seed: 999
Deterministic mode: True
Deterministic warn_only: True
KD hyperparameters: alpha_start=0.100, alpha_end=0.100, temperature=1.00, logit_mse_weight=0.030, feature_mse_weight=0.030, class_weight_gamma=0.00, sampler_power=0.35, label_smoothing=0.000, student_size=medium
Training: batch_size=64, lr=0.0008, epochs=70, patience=15, weight_decay=0.002, grad_clip=1.0, num_workers=2, disable_augmentation=False, use_weighted_sampler=False
Teacher checkpoint path: checkpoints/teacher/teacher_cnn_seed999.pt
Student checkpoint path: /users/40370279/csc4006/code/experiments/4__student_capacity_sweep/checkpoints/studentkd_medium_seed999.pt
Training set size: 12957
Validation set size: 1637
Test set size: 1650
Number of leads: 12 classes: 5
Classes: ['CD' 'HYP' 'MI' 'NORM' 'STTC']
Trainable parameters (student): 12809
Total parameters (student): 12809
Estimated model size (MB): 0.051
Teacher pooled dim: 896
Student pooled dim: 28
Class weights: [1. 1. 1. 1. 1.]
Training sampler: standard shuffled loader
[Epoch 001] train_loss=0.8200, train_hard=1.0844, train_soft=0.7086, train_logit_mse=2.4275, train_feature_mse=0.0321, train_acc=0.6112, alpha=0.100, val_acc=0.6885, val_macro_f1=0.4324, val_weighted_f1=0.6477, lr=0.000800, epoch_time=19.51s
  -> New best KD student saved to /users/40370279/csc4006/code/experiments/4__student_capacity_sweep/checkpoints/studentkd_medium_seed999.pt
[Epoch 002] train_loss=0.5774, train_hard=0.8483, train_soft=0.4878, train_logit_mse=1.7654, train_feature_mse=0.0204, train_acc=0.7140, alpha=0.100, val_acc=0.7190, val_macro_f1=0.4905, val_weighted_f1=0.6855, lr=0.000798, epoch_time=18.03s
  -> New best KD student saved to /users/40370279/csc4006/code/experiments/4__student_capacity_sweep/checkpoints/studentkd_medium_seed999.pt
[Epoch 003] train_loss=0.4762, train_hard=0.7538, train_soft=0.3965, train_logit_mse=1.4494, train_feature_mse=0.0150, train_acc=0.7561, alpha=0.100, val_acc=0.7373, val_macro_f1=0.5363, val_weighted_f1=0.7149, lr=0.000796, epoch_time=17.98s
  -> New best KD student saved to /users/40370279/csc4006/code/experiments/4__student_capacity_sweep/checkpoints/studentkd_medium_seed999.pt
[Epoch 004] train_loss=0.4275, train_hard=0.7110, train_soft=0.3532, train_logit_mse=1.2774, train_feature_mse=0.0080, train_acc=0.7714, alpha=0.100, val_acc=0.7508, val_macro_f1=0.5525, val_weighted_f1=0.7273, lr=0.000794, epoch_time=18.13s
  -> New best KD student saved to /users/40370279/csc4006/code/experiments/4__student_capacity_sweep/checkpoints/studentkd_medium_seed999.pt
[Epoch 005] train_loss=0.4017, train_hard=0.6879, train_soft=0.3300, train_logit_mse=1.1937, train_feature_mse=0.0046, train_acc=0.7745, alpha=0.100, val_acc=0.7502, val_macro_f1=0.5471, val_weighted_f1=0.7268, lr=0.000790, epoch_time=18.01s
[Epoch 006] train_loss=0.3813, train_hard=0.6757, train_soft=0.3106, train_logit_mse=1.1364, train_feature_mse=0.0028, train_acc=0.7792, alpha=0.100, val_acc=0.7385, val_macro_f1=0.5269, val_weighted_f1=0.7069, lr=0.000786, epoch_time=17.81s
[Epoch 007] train_loss=0.3663, train_hard=0.6643, train_soft=0.2967, train_logit_mse=1.0940, train_feature_mse=0.0019, train_acc=0.7848, alpha=0.100, val_acc=0.7599, val_macro_f1=0.5620, val_weighted_f1=0.7349, lr=0.000781, epoch_time=17.92s
  -> New best KD student saved to /users/40370279/csc4006/code/experiments/4__student_capacity_sweep/checkpoints/studentkd_medium_seed999.pt
[Epoch 008] train_loss=0.3494, train_hard=0.6436, train_soft=0.2820, train_logit_mse=1.0389, train_feature_mse=0.0015, train_acc=0.7927, alpha=0.100, val_acc=0.7471, val_macro_f1=0.5631, val_weighted_f1=0.7246, lr=0.000775, epoch_time=18.05s
  -> New best KD student saved to /users/40370279/csc4006/code/experiments/4__student_capacity_sweep/checkpoints/studentkd_medium_seed999.pt
[Epoch 009] train_loss=0.3329, train_hard=0.6308, train_soft=0.2667, train_logit_mse=0.9912, train_feature_mse=0.0014, train_acc=0.7961, alpha=0.100, val_acc=0.7575, val_macro_f1=0.5743, val_weighted_f1=0.7374, lr=0.000768, epoch_time=17.95s
  -> New best KD student saved to /users/40370279/csc4006/code/experiments/4__student_capacity_sweep/checkpoints/studentkd_medium_seed999.pt
[Epoch 010] train_loss=0.3272, train_hard=0.6277, train_soft=0.2611, train_logit_mse=0.9791, train_feature_mse=0.0013, train_acc=0.7924, alpha=0.100, val_acc=0.7587, val_macro_f1=0.5849, val_weighted_f1=0.7422, lr=0.000761, epoch_time=17.98s
  -> New best KD student saved to /users/40370279/csc4006/code/experiments/4__student_capacity_sweep/checkpoints/studentkd_medium_seed999.pt
[Epoch 011] train_loss=0.3196, train_hard=0.6196, train_soft=0.2542, train_logit_mse=0.9606, train_feature_mse=0.0012, train_acc=0.7961, alpha=0.100, val_acc=0.7538, val_macro_f1=0.5735, val_weighted_f1=0.7318, lr=0.000753, epoch_time=17.91s
[Epoch 012] train_loss=0.3144, train_hard=0.6147, train_soft=0.2494, train_logit_mse=0.9473, train_feature_mse=0.0012, train_acc=0.8001, alpha=0.100, val_acc=0.7569, val_macro_f1=0.5943, val_weighted_f1=0.7446, lr=0.000744, epoch_time=17.96s
  -> New best KD student saved to /users/40370279/csc4006/code/experiments/4__student_capacity_sweep/checkpoints/studentkd_medium_seed999.pt
[Epoch 013] train_loss=0.3093, train_hard=0.6136, train_soft=0.2445, train_logit_mse=0.9287, train_feature_mse=0.0012, train_acc=0.7994, alpha=0.100, val_acc=0.7569, val_macro_f1=0.5766, val_weighted_f1=0.7368, lr=0.000735, epoch_time=18.06s
[Epoch 014] train_loss=0.3039, train_hard=0.6098, train_soft=0.2396, train_logit_mse=0.9085, train_feature_mse=0.0011, train_acc=0.7998, alpha=0.100, val_acc=0.7605, val_macro_f1=0.5971, val_weighted_f1=0.7472, lr=0.000725, epoch_time=18.02s
  -> New best KD student saved to /users/40370279/csc4006/code/experiments/4__student_capacity_sweep/checkpoints/studentkd_medium_seed999.pt
[Epoch 015] train_loss=0.2969, train_hard=0.6017, train_soft=0.2331, train_logit_mse=0.8973, train_feature_mse=0.0011, train_acc=0.8012, alpha=0.100, val_acc=0.7343, val_macro_f1=0.5584, val_weighted_f1=0.7150, lr=0.000714, epoch_time=17.96s
[Epoch 016] train_loss=0.2926, train_hard=0.5972, train_soft=0.2293, train_logit_mse=0.8842, train_feature_mse=0.0010, train_acc=0.8036, alpha=0.100, val_acc=0.7557, val_macro_f1=0.6039, val_weighted_f1=0.7471, lr=0.000702, epoch_time=17.96s
  -> New best KD student saved to /users/40370279/csc4006/code/experiments/4__student_capacity_sweep/checkpoints/studentkd_medium_seed999.pt
[Epoch 017] train_loss=0.2850, train_hard=0.5926, train_soft=0.2219, train_logit_mse=0.8667, train_feature_mse=0.0010, train_acc=0.8027, alpha=0.100, val_acc=0.7587, val_macro_f1=0.6041, val_weighted_f1=0.7466, lr=0.000691, epoch_time=18.05s
  -> New best KD student saved to /users/40370279/csc4006/code/experiments/4__student_capacity_sweep/checkpoints/studentkd_medium_seed999.pt
[Epoch 018] train_loss=0.2822, train_hard=0.5872, train_soft=0.2198, train_logit_mse=0.8553, train_feature_mse=0.0010, train_acc=0.8077, alpha=0.100, val_acc=0.7605, val_macro_f1=0.6288, val_weighted_f1=0.7577, lr=0.000678, epoch_time=17.94s
  -> New best KD student saved to /users/40370279/csc4006/code/experiments/4__student_capacity_sweep/checkpoints/studentkd_medium_seed999.pt
[Epoch 019] train_loss=0.2802, train_hard=0.5875, train_soft=0.2177, train_logit_mse=0.8508, train_feature_mse=0.0010, train_acc=0.8082, alpha=0.100, val_acc=0.7422, val_macro_f1=0.6117, val_weighted_f1=0.7387, lr=0.000665, epoch_time=17.88s
[Epoch 020] train_loss=0.2782, train_hard=0.5844, train_soft=0.2161, train_logit_mse=0.8403, train_feature_mse=0.0010, train_acc=0.8069, alpha=0.100, val_acc=0.7563, val_macro_f1=0.6204, val_weighted_f1=0.7522, lr=0.000651, epoch_time=17.97s
[Epoch 021] train_loss=0.2725, train_hard=0.5808, train_soft=0.2104, train_logit_mse=0.8344, train_feature_mse=0.0009, train_acc=0.8118, alpha=0.100, val_acc=0.7495, val_macro_f1=0.6099, val_weighted_f1=0.7433, lr=0.000637, epoch_time=17.96s
[Epoch 022] train_loss=0.2717, train_hard=0.5801, train_soft=0.2099, train_logit_mse=0.8241, train_feature_mse=0.0009, train_acc=0.8098, alpha=0.100, val_acc=0.7453, val_macro_f1=0.6076, val_weighted_f1=0.7376, lr=0.000623, epoch_time=17.94s
[Epoch 023] train_loss=0.2660, train_hard=0.5750, train_soft=0.2046, train_logit_mse=0.8100, train_feature_mse=0.0009, train_acc=0.8114, alpha=0.100, val_acc=0.7532, val_macro_f1=0.6123, val_weighted_f1=0.7430, lr=0.000608, epoch_time=18.02s
[Epoch 024] train_loss=0.2615, train_hard=0.5682, train_soft=0.2006, train_logit_mse=0.8059, train_feature_mse=0.0009, train_acc=0.8121, alpha=0.100, val_acc=0.7599, val_macro_f1=0.6287, val_weighted_f1=0.7534, lr=0.000592, epoch_time=17.90s
[Epoch 025] train_loss=0.2610, train_hard=0.5687, train_soft=0.2003, train_logit_mse=0.7956, train_feature_mse=0.0009, train_acc=0.8135, alpha=0.100, val_acc=0.7385, val_macro_f1=0.6287, val_weighted_f1=0.7465, lr=0.000576, epoch_time=17.97s
[Epoch 026] train_loss=0.2586, train_hard=0.5689, train_soft=0.1979, train_logit_mse=0.7873, train_feature_mse=0.0009, train_acc=0.8114, alpha=0.100, val_acc=0.7581, val_macro_f1=0.6407, val_weighted_f1=0.7578, lr=0.000560, epoch_time=18.05s
  -> New best KD student saved to /users/40370279/csc4006/code/experiments/4__student_capacity_sweep/checkpoints/studentkd_medium_seed999.pt
[Epoch 027] train_loss=0.2560, train_hard=0.5626, train_soft=0.1958, train_logit_mse=0.7824, train_feature_mse=0.0009, train_acc=0.8142, alpha=0.100, val_acc=0.7660, val_macro_f1=0.6255, val_weighted_f1=0.7576, lr=0.000544, epoch_time=17.95s
[Epoch 028] train_loss=0.2501, train_hard=0.5599, train_soft=0.1903, train_logit_mse=0.7616, train_feature_mse=0.0008, train_acc=0.8148, alpha=0.100, val_acc=0.7520, val_macro_f1=0.6265, val_weighted_f1=0.7461, lr=0.000527, epoch_time=17.99s
[Epoch 029] train_loss=0.2465, train_hard=0.5548, train_soft=0.1869, train_logit_mse=0.7598, train_feature_mse=0.0008, train_acc=0.8137, alpha=0.100, val_acc=0.7434, val_macro_f1=0.6263, val_weighted_f1=0.7458, lr=0.000510, epoch_time=18.03s
[Epoch 030] train_loss=0.2492, train_hard=0.5575, train_soft=0.1895, train_logit_mse=0.7605, train_feature_mse=0.0008, train_acc=0.8159, alpha=0.100, val_acc=0.7532, val_macro_f1=0.6341, val_weighted_f1=0.7539, lr=0.000493, epoch_time=18.02s
[Epoch 031] train_loss=0.2468, train_hard=0.5586, train_soft=0.1872, train_logit_mse=0.7473, train_feature_mse=0.0008, train_acc=0.8141, alpha=0.100, val_acc=0.7398, val_macro_f1=0.6207, val_weighted_f1=0.7384, lr=0.000476, epoch_time=17.87s
[Epoch 032] train_loss=0.2431, train_hard=0.5527, train_soft=0.1837, train_logit_mse=0.7472, train_feature_mse=0.0008, train_acc=0.8171, alpha=0.100, val_acc=0.7526, val_macro_f1=0.6249, val_weighted_f1=0.7469, lr=0.000458, epoch_time=18.06s
[Epoch 033] train_loss=0.2388, train_hard=0.5479, train_soft=0.1801, train_logit_mse=0.7297, train_feature_mse=0.0008, train_acc=0.8172, alpha=0.100, val_acc=0.7569, val_macro_f1=0.6343, val_weighted_f1=0.7528, lr=0.000440, epoch_time=17.85s
[Epoch 034] train_loss=0.2364, train_hard=0.5452, train_soft=0.1777, train_logit_mse=0.7308, train_feature_mse=0.0008, train_acc=0.8192, alpha=0.100, val_acc=0.7465, val_macro_f1=0.6190, val_weighted_f1=0.7436, lr=0.000423, epoch_time=17.93s
[Epoch 035] train_loss=0.2383, train_hard=0.5484, train_soft=0.1795, train_logit_mse=0.7279, train_feature_mse=0.0008, train_acc=0.8185, alpha=0.100, val_acc=0.7526, val_macro_f1=0.6231, val_weighted_f1=0.7482, lr=0.000405, epoch_time=18.00s
[Epoch 036] train_loss=0.2334, train_hard=0.5404, train_soft=0.1749, train_logit_mse=0.7304, train_feature_mse=0.0008, train_acc=0.8200, alpha=0.100, val_acc=0.7581, val_macro_f1=0.6410, val_weighted_f1=0.7556, lr=0.000387, epoch_time=17.89s
  -> New best KD student saved to /users/40370279/csc4006/code/experiments/4__student_capacity_sweep/checkpoints/studentkd_medium_seed999.pt
[Epoch 037] train_loss=0.2318, train_hard=0.5400, train_soft=0.1735, train_logit_mse=0.7199, train_feature_mse=0.0007, train_acc=0.8199, alpha=0.100, val_acc=0.7624, val_macro_f1=0.6442, val_weighted_f1=0.7593, lr=0.000370, epoch_time=18.04s
  -> New best KD student saved to /users/40370279/csc4006/code/experiments/4__student_capacity_sweep/checkpoints/studentkd_medium_seed999.pt
[Epoch 038] train_loss=0.2301, train_hard=0.5383, train_soft=0.1719, train_logit_mse=0.7166, train_feature_mse=0.0007, train_acc=0.8215, alpha=0.100, val_acc=0.7392, val_macro_f1=0.6074, val_weighted_f1=0.7301, lr=0.000352, epoch_time=17.99s
[Epoch 039] train_loss=0.2291, train_hard=0.5364, train_soft=0.1712, train_logit_mse=0.7133, train_feature_mse=0.0007, train_acc=0.8215, alpha=0.100, val_acc=0.7587, val_macro_f1=0.6287, val_weighted_f1=0.7505, lr=0.000334, epoch_time=18.08s
[Epoch 040] train_loss=0.2269, train_hard=0.5373, train_soft=0.1687, train_logit_mse=0.7106, train_feature_mse=0.0007, train_acc=0.8224, alpha=0.100, val_acc=0.7434, val_macro_f1=0.6274, val_weighted_f1=0.7443, lr=0.000317, epoch_time=18.12s
[Epoch 041] train_loss=0.2251, train_hard=0.5355, train_soft=0.1673, train_logit_mse=0.6995, train_feature_mse=0.0007, train_acc=0.8220, alpha=0.100, val_acc=0.7520, val_macro_f1=0.6290, val_weighted_f1=0.7474, lr=0.000300, epoch_time=18.02s
[Epoch 042] train_loss=0.2270, train_hard=0.5361, train_soft=0.1690, train_logit_mse=0.7083, train_feature_mse=0.0007, train_acc=0.8209, alpha=0.100, val_acc=0.7465, val_macro_f1=0.6328, val_weighted_f1=0.7478, lr=0.000283, epoch_time=17.87s
[Epoch 043] train_loss=0.2236, train_hard=0.5316, train_soft=0.1660, train_logit_mse=0.7020, train_feature_mse=0.0007, train_acc=0.8250, alpha=0.100, val_acc=0.7502, val_macro_f1=0.6309, val_weighted_f1=0.7470, lr=0.000266, epoch_time=17.95s
[Epoch 044] train_loss=0.2214, train_hard=0.5293, train_soft=0.1641, train_logit_mse=0.6903, train_feature_mse=0.0007, train_acc=0.8240, alpha=0.100, val_acc=0.7550, val_macro_f1=0.6319, val_weighted_f1=0.7504, lr=0.000250, epoch_time=18.03s
[Epoch 045] train_loss=0.2210, train_hard=0.5319, train_soft=0.1633, train_logit_mse=0.6945, train_feature_mse=0.0007, train_acc=0.8210, alpha=0.100, val_acc=0.7581, val_macro_f1=0.6372, val_weighted_f1=0.7536, lr=0.000234, epoch_time=18.05s
[Epoch 046] train_loss=0.2197, train_hard=0.5303, train_soft=0.1623, train_logit_mse=0.6875, train_feature_mse=0.0007, train_acc=0.8246, alpha=0.100, val_acc=0.7569, val_macro_f1=0.6364, val_weighted_f1=0.7539, lr=0.000218, epoch_time=18.03s
[Epoch 047] train_loss=0.2206, train_hard=0.5302, train_soft=0.1632, train_logit_mse=0.6909, train_feature_mse=0.0007, train_acc=0.8247, alpha=0.100, val_acc=0.7636, val_macro_f1=0.6489, val_weighted_f1=0.7599, lr=0.000202, epoch_time=17.95s
  -> New best KD student saved to /users/40370279/csc4006/code/experiments/4__student_capacity_sweep/checkpoints/studentkd_medium_seed999.pt
[Epoch 048] train_loss=0.2162, train_hard=0.5247, train_soft=0.1592, train_logit_mse=0.6791, train_feature_mse=0.0007, train_acc=0.8253, alpha=0.100, val_acc=0.7605, val_macro_f1=0.6382, val_weighted_f1=0.7562, lr=0.000187, epoch_time=18.02s
[Epoch 049] train_loss=0.2172, train_hard=0.5277, train_soft=0.1599, train_logit_mse=0.6816, train_feature_mse=0.0007, train_acc=0.8264, alpha=0.100, val_acc=0.7538, val_macro_f1=0.6233, val_weighted_f1=0.7439, lr=0.000173, epoch_time=17.92s
[Epoch 050] train_loss=0.2153, train_hard=0.5250, train_soft=0.1581, train_logit_mse=0.6831, train_feature_mse=0.0007, train_acc=0.8257, alpha=0.100, val_acc=0.7538, val_macro_f1=0.6327, val_weighted_f1=0.7509, lr=0.000159, epoch_time=18.09s
[Epoch 051] train_loss=0.2124, train_hard=0.5211, train_soft=0.1557, train_logit_mse=0.6723, train_feature_mse=0.0007, train_acc=0.8260, alpha=0.100, val_acc=0.7532, val_macro_f1=0.6328, val_weighted_f1=0.7494, lr=0.000145, epoch_time=18.09s
[Epoch 052] train_loss=0.2135, train_hard=0.5222, train_soft=0.1570, train_logit_mse=0.6677, train_feature_mse=0.0007, train_acc=0.8274, alpha=0.100, val_acc=0.7593, val_macro_f1=0.6385, val_weighted_f1=0.7553, lr=0.000132, epoch_time=18.10s
[Epoch 053] train_loss=0.2143, train_hard=0.5222, train_soft=0.1576, train_logit_mse=0.6728, train_feature_mse=0.0007, train_acc=0.8272, alpha=0.100, val_acc=0.7526, val_macro_f1=0.6314, val_weighted_f1=0.7484, lr=0.000119, epoch_time=18.07s
[Epoch 054] train_loss=0.2114, train_hard=0.5206, train_soft=0.1549, train_logit_mse=0.6644, train_feature_mse=0.0007, train_acc=0.8275, alpha=0.100, val_acc=0.7587, val_macro_f1=0.6404, val_weighted_f1=0.7552, lr=0.000108, epoch_time=18.02s
[Epoch 055] train_loss=0.2085, train_hard=0.5154, train_soft=0.1523, train_logit_mse=0.6606, train_feature_mse=0.0006, train_acc=0.8296, alpha=0.100, val_acc=0.7550, val_macro_f1=0.6385, val_weighted_f1=0.7532, lr=0.000096, epoch_time=17.96s
[Epoch 056] train_loss=0.2114, train_hard=0.5218, train_soft=0.1547, train_logit_mse=0.6644, train_feature_mse=0.0007, train_acc=0.8242, alpha=0.100, val_acc=0.7624, val_macro_f1=0.6444, val_weighted_f1=0.7588, lr=0.000085, epoch_time=18.07s
[Epoch 057] train_loss=0.2096, train_hard=0.5194, train_soft=0.1530, train_logit_mse=0.6663, train_feature_mse=0.0007, train_acc=0.8290, alpha=0.100, val_acc=0.7575, val_macro_f1=0.6411, val_weighted_f1=0.7552, lr=0.000075, epoch_time=18.15s
[Epoch 058] train_loss=0.2105, train_hard=0.5193, train_soft=0.1540, train_logit_mse=0.6639, train_feature_mse=0.0006, train_acc=0.8296, alpha=0.100, val_acc=0.7618, val_macro_f1=0.6417, val_weighted_f1=0.7583, lr=0.000066, epoch_time=17.93s
[Epoch 059] train_loss=0.2083, train_hard=0.5200, train_soft=0.1517, train_logit_mse=0.6605, train_feature_mse=0.0006, train_acc=0.8267, alpha=0.100, val_acc=0.7526, val_macro_f1=0.6312, val_weighted_f1=0.7488, lr=0.000057, epoch_time=17.94s
[Epoch 060] train_loss=0.2049, train_hard=0.5144, train_soft=0.1488, train_logit_mse=0.6529, train_feature_mse=0.0006, train_acc=0.8304, alpha=0.100, val_acc=0.7557, val_macro_f1=0.6402, val_weighted_f1=0.7536, lr=0.000049, epoch_time=18.02s
[Epoch 061] train_loss=0.2074, train_hard=0.5154, train_soft=0.1512, train_logit_mse=0.6574, train_feature_mse=0.0006, train_acc=0.8298, alpha=0.100, val_acc=0.7532, val_macro_f1=0.6284, val_weighted_f1=0.7473, lr=0.000042, epoch_time=17.90s
[Epoch 062] train_loss=0.2056, train_hard=0.5140, train_soft=0.1495, train_logit_mse=0.6558, train_feature_mse=0.0006, train_acc=0.8327, alpha=0.100, val_acc=0.7538, val_macro_f1=0.6346, val_weighted_f1=0.7513, lr=0.000035, epoch_time=17.95s
Early stopping triggered.
Loaded best KD student checkpoint for final test evaluation.
Best validation macro-F1: 0.6489
Best epoch: 47
Time to best model: 851.43 seconds
Checkpoint size (MB): 0.176
Student size: medium
Teacher used: checkpoints/teacher/teacher_cnn_seed999.pt
Teacher arch: TeacherCNN
Teacher size: large
Checkpoint seed: 999
Test accuracy (KD student): 0.7697
Test macro-F1 (KD student): 0.6359
Test weighted-F1 (KD student): 0.7683
Test classification report:
              precision    recall  f1-score   support

           0       0.83      0.66      0.74       184
           1       0.18      0.25      0.21        56
           2       0.81      0.59      0.68       256
           3       0.81      0.90      0.85       912
           4       0.74      0.67      0.70       242

    accuracy                           0.77      1650
   macro avg       0.67      0.61      0.64      1650
weighted avg       0.78      0.77      0.77      1650

Test confusion matrix:
[[122   7   6  43   6]
 [  4  14   2  30   6]
 [  5   1 150  76  24]
 [ 11  41  17 821  22]
 [  5  16  10  48 163]]
Inference latency: 1.4281 ms/sample
