Using device: cuda
Seed: 999
Deterministic mode: True
Deterministic warn_only: True
KD hyperparameters: alpha_start=0.100, alpha_end=0.100, temperature=1.00, logit_mse_weight=0.030, feature_mse_weight=0.030, class_weight_gamma=0.00, sampler_power=0.35, label_smoothing=0.000, student_size=large
Training: batch_size=64, lr=0.0008, epochs=70, patience=15, weight_decay=0.002, grad_clip=1.0, num_workers=2, disable_augmentation=False, use_weighted_sampler=False
Teacher checkpoint path: checkpoints/teacher/teacher_cnn_seed999.pt
Student checkpoint path: /users/40370279/csc4006/code/experiments/4__student_capacity_sweep/checkpoints/studentkd_large_seed999.pt
Training set size: 12957
Validation set size: 1637
Test set size: 1650
Number of leads: 12 classes: 5
Classes: ['CD' 'HYP' 'MI' 'NORM' 'STTC']
Trainable parameters (student): 25345
Total parameters (student): 25345
Estimated model size (MB): 0.099
Teacher pooled dim: 896
Student pooled dim: 40
Class weights: [1. 1. 1. 1. 1.]
Training sampler: standard shuffled loader
[Epoch 001] train_loss=0.7518, train_hard=1.0199, train_soft=0.6475, train_logit_mse=2.2123, train_feature_mse=0.0226, train_acc=0.6430, alpha=0.100, val_acc=0.7117, val_macro_f1=0.5077, val_weighted_f1=0.6944, lr=0.000800, epoch_time=19.48s
  -> New best KD student saved to /users/40370279/csc4006/code/experiments/4__student_capacity_sweep/checkpoints/studentkd_large_seed999.pt
[Epoch 002] train_loss=0.4644, train_hard=0.7445, train_soft=0.3856, train_logit_mse=1.4197, train_feature_mse=0.0125, train_acc=0.7566, alpha=0.100, val_acc=0.7343, val_macro_f1=0.5194, val_weighted_f1=0.7021, lr=0.000798, epoch_time=18.63s
  -> New best KD student saved to /users/40370279/csc4006/code/experiments/4__student_capacity_sweep/checkpoints/studentkd_large_seed999.pt
[Epoch 003] train_loss=0.3959, train_hard=0.6827, train_soft=0.3240, train_logit_mse=1.1922, train_feature_mse=0.0075, train_acc=0.7773, alpha=0.100, val_acc=0.7477, val_macro_f1=0.5400, val_weighted_f1=0.7212, lr=0.000796, epoch_time=18.43s
  -> New best KD student saved to /users/40370279/csc4006/code/experiments/4__student_capacity_sweep/checkpoints/studentkd_large_seed999.pt
[Epoch 004] train_loss=0.3622, train_hard=0.6567, train_soft=0.2929, train_logit_mse=1.0927, train_feature_mse=0.0047, train_acc=0.7836, alpha=0.100, val_acc=0.7502, val_macro_f1=0.5467, val_weighted_f1=0.7240, lr=0.000794, epoch_time=18.38s
  -> New best KD student saved to /users/40370279/csc4006/code/experiments/4__student_capacity_sweep/checkpoints/studentkd_large_seed999.pt
[Epoch 005] train_loss=0.3445, train_hard=0.6402, train_soft=0.2769, train_logit_mse=1.0397, train_feature_mse=0.0029, train_acc=0.7868, alpha=0.100, val_acc=0.7392, val_macro_f1=0.5438, val_weighted_f1=0.7161, lr=0.000790, epoch_time=18.39s
[Epoch 006] train_loss=0.3294, train_hard=0.6298, train_soft=0.2628, train_logit_mse=0.9964, train_feature_mse=0.0017, train_acc=0.7912, alpha=0.100, val_acc=0.7373, val_macro_f1=0.5633, val_weighted_f1=0.7164, lr=0.000786, epoch_time=18.40s
  -> New best KD student saved to /users/40370279/csc4006/code/experiments/4__student_capacity_sweep/checkpoints/studentkd_large_seed999.pt
[Epoch 007] train_loss=0.3110, train_hard=0.6135, train_soft=0.2462, train_logit_mse=0.9344, train_feature_mse=0.0012, train_acc=0.7951, alpha=0.100, val_acc=0.7618, val_macro_f1=0.5744, val_weighted_f1=0.7400, lr=0.000781, epoch_time=18.41s
  -> New best KD student saved to /users/40370279/csc4006/code/experiments/4__student_capacity_sweep/checkpoints/studentkd_large_seed999.pt
[Epoch 008] train_loss=0.3090, train_hard=0.6151, train_soft=0.2441, train_logit_mse=0.9247, train_feature_mse=0.0010, train_acc=0.7926, alpha=0.100, val_acc=0.7557, val_macro_f1=0.5764, val_weighted_f1=0.7352, lr=0.000775, epoch_time=18.47s
  -> New best KD student saved to /users/40370279/csc4006/code/experiments/4__student_capacity_sweep/checkpoints/studentkd_large_seed999.pt
[Epoch 009] train_loss=0.2928, train_hard=0.5964, train_soft=0.2294, train_logit_mse=0.8877, train_feature_mse=0.0009, train_acc=0.7978, alpha=0.100, val_acc=0.7611, val_macro_f1=0.5839, val_weighted_f1=0.7391, lr=0.000768, epoch_time=18.38s
  -> New best KD student saved to /users/40370279/csc4006/code/experiments/4__student_capacity_sweep/checkpoints/studentkd_large_seed999.pt
[Epoch 010] train_loss=0.2889, train_hard=0.5964, train_soft=0.2258, train_logit_mse=0.8703, train_feature_mse=0.0008, train_acc=0.7999, alpha=0.100, val_acc=0.7563, val_macro_f1=0.5700, val_weighted_f1=0.7331, lr=0.000761, epoch_time=18.51s
[Epoch 011] train_loss=0.2767, train_hard=0.5823, train_soft=0.2147, train_logit_mse=0.8406, train_feature_mse=0.0008, train_acc=0.8081, alpha=0.100, val_acc=0.7471, val_macro_f1=0.5824, val_weighted_f1=0.7277, lr=0.000753, epoch_time=18.45s
[Epoch 012] train_loss=0.2724, train_hard=0.5827, train_soft=0.2105, train_logit_mse=0.8244, train_feature_mse=0.0007, train_acc=0.8066, alpha=0.100, val_acc=0.7642, val_macro_f1=0.6038, val_weighted_f1=0.7541, lr=0.000744, epoch_time=18.46s
  -> New best KD student saved to /users/40370279/csc4006/code/experiments/4__student_capacity_sweep/checkpoints/studentkd_large_seed999.pt
[Epoch 013] train_loss=0.2665, train_hard=0.5741, train_soft=0.2054, train_logit_mse=0.8081, train_feature_mse=0.0007, train_acc=0.8108, alpha=0.100, val_acc=0.7728, val_macro_f1=0.6445, val_weighted_f1=0.7674, lr=0.000735, epoch_time=18.47s
  -> New best KD student saved to /users/40370279/csc4006/code/experiments/4__student_capacity_sweep/checkpoints/studentkd_large_seed999.pt
[Epoch 014] train_loss=0.2554, train_hard=0.5637, train_soft=0.1952, train_logit_mse=0.7776, train_feature_mse=0.0007, train_acc=0.8105, alpha=0.100, val_acc=0.7465, val_macro_f1=0.6243, val_weighted_f1=0.7469, lr=0.000725, epoch_time=18.47s
[Epoch 015] train_loss=0.2541, train_hard=0.5655, train_soft=0.1936, train_logit_mse=0.7761, train_feature_mse=0.0007, train_acc=0.8098, alpha=0.100, val_acc=0.7666, val_macro_f1=0.6100, val_weighted_f1=0.7542, lr=0.000714, epoch_time=18.36s
[Epoch 016] train_loss=0.2481, train_hard=0.5609, train_soft=0.1882, train_logit_mse=0.7528, train_feature_mse=0.0006, train_acc=0.8126, alpha=0.100, val_acc=0.7599, val_macro_f1=0.5995, val_weighted_f1=0.7434, lr=0.000702, epoch_time=18.57s
[Epoch 017] train_loss=0.2415, train_hard=0.5510, train_soft=0.1826, train_logit_mse=0.7368, train_feature_mse=0.0006, train_acc=0.8170, alpha=0.100, val_acc=0.7715, val_macro_f1=0.6193, val_weighted_f1=0.7564, lr=0.000691, epoch_time=18.42s
[Epoch 018] train_loss=0.2392, train_hard=0.5476, train_soft=0.1805, train_logit_mse=0.7337, train_feature_mse=0.0006, train_acc=0.8161, alpha=0.100, val_acc=0.7520, val_macro_f1=0.6145, val_weighted_f1=0.7414, lr=0.000678, epoch_time=18.43s
[Epoch 019] train_loss=0.2344, train_hard=0.5430, train_soft=0.1758, train_logit_mse=0.7280, train_feature_mse=0.0006, train_acc=0.8195, alpha=0.100, val_acc=0.7776, val_macro_f1=0.6364, val_weighted_f1=0.7661, lr=0.000665, epoch_time=18.43s
[Epoch 020] train_loss=0.2289, train_hard=0.5399, train_soft=0.1709, train_logit_mse=0.7049, train_feature_mse=0.0006, train_acc=0.8200, alpha=0.100, val_acc=0.7715, val_macro_f1=0.6426, val_weighted_f1=0.7671, lr=0.000651, epoch_time=18.50s
[Epoch 021] train_loss=0.2251, train_hard=0.5343, train_soft=0.1673, train_logit_mse=0.7027, train_feature_mse=0.0005, train_acc=0.8223, alpha=0.100, val_acc=0.7526, val_macro_f1=0.6146, val_weighted_f1=0.7419, lr=0.000637, epoch_time=18.40s
[Epoch 022] train_loss=0.2231, train_hard=0.5311, train_soft=0.1658, train_logit_mse=0.6927, train_feature_mse=0.0005, train_acc=0.8236, alpha=0.100, val_acc=0.7734, val_macro_f1=0.6380, val_weighted_f1=0.7622, lr=0.000623, epoch_time=18.46s
[Epoch 023] train_loss=0.2201, train_hard=0.5314, train_soft=0.1627, train_logit_mse=0.6832, train_feature_mse=0.0005, train_acc=0.8198, alpha=0.100, val_acc=0.7734, val_macro_f1=0.6223, val_weighted_f1=0.7600, lr=0.000608, epoch_time=18.42s
[Epoch 024] train_loss=0.2202, train_hard=0.5274, train_soft=0.1632, train_logit_mse=0.6859, train_feature_mse=0.0005, train_acc=0.8227, alpha=0.100, val_acc=0.7721, val_macro_f1=0.6223, val_weighted_f1=0.7570, lr=0.000592, epoch_time=18.32s
[Epoch 025] train_loss=0.2151, train_hard=0.5250, train_soft=0.1583, train_logit_mse=0.6705, train_feature_mse=0.0005, train_acc=0.8230, alpha=0.100, val_acc=0.7697, val_macro_f1=0.6434, val_weighted_f1=0.7640, lr=0.000576, epoch_time=18.44s
[Epoch 026] train_loss=0.2152, train_hard=0.5261, train_soft=0.1583, train_logit_mse=0.6704, train_feature_mse=0.0005, train_acc=0.8248, alpha=0.100, val_acc=0.7721, val_macro_f1=0.6355, val_weighted_f1=0.7629, lr=0.000560, epoch_time=18.34s
[Epoch 027] train_loss=0.2114, train_hard=0.5246, train_soft=0.1546, train_logit_mse=0.6587, train_feature_mse=0.0005, train_acc=0.8273, alpha=0.100, val_acc=0.7789, val_macro_f1=0.6344, val_weighted_f1=0.7653, lr=0.000544, epoch_time=18.36s
[Epoch 028] train_loss=0.2095, train_hard=0.5191, train_soft=0.1532, train_logit_mse=0.6558, train_feature_mse=0.0005, train_acc=0.8269, alpha=0.100, val_acc=0.7740, val_macro_f1=0.6295, val_weighted_f1=0.7606, lr=0.000527, epoch_time=18.46s
Early stopping triggered.
Loaded best KD student checkpoint for final test evaluation.
Best validation macro-F1: 0.6445
Best epoch: 13
Time to best model: 246.32 seconds
Checkpoint size (MB): 0.266
Student size: large
Teacher used: checkpoints/teacher/teacher_cnn_seed999.pt
Teacher arch: TeacherCNN
Teacher size: large
Checkpoint seed: 999
Test accuracy (KD student): 0.7727
Test macro-F1 (KD student): 0.6307
Test weighted-F1 (KD student): 0.7666
Test classification report:
              precision    recall  f1-score   support

           0       0.81      0.66      0.73       184
           1       0.24      0.16      0.19        56
           2       0.73      0.64      0.68       256
           3       0.82      0.88      0.85       912
           4       0.68      0.72      0.70       242

    accuracy                           0.77      1650
   macro avg       0.66      0.61      0.63      1650
weighted avg       0.77      0.77      0.77      1650

Test confusion matrix:
[[121   3  10  42   8]
 [  3   9   2  34   8]
 [  4   1 163  61  27]
 [ 15  19  31 807  40]
 [  6   5  16  40 175]]
Inference latency: 1.5224 ms/sample
