Using device: cuda
Seed: 42
Deterministic mode: True
Deterministic warn_only: True
KD hyperparameters: alpha_start=0.100, alpha_end=0.100, temperature=1.00, logit_mse_weight=0.030, feature_mse_weight=0.030, class_weight_gamma=0.00, sampler_power=0.35, label_smoothing=0.000, student_size=small
Training: batch_size=64, lr=0.0008, epochs=70, patience=15, weight_decay=0.002, grad_clip=1.0, num_workers=2, disable_augmentation=False, use_weighted_sampler=False
Teacher checkpoint path: checkpoints/teacher/teacher_cnn_seed42.pt
Student checkpoint path: /users/40370279/csc4006/code/experiments/4__student_capacity_sweep/checkpoints/studentkd_small_seed42.pt
Training set size: 12957
Validation set size: 1637
Test set size: 1650
Number of leads: 12 classes: 5
Classes: ['CD' 'HYP' 'MI' 'NORM' 'STTC']
Trainable parameters (student): 5897
Total parameters (student): 5897
Estimated model size (MB): 0.024
Teacher pooled dim: 896
Student pooled dim: 18
Class weights: [1. 1. 1. 1. 1.]
Training sampler: standard shuffled loader
[Epoch 001] train_loss=0.7983, train_hard=1.2128, train_soft=0.6796, train_logit_mse=2.1314, train_feature_mse=0.0486, train_acc=0.5534, alpha=0.100, val_acc=0.6103, val_macro_f1=0.2446, val_weighted_f1=0.5141, lr=0.000800, epoch_time=18.70s
  -> New best KD student saved to /users/40370279/csc4006/code/experiments/4__student_capacity_sweep/checkpoints/studentkd_small_seed42.pt
[Epoch 002] train_loss=0.5865, train_hard=0.9855, train_soft=0.4875, train_logit_mse=1.6129, train_feature_mse=0.0288, train_acc=0.6535, alpha=0.100, val_acc=0.6762, val_macro_f1=0.4070, val_weighted_f1=0.6325, lr=0.000798, epoch_time=17.91s
  -> New best KD student saved to /users/40370279/csc4006/code/experiments/4__student_capacity_sweep/checkpoints/studentkd_small_seed42.pt
[Epoch 003] train_loss=0.4948, train_hard=0.8926, train_soft=0.4031, train_logit_mse=1.4035, train_feature_mse=0.0200, train_acc=0.7009, alpha=0.100, val_acc=0.7043, val_macro_f1=0.4669, val_weighted_f1=0.6702, lr=0.000796, epoch_time=17.73s
  -> New best KD student saved to /users/40370279/csc4006/code/experiments/4__student_capacity_sweep/checkpoints/studentkd_small_seed42.pt
[Epoch 004] train_loss=0.4345, train_hard=0.8317, train_soft=0.3471, train_logit_mse=1.2875, train_feature_mse=0.0114, train_acc=0.7259, alpha=0.100, val_acc=0.7092, val_macro_f1=0.4717, val_weighted_f1=0.6704, lr=0.000794, epoch_time=17.89s
  -> New best KD student saved to /users/40370279/csc4006/code/experiments/4__student_capacity_sweep/checkpoints/studentkd_small_seed42.pt
[Epoch 005] train_loss=0.3898, train_hard=0.7852, train_soft=0.3061, train_logit_mse=1.1871, train_feature_mse=0.0062, train_acc=0.7471, alpha=0.100, val_acc=0.7178, val_macro_f1=0.4903, val_weighted_f1=0.6812, lr=0.000790, epoch_time=17.94s
  -> New best KD student saved to /users/40370279/csc4006/code/experiments/4__student_capacity_sweep/checkpoints/studentkd_small_seed42.pt
[Epoch 006] train_loss=0.3537, train_hard=0.7537, train_soft=0.2741, train_logit_mse=1.0508, train_feature_mse=0.0036, train_acc=0.7565, alpha=0.100, val_acc=0.7367, val_macro_f1=0.5319, val_weighted_f1=0.7146, lr=0.000786, epoch_time=17.83s
  -> New best KD student saved to /users/40370279/csc4006/code/experiments/4__student_capacity_sweep/checkpoints/studentkd_small_seed42.pt
[Epoch 007] train_loss=0.3293, train_hard=0.7333, train_soft=0.2533, train_logit_mse=0.9333, train_feature_mse=0.0025, train_acc=0.7663, alpha=0.100, val_acc=0.7367, val_macro_f1=0.5437, val_weighted_f1=0.7205, lr=0.000781, epoch_time=17.89s
  -> New best KD student saved to /users/40370279/csc4006/code/experiments/4__student_capacity_sweep/checkpoints/studentkd_small_seed42.pt
[Epoch 008] train_loss=0.3089, train_hard=0.7128, train_soft=0.2351, train_logit_mse=0.8641, train_feature_mse=0.0020, train_acc=0.7733, alpha=0.100, val_acc=0.7544, val_macro_f1=0.5544, val_weighted_f1=0.7323, lr=0.000775, epoch_time=17.89s
  -> New best KD student saved to /users/40370279/csc4006/code/experiments/4__student_capacity_sweep/checkpoints/studentkd_small_seed42.pt
[Epoch 009] train_loss=0.3001, train_hard=0.7045, train_soft=0.2275, train_logit_mse=0.8294, train_feature_mse=0.0019, train_acc=0.7736, alpha=0.100, val_acc=0.7477, val_macro_f1=0.5415, val_weighted_f1=0.7229, lr=0.000768, epoch_time=17.88s
[Epoch 010] train_loss=0.2915, train_hard=0.6960, train_soft=0.2195, train_logit_mse=0.8113, train_feature_mse=0.0017, train_acc=0.7763, alpha=0.100, val_acc=0.7599, val_macro_f1=0.5665, val_weighted_f1=0.7403, lr=0.000761, epoch_time=17.99s
  -> New best KD student saved to /users/40370279/csc4006/code/experiments/4__student_capacity_sweep/checkpoints/studentkd_small_seed42.pt
[Epoch 011] train_loss=0.2844, train_hard=0.6857, train_soft=0.2138, train_logit_mse=0.7791, train_feature_mse=0.0016, train_acc=0.7775, alpha=0.100, val_acc=0.7642, val_macro_f1=0.5696, val_weighted_f1=0.7441, lr=0.000753, epoch_time=17.94s
  -> New best KD student saved to /users/40370279/csc4006/code/experiments/4__student_capacity_sweep/checkpoints/studentkd_small_seed42.pt
[Epoch 012] train_loss=0.2769, train_hard=0.6813, train_soft=0.2065, train_logit_mse=0.7638, train_feature_mse=0.0016, train_acc=0.7844, alpha=0.100, val_acc=0.7593, val_macro_f1=0.5531, val_weighted_f1=0.7343, lr=0.000744, epoch_time=18.08s
[Epoch 013] train_loss=0.2722, train_hard=0.6763, train_soft=0.2023, train_logit_mse=0.7485, train_feature_mse=0.0015, train_acc=0.7821, alpha=0.100, val_acc=0.7587, val_macro_f1=0.5617, val_weighted_f1=0.7356, lr=0.000735, epoch_time=18.04s
[Epoch 014] train_loss=0.2652, train_hard=0.6680, train_soft=0.1960, train_logit_mse=0.7311, train_feature_mse=0.0015, train_acc=0.7846, alpha=0.100, val_acc=0.7624, val_macro_f1=0.5539, val_weighted_f1=0.7355, lr=0.000725, epoch_time=18.01s
[Epoch 015] train_loss=0.2649, train_hard=0.6717, train_soft=0.1953, train_logit_mse=0.7306, train_feature_mse=0.0015, train_acc=0.7837, alpha=0.100, val_acc=0.7453, val_macro_f1=0.5304, val_weighted_f1=0.7130, lr=0.000714, epoch_time=17.75s
[Epoch 016] train_loss=0.2573, train_hard=0.6650, train_soft=0.1882, train_logit_mse=0.7113, train_feature_mse=0.0014, train_acc=0.7867, alpha=0.100, val_acc=0.7636, val_macro_f1=0.5710, val_weighted_f1=0.7443, lr=0.000702, epoch_time=17.75s
  -> New best KD student saved to /users/40370279/csc4006/code/experiments/4__student_capacity_sweep/checkpoints/studentkd_small_seed42.pt
[Epoch 017] train_loss=0.2535, train_hard=0.6578, train_soft=0.1853, train_logit_mse=0.6958, train_feature_mse=0.0014, train_acc=0.7912, alpha=0.100, val_acc=0.7624, val_macro_f1=0.5606, val_weighted_f1=0.7374, lr=0.000691, epoch_time=17.69s
[Epoch 018] train_loss=0.2474, train_hard=0.6552, train_soft=0.1795, train_logit_mse=0.6755, train_feature_mse=0.0014, train_acc=0.7879, alpha=0.100, val_acc=0.7557, val_macro_f1=0.5508, val_weighted_f1=0.7284, lr=0.000678, epoch_time=17.71s
[Epoch 019] train_loss=0.2393, train_hard=0.6461, train_soft=0.1720, train_logit_mse=0.6630, train_feature_mse=0.0014, train_acc=0.7947, alpha=0.100, val_acc=0.7691, val_macro_f1=0.5902, val_weighted_f1=0.7529, lr=0.000665, epoch_time=17.77s
  -> New best KD student saved to /users/40370279/csc4006/code/experiments/4__student_capacity_sweep/checkpoints/studentkd_small_seed42.pt
[Epoch 020] train_loss=0.2381, train_hard=0.6494, train_soft=0.1706, train_logit_mse=0.6514, train_feature_mse=0.0014, train_acc=0.7921, alpha=0.100, val_acc=0.7630, val_macro_f1=0.5744, val_weighted_f1=0.7416, lr=0.000651, epoch_time=17.70s
[Epoch 021] train_loss=0.2363, train_hard=0.6459, train_soft=0.1692, train_logit_mse=0.6446, train_feature_mse=0.0013, train_acc=0.7931, alpha=0.100, val_acc=0.7581, val_macro_f1=0.5858, val_weighted_f1=0.7442, lr=0.000637, epoch_time=17.74s
[Epoch 022] train_loss=0.2320, train_hard=0.6432, train_soft=0.1652, train_logit_mse=0.6307, train_feature_mse=0.0013, train_acc=0.7908, alpha=0.100, val_acc=0.7666, val_macro_f1=0.5779, val_weighted_f1=0.7457, lr=0.000623, epoch_time=17.65s
[Epoch 023] train_loss=0.2296, train_hard=0.6421, train_soft=0.1630, train_logit_mse=0.6210, train_feature_mse=0.0013, train_acc=0.7915, alpha=0.100, val_acc=0.7642, val_macro_f1=0.5719, val_weighted_f1=0.7392, lr=0.000608, epoch_time=17.66s
[Epoch 024] train_loss=0.2260, train_hard=0.6372, train_soft=0.1599, train_logit_mse=0.6137, train_feature_mse=0.0013, train_acc=0.7937, alpha=0.100, val_acc=0.7557, val_macro_f1=0.5596, val_weighted_f1=0.7289, lr=0.000592, epoch_time=17.69s
[Epoch 025] train_loss=0.2267, train_hard=0.6405, train_soft=0.1601, train_logit_mse=0.6170, train_feature_mse=0.0013, train_acc=0.7933, alpha=0.100, val_acc=0.7611, val_macro_f1=0.5807, val_weighted_f1=0.7396, lr=0.000576, epoch_time=17.71s
[Epoch 026] train_loss=0.2252, train_hard=0.6388, train_soft=0.1590, train_logit_mse=0.6080, train_feature_mse=0.0012, train_acc=0.7959, alpha=0.100, val_acc=0.7673, val_macro_f1=0.5830, val_weighted_f1=0.7458, lr=0.000560, epoch_time=17.72s
[Epoch 027] train_loss=0.2225, train_hard=0.6349, train_soft=0.1566, train_logit_mse=0.6029, train_feature_mse=0.0012, train_acc=0.7951, alpha=0.100, val_acc=0.7654, val_macro_f1=0.5867, val_weighted_f1=0.7496, lr=0.000544, epoch_time=17.64s
[Epoch 028] train_loss=0.2174, train_hard=0.6272, train_soft=0.1523, train_logit_mse=0.5876, train_feature_mse=0.0012, train_acc=0.7974, alpha=0.100, val_acc=0.7654, val_macro_f1=0.6017, val_weighted_f1=0.7530, lr=0.000527, epoch_time=17.73s
  -> New best KD student saved to /users/40370279/csc4006/code/experiments/4__student_capacity_sweep/checkpoints/studentkd_small_seed42.pt
[Epoch 029] train_loss=0.2168, train_hard=0.6283, train_soft=0.1514, train_logit_mse=0.5886, train_feature_mse=0.0012, train_acc=0.7990, alpha=0.100, val_acc=0.7691, val_macro_f1=0.5933, val_weighted_f1=0.7529, lr=0.000510, epoch_time=17.81s
[Epoch 030] train_loss=0.2155, train_hard=0.6284, train_soft=0.1501, train_logit_mse=0.5824, train_feature_mse=0.0011, train_acc=0.7976, alpha=0.100, val_acc=0.7746, val_macro_f1=0.6025, val_weighted_f1=0.7571, lr=0.000493, epoch_time=17.65s
  -> New best KD student saved to /users/40370279/csc4006/code/experiments/4__student_capacity_sweep/checkpoints/studentkd_small_seed42.pt
[Epoch 031] train_loss=0.2156, train_hard=0.6247, train_soft=0.1505, train_logit_mse=0.5873, train_feature_mse=0.0011, train_acc=0.7978, alpha=0.100, val_acc=0.7740, val_macro_f1=0.6135, val_weighted_f1=0.7589, lr=0.000476, epoch_time=17.76s
  -> New best KD student saved to /users/40370279/csc4006/code/experiments/4__student_capacity_sweep/checkpoints/studentkd_small_seed42.pt
[Epoch 032] train_loss=0.2118, train_hard=0.6228, train_soft=0.1469, train_logit_mse=0.5749, train_feature_mse=0.0011, train_acc=0.7963, alpha=0.100, val_acc=0.7709, val_macro_f1=0.6004, val_weighted_f1=0.7515, lr=0.000458, epoch_time=17.69s
[Epoch 033] train_loss=0.2073, train_hard=0.6179, train_soft=0.1428, train_logit_mse=0.5644, train_feature_mse=0.0011, train_acc=0.7995, alpha=0.100, val_acc=0.7666, val_macro_f1=0.5986, val_weighted_f1=0.7509, lr=0.000440, epoch_time=17.84s
[Epoch 034] train_loss=0.2070, train_hard=0.6149, train_soft=0.1428, train_logit_mse=0.5641, train_feature_mse=0.0011, train_acc=0.8012, alpha=0.100, val_acc=0.7740, val_macro_f1=0.6159, val_weighted_f1=0.7586, lr=0.000423, epoch_time=17.52s
  -> New best KD student saved to /users/40370279/csc4006/code/experiments/4__student_capacity_sweep/checkpoints/studentkd_small_seed42.pt
[Epoch 035] train_loss=0.2057, train_hard=0.6145, train_soft=0.1415, train_logit_mse=0.5616, train_feature_mse=0.0010, train_acc=0.8002, alpha=0.100, val_acc=0.7587, val_macro_f1=0.5820, val_weighted_f1=0.7364, lr=0.000405, epoch_time=17.61s
[Epoch 036] train_loss=0.2069, train_hard=0.6131, train_soft=0.1430, train_logit_mse=0.5619, train_feature_mse=0.0010, train_acc=0.8014, alpha=0.100, val_acc=0.7697, val_macro_f1=0.6026, val_weighted_f1=0.7534, lr=0.000387, epoch_time=17.58s
[Epoch 037] train_loss=0.2027, train_hard=0.6137, train_soft=0.1386, train_logit_mse=0.5513, train_feature_mse=0.0010, train_acc=0.8017, alpha=0.100, val_acc=0.7734, val_macro_f1=0.6043, val_weighted_f1=0.7551, lr=0.000370, epoch_time=17.74s
[Epoch 038] train_loss=0.2040, train_hard=0.6121, train_soft=0.1401, train_logit_mse=0.5544, train_feature_mse=0.0010, train_acc=0.8033, alpha=0.100, val_acc=0.7838, val_macro_f1=0.6231, val_weighted_f1=0.7675, lr=0.000352, epoch_time=17.61s
  -> New best KD student saved to /users/40370279/csc4006/code/experiments/4__student_capacity_sweep/checkpoints/studentkd_small_seed42.pt
[Epoch 039] train_loss=0.2028, train_hard=0.6128, train_soft=0.1388, train_logit_mse=0.5528, train_feature_mse=0.0010, train_acc=0.8018, alpha=0.100, val_acc=0.7776, val_macro_f1=0.6160, val_weighted_f1=0.7613, lr=0.000334, epoch_time=17.73s
[Epoch 040] train_loss=0.2027, train_hard=0.6119, train_soft=0.1389, train_logit_mse=0.5480, train_feature_mse=0.0010, train_acc=0.8004, alpha=0.100, val_acc=0.7648, val_macro_f1=0.6031, val_weighted_f1=0.7505, lr=0.000317, epoch_time=17.68s
[Epoch 041] train_loss=0.2005, train_hard=0.6114, train_soft=0.1368, train_logit_mse=0.5421, train_feature_mse=0.0010, train_acc=0.8035, alpha=0.100, val_acc=0.7728, val_macro_f1=0.6121, val_weighted_f1=0.7598, lr=0.000300, epoch_time=17.70s
[Epoch 042] train_loss=0.1996, train_hard=0.6065, train_soft=0.1361, train_logit_mse=0.5484, train_feature_mse=0.0010, train_acc=0.8040, alpha=0.100, val_acc=0.7709, val_macro_f1=0.6078, val_weighted_f1=0.7562, lr=0.000283, epoch_time=17.62s
[Epoch 043] train_loss=0.1999, train_hard=0.6081, train_soft=0.1365, train_logit_mse=0.5420, train_feature_mse=0.0009, train_acc=0.8040, alpha=0.100, val_acc=0.7691, val_macro_f1=0.6040, val_weighted_f1=0.7526, lr=0.000266, epoch_time=17.66s
[Epoch 044] train_loss=0.1959, train_hard=0.6023, train_soft=0.1328, train_logit_mse=0.5392, train_feature_mse=0.0009, train_acc=0.8064, alpha=0.100, val_acc=0.7783, val_macro_f1=0.6197, val_weighted_f1=0.7630, lr=0.000250, epoch_time=17.69s
[Epoch 045] train_loss=0.1981, train_hard=0.6081, train_soft=0.1345, train_logit_mse=0.5397, train_feature_mse=0.0009, train_acc=0.8047, alpha=0.100, val_acc=0.7734, val_macro_f1=0.6138, val_weighted_f1=0.7576, lr=0.000234, epoch_time=17.74s
[Epoch 046] train_loss=0.1946, train_hard=0.6048, train_soft=0.1314, train_logit_mse=0.5280, train_feature_mse=0.0009, train_acc=0.8045, alpha=0.100, val_acc=0.7758, val_macro_f1=0.6270, val_weighted_f1=0.7636, lr=0.000218, epoch_time=17.65s
  -> New best KD student saved to /users/40370279/csc4006/code/experiments/4__student_capacity_sweep/checkpoints/studentkd_small_seed42.pt
[Epoch 047] train_loss=0.1941, train_hard=0.6040, train_soft=0.1310, train_logit_mse=0.5249, train_feature_mse=0.0009, train_acc=0.8038, alpha=0.100, val_acc=0.7746, val_macro_f1=0.6237, val_weighted_f1=0.7619, lr=0.000202, epoch_time=17.68s
[Epoch 048] train_loss=0.1969, train_hard=0.6069, train_soft=0.1335, train_logit_mse=0.5340, train_feature_mse=0.0009, train_acc=0.8057, alpha=0.100, val_acc=0.7770, val_macro_f1=0.6178, val_weighted_f1=0.7610, lr=0.000187, epoch_time=17.70s
[Epoch 049] train_loss=0.1936, train_hard=0.6027, train_soft=0.1304, train_logit_mse=0.5306, train_feature_mse=0.0009, train_acc=0.8060, alpha=0.100, val_acc=0.7709, val_macro_f1=0.6098, val_weighted_f1=0.7544, lr=0.000173, epoch_time=17.57s
[Epoch 050] train_loss=0.1935, train_hard=0.6038, train_soft=0.1304, train_logit_mse=0.5266, train_feature_mse=0.0009, train_acc=0.8040, alpha=0.100, val_acc=0.7746, val_macro_f1=0.6186, val_weighted_f1=0.7591, lr=0.000159, epoch_time=17.60s
[Epoch 051] train_loss=0.1903, train_hard=0.5995, train_soft=0.1273, train_logit_mse=0.5234, train_feature_mse=0.0009, train_acc=0.8100, alpha=0.100, val_acc=0.7758, val_macro_f1=0.6214, val_weighted_f1=0.7612, lr=0.000145, epoch_time=17.72s
[Epoch 052] train_loss=0.1909, train_hard=0.5972, train_soft=0.1284, train_logit_mse=0.5199, train_feature_mse=0.0009, train_acc=0.8063, alpha=0.100, val_acc=0.7783, val_macro_f1=0.6210, val_weighted_f1=0.7640, lr=0.000132, epoch_time=17.62s
[Epoch 053] train_loss=0.1922, train_hard=0.6014, train_soft=0.1293, train_logit_mse=0.5230, train_feature_mse=0.0009, train_acc=0.8074, alpha=0.100, val_acc=0.7752, val_macro_f1=0.6238, val_weighted_f1=0.7611, lr=0.000119, epoch_time=17.49s
[Epoch 054] train_loss=0.1914, train_hard=0.5999, train_soft=0.1286, train_logit_mse=0.5230, train_feature_mse=0.0009, train_acc=0.8088, alpha=0.100, val_acc=0.7789, val_macro_f1=0.6193, val_weighted_f1=0.7641, lr=0.000108, epoch_time=17.62s
[Epoch 055] train_loss=0.1899, train_hard=0.5982, train_soft=0.1272, train_logit_mse=0.5187, train_feature_mse=0.0009, train_acc=0.8048, alpha=0.100, val_acc=0.7844, val_macro_f1=0.6388, val_weighted_f1=0.7719, lr=0.000096, epoch_time=17.65s
  -> New best KD student saved to /users/40370279/csc4006/code/experiments/4__student_capacity_sweep/checkpoints/studentkd_small_seed42.pt
[Epoch 056] train_loss=0.1907, train_hard=0.5990, train_soft=0.1279, train_logit_mse=0.5219, train_feature_mse=0.0009, train_acc=0.8084, alpha=0.100, val_acc=0.7789, val_macro_f1=0.6340, val_weighted_f1=0.7676, lr=0.000085, epoch_time=17.66s
[Epoch 057] train_loss=0.1867, train_hard=0.5911, train_soft=0.1246, train_logit_mse=0.5135, train_feature_mse=0.0009, train_acc=0.8122, alpha=0.100, val_acc=0.7801, val_macro_f1=0.6242, val_weighted_f1=0.7654, lr=0.000075, epoch_time=17.59s
[Epoch 058] train_loss=0.1903, train_hard=0.5988, train_soft=0.1275, train_logit_mse=0.5194, train_feature_mse=0.0009, train_acc=0.8081, alpha=0.100, val_acc=0.7813, val_macro_f1=0.6270, val_weighted_f1=0.7675, lr=0.000066, epoch_time=17.69s
[Epoch 059] train_loss=0.1876, train_hard=0.5968, train_soft=0.1250, train_logit_mse=0.5123, train_feature_mse=0.0009, train_acc=0.8067, alpha=0.100, val_acc=0.7776, val_macro_f1=0.6206, val_weighted_f1=0.7636, lr=0.000057, epoch_time=17.58s
[Epoch 060] train_loss=0.1885, train_hard=0.5978, train_soft=0.1258, train_logit_mse=0.5164, train_feature_mse=0.0008, train_acc=0.8094, alpha=0.100, val_acc=0.7807, val_macro_f1=0.6224, val_weighted_f1=0.7657, lr=0.000049, epoch_time=17.61s
[Epoch 061] train_loss=0.1884, train_hard=0.5970, train_soft=0.1259, train_logit_mse=0.5132, train_feature_mse=0.0008, train_acc=0.8080, alpha=0.100, val_acc=0.7813, val_macro_f1=0.6211, val_weighted_f1=0.7667, lr=0.000042, epoch_time=17.78s
[Epoch 062] train_loss=0.1862, train_hard=0.5948, train_soft=0.1239, train_logit_mse=0.5066, train_feature_mse=0.0008, train_acc=0.8091, alpha=0.100, val_acc=0.7813, val_macro_f1=0.6246, val_weighted_f1=0.7671, lr=0.000035, epoch_time=17.76s
[Epoch 063] train_loss=0.1872, train_hard=0.5955, train_soft=0.1247, train_logit_mse=0.5149, train_feature_mse=0.0008, train_acc=0.8067, alpha=0.100, val_acc=0.7795, val_macro_f1=0.6236, val_weighted_f1=0.7647, lr=0.000029, epoch_time=17.67s
[Epoch 064] train_loss=0.1867, train_hard=0.5954, train_soft=0.1242, train_logit_mse=0.5121, train_feature_mse=0.0008, train_acc=0.8087, alpha=0.100, val_acc=0.7795, val_macro_f1=0.6267, val_weighted_f1=0.7650, lr=0.000024, epoch_time=17.66s
[Epoch 065] train_loss=0.1877, train_hard=0.5950, train_soft=0.1252, train_logit_mse=0.5152, train_feature_mse=0.0008, train_acc=0.8104, alpha=0.100, val_acc=0.7819, val_macro_f1=0.6353, val_weighted_f1=0.7685, lr=0.000020, epoch_time=17.64s
[Epoch 066] train_loss=0.1875, train_hard=0.5936, train_soft=0.1252, train_logit_mse=0.5145, train_feature_mse=0.0008, train_acc=0.8084, alpha=0.100, val_acc=0.7825, val_macro_f1=0.6301, val_weighted_f1=0.7689, lr=0.000016, epoch_time=17.77s
[Epoch 067] train_loss=0.1876, train_hard=0.5979, train_soft=0.1251, train_logit_mse=0.5073, train_feature_mse=0.0008, train_acc=0.8047, alpha=0.100, val_acc=0.7807, val_macro_f1=0.6236, val_weighted_f1=0.7661, lr=0.000014, epoch_time=17.68s
[Epoch 068] train_loss=0.1870, train_hard=0.5950, train_soft=0.1245, train_logit_mse=0.5145, train_feature_mse=0.0008, train_acc=0.8090, alpha=0.100, val_acc=0.7807, val_macro_f1=0.6258, val_weighted_f1=0.7670, lr=0.000012, epoch_time=17.67s
[Epoch 069] train_loss=0.1855, train_hard=0.5923, train_soft=0.1232, train_logit_mse=0.5097, train_feature_mse=0.0008, train_acc=0.8081, alpha=0.100, val_acc=0.7795, val_macro_f1=0.6344, val_weighted_f1=0.7679, lr=0.000010, epoch_time=17.58s
[Epoch 070] train_loss=0.1856, train_hard=0.5908, train_soft=0.1235, train_logit_mse=0.5117, train_feature_mse=0.0008, train_acc=0.8099, alpha=0.100, val_acc=0.7770, val_macro_f1=0.6259, val_weighted_f1=0.7645, lr=0.000010, epoch_time=17.60s
Early stopping triggered.
Loaded best KD student checkpoint for final test evaluation.
Best validation macro-F1: 0.6388
Best epoch: 55
Time to best model: 1001.36 seconds
Checkpoint size (MB): 0.114
Student size: small
Teacher used: checkpoints/teacher/teacher_cnn_seed42.pt
Teacher arch: TeacherCNN
Teacher size: large
Checkpoint seed: 42
Test accuracy (KD student): 0.7764
Test macro-F1 (KD student): 0.6199
Test weighted-F1 (KD student): 0.7623
Test classification report:
              precision    recall  f1-score   support

           0       0.87      0.61      0.72       184
           1       0.33      0.12      0.18        56
           2       0.77      0.54      0.63       256
           3       0.80      0.93      0.86       912
           4       0.69      0.73      0.71       242

    accuracy                           0.78      1650
   macro avg       0.69      0.59      0.62      1650
weighted avg       0.77      0.78      0.76      1650

Test confusion matrix:
[[113   2   8  54   7]
 [  1   7   2  38   8]
 [  6   0 137  78  35]
 [  7   7  20 847  31]
 [  3   5  10  47 177]]
Inference latency: 1.4918 ms/sample
