Using device: cuda
Seed: 42
Deterministic mode: True
Deterministic warn_only: True
KD hyperparameters: alpha_start=0.100, alpha_end=0.100, temperature=1.00, logit_mse_weight=0.030, feature_mse_weight=0.030, class_weight_gamma=0.00, sampler_power=0.35, label_smoothing=0.000, student_size=large
Training: batch_size=64, lr=0.0008, epochs=70, patience=15, weight_decay=0.002, grad_clip=1.0, num_workers=2, disable_augmentation=False, use_weighted_sampler=False
Teacher checkpoint path: checkpoints/teacher/teacher_cnn_seed42.pt
Student checkpoint path: /users/40370279/csc4006/code/experiments/4__student_capacity_sweep/checkpoints/studentkd_large_seed42.pt
Training set size: 12957
Validation set size: 1637
Test set size: 1650
Number of leads: 12 classes: 5
Classes: ['CD' 'HYP' 'MI' 'NORM' 'STTC']
Trainable parameters (student): 25345
Total parameters (student): 25345
Estimated model size (MB): 0.099
Teacher pooled dim: 896
Student pooled dim: 40
Class weights: [1. 1. 1. 1. 1.]
Training sampler: standard shuffled loader
[Epoch 001] train_loss=0.6232, train_hard=1.0196, train_soft=0.5225, train_logit_mse=1.6781, train_feature_mse=0.0206, train_acc=0.6403, alpha=0.100, val_acc=0.7123, val_macro_f1=0.4872, val_weighted_f1=0.6811, lr=0.000800, epoch_time=19.73s
  -> New best KD student saved to /users/40370279/csc4006/code/experiments/4__student_capacity_sweep/checkpoints/studentkd_large_seed42.pt
[Epoch 002] train_loss=0.3822, train_hard=0.7881, train_soft=0.3016, train_logit_mse=1.0531, train_feature_mse=0.0136, train_acc=0.7440, alpha=0.100, val_acc=0.7202, val_macro_f1=0.4913, val_weighted_f1=0.6759, lr=0.000798, epoch_time=18.25s
  -> New best KD student saved to /users/40370279/csc4006/code/experiments/4__student_capacity_sweep/checkpoints/studentkd_large_seed42.pt
[Epoch 003] train_loss=0.3000, train_hard=0.7118, train_soft=0.2277, train_logit_mse=0.7868, train_feature_mse=0.0093, train_acc=0.7653, alpha=0.100, val_acc=0.7563, val_macro_f1=0.5596, val_weighted_f1=0.7341, lr=0.000796, epoch_time=18.32s
  -> New best KD student saved to /users/40370279/csc4006/code/experiments/4__student_capacity_sweep/checkpoints/studentkd_large_seed42.pt
[Epoch 004] train_loss=0.2621, train_hard=0.6741, train_soft=0.1932, train_logit_mse=0.6871, train_feature_mse=0.0053, train_acc=0.7812, alpha=0.100, val_acc=0.7538, val_macro_f1=0.5549, val_weighted_f1=0.7304, lr=0.000794, epoch_time=18.28s
[Epoch 005] train_loss=0.2435, train_hard=0.6579, train_soft=0.1763, train_logit_mse=0.6289, train_feature_mse=0.0033, train_acc=0.7851, alpha=0.100, val_acc=0.7453, val_macro_f1=0.5486, val_weighted_f1=0.7153, lr=0.000790, epoch_time=18.27s
[Epoch 006] train_loss=0.2330, train_hard=0.6477, train_soft=0.1669, train_logit_mse=0.5985, train_feature_mse=0.0019, train_acc=0.7883, alpha=0.100, val_acc=0.7611, val_macro_f1=0.5968, val_weighted_f1=0.7462, lr=0.000786, epoch_time=18.38s
  -> New best KD student saved to /users/40370279/csc4006/code/experiments/4__student_capacity_sweep/checkpoints/studentkd_large_seed42.pt
[Epoch 007] train_loss=0.2173, train_hard=0.6333, train_soft=0.1523, train_logit_mse=0.5601, train_feature_mse=0.0012, train_acc=0.7932, alpha=0.100, val_acc=0.7575, val_macro_f1=0.5977, val_weighted_f1=0.7441, lr=0.000781, epoch_time=18.25s
  -> New best KD student saved to /users/40370279/csc4006/code/experiments/4__student_capacity_sweep/checkpoints/studentkd_large_seed42.pt
[Epoch 008] train_loss=0.2075, train_hard=0.6231, train_soft=0.1434, train_logit_mse=0.5357, train_feature_mse=0.0009, train_acc=0.7964, alpha=0.100, val_acc=0.7618, val_macro_f1=0.6069, val_weighted_f1=0.7485, lr=0.000775, epoch_time=18.37s
  -> New best KD student saved to /users/40370279/csc4006/code/experiments/4__student_capacity_sweep/checkpoints/studentkd_large_seed42.pt
[Epoch 009] train_loss=0.2020, train_hard=0.6176, train_soft=0.1383, train_logit_mse=0.5253, train_feature_mse=0.0008, train_acc=0.7986, alpha=0.100, val_acc=0.7666, val_macro_f1=0.5981, val_weighted_f1=0.7529, lr=0.000768, epoch_time=18.36s
[Epoch 010] train_loss=0.1941, train_hard=0.6100, train_soft=0.1309, train_logit_mse=0.5069, train_feature_mse=0.0007, train_acc=0.8016, alpha=0.100, val_acc=0.7611, val_macro_f1=0.5610, val_weighted_f1=0.7343, lr=0.000761, epoch_time=18.36s
[Epoch 011] train_loss=0.1852, train_hard=0.5969, train_soft=0.1234, train_logit_mse=0.4813, train_feature_mse=0.0006, train_acc=0.8046, alpha=0.100, val_acc=0.7605, val_macro_f1=0.5886, val_weighted_f1=0.7410, lr=0.000753, epoch_time=18.41s
[Epoch 012] train_loss=0.1803, train_hard=0.5962, train_soft=0.1185, train_logit_mse=0.4664, train_feature_mse=0.0006, train_acc=0.8077, alpha=0.100, val_acc=0.7673, val_macro_f1=0.6252, val_weighted_f1=0.7586, lr=0.000744, epoch_time=18.39s
  -> New best KD student saved to /users/40370279/csc4006/code/experiments/4__student_capacity_sweep/checkpoints/studentkd_large_seed42.pt
[Epoch 013] train_loss=0.1775, train_hard=0.5932, train_soft=0.1159, train_logit_mse=0.4605, train_feature_mse=0.0006, train_acc=0.8073, alpha=0.100, val_acc=0.7679, val_macro_f1=0.6048, val_weighted_f1=0.7495, lr=0.000735, epoch_time=18.36s
[Epoch 014] train_loss=0.1725, train_hard=0.5836, train_soft=0.1120, train_logit_mse=0.4447, train_feature_mse=0.0006, train_acc=0.8083, alpha=0.100, val_acc=0.7721, val_macro_f1=0.6244, val_weighted_f1=0.7593, lr=0.000725, epoch_time=18.37s
[Epoch 015] train_loss=0.1697, train_hard=0.5853, train_soft=0.1088, train_logit_mse=0.4422, train_feature_mse=0.0006, train_acc=0.8074, alpha=0.100, val_acc=0.7654, val_macro_f1=0.6367, val_weighted_f1=0.7611, lr=0.000714, epoch_time=18.31s
  -> New best KD student saved to /users/40370279/csc4006/code/experiments/4__student_capacity_sweep/checkpoints/studentkd_large_seed42.pt
[Epoch 016] train_loss=0.1650, train_hard=0.5803, train_soft=0.1046, train_logit_mse=0.4298, train_feature_mse=0.0005, train_acc=0.8076, alpha=0.100, val_acc=0.7770, val_macro_f1=0.6133, val_weighted_f1=0.7604, lr=0.000702, epoch_time=18.49s
[Epoch 017] train_loss=0.1629, train_hard=0.5748, train_soft=0.1030, train_logit_mse=0.4248, train_feature_mse=0.0005, train_acc=0.8084, alpha=0.100, val_acc=0.7746, val_macro_f1=0.6272, val_weighted_f1=0.7637, lr=0.000691, epoch_time=18.51s
[Epoch 018] train_loss=0.1606, train_hard=0.5746, train_soft=0.1006, train_logit_mse=0.4213, train_feature_mse=0.0005, train_acc=0.8113, alpha=0.100, val_acc=0.7740, val_macro_f1=0.6418, val_weighted_f1=0.7637, lr=0.000678, epoch_time=18.37s
  -> New best KD student saved to /users/40370279/csc4006/code/experiments/4__student_capacity_sweep/checkpoints/studentkd_large_seed42.pt
[Epoch 019] train_loss=0.1556, train_hard=0.5682, train_soft=0.0963, train_logit_mse=0.4031, train_feature_mse=0.0005, train_acc=0.8123, alpha=0.100, val_acc=0.7715, val_macro_f1=0.6203, val_weighted_f1=0.7612, lr=0.000665, epoch_time=18.40s
[Epoch 020] train_loss=0.1532, train_hard=0.5653, train_soft=0.0941, train_logit_mse=0.3993, train_feature_mse=0.0005, train_acc=0.8172, alpha=0.100, val_acc=0.7642, val_macro_f1=0.6223, val_weighted_f1=0.7556, lr=0.000651, epoch_time=18.37s
[Epoch 021] train_loss=0.1485, train_hard=0.5575, train_soft=0.0901, train_logit_mse=0.3891, train_feature_mse=0.0005, train_acc=0.8176, alpha=0.100, val_acc=0.7764, val_macro_f1=0.6170, val_weighted_f1=0.7635, lr=0.000637, epoch_time=18.40s
[Epoch 022] train_loss=0.1489, train_hard=0.5616, train_soft=0.0901, train_logit_mse=0.3871, train_feature_mse=0.0005, train_acc=0.8163, alpha=0.100, val_acc=0.7746, val_macro_f1=0.6343, val_weighted_f1=0.7642, lr=0.000623, epoch_time=18.34s
[Epoch 023] train_loss=0.1466, train_hard=0.5558, train_soft=0.0884, train_logit_mse=0.3830, train_feature_mse=0.0005, train_acc=0.8189, alpha=0.100, val_acc=0.7666, val_macro_f1=0.6432, val_weighted_f1=0.7646, lr=0.000608, epoch_time=18.36s
  -> New best KD student saved to /users/40370279/csc4006/code/experiments/4__student_capacity_sweep/checkpoints/studentkd_large_seed42.pt
[Epoch 024] train_loss=0.1457, train_hard=0.5566, train_soft=0.0873, train_logit_mse=0.3831, train_feature_mse=0.0004, train_acc=0.8178, alpha=0.100, val_acc=0.7825, val_macro_f1=0.6404, val_weighted_f1=0.7722, lr=0.000592, epoch_time=18.39s
[Epoch 025] train_loss=0.1409, train_hard=0.5489, train_soft=0.0832, train_logit_mse=0.3704, train_feature_mse=0.0004, train_acc=0.8204, alpha=0.100, val_acc=0.7776, val_macro_f1=0.6308, val_weighted_f1=0.7635, lr=0.000576, epoch_time=18.42s
[Epoch 026] train_loss=0.1404, train_hard=0.5449, train_soft=0.0831, train_logit_mse=0.3697, train_feature_mse=0.0004, train_acc=0.8257, alpha=0.100, val_acc=0.7630, val_macro_f1=0.6322, val_weighted_f1=0.7555, lr=0.000560, epoch_time=18.57s
[Epoch 027] train_loss=0.1380, train_hard=0.5448, train_soft=0.0806, train_logit_mse=0.3654, train_feature_mse=0.0004, train_acc=0.8233, alpha=0.100, val_acc=0.7721, val_macro_f1=0.6447, val_weighted_f1=0.7680, lr=0.000544, epoch_time=18.47s
  -> New best KD student saved to /users/40370279/csc4006/code/experiments/4__student_capacity_sweep/checkpoints/studentkd_large_seed42.pt
[Epoch 028] train_loss=0.1368, train_hard=0.5430, train_soft=0.0796, train_logit_mse=0.3607, train_feature_mse=0.0004, train_acc=0.8211, alpha=0.100, val_acc=0.7776, val_macro_f1=0.6575, val_weighted_f1=0.7740, lr=0.000527, epoch_time=18.37s
  -> New best KD student saved to /users/40370279/csc4006/code/experiments/4__student_capacity_sweep/checkpoints/studentkd_large_seed42.pt
[Epoch 029] train_loss=0.1351, train_hard=0.5409, train_soft=0.0781, train_logit_mse=0.3581, train_feature_mse=0.0004, train_acc=0.8223, alpha=0.100, val_acc=0.7789, val_macro_f1=0.6375, val_weighted_f1=0.7687, lr=0.000510, epoch_time=18.40s
[Epoch 030] train_loss=0.1334, train_hard=0.5404, train_soft=0.0765, train_logit_mse=0.3506, train_feature_mse=0.0004, train_acc=0.8233, alpha=0.100, val_acc=0.7740, val_macro_f1=0.6428, val_weighted_f1=0.7638, lr=0.000493, epoch_time=18.41s
[Epoch 031] train_loss=0.1318, train_hard=0.5366, train_soft=0.0751, train_logit_mse=0.3512, train_feature_mse=0.0004, train_acc=0.8236, alpha=0.100, val_acc=0.7734, val_macro_f1=0.6316, val_weighted_f1=0.7590, lr=0.000476, epoch_time=18.47s
[Epoch 032] train_loss=0.1311, train_hard=0.5313, train_soft=0.0750, train_logit_mse=0.3493, train_feature_mse=0.0004, train_acc=0.8248, alpha=0.100, val_acc=0.7844, val_macro_f1=0.6544, val_weighted_f1=0.7779, lr=0.000458, epoch_time=18.35s
[Epoch 033] train_loss=0.1304, train_hard=0.5369, train_soft=0.0737, train_logit_mse=0.3455, train_feature_mse=0.0004, train_acc=0.8256, alpha=0.100, val_acc=0.7746, val_macro_f1=0.6504, val_weighted_f1=0.7707, lr=0.000440, epoch_time=18.32s
[Epoch 034] train_loss=0.1269, train_hard=0.5301, train_soft=0.0708, train_logit_mse=0.3378, train_feature_mse=0.0004, train_acc=0.8284, alpha=0.100, val_acc=0.7813, val_macro_f1=0.6538, val_weighted_f1=0.7734, lr=0.000423, epoch_time=18.40s
[Epoch 035] train_loss=0.1254, train_hard=0.5279, train_soft=0.0696, train_logit_mse=0.3338, train_feature_mse=0.0004, train_acc=0.8277, alpha=0.100, val_acc=0.7776, val_macro_f1=0.6405, val_weighted_f1=0.7661, lr=0.000405, epoch_time=18.40s
[Epoch 036] train_loss=0.1262, train_hard=0.5257, train_soft=0.0707, train_logit_mse=0.3329, train_feature_mse=0.0004, train_acc=0.8284, alpha=0.100, val_acc=0.7801, val_macro_f1=0.6477, val_weighted_f1=0.7714, lr=0.000387, epoch_time=18.51s
[Epoch 037] train_loss=0.1232, train_hard=0.5247, train_soft=0.0677, train_logit_mse=0.3295, train_feature_mse=0.0004, train_acc=0.8302, alpha=0.100, val_acc=0.7838, val_macro_f1=0.6571, val_weighted_f1=0.7770, lr=0.000370, epoch_time=18.36s
[Epoch 038] train_loss=0.1241, train_hard=0.5247, train_soft=0.0686, train_logit_mse=0.3292, train_feature_mse=0.0004, train_acc=0.8324, alpha=0.100, val_acc=0.7819, val_macro_f1=0.6526, val_weighted_f1=0.7725, lr=0.000352, epoch_time=18.47s
[Epoch 039] train_loss=0.1214, train_hard=0.5224, train_soft=0.0661, train_logit_mse=0.3197, train_feature_mse=0.0004, train_acc=0.8321, alpha=0.100, val_acc=0.7844, val_macro_f1=0.6345, val_weighted_f1=0.7723, lr=0.000334, epoch_time=18.59s
[Epoch 040] train_loss=0.1215, train_hard=0.5218, train_soft=0.0663, train_logit_mse=0.3220, train_feature_mse=0.0004, train_acc=0.8272, alpha=0.100, val_acc=0.7862, val_macro_f1=0.6681, val_weighted_f1=0.7809, lr=0.000317, epoch_time=18.42s
  -> New best KD student saved to /users/40370279/csc4006/code/experiments/4__student_capacity_sweep/checkpoints/studentkd_large_seed42.pt
[Epoch 041] train_loss=0.1203, train_hard=0.5183, train_soft=0.0655, train_logit_mse=0.3180, train_feature_mse=0.0004, train_acc=0.8341, alpha=0.100, val_acc=0.7819, val_macro_f1=0.6531, val_weighted_f1=0.7740, lr=0.000300, epoch_time=18.49s
[Epoch 042] train_loss=0.1194, train_hard=0.5171, train_soft=0.0647, train_logit_mse=0.3159, train_feature_mse=0.0004, train_acc=0.8306, alpha=0.100, val_acc=0.7789, val_macro_f1=0.6466, val_weighted_f1=0.7685, lr=0.000283, epoch_time=18.57s
[Epoch 043] train_loss=0.1179, train_hard=0.5143, train_soft=0.0634, train_logit_mse=0.3133, train_feature_mse=0.0004, train_acc=0.8342, alpha=0.100, val_acc=0.7783, val_macro_f1=0.6461, val_weighted_f1=0.7693, lr=0.000266, epoch_time=18.34s
[Epoch 044] train_loss=0.1177, train_hard=0.5162, train_soft=0.0629, train_logit_mse=0.3144, train_feature_mse=0.0004, train_acc=0.8352, alpha=0.100, val_acc=0.7813, val_macro_f1=0.6489, val_weighted_f1=0.7731, lr=0.000250, epoch_time=18.37s
[Epoch 045] train_loss=0.1179, train_hard=0.5180, train_soft=0.0631, train_logit_mse=0.3089, train_feature_mse=0.0004, train_acc=0.8332, alpha=0.100, val_acc=0.7856, val_macro_f1=0.6538, val_weighted_f1=0.7790, lr=0.000234, epoch_time=18.35s
[Epoch 046] train_loss=0.1178, train_hard=0.5175, train_soft=0.0631, train_logit_mse=0.3099, train_feature_mse=0.0004, train_acc=0.8293, alpha=0.100, val_acc=0.7825, val_macro_f1=0.6624, val_weighted_f1=0.7770, lr=0.000218, epoch_time=18.33s
[Epoch 047] train_loss=0.1146, train_hard=0.5129, train_soft=0.0602, train_logit_mse=0.3024, train_feature_mse=0.0003, train_acc=0.8348, alpha=0.100, val_acc=0.7801, val_macro_f1=0.6494, val_weighted_f1=0.7717, lr=0.000202, epoch_time=18.33s
[Epoch 048] train_loss=0.1156, train_hard=0.5148, train_soft=0.0610, train_logit_mse=0.3047, train_feature_mse=0.0003, train_acc=0.8339, alpha=0.100, val_acc=0.7844, val_macro_f1=0.6571, val_weighted_f1=0.7759, lr=0.000187, epoch_time=18.41s
[Epoch 049] train_loss=0.1147, train_hard=0.5116, train_soft=0.0604, train_logit_mse=0.3056, train_feature_mse=0.0003, train_acc=0.8371, alpha=0.100, val_acc=0.7850, val_macro_f1=0.6682, val_weighted_f1=0.7797, lr=0.000173, epoch_time=18.35s
  -> New best KD student saved to /users/40370279/csc4006/code/experiments/4__student_capacity_sweep/checkpoints/studentkd_large_seed42.pt
[Epoch 050] train_loss=0.1134, train_hard=0.5114, train_soft=0.0592, train_logit_mse=0.3003, train_feature_mse=0.0003, train_acc=0.8345, alpha=0.100, val_acc=0.7825, val_macro_f1=0.6677, val_weighted_f1=0.7781, lr=0.000159, epoch_time=18.33s
[Epoch 051] train_loss=0.1126, train_hard=0.5082, train_soft=0.0587, train_logit_mse=0.2990, train_feature_mse=0.0003, train_acc=0.8357, alpha=0.100, val_acc=0.7880, val_macro_f1=0.6640, val_weighted_f1=0.7814, lr=0.000145, epoch_time=18.45s
[Epoch 052] train_loss=0.1123, train_hard=0.5111, train_soft=0.0582, train_logit_mse=0.2954, train_feature_mse=0.0003, train_acc=0.8337, alpha=0.100, val_acc=0.7850, val_macro_f1=0.6644, val_weighted_f1=0.7784, lr=0.000132, epoch_time=18.42s
[Epoch 053] train_loss=0.1127, train_hard=0.5071, train_soft=0.0589, train_logit_mse=0.2993, train_feature_mse=0.0003, train_acc=0.8383, alpha=0.100, val_acc=0.7899, val_macro_f1=0.6634, val_weighted_f1=0.7829, lr=0.000119, epoch_time=18.37s
[Epoch 054] train_loss=0.1100, train_hard=0.5063, train_soft=0.0562, train_logit_mse=0.2926, train_feature_mse=0.0003, train_acc=0.8378, alpha=0.100, val_acc=0.7844, val_macro_f1=0.6694, val_weighted_f1=0.7802, lr=0.000108, epoch_time=18.28s
  -> New best KD student saved to /users/40370279/csc4006/code/experiments/4__student_capacity_sweep/checkpoints/studentkd_large_seed42.pt
[Epoch 055] train_loss=0.1103, train_hard=0.5048, train_soft=0.0568, train_logit_mse=0.2913, train_feature_mse=0.0003, train_acc=0.8377, alpha=0.100, val_acc=0.7868, val_macro_f1=0.6713, val_weighted_f1=0.7808, lr=0.000096, epoch_time=18.36s
  -> New best KD student saved to /users/40370279/csc4006/code/experiments/4__student_capacity_sweep/checkpoints/studentkd_large_seed42.pt
[Epoch 056] train_loss=0.1107, train_hard=0.5069, train_soft=0.0569, train_logit_mse=0.2920, train_feature_mse=0.0003, train_acc=0.8355, alpha=0.100, val_acc=0.7868, val_macro_f1=0.6718, val_weighted_f1=0.7816, lr=0.000085, epoch_time=18.37s
  -> New best KD student saved to /users/40370279/csc4006/code/experiments/4__student_capacity_sweep/checkpoints/studentkd_large_seed42.pt
[Epoch 057] train_loss=0.1100, train_hard=0.5033, train_soft=0.0565, train_logit_mse=0.2936, train_feature_mse=0.0003, train_acc=0.8373, alpha=0.100, val_acc=0.7868, val_macro_f1=0.6620, val_weighted_f1=0.7795, lr=0.000075, epoch_time=18.34s
[Epoch 058] train_loss=0.1099, train_hard=0.5044, train_soft=0.0564, train_logit_mse=0.2901, train_feature_mse=0.0003, train_acc=0.8366, alpha=0.100, val_acc=0.7862, val_macro_f1=0.6665, val_weighted_f1=0.7793, lr=0.000066, epoch_time=18.38s
[Epoch 059] train_loss=0.1085, train_hard=0.5007, train_soft=0.0553, train_logit_mse=0.2875, train_feature_mse=0.0003, train_acc=0.8387, alpha=0.100, val_acc=0.7844, val_macro_f1=0.6662, val_weighted_f1=0.7788, lr=0.000057, epoch_time=18.37s
[Epoch 060] train_loss=0.1094, train_hard=0.5027, train_soft=0.0560, train_logit_mse=0.2902, train_feature_mse=0.0003, train_acc=0.8395, alpha=0.100, val_acc=0.7844, val_macro_f1=0.6621, val_weighted_f1=0.7778, lr=0.000049, epoch_time=18.41s
[Epoch 061] train_loss=0.1069, train_hard=0.4990, train_soft=0.0538, train_logit_mse=0.2852, train_feature_mse=0.0003, train_acc=0.8382, alpha=0.100, val_acc=0.7850, val_macro_f1=0.6609, val_weighted_f1=0.7781, lr=0.000042, epoch_time=18.28s
[Epoch 062] train_loss=0.1084, train_hard=0.5025, train_soft=0.0550, train_logit_mse=0.2878, train_feature_mse=0.0003, train_acc=0.8378, alpha=0.100, val_acc=0.7874, val_macro_f1=0.6677, val_weighted_f1=0.7814, lr=0.000035, epoch_time=18.42s
[Epoch 063] train_loss=0.1084, train_hard=0.5020, train_soft=0.0550, train_logit_mse=0.2889, train_feature_mse=0.0003, train_acc=0.8375, alpha=0.100, val_acc=0.7886, val_macro_f1=0.6699, val_weighted_f1=0.7823, lr=0.000029, epoch_time=18.46s
[Epoch 064] train_loss=0.1068, train_hard=0.4981, train_soft=0.0537, train_logit_mse=0.2874, train_feature_mse=0.0003, train_acc=0.8414, alpha=0.100, val_acc=0.7856, val_macro_f1=0.6644, val_weighted_f1=0.7794, lr=0.000024, epoch_time=18.50s
[Epoch 065] train_loss=0.1075, train_hard=0.5025, train_soft=0.0541, train_logit_mse=0.2861, train_feature_mse=0.0003, train_acc=0.8383, alpha=0.100, val_acc=0.7862, val_macro_f1=0.6671, val_weighted_f1=0.7800, lr=0.000020, epoch_time=18.46s
[Epoch 066] train_loss=0.1075, train_hard=0.5022, train_soft=0.0541, train_logit_mse=0.2864, train_feature_mse=0.0003, train_acc=0.8382, alpha=0.100, val_acc=0.7874, val_macro_f1=0.6722, val_weighted_f1=0.7819, lr=0.000016, epoch_time=18.40s
  -> New best KD student saved to /users/40370279/csc4006/code/experiments/4__student_capacity_sweep/checkpoints/studentkd_large_seed42.pt
[Epoch 067] train_loss=0.1074, train_hard=0.5013, train_soft=0.0541, train_logit_mse=0.2863, train_feature_mse=0.0003, train_acc=0.8391, alpha=0.100, val_acc=0.7862, val_macro_f1=0.6632, val_weighted_f1=0.7797, lr=0.000014, epoch_time=18.33s
[Epoch 068] train_loss=0.1077, train_hard=0.5006, train_soft=0.0546, train_logit_mse=0.2843, train_feature_mse=0.0003, train_acc=0.8403, alpha=0.100, val_acc=0.7868, val_macro_f1=0.6639, val_weighted_f1=0.7797, lr=0.000012, epoch_time=18.36s
[Epoch 069] train_loss=0.1072, train_hard=0.4986, train_soft=0.0542, train_logit_mse=0.2863, train_feature_mse=0.0003, train_acc=0.8404, alpha=0.100, val_acc=0.7880, val_macro_f1=0.6735, val_weighted_f1=0.7824, lr=0.000010, epoch_time=18.38s
  -> New best KD student saved to /users/40370279/csc4006/code/experiments/4__student_capacity_sweep/checkpoints/studentkd_large_seed42.pt
[Epoch 070] train_loss=0.1066, train_hard=0.4974, train_soft=0.0538, train_logit_mse=0.2824, train_feature_mse=0.0003, train_acc=0.8386, alpha=0.100, val_acc=0.7856, val_macro_f1=0.6597, val_weighted_f1=0.7788, lr=0.000010, epoch_time=18.49s
Loaded best KD student checkpoint for final test evaluation.
Best validation macro-F1: 0.6735
Best epoch: 69
Time to best model: 1271.31 seconds
Checkpoint size (MB): 0.265
Student size: large
Teacher used: checkpoints/teacher/teacher_cnn_seed42.pt
Teacher arch: TeacherCNN
Teacher size: large
Checkpoint seed: 42
Test accuracy (KD student): 0.7818
Test macro-F1 (KD student): 0.6403
Test weighted-F1 (KD student): 0.7761
Test classification report:
              precision    recall  f1-score   support

           0       0.84      0.66      0.74       184
           1       0.19      0.20      0.19        56
           2       0.84      0.58      0.69       256
           3       0.80      0.92      0.86       912
           4       0.75      0.70      0.72       242

    accuracy                           0.78      1650
   macro avg       0.68      0.61      0.64      1650
weighted avg       0.78      0.78      0.78      1650

Test confusion matrix:
[[122   6   5  48   3]
 [  2  11   3  34   6]
 [  7   1 148  74  26]
 [ 10  27  13 839  23]
 [  4  13   7  48 170]]
Inference latency: 1.4764 ms/sample
