Using device: cuda
Seed: 42
Deterministic mode: True
Deterministic warn_only: True
Baseline hyperparameters: class_weight_gamma=0.00, sampler_power=0.35, label_smoothing=0.000, student_size=large
Training: batch_size=64, lr=0.0008, epochs=70, patience=15, weight_decay=0.002, grad_clip=1.0, num_workers=2, disable_augmentation=False, use_weighted_sampler=False
Student checkpoint path: experiments/4__student_capacity_sweep/checkpoints/studentbaseline_large_seed42.pt
Training set size: 12957
Validation set size: 1637
Test set size: 1650
Number of leads: 12 classes: 5
Classes: ['CD' 'HYP' 'MI' 'NORM' 'STTC']
Trainable parameters: 25345
Total parameters: 25345
Estimated model size (MB): 0.099
Class weights: [1. 1. 1. 1. 1.]
Training sampler: standard shuffled loader
[Epoch 001] train_loss=1.0400, train_acc=0.6237, val_acc=0.6982, val_macro_f1=0.4561, val_weighted_f1=0.6596, lr=0.000800, epoch_time=16.90s
  -> New best baseline student saved to experiments/4__student_capacity_sweep/checkpoints/studentbaseline_large_seed42.pt
[Epoch 002] train_loss=0.8025, train_acc=0.7237, val_acc=0.7269, val_macro_f1=0.5016, val_weighted_f1=0.6948, lr=0.000798, epoch_time=16.23s
  -> New best baseline student saved to experiments/4__student_capacity_sweep/checkpoints/studentbaseline_large_seed42.pt
[Epoch 003] train_loss=0.7273, train_acc=0.7580, val_acc=0.7392, val_macro_f1=0.5303, val_weighted_f1=0.7089, lr=0.000796, epoch_time=16.22s
  -> New best baseline student saved to experiments/4__student_capacity_sweep/checkpoints/studentbaseline_large_seed42.pt
[Epoch 004] train_loss=0.6877, train_acc=0.7677, val_acc=0.7538, val_macro_f1=0.5509, val_weighted_f1=0.7283, lr=0.000794, epoch_time=16.19s
  -> New best baseline student saved to experiments/4__student_capacity_sweep/checkpoints/studentbaseline_large_seed42.pt
[Epoch 005] train_loss=0.6643, train_acc=0.7787, val_acc=0.7532, val_macro_f1=0.5506, val_weighted_f1=0.7279, lr=0.000790, epoch_time=16.29s
[Epoch 006] train_loss=0.6461, train_acc=0.7850, val_acc=0.7575, val_macro_f1=0.5515, val_weighted_f1=0.7282, lr=0.000786, epoch_time=16.22s
  -> New best baseline student saved to experiments/4__student_capacity_sweep/checkpoints/studentbaseline_large_seed42.pt
[Epoch 007] train_loss=0.6390, train_acc=0.7865, val_acc=0.7624, val_macro_f1=0.5605, val_weighted_f1=0.7361, lr=0.000781, epoch_time=16.19s
  -> New best baseline student saved to experiments/4__student_capacity_sweep/checkpoints/studentbaseline_large_seed42.pt
[Epoch 008] train_loss=0.6210, train_acc=0.7942, val_acc=0.7495, val_macro_f1=0.5394, val_weighted_f1=0.7186, lr=0.000775, epoch_time=16.26s
[Epoch 009] train_loss=0.6160, train_acc=0.7927, val_acc=0.7489, val_macro_f1=0.5400, val_weighted_f1=0.7199, lr=0.000768, epoch_time=16.15s
[Epoch 010] train_loss=0.6062, train_acc=0.7979, val_acc=0.7318, val_macro_f1=0.5086, val_weighted_f1=0.6894, lr=0.000761, epoch_time=16.21s
[Epoch 011] train_loss=0.5958, train_acc=0.8004, val_acc=0.7514, val_macro_f1=0.5477, val_weighted_f1=0.7221, lr=0.000753, epoch_time=16.21s
[Epoch 012] train_loss=0.5952, train_acc=0.8003, val_acc=0.7648, val_macro_f1=0.5676, val_weighted_f1=0.7409, lr=0.000744, epoch_time=16.24s
  -> New best baseline student saved to experiments/4__student_capacity_sweep/checkpoints/studentbaseline_large_seed42.pt
[Epoch 013] train_loss=0.5850, train_acc=0.8048, val_acc=0.7453, val_macro_f1=0.5374, val_weighted_f1=0.7108, lr=0.000735, epoch_time=16.21s
[Epoch 014] train_loss=0.5786, train_acc=0.8081, val_acc=0.7630, val_macro_f1=0.5639, val_weighted_f1=0.7366, lr=0.000725, epoch_time=16.28s
[Epoch 015] train_loss=0.5728, train_acc=0.8057, val_acc=0.7349, val_macro_f1=0.5118, val_weighted_f1=0.6952, lr=0.000714, epoch_time=16.19s
[Epoch 016] train_loss=0.5688, train_acc=0.8122, val_acc=0.7605, val_macro_f1=0.5552, val_weighted_f1=0.7300, lr=0.000702, epoch_time=16.41s
[Epoch 017] train_loss=0.5593, train_acc=0.8139, val_acc=0.7611, val_macro_f1=0.5573, val_weighted_f1=0.7319, lr=0.000691, epoch_time=16.28s
[Epoch 018] train_loss=0.5548, train_acc=0.8115, val_acc=0.7599, val_macro_f1=0.5639, val_weighted_f1=0.7345, lr=0.000678, epoch_time=16.17s
[Epoch 019] train_loss=0.5522, train_acc=0.8155, val_acc=0.7636, val_macro_f1=0.5710, val_weighted_f1=0.7414, lr=0.000665, epoch_time=16.17s
  -> New best baseline student saved to experiments/4__student_capacity_sweep/checkpoints/studentbaseline_large_seed42.pt
[Epoch 020] train_loss=0.5446, train_acc=0.8176, val_acc=0.7660, val_macro_f1=0.5662, val_weighted_f1=0.7411, lr=0.000651, epoch_time=16.28s
[Epoch 021] train_loss=0.5397, train_acc=0.8196, val_acc=0.7569, val_macro_f1=0.5585, val_weighted_f1=0.7305, lr=0.000637, epoch_time=16.18s
[Epoch 022] train_loss=0.5431, train_acc=0.8179, val_acc=0.7734, val_macro_f1=0.5825, val_weighted_f1=0.7505, lr=0.000623, epoch_time=16.25s
  -> New best baseline student saved to experiments/4__student_capacity_sweep/checkpoints/studentbaseline_large_seed42.pt
[Epoch 023] train_loss=0.5317, train_acc=0.8230, val_acc=0.7611, val_macro_f1=0.5602, val_weighted_f1=0.7348, lr=0.000608, epoch_time=16.28s
[Epoch 024] train_loss=0.5297, train_acc=0.8235, val_acc=0.7550, val_macro_f1=0.5509, val_weighted_f1=0.7243, lr=0.000592, epoch_time=16.29s
[Epoch 025] train_loss=0.5244, train_acc=0.8247, val_acc=0.7666, val_macro_f1=0.5711, val_weighted_f1=0.7432, lr=0.000576, epoch_time=16.23s
[Epoch 026] train_loss=0.5236, train_acc=0.8236, val_acc=0.7721, val_macro_f1=0.5764, val_weighted_f1=0.7470, lr=0.000560, epoch_time=16.25s
[Epoch 027] train_loss=0.5154, train_acc=0.8282, val_acc=0.7654, val_macro_f1=0.5654, val_weighted_f1=0.7371, lr=0.000544, epoch_time=16.16s
[Epoch 028] train_loss=0.5133, train_acc=0.8282, val_acc=0.7666, val_macro_f1=0.5655, val_weighted_f1=0.7395, lr=0.000527, epoch_time=16.36s
[Epoch 029] train_loss=0.5088, train_acc=0.8288, val_acc=0.7624, val_macro_f1=0.5597, val_weighted_f1=0.7331, lr=0.000510, epoch_time=16.24s
[Epoch 030] train_loss=0.5030, train_acc=0.8311, val_acc=0.7691, val_macro_f1=0.5701, val_weighted_f1=0.7431, lr=0.000493, epoch_time=16.22s
[Epoch 031] train_loss=0.5093, train_acc=0.8274, val_acc=0.7636, val_macro_f1=0.5639, val_weighted_f1=0.7358, lr=0.000476, epoch_time=16.26s
[Epoch 032] train_loss=0.5011, train_acc=0.8294, val_acc=0.7673, val_macro_f1=0.5754, val_weighted_f1=0.7463, lr=0.000458, epoch_time=16.25s
[Epoch 033] train_loss=0.4980, train_acc=0.8331, val_acc=0.7557, val_macro_f1=0.5538, val_weighted_f1=0.7268, lr=0.000440, epoch_time=16.20s
[Epoch 034] train_loss=0.4969, train_acc=0.8359, val_acc=0.7666, val_macro_f1=0.5658, val_weighted_f1=0.7392, lr=0.000423, epoch_time=16.31s
[Epoch 035] train_loss=0.4902, train_acc=0.8378, val_acc=0.7575, val_macro_f1=0.5445, val_weighted_f1=0.7229, lr=0.000405, epoch_time=16.32s
[Epoch 036] train_loss=0.4943, train_acc=0.8351, val_acc=0.7642, val_macro_f1=0.5690, val_weighted_f1=0.7405, lr=0.000387, epoch_time=16.37s
[Epoch 037] train_loss=0.4899, train_acc=0.8362, val_acc=0.7636, val_macro_f1=0.5660, val_weighted_f1=0.7377, lr=0.000370, epoch_time=16.37s
Early stopping triggered.
Loaded best baseline student checkpoint for final test evaluation.
Best validation macro-F1: 0.5825
Best epoch: 22
Time to best model: 357.80 seconds
Checkpoint size (MB): 0.127
Student size: large
Checkpoint seed: 42
Test accuracy (baseline student): 0.7855
Test macro-F1 (baseline student): 0.5942
Test weighted-F1 (baseline student): 0.7646
Test classification report:
              precision    recall  f1-score   support

           0       0.79      0.70      0.74       184
           1       0.00      0.00      0.00        56
           2       0.79      0.57      0.67       256
           3       0.79      0.94      0.86       912
           4       0.75      0.66      0.70       242

    accuracy                           0.79      1650
   macro avg       0.62      0.58      0.59      1650
weighted avg       0.76      0.79      0.76      1650

Test confusion matrix:
[[129   0   5  44   6]
 [  5   0   2  41   8]
 [ 10   0 147  80  19]
 [ 16   0  15 860  21]
 [  3   0  17  62 160]]
Inference latency: 1.4273 ms/sample
