Using device: cuda
Seed: 999
Deterministic mode: True
Deterministic warn_only: True
KD hyperparameters: alpha_start=0.200, alpha_end=0.500, temperature=4.00, logit_mse_weight=0.030, feature_mse_weight=0.030, class_weight_gamma=0.00, sampler_power=0.35, label_smoothing=0.000, student_size=medium
Training: batch_size=64, lr=0.0008, epochs=70, patience=15, weight_decay=0.002, grad_clip=1.0, num_workers=2, disable_augmentation=False, use_weighted_sampler=False
Teacher checkpoint path: experiments/1__kd_vs_baseline/checkpoints/teacher_cnn_seed999.pt
Student checkpoint path: experiments/1__kd_vs_baseline/checkpoints/student_kd_seed999.pt
Training set size: 12957
Validation set size: 1637
Test set size: 1650
Number of leads: 12 classes: 5
Classes: ['CD' 'HYP' 'MI' 'NORM' 'STTC']
Trainable parameters (student): 12809
Total parameters (student): 12809
Estimated model size (MB): 0.051
Teacher pooled dim: 896
Student pooled dim: 28
Class weights: [1. 1. 1. 1. 1.]
Training sampler: standard shuffled loader
[Epoch 001] train_loss=1.4152, train_hard=1.0891, train_soft=1.4074, train_logit_mse=2.3483, train_feature_mse=0.0320, train_acc=0.6054, alpha=0.200, val_acc=0.6677, val_macro_f1=0.3691, val_weighted_f1=0.6095, lr=0.000800, epoch_time=19.45s
  -> New best KD student saved to experiments/1__kd_vs_baseline/checkpoints/student_kd_seed999.pt
[Epoch 002] train_loss=1.0112, train_hard=0.8472, train_soft=0.9874, train_logit_mse=1.7073, train_feature_mse=0.0207, train_acc=0.7100, alpha=0.200, val_acc=0.7196, val_macro_f1=0.4870, val_weighted_f1=0.6808, lr=0.000798, epoch_time=17.75s
  -> New best KD student saved to experiments/1__kd_vs_baseline/checkpoints/student_kd_seed999.pt
[Epoch 003] train_loss=0.7979, train_hard=0.7437, train_soft=0.7606, train_logit_mse=1.3403, train_feature_mse=0.0154, train_acc=0.7563, alpha=0.201, val_acc=0.7373, val_macro_f1=0.5281, val_weighted_f1=0.7120, lr=0.000796, epoch_time=17.65s
  -> New best KD student saved to experiments/1__kd_vs_baseline/checkpoints/student_kd_seed999.pt
[Epoch 004] train_loss=0.7046, train_hard=0.7023, train_soft=0.6610, train_logit_mse=1.1665, train_feature_mse=0.0082, train_acc=0.7709, alpha=0.201, val_acc=0.7465, val_macro_f1=0.5415, val_weighted_f1=0.7213, lr=0.000794, epoch_time=17.76s
  -> New best KD student saved to experiments/1__kd_vs_baseline/checkpoints/student_kd_seed999.pt
[Epoch 005] train_loss=0.6538, train_hard=0.6788, train_soft=0.6069, train_logit_mse=1.0734, train_feature_mse=0.0047, train_acc=0.7750, alpha=0.202, val_acc=0.7508, val_macro_f1=0.5459, val_weighted_f1=0.7251, lr=0.000790, epoch_time=17.72s
  -> New best KD student saved to experiments/1__kd_vs_baseline/checkpoints/student_kd_seed999.pt
[Epoch 006] train_loss=0.6217, train_hard=0.6654, train_soft=0.5721, train_logit_mse=1.0135, train_feature_mse=0.0029, train_acc=0.7810, alpha=0.204, val_acc=0.7495, val_macro_f1=0.5396, val_weighted_f1=0.7188, lr=0.000786, epoch_time=17.59s
[Epoch 007] train_loss=0.5971, train_hard=0.6516, train_soft=0.5462, train_logit_mse=0.9702, train_feature_mse=0.0018, train_acc=0.7868, alpha=0.206, val_acc=0.7575, val_macro_f1=0.5568, val_weighted_f1=0.7323, lr=0.000781, epoch_time=17.18s
  -> New best KD student saved to experiments/1__kd_vs_baseline/checkpoints/student_kd_seed999.pt
[Epoch 008] train_loss=0.5718, train_hard=0.6365, train_soft=0.5199, train_logit_mse=0.9227, train_feature_mse=0.0014, train_acc=0.7912, alpha=0.208, val_acc=0.7526, val_macro_f1=0.5581, val_weighted_f1=0.7324, lr=0.000775, epoch_time=17.32s
  -> New best KD student saved to experiments/1__kd_vs_baseline/checkpoints/student_kd_seed999.pt
[Epoch 009] train_loss=0.5482, train_hard=0.6213, train_soft=0.4952, train_logit_mse=0.8809, train_feature_mse=0.0013, train_acc=0.7952, alpha=0.210, val_acc=0.7593, val_macro_f1=0.5721, val_weighted_f1=0.7416, lr=0.000768, epoch_time=17.25s
  -> New best KD student saved to experiments/1__kd_vs_baseline/checkpoints/student_kd_seed999.pt
[Epoch 010] train_loss=0.5369, train_hard=0.6186, train_soft=0.4821, train_logit_mse=0.8612, train_feature_mse=0.0012, train_acc=0.7936, alpha=0.212, val_acc=0.7630, val_macro_f1=0.5711, val_weighted_f1=0.7412, lr=0.000761, epoch_time=17.29s
[Epoch 011] train_loss=0.5276, train_hard=0.6117, train_soft=0.4721, train_logit_mse=0.8457, train_feature_mse=0.0012, train_acc=0.7987, alpha=0.215, val_acc=0.7514, val_macro_f1=0.5583, val_weighted_f1=0.7272, lr=0.000753, epoch_time=17.24s
[Epoch 012] train_loss=0.5155, train_hard=0.6053, train_soft=0.4589, train_logit_mse=0.8223, train_feature_mse=0.0011, train_acc=0.7972, alpha=0.218, val_acc=0.7630, val_macro_f1=0.5792, val_weighted_f1=0.7466, lr=0.000744, epoch_time=17.21s
  -> New best KD student saved to experiments/1__kd_vs_baseline/checkpoints/student_kd_seed999.pt
[Epoch 013] train_loss=0.5051, train_hard=0.5982, train_soft=0.4476, train_logit_mse=0.8023, train_feature_mse=0.0011, train_acc=0.8034, alpha=0.222, val_acc=0.7581, val_macro_f1=0.5691, val_weighted_f1=0.7368, lr=0.000735, epoch_time=17.22s
[Epoch 014] train_loss=0.4987, train_hard=0.5973, train_soft=0.4395, train_logit_mse=0.7874, train_feature_mse=0.0010, train_acc=0.8035, alpha=0.226, val_acc=0.7673, val_macro_f1=0.6041, val_weighted_f1=0.7562, lr=0.000725, epoch_time=17.36s
  -> New best KD student saved to experiments/1__kd_vs_baseline/checkpoints/student_kd_seed999.pt
[Epoch 015] train_loss=0.4905, train_hard=0.5900, train_soft=0.4306, train_logit_mse=0.7751, train_feature_mse=0.0010, train_acc=0.8037, alpha=0.229, val_acc=0.7544, val_macro_f1=0.5694, val_weighted_f1=0.7321, lr=0.000714, epoch_time=17.37s
[Epoch 016] train_loss=0.4820, train_hard=0.5845, train_soft=0.4211, train_logit_mse=0.7578, train_feature_mse=0.0010, train_acc=0.8052, alpha=0.234, val_acc=0.7691, val_macro_f1=0.5834, val_weighted_f1=0.7506, lr=0.000702, epoch_time=17.33s
[Epoch 017] train_loss=0.4791, train_hard=0.5840, train_soft=0.4168, train_logit_mse=0.7496, train_feature_mse=0.0010, train_acc=0.8023, alpha=0.238, val_acc=0.7642, val_macro_f1=0.6045, val_weighted_f1=0.7494, lr=0.000691, epoch_time=17.34s
  -> New best KD student saved to experiments/1__kd_vs_baseline/checkpoints/student_kd_seed999.pt
[Epoch 018] train_loss=0.4702, train_hard=0.5749, train_soft=0.4074, train_logit_mse=0.7372, train_feature_mse=0.0009, train_acc=0.8079, alpha=0.243, val_acc=0.7648, val_macro_f1=0.6005, val_weighted_f1=0.7501, lr=0.000678, epoch_time=17.24s
[Epoch 019] train_loss=0.4673, train_hard=0.5734, train_soft=0.4033, train_logit_mse=0.7280, train_feature_mse=0.0009, train_acc=0.8093, alpha=0.248, val_acc=0.7654, val_macro_f1=0.5956, val_weighted_f1=0.7467, lr=0.000665, epoch_time=17.18s
[Epoch 020] train_loss=0.4654, train_hard=0.5729, train_soft=0.4000, train_logit_mse=0.7211, train_feature_mse=0.0009, train_acc=0.8092, alpha=0.253, val_acc=0.7557, val_macro_f1=0.5960, val_weighted_f1=0.7467, lr=0.000651, epoch_time=17.33s
[Epoch 021] train_loss=0.4602, train_hard=0.5698, train_soft=0.3932, train_logit_mse=0.7108, train_feature_mse=0.0009, train_acc=0.8117, alpha=0.258, val_acc=0.7557, val_macro_f1=0.5937, val_weighted_f1=0.7440, lr=0.000637, epoch_time=17.24s
[Epoch 022] train_loss=0.4612, train_hard=0.5713, train_soft=0.3929, train_logit_mse=0.7085, train_feature_mse=0.0009, train_acc=0.8101, alpha=0.263, val_acc=0.7569, val_macro_f1=0.5957, val_weighted_f1=0.7389, lr=0.000623, epoch_time=17.19s
[Epoch 023] train_loss=0.4518, train_hard=0.5631, train_soft=0.3824, train_logit_mse=0.6912, train_feature_mse=0.0008, train_acc=0.8118, alpha=0.269, val_acc=0.7581, val_macro_f1=0.5917, val_weighted_f1=0.7425, lr=0.000608, epoch_time=17.28s
[Epoch 024] train_loss=0.4491, train_hard=0.5588, train_soft=0.3791, train_logit_mse=0.6856, train_feature_mse=0.0008, train_acc=0.8152, alpha=0.275, val_acc=0.7703, val_macro_f1=0.6023, val_weighted_f1=0.7547, lr=0.000592, epoch_time=17.18s
[Epoch 025] train_loss=0.4458, train_hard=0.5535, train_soft=0.3753, train_logit_mse=0.6803, train_feature_mse=0.0008, train_acc=0.8148, alpha=0.281, val_acc=0.7618, val_macro_f1=0.6088, val_weighted_f1=0.7520, lr=0.000576, epoch_time=17.23s
  -> New best KD student saved to experiments/1__kd_vs_baseline/checkpoints/student_kd_seed999.pt
[Epoch 026] train_loss=0.4465, train_hard=0.5554, train_soft=0.3740, train_logit_mse=0.6784, train_feature_mse=0.0008, train_acc=0.8174, alpha=0.287, val_acc=0.7599, val_macro_f1=0.6007, val_weighted_f1=0.7453, lr=0.000560, epoch_time=17.22s
[Epoch 027] train_loss=0.4434, train_hard=0.5538, train_soft=0.3691, train_logit_mse=0.6700, train_feature_mse=0.0008, train_acc=0.8143, alpha=0.293, val_acc=0.7728, val_macro_f1=0.5985, val_weighted_f1=0.7558, lr=0.000544, epoch_time=17.16s
[Epoch 028] train_loss=0.4378, train_hard=0.5484, train_soft=0.3622, train_logit_mse=0.6567, train_feature_mse=0.0008, train_acc=0.8182, alpha=0.300, val_acc=0.7715, val_macro_f1=0.5921, val_weighted_f1=0.7514, lr=0.000527, epoch_time=17.30s
[Epoch 029] train_loss=0.4309, train_hard=0.5424, train_soft=0.3537, train_logit_mse=0.6458, train_feature_mse=0.0008, train_acc=0.8176, alpha=0.306, val_acc=0.7605, val_macro_f1=0.6185, val_weighted_f1=0.7522, lr=0.000510, epoch_time=17.24s
  -> New best KD student saved to experiments/1__kd_vs_baseline/checkpoints/student_kd_seed999.pt
[Epoch 030] train_loss=0.4364, train_hard=0.5449, train_soft=0.3586, train_logit_mse=0.6510, train_feature_mse=0.0008, train_acc=0.8193, alpha=0.313, val_acc=0.7752, val_macro_f1=0.6189, val_weighted_f1=0.7633, lr=0.000493, epoch_time=17.35s
  -> New best KD student saved to experiments/1__kd_vs_baseline/checkpoints/student_kd_seed999.pt
[Epoch 031] train_loss=0.4329, train_hard=0.5439, train_soft=0.3526, train_logit_mse=0.6405, train_feature_mse=0.0007, train_acc=0.8165, alpha=0.319, val_acc=0.7764, val_macro_f1=0.6181, val_weighted_f1=0.7627, lr=0.000476, epoch_time=17.22s
[Epoch 032] train_loss=0.4293, train_hard=0.5377, train_soft=0.3484, train_logit_mse=0.6353, train_feature_mse=0.0007, train_acc=0.8201, alpha=0.326, val_acc=0.7630, val_macro_f1=0.5959, val_weighted_f1=0.7463, lr=0.000458, epoch_time=17.18s
[Epoch 033] train_loss=0.4277, train_hard=0.5358, train_soft=0.3454, train_logit_mse=0.6288, train_feature_mse=0.0007, train_acc=0.8200, alpha=0.333, val_acc=0.7660, val_macro_f1=0.6010, val_weighted_f1=0.7471, lr=0.000440, epoch_time=17.12s
[Epoch 034] train_loss=0.4285, train_hard=0.5350, train_soft=0.3451, train_logit_mse=0.6287, train_feature_mse=0.0007, train_acc=0.8193, alpha=0.340, val_acc=0.7734, val_macro_f1=0.6182, val_weighted_f1=0.7615, lr=0.000423, epoch_time=17.28s
[Epoch 035] train_loss=0.4288, train_hard=0.5353, train_soft=0.3436, train_logit_mse=0.6254, train_feature_mse=0.0007, train_acc=0.8189, alpha=0.347, val_acc=0.7789, val_macro_f1=0.6184, val_weighted_f1=0.7670, lr=0.000405, epoch_time=17.23s
[Epoch 036] train_loss=0.4262, train_hard=0.5295, train_soft=0.3409, train_logit_mse=0.6227, train_feature_mse=0.0007, train_acc=0.8249, alpha=0.353, val_acc=0.7703, val_macro_f1=0.6065, val_weighted_f1=0.7566, lr=0.000387, epoch_time=17.13s
[Epoch 037] train_loss=0.4237, train_hard=0.5263, train_soft=0.3369, train_logit_mse=0.6157, train_feature_mse=0.0007, train_acc=0.8225, alpha=0.360, val_acc=0.7685, val_macro_f1=0.6123, val_weighted_f1=0.7565, lr=0.000370, epoch_time=17.30s
[Epoch 038] train_loss=0.4278, train_hard=0.5291, train_soft=0.3396, train_logit_mse=0.6207, train_feature_mse=0.0007, train_acc=0.8226, alpha=0.367, val_acc=0.7703, val_macro_f1=0.6075, val_weighted_f1=0.7532, lr=0.000352, epoch_time=17.27s
[Epoch 039] train_loss=0.4237, train_hard=0.5223, train_soft=0.3353, train_logit_mse=0.6147, train_feature_mse=0.0007, train_acc=0.8280, alpha=0.374, val_acc=0.7654, val_macro_f1=0.5939, val_weighted_f1=0.7478, lr=0.000334, epoch_time=17.36s
[Epoch 040] train_loss=0.4287, train_hard=0.5278, train_soft=0.3378, train_logit_mse=0.6176, train_feature_mse=0.0007, train_acc=0.8242, alpha=0.381, val_acc=0.7630, val_macro_f1=0.5974, val_weighted_f1=0.7488, lr=0.000317, epoch_time=17.33s
[Epoch 041] train_loss=0.4248, train_hard=0.5251, train_soft=0.3317, train_logit_mse=0.6074, train_feature_mse=0.0007, train_acc=0.8236, alpha=0.387, val_acc=0.7770, val_macro_f1=0.6197, val_weighted_f1=0.7628, lr=0.000300, epoch_time=17.29s
  -> New best KD student saved to experiments/1__kd_vs_baseline/checkpoints/student_kd_seed999.pt
[Epoch 042] train_loss=0.4243, train_hard=0.5197, train_soft=0.3322, train_logit_mse=0.6091, train_feature_mse=0.0007, train_acc=0.8232, alpha=0.394, val_acc=0.7691, val_macro_f1=0.6138, val_weighted_f1=0.7562, lr=0.000283, epoch_time=17.32s
[Epoch 043] train_loss=0.4231, train_hard=0.5182, train_soft=0.3294, train_logit_mse=0.6046, train_feature_mse=0.0007, train_acc=0.8258, alpha=0.400, val_acc=0.7691, val_macro_f1=0.6164, val_weighted_f1=0.7561, lr=0.000266, epoch_time=17.30s
[Epoch 044] train_loss=0.4218, train_hard=0.5176, train_soft=0.3259, train_logit_mse=0.5986, train_feature_mse=0.0007, train_acc=0.8298, alpha=0.407, val_acc=0.7715, val_macro_f1=0.6043, val_weighted_f1=0.7551, lr=0.000250, epoch_time=17.35s
[Epoch 045] train_loss=0.4238, train_hard=0.5186, train_soft=0.3265, train_logit_mse=0.6004, train_feature_mse=0.0007, train_acc=0.8252, alpha=0.413, val_acc=0.7715, val_macro_f1=0.6125, val_weighted_f1=0.7566, lr=0.000234, epoch_time=17.32s
[Epoch 046] train_loss=0.4214, train_hard=0.5169, train_soft=0.3219, train_logit_mse=0.5918, train_feature_mse=0.0007, train_acc=0.8282, alpha=0.419, val_acc=0.7691, val_macro_f1=0.6068, val_weighted_f1=0.7538, lr=0.000218, epoch_time=17.66s
[Epoch 047] train_loss=0.4250, train_hard=0.5162, train_soft=0.3263, train_logit_mse=0.5993, train_feature_mse=0.0007, train_acc=0.8269, alpha=0.425, val_acc=0.7758, val_macro_f1=0.6190, val_weighted_f1=0.7625, lr=0.000202, epoch_time=18.06s
[Epoch 048] train_loss=0.4193, train_hard=0.5124, train_soft=0.3179, train_logit_mse=0.5862, train_feature_mse=0.0007, train_acc=0.8270, alpha=0.431, val_acc=0.7746, val_macro_f1=0.6187, val_weighted_f1=0.7612, lr=0.000187, epoch_time=18.34s
[Epoch 049] train_loss=0.4220, train_hard=0.5127, train_soft=0.3204, train_logit_mse=0.5889, train_feature_mse=0.0006, train_acc=0.8284, alpha=0.437, val_acc=0.7715, val_macro_f1=0.6050, val_weighted_f1=0.7540, lr=0.000173, epoch_time=17.94s
[Epoch 050] train_loss=0.4214, train_hard=0.5100, train_soft=0.3197, train_logit_mse=0.5877, train_feature_mse=0.0006, train_acc=0.8303, alpha=0.442, val_acc=0.7740, val_macro_f1=0.6106, val_weighted_f1=0.7598, lr=0.000159, epoch_time=18.19s
[Epoch 051] train_loss=0.4179, train_hard=0.5064, train_soft=0.3148, train_logit_mse=0.5804, train_feature_mse=0.0006, train_acc=0.8288, alpha=0.447, val_acc=0.7679, val_macro_f1=0.6026, val_weighted_f1=0.7514, lr=0.000145, epoch_time=17.62s
[Epoch 052] train_loss=0.4209, train_hard=0.5076, train_soft=0.3173, train_logit_mse=0.5837, train_feature_mse=0.0006, train_acc=0.8318, alpha=0.452, val_acc=0.7715, val_macro_f1=0.6132, val_weighted_f1=0.7569, lr=0.000132, epoch_time=17.41s
[Epoch 053] train_loss=0.4216, train_hard=0.5070, train_soft=0.3174, train_logit_mse=0.5838, train_feature_mse=0.0006, train_acc=0.8301, alpha=0.457, val_acc=0.7715, val_macro_f1=0.6053, val_weighted_f1=0.7553, lr=0.000119, epoch_time=17.44s
[Epoch 054] train_loss=0.4196, train_hard=0.5048, train_soft=0.3141, train_logit_mse=0.5785, train_feature_mse=0.0006, train_acc=0.8318, alpha=0.462, val_acc=0.7776, val_macro_f1=0.6241, val_weighted_f1=0.7643, lr=0.000108, epoch_time=17.54s
  -> New best KD student saved to experiments/1__kd_vs_baseline/checkpoints/student_kd_seed999.pt
[Epoch 055] train_loss=0.4163, train_hard=0.5001, train_soft=0.3107, train_logit_mse=0.5739, train_feature_mse=0.0006, train_acc=0.8306, alpha=0.466, val_acc=0.7746, val_macro_f1=0.6198, val_weighted_f1=0.7616, lr=0.000096, epoch_time=17.52s
[Epoch 056] train_loss=0.4209, train_hard=0.5067, train_soft=0.3119, train_logit_mse=0.5760, train_feature_mse=0.0006, train_acc=0.8328, alpha=0.471, val_acc=0.7709, val_macro_f1=0.6019, val_weighted_f1=0.7563, lr=0.000085, epoch_time=17.27s
[Epoch 057] train_loss=0.4194, train_hard=0.5037, train_soft=0.3104, train_logit_mse=0.5745, train_feature_mse=0.0006, train_acc=0.8308, alpha=0.474, val_acc=0.7740, val_macro_f1=0.6122, val_weighted_f1=0.7605, lr=0.000075, epoch_time=17.53s
[Epoch 058] train_loss=0.4194, train_hard=0.5018, train_soft=0.3109, train_logit_mse=0.5735, train_feature_mse=0.0006, train_acc=0.8321, alpha=0.478, val_acc=0.7758, val_macro_f1=0.6209, val_weighted_f1=0.7633, lr=0.000066, epoch_time=17.47s
[Epoch 059] train_loss=0.4214, train_hard=0.5046, train_soft=0.3108, train_logit_mse=0.5738, train_feature_mse=0.0006, train_acc=0.8315, alpha=0.482, val_acc=0.7703, val_macro_f1=0.6088, val_weighted_f1=0.7557, lr=0.000057, epoch_time=17.43s
[Epoch 060] train_loss=0.4165, train_hard=0.4977, train_soft=0.3070, train_logit_mse=0.5667, train_feature_mse=0.0006, train_acc=0.8359, alpha=0.485, val_acc=0.7715, val_macro_f1=0.6095, val_weighted_f1=0.7575, lr=0.000049, epoch_time=17.48s
[Epoch 061] train_loss=0.4194, train_hard=0.4990, train_soft=0.3103, train_logit_mse=0.5721, train_feature_mse=0.0006, train_acc=0.8339, alpha=0.488, val_acc=0.7685, val_macro_f1=0.6010, val_weighted_f1=0.7521, lr=0.000042, epoch_time=17.47s
[Epoch 062] train_loss=0.4181, train_hard=0.4988, train_soft=0.3070, train_logit_mse=0.5677, train_feature_mse=0.0006, train_acc=0.8358, alpha=0.490, val_acc=0.7715, val_macro_f1=0.6134, val_weighted_f1=0.7576, lr=0.000035, epoch_time=17.35s
[Epoch 063] train_loss=0.4201, train_hard=0.4987, train_soft=0.3099, train_logit_mse=0.5736, train_feature_mse=0.0006, train_acc=0.8335, alpha=0.492, val_acc=0.7715, val_macro_f1=0.6100, val_weighted_f1=0.7575, lr=0.000029, epoch_time=17.45s
[Epoch 064] train_loss=0.4198, train_hard=0.4992, train_soft=0.3083, train_logit_mse=0.5695, train_feature_mse=0.0006, train_acc=0.8313, alpha=0.494, val_acc=0.7721, val_macro_f1=0.6063, val_weighted_f1=0.7571, lr=0.000024, epoch_time=17.56s
[Epoch 065] train_loss=0.4206, train_hard=0.4990, train_soft=0.3094, train_logit_mse=0.5708, train_feature_mse=0.0006, train_acc=0.8317, alpha=0.496, val_acc=0.7728, val_macro_f1=0.6124, val_weighted_f1=0.7594, lr=0.000020, epoch_time=17.40s
[Epoch 066] train_loss=0.4191, train_hard=0.4988, train_soft=0.3062, train_logit_mse=0.5668, train_feature_mse=0.0006, train_acc=0.8323, alpha=0.498, val_acc=0.7734, val_macro_f1=0.6130, val_weighted_f1=0.7597, lr=0.000016, epoch_time=17.47s
[Epoch 067] train_loss=0.4168, train_hard=0.4949, train_soft=0.3054, train_logit_mse=0.5637, train_feature_mse=0.0006, train_acc=0.8342, alpha=0.499, val_acc=0.7691, val_macro_f1=0.6043, val_weighted_f1=0.7543, lr=0.000014, epoch_time=17.51s
[Epoch 068] train_loss=0.4183, train_hard=0.4976, train_soft=0.3053, train_logit_mse=0.5639, train_feature_mse=0.0006, train_acc=0.8321, alpha=0.499, val_acc=0.7728, val_macro_f1=0.6112, val_weighted_f1=0.7583, lr=0.000012, epoch_time=17.61s
[Epoch 069] train_loss=0.4228, train_hard=0.4998, train_soft=0.3114, train_logit_mse=0.5753, train_feature_mse=0.0006, train_acc=0.8338, alpha=0.500, val_acc=0.7715, val_macro_f1=0.6075, val_weighted_f1=0.7574, lr=0.000010, epoch_time=17.54s
Early stopping triggered.
Loaded best KD student checkpoint for final test evaluation.
Best validation macro-F1: 0.6241
Best epoch: 54
Time to best model: 948.12 seconds
Checkpoint size (MB): 0.174
Student size: medium
Teacher used: experiments/1__kd_vs_baseline/checkpoints/teacher_cnn_seed999.pt
Teacher arch: TeacherCNN
Teacher size: large
Checkpoint seed: 999
Test accuracy (KD student): 0.7885
Test macro-F1 (KD student): 0.6195
Test weighted-F1 (KD student): 0.7739
Test classification report:
              precision    recall  f1-score   support

           0       0.81      0.70      0.75       184
           1       0.18      0.05      0.08        56
           2       0.81      0.62      0.70       256
           3       0.80      0.94      0.86       912
           4       0.76      0.65      0.70       242

    accuracy                           0.79      1650
   macro avg       0.67      0.59      0.62      1650
weighted avg       0.77      0.79      0.77      1650

Test confusion matrix:
[[129   2   5  44   4]
 [  2   3   2  42   7]
 [  6   0 159  74  17]
 [ 14   6  18 853  21]
 [  8   6  13  58 157]]
Inference latency: 1.4276 ms/sample
