Using device: cuda
Seed: 42
Deterministic mode: True
Deterministic warn_only: True
KD hyperparameters: alpha_start=0.200, alpha_end=0.500, temperature=4.00, logit_mse_weight=0.030, feature_mse_weight=0.030, class_weight_gamma=0.00, sampler_power=0.35, label_smoothing=0.000, student_size=medium
Training: batch_size=64, lr=0.0008, epochs=70, patience=15, weight_decay=0.002, grad_clip=1.0, num_workers=2, disable_augmentation=False, use_weighted_sampler=False
Teacher checkpoint path: experiments/1__kd_vs_baseline/checkpoints/teacher_cnn_seed42.pt
Student checkpoint path: experiments/1__kd_vs_baseline/checkpoints/student_kd_seed42.pt
Training set size: 12957
Validation set size: 1637
Test set size: 1650
Number of leads: 12 classes: 5
Classes: ['CD' 'HYP' 'MI' 'NORM' 'STTC']
Trainable parameters (student): 12809
Total parameters (student): 12809
Estimated model size (MB): 0.051
Teacher pooled dim: 896
Student pooled dim: 28
Class weights: [1. 1. 1. 1. 1.]
Training sampler: standard shuffled loader
[Epoch 001] train_loss=1.1356, train_hard=1.1162, train_soft=1.0702, train_logit_mse=1.8435, train_feature_mse=0.0314, train_acc=0.5898, alpha=0.200, val_acc=0.6903, val_macro_f1=0.4581, val_weighted_f1=0.6536, lr=0.000800, epoch_time=18.90s
  -> New best KD student saved to experiments/1__kd_vs_baseline/checkpoints/student_kd_seed42.pt
[Epoch 002] train_loss=0.7134, train_hard=0.8403, train_soft=0.6386, train_logit_mse=1.1291, train_feature_mse=0.0188, train_acc=0.7153, alpha=0.200, val_acc=0.7233, val_macro_f1=0.5029, val_weighted_f1=0.6878, lr=0.000798, epoch_time=17.78s
  -> New best KD student saved to experiments/1__kd_vs_baseline/checkpoints/student_kd_seed42.pt
[Epoch 003] train_loss=0.5695, train_hard=0.7524, train_soft=0.4898, train_logit_mse=0.8885, train_feature_mse=0.0117, train_acc=0.7548, alpha=0.201, val_acc=0.7349, val_macro_f1=0.5325, val_weighted_f1=0.7117, lr=0.000796, epoch_time=17.75s
  -> New best KD student saved to experiments/1__kd_vs_baseline/checkpoints/student_kd_seed42.pt
[Epoch 004] train_loss=0.4933, train_hard=0.7052, train_soft=0.4114, train_logit_mse=0.7506, train_feature_mse=0.0069, train_acc=0.7671, alpha=0.201, val_acc=0.7434, val_macro_f1=0.5374, val_weighted_f1=0.7170, lr=0.000794, epoch_time=17.78s
  -> New best KD student saved to experiments/1__kd_vs_baseline/checkpoints/student_kd_seed42.pt
[Epoch 005] train_loss=0.4528, train_hard=0.6795, train_soft=0.3696, train_logit_mse=0.6781, train_feature_mse=0.0043, train_acc=0.7761, alpha=0.202, val_acc=0.7520, val_macro_f1=0.5493, val_weighted_f1=0.7260, lr=0.000790, epoch_time=17.70s
  -> New best KD student saved to experiments/1__kd_vs_baseline/checkpoints/student_kd_seed42.pt
[Epoch 006] train_loss=0.4315, train_hard=0.6735, train_soft=0.3456, train_logit_mse=0.6335, train_feature_mse=0.0028, train_acc=0.7776, alpha=0.204, val_acc=0.7422, val_macro_f1=0.5321, val_weighted_f1=0.7095, lr=0.000786, epoch_time=17.65s
[Epoch 007] train_loss=0.4062, train_hard=0.6544, train_soft=0.3197, train_logit_mse=0.5896, train_feature_mse=0.0018, train_acc=0.7817, alpha=0.206, val_acc=0.7611, val_macro_f1=0.5697, val_weighted_f1=0.7420, lr=0.000781, epoch_time=17.74s
  -> New best KD student saved to experiments/1__kd_vs_baseline/checkpoints/student_kd_seed42.pt
[Epoch 008] train_loss=0.3958, train_hard=0.6452, train_soft=0.3090, train_logit_mse=0.5668, train_feature_mse=0.0013, train_acc=0.7851, alpha=0.208, val_acc=0.7477, val_macro_f1=0.5412, val_weighted_f1=0.7182, lr=0.000775, epoch_time=17.90s
[Epoch 009] train_loss=0.3809, train_hard=0.6350, train_soft=0.2929, train_logit_mse=0.5403, train_feature_mse=0.0011, train_acc=0.7895, alpha=0.210, val_acc=0.7673, val_macro_f1=0.5718, val_weighted_f1=0.7447, lr=0.000768, epoch_time=17.76s
  -> New best KD student saved to experiments/1__kd_vs_baseline/checkpoints/student_kd_seed42.pt
[Epoch 010] train_loss=0.3665, train_hard=0.6286, train_soft=0.2763, train_logit_mse=0.5115, train_feature_mse=0.0010, train_acc=0.7902, alpha=0.212, val_acc=0.7605, val_macro_f1=0.5561, val_weighted_f1=0.7325, lr=0.000761, epoch_time=17.74s
[Epoch 011] train_loss=0.3597, train_hard=0.6226, train_soft=0.2685, train_logit_mse=0.4971, train_feature_mse=0.0010, train_acc=0.7932, alpha=0.215, val_acc=0.7691, val_macro_f1=0.5788, val_weighted_f1=0.7478, lr=0.000753, epoch_time=17.75s
  -> New best KD student saved to experiments/1__kd_vs_baseline/checkpoints/student_kd_seed42.pt
[Epoch 012] train_loss=0.3509, train_hard=0.6132, train_soft=0.2591, train_logit_mse=0.4811, train_feature_mse=0.0009, train_acc=0.7979, alpha=0.218, val_acc=0.7740, val_macro_f1=0.5918, val_weighted_f1=0.7570, lr=0.000744, epoch_time=17.63s
  -> New best KD student saved to experiments/1__kd_vs_baseline/checkpoints/student_kd_seed42.pt
[Epoch 013] train_loss=0.3449, train_hard=0.6117, train_soft=0.2509, train_logit_mse=0.4648, train_feature_mse=0.0009, train_acc=0.7962, alpha=0.222, val_acc=0.7618, val_macro_f1=0.5728, val_weighted_f1=0.7440, lr=0.000735, epoch_time=17.70s
[Epoch 014] train_loss=0.3402, train_hard=0.6053, train_soft=0.2453, train_logit_mse=0.4555, train_feature_mse=0.0008, train_acc=0.7989, alpha=0.226, val_acc=0.7532, val_macro_f1=0.5639, val_weighted_f1=0.7304, lr=0.000725, epoch_time=17.86s
[Epoch 015] train_loss=0.3381, train_hard=0.6036, train_soft=0.2414, train_logit_mse=0.4495, train_feature_mse=0.0008, train_acc=0.8019, alpha=0.229, val_acc=0.7581, val_macro_f1=0.5546, val_weighted_f1=0.7308, lr=0.000714, epoch_time=17.85s
[Epoch 016] train_loss=0.3312, train_hard=0.5964, train_soft=0.2333, train_logit_mse=0.4353, train_feature_mse=0.0008, train_acc=0.8049, alpha=0.234, val_acc=0.7642, val_macro_f1=0.5749, val_weighted_f1=0.7430, lr=0.000702, epoch_time=17.76s
[Epoch 017] train_loss=0.3284, train_hard=0.5980, train_soft=0.2274, train_logit_mse=0.4239, train_feature_mse=0.0007, train_acc=0.8006, alpha=0.238, val_acc=0.7685, val_macro_f1=0.5922, val_weighted_f1=0.7521, lr=0.000691, epoch_time=17.85s
  -> New best KD student saved to experiments/1__kd_vs_baseline/checkpoints/student_kd_seed42.pt
[Epoch 018] train_loss=0.3231, train_hard=0.5882, train_soft=0.2217, train_logit_mse=0.4142, train_feature_mse=0.0007, train_acc=0.8036, alpha=0.243, val_acc=0.7611, val_macro_f1=0.5653, val_weighted_f1=0.7350, lr=0.000678, epoch_time=17.74s
[Epoch 019] train_loss=0.3231, train_hard=0.5870, train_soft=0.2198, train_logit_mse=0.4126, train_feature_mse=0.0007, train_acc=0.8056, alpha=0.248, val_acc=0.7691, val_macro_f1=0.5949, val_weighted_f1=0.7514, lr=0.000665, epoch_time=17.69s
  -> New best KD student saved to experiments/1__kd_vs_baseline/checkpoints/student_kd_seed42.pt
[Epoch 020] train_loss=0.3218, train_hard=0.5836, train_soft=0.2171, train_logit_mse=0.4052, train_feature_mse=0.0007, train_acc=0.8064, alpha=0.253, val_acc=0.7764, val_macro_f1=0.6165, val_weighted_f1=0.7627, lr=0.000651, epoch_time=17.81s
  -> New best KD student saved to experiments/1__kd_vs_baseline/checkpoints/student_kd_seed42.pt
[Epoch 021] train_loss=0.3190, train_hard=0.5785, train_soft=0.2126, train_logit_mse=0.3993, train_feature_mse=0.0007, train_acc=0.8099, alpha=0.258, val_acc=0.7673, val_macro_f1=0.5730, val_weighted_f1=0.7422, lr=0.000637, epoch_time=17.72s
[Epoch 022] train_loss=0.3141, train_hard=0.5712, train_soft=0.2063, train_logit_mse=0.3873, train_feature_mse=0.0006, train_acc=0.8113, alpha=0.263, val_acc=0.7654, val_macro_f1=0.5711, val_weighted_f1=0.7433, lr=0.000623, epoch_time=17.70s
[Epoch 023] train_loss=0.3125, train_hard=0.5706, train_soft=0.2019, train_logit_mse=0.3801, train_feature_mse=0.0006, train_acc=0.8108, alpha=0.269, val_acc=0.7764, val_macro_f1=0.5906, val_weighted_f1=0.7558, lr=0.000608, epoch_time=17.95s
[Epoch 024] train_loss=0.3154, train_hard=0.5741, train_soft=0.2016, train_logit_mse=0.3809, train_feature_mse=0.0006, train_acc=0.8089, alpha=0.275, val_acc=0.7642, val_macro_f1=0.5914, val_weighted_f1=0.7449, lr=0.000592, epoch_time=17.81s
[Epoch 025] train_loss=0.3157, train_hard=0.5699, train_soft=0.2006, train_logit_mse=0.3780, train_feature_mse=0.0006, train_acc=0.8118, alpha=0.281, val_acc=0.7740, val_macro_f1=0.5868, val_weighted_f1=0.7527, lr=0.000576, epoch_time=17.68s
[Epoch 026] train_loss=0.3132, train_hard=0.5636, train_soft=0.1966, train_logit_mse=0.3720, train_feature_mse=0.0006, train_acc=0.8125, alpha=0.287, val_acc=0.7746, val_macro_f1=0.5855, val_weighted_f1=0.7535, lr=0.000560, epoch_time=17.89s
[Epoch 027] train_loss=0.3171, train_hard=0.5667, train_soft=0.1976, train_logit_mse=0.3722, train_feature_mse=0.0006, train_acc=0.8121, alpha=0.293, val_acc=0.7685, val_macro_f1=0.5984, val_weighted_f1=0.7531, lr=0.000544, epoch_time=17.70s
[Epoch 028] train_loss=0.3153, train_hard=0.5645, train_soft=0.1930, train_logit_mse=0.3646, train_feature_mse=0.0006, train_acc=0.8118, alpha=0.300, val_acc=0.7740, val_macro_f1=0.5864, val_weighted_f1=0.7520, lr=0.000527, epoch_time=17.78s
[Epoch 029] train_loss=0.3156, train_hard=0.5610, train_soft=0.1916, train_logit_mse=0.3616, train_feature_mse=0.0006, train_acc=0.8143, alpha=0.306, val_acc=0.7740, val_macro_f1=0.6137, val_weighted_f1=0.7596, lr=0.000510, epoch_time=17.78s
[Epoch 030] train_loss=0.3181, train_hard=0.5610, train_soft=0.1917, train_logit_mse=0.3618, train_feature_mse=0.0006, train_acc=0.8159, alpha=0.313, val_acc=0.7636, val_macro_f1=0.5880, val_weighted_f1=0.7439, lr=0.000493, epoch_time=17.84s
[Epoch 031] train_loss=0.3172, train_hard=0.5571, train_soft=0.1888, train_logit_mse=0.3560, train_feature_mse=0.0006, train_acc=0.8194, alpha=0.319, val_acc=0.7758, val_macro_f1=0.5942, val_weighted_f1=0.7565, lr=0.000476, epoch_time=17.96s
[Epoch 032] train_loss=0.3179, train_hard=0.5519, train_soft=0.1887, train_logit_mse=0.3573, train_feature_mse=0.0006, train_acc=0.8170, alpha=0.326, val_acc=0.7746, val_macro_f1=0.5940, val_weighted_f1=0.7539, lr=0.000458, epoch_time=17.83s
[Epoch 033] train_loss=0.3189, train_hard=0.5538, train_soft=0.1858, train_logit_mse=0.3506, train_feature_mse=0.0005, train_acc=0.8169, alpha=0.333, val_acc=0.7728, val_macro_f1=0.5975, val_weighted_f1=0.7541, lr=0.000440, epoch_time=17.80s
[Epoch 034] train_loss=0.3177, train_hard=0.5477, train_soft=0.1835, train_logit_mse=0.3477, train_feature_mse=0.0005, train_acc=0.8186, alpha=0.340, val_acc=0.7764, val_macro_f1=0.5942, val_weighted_f1=0.7576, lr=0.000423, epoch_time=17.83s
[Epoch 035] train_loss=0.3202, train_hard=0.5461, train_soft=0.1844, train_logit_mse=0.3495, train_feature_mse=0.0005, train_acc=0.8172, alpha=0.347, val_acc=0.7801, val_macro_f1=0.6060, val_weighted_f1=0.7631, lr=0.000405, epoch_time=17.72s
Early stopping triggered.
Loaded best KD student checkpoint for final test evaluation.
Best validation macro-F1: 0.6165
Best epoch: 20
Time to best model: 359.27 seconds
Checkpoint size (MB): 0.174
Student size: medium
Teacher used: experiments/1__kd_vs_baseline/checkpoints/teacher_cnn_seed42.pt
Teacher arch: TeacherCNN
Teacher size: large
Checkpoint seed: 42
Test accuracy (KD student): 0.7685
Test macro-F1 (KD student): 0.5983
Test weighted-F1 (KD student): 0.7529
Test classification report:
              precision    recall  f1-score   support

           0       0.77      0.70      0.73       184
           1       0.20      0.07      0.11        56
           2       0.81      0.49      0.61       256
           3       0.80      0.92      0.85       912
           4       0.67      0.70      0.69       242

    accuracy                           0.77      1650
   macro avg       0.65      0.58      0.60      1650
weighted avg       0.76      0.77      0.75      1650

Test confusion matrix:
[[129   0   6  42   7]
 [  3   4   2  38   9]
 [ 13   1 126  84  32]
 [ 17   8  14 839  34]
 [  6   7   8  51 170]]
Inference latency: 1.4840 ms/sample
