Using device: cuda
Seed: 123
Deterministic mode: True
Deterministic warn_only: True
KD hyperparameters: alpha_start=0.200, alpha_end=0.500, temperature=4.00, logit_mse_weight=0.030, feature_mse_weight=0.030, class_weight_gamma=0.00, sampler_power=0.35, label_smoothing=0.000, student_size=medium
Training: batch_size=64, lr=0.0008, epochs=70, patience=15, weight_decay=0.002, grad_clip=1.0, num_workers=2, disable_augmentation=False, use_weighted_sampler=False
Teacher checkpoint path: experiments/1__kd_vs_baseline/checkpoints/teacher_cnn_seed123.pt
Student checkpoint path: experiments/1__kd_vs_baseline/checkpoints/student_kd_seed123.pt
Training set size: 12957
Validation set size: 1637
Test set size: 1650
Number of leads: 12 classes: 5
Classes: ['CD' 'HYP' 'MI' 'NORM' 'STTC']
Trainable parameters (student): 12809
Total parameters (student): 12809
Estimated model size (MB): 0.051
Teacher pooled dim: 896
Student pooled dim: 28
Class weights: [1. 1. 1. 1. 1.]
Training sampler: standard shuffled loader
[Epoch 001] train_loss=1.1650, train_hard=1.1091, train_soft=1.1076, train_logit_mse=1.8739, train_feature_mse=0.0283, train_acc=0.6036, alpha=0.200, val_acc=0.6298, val_macro_f1=0.2877, val_weighted_f1=0.5375, lr=0.000800, epoch_time=19.21s
  -> New best KD student saved to experiments/1__kd_vs_baseline/checkpoints/student_kd_seed123.pt
[Epoch 002] train_loss=0.7933, train_hard=0.8561, train_soft=0.7290, train_logit_mse=1.2773, train_feature_mse=0.0178, train_acc=0.7077, alpha=0.200, val_acc=0.7086, val_macro_f1=0.4717, val_weighted_f1=0.6685, lr=0.000798, epoch_time=18.05s
  -> New best KD student saved to experiments/1__kd_vs_baseline/checkpoints/student_kd_seed123.pt
[Epoch 003] train_loss=0.6096, train_hard=0.7516, train_soft=0.5372, train_logit_mse=0.9649, train_feature_mse=0.0136, train_acc=0.7533, alpha=0.201, val_acc=0.7367, val_macro_f1=0.5227, val_weighted_f1=0.7041, lr=0.000796, epoch_time=17.98s
  -> New best KD student saved to experiments/1__kd_vs_baseline/checkpoints/student_kd_seed123.pt
[Epoch 004] train_loss=0.5337, train_hard=0.7115, train_soft=0.4576, train_logit_mse=0.8243, train_feature_mse=0.0091, train_acc=0.7643, alpha=0.201, val_acc=0.7312, val_macro_f1=0.5124, val_weighted_f1=0.6940, lr=0.000794, epoch_time=18.00s
[Epoch 005] train_loss=0.4854, train_hard=0.6825, train_soft=0.4074, train_logit_mse=0.7374, train_feature_mse=0.0055, train_acc=0.7734, alpha=0.202, val_acc=0.7300, val_macro_f1=0.5164, val_weighted_f1=0.6948, lr=0.000790, epoch_time=18.10s
[Epoch 006] train_loss=0.4593, train_hard=0.6647, train_soft=0.3806, train_logit_mse=0.6888, train_feature_mse=0.0035, train_acc=0.7820, alpha=0.204, val_acc=0.7495, val_macro_f1=0.5737, val_weighted_f1=0.7324, lr=0.000786, epoch_time=17.98s
  -> New best KD student saved to experiments/1__kd_vs_baseline/checkpoints/student_kd_seed123.pt
[Epoch 007] train_loss=0.4382, train_hard=0.6535, train_soft=0.3579, train_logit_mse=0.6503, train_feature_mse=0.0022, train_acc=0.7821, alpha=0.206, val_acc=0.7477, val_macro_f1=0.5674, val_weighted_f1=0.7277, lr=0.000781, epoch_time=17.89s
[Epoch 008] train_loss=0.4278, train_hard=0.6471, train_soft=0.3464, train_logit_mse=0.6294, train_feature_mse=0.0015, train_acc=0.7866, alpha=0.208, val_acc=0.7581, val_macro_f1=0.5685, val_weighted_f1=0.7355, lr=0.000775, epoch_time=18.10s
[Epoch 009] train_loss=0.4113, train_hard=0.6382, train_soft=0.3283, train_logit_mse=0.5981, train_feature_mse=0.0012, train_acc=0.7851, alpha=0.210, val_acc=0.7618, val_macro_f1=0.5888, val_weighted_f1=0.7413, lr=0.000768, epoch_time=17.88s
  -> New best KD student saved to experiments/1__kd_vs_baseline/checkpoints/student_kd_seed123.pt
[Epoch 010] train_loss=0.4061, train_hard=0.6338, train_soft=0.3223, train_logit_mse=0.5869, train_feature_mse=0.0011, train_acc=0.7893, alpha=0.212, val_acc=0.7630, val_macro_f1=0.5934, val_weighted_f1=0.7448, lr=0.000761, epoch_time=17.79s
  -> New best KD student saved to experiments/1__kd_vs_baseline/checkpoints/student_kd_seed123.pt
[Epoch 011] train_loss=0.3910, train_hard=0.6190, train_soft=0.3071, train_logit_mse=0.5589, train_feature_mse=0.0010, train_acc=0.7932, alpha=0.215, val_acc=0.7611, val_macro_f1=0.5975, val_weighted_f1=0.7445, lr=0.000753, epoch_time=17.95s
  -> New best KD student saved to experiments/1__kd_vs_baseline/checkpoints/student_kd_seed123.pt
[Epoch 012] train_loss=0.3870, train_hard=0.6172, train_soft=0.3016, train_logit_mse=0.5502, train_feature_mse=0.0010, train_acc=0.7959, alpha=0.218, val_acc=0.7544, val_macro_f1=0.5762, val_weighted_f1=0.7304, lr=0.000744, epoch_time=17.89s
[Epoch 013] train_loss=0.3779, train_hard=0.6101, train_soft=0.2912, train_logit_mse=0.5325, train_feature_mse=0.0009, train_acc=0.7974, alpha=0.222, val_acc=0.7520, val_macro_f1=0.5663, val_weighted_f1=0.7256, lr=0.000735, epoch_time=17.94s
[Epoch 014] train_loss=0.3762, train_hard=0.6065, train_soft=0.2886, train_logit_mse=0.5291, train_feature_mse=0.0009, train_acc=0.7998, alpha=0.226, val_acc=0.7697, val_macro_f1=0.6020, val_weighted_f1=0.7506, lr=0.000725, epoch_time=17.79s
  -> New best KD student saved to experiments/1__kd_vs_baseline/checkpoints/student_kd_seed123.pt
[Epoch 015] train_loss=0.3695, train_hard=0.6016, train_soft=0.2804, train_logit_mse=0.5126, train_feature_mse=0.0009, train_acc=0.8023, alpha=0.229, val_acc=0.7618, val_macro_f1=0.5795, val_weighted_f1=0.7398, lr=0.000714, epoch_time=17.94s
[Epoch 016] train_loss=0.3652, train_hard=0.5968, train_soft=0.2748, train_logit_mse=0.5043, train_feature_mse=0.0009, train_acc=0.8020, alpha=0.234, val_acc=0.7618, val_macro_f1=0.6107, val_weighted_f1=0.7483, lr=0.000702, epoch_time=17.90s
  -> New best KD student saved to experiments/1__kd_vs_baseline/checkpoints/student_kd_seed123.pt
[Epoch 017] train_loss=0.3600, train_hard=0.5935, train_soft=0.2676, train_logit_mse=0.4935, train_feature_mse=0.0008, train_acc=0.8050, alpha=0.238, val_acc=0.7648, val_macro_f1=0.6040, val_weighted_f1=0.7474, lr=0.000691, epoch_time=17.77s
[Epoch 018] train_loss=0.3585, train_hard=0.5905, train_soft=0.2648, train_logit_mse=0.4870, train_feature_mse=0.0008, train_acc=0.8041, alpha=0.243, val_acc=0.7776, val_macro_f1=0.6228, val_weighted_f1=0.7653, lr=0.000678, epoch_time=17.85s
  -> New best KD student saved to experiments/1__kd_vs_baseline/checkpoints/student_kd_seed123.pt
[Epoch 019] train_loss=0.3531, train_hard=0.5860, train_soft=0.2575, train_logit_mse=0.4755, train_feature_mse=0.0008, train_acc=0.8050, alpha=0.248, val_acc=0.7673, val_macro_f1=0.6143, val_weighted_f1=0.7592, lr=0.000665, epoch_time=17.83s
[Epoch 020] train_loss=0.3501, train_hard=0.5774, train_soft=0.2543, train_logit_mse=0.4691, train_feature_mse=0.0008, train_acc=0.8091, alpha=0.253, val_acc=0.7587, val_macro_f1=0.5948, val_weighted_f1=0.7366, lr=0.000651, epoch_time=17.86s
[Epoch 021] train_loss=0.3492, train_hard=0.5793, train_soft=0.2505, train_logit_mse=0.4618, train_feature_mse=0.0007, train_acc=0.8072, alpha=0.258, val_acc=0.7630, val_macro_f1=0.6048, val_weighted_f1=0.7475, lr=0.000637, epoch_time=17.85s
[Epoch 022] train_loss=0.3455, train_hard=0.5751, train_soft=0.2449, train_logit_mse=0.4530, train_feature_mse=0.0007, train_acc=0.8068, alpha=0.263, val_acc=0.7618, val_macro_f1=0.6034, val_weighted_f1=0.7447, lr=0.000623, epoch_time=17.87s
[Epoch 023] train_loss=0.3444, train_hard=0.5719, train_soft=0.2422, train_logit_mse=0.4483, train_feature_mse=0.0007, train_acc=0.8122, alpha=0.269, val_acc=0.7648, val_macro_f1=0.5975, val_weighted_f1=0.7483, lr=0.000608, epoch_time=17.86s
[Epoch 024] train_loss=0.3431, train_hard=0.5694, train_soft=0.2389, train_logit_mse=0.4433, train_feature_mse=0.0007, train_acc=0.8130, alpha=0.275, val_acc=0.7532, val_macro_f1=0.5855, val_weighted_f1=0.7318, lr=0.000592, epoch_time=18.01s
[Epoch 025] train_loss=0.3442, train_hard=0.5686, train_soft=0.2380, train_logit_mse=0.4422, train_feature_mse=0.0007, train_acc=0.8110, alpha=0.281, val_acc=0.7581, val_macro_f1=0.6010, val_weighted_f1=0.7392, lr=0.000576, epoch_time=17.89s
[Epoch 026] train_loss=0.3388, train_hard=0.5632, train_soft=0.2303, train_logit_mse=0.4284, train_feature_mse=0.0007, train_acc=0.8114, alpha=0.287, val_acc=0.7599, val_macro_f1=0.5889, val_weighted_f1=0.7367, lr=0.000560, epoch_time=17.91s
[Epoch 027] train_loss=0.3416, train_hard=0.5628, train_soft=0.2314, train_logit_mse=0.4308, train_feature_mse=0.0007, train_acc=0.8128, alpha=0.293, val_acc=0.7636, val_macro_f1=0.6145, val_weighted_f1=0.7490, lr=0.000544, epoch_time=17.90s
[Epoch 028] train_loss=0.3382, train_hard=0.5573, train_soft=0.2263, train_logit_mse=0.4217, train_feature_mse=0.0007, train_acc=0.8139, alpha=0.300, val_acc=0.7679, val_macro_f1=0.6186, val_weighted_f1=0.7558, lr=0.000527, epoch_time=17.76s
[Epoch 029] train_loss=0.3438, train_hard=0.5616, train_soft=0.2292, train_logit_mse=0.4249, train_feature_mse=0.0007, train_acc=0.8152, alpha=0.306, val_acc=0.7569, val_macro_f1=0.5997, val_weighted_f1=0.7376, lr=0.000510, epoch_time=17.97s
[Epoch 030] train_loss=0.3405, train_hard=0.5546, train_soft=0.2247, train_logit_mse=0.4190, train_feature_mse=0.0006, train_acc=0.8181, alpha=0.313, val_acc=0.7740, val_macro_f1=0.6178, val_weighted_f1=0.7575, lr=0.000493, epoch_time=17.96s
[Epoch 031] train_loss=0.3380, train_hard=0.5496, train_soft=0.2205, train_logit_mse=0.4115, train_feature_mse=0.0006, train_acc=0.8175, alpha=0.319, val_acc=0.7648, val_macro_f1=0.5978, val_weighted_f1=0.7464, lr=0.000476, epoch_time=17.75s
[Epoch 032] train_loss=0.3413, train_hard=0.5490, train_soft=0.2223, train_logit_mse=0.4144, train_feature_mse=0.0006, train_acc=0.8187, alpha=0.326, val_acc=0.7697, val_macro_f1=0.6114, val_weighted_f1=0.7514, lr=0.000458, epoch_time=17.83s
[Epoch 033] train_loss=0.3403, train_hard=0.5491, train_soft=0.2178, train_logit_mse=0.4061, train_feature_mse=0.0006, train_acc=0.8197, alpha=0.333, val_acc=0.7728, val_macro_f1=0.6251, val_weighted_f1=0.7614, lr=0.000440, epoch_time=17.91s
  -> New best KD student saved to experiments/1__kd_vs_baseline/checkpoints/student_kd_seed123.pt
[Epoch 034] train_loss=0.3403, train_hard=0.5455, train_soft=0.2163, train_logit_mse=0.4048, train_feature_mse=0.0006, train_acc=0.8206, alpha=0.340, val_acc=0.7679, val_macro_f1=0.6117, val_weighted_f1=0.7527, lr=0.000423, epoch_time=17.87s
[Epoch 035] train_loss=0.3431, train_hard=0.5490, train_soft=0.2155, train_logit_mse=0.4013, train_feature_mse=0.0006, train_acc=0.8172, alpha=0.347, val_acc=0.7715, val_macro_f1=0.6157, val_weighted_f1=0.7575, lr=0.000405, epoch_time=17.77s
[Epoch 036] train_loss=0.3414, train_hard=0.5431, train_soft=0.2127, train_logit_mse=0.3978, train_feature_mse=0.0006, train_acc=0.8210, alpha=0.353, val_acc=0.7697, val_macro_f1=0.6231, val_weighted_f1=0.7587, lr=0.000387, epoch_time=17.82s
[Epoch 037] train_loss=0.3403, train_hard=0.5389, train_soft=0.2101, train_logit_mse=0.3928, train_feature_mse=0.0006, train_acc=0.8203, alpha=0.360, val_acc=0.7728, val_macro_f1=0.6153, val_weighted_f1=0.7575, lr=0.000370, epoch_time=17.93s
[Epoch 038] train_loss=0.3454, train_hard=0.5413, train_soft=0.2129, train_logit_mse=0.3985, train_feature_mse=0.0006, train_acc=0.8230, alpha=0.367, val_acc=0.7697, val_macro_f1=0.6200, val_weighted_f1=0.7549, lr=0.000352, epoch_time=17.99s
[Epoch 039] train_loss=0.3431, train_hard=0.5377, train_soft=0.2082, train_logit_mse=0.3910, train_feature_mse=0.0006, train_acc=0.8196, alpha=0.374, val_acc=0.7648, val_macro_f1=0.5985, val_weighted_f1=0.7467, lr=0.000334, epoch_time=17.91s
[Epoch 040] train_loss=0.3483, train_hard=0.5401, train_soft=0.2113, train_logit_mse=0.3950, train_feature_mse=0.0006, train_acc=0.8218, alpha=0.381, val_acc=0.7624, val_macro_f1=0.5904, val_weighted_f1=0.7423, lr=0.000317, epoch_time=17.86s
[Epoch 041] train_loss=0.3470, train_hard=0.5371, train_soft=0.2079, train_logit_mse=0.3884, train_feature_mse=0.0006, train_acc=0.8216, alpha=0.387, val_acc=0.7709, val_macro_f1=0.6113, val_weighted_f1=0.7554, lr=0.000300, epoch_time=17.78s
[Epoch 042] train_loss=0.3486, train_hard=0.5359, train_soft=0.2076, train_logit_mse=0.3892, train_feature_mse=0.0006, train_acc=0.8213, alpha=0.394, val_acc=0.7685, val_macro_f1=0.6228, val_weighted_f1=0.7540, lr=0.000283, epoch_time=17.87s
[Epoch 043] train_loss=0.3476, train_hard=0.5307, train_soft=0.2061, train_logit_mse=0.3864, train_feature_mse=0.0006, train_acc=0.8288, alpha=0.400, val_acc=0.7783, val_macro_f1=0.6138, val_weighted_f1=0.7618, lr=0.000266, epoch_time=17.80s
[Epoch 044] train_loss=0.3500, train_hard=0.5335, train_soft=0.2048, train_logit_mse=0.3855, train_feature_mse=0.0005, train_acc=0.8256, alpha=0.407, val_acc=0.7630, val_macro_f1=0.5922, val_weighted_f1=0.7418, lr=0.000250, epoch_time=17.87s
[Epoch 045] train_loss=0.3469, train_hard=0.5267, train_soft=0.2011, train_logit_mse=0.3776, train_feature_mse=0.0005, train_acc=0.8246, alpha=0.413, val_acc=0.7679, val_macro_f1=0.6044, val_weighted_f1=0.7483, lr=0.000234, epoch_time=17.86s
[Epoch 046] train_loss=0.3488, train_hard=0.5239, train_soft=0.2027, train_logit_mse=0.3807, train_feature_mse=0.0005, train_acc=0.8284, alpha=0.419, val_acc=0.7709, val_macro_f1=0.6271, val_weighted_f1=0.7573, lr=0.000218, epoch_time=17.83s
  -> New best KD student saved to experiments/1__kd_vs_baseline/checkpoints/student_kd_seed123.pt
[Epoch 047] train_loss=0.3481, train_hard=0.5243, train_soft=0.1983, train_logit_mse=0.3745, train_feature_mse=0.0005, train_acc=0.8292, alpha=0.425, val_acc=0.7673, val_macro_f1=0.6071, val_weighted_f1=0.7510, lr=0.000202, epoch_time=17.83s
[Epoch 048] train_loss=0.3501, train_hard=0.5207, train_soft=0.2010, train_logit_mse=0.3776, train_feature_mse=0.0005, train_acc=0.8309, alpha=0.431, val_acc=0.7703, val_macro_f1=0.6015, val_weighted_f1=0.7532, lr=0.000187, epoch_time=17.96s
[Epoch 049] train_loss=0.3525, train_hard=0.5224, train_soft=0.2008, train_logit_mse=0.3770, train_feature_mse=0.0005, train_acc=0.8276, alpha=0.437, val_acc=0.7746, val_macro_f1=0.6084, val_weighted_f1=0.7574, lr=0.000173, epoch_time=17.93s
[Epoch 050] train_loss=0.3500, train_hard=0.5178, train_soft=0.1971, train_logit_mse=0.3716, train_feature_mse=0.0005, train_acc=0.8297, alpha=0.442, val_acc=0.7734, val_macro_f1=0.6089, val_weighted_f1=0.7558, lr=0.000159, epoch_time=17.92s
[Epoch 051] train_loss=0.3506, train_hard=0.5169, train_soft=0.1959, train_logit_mse=0.3690, train_feature_mse=0.0005, train_acc=0.8296, alpha=0.447, val_acc=0.7691, val_macro_f1=0.6030, val_weighted_f1=0.7493, lr=0.000145, epoch_time=17.99s
[Epoch 052] train_loss=0.3528, train_hard=0.5161, train_soft=0.1975, train_logit_mse=0.3709, train_feature_mse=0.0005, train_acc=0.8291, alpha=0.452, val_acc=0.7728, val_macro_f1=0.6097, val_weighted_f1=0.7550, lr=0.000132, epoch_time=17.90s
[Epoch 053] train_loss=0.3578, train_hard=0.5217, train_soft=0.1990, train_logit_mse=0.3745, train_feature_mse=0.0005, train_acc=0.8290, alpha=0.457, val_acc=0.7673, val_macro_f1=0.6055, val_weighted_f1=0.7513, lr=0.000119, epoch_time=17.85s
[Epoch 054] train_loss=0.3504, train_hard=0.5091, train_soft=0.1938, train_logit_mse=0.3661, train_feature_mse=0.0005, train_acc=0.8321, alpha=0.462, val_acc=0.7679, val_macro_f1=0.6012, val_weighted_f1=0.7491, lr=0.000108, epoch_time=17.95s
[Epoch 055] train_loss=0.3604, train_hard=0.5199, train_soft=0.1998, train_logit_mse=0.3755, train_feature_mse=0.0005, train_acc=0.8306, alpha=0.466, val_acc=0.7703, val_macro_f1=0.6032, val_weighted_f1=0.7521, lr=0.000096, epoch_time=17.94s
[Epoch 056] train_loss=0.3578, train_hard=0.5115, train_soft=0.1999, train_logit_mse=0.3763, train_feature_mse=0.0005, train_acc=0.8331, alpha=0.471, val_acc=0.7660, val_macro_f1=0.6012, val_weighted_f1=0.7468, lr=0.000085, epoch_time=17.84s
[Epoch 057] train_loss=0.3570, train_hard=0.5121, train_soft=0.1959, train_logit_mse=0.3699, train_feature_mse=0.0005, train_acc=0.8353, alpha=0.474, val_acc=0.7740, val_macro_f1=0.6097, val_weighted_f1=0.7570, lr=0.000075, epoch_time=17.89s
[Epoch 058] train_loss=0.3590, train_hard=0.5129, train_soft=0.1966, train_logit_mse=0.3707, train_feature_mse=0.0005, train_acc=0.8291, alpha=0.478, val_acc=0.7697, val_macro_f1=0.6034, val_weighted_f1=0.7506, lr=0.000066, epoch_time=17.90s
[Epoch 059] train_loss=0.3574, train_hard=0.5092, train_soft=0.1951, train_logit_mse=0.3692, train_feature_mse=0.0005, train_acc=0.8328, alpha=0.482, val_acc=0.7666, val_macro_f1=0.5988, val_weighted_f1=0.7485, lr=0.000057, epoch_time=17.89s
[Epoch 060] train_loss=0.3590, train_hard=0.5113, train_soft=0.1944, train_logit_mse=0.3662, train_feature_mse=0.0005, train_acc=0.8307, alpha=0.485, val_acc=0.7624, val_macro_f1=0.5917, val_weighted_f1=0.7432, lr=0.000049, epoch_time=17.88s
[Epoch 061] train_loss=0.3612, train_hard=0.5134, train_soft=0.1948, train_logit_mse=0.3666, train_feature_mse=0.0005, train_acc=0.8325, alpha=0.488, val_acc=0.7728, val_macro_f1=0.6032, val_weighted_f1=0.7538, lr=0.000042, epoch_time=17.81s
Early stopping triggered.
Loaded best KD student checkpoint for final test evaluation.
Best validation macro-F1: 0.6271
Best epoch: 46
Time to best model: 824.66 seconds
Checkpoint size (MB): 0.174
Student size: medium
Teacher used: experiments/1__kd_vs_baseline/checkpoints/teacher_cnn_seed123.pt
Teacher arch: TeacherCNN
Teacher size: large
Checkpoint seed: 123
Test accuracy (KD student): 0.7758
Test macro-F1 (KD student): 0.6155
Test weighted-F1 (KD student): 0.7606
Test classification report:
              precision    recall  f1-score   support

           0       0.78      0.65      0.71       184
           1       0.27      0.12      0.17        56
           2       0.83      0.55      0.66       256
           3       0.78      0.95      0.86       912
           4       0.76      0.61      0.67       242

    accuracy                           0.78      1650
   macro avg       0.68      0.58      0.62      1650
weighted avg       0.77      0.78      0.76      1650

Test confusion matrix:
[[120   4   6  51   3]
 [  1   7   2  41   5]
 [ 13   2 142  78  21]
 [ 14   5  11 864  18]
 [  5   8  11  71 147]]
Inference latency: 1.4725 ms/sample
