Using device: cuda
Seed: 999
Teacher size: large
Teacher checkpoint path: experiments/1__kd_vs_baseline/checkpoints/teacher_cnn_seed999.pt
Deterministic mode: True
Deterministic warn_only: True
Training: batch_size=64, lr=0.0008, epochs=90, patience=18, warmup_epochs=5, min_lr_factor=0.02, weight_decay=0.001, class_weight_gamma=0.2, label_smoothing=0.03, sampler_power=0.35, grad_clip=1.0, num_workers=2, teacher_size=large, use_weighted_sampler=False, class_weights=True, disable_augmentation=False, ema_decay=0.999
Training set size: 12957
Validation set size: 1637
Test set size: 1650
Number of leads: 12 classes: 5
Classes: ['CD' 'HYP' 'MI' 'NORM' 'STTC']
Training sampler: standard shuffled loader
Trainable parameters: 3111171
Total parameters: 3111171
Estimated model size (MB): 11.912
Class weights: [1.0338018  1.3094392  0.9520142  0.73911804 0.9656268 ]
EMA enabled
[Epoch 001] lr=0.000320, train_loss=0.9291, train_acc=0.7316, val_acc=0.7508, val_macro_f1=0.5438, val_weighted_f1=0.7184, epoch_time=28.06s
  -> Saved best teacher model to experiments/1__kd_vs_baseline/checkpoints/teacher_cnn_seed999.pt
[Epoch 002] lr=0.000480, train_loss=0.8115, train_acc=0.7732, val_acc=0.7349, val_macro_f1=0.5718, val_weighted_f1=0.7295, epoch_time=27.00s
  -> Saved best teacher model to experiments/1__kd_vs_baseline/checkpoints/teacher_cnn_seed999.pt
[Epoch 003] lr=0.000640, train_loss=0.7830, train_acc=0.7847, val_acc=0.7654, val_macro_f1=0.5662, val_weighted_f1=0.7417, epoch_time=26.92s
[Epoch 004] lr=0.000800, train_loss=0.7709, train_acc=0.7878, val_acc=0.7312, val_macro_f1=0.5491, val_weighted_f1=0.7183, epoch_time=27.09s
[Epoch 005] lr=0.000800, train_loss=0.7509, train_acc=0.7933, val_acc=0.7679, val_macro_f1=0.6138, val_weighted_f1=0.7543, epoch_time=26.93s
  -> Saved best teacher model to experiments/1__kd_vs_baseline/checkpoints/teacher_cnn_seed999.pt
[Epoch 006] lr=0.000800, train_loss=0.7304, train_acc=0.8010, val_acc=0.7282, val_macro_f1=0.5587, val_weighted_f1=0.7215, epoch_time=27.00s
[Epoch 007] lr=0.000799, train_loss=0.7178, train_acc=0.8054, val_acc=0.7654, val_macro_f1=0.5664, val_weighted_f1=0.7433, epoch_time=26.99s
[Epoch 008] lr=0.000798, train_loss=0.6990, train_acc=0.8104, val_acc=0.7740, val_macro_f1=0.6462, val_weighted_f1=0.7714, epoch_time=26.95s
  -> Saved best teacher model to experiments/1__kd_vs_baseline/checkpoints/teacher_cnn_seed999.pt
[Epoch 009] lr=0.000796, train_loss=0.6808, train_acc=0.8192, val_acc=0.7648, val_macro_f1=0.6409, val_weighted_f1=0.7640, epoch_time=27.06s
[Epoch 010] lr=0.000793, train_loss=0.6646, train_acc=0.8196, val_acc=0.7776, val_macro_f1=0.5974, val_weighted_f1=0.7584, epoch_time=27.02s
[Epoch 011] lr=0.000790, train_loss=0.6535, train_acc=0.8256, val_acc=0.7880, val_macro_f1=0.6383, val_weighted_f1=0.7769, epoch_time=27.12s
[Epoch 012] lr=0.000787, train_loss=0.6356, train_acc=0.8311, val_acc=0.7862, val_macro_f1=0.6672, val_weighted_f1=0.7832, epoch_time=27.02s
  -> Saved best teacher model to experiments/1__kd_vs_baseline/checkpoints/teacher_cnn_seed999.pt
[Epoch 013] lr=0.000783, train_loss=0.6225, train_acc=0.8354, val_acc=0.7886, val_macro_f1=0.6283, val_weighted_f1=0.7755, epoch_time=27.10s
[Epoch 014] lr=0.000779, train_loss=0.6164, train_acc=0.8348, val_acc=0.7697, val_macro_f1=0.6483, val_weighted_f1=0.7687, epoch_time=26.92s
[Epoch 015] lr=0.000774, train_loss=0.6076, train_acc=0.8396, val_acc=0.7721, val_macro_f1=0.6196, val_weighted_f1=0.7597, epoch_time=26.99s
[Epoch 016] lr=0.000768, train_loss=0.5921, train_acc=0.8430, val_acc=0.6940, val_macro_f1=0.6219, val_weighted_f1=0.7253, epoch_time=26.96s
[Epoch 017] lr=0.000762, train_loss=0.5779, train_acc=0.8494, val_acc=0.7666, val_macro_f1=0.6578, val_weighted_f1=0.7686, epoch_time=26.93s
[Epoch 018] lr=0.000756, train_loss=0.5693, train_acc=0.8532, val_acc=0.7709, val_macro_f1=0.6502, val_weighted_f1=0.7669, epoch_time=26.99s
[Epoch 019] lr=0.000749, train_loss=0.5526, train_acc=0.8572, val_acc=0.7892, val_macro_f1=0.6485, val_weighted_f1=0.7804, epoch_time=26.90s
[Epoch 020] lr=0.000741, train_loss=0.5448, train_acc=0.8576, val_acc=0.7734, val_macro_f1=0.6630, val_weighted_f1=0.7734, epoch_time=27.06s
[Epoch 021] lr=0.000733, train_loss=0.5208, train_acc=0.8712, val_acc=0.7850, val_macro_f1=0.6626, val_weighted_f1=0.7800, epoch_time=27.06s
[Epoch 022] lr=0.000725, train_loss=0.5049, train_acc=0.8728, val_acc=0.7770, val_macro_f1=0.6343, val_weighted_f1=0.7658, epoch_time=26.99s
[Epoch 023] lr=0.000716, train_loss=0.4910, train_acc=0.8821, val_acc=0.7740, val_macro_f1=0.6660, val_weighted_f1=0.7756, epoch_time=27.07s
[Epoch 024] lr=0.000707, train_loss=0.4742, train_acc=0.8874, val_acc=0.7929, val_macro_f1=0.6744, val_weighted_f1=0.7896, epoch_time=26.94s
  -> Saved best teacher model to experiments/1__kd_vs_baseline/checkpoints/teacher_cnn_seed999.pt
[Epoch 025] lr=0.000698, train_loss=0.4518, train_acc=0.8953, val_acc=0.7831, val_macro_f1=0.6532, val_weighted_f1=0.7750, epoch_time=26.99s
[Epoch 026] lr=0.000688, train_loss=0.4374, train_acc=0.9001, val_acc=0.7856, val_macro_f1=0.6678, val_weighted_f1=0.7810, epoch_time=27.13s
[Epoch 027] lr=0.000677, train_loss=0.4149, train_acc=0.9087, val_acc=0.7770, val_macro_f1=0.6723, val_weighted_f1=0.7790, epoch_time=27.07s
[Epoch 028] lr=0.000667, train_loss=0.4087, train_acc=0.9099, val_acc=0.7801, val_macro_f1=0.6698, val_weighted_f1=0.7762, epoch_time=27.01s
[Epoch 029] lr=0.000656, train_loss=0.3890, train_acc=0.9192, val_acc=0.7538, val_macro_f1=0.6592, val_weighted_f1=0.7648, epoch_time=26.97s
[Epoch 030] lr=0.000644, train_loss=0.3714, train_acc=0.9260, val_acc=0.7642, val_macro_f1=0.6516, val_weighted_f1=0.7655, epoch_time=26.92s
[Epoch 031] lr=0.000633, train_loss=0.3604, train_acc=0.9321, val_acc=0.7764, val_macro_f1=0.6547, val_weighted_f1=0.7713, epoch_time=26.84s
[Epoch 032] lr=0.000620, train_loss=0.3491, train_acc=0.9362, val_acc=0.7740, val_macro_f1=0.6700, val_weighted_f1=0.7744, epoch_time=26.96s
[Epoch 033] lr=0.000608, train_loss=0.3271, train_acc=0.9422, val_acc=0.7844, val_macro_f1=0.6526, val_weighted_f1=0.7768, epoch_time=27.05s
[Epoch 034] lr=0.000596, train_loss=0.3186, train_acc=0.9468, val_acc=0.7752, val_macro_f1=0.6477, val_weighted_f1=0.7696, epoch_time=27.00s
[Epoch 035] lr=0.000583, train_loss=0.3072, train_acc=0.9521, val_acc=0.7801, val_macro_f1=0.6504, val_weighted_f1=0.7712, epoch_time=27.00s
[Epoch 036] lr=0.000570, train_loss=0.2991, train_acc=0.9559, val_acc=0.7740, val_macro_f1=0.6590, val_weighted_f1=0.7723, epoch_time=27.00s
[Epoch 037] lr=0.000556, train_loss=0.2892, train_acc=0.9576, val_acc=0.7715, val_macro_f1=0.6420, val_weighted_f1=0.7670, epoch_time=27.12s
[Epoch 038] lr=0.000543, train_loss=0.2850, train_acc=0.9613, val_acc=0.7770, val_macro_f1=0.6351, val_weighted_f1=0.7684, epoch_time=26.97s
[Epoch 039] lr=0.000529, train_loss=0.2761, train_acc=0.9620, val_acc=0.7770, val_macro_f1=0.6245, val_weighted_f1=0.7662, epoch_time=27.06s
[Epoch 040] lr=0.000515, train_loss=0.2639, train_acc=0.9674, val_acc=0.7666, val_macro_f1=0.6364, val_weighted_f1=0.7614, epoch_time=26.89s
[Epoch 041] lr=0.000501, train_loss=0.2579, train_acc=0.9728, val_acc=0.7758, val_macro_f1=0.6155, val_weighted_f1=0.7619, epoch_time=26.93s
[Epoch 042] lr=0.000487, train_loss=0.2578, train_acc=0.9692, val_acc=0.7703, val_macro_f1=0.6406, val_weighted_f1=0.7659, epoch_time=27.06s
Early stopping

Loaded best checkpoint for final evaluation.
Best validation macro-F1: 0.6744
Best epoch: 24
Time to best model: 650.24 seconds
Checkpoint size (MB): 12.011
Checkpoint seed: 999
Checkpoint teacher size: large
Checkpoint teacher arch: TeacherCNN
Test Accuracy: 0.7818
Test Macro-F1: 0.6399
Test Weighted-F1: 0.7800
Classification Report:
              precision    recall  f1-score   support

           0       0.86      0.68      0.76       184
           1       0.15      0.16      0.15        56
           2       0.79      0.64      0.71       256
           3       0.83      0.89      0.86       912
           4       0.70      0.72      0.71       242

    accuracy                           0.78      1650
   macro avg       0.67      0.62      0.64      1650
weighted avg       0.78      0.78      0.78      1650

Confusion Matrix:
[[126   5   5  38  10]
 [  2   9   2  37   6]
 [  2   5 165  56  28]
 [ 12  30  24 815  31]
 [  4  12  12  39 175]]
Inference latency: 5.9025 ms/sample
