Using device: cuda
Seed: 123
Teacher size: large
Teacher checkpoint path: experiments/1__kd_vs_baseline/checkpoints/teacher_cnn_seed123.pt
Deterministic mode: True
Deterministic warn_only: True
Training: batch_size=64, lr=0.0008, epochs=90, patience=18, warmup_epochs=5, min_lr_factor=0.02, weight_decay=0.001, class_weight_gamma=0.2, label_smoothing=0.03, sampler_power=0.35, grad_clip=1.0, num_workers=2, teacher_size=large, use_weighted_sampler=False, class_weights=True, disable_augmentation=False, ema_decay=0.999
Training set size: 12957
Validation set size: 1637
Test set size: 1650
Number of leads: 12 classes: 5
Classes: ['CD' 'HYP' 'MI' 'NORM' 'STTC']
Training sampler: standard shuffled loader
Trainable parameters: 3111171
Total parameters: 3111171
Estimated model size (MB): 11.912
Class weights: [1.0338018  1.3094392  0.9520142  0.73911804 0.9656268 ]
EMA enabled
[Epoch 001] lr=0.000320, train_loss=0.9408, train_acc=0.7273, val_acc=0.7544, val_macro_f1=0.5532, val_weighted_f1=0.7292, epoch_time=28.04s
  -> Saved best teacher model to experiments/1__kd_vs_baseline/checkpoints/teacher_cnn_seed123.pt
[Epoch 002] lr=0.000480, train_loss=0.8135, train_acc=0.7752, val_acc=0.7569, val_macro_f1=0.5581, val_weighted_f1=0.7327, epoch_time=27.19s
  -> Saved best teacher model to experiments/1__kd_vs_baseline/checkpoints/teacher_cnn_seed123.pt
[Epoch 003] lr=0.000640, train_loss=0.7868, train_acc=0.7846, val_acc=0.7257, val_macro_f1=0.5593, val_weighted_f1=0.7190, epoch_time=27.05s
  -> Saved best teacher model to experiments/1__kd_vs_baseline/checkpoints/teacher_cnn_seed123.pt
[Epoch 004] lr=0.000800, train_loss=0.7578, train_acc=0.7928, val_acc=0.7587, val_macro_f1=0.5578, val_weighted_f1=0.7329, epoch_time=27.21s
[Epoch 005] lr=0.000800, train_loss=0.7476, train_acc=0.7964, val_acc=0.7691, val_macro_f1=0.5797, val_weighted_f1=0.7499, epoch_time=27.06s
  -> Saved best teacher model to experiments/1__kd_vs_baseline/checkpoints/teacher_cnn_seed123.pt
[Epoch 006] lr=0.000800, train_loss=0.7251, train_acc=0.8026, val_acc=0.7648, val_macro_f1=0.5860, val_weighted_f1=0.7422, epoch_time=27.12s
  -> Saved best teacher model to experiments/1__kd_vs_baseline/checkpoints/teacher_cnn_seed123.pt
[Epoch 007] lr=0.000799, train_loss=0.7157, train_acc=0.8052, val_acc=0.7734, val_macro_f1=0.5847, val_weighted_f1=0.7572, epoch_time=27.19s
[Epoch 008] lr=0.000798, train_loss=0.6940, train_acc=0.8146, val_acc=0.7807, val_macro_f1=0.6124, val_weighted_f1=0.7640, epoch_time=27.32s
  -> Saved best teacher model to experiments/1__kd_vs_baseline/checkpoints/teacher_cnn_seed123.pt
[Epoch 009] lr=0.000796, train_loss=0.6803, train_acc=0.8184, val_acc=0.7697, val_macro_f1=0.5668, val_weighted_f1=0.7424, epoch_time=27.06s
[Epoch 010] lr=0.000793, train_loss=0.6642, train_acc=0.8244, val_acc=0.7721, val_macro_f1=0.6011, val_weighted_f1=0.7512, epoch_time=27.21s
[Epoch 011] lr=0.000790, train_loss=0.6531, train_acc=0.8260, val_acc=0.7764, val_macro_f1=0.6112, val_weighted_f1=0.7597, epoch_time=27.19s
[Epoch 012] lr=0.000787, train_loss=0.6385, train_acc=0.8301, val_acc=0.7697, val_macro_f1=0.6023, val_weighted_f1=0.7517, epoch_time=27.03s
[Epoch 013] lr=0.000783, train_loss=0.6229, train_acc=0.8330, val_acc=0.7789, val_macro_f1=0.6106, val_weighted_f1=0.7650, epoch_time=27.16s
[Epoch 014] lr=0.000779, train_loss=0.6141, train_acc=0.8390, val_acc=0.7691, val_macro_f1=0.6150, val_weighted_f1=0.7538, epoch_time=27.09s
  -> Saved best teacher model to experiments/1__kd_vs_baseline/checkpoints/teacher_cnn_seed123.pt
[Epoch 015] lr=0.000774, train_loss=0.6015, train_acc=0.8415, val_acc=0.7648, val_macro_f1=0.6336, val_weighted_f1=0.7592, epoch_time=27.08s
  -> Saved best teacher model to experiments/1__kd_vs_baseline/checkpoints/teacher_cnn_seed123.pt
[Epoch 016] lr=0.000768, train_loss=0.5863, train_acc=0.8501, val_acc=0.7709, val_macro_f1=0.5998, val_weighted_f1=0.7547, epoch_time=27.22s
[Epoch 017] lr=0.000762, train_loss=0.5759, train_acc=0.8531, val_acc=0.7728, val_macro_f1=0.6138, val_weighted_f1=0.7549, epoch_time=27.11s
[Epoch 018] lr=0.000756, train_loss=0.5550, train_acc=0.8570, val_acc=0.7703, val_macro_f1=0.6169, val_weighted_f1=0.7559, epoch_time=27.19s
[Epoch 019] lr=0.000749, train_loss=0.5471, train_acc=0.8564, val_acc=0.7703, val_macro_f1=0.5879, val_weighted_f1=0.7513, epoch_time=26.98s
[Epoch 020] lr=0.000741, train_loss=0.5307, train_acc=0.8644, val_acc=0.7746, val_macro_f1=0.6511, val_weighted_f1=0.7698, epoch_time=27.19s
  -> Saved best teacher model to experiments/1__kd_vs_baseline/checkpoints/teacher_cnn_seed123.pt
[Epoch 021] lr=0.000733, train_loss=0.5136, train_acc=0.8720, val_acc=0.7483, val_macro_f1=0.6351, val_weighted_f1=0.7470, epoch_time=27.09s
[Epoch 022] lr=0.000725, train_loss=0.5018, train_acc=0.8777, val_acc=0.7697, val_macro_f1=0.6232, val_weighted_f1=0.7576, epoch_time=27.08s
[Epoch 023] lr=0.000716, train_loss=0.4787, train_acc=0.8864, val_acc=0.7715, val_macro_f1=0.6269, val_weighted_f1=0.7631, epoch_time=27.13s
[Epoch 024] lr=0.000707, train_loss=0.4708, train_acc=0.8889, val_acc=0.7538, val_macro_f1=0.6304, val_weighted_f1=0.7524, epoch_time=27.11s
[Epoch 025] lr=0.000698, train_loss=0.4451, train_acc=0.8991, val_acc=0.7740, val_macro_f1=0.6383, val_weighted_f1=0.7626, epoch_time=27.05s
[Epoch 026] lr=0.000688, train_loss=0.4294, train_acc=0.9034, val_acc=0.7593, val_macro_f1=0.6422, val_weighted_f1=0.7572, epoch_time=26.97s
[Epoch 027] lr=0.000677, train_loss=0.4086, train_acc=0.9119, val_acc=0.7703, val_macro_f1=0.6375, val_weighted_f1=0.7648, epoch_time=27.09s
[Epoch 028] lr=0.000667, train_loss=0.3911, train_acc=0.9201, val_acc=0.7666, val_macro_f1=0.6043, val_weighted_f1=0.7556, epoch_time=27.04s
[Epoch 029] lr=0.000656, train_loss=0.3737, train_acc=0.9264, val_acc=0.7593, val_macro_f1=0.6228, val_weighted_f1=0.7521, epoch_time=27.40s
[Epoch 030] lr=0.000644, train_loss=0.3555, train_acc=0.9356, val_acc=0.7624, val_macro_f1=0.6328, val_weighted_f1=0.7556, epoch_time=27.12s
[Epoch 031] lr=0.000633, train_loss=0.3510, train_acc=0.9342, val_acc=0.7526, val_macro_f1=0.6308, val_weighted_f1=0.7516, epoch_time=27.02s
[Epoch 032] lr=0.000620, train_loss=0.3344, train_acc=0.9414, val_acc=0.7557, val_macro_f1=0.6325, val_weighted_f1=0.7527, epoch_time=27.23s
[Epoch 033] lr=0.000608, train_loss=0.3206, train_acc=0.9450, val_acc=0.7752, val_macro_f1=0.6449, val_weighted_f1=0.7687, epoch_time=27.03s
[Epoch 034] lr=0.000596, train_loss=0.3060, train_acc=0.9530, val_acc=0.7526, val_macro_f1=0.6344, val_weighted_f1=0.7533, epoch_time=27.13s
[Epoch 035] lr=0.000583, train_loss=0.3008, train_acc=0.9539, val_acc=0.7532, val_macro_f1=0.6290, val_weighted_f1=0.7484, epoch_time=27.00s
[Epoch 036] lr=0.000570, train_loss=0.2893, train_acc=0.9579, val_acc=0.7520, val_macro_f1=0.6285, val_weighted_f1=0.7506, epoch_time=26.99s
[Epoch 037] lr=0.000556, train_loss=0.2756, train_acc=0.9634, val_acc=0.7642, val_macro_f1=0.6368, val_weighted_f1=0.7592, epoch_time=26.99s
[Epoch 038] lr=0.000543, train_loss=0.2707, train_acc=0.9651, val_acc=0.7593, val_macro_f1=0.6331, val_weighted_f1=0.7536, epoch_time=27.10s
Early stopping

Loaded best checkpoint for final evaluation.
Best validation macro-F1: 0.6511
Best epoch: 20
Time to best model: 549.92 seconds
Checkpoint size (MB): 12.011
Checkpoint seed: 123
Checkpoint teacher size: large
Checkpoint teacher arch: TeacherCNN
Test Accuracy: 0.7909
Test Macro-F1: 0.6615
Test Weighted-F1: 0.7876
Classification Report:
              precision    recall  f1-score   support

           0       0.88      0.68      0.77       184
           1       0.24      0.23      0.23        56
           2       0.83      0.63      0.72       256
           3       0.82      0.90      0.86       912
           4       0.70      0.75      0.73       242

    accuracy                           0.79      1650
   macro avg       0.69      0.64      0.66      1650
weighted avg       0.79      0.79      0.79      1650

Confusion Matrix:
[[126   4   5  41   8]
 [  1  13   2  32   8]
 [  4   2 162  64  24]
 [ 11  25  17 823  36]
 [  2  11   9  39 181]]
Inference latency: 6.0183 ms/sample
