[38;5;127mpython3[0m/[38;5;172m3.10.5[0m/[38;5;67mgcc-9.3.0[0m
 |
 [0;32mOK[0m
[38;5;127mgcc[0m/[38;5;172m9.3.0[0m
 |
 [0;32mOK[0m
===== EXPERIMENT 8B: CLASS-AWARE ADAPTIVE ALPHA KD =====
Experiment dir: experiments/8__class_aware_adaptive_alpha
Seeds: 42, 123, 999
Job ID: 8112097
Host: gpu107.pri.kelvin2.alces.network
Start: Tue Mar 31 19:50:56 BST 2026
Working directory: /users/40370279/csc4006/code

----- SEED 42 -----
Using device: cuda
Seed: 42
Deterministic mode: True
Deterministic warn_only: True
KD hyperparameters: alpha_start=0.100, alpha_end=0.100, temperature=1.00, logit_mse_weight=0.030, feature_mse_weight=0.030, class_weight_gamma=0.00, sampler_power=0.35, label_smoothing=0.000, student_size=medium, alpha_mode=classwise_adaptive, adaptive_alpha_min=0.050, adaptive_alpha_max=0.300
Training: batch_size=64, lr=0.0008, epochs=70, patience=15, weight_decay=0.002, grad_clip=1.0, num_workers=2, disable_augmentation=False, use_weighted_sampler=False
Teacher checkpoint path: experiments/1__kd_vs_baseline/checkpoints/teacher_cnn_seed42.pt
Student checkpoint path: experiments/8__class_aware_adaptive_alpha/checkpoints/student_classaware_alpha_seed42.pt
Training set size: 12957
Validation set size: 1637
Test set size: 1650
Number of leads: 12 classes: 5
Classes: ['CD' 'HYP' 'MI' 'NORM' 'STTC']
Trainable parameters (student): 12809
Total parameters (student): 12809
Estimated model size (MB): 0.051
Teacher pooled dim: 896
Student pooled dim: 28
Class weights: [1. 1. 1. 1. 1.]
Adaptive alpha per class: [0.08434388 0.05       0.1096075  0.3        0.10448155]
  class=CD alpha=0.0843
  class=HYP alpha=0.0500
  class=MI alpha=0.1096
  class=NORM alpha=0.3000
  class=STTC alpha=0.1045
Training sampler: standard shuffled loader
[Epoch 001] train_loss=0.7551, train_hard=1.1173, train_soft=0.6111, train_logit_mse=1.9600, train_feature_mse=0.0314, train_acc=0.5900, alpha_scalar=0.100, train_alpha_mean=0.211, val_acc=0.6866, val_macro_f1=0.4443, val_weighted_f1=0.6368, lr=0.000800, epoch_time=18.64s
  -> New best KD student saved to experiments/8__class_aware_adaptive_alpha/checkpoints/student_classaware_alpha_seed42.pt
[Epoch 002] train_loss=0.4768, train_hard=0.8370, train_soft=0.3676, train_logit_mse=1.2213, train_feature_mse=0.0200, train_acc=0.7256, alpha_scalar=0.100, train_alpha_mean=0.211, val_acc=0.7392, val_macro_f1=0.5263, val_weighted_f1=0.7098, lr=0.000798, epoch_time=17.44s
  -> New best KD student saved to experiments/8__class_aware_adaptive_alpha/checkpoints/student_classaware_alpha_seed42.pt
[Epoch 003] train_loss=0.3851, train_hard=0.7504, train_soft=0.2829, train_logit_mse=0.9575, train_feature_mse=0.0128, train_acc=0.7591, alpha_scalar=0.100, train_alpha_mean=0.211, val_acc=0.7355, val_macro_f1=0.5299, val_weighted_f1=0.7122, lr=0.000796, epoch_time=17.50s
  -> New best KD student saved to experiments/8__class_aware_adaptive_alpha/checkpoints/student_classaware_alpha_seed42.pt
[Epoch 004] train_loss=0.3424, train_hard=0.7097, train_soft=0.2441, train_logit_mse=0.8237, train_feature_mse=0.0072, train_acc=0.7656, alpha_scalar=0.100, train_alpha_mean=0.211, val_acc=0.7508, val_macro_f1=0.5500, val_weighted_f1=0.7279, lr=0.000794, epoch_time=17.62s
  -> New best KD student saved to experiments/8__class_aware_adaptive_alpha/checkpoints/student_classaware_alpha_seed42.pt
[Epoch 005] train_loss=0.3185, train_hard=0.6858, train_soft=0.2224, train_logit_mse=0.7616, train_feature_mse=0.0045, train_acc=0.7744, alpha_scalar=0.100, train_alpha_mean=0.211, val_acc=0.7514, val_macro_f1=0.5425, val_weighted_f1=0.7227, lr=0.000790, epoch_time=17.43s
[Epoch 006] train_loss=0.3047, train_hard=0.6761, train_soft=0.2088, train_logit_mse=0.7201, train_feature_mse=0.0029, train_acc=0.7789, alpha_scalar=0.100, train_alpha_mean=0.211, val_acc=0.7294, val_macro_f1=0.5172, val_weighted_f1=0.6942, lr=0.000786, epoch_time=17.60s
[Epoch 007] train_loss=0.2893, train_hard=0.6601, train_soft=0.1946, train_logit_mse=0.6829, train_feature_mse=0.0019, train_acc=0.7829, alpha_scalar=0.100, train_alpha_mean=0.211, val_acc=0.7605, val_macro_f1=0.5649, val_weighted_f1=0.7399, lr=0.000781, epoch_time=17.68s
  -> New best KD student saved to experiments/8__class_aware_adaptive_alpha/checkpoints/student_classaware_alpha_seed42.pt
[Epoch 008] train_loss=0.2789, train_hard=0.6477, train_soft=0.1854, train_logit_mse=0.6545, train_feature_mse=0.0014, train_acc=0.7871, alpha_scalar=0.100, train_alpha_mean=0.211, val_acc=0.7361, val_macro_f1=0.5137, val_weighted_f1=0.6981, lr=0.000775, epoch_time=17.60s
[Epoch 009] train_loss=0.2686, train_hard=0.6378, train_soft=0.1756, train_logit_mse=0.6297, train_feature_mse=0.0012, train_acc=0.7886, alpha_scalar=0.100, train_alpha_mean=0.211, val_acc=0.7593, val_macro_f1=0.5615, val_weighted_f1=0.7370, lr=0.000768, epoch_time=17.56s
[Epoch 010] train_loss=0.2576, train_hard=0.6275, train_soft=0.1651, train_logit_mse=0.6026, train_feature_mse=0.0011, train_acc=0.7931, alpha_scalar=0.100, train_alpha_mean=0.211, val_acc=0.7611, val_macro_f1=0.5576, val_weighted_f1=0.7339, lr=0.000761, epoch_time=17.56s
[Epoch 011] train_loss=0.2510, train_hard=0.6220, train_soft=0.1590, train_logit_mse=0.5875, train_feature_mse=0.0010, train_acc=0.7960, alpha_scalar=0.100, train_alpha_mean=0.211, val_acc=0.7648, val_macro_f1=0.5709, val_weighted_f1=0.7427, lr=0.000753, epoch_time=17.58s
  -> New best KD student saved to experiments/8__class_aware_adaptive_alpha/checkpoints/student_classaware_alpha_seed42.pt
[Epoch 012] train_loss=0.2430, train_hard=0.6109, train_soft=0.1526, train_logit_mse=0.5641, train_feature_mse=0.0010, train_acc=0.8000, alpha_scalar=0.100, train_alpha_mean=0.211, val_acc=0.7563, val_macro_f1=0.5627, val_weighted_f1=0.7304, lr=0.000744, epoch_time=17.53s
[Epoch 013] train_loss=0.2402, train_hard=0.6092, train_soft=0.1492, train_logit_mse=0.5516, train_feature_mse=0.0009, train_acc=0.7974, alpha_scalar=0.100, train_alpha_mean=0.211, val_acc=0.7630, val_macro_f1=0.5628, val_weighted_f1=0.7380, lr=0.000735, epoch_time=17.53s
[Epoch 014] train_loss=0.2350, train_hard=0.6044, train_soft=0.1443, train_logit_mse=0.5413, train_feature_mse=0.0009, train_acc=0.8004, alpha_scalar=0.100, train_alpha_mean=0.211, val_acc=0.7526, val_macro_f1=0.5543, val_weighted_f1=0.7247, lr=0.000725, epoch_time=17.49s
[Epoch 015] train_loss=0.2308, train_hard=0.6008, train_soft=0.1405, train_logit_mse=0.5302, train_feature_mse=0.0009, train_acc=0.8028, alpha_scalar=0.100, train_alpha_mean=0.211, val_acc=0.7654, val_macro_f1=0.5643, val_weighted_f1=0.7378, lr=0.000714, epoch_time=17.46s
[Epoch 016] train_loss=0.2254, train_hard=0.5931, train_soft=0.1356, train_logit_mse=0.5255, train_feature_mse=0.0008, train_acc=0.8077, alpha_scalar=0.100, train_alpha_mean=0.211, val_acc=0.7544, val_macro_f1=0.5739, val_weighted_f1=0.7286, lr=0.000702, epoch_time=17.48s
  -> New best KD student saved to experiments/8__class_aware_adaptive_alpha/checkpoints/student_classaware_alpha_seed42.pt
[Epoch 017] train_loss=0.2268, train_hard=0.5950, train_soft=0.1367, train_logit_mse=0.5172, train_feature_mse=0.0008, train_acc=0.8036, alpha_scalar=0.100, train_alpha_mean=0.211, val_acc=0.7624, val_macro_f1=0.5798, val_weighted_f1=0.7402, lr=0.000691, epoch_time=17.62s
  -> New best KD student saved to experiments/8__class_aware_adaptive_alpha/checkpoints/student_classaware_alpha_seed42.pt
[Epoch 018] train_loss=0.2193, train_hard=0.5866, train_soft=0.1302, train_logit_mse=0.5078, train_feature_mse=0.0008, train_acc=0.8081, alpha_scalar=0.100, train_alpha_mean=0.211, val_acc=0.7660, val_macro_f1=0.5730, val_weighted_f1=0.7414, lr=0.000678, epoch_time=17.51s
[Epoch 019] train_loss=0.2164, train_hard=0.5860, train_soft=0.1273, train_logit_mse=0.4951, train_feature_mse=0.0008, train_acc=0.8088, alpha_scalar=0.100, train_alpha_mean=0.211, val_acc=0.7605, val_macro_f1=0.5822, val_weighted_f1=0.7392, lr=0.000665, epoch_time=17.43s
  -> New best KD student saved to experiments/8__class_aware_adaptive_alpha/checkpoints/student_classaware_alpha_seed42.pt
[Epoch 020] train_loss=0.2148, train_hard=0.5819, train_soft=0.1263, train_logit_mse=0.4932, train_feature_mse=0.0007, train_acc=0.8075, alpha_scalar=0.100, train_alpha_mean=0.211, val_acc=0.7734, val_macro_f1=0.5995, val_weighted_f1=0.7540, lr=0.000651, epoch_time=17.62s
  -> New best KD student saved to experiments/8__class_aware_adaptive_alpha/checkpoints/student_classaware_alpha_seed42.pt
[Epoch 021] train_loss=0.2124, train_hard=0.5797, train_soft=0.1239, train_logit_mse=0.4871, train_feature_mse=0.0007, train_acc=0.8087, alpha_scalar=0.100, train_alpha_mean=0.211, val_acc=0.7728, val_macro_f1=0.5790, val_weighted_f1=0.7466, lr=0.000637, epoch_time=17.51s
[Epoch 022] train_loss=0.2058, train_hard=0.5707, train_soft=0.1184, train_logit_mse=0.4766, train_feature_mse=0.0007, train_acc=0.8121, alpha_scalar=0.100, train_alpha_mean=0.211, val_acc=0.7575, val_macro_f1=0.5596, val_weighted_f1=0.7328, lr=0.000623, epoch_time=17.60s
[Epoch 023] train_loss=0.2045, train_hard=0.5702, train_soft=0.1167, train_logit_mse=0.4689, train_feature_mse=0.0007, train_acc=0.8162, alpha_scalar=0.100, train_alpha_mean=0.211, val_acc=0.7587, val_macro_f1=0.5602, val_weighted_f1=0.7346, lr=0.000608, epoch_time=17.54s
[Epoch 024] train_loss=0.2053, train_hard=0.5741, train_soft=0.1167, train_logit_mse=0.4699, train_feature_mse=0.0007, train_acc=0.8078, alpha_scalar=0.100, train_alpha_mean=0.211, val_acc=0.7709, val_macro_f1=0.5960, val_weighted_f1=0.7514, lr=0.000592, epoch_time=17.55s
[Epoch 025] train_loss=0.2046, train_hard=0.5688, train_soft=0.1165, train_logit_mse=0.4698, train_feature_mse=0.0007, train_acc=0.8151, alpha_scalar=0.100, train_alpha_mean=0.211, val_acc=0.7770, val_macro_f1=0.6051, val_weighted_f1=0.7609, lr=0.000576, epoch_time=17.58s
  -> New best KD student saved to experiments/8__class_aware_adaptive_alpha/checkpoints/student_classaware_alpha_seed42.pt
[Epoch 026] train_loss=0.1987, train_hard=0.5636, train_soft=0.1115, train_logit_mse=0.4575, train_feature_mse=0.0007, train_acc=0.8163, alpha_scalar=0.100, train_alpha_mean=0.211, val_acc=0.7691, val_macro_f1=0.5977, val_weighted_f1=0.7511, lr=0.000560, epoch_time=17.50s
[Epoch 027] train_loss=0.2004, train_hard=0.5647, train_soft=0.1129, train_logit_mse=0.4599, train_feature_mse=0.0006, train_acc=0.8161, alpha_scalar=0.100, train_alpha_mean=0.211, val_acc=0.7715, val_macro_f1=0.6305, val_weighted_f1=0.7579, lr=0.000544, epoch_time=17.47s
  -> New best KD student saved to experiments/8__class_aware_adaptive_alpha/checkpoints/student_classaware_alpha_seed42.pt
[Epoch 028] train_loss=0.1969, train_hard=0.5627, train_soft=0.1093, train_logit_mse=0.4448, train_feature_mse=0.0006, train_acc=0.8135, alpha_scalar=0.100, train_alpha_mean=0.211, val_acc=0.7691, val_macro_f1=0.5934, val_weighted_f1=0.7494, lr=0.000527, epoch_time=17.53s
[Epoch 029] train_loss=0.1963, train_hard=0.5603, train_soft=0.1093, train_logit_mse=0.4540, train_feature_mse=0.0006, train_acc=0.8165, alpha_scalar=0.100, train_alpha_mean=0.211, val_acc=0.7673, val_macro_f1=0.6214, val_weighted_f1=0.7527, lr=0.000510, epoch_time=17.53s
[Epoch 030] train_loss=0.1961, train_hard=0.5617, train_soft=0.1089, train_logit_mse=0.4483, train_feature_mse=0.0006, train_acc=0.8145, alpha_scalar=0.100, train_alpha_mean=0.211, val_acc=0.7685, val_macro_f1=0.6010, val_weighted_f1=0.7490, lr=0.000493, epoch_time=17.52s
[Epoch 031] train_loss=0.1928, train_hard=0.5588, train_soft=0.1060, train_logit_mse=0.4388, train_feature_mse=0.0006, train_acc=0.8186, alpha_scalar=0.100, train_alpha_mean=0.211, val_acc=0.7734, val_macro_f1=0.6040, val_weighted_f1=0.7553, lr=0.000476, epoch_time=17.59s
[Epoch 032] train_loss=0.1898, train_hard=0.5528, train_soft=0.1034, train_logit_mse=0.4366, train_feature_mse=0.0006, train_acc=0.8198, alpha_scalar=0.100, train_alpha_mean=0.211, val_acc=0.7728, val_macro_f1=0.6019, val_weighted_f1=0.7555, lr=0.000458, epoch_time=17.45s
[Epoch 033] train_loss=0.1898, train_hard=0.5525, train_soft=0.1036, train_logit_mse=0.4327, train_feature_mse=0.0006, train_acc=0.8198, alpha_scalar=0.100, train_alpha_mean=0.211, val_acc=0.7685, val_macro_f1=0.6022, val_weighted_f1=0.7522, lr=0.000440, epoch_time=17.46s
[Epoch 034] train_loss=0.1893, train_hard=0.5497, train_soft=0.1039, train_logit_mse=0.4311, train_feature_mse=0.0006, train_acc=0.8202, alpha_scalar=0.100, train_alpha_mean=0.211, val_acc=0.7770, val_macro_f1=0.6089, val_weighted_f1=0.7596, lr=0.000423, epoch_time=17.50s
[Epoch 035] train_loss=0.1882, train_hard=0.5483, train_soft=0.1024, train_logit_mse=0.4312, train_feature_mse=0.0006, train_acc=0.8202, alpha_scalar=0.100, train_alpha_mean=0.211, val_acc=0.7776, val_macro_f1=0.6217, val_weighted_f1=0.7638, lr=0.000405, epoch_time=17.53s
[Epoch 036] train_loss=0.1866, train_hard=0.5489, train_soft=0.1002, train_logit_mse=0.4290, train_feature_mse=0.0006, train_acc=0.8193, alpha_scalar=0.100, train_alpha_mean=0.211, val_acc=0.7648, val_macro_f1=0.5913, val_weighted_f1=0.7419, lr=0.000387, epoch_time=17.38s
[Epoch 037] train_loss=0.1855, train_hard=0.5454, train_soft=0.1002, train_logit_mse=0.4269, train_feature_mse=0.0006, train_acc=0.8199, alpha_scalar=0.100, train_alpha_mean=0.211, val_acc=0.7673, val_macro_f1=0.6116, val_weighted_f1=0.7498, lr=0.000370, epoch_time=17.53s
[Epoch 038] train_loss=0.1838, train_hard=0.5454, train_soft=0.0977, train_logit_mse=0.4175, train_feature_mse=0.0006, train_acc=0.8213, alpha_scalar=0.100, train_alpha_mean=0.211, val_acc=0.7679, val_macro_f1=0.6096, val_weighted_f1=0.7508, lr=0.000352, epoch_time=17.55s
[Epoch 039] train_loss=0.1808, train_hard=0.5414, train_soft=0.0952, train_logit_mse=0.4127, train_feature_mse=0.0005, train_acc=0.8249, alpha_scalar=0.100, train_alpha_mean=0.211, val_acc=0.7776, val_macro_f1=0.6327, val_weighted_f1=0.7639, lr=0.000334, epoch_time=17.49s
  -> New best KD student saved to experiments/8__class_aware_adaptive_alpha/checkpoints/student_classaware_alpha_seed42.pt
[Epoch 040] train_loss=0.1819, train_hard=0.5431, train_soft=0.0964, train_logit_mse=0.4147, train_feature_mse=0.0006, train_acc=0.8221, alpha_scalar=0.100, train_alpha_mean=0.211, val_acc=0.7758, val_macro_f1=0.6204, val_weighted_f1=0.7607, lr=0.000317, epoch_time=17.50s
[Epoch 041] train_loss=0.1802, train_hard=0.5421, train_soft=0.0947, train_logit_mse=0.4103, train_feature_mse=0.0006, train_acc=0.8251, alpha_scalar=0.100, train_alpha_mean=0.211, val_acc=0.7697, val_macro_f1=0.6097, val_weighted_f1=0.7530, lr=0.000300, epoch_time=17.57s
[Epoch 042] train_loss=0.1791, train_hard=0.5376, train_soft=0.0944, train_logit_mse=0.4081, train_feature_mse=0.0005, train_acc=0.8247, alpha_scalar=0.100, train_alpha_mean=0.211, val_acc=0.7746, val_macro_f1=0.6104, val_weighted_f1=0.7565, lr=0.000283, epoch_time=17.54s
[Epoch 043] train_loss=0.1783, train_hard=0.5377, train_soft=0.0933, train_logit_mse=0.4086, train_feature_mse=0.0005, train_acc=0.8247, alpha_scalar=0.100, train_alpha_mean=0.211, val_acc=0.7813, val_macro_f1=0.6393, val_weighted_f1=0.7698, lr=0.000266, epoch_time=17.58s
  -> New best KD student saved to experiments/8__class_aware_adaptive_alpha/checkpoints/student_classaware_alpha_seed42.pt
[Epoch 044] train_loss=0.1775, train_hard=0.5358, train_soft=0.0927, train_logit_mse=0.4041, train_feature_mse=0.0005, train_acc=0.8241, alpha_scalar=0.100, train_alpha_mean=0.211, val_acc=0.7770, val_macro_f1=0.6200, val_weighted_f1=0.7612, lr=0.000250, epoch_time=17.65s
[Epoch 045] train_loss=0.1761, train_hard=0.5371, train_soft=0.0914, train_logit_mse=0.4002, train_feature_mse=0.0005, train_acc=0.8240, alpha_scalar=0.100, train_alpha_mean=0.211, val_acc=0.7752, val_macro_f1=0.6105, val_weighted_f1=0.7591, lr=0.000234, epoch_time=17.48s
[Epoch 046] train_loss=0.1786, train_hard=0.5392, train_soft=0.0934, train_logit_mse=0.4055, train_feature_mse=0.0005, train_acc=0.8236, alpha_scalar=0.100, train_alpha_mean=0.211, val_acc=0.7807, val_macro_f1=0.6224, val_weighted_f1=0.7658, lr=0.000218, epoch_time=17.61s
[Epoch 047] train_loss=0.1756, train_hard=0.5356, train_soft=0.0906, train_logit_mse=0.3982, train_feature_mse=0.0005, train_acc=0.8249, alpha_scalar=0.100, train_alpha_mean=0.211, val_acc=0.7795, val_macro_f1=0.6244, val_weighted_f1=0.7641, lr=0.000202, epoch_time=17.61s
[Epoch 048] train_loss=0.1776, train_hard=0.5392, train_soft=0.0924, train_logit_mse=0.4000, train_feature_mse=0.0005, train_acc=0.8240, alpha_scalar=0.100, train_alpha_mean=0.211, val_acc=0.7728, val_macro_f1=0.6042, val_weighted_f1=0.7550, lr=0.000187, epoch_time=17.46s
[Epoch 049] train_loss=0.1750, train_hard=0.5327, train_soft=0.0909, train_logit_mse=0.3952, train_feature_mse=0.0005, train_acc=0.8253, alpha_scalar=0.100, train_alpha_mean=0.211, val_acc=0.7758, val_macro_f1=0.6090, val_weighted_f1=0.7590, lr=0.000173, epoch_time=17.56s
[Epoch 050] train_loss=0.1709, train_hard=0.5284, train_soft=0.0867, train_logit_mse=0.3909, train_feature_mse=0.0005, train_acc=0.8281, alpha_scalar=0.100, train_alpha_mean=0.211, val_acc=0.7831, val_macro_f1=0.6419, val_weighted_f1=0.7699, lr=0.000159, epoch_time=17.45s
  -> New best KD student saved to experiments/8__class_aware_adaptive_alpha/checkpoints/student_classaware_alpha_seed42.pt
[Epoch 051] train_loss=0.1724, train_hard=0.5311, train_soft=0.0883, train_logit_mse=0.3899, train_feature_mse=0.0005, train_acc=0.8280, alpha_scalar=0.100, train_alpha_mean=0.211, val_acc=0.7764, val_macro_f1=0.6115, val_weighted_f1=0.7607, lr=0.000145, epoch_time=17.58s
[Epoch 052] train_loss=0.1718, train_hard=0.5291, train_soft=0.0880, train_logit_mse=0.3890, train_feature_mse=0.0005, train_acc=0.8253, alpha_scalar=0.100, train_alpha_mean=0.211, val_acc=0.7807, val_macro_f1=0.6388, val_weighted_f1=0.7663, lr=0.000132, epoch_time=17.54s
[Epoch 053] train_loss=0.1734, train_hard=0.5318, train_soft=0.0892, train_logit_mse=0.3942, train_feature_mse=0.0005, train_acc=0.8253, alpha_scalar=0.100, train_alpha_mean=0.211, val_acc=0.7807, val_macro_f1=0.6311, val_weighted_f1=0.7667, lr=0.000119, epoch_time=17.54s
[Epoch 054] train_loss=0.1722, train_hard=0.5335, train_soft=0.0876, train_logit_mse=0.3859, train_feature_mse=0.0005, train_acc=0.8269, alpha_scalar=0.100, train_alpha_mean=0.211, val_acc=0.7758, val_macro_f1=0.6417, val_weighted_f1=0.7648, lr=0.000108, epoch_time=17.50s
[Epoch 055] train_loss=0.1696, train_hard=0.5273, train_soft=0.0856, train_logit_mse=0.3861, train_feature_mse=0.0005, train_acc=0.8297, alpha_scalar=0.100, train_alpha_mean=0.211, val_acc=0.7776, val_macro_f1=0.6353, val_weighted_f1=0.7646, lr=0.000096, epoch_time=17.56s
[Epoch 056] train_loss=0.1704, train_hard=0.5267, train_soft=0.0865, train_logit_mse=0.3841, train_feature_mse=0.0005, train_acc=0.8294, alpha_scalar=0.100, train_alpha_mean=0.211, val_acc=0.7795, val_macro_f1=0.6330, val_weighted_f1=0.7648, lr=0.000085, epoch_time=17.53s
[Epoch 057] train_loss=0.1689, train_hard=0.5283, train_soft=0.0849, train_logit_mse=0.3785, train_feature_mse=0.0005, train_acc=0.8279, alpha_scalar=0.100, train_alpha_mean=0.211, val_acc=0.7789, val_macro_f1=0.6364, val_weighted_f1=0.7658, lr=0.000075, epoch_time=17.78s
[Epoch 058] train_loss=0.1702, train_hard=0.5265, train_soft=0.0865, train_logit_mse=0.3849, train_feature_mse=0.0005, train_acc=0.8281, alpha_scalar=0.100, train_alpha_mean=0.211, val_acc=0.7825, val_macro_f1=0.6368, val_weighted_f1=0.7698, lr=0.000066, epoch_time=17.53s
[Epoch 059] train_loss=0.1681, train_hard=0.5263, train_soft=0.0843, train_logit_mse=0.3811, train_feature_mse=0.0005, train_acc=0.8257, alpha_scalar=0.100, train_alpha_mean=0.211, val_acc=0.7764, val_macro_f1=0.6283, val_weighted_f1=0.7620, lr=0.000057, epoch_time=17.61s
[Epoch 060] train_loss=0.1688, train_hard=0.5259, train_soft=0.0852, train_logit_mse=0.3811, train_feature_mse=0.0005, train_acc=0.8287, alpha_scalar=0.100, train_alpha_mean=0.211, val_acc=0.7795, val_macro_f1=0.6251, val_weighted_f1=0.7640, lr=0.000049, epoch_time=17.53s
[Epoch 061] train_loss=0.1671, train_hard=0.5217, train_soft=0.0839, train_logit_mse=0.3765, train_feature_mse=0.0005, train_acc=0.8306, alpha_scalar=0.100, train_alpha_mean=0.211, val_acc=0.7795, val_macro_f1=0.6376, val_weighted_f1=0.7659, lr=0.000042, epoch_time=17.53s
[Epoch 062] train_loss=0.1686, train_hard=0.5269, train_soft=0.0846, train_logit_mse=0.3789, train_feature_mse=0.0005, train_acc=0.8273, alpha_scalar=0.100, train_alpha_mean=0.211, val_acc=0.7795, val_macro_f1=0.6421, val_weighted_f1=0.7678, lr=0.000035, epoch_time=17.39s
  -> New best KD student saved to experiments/8__class_aware_adaptive_alpha/checkpoints/student_classaware_alpha_seed42.pt
[Epoch 063] train_loss=0.1677, train_hard=0.5256, train_soft=0.0834, train_logit_mse=0.3770, train_feature_mse=0.0005, train_acc=0.8281, alpha_scalar=0.100, train_alpha_mean=0.211, val_acc=0.7776, val_macro_f1=0.6306, val_weighted_f1=0.7638, lr=0.000029, epoch_time=17.64s
[Epoch 064] train_loss=0.1683, train_hard=0.5271, train_soft=0.0841, train_logit_mse=0.3785, train_feature_mse=0.0005, train_acc=0.8276, alpha_scalar=0.100, train_alpha_mean=0.211, val_acc=0.7795, val_macro_f1=0.6215, val_weighted_f1=0.7640, lr=0.000024, epoch_time=17.59s
[Epoch 065] train_loss=0.1678, train_hard=0.5253, train_soft=0.0843, train_logit_mse=0.3798, train_feature_mse=0.0005, train_acc=0.8274, alpha_scalar=0.100, train_alpha_mean=0.211, val_acc=0.7770, val_macro_f1=0.6345, val_weighted_f1=0.7626, lr=0.000020, epoch_time=17.46s
[Epoch 066] train_loss=0.1663, train_hard=0.5243, train_soft=0.0823, train_logit_mse=0.3725, train_feature_mse=0.0005, train_acc=0.8286, alpha_scalar=0.100, train_alpha_mean=0.211, val_acc=0.7795, val_macro_f1=0.6249, val_weighted_f1=0.7645, lr=0.000016, epoch_time=17.44s
[Epoch 067] train_loss=0.1662, train_hard=0.5227, train_soft=0.0831, train_logit_mse=0.3765, train_feature_mse=0.0005, train_acc=0.8312, alpha_scalar=0.100, train_alpha_mean=0.211, val_acc=0.7807, val_macro_f1=0.6402, val_weighted_f1=0.7681, lr=0.000014, epoch_time=17.56s
[Epoch 068] train_loss=0.1670, train_hard=0.5235, train_soft=0.0834, train_logit_mse=0.3774, train_feature_mse=0.0005, train_acc=0.8290, alpha_scalar=0.100, train_alpha_mean=0.211, val_acc=0.7813, val_macro_f1=0.6405, val_weighted_f1=0.7686, lr=0.000012, epoch_time=17.59s
[Epoch 069] train_loss=0.1666, train_hard=0.5242, train_soft=0.0829, train_logit_mse=0.3741, train_feature_mse=0.0005, train_acc=0.8310, alpha_scalar=0.100, train_alpha_mean=0.211, val_acc=0.7783, val_macro_f1=0.6396, val_weighted_f1=0.7654, lr=0.000010, epoch_time=17.44s
[Epoch 070] train_loss=0.1661, train_hard=0.5188, train_soft=0.0834, train_logit_mse=0.3765, train_feature_mse=0.0005, train_acc=0.8313, alpha_scalar=0.100, train_alpha_mean=0.211, val_acc=0.7813, val_macro_f1=0.6334, val_weighted_f1=0.7672, lr=0.000010, epoch_time=17.54s
Loaded best KD student checkpoint for final test evaluation.
Best validation macro-F1: 0.6421
Best epoch: 62
Time to best model: 1092.51 seconds
Checkpoint size (MB): 0.177
Student size: medium
Teacher used: experiments/1__kd_vs_baseline/checkpoints/teacher_cnn_seed42.pt
Teacher arch: TeacherCNN
Teacher size: large
Checkpoint seed: 42
Alpha mode: classwise_adaptive
Test accuracy (KD student): 0.7855
Test macro-F1 (KD student): 0.6278
Test weighted-F1 (KD student): 0.7714
Test classification report:
              precision    recall  f1-score   support

           0       0.85      0.69      0.76       184
           1       0.29      0.11      0.16        56
           2       0.81      0.56      0.66       256
           3       0.80      0.94      0.86       912
           4       0.72      0.68      0.70       242

    accuracy                           0.79      1650
   macro avg       0.69      0.59      0.63      1650
weighted avg       0.78      0.79      0.77      1650

Test confusion matrix:
[[127   1   5  46   5]
 [  2   6   3  39   6]
 [ 10   1 143  77  25]
 [  7   7  15 856  27]
 [  4   6  10  58 164]]
Inference latency: 1.4252 ms/sample
Parsed metrics for seed 42:
  Accuracy    = 0.7855
  Macro-F1    = 0.6278
  Weighted-F1 = 0.7714

----- SEED 123 -----
Using device: cuda
Seed: 123
Deterministic mode: True
Deterministic warn_only: True
KD hyperparameters: alpha_start=0.100, alpha_end=0.100, temperature=1.00, logit_mse_weight=0.030, feature_mse_weight=0.030, class_weight_gamma=0.00, sampler_power=0.35, label_smoothing=0.000, student_size=medium, alpha_mode=classwise_adaptive, adaptive_alpha_min=0.050, adaptive_alpha_max=0.300
Training: batch_size=64, lr=0.0008, epochs=70, patience=15, weight_decay=0.002, grad_clip=1.0, num_workers=2, disable_augmentation=False, use_weighted_sampler=False
Teacher checkpoint path: experiments/1__kd_vs_baseline/checkpoints/teacher_cnn_seed123.pt
Student checkpoint path: experiments/8__class_aware_adaptive_alpha/checkpoints/student_classaware_alpha_seed123.pt
Training set size: 12957
Validation set size: 1637
Test set size: 1650
Number of leads: 12 classes: 5
Classes: ['CD' 'HYP' 'MI' 'NORM' 'STTC']
Trainable parameters (student): 12809
Total parameters (student): 12809
Estimated model size (MB): 0.051
Teacher pooled dim: 896
Student pooled dim: 28
Class weights: [1. 1. 1. 1. 1.]
Adaptive alpha per class: [0.08434388 0.05       0.1096075  0.3        0.10448155]
  class=CD alpha=0.0843
  class=HYP alpha=0.0500
  class=MI alpha=0.1096
  class=NORM alpha=0.3000
  class=STTC alpha=0.1045
Training sampler: standard shuffled loader
[Epoch 001] train_loss=0.7630, train_hard=1.1075, train_soft=0.6267, train_logit_mse=1.9519, train_feature_mse=0.0284, train_acc=0.6066, alpha_scalar=0.100, train_alpha_mean=0.211, val_acc=0.6359, val_macro_f1=0.3140, val_weighted_f1=0.5518, lr=0.000800, epoch_time=18.62s
  -> New best KD student saved to experiments/8__class_aware_adaptive_alpha/checkpoints/student_classaware_alpha_seed123.pt
[Epoch 002] train_loss=0.5257, train_hard=0.8666, train_soft=0.4147, train_logit_mse=1.3847, train_feature_mse=0.0177, train_acc=0.7070, alpha_scalar=0.100, train_alpha_mean=0.211, val_acc=0.7098, val_macro_f1=0.4752, val_weighted_f1=0.6692, lr=0.000798, epoch_time=17.55s
  -> New best KD student saved to experiments/8__class_aware_adaptive_alpha/checkpoints/student_classaware_alpha_seed123.pt
[Epoch 003] train_loss=0.4222, train_hard=0.7684, train_soft=0.3198, train_logit_mse=1.0823, train_feature_mse=0.0134, train_acc=0.7511, alpha_scalar=0.100, train_alpha_mean=0.211, val_acc=0.7306, val_macro_f1=0.5123, val_weighted_f1=0.6973, lr=0.000796, epoch_time=17.33s
  -> New best KD student saved to experiments/8__class_aware_adaptive_alpha/checkpoints/student_classaware_alpha_seed123.pt
[Epoch 004] train_loss=0.3786, train_hard=0.7248, train_soft=0.2810, train_logit_mse=0.9400, train_feature_mse=0.0089, train_acc=0.7633, alpha_scalar=0.100, train_alpha_mean=0.211, val_acc=0.7312, val_macro_f1=0.5157, val_weighted_f1=0.6976, lr=0.000794, epoch_time=17.45s
  -> New best KD student saved to experiments/8__class_aware_adaptive_alpha/checkpoints/student_classaware_alpha_seed123.pt
[Epoch 005] train_loss=0.3419, train_hard=0.6912, train_soft=0.2461, train_logit_mse=0.8521, train_feature_mse=0.0054, train_acc=0.7725, alpha_scalar=0.100, train_alpha_mean=0.211, val_acc=0.7233, val_macro_f1=0.4992, val_weighted_f1=0.6829, lr=0.000790, epoch_time=17.52s
[Epoch 006] train_loss=0.3255, train_hard=0.6736, train_soft=0.2317, train_logit_mse=0.8061, train_feature_mse=0.0034, train_acc=0.7820, alpha_scalar=0.100, train_alpha_mean=0.211, val_acc=0.7508, val_macro_f1=0.5535, val_weighted_f1=0.7322, lr=0.000786, epoch_time=17.48s
  -> New best KD student saved to experiments/8__class_aware_adaptive_alpha/checkpoints/student_classaware_alpha_seed123.pt
[Epoch 007] train_loss=0.3090, train_hard=0.6600, train_soft=0.2150, train_logit_mse=0.7682, train_feature_mse=0.0022, train_acc=0.7836, alpha_scalar=0.100, train_alpha_mean=0.211, val_acc=0.7330, val_macro_f1=0.5202, val_weighted_f1=0.7030, lr=0.000781, epoch_time=17.49s
[Epoch 008] train_loss=0.2983, train_hard=0.6501, train_soft=0.2059, train_logit_mse=0.7332, train_feature_mse=0.0015, train_acc=0.7868, alpha_scalar=0.100, train_alpha_mean=0.211, val_acc=0.7550, val_macro_f1=0.5701, val_weighted_f1=0.7332, lr=0.000775, epoch_time=17.63s
  -> New best KD student saved to experiments/8__class_aware_adaptive_alpha/checkpoints/student_classaware_alpha_seed123.pt
[Epoch 009] train_loss=0.2872, train_hard=0.6402, train_soft=0.1958, train_logit_mse=0.6928, train_feature_mse=0.0013, train_acc=0.7887, alpha_scalar=0.100, train_alpha_mean=0.211, val_acc=0.7379, val_macro_f1=0.5713, val_weighted_f1=0.7213, lr=0.000768, epoch_time=17.39s
  -> New best KD student saved to experiments/8__class_aware_adaptive_alpha/checkpoints/student_classaware_alpha_seed123.pt
[Epoch 010] train_loss=0.2829, train_hard=0.6353, train_soft=0.1915, train_logit_mse=0.6885, train_feature_mse=0.0012, train_acc=0.7894, alpha_scalar=0.100, train_alpha_mean=0.211, val_acc=0.7526, val_macro_f1=0.5882, val_weighted_f1=0.7330, lr=0.000761, epoch_time=17.42s
  -> New best KD student saved to experiments/8__class_aware_adaptive_alpha/checkpoints/student_classaware_alpha_seed123.pt
[Epoch 011] train_loss=0.2739, train_hard=0.6210, train_soft=0.1848, train_logit_mse=0.6615, train_feature_mse=0.0011, train_acc=0.7959, alpha_scalar=0.100, train_alpha_mean=0.211, val_acc=0.7459, val_macro_f1=0.5735, val_weighted_f1=0.7237, lr=0.000753, epoch_time=17.42s
[Epoch 012] train_loss=0.2680, train_hard=0.6178, train_soft=0.1785, train_logit_mse=0.6476, train_feature_mse=0.0010, train_acc=0.7977, alpha_scalar=0.100, train_alpha_mean=0.211, val_acc=0.7465, val_macro_f1=0.5748, val_weighted_f1=0.7225, lr=0.000744, epoch_time=17.43s
[Epoch 013] train_loss=0.2627, train_hard=0.6135, train_soft=0.1734, train_logit_mse=0.6298, train_feature_mse=0.0010, train_acc=0.7959, alpha_scalar=0.100, train_alpha_mean=0.211, val_acc=0.7459, val_macro_f1=0.5738, val_weighted_f1=0.7248, lr=0.000735, epoch_time=17.55s
[Epoch 014] train_loss=0.2571, train_hard=0.6081, train_soft=0.1683, train_logit_mse=0.6226, train_feature_mse=0.0010, train_acc=0.7998, alpha_scalar=0.100, train_alpha_mean=0.211, val_acc=0.7538, val_macro_f1=0.5984, val_weighted_f1=0.7395, lr=0.000725, epoch_time=17.25s
  -> New best KD student saved to experiments/8__class_aware_adaptive_alpha/checkpoints/student_classaware_alpha_seed123.pt
[Epoch 015] train_loss=0.2530, train_hard=0.6022, train_soft=0.1648, train_logit_mse=0.6060, train_feature_mse=0.0009, train_acc=0.8014, alpha_scalar=0.100, train_alpha_mean=0.211, val_acc=0.7508, val_macro_f1=0.5771, val_weighted_f1=0.7341, lr=0.000714, epoch_time=17.45s
[Epoch 016] train_loss=0.2499, train_hard=0.6009, train_soft=0.1617, train_logit_mse=0.6007, train_feature_mse=0.0009, train_acc=0.8008, alpha_scalar=0.100, train_alpha_mean=0.211, val_acc=0.7495, val_macro_f1=0.5848, val_weighted_f1=0.7305, lr=0.000702, epoch_time=17.43s
[Epoch 017] train_loss=0.2439, train_hard=0.5942, train_soft=0.1555, train_logit_mse=0.5879, train_feature_mse=0.0009, train_acc=0.8026, alpha_scalar=0.100, train_alpha_mean=0.211, val_acc=0.7502, val_macro_f1=0.5920, val_weighted_f1=0.7335, lr=0.000691, epoch_time=17.39s
[Epoch 018] train_loss=0.2407, train_hard=0.5880, train_soft=0.1537, train_logit_mse=0.5810, train_feature_mse=0.0009, train_acc=0.8064, alpha_scalar=0.100, train_alpha_mean=0.211, val_acc=0.7660, val_macro_f1=0.6136, val_weighted_f1=0.7529, lr=0.000678, epoch_time=17.40s
  -> New best KD student saved to experiments/8__class_aware_adaptive_alpha/checkpoints/student_classaware_alpha_seed123.pt
[Epoch 019] train_loss=0.2380, train_hard=0.5863, train_soft=0.1506, train_logit_mse=0.5715, train_feature_mse=0.0008, train_acc=0.8071, alpha_scalar=0.100, train_alpha_mean=0.211, val_acc=0.7654, val_macro_f1=0.6174, val_weighted_f1=0.7547, lr=0.000665, epoch_time=17.35s
  -> New best KD student saved to experiments/8__class_aware_adaptive_alpha/checkpoints/student_classaware_alpha_seed123.pt
[Epoch 020] train_loss=0.2338, train_hard=0.5793, train_soft=0.1475, train_logit_mse=0.5649, train_feature_mse=0.0008, train_acc=0.8086, alpha_scalar=0.100, train_alpha_mean=0.211, val_acc=0.7471, val_macro_f1=0.5952, val_weighted_f1=0.7320, lr=0.000651, epoch_time=17.47s
[Epoch 021] train_loss=0.2317, train_hard=0.5811, train_soft=0.1446, train_logit_mse=0.5608, train_feature_mse=0.0008, train_acc=0.8069, alpha_scalar=0.100, train_alpha_mean=0.211, val_acc=0.7483, val_macro_f1=0.6049, val_weighted_f1=0.7383, lr=0.000637, epoch_time=17.35s
[Epoch 022] train_loss=0.2256, train_hard=0.5719, train_soft=0.1395, train_logit_mse=0.5427, train_feature_mse=0.0008, train_acc=0.8112, alpha_scalar=0.100, train_alpha_mean=0.211, val_acc=0.7618, val_macro_f1=0.6118, val_weighted_f1=0.7497, lr=0.000623, epoch_time=17.48s
[Epoch 023] train_loss=0.2236, train_hard=0.5704, train_soft=0.1377, train_logit_mse=0.5348, train_feature_mse=0.0008, train_acc=0.8115, alpha_scalar=0.100, train_alpha_mean=0.211, val_acc=0.7624, val_macro_f1=0.6145, val_weighted_f1=0.7492, lr=0.000608, epoch_time=17.47s
[Epoch 024] train_loss=0.2237, train_hard=0.5709, train_soft=0.1377, train_logit_mse=0.5387, train_feature_mse=0.0007, train_acc=0.8138, alpha_scalar=0.100, train_alpha_mean=0.211, val_acc=0.7471, val_macro_f1=0.5831, val_weighted_f1=0.7295, lr=0.000592, epoch_time=17.57s
[Epoch 025] train_loss=0.2210, train_hard=0.5679, train_soft=0.1352, train_logit_mse=0.5378, train_feature_mse=0.0007, train_acc=0.8152, alpha_scalar=0.100, train_alpha_mean=0.211, val_acc=0.7569, val_macro_f1=0.6005, val_weighted_f1=0.7398, lr=0.000576, epoch_time=17.41s
[Epoch 026] train_loss=0.2157, train_hard=0.5626, train_soft=0.1296, train_logit_mse=0.5222, train_feature_mse=0.0007, train_acc=0.8138, alpha_scalar=0.100, train_alpha_mean=0.211, val_acc=0.7593, val_macro_f1=0.6077, val_weighted_f1=0.7448, lr=0.000560, epoch_time=17.47s
[Epoch 027] train_loss=0.2154, train_hard=0.5620, train_soft=0.1302, train_logit_mse=0.5203, train_feature_mse=0.0007, train_acc=0.8157, alpha_scalar=0.100, train_alpha_mean=0.211, val_acc=0.7465, val_macro_f1=0.6148, val_weighted_f1=0.7417, lr=0.000544, epoch_time=17.49s
[Epoch 028] train_loss=0.2118, train_hard=0.5553, train_soft=0.1272, train_logit_mse=0.5129, train_feature_mse=0.0007, train_acc=0.8181, alpha_scalar=0.100, train_alpha_mean=0.211, val_acc=0.7703, val_macro_f1=0.6313, val_weighted_f1=0.7603, lr=0.000527, epoch_time=17.41s
  -> New best KD student saved to experiments/8__class_aware_adaptive_alpha/checkpoints/student_classaware_alpha_seed123.pt
[Epoch 029] train_loss=0.2140, train_hard=0.5589, train_soft=0.1292, train_logit_mse=0.5140, train_feature_mse=0.0007, train_acc=0.8159, alpha_scalar=0.100, train_alpha_mean=0.211, val_acc=0.7611, val_macro_f1=0.6100, val_weighted_f1=0.7431, lr=0.000510, epoch_time=17.42s
[Epoch 030] train_loss=0.2085, train_hard=0.5509, train_soft=0.1237, train_logit_mse=0.5066, train_feature_mse=0.0007, train_acc=0.8183, alpha_scalar=0.100, train_alpha_mean=0.211, val_acc=0.7691, val_macro_f1=0.6336, val_weighted_f1=0.7608, lr=0.000493, epoch_time=17.37s
  -> New best KD student saved to experiments/8__class_aware_adaptive_alpha/checkpoints/student_classaware_alpha_seed123.pt
[Epoch 031] train_loss=0.2065, train_hard=0.5504, train_soft=0.1224, train_logit_mse=0.5031, train_feature_mse=0.0006, train_acc=0.8204, alpha_scalar=0.100, train_alpha_mean=0.211, val_acc=0.7697, val_macro_f1=0.6326, val_weighted_f1=0.7592, lr=0.000476, epoch_time=17.43s
[Epoch 032] train_loss=0.2073, train_hard=0.5501, train_soft=0.1227, train_logit_mse=0.5047, train_feature_mse=0.0007, train_acc=0.8185, alpha_scalar=0.100, train_alpha_mean=0.211, val_acc=0.7526, val_macro_f1=0.6107, val_weighted_f1=0.7391, lr=0.000458, epoch_time=17.48s
[Epoch 033] train_loss=0.2054, train_hard=0.5498, train_soft=0.1207, train_logit_mse=0.4944, train_feature_mse=0.0006, train_acc=0.8200, alpha_scalar=0.100, train_alpha_mean=0.211, val_acc=0.7569, val_macro_f1=0.6227, val_weighted_f1=0.7494, lr=0.000440, epoch_time=17.43s
[Epoch 034] train_loss=0.2032, train_hard=0.5471, train_soft=0.1189, train_logit_mse=0.4931, train_feature_mse=0.0006, train_acc=0.8225, alpha_scalar=0.100, train_alpha_mean=0.211, val_acc=0.7550, val_macro_f1=0.6054, val_weighted_f1=0.7390, lr=0.000423, epoch_time=17.37s
[Epoch 035] train_loss=0.2009, train_hard=0.5446, train_soft=0.1172, train_logit_mse=0.4861, train_feature_mse=0.0006, train_acc=0.8213, alpha_scalar=0.100, train_alpha_mean=0.211, val_acc=0.7648, val_macro_f1=0.6251, val_weighted_f1=0.7549, lr=0.000405, epoch_time=17.28s
[Epoch 036] train_loss=0.2002, train_hard=0.5422, train_soft=0.1166, train_logit_mse=0.4846, train_feature_mse=0.0006, train_acc=0.8235, alpha_scalar=0.100, train_alpha_mean=0.211, val_acc=0.7648, val_macro_f1=0.6302, val_weighted_f1=0.7582, lr=0.000387, epoch_time=17.46s
[Epoch 037] train_loss=0.1987, train_hard=0.5391, train_soft=0.1155, train_logit_mse=0.4782, train_feature_mse=0.0006, train_acc=0.8232, alpha_scalar=0.100, train_alpha_mean=0.211, val_acc=0.7630, val_macro_f1=0.6241, val_weighted_f1=0.7548, lr=0.000370, epoch_time=17.44s
[Epoch 038] train_loss=0.1985, train_hard=0.5404, train_soft=0.1147, train_logit_mse=0.4827, train_feature_mse=0.0006, train_acc=0.8213, alpha_scalar=0.100, train_alpha_mean=0.211, val_acc=0.7587, val_macro_f1=0.6202, val_weighted_f1=0.7449, lr=0.000352, epoch_time=17.43s
[Epoch 039] train_loss=0.1978, train_hard=0.5421, train_soft=0.1137, train_logit_mse=0.4794, train_feature_mse=0.0006, train_acc=0.8214, alpha_scalar=0.100, train_alpha_mean=0.211, val_acc=0.7593, val_macro_f1=0.5963, val_weighted_f1=0.7406, lr=0.000334, epoch_time=17.49s
[Epoch 040] train_loss=0.1970, train_hard=0.5399, train_soft=0.1131, train_logit_mse=0.4816, train_feature_mse=0.0006, train_acc=0.8222, alpha_scalar=0.100, train_alpha_mean=0.211, val_acc=0.7447, val_macro_f1=0.5921, val_weighted_f1=0.7322, lr=0.000317, epoch_time=17.47s
[Epoch 041] train_loss=0.1971, train_hard=0.5400, train_soft=0.1139, train_logit_mse=0.4759, train_feature_mse=0.0006, train_acc=0.8255, alpha_scalar=0.100, train_alpha_mean=0.211, val_acc=0.7648, val_macro_f1=0.6317, val_weighted_f1=0.7583, lr=0.000300, epoch_time=17.49s
[Epoch 042] train_loss=0.1944, train_hard=0.5365, train_soft=0.1110, train_logit_mse=0.4701, train_feature_mse=0.0006, train_acc=0.8247, alpha_scalar=0.100, train_alpha_mean=0.211, val_acc=0.7526, val_macro_f1=0.6069, val_weighted_f1=0.7399, lr=0.000283, epoch_time=17.46s
[Epoch 043] train_loss=0.1921, train_hard=0.5325, train_soft=0.1090, train_logit_mse=0.4679, train_feature_mse=0.0006, train_acc=0.8267, alpha_scalar=0.100, train_alpha_mean=0.211, val_acc=0.7691, val_macro_f1=0.6311, val_weighted_f1=0.7590, lr=0.000266, epoch_time=17.33s
[Epoch 044] train_loss=0.1905, train_hard=0.5335, train_soft=0.1074, train_logit_mse=0.4655, train_feature_mse=0.0006, train_acc=0.8267, alpha_scalar=0.100, train_alpha_mean=0.211, val_acc=0.7544, val_macro_f1=0.6015, val_weighted_f1=0.7393, lr=0.000250, epoch_time=17.40s
[Epoch 045] train_loss=0.1909, train_hard=0.5329, train_soft=0.1079, train_logit_mse=0.4595, train_feature_mse=0.0006, train_acc=0.8255, alpha_scalar=0.100, train_alpha_mean=0.211, val_acc=0.7581, val_macro_f1=0.6106, val_weighted_f1=0.7465, lr=0.000234, epoch_time=17.42s
Early stopping triggered.
Loaded best KD student checkpoint for final test evaluation.
Best validation macro-F1: 0.6336
Best epoch: 30
Time to best model: 527.43 seconds
Checkpoint size (MB): 0.178
Student size: medium
Teacher used: experiments/1__kd_vs_baseline/checkpoints/teacher_cnn_seed123.pt
Teacher arch: TeacherCNN
Teacher size: large
Checkpoint seed: 123
Alpha mode: classwise_adaptive
Test accuracy (KD student): 0.7679
Test macro-F1 (KD student): 0.6200
Test weighted-F1 (KD student): 0.7607
Test classification report:
              precision    recall  f1-score   support

           0       0.86      0.65      0.74       184
           1       0.17      0.18      0.18        56
           2       0.78      0.55      0.65       256
           3       0.79      0.92      0.85       912
           4       0.72      0.64      0.68       242

    accuracy                           0.77      1650
   macro avg       0.67      0.59      0.62      1650
weighted avg       0.77      0.77      0.76      1650

Test confusion matrix:
[[120   3   8  50   3]
 [  1  10   4  36   5]
 [  7   2 142  77  28]
 [ 10  23  15 840  24]
 [  1  20  12  54 155]]
Inference latency: 1.4977 ms/sample
Parsed metrics for seed 123:
  Accuracy    = 0.7679
  Macro-F1    = 0.6200
  Weighted-F1 = 0.7607

----- SEED 999 -----
Using device: cuda
Seed: 999
Deterministic mode: True
Deterministic warn_only: True
KD hyperparameters: alpha_start=0.100, alpha_end=0.100, temperature=1.00, logit_mse_weight=0.030, feature_mse_weight=0.030, class_weight_gamma=0.00, sampler_power=0.35, label_smoothing=0.000, student_size=medium, alpha_mode=classwise_adaptive, adaptive_alpha_min=0.050, adaptive_alpha_max=0.300
Training: batch_size=64, lr=0.0008, epochs=70, patience=15, weight_decay=0.002, grad_clip=1.0, num_workers=2, disable_augmentation=False, use_weighted_sampler=False
Teacher checkpoint path: experiments/1__kd_vs_baseline/checkpoints/teacher_cnn_seed999.pt
Student checkpoint path: experiments/8__class_aware_adaptive_alpha/checkpoints/student_classaware_alpha_seed999.pt
Training set size: 12957
Validation set size: 1637
Test set size: 1650
Number of leads: 12 classes: 5
Classes: ['CD' 'HYP' 'MI' 'NORM' 'STTC']
Trainable parameters (student): 12809
Total parameters (student): 12809
Estimated model size (MB): 0.051
Teacher pooled dim: 896
Student pooled dim: 28
Class weights: [1. 1. 1. 1. 1.]
Adaptive alpha per class: [0.08434388 0.05       0.1096075  0.3        0.10448155]
  class=CD alpha=0.0843
  class=HYP alpha=0.0500
  class=MI alpha=0.1096
  class=NORM alpha=0.3000
  class=STTC alpha=0.1045
Training sampler: standard shuffled loader
[Epoch 001] train_loss=0.8477, train_hard=1.0821, train_soft=0.7147, train_logit_mse=2.4437, train_feature_mse=0.0321, train_acc=0.6073, alpha_scalar=0.100, train_alpha_mean=0.211, val_acc=0.6860, val_macro_f1=0.4307, val_weighted_f1=0.6466, lr=0.000800, epoch_time=18.72s
  -> New best KD student saved to experiments/8__class_aware_adaptive_alpha/checkpoints/student_classaware_alpha_seed999.pt
[Epoch 002] train_loss=0.6074, train_hard=0.8504, train_soft=0.4993, train_logit_mse=1.7917, train_feature_mse=0.0205, train_acc=0.7059, alpha_scalar=0.100, train_alpha_mean=0.211, val_acc=0.7172, val_macro_f1=0.4833, val_weighted_f1=0.6817, lr=0.000798, epoch_time=17.45s
  -> New best KD student saved to experiments/8__class_aware_adaptive_alpha/checkpoints/student_classaware_alpha_seed999.pt
[Epoch 003] train_loss=0.5042, train_hard=0.7529, train_soft=0.4061, train_logit_mse=1.4801, train_feature_mse=0.0151, train_acc=0.7550, alpha_scalar=0.100, train_alpha_mean=0.211, val_acc=0.7349, val_macro_f1=0.5308, val_weighted_f1=0.7112, lr=0.000796, epoch_time=17.48s
  -> New best KD student saved to experiments/8__class_aware_adaptive_alpha/checkpoints/student_classaware_alpha_seed999.pt
[Epoch 004] train_loss=0.4558, train_hard=0.7086, train_soft=0.3626, train_logit_mse=1.3106, train_feature_mse=0.0080, train_acc=0.7683, alpha_scalar=0.100, train_alpha_mean=0.211, val_acc=0.7489, val_macro_f1=0.5460, val_weighted_f1=0.7235, lr=0.000794, epoch_time=17.50s
  -> New best KD student saved to experiments/8__class_aware_adaptive_alpha/checkpoints/student_classaware_alpha_seed999.pt
[Epoch 005] train_loss=0.4286, train_hard=0.6850, train_soft=0.3382, train_logit_mse=1.2211, train_feature_mse=0.0045, train_acc=0.7764, alpha_scalar=0.100, train_alpha_mean=0.211, val_acc=0.7502, val_macro_f1=0.5388, val_weighted_f1=0.7209, lr=0.000790, epoch_time=17.55s
[Epoch 006] train_loss=0.4106, train_hard=0.6736, train_soft=0.3205, train_logit_mse=1.1590, train_feature_mse=0.0027, train_acc=0.7763, alpha_scalar=0.100, train_alpha_mean=0.211, val_acc=0.7385, val_macro_f1=0.5272, val_weighted_f1=0.7078, lr=0.000786, epoch_time=17.29s
[Epoch 007] train_loss=0.3941, train_hard=0.6600, train_soft=0.3052, train_logit_mse=1.1110, train_feature_mse=0.0018, train_acc=0.7868, alpha_scalar=0.100, train_alpha_mean=0.211, val_acc=0.7636, val_macro_f1=0.5641, val_weighted_f1=0.7375, lr=0.000781, epoch_time=17.45s
  -> New best KD student saved to experiments/8__class_aware_adaptive_alpha/checkpoints/student_classaware_alpha_seed999.pt
[Epoch 008] train_loss=0.3743, train_hard=0.6360, train_soft=0.2881, train_logit_mse=1.0514, train_feature_mse=0.0014, train_acc=0.7918, alpha_scalar=0.100, train_alpha_mean=0.211, val_acc=0.7483, val_macro_f1=0.5454, val_weighted_f1=0.7177, lr=0.000775, epoch_time=17.44s
[Epoch 009] train_loss=0.3569, train_hard=0.6224, train_soft=0.2715, train_logit_mse=1.0001, train_feature_mse=0.0013, train_acc=0.7993, alpha_scalar=0.100, train_alpha_mean=0.211, val_acc=0.7642, val_macro_f1=0.5829, val_weighted_f1=0.7470, lr=0.000768, epoch_time=17.39s
  -> New best KD student saved to experiments/8__class_aware_adaptive_alpha/checkpoints/student_classaware_alpha_seed999.pt
[Epoch 010] train_loss=0.3507, train_hard=0.6171, train_soft=0.2654, train_logit_mse=0.9808, train_feature_mse=0.0012, train_acc=0.7966, alpha_scalar=0.100, train_alpha_mean=0.211, val_acc=0.7611, val_macro_f1=0.5671, val_weighted_f1=0.7391, lr=0.000761, epoch_time=17.43s
[Epoch 011] train_loss=0.3423, train_hard=0.6096, train_soft=0.2575, train_logit_mse=0.9599, train_feature_mse=0.0011, train_acc=0.8006, alpha_scalar=0.100, train_alpha_mean=0.211, val_acc=0.7532, val_macro_f1=0.5623, val_weighted_f1=0.7262, lr=0.000753, epoch_time=17.43s
[Epoch 012] train_loss=0.3373, train_hard=0.6049, train_soft=0.2529, train_logit_mse=0.9505, train_feature_mse=0.0011, train_acc=0.8000, alpha_scalar=0.100, train_alpha_mean=0.211, val_acc=0.7514, val_macro_f1=0.5818, val_weighted_f1=0.7378, lr=0.000744, epoch_time=17.44s
[Epoch 013] train_loss=0.3308, train_hard=0.5997, train_soft=0.2465, train_logit_mse=0.9282, train_feature_mse=0.0011, train_acc=0.8018, alpha_scalar=0.100, train_alpha_mean=0.211, val_acc=0.7630, val_macro_f1=0.5870, val_weighted_f1=0.7433, lr=0.000735, epoch_time=17.49s
  -> New best KD student saved to experiments/8__class_aware_adaptive_alpha/checkpoints/student_classaware_alpha_seed999.pt
[Epoch 014] train_loss=0.3254, train_hard=0.5978, train_soft=0.2413, train_logit_mse=0.9015, train_feature_mse=0.0010, train_acc=0.8037, alpha_scalar=0.100, train_alpha_mean=0.211, val_acc=0.7703, val_macro_f1=0.5926, val_weighted_f1=0.7506, lr=0.000725, epoch_time=17.51s
  -> New best KD student saved to experiments/8__class_aware_adaptive_alpha/checkpoints/student_classaware_alpha_seed999.pt
[Epoch 015] train_loss=0.3180, train_hard=0.5894, train_soft=0.2343, train_logit_mse=0.8918, train_feature_mse=0.0010, train_acc=0.8049, alpha_scalar=0.100, train_alpha_mean=0.211, val_acc=0.7526, val_macro_f1=0.5599, val_weighted_f1=0.7261, lr=0.000714, epoch_time=17.43s
[Epoch 016] train_loss=0.3126, train_hard=0.5831, train_soft=0.2292, train_logit_mse=0.8828, train_feature_mse=0.0010, train_acc=0.8062, alpha_scalar=0.100, train_alpha_mean=0.211, val_acc=0.7593, val_macro_f1=0.5989, val_weighted_f1=0.7440, lr=0.000702, epoch_time=17.43s
  -> New best KD student saved to experiments/8__class_aware_adaptive_alpha/checkpoints/student_classaware_alpha_seed999.pt
[Epoch 017] train_loss=0.3085, train_hard=0.5810, train_soft=0.2249, train_logit_mse=0.8675, train_feature_mse=0.0010, train_acc=0.8077, alpha_scalar=0.100, train_alpha_mean=0.211, val_acc=0.7557, val_macro_f1=0.5919, val_weighted_f1=0.7361, lr=0.000691, epoch_time=17.61s
[Epoch 018] train_loss=0.3055, train_hard=0.5764, train_soft=0.2229, train_logit_mse=0.8559, train_feature_mse=0.0009, train_acc=0.8098, alpha_scalar=0.100, train_alpha_mean=0.211, val_acc=0.7483, val_macro_f1=0.5818, val_weighted_f1=0.7363, lr=0.000678, epoch_time=17.41s
[Epoch 019] train_loss=0.3011, train_hard=0.5734, train_soft=0.2182, train_logit_mse=0.8499, train_feature_mse=0.0009, train_acc=0.8086, alpha_scalar=0.100, train_alpha_mean=0.211, val_acc=0.7557, val_macro_f1=0.6090, val_weighted_f1=0.7458, lr=0.000665, epoch_time=17.53s
  -> New best KD student saved to experiments/8__class_aware_adaptive_alpha/checkpoints/student_classaware_alpha_seed999.pt
[Epoch 020] train_loss=0.2990, train_hard=0.5713, train_soft=0.2169, train_logit_mse=0.8383, train_feature_mse=0.0009, train_acc=0.8102, alpha_scalar=0.100, train_alpha_mean=0.211, val_acc=0.7587, val_macro_f1=0.6109, val_weighted_f1=0.7499, lr=0.000651, epoch_time=17.54s
  -> New best KD student saved to experiments/8__class_aware_adaptive_alpha/checkpoints/student_classaware_alpha_seed999.pt
[Epoch 021] train_loss=0.2943, train_hard=0.5675, train_soft=0.2118, train_logit_mse=0.8357, train_feature_mse=0.0009, train_acc=0.8152, alpha_scalar=0.100, train_alpha_mean=0.211, val_acc=0.7526, val_macro_f1=0.5865, val_weighted_f1=0.7386, lr=0.000637, epoch_time=17.46s
[Epoch 022] train_loss=0.2930, train_hard=0.5666, train_soft=0.2106, train_logit_mse=0.8238, train_feature_mse=0.0009, train_acc=0.8135, alpha_scalar=0.100, train_alpha_mean=0.211, val_acc=0.7453, val_macro_f1=0.5826, val_weighted_f1=0.7255, lr=0.000623, epoch_time=17.50s
[Epoch 023] train_loss=0.2869, train_hard=0.5617, train_soft=0.2047, train_logit_mse=0.8112, train_feature_mse=0.0009, train_acc=0.8158, alpha_scalar=0.100, train_alpha_mean=0.211, val_acc=0.7508, val_macro_f1=0.5874, val_weighted_f1=0.7331, lr=0.000608, epoch_time=17.58s
[Epoch 024] train_loss=0.2847, train_hard=0.5565, train_soft=0.2035, train_logit_mse=0.8121, train_feature_mse=0.0008, train_acc=0.8182, alpha_scalar=0.100, train_alpha_mean=0.211, val_acc=0.7648, val_macro_f1=0.6201, val_weighted_f1=0.7566, lr=0.000592, epoch_time=17.31s
  -> New best KD student saved to experiments/8__class_aware_adaptive_alpha/checkpoints/student_classaware_alpha_seed999.pt
[Epoch 025] train_loss=0.2808, train_hard=0.5521, train_soft=0.1999, train_logit_mse=0.7987, train_feature_mse=0.0008, train_acc=0.8169, alpha_scalar=0.100, train_alpha_mean=0.211, val_acc=0.7648, val_macro_f1=0.6320, val_weighted_f1=0.7603, lr=0.000576, epoch_time=17.46s
  -> New best KD student saved to experiments/8__class_aware_adaptive_alpha/checkpoints/student_classaware_alpha_seed999.pt
[Epoch 026] train_loss=0.2811, train_hard=0.5545, train_soft=0.1994, train_logit_mse=0.7925, train_feature_mse=0.0008, train_acc=0.8142, alpha_scalar=0.100, train_alpha_mean=0.211, val_acc=0.7624, val_macro_f1=0.6092, val_weighted_f1=0.7515, lr=0.000560, epoch_time=17.44s
[Epoch 027] train_loss=0.2773, train_hard=0.5491, train_soft=0.1963, train_logit_mse=0.7863, train_feature_mse=0.0008, train_acc=0.8186, alpha_scalar=0.100, train_alpha_mean=0.211, val_acc=0.7691, val_macro_f1=0.6045, val_weighted_f1=0.7559, lr=0.000544, epoch_time=17.48s
[Epoch 028] train_loss=0.2726, train_hard=0.5471, train_soft=0.1918, train_logit_mse=0.7696, train_feature_mse=0.0008, train_acc=0.8192, alpha_scalar=0.100, train_alpha_mean=0.211, val_acc=0.7618, val_macro_f1=0.6055, val_weighted_f1=0.7457, lr=0.000527, epoch_time=17.47s
[Epoch 029] train_loss=0.2672, train_hard=0.5409, train_soft=0.1866, train_logit_mse=0.7629, train_feature_mse=0.0008, train_acc=0.8194, alpha_scalar=0.100, train_alpha_mean=0.211, val_acc=0.7544, val_macro_f1=0.6045, val_weighted_f1=0.7447, lr=0.000510, epoch_time=17.50s
[Epoch 030] train_loss=0.2718, train_hard=0.5435, train_soft=0.1914, train_logit_mse=0.7708, train_feature_mse=0.0008, train_acc=0.8197, alpha_scalar=0.100, train_alpha_mean=0.211, val_acc=0.7563, val_macro_f1=0.6297, val_weighted_f1=0.7532, lr=0.000493, epoch_time=17.49s
[Epoch 031] train_loss=0.2680, train_hard=0.5421, train_soft=0.1875, train_logit_mse=0.7529, train_feature_mse=0.0008, train_acc=0.8198, alpha_scalar=0.100, train_alpha_mean=0.211, val_acc=0.7502, val_macro_f1=0.6204, val_weighted_f1=0.7450, lr=0.000476, epoch_time=17.34s
[Epoch 032] train_loss=0.2653, train_hard=0.5363, train_soft=0.1854, train_logit_mse=0.7560, train_feature_mse=0.0008, train_acc=0.8240, alpha_scalar=0.100, train_alpha_mean=0.211, val_acc=0.7605, val_macro_f1=0.6064, val_weighted_f1=0.7463, lr=0.000458, epoch_time=17.48s
[Epoch 033] train_loss=0.2600, train_hard=0.5319, train_soft=0.1807, train_logit_mse=0.7388, train_feature_mse=0.0008, train_acc=0.8244, alpha_scalar=0.100, train_alpha_mean=0.211, val_acc=0.7685, val_macro_f1=0.6192, val_weighted_f1=0.7564, lr=0.000440, epoch_time=17.44s
[Epoch 034] train_loss=0.2588, train_hard=0.5316, train_soft=0.1789, train_logit_mse=0.7435, train_feature_mse=0.0007, train_acc=0.8253, alpha_scalar=0.100, train_alpha_mean=0.211, val_acc=0.7709, val_macro_f1=0.6286, val_weighted_f1=0.7607, lr=0.000423, epoch_time=17.41s
[Epoch 035] train_loss=0.2592, train_hard=0.5325, train_soft=0.1795, train_logit_mse=0.7326, train_feature_mse=0.0007, train_acc=0.8222, alpha_scalar=0.100, train_alpha_mean=0.211, val_acc=0.7605, val_macro_f1=0.6167, val_weighted_f1=0.7494, lr=0.000405, epoch_time=17.43s
[Epoch 036] train_loss=0.2537, train_hard=0.5258, train_soft=0.1745, train_logit_mse=0.7349, train_feature_mse=0.0007, train_acc=0.8270, alpha_scalar=0.100, train_alpha_mean=0.211, val_acc=0.7673, val_macro_f1=0.6243, val_weighted_f1=0.7552, lr=0.000387, epoch_time=17.44s
[Epoch 037] train_loss=0.2558, train_hard=0.5272, train_soft=0.1764, train_logit_mse=0.7307, train_feature_mse=0.0007, train_acc=0.8243, alpha_scalar=0.100, train_alpha_mean=0.211, val_acc=0.7679, val_macro_f1=0.6338, val_weighted_f1=0.7612, lr=0.000370, epoch_time=17.57s
  -> New best KD student saved to experiments/8__class_aware_adaptive_alpha/checkpoints/student_classaware_alpha_seed999.pt
[Epoch 038] train_loss=0.2531, train_hard=0.5256, train_soft=0.1738, train_logit_mse=0.7266, train_feature_mse=0.0007, train_acc=0.8252, alpha_scalar=0.100, train_alpha_mean=0.211, val_acc=0.7624, val_macro_f1=0.6234, val_weighted_f1=0.7512, lr=0.000352, epoch_time=17.55s
[Epoch 039] train_loss=0.2507, train_hard=0.5199, train_soft=0.1723, train_logit_mse=0.7237, train_feature_mse=0.0007, train_acc=0.8278, alpha_scalar=0.100, train_alpha_mean=0.211, val_acc=0.7654, val_macro_f1=0.6110, val_weighted_f1=0.7514, lr=0.000334, epoch_time=17.56s
[Epoch 040] train_loss=0.2523, train_hard=0.5246, train_soft=0.1734, train_logit_mse=0.7261, train_feature_mse=0.0007, train_acc=0.8281, alpha_scalar=0.100, train_alpha_mean=0.211, val_acc=0.7557, val_macro_f1=0.6178, val_weighted_f1=0.7467, lr=0.000317, epoch_time=17.44s
[Epoch 041] train_loss=0.2457, train_hard=0.5186, train_soft=0.1674, train_logit_mse=0.7104, train_feature_mse=0.0007, train_acc=0.8302, alpha_scalar=0.100, train_alpha_mean=0.211, val_acc=0.7544, val_macro_f1=0.6258, val_weighted_f1=0.7482, lr=0.000300, epoch_time=17.51s
[Epoch 042] train_loss=0.2488, train_hard=0.5218, train_soft=0.1697, train_logit_mse=0.7170, train_feature_mse=0.0007, train_acc=0.8260, alpha_scalar=0.100, train_alpha_mean=0.211, val_acc=0.7563, val_macro_f1=0.6290, val_weighted_f1=0.7526, lr=0.000283, epoch_time=17.44s
[Epoch 043] train_loss=0.2453, train_hard=0.5163, train_soft=0.1667, train_logit_mse=0.7077, train_feature_mse=0.0007, train_acc=0.8294, alpha_scalar=0.100, train_alpha_mean=0.211, val_acc=0.7599, val_macro_f1=0.6247, val_weighted_f1=0.7509, lr=0.000266, epoch_time=17.46s
[Epoch 044] train_loss=0.2425, train_hard=0.5128, train_soft=0.1645, train_logit_mse=0.6997, train_feature_mse=0.0007, train_acc=0.8315, alpha_scalar=0.100, train_alpha_mean=0.211, val_acc=0.7618, val_macro_f1=0.6309, val_weighted_f1=0.7546, lr=0.000250, epoch_time=17.56s
[Epoch 045] train_loss=0.2445, train_hard=0.5167, train_soft=0.1659, train_logit_mse=0.7105, train_feature_mse=0.0007, train_acc=0.8280, alpha_scalar=0.100, train_alpha_mean=0.211, val_acc=0.7575, val_macro_f1=0.6217, val_weighted_f1=0.7485, lr=0.000234, epoch_time=17.43s
[Epoch 046] train_loss=0.2416, train_hard=0.5148, train_soft=0.1628, train_logit_mse=0.6970, train_feature_mse=0.0007, train_acc=0.8309, alpha_scalar=0.100, train_alpha_mean=0.211, val_acc=0.7654, val_macro_f1=0.6287, val_weighted_f1=0.7561, lr=0.000218, epoch_time=17.46s
[Epoch 047] train_loss=0.2441, train_hard=0.5162, train_soft=0.1661, train_logit_mse=0.7041, train_feature_mse=0.0007, train_acc=0.8307, alpha_scalar=0.100, train_alpha_mean=0.211, val_acc=0.7648, val_macro_f1=0.6271, val_weighted_f1=0.7558, lr=0.000202, epoch_time=17.47s
[Epoch 048] train_loss=0.2374, train_hard=0.5088, train_soft=0.1599, train_logit_mse=0.6875, train_feature_mse=0.0007, train_acc=0.8307, alpha_scalar=0.100, train_alpha_mean=0.211, val_acc=0.7679, val_macro_f1=0.6374, val_weighted_f1=0.7601, lr=0.000187, epoch_time=17.39s
  -> New best KD student saved to experiments/8__class_aware_adaptive_alpha/checkpoints/student_classaware_alpha_seed999.pt
[Epoch 049] train_loss=0.2384, train_hard=0.5116, train_soft=0.1599, train_logit_mse=0.6868, train_feature_mse=0.0007, train_acc=0.8326, alpha_scalar=0.100, train_alpha_mean=0.211, val_acc=0.7618, val_macro_f1=0.6227, val_weighted_f1=0.7491, lr=0.000173, epoch_time=17.51s
[Epoch 050] train_loss=0.2374, train_hard=0.5077, train_soft=0.1592, train_logit_mse=0.6967, train_feature_mse=0.0007, train_acc=0.8309, alpha_scalar=0.100, train_alpha_mean=0.211, val_acc=0.7581, val_macro_f1=0.6266, val_weighted_f1=0.7509, lr=0.000159, epoch_time=17.39s
[Epoch 051] train_loss=0.2346, train_hard=0.5052, train_soft=0.1572, train_logit_mse=0.6854, train_feature_mse=0.0007, train_acc=0.8335, alpha_scalar=0.100, train_alpha_mean=0.211, val_acc=0.7605, val_macro_f1=0.6264, val_weighted_f1=0.7523, lr=0.000145, epoch_time=17.61s
[Epoch 052] train_loss=0.2353, train_hard=0.5056, train_soft=0.1579, train_logit_mse=0.6789, train_feature_mse=0.0007, train_acc=0.8334, alpha_scalar=0.100, train_alpha_mean=0.211, val_acc=0.7587, val_macro_f1=0.6240, val_weighted_f1=0.7497, lr=0.000132, epoch_time=17.55s
[Epoch 053] train_loss=0.2370, train_hard=0.5066, train_soft=0.1595, train_logit_mse=0.6892, train_feature_mse=0.0007, train_acc=0.8336, alpha_scalar=0.100, train_alpha_mean=0.211, val_acc=0.7593, val_macro_f1=0.6185, val_weighted_f1=0.7496, lr=0.000119, epoch_time=17.49s
[Epoch 054] train_loss=0.2344, train_hard=0.5049, train_soft=0.1568, train_logit_mse=0.6778, train_feature_mse=0.0007, train_acc=0.8331, alpha_scalar=0.100, train_alpha_mean=0.211, val_acc=0.7593, val_macro_f1=0.6289, val_weighted_f1=0.7524, lr=0.000108, epoch_time=17.59s
[Epoch 055] train_loss=0.2327, train_hard=0.5026, train_soft=0.1557, train_logit_mse=0.6728, train_feature_mse=0.0006, train_acc=0.8357, alpha_scalar=0.100, train_alpha_mean=0.211, val_acc=0.7569, val_macro_f1=0.6257, val_weighted_f1=0.7498, lr=0.000096, epoch_time=17.56s
[Epoch 056] train_loss=0.2349, train_hard=0.5078, train_soft=0.1570, train_logit_mse=0.6815, train_feature_mse=0.0006, train_acc=0.8340, alpha_scalar=0.100, train_alpha_mean=0.211, val_acc=0.7587, val_macro_f1=0.6226, val_weighted_f1=0.7506, lr=0.000085, epoch_time=17.39s
[Epoch 057] train_loss=0.2324, train_hard=0.5039, train_soft=0.1549, train_logit_mse=0.6777, train_feature_mse=0.0006, train_acc=0.8338, alpha_scalar=0.100, train_alpha_mean=0.211, val_acc=0.7587, val_macro_f1=0.6225, val_weighted_f1=0.7499, lr=0.000075, epoch_time=17.72s
[Epoch 058] train_loss=0.2329, train_hard=0.5021, train_soft=0.1559, train_logit_mse=0.6765, train_feature_mse=0.0006, train_acc=0.8358, alpha_scalar=0.100, train_alpha_mean=0.211, val_acc=0.7618, val_macro_f1=0.6258, val_weighted_f1=0.7534, lr=0.000066, epoch_time=17.54s
[Epoch 059] train_loss=0.2306, train_hard=0.5038, train_soft=0.1526, train_logit_mse=0.6713, train_feature_mse=0.0006, train_acc=0.8341, alpha_scalar=0.100, train_alpha_mean=0.211, val_acc=0.7630, val_macro_f1=0.6306, val_weighted_f1=0.7557, lr=0.000057, epoch_time=17.44s
[Epoch 060] train_loss=0.2285, train_hard=0.4996, train_soft=0.1515, train_logit_mse=0.6688, train_feature_mse=0.0006, train_acc=0.8369, alpha_scalar=0.100, train_alpha_mean=0.211, val_acc=0.7599, val_macro_f1=0.6302, val_weighted_f1=0.7530, lr=0.000049, epoch_time=17.51s
[Epoch 061] train_loss=0.2312, train_hard=0.5003, train_soft=0.1543, train_logit_mse=0.6741, train_feature_mse=0.0006, train_acc=0.8353, alpha_scalar=0.100, train_alpha_mean=0.211, val_acc=0.7581, val_macro_f1=0.6239, val_weighted_f1=0.7488, lr=0.000042, epoch_time=17.49s
[Epoch 062] train_loss=0.2280, train_hard=0.4987, train_soft=0.1512, train_logit_mse=0.6675, train_feature_mse=0.0006, train_acc=0.8376, alpha_scalar=0.100, train_alpha_mean=0.211, val_acc=0.7544, val_macro_f1=0.6224, val_weighted_f1=0.7469, lr=0.000035, epoch_time=17.43s
[Epoch 063] train_loss=0.2292, train_hard=0.4985, train_soft=0.1520, train_logit_mse=0.6691, train_feature_mse=0.0006, train_acc=0.8365, alpha_scalar=0.100, train_alpha_mean=0.211, val_acc=0.7575, val_macro_f1=0.6250, val_weighted_f1=0.7501, lr=0.000029, epoch_time=17.47s
Early stopping triggered.
Loaded best KD student checkpoint for final test evaluation.
Best validation macro-F1: 0.6374
Best epoch: 48
Time to best model: 844.11 seconds
Checkpoint size (MB): 0.178
Student size: medium
Teacher used: experiments/1__kd_vs_baseline/checkpoints/teacher_cnn_seed999.pt
Teacher arch: TeacherCNN
Teacher size: large
Checkpoint seed: 999
Alpha mode: classwise_adaptive
Test accuracy (KD student): 0.7727
Test macro-F1 (KD student): 0.6225
Test weighted-F1 (KD student): 0.7646
Test classification report:
              precision    recall  f1-score   support

           0       0.85      0.69      0.76       184
           1       0.15      0.14      0.15        56
           2       0.81      0.57      0.67       256
           3       0.79      0.92      0.85       912
           4       0.75      0.63      0.68       242

    accuracy                           0.77      1650
   macro avg       0.67      0.59      0.62      1650
weighted avg       0.77      0.77      0.76      1650

Test confusion matrix:
[[127   6   5  42   4]
 [  1   8   3  38   6]
 [  6   3 145  81  21]
 [ 12  22  16 843  19]
 [  3  13  11  63 152]]
Inference latency: 1.4619 ms/sample
Parsed metrics for seed 999:
  Accuracy    = 0.7727
  Macro-F1    = 0.6225
  Weighted-F1 = 0.7646

===== EXPERIMENT 8B: CLASS-AWARE ADAPTIVE ALPHA SUMMARY =====
Seeds        : 42 123 999
Accuracy     : 0.7754 ± 0.0074
Macro F1     : 0.6234 ± 0.0033
Weighted F1  : 0.7656 ± 0.0044

Finished: Tue Mar 31 20:44:09 BST 2026
