Using device: cuda
Seed: 999
Deterministic mode: True
Deterministic warn_only: True
Baseline hyperparameters: class_weight_gamma=0.00, sampler_power=0.35, label_smoothing=0.000, student_size=medium
Training: batch_size=64, lr=0.0008, epochs=70, patience=15, weight_decay=0.002, grad_clip=1.0, num_workers=2, disable_augmentation=True, use_weighted_sampler=False
Student checkpoint path: experiments/7__augmentation_ablation/checkpoints/studentbaseline_noaug_seed999.pt
Training set size: 12957
Validation set size: 1637
Test set size: 1650
Number of leads: 12 classes: 5
Classes: ['CD' 'HYP' 'MI' 'NORM' 'STTC']
Trainable parameters: 12809
Total parameters: 12809
Estimated model size (MB): 0.051
Class weights: [1. 1. 1. 1. 1.]
Training sampler: standard shuffled loader
[Epoch 001] train_loss=1.0824, train_acc=0.5997, val_acc=0.6659, val_macro_f1=0.3870, val_weighted_f1=0.5989, lr=0.000800, epoch_time=4.82s
  -> New best baseline student saved to experiments/7__augmentation_ablation/checkpoints/studentbaseline_noaug_seed999.pt
[Epoch 002] train_loss=0.8596, train_acc=0.6958, val_acc=0.6915, val_macro_f1=0.4421, val_weighted_f1=0.6420, lr=0.000798, epoch_time=4.05s
  -> New best baseline student saved to experiments/7__augmentation_ablation/checkpoints/studentbaseline_noaug_seed999.pt
[Epoch 003] train_loss=0.7805, train_acc=0.7310, val_acc=0.7208, val_macro_f1=0.5050, val_weighted_f1=0.6902, lr=0.000796, epoch_time=4.14s
  -> New best baseline student saved to experiments/7__augmentation_ablation/checkpoints/studentbaseline_noaug_seed999.pt
[Epoch 004] train_loss=0.7205, train_acc=0.7588, val_acc=0.7343, val_macro_f1=0.5286, val_weighted_f1=0.7097, lr=0.000794, epoch_time=4.01s
  -> New best baseline student saved to experiments/7__augmentation_ablation/checkpoints/studentbaseline_noaug_seed999.pt
[Epoch 005] train_loss=0.6867, train_acc=0.7699, val_acc=0.7190, val_macro_f1=0.4891, val_weighted_f1=0.6756, lr=0.000790, epoch_time=4.05s
[Epoch 006] train_loss=0.6693, train_acc=0.7797, val_acc=0.7428, val_macro_f1=0.5346, val_weighted_f1=0.7174, lr=0.000786, epoch_time=4.06s
  -> New best baseline student saved to experiments/7__augmentation_ablation/checkpoints/studentbaseline_noaug_seed999.pt
[Epoch 007] train_loss=0.6491, train_acc=0.7824, val_acc=0.7343, val_macro_f1=0.5170, val_weighted_f1=0.6963, lr=0.000781, epoch_time=4.10s
[Epoch 008] train_loss=0.6414, train_acc=0.7872, val_acc=0.7483, val_macro_f1=0.5454, val_weighted_f1=0.7219, lr=0.000775, epoch_time=4.09s
  -> New best baseline student saved to experiments/7__augmentation_ablation/checkpoints/studentbaseline_noaug_seed999.pt
[Epoch 009] train_loss=0.6273, train_acc=0.7932, val_acc=0.7483, val_macro_f1=0.5505, val_weighted_f1=0.7267, lr=0.000768, epoch_time=4.11s
  -> New best baseline student saved to experiments/7__augmentation_ablation/checkpoints/studentbaseline_noaug_seed999.pt
[Epoch 010] train_loss=0.6252, train_acc=0.7928, val_acc=0.7544, val_macro_f1=0.5594, val_weighted_f1=0.7333, lr=0.000761, epoch_time=4.09s
  -> New best baseline student saved to experiments/7__augmentation_ablation/checkpoints/studentbaseline_noaug_seed999.pt
[Epoch 011] train_loss=0.6197, train_acc=0.7969, val_acc=0.7318, val_macro_f1=0.5156, val_weighted_f1=0.6948, lr=0.000753, epoch_time=4.03s
[Epoch 012] train_loss=0.6083, train_acc=0.7977, val_acc=0.7495, val_macro_f1=0.5478, val_weighted_f1=0.7236, lr=0.000744, epoch_time=4.09s
[Epoch 013] train_loss=0.5995, train_acc=0.7988, val_acc=0.7618, val_macro_f1=0.5705, val_weighted_f1=0.7417, lr=0.000735, epoch_time=4.07s
  -> New best baseline student saved to experiments/7__augmentation_ablation/checkpoints/studentbaseline_noaug_seed999.pt
[Epoch 014] train_loss=0.6015, train_acc=0.7995, val_acc=0.7416, val_macro_f1=0.5283, val_weighted_f1=0.7072, lr=0.000725, epoch_time=4.04s
[Epoch 015] train_loss=0.5985, train_acc=0.7993, val_acc=0.7489, val_macro_f1=0.5600, val_weighted_f1=0.7325, lr=0.000714, epoch_time=4.01s
[Epoch 016] train_loss=0.5912, train_acc=0.8050, val_acc=0.7520, val_macro_f1=0.5592, val_weighted_f1=0.7306, lr=0.000702, epoch_time=4.08s
[Epoch 017] train_loss=0.5876, train_acc=0.8044, val_acc=0.7483, val_macro_f1=0.5513, val_weighted_f1=0.7269, lr=0.000691, epoch_time=4.08s
[Epoch 018] train_loss=0.5800, train_acc=0.8044, val_acc=0.7514, val_macro_f1=0.5474, val_weighted_f1=0.7250, lr=0.000678, epoch_time=4.07s
[Epoch 019] train_loss=0.5762, train_acc=0.8054, val_acc=0.7477, val_macro_f1=0.5462, val_weighted_f1=0.7190, lr=0.000665, epoch_time=4.06s
[Epoch 020] train_loss=0.5671, train_acc=0.8115, val_acc=0.7575, val_macro_f1=0.5542, val_weighted_f1=0.7276, lr=0.000651, epoch_time=4.05s
[Epoch 021] train_loss=0.5677, train_acc=0.8061, val_acc=0.7550, val_macro_f1=0.5521, val_weighted_f1=0.7268, lr=0.000637, epoch_time=4.03s
[Epoch 022] train_loss=0.5671, train_acc=0.8105, val_acc=0.7599, val_macro_f1=0.5644, val_weighted_f1=0.7379, lr=0.000623, epoch_time=4.06s
[Epoch 023] train_loss=0.5587, train_acc=0.8118, val_acc=0.7502, val_macro_f1=0.5452, val_weighted_f1=0.7195, lr=0.000608, epoch_time=4.05s
[Epoch 024] train_loss=0.5593, train_acc=0.8107, val_acc=0.7630, val_macro_f1=0.5616, val_weighted_f1=0.7350, lr=0.000592, epoch_time=4.06s
[Epoch 025] train_loss=0.5502, train_acc=0.8116, val_acc=0.7673, val_macro_f1=0.5701, val_weighted_f1=0.7423, lr=0.000576, epoch_time=4.03s
[Epoch 026] train_loss=0.5482, train_acc=0.8155, val_acc=0.7593, val_macro_f1=0.5561, val_weighted_f1=0.7315, lr=0.000560, epoch_time=4.09s
[Epoch 027] train_loss=0.5464, train_acc=0.8162, val_acc=0.7691, val_macro_f1=0.5744, val_weighted_f1=0.7461, lr=0.000544, epoch_time=4.09s
  -> New best baseline student saved to experiments/7__augmentation_ablation/checkpoints/studentbaseline_noaug_seed999.pt
[Epoch 028] train_loss=0.5449, train_acc=0.8149, val_acc=0.7563, val_macro_f1=0.5599, val_weighted_f1=0.7328, lr=0.000527, epoch_time=4.10s
[Epoch 029] train_loss=0.5407, train_acc=0.8149, val_acc=0.7581, val_macro_f1=0.5552, val_weighted_f1=0.7299, lr=0.000510, epoch_time=4.08s
[Epoch 030] train_loss=0.5352, train_acc=0.8192, val_acc=0.7636, val_macro_f1=0.5661, val_weighted_f1=0.7396, lr=0.000493, epoch_time=4.03s
[Epoch 031] train_loss=0.5302, train_acc=0.8204, val_acc=0.7636, val_macro_f1=0.5691, val_weighted_f1=0.7401, lr=0.000476, epoch_time=4.05s
[Epoch 032] train_loss=0.5255, train_acc=0.8221, val_acc=0.7618, val_macro_f1=0.5702, val_weighted_f1=0.7370, lr=0.000458, epoch_time=4.08s
[Epoch 033] train_loss=0.5307, train_acc=0.8204, val_acc=0.7630, val_macro_f1=0.5637, val_weighted_f1=0.7358, lr=0.000440, epoch_time=4.02s
[Epoch 034] train_loss=0.5224, train_acc=0.8244, val_acc=0.7630, val_macro_f1=0.5652, val_weighted_f1=0.7371, lr=0.000423, epoch_time=4.06s
[Epoch 035] train_loss=0.5249, train_acc=0.8236, val_acc=0.7679, val_macro_f1=0.5758, val_weighted_f1=0.7434, lr=0.000405, epoch_time=3.98s
  -> New best baseline student saved to experiments/7__augmentation_ablation/checkpoints/studentbaseline_noaug_seed999.pt
[Epoch 036] train_loss=0.5156, train_acc=0.8252, val_acc=0.7648, val_macro_f1=0.5692, val_weighted_f1=0.7375, lr=0.000387, epoch_time=4.05s
[Epoch 037] train_loss=0.5093, train_acc=0.8267, val_acc=0.7605, val_macro_f1=0.5593, val_weighted_f1=0.7330, lr=0.000370, epoch_time=4.09s
[Epoch 038] train_loss=0.5138, train_acc=0.8284, val_acc=0.7666, val_macro_f1=0.5720, val_weighted_f1=0.7426, lr=0.000352, epoch_time=4.15s
[Epoch 039] train_loss=0.5074, train_acc=0.8316, val_acc=0.7599, val_macro_f1=0.5641, val_weighted_f1=0.7328, lr=0.000334, epoch_time=4.05s
[Epoch 040] train_loss=0.5049, train_acc=0.8313, val_acc=0.7679, val_macro_f1=0.5705, val_weighted_f1=0.7435, lr=0.000317, epoch_time=4.00s
[Epoch 041] train_loss=0.5100, train_acc=0.8294, val_acc=0.7648, val_macro_f1=0.5683, val_weighted_f1=0.7404, lr=0.000300, epoch_time=4.09s
[Epoch 042] train_loss=0.5025, train_acc=0.8325, val_acc=0.7618, val_macro_f1=0.5599, val_weighted_f1=0.7333, lr=0.000283, epoch_time=4.07s
[Epoch 043] train_loss=0.4994, train_acc=0.8307, val_acc=0.7666, val_macro_f1=0.5753, val_weighted_f1=0.7420, lr=0.000266, epoch_time=4.04s
[Epoch 044] train_loss=0.4998, train_acc=0.8310, val_acc=0.7618, val_macro_f1=0.5605, val_weighted_f1=0.7334, lr=0.000250, epoch_time=4.11s
[Epoch 045] train_loss=0.5000, train_acc=0.8291, val_acc=0.7636, val_macro_f1=0.5614, val_weighted_f1=0.7359, lr=0.000234, epoch_time=4.06s
[Epoch 046] train_loss=0.4948, train_acc=0.8319, val_acc=0.7642, val_macro_f1=0.5617, val_weighted_f1=0.7363, lr=0.000218, epoch_time=4.02s
[Epoch 047] train_loss=0.4960, train_acc=0.8333, val_acc=0.7648, val_macro_f1=0.5652, val_weighted_f1=0.7394, lr=0.000202, epoch_time=4.04s
[Epoch 048] train_loss=0.4897, train_acc=0.8341, val_acc=0.7605, val_macro_f1=0.5609, val_weighted_f1=0.7346, lr=0.000187, epoch_time=4.13s
[Epoch 049] train_loss=0.4913, train_acc=0.8365, val_acc=0.7697, val_macro_f1=0.5731, val_weighted_f1=0.7450, lr=0.000173, epoch_time=4.05s
[Epoch 050] train_loss=0.4903, train_acc=0.8337, val_acc=0.7599, val_macro_f1=0.5640, val_weighted_f1=0.7366, lr=0.000159, epoch_time=4.08s
Early stopping triggered.
Loaded best baseline student checkpoint for final test evaluation.
Best validation macro-F1: 0.5758
Best epoch: 35
Time to best model: 147.69 seconds
Checkpoint size (MB): 0.078
Student size: medium
Checkpoint seed: 999
Test accuracy (baseline student): 0.7661
Test macro-F1 (baseline student): 0.5720
Test weighted-F1 (baseline student): 0.7423
Test classification report:
              precision    recall  f1-score   support

           0       0.87      0.64      0.73       184
           1       0.00      0.00      0.00        56
           2       0.77      0.52      0.62       256
           3       0.76      0.95      0.85       912
           4       0.72      0.62      0.66       242

    accuracy                           0.77      1650
   macro avg       0.62      0.54      0.57      1650
weighted avg       0.74      0.77      0.74      1650

Test confusion matrix:
[[117   0   4  57   6]
 [  2   0   2  47   5]
 [  6   0 132  92  26]
 [  6   0  19 866  21]
 [  4   0  15  74 149]]
Inference latency: 1.4355 ms/sample
