Using device: cuda
Seed: 42
Deterministic mode: True
Deterministic warn_only: True
Baseline hyperparameters: class_weight_gamma=0.00, sampler_power=0.35, label_smoothing=0.000, student_size=medium
Training: batch_size=64, lr=0.0008, epochs=70, patience=15, weight_decay=0.002, grad_clip=1.0, num_workers=2, disable_augmentation=False, use_weighted_sampler=False
Student checkpoint path: experiments/7__augmentation_ablation/checkpoints/studentbaseline_aug_seed42.pt
Training set size: 12957
Validation set size: 1637
Test set size: 1650
Number of leads: 12 classes: 5
Classes: ['CD' 'HYP' 'MI' 'NORM' 'STTC']
Trainable parameters: 12809
Total parameters: 12809
Estimated model size (MB): 0.051
Class weights: [1. 1. 1. 1. 1.]
Training sampler: standard shuffled loader
[Epoch 001] train_loss=1.1186, train_acc=0.5889, val_acc=0.6628, val_macro_f1=0.4014, val_weighted_f1=0.6074, lr=0.000800, epoch_time=16.81s
  -> New best baseline student saved to experiments/7__augmentation_ablation/checkpoints/studentbaseline_aug_seed42.pt
[Epoch 002] train_loss=0.8576, train_acc=0.7036, val_acc=0.7080, val_macro_f1=0.4823, val_weighted_f1=0.6723, lr=0.000798, epoch_time=16.29s
  -> New best baseline student saved to experiments/7__augmentation_ablation/checkpoints/studentbaseline_aug_seed42.pt
[Epoch 003] train_loss=0.7727, train_acc=0.7389, val_acc=0.7227, val_macro_f1=0.4959, val_weighted_f1=0.6847, lr=0.000796, epoch_time=16.15s
  -> New best baseline student saved to experiments/7__augmentation_ablation/checkpoints/studentbaseline_aug_seed42.pt
[Epoch 004] train_loss=0.7273, train_acc=0.7567, val_acc=0.7233, val_macro_f1=0.5034, val_weighted_f1=0.6847, lr=0.000794, epoch_time=16.07s
  -> New best baseline student saved to experiments/7__augmentation_ablation/checkpoints/studentbaseline_aug_seed42.pt
[Epoch 005] train_loss=0.6993, train_acc=0.7645, val_acc=0.7276, val_macro_f1=0.5091, val_weighted_f1=0.6912, lr=0.000790, epoch_time=16.09s
  -> New best baseline student saved to experiments/7__augmentation_ablation/checkpoints/studentbaseline_aug_seed42.pt
[Epoch 006] train_loss=0.6887, train_acc=0.7680, val_acc=0.7349, val_macro_f1=0.5170, val_weighted_f1=0.7049, lr=0.000786, epoch_time=16.24s
  -> New best baseline student saved to experiments/7__augmentation_ablation/checkpoints/studentbaseline_aug_seed42.pt
[Epoch 007] train_loss=0.6739, train_acc=0.7743, val_acc=0.7422, val_macro_f1=0.5282, val_weighted_f1=0.7096, lr=0.000781, epoch_time=16.13s
  -> New best baseline student saved to experiments/7__augmentation_ablation/checkpoints/studentbaseline_aug_seed42.pt
[Epoch 008] train_loss=0.6627, train_acc=0.7802, val_acc=0.7422, val_macro_f1=0.5282, val_weighted_f1=0.7087, lr=0.000775, epoch_time=16.16s
  -> New best baseline student saved to experiments/7__augmentation_ablation/checkpoints/studentbaseline_aug_seed42.pt
[Epoch 009] train_loss=0.6488, train_acc=0.7830, val_acc=0.7514, val_macro_f1=0.5465, val_weighted_f1=0.7223, lr=0.000768, epoch_time=16.09s
  -> New best baseline student saved to experiments/7__augmentation_ablation/checkpoints/studentbaseline_aug_seed42.pt
[Epoch 010] train_loss=0.6424, train_acc=0.7850, val_acc=0.7318, val_macro_f1=0.5182, val_weighted_f1=0.6988, lr=0.000761, epoch_time=16.13s
[Epoch 011] train_loss=0.6373, train_acc=0.7868, val_acc=0.7477, val_macro_f1=0.5346, val_weighted_f1=0.7196, lr=0.000753, epoch_time=16.05s
[Epoch 012] train_loss=0.6265, train_acc=0.7904, val_acc=0.7538, val_macro_f1=0.5507, val_weighted_f1=0.7264, lr=0.000744, epoch_time=16.15s
  -> New best baseline student saved to experiments/7__augmentation_ablation/checkpoints/studentbaseline_aug_seed42.pt
[Epoch 013] train_loss=0.6258, train_acc=0.7901, val_acc=0.7477, val_macro_f1=0.5483, val_weighted_f1=0.7220, lr=0.000735, epoch_time=16.10s
[Epoch 014] train_loss=0.6175, train_acc=0.7891, val_acc=0.7520, val_macro_f1=0.5466, val_weighted_f1=0.7215, lr=0.000725, epoch_time=16.12s
[Epoch 015] train_loss=0.6133, train_acc=0.7937, val_acc=0.7453, val_macro_f1=0.5523, val_weighted_f1=0.7236, lr=0.000714, epoch_time=16.10s
  -> New best baseline student saved to experiments/7__augmentation_ablation/checkpoints/studentbaseline_aug_seed42.pt
[Epoch 016] train_loss=0.6119, train_acc=0.7935, val_acc=0.7392, val_macro_f1=0.5318, val_weighted_f1=0.7063, lr=0.000702, epoch_time=16.03s
[Epoch 017] train_loss=0.6076, train_acc=0.7976, val_acc=0.7544, val_macro_f1=0.5554, val_weighted_f1=0.7290, lr=0.000691, epoch_time=16.17s
  -> New best baseline student saved to experiments/7__augmentation_ablation/checkpoints/studentbaseline_aug_seed42.pt
[Epoch 018] train_loss=0.5949, train_acc=0.8024, val_acc=0.7453, val_macro_f1=0.5383, val_weighted_f1=0.7139, lr=0.000678, epoch_time=15.93s
[Epoch 019] train_loss=0.5981, train_acc=0.8018, val_acc=0.7544, val_macro_f1=0.5518, val_weighted_f1=0.7263, lr=0.000665, epoch_time=15.97s
[Epoch 020] train_loss=0.5919, train_acc=0.8038, val_acc=0.7392, val_macro_f1=0.5276, val_weighted_f1=0.7058, lr=0.000651, epoch_time=15.94s
[Epoch 021] train_loss=0.5884, train_acc=0.8025, val_acc=0.7459, val_macro_f1=0.5377, val_weighted_f1=0.7150, lr=0.000637, epoch_time=16.02s
[Epoch 022] train_loss=0.5886, train_acc=0.8067, val_acc=0.7404, val_macro_f1=0.5293, val_weighted_f1=0.7057, lr=0.000623, epoch_time=16.02s
[Epoch 023] train_loss=0.5817, train_acc=0.8054, val_acc=0.7526, val_macro_f1=0.5484, val_weighted_f1=0.7235, lr=0.000608, epoch_time=16.14s
[Epoch 024] train_loss=0.5785, train_acc=0.8074, val_acc=0.7654, val_macro_f1=0.5671, val_weighted_f1=0.7416, lr=0.000592, epoch_time=16.01s
  -> New best baseline student saved to experiments/7__augmentation_ablation/checkpoints/studentbaseline_aug_seed42.pt
[Epoch 025] train_loss=0.5780, train_acc=0.8047, val_acc=0.7282, val_macro_f1=0.5097, val_weighted_f1=0.6871, lr=0.000576, epoch_time=16.22s
[Epoch 026] train_loss=0.5690, train_acc=0.8077, val_acc=0.7477, val_macro_f1=0.5414, val_weighted_f1=0.7170, lr=0.000560, epoch_time=16.09s
[Epoch 027] train_loss=0.5716, train_acc=0.8064, val_acc=0.7526, val_macro_f1=0.5458, val_weighted_f1=0.7213, lr=0.000544, epoch_time=16.00s
[Epoch 028] train_loss=0.5642, train_acc=0.8128, val_acc=0.7471, val_macro_f1=0.5431, val_weighted_f1=0.7165, lr=0.000527, epoch_time=16.10s
[Epoch 029] train_loss=0.5625, train_acc=0.8114, val_acc=0.7447, val_macro_f1=0.5341, val_weighted_f1=0.7123, lr=0.000510, epoch_time=15.97s
[Epoch 030] train_loss=0.5611, train_acc=0.8108, val_acc=0.7495, val_macro_f1=0.5407, val_weighted_f1=0.7198, lr=0.000493, epoch_time=16.11s
[Epoch 031] train_loss=0.5582, train_acc=0.8124, val_acc=0.7459, val_macro_f1=0.5397, val_weighted_f1=0.7165, lr=0.000476, epoch_time=15.92s
[Epoch 032] train_loss=0.5570, train_acc=0.8118, val_acc=0.7642, val_macro_f1=0.5711, val_weighted_f1=0.7441, lr=0.000458, epoch_time=16.09s
  -> New best baseline student saved to experiments/7__augmentation_ablation/checkpoints/studentbaseline_aug_seed42.pt
[Epoch 033] train_loss=0.5525, train_acc=0.8152, val_acc=0.7593, val_macro_f1=0.5587, val_weighted_f1=0.7313, lr=0.000440, epoch_time=15.97s
[Epoch 034] train_loss=0.5502, train_acc=0.8153, val_acc=0.7544, val_macro_f1=0.5545, val_weighted_f1=0.7269, lr=0.000423, epoch_time=15.96s
[Epoch 035] train_loss=0.5463, train_acc=0.8199, val_acc=0.7495, val_macro_f1=0.5431, val_weighted_f1=0.7179, lr=0.000405, epoch_time=16.29s
[Epoch 036] train_loss=0.5442, train_acc=0.8179, val_acc=0.7581, val_macro_f1=0.5575, val_weighted_f1=0.7316, lr=0.000387, epoch_time=16.09s
[Epoch 037] train_loss=0.5445, train_acc=0.8168, val_acc=0.7575, val_macro_f1=0.5590, val_weighted_f1=0.7314, lr=0.000370, epoch_time=16.03s
[Epoch 038] train_loss=0.5381, train_acc=0.8177, val_acc=0.7605, val_macro_f1=0.5551, val_weighted_f1=0.7315, lr=0.000352, epoch_time=16.14s
[Epoch 039] train_loss=0.5393, train_acc=0.8183, val_acc=0.7532, val_macro_f1=0.5474, val_weighted_f1=0.7246, lr=0.000334, epoch_time=16.04s
[Epoch 040] train_loss=0.5360, train_acc=0.8217, val_acc=0.7544, val_macro_f1=0.5496, val_weighted_f1=0.7247, lr=0.000317, epoch_time=16.08s
[Epoch 041] train_loss=0.5382, train_acc=0.8190, val_acc=0.7654, val_macro_f1=0.5703, val_weighted_f1=0.7412, lr=0.000300, epoch_time=16.06s
[Epoch 042] train_loss=0.5309, train_acc=0.8229, val_acc=0.7520, val_macro_f1=0.5456, val_weighted_f1=0.7214, lr=0.000283, epoch_time=15.96s
[Epoch 043] train_loss=0.5271, train_acc=0.8224, val_acc=0.7611, val_macro_f1=0.5625, val_weighted_f1=0.7343, lr=0.000266, epoch_time=16.19s
[Epoch 044] train_loss=0.5257, train_acc=0.8235, val_acc=0.7605, val_macro_f1=0.5628, val_weighted_f1=0.7350, lr=0.000250, epoch_time=16.03s
[Epoch 045] train_loss=0.5225, train_acc=0.8260, val_acc=0.7550, val_macro_f1=0.5519, val_weighted_f1=0.7259, lr=0.000234, epoch_time=16.07s
[Epoch 046] train_loss=0.5219, train_acc=0.8248, val_acc=0.7508, val_macro_f1=0.5462, val_weighted_f1=0.7229, lr=0.000218, epoch_time=16.05s
[Epoch 047] train_loss=0.5187, train_acc=0.8253, val_acc=0.7550, val_macro_f1=0.5518, val_weighted_f1=0.7277, lr=0.000202, epoch_time=16.05s
Early stopping triggered.
Loaded best baseline student checkpoint for final test evaluation.
Best validation macro-F1: 0.5711
Best epoch: 32
Time to best model: 515.58 seconds
Checkpoint size (MB): 0.078
Student size: medium
Checkpoint seed: 42
Test accuracy (baseline student): 0.7721
Test macro-F1 (baseline student): 0.5818
Test weighted-F1 (baseline student): 0.7547
Test classification report:
              precision    recall  f1-score   support

           0       0.73      0.68      0.71       184
           1       0.00      0.00      0.00        56
           2       0.67      0.65      0.66       256
           3       0.81      0.91      0.86       912
           4       0.74      0.63      0.68       242

    accuracy                           0.77      1650
   macro avg       0.59      0.58      0.58      1650
weighted avg       0.74      0.77      0.75      1650

Test confusion matrix:
[[126   0   9  42   7]
 [  6   0   2  42   6]
 [ 13   0 167  54  22]
 [ 20   0  46 828  18]
 [  7   0  24  58 153]]
Inference latency: 1.7644 ms/sample
