Using device: cuda
Seed: 123
Deterministic mode: True
Deterministic warn_only: True
Baseline hyperparameters: class_weight_gamma=0.00, sampler_power=0.35, label_smoothing=0.000, student_size=medium
Training: batch_size=64, lr=0.0008, epochs=70, patience=15, weight_decay=0.002, grad_clip=1.0, num_workers=2, disable_augmentation=False, use_weighted_sampler=False
Student checkpoint path: experiments/7__augmentation_ablation/checkpoints/studentbaseline_aug_seed123.pt
Training set size: 12957
Validation set size: 1637
Test set size: 1650
Number of leads: 12 classes: 5
Classes: ['CD' 'HYP' 'MI' 'NORM' 'STTC']
Trainable parameters: 12809
Total parameters: 12809
Estimated model size (MB): 0.051
Class weights: [1. 1. 1. 1. 1.]
Training sampler: standard shuffled loader
[Epoch 001] train_loss=1.0941, train_acc=0.5986, val_acc=0.6738, val_macro_f1=0.4189, val_weighted_f1=0.6264, lr=0.000800, epoch_time=16.72s
  -> New best baseline student saved to experiments/7__augmentation_ablation/checkpoints/studentbaseline_aug_seed123.pt
[Epoch 002] train_loss=0.8627, train_acc=0.6911, val_acc=0.7007, val_macro_f1=0.4572, val_weighted_f1=0.6559, lr=0.000798, epoch_time=16.05s
  -> New best baseline student saved to experiments/7__augmentation_ablation/checkpoints/studentbaseline_aug_seed123.pt
[Epoch 003] train_loss=0.7709, train_acc=0.7354, val_acc=0.7196, val_macro_f1=0.4907, val_weighted_f1=0.6796, lr=0.000796, epoch_time=16.06s
  -> New best baseline student saved to experiments/7__augmentation_ablation/checkpoints/studentbaseline_aug_seed123.pt
[Epoch 004] train_loss=0.7137, train_acc=0.7623, val_acc=0.7294, val_macro_f1=0.5220, val_weighted_f1=0.7029, lr=0.000794, epoch_time=16.22s
  -> New best baseline student saved to experiments/7__augmentation_ablation/checkpoints/studentbaseline_aug_seed123.pt
[Epoch 005] train_loss=0.6847, train_acc=0.7712, val_acc=0.7373, val_macro_f1=0.5221, val_weighted_f1=0.7038, lr=0.000790, epoch_time=16.09s
  -> New best baseline student saved to experiments/7__augmentation_ablation/checkpoints/studentbaseline_aug_seed123.pt
[Epoch 006] train_loss=0.6686, train_acc=0.7772, val_acc=0.7367, val_macro_f1=0.5210, val_weighted_f1=0.6991, lr=0.000786, epoch_time=16.19s
[Epoch 007] train_loss=0.6565, train_acc=0.7783, val_acc=0.7404, val_macro_f1=0.5259, val_weighted_f1=0.7065, lr=0.000781, epoch_time=16.27s
  -> New best baseline student saved to experiments/7__augmentation_ablation/checkpoints/studentbaseline_aug_seed123.pt
[Epoch 008] train_loss=0.6509, train_acc=0.7824, val_acc=0.7392, val_macro_f1=0.5317, val_weighted_f1=0.7110, lr=0.000775, epoch_time=16.16s
  -> New best baseline student saved to experiments/7__augmentation_ablation/checkpoints/studentbaseline_aug_seed123.pt
[Epoch 009] train_loss=0.6335, train_acc=0.7863, val_acc=0.7385, val_macro_f1=0.5282, val_weighted_f1=0.7066, lr=0.000768, epoch_time=16.13s
[Epoch 010] train_loss=0.6303, train_acc=0.7926, val_acc=0.7416, val_macro_f1=0.5239, val_weighted_f1=0.7049, lr=0.000761, epoch_time=16.06s
[Epoch 011] train_loss=0.6338, train_acc=0.7897, val_acc=0.7520, val_macro_f1=0.5466, val_weighted_f1=0.7227, lr=0.000753, epoch_time=16.06s
  -> New best baseline student saved to experiments/7__augmentation_ablation/checkpoints/studentbaseline_aug_seed123.pt
[Epoch 012] train_loss=0.6126, train_acc=0.7935, val_acc=0.7514, val_macro_f1=0.5436, val_weighted_f1=0.7222, lr=0.000744, epoch_time=16.11s
[Epoch 013] train_loss=0.6098, train_acc=0.8006, val_acc=0.7422, val_macro_f1=0.5341, val_weighted_f1=0.7126, lr=0.000735, epoch_time=16.01s
[Epoch 014] train_loss=0.6080, train_acc=0.7993, val_acc=0.7502, val_macro_f1=0.5360, val_weighted_f1=0.7163, lr=0.000725, epoch_time=16.26s
[Epoch 015] train_loss=0.6003, train_acc=0.8031, val_acc=0.7392, val_macro_f1=0.5231, val_weighted_f1=0.7034, lr=0.000714, epoch_time=16.19s
[Epoch 016] train_loss=0.5926, train_acc=0.8006, val_acc=0.7398, val_macro_f1=0.5304, val_weighted_f1=0.7063, lr=0.000702, epoch_time=16.23s
[Epoch 017] train_loss=0.5945, train_acc=0.8054, val_acc=0.7367, val_macro_f1=0.5192, val_weighted_f1=0.7022, lr=0.000691, epoch_time=16.09s
[Epoch 018] train_loss=0.5951, train_acc=0.8033, val_acc=0.7495, val_macro_f1=0.5376, val_weighted_f1=0.7162, lr=0.000678, epoch_time=16.11s
[Epoch 019] train_loss=0.5887, train_acc=0.8061, val_acc=0.7495, val_macro_f1=0.5406, val_weighted_f1=0.7177, lr=0.000665, epoch_time=16.14s
[Epoch 020] train_loss=0.5843, train_acc=0.8064, val_acc=0.7538, val_macro_f1=0.5465, val_weighted_f1=0.7250, lr=0.000651, epoch_time=16.11s
[Epoch 021] train_loss=0.5804, train_acc=0.8067, val_acc=0.7453, val_macro_f1=0.5357, val_weighted_f1=0.7103, lr=0.000637, epoch_time=16.10s
[Epoch 022] train_loss=0.5806, train_acc=0.8089, val_acc=0.7385, val_macro_f1=0.5228, val_weighted_f1=0.7028, lr=0.000623, epoch_time=16.20s
[Epoch 023] train_loss=0.5674, train_acc=0.8119, val_acc=0.7453, val_macro_f1=0.5284, val_weighted_f1=0.7103, lr=0.000608, epoch_time=16.29s
[Epoch 024] train_loss=0.5665, train_acc=0.8095, val_acc=0.7465, val_macro_f1=0.5345, val_weighted_f1=0.7129, lr=0.000592, epoch_time=16.21s
[Epoch 025] train_loss=0.5636, train_acc=0.8133, val_acc=0.7410, val_macro_f1=0.5339, val_weighted_f1=0.7123, lr=0.000576, epoch_time=16.08s
[Epoch 026] train_loss=0.5634, train_acc=0.8162, val_acc=0.7392, val_macro_f1=0.5256, val_weighted_f1=0.7022, lr=0.000560, epoch_time=16.09s
Early stopping triggered.
Loaded best baseline student checkpoint for final test evaluation.
Best validation macro-F1: 0.5466
Best epoch: 11
Time to best model: 178.08 seconds
Checkpoint size (MB): 0.078
Student size: medium
Checkpoint seed: 123
Test accuracy (baseline student): 0.7703
Test macro-F1 (baseline student): 0.5730
Test weighted-F1 (baseline student): 0.7451
Test classification report:
              precision    recall  f1-score   support

           0       0.78      0.68      0.72       184
           1       0.00      0.00      0.00        56
           2       0.83      0.47      0.60       256
           3       0.77      0.95      0.85       912
           4       0.74      0.65      0.69       242

    accuracy                           0.77      1650
   macro avg       0.62      0.55      0.57      1650
weighted avg       0.75      0.77      0.75      1650

Test confusion matrix:
[[125   0   6  48   5]
 [  3   0   2  46   5]
 [ 14   0 120  95  27]
 [ 15   0  10 869  18]
 [  4   0   7  74 157]]
Inference latency: 1.5159 ms/sample
