Using device: cuda
Seed: 123
Deterministic mode: True
Deterministic warn_only: True
Baseline hyperparameters: class_weight_gamma=0.00, sampler_power=0.35, label_smoothing=0.000, student_size=medium
Training: batch_size=64, lr=0.0008, epochs=70, patience=15, weight_decay=0.002, grad_clip=1.0, num_workers=2, disable_augmentation=True, use_weighted_sampler=False
Student checkpoint path: experiments/7__augmentation_ablation/checkpoints/studentbaseline_noaug_seed123.pt
Training set size: 12957
Validation set size: 1637
Test set size: 1650
Number of leads: 12 classes: 5
Classes: ['CD' 'HYP' 'MI' 'NORM' 'STTC']
Trainable parameters: 12809
Total parameters: 12809
Estimated model size (MB): 0.051
Class weights: [1. 1. 1. 1. 1.]
Training sampler: standard shuffled loader
[Epoch 001] train_loss=1.0843, train_acc=0.6003, val_acc=0.6830, val_macro_f1=0.4293, val_weighted_f1=0.6349, lr=0.000800, epoch_time=4.80s
  -> New best baseline student saved to experiments/7__augmentation_ablation/checkpoints/studentbaseline_noaug_seed123.pt
[Epoch 002] train_loss=0.8423, train_acc=0.7006, val_acc=0.7123, val_macro_f1=0.4823, val_weighted_f1=0.6750, lr=0.000798, epoch_time=4.10s
  -> New best baseline student saved to experiments/7__augmentation_ablation/checkpoints/studentbaseline_noaug_seed123.pt
[Epoch 003] train_loss=0.7465, train_acc=0.7445, val_acc=0.7269, val_macro_f1=0.5051, val_weighted_f1=0.6900, lr=0.000796, epoch_time=4.03s
  -> New best baseline student saved to experiments/7__augmentation_ablation/checkpoints/studentbaseline_noaug_seed123.pt
[Epoch 004] train_loss=0.6970, train_acc=0.7658, val_acc=0.7324, val_macro_f1=0.5211, val_weighted_f1=0.7021, lr=0.000794, epoch_time=4.07s
  -> New best baseline student saved to experiments/7__augmentation_ablation/checkpoints/studentbaseline_noaug_seed123.pt
[Epoch 005] train_loss=0.6713, train_acc=0.7763, val_acc=0.7502, val_macro_f1=0.5408, val_weighted_f1=0.7189, lr=0.000790, epoch_time=4.07s
  -> New best baseline student saved to experiments/7__augmentation_ablation/checkpoints/studentbaseline_noaug_seed123.pt
[Epoch 006] train_loss=0.6556, train_acc=0.7820, val_acc=0.7502, val_macro_f1=0.5414, val_weighted_f1=0.7210, lr=0.000786, epoch_time=4.11s
  -> New best baseline student saved to experiments/7__augmentation_ablation/checkpoints/studentbaseline_noaug_seed123.pt
[Epoch 007] train_loss=0.6457, train_acc=0.7850, val_acc=0.7361, val_macro_f1=0.5139, val_weighted_f1=0.6986, lr=0.000781, epoch_time=4.07s
[Epoch 008] train_loss=0.6382, train_acc=0.7876, val_acc=0.7392, val_macro_f1=0.5240, val_weighted_f1=0.7058, lr=0.000775, epoch_time=4.09s
[Epoch 009] train_loss=0.6223, train_acc=0.7935, val_acc=0.7440, val_macro_f1=0.5377, val_weighted_f1=0.7146, lr=0.000768, epoch_time=4.03s
[Epoch 010] train_loss=0.6184, train_acc=0.7952, val_acc=0.7398, val_macro_f1=0.5211, val_weighted_f1=0.7017, lr=0.000761, epoch_time=4.03s
[Epoch 011] train_loss=0.6252, train_acc=0.7923, val_acc=0.7502, val_macro_f1=0.5399, val_weighted_f1=0.7170, lr=0.000753, epoch_time=4.07s
[Epoch 012] train_loss=0.6022, train_acc=0.8003, val_acc=0.7440, val_macro_f1=0.5256, val_weighted_f1=0.7080, lr=0.000744, epoch_time=4.06s
[Epoch 013] train_loss=0.5988, train_acc=0.8025, val_acc=0.7581, val_macro_f1=0.5544, val_weighted_f1=0.7301, lr=0.000735, epoch_time=4.04s
  -> New best baseline student saved to experiments/7__augmentation_ablation/checkpoints/studentbaseline_noaug_seed123.pt
[Epoch 014] train_loss=0.6022, train_acc=0.8017, val_acc=0.7483, val_macro_f1=0.5390, val_weighted_f1=0.7167, lr=0.000725, epoch_time=4.13s
[Epoch 015] train_loss=0.5904, train_acc=0.8042, val_acc=0.7495, val_macro_f1=0.5413, val_weighted_f1=0.7171, lr=0.000714, epoch_time=4.09s
[Epoch 016] train_loss=0.5845, train_acc=0.8044, val_acc=0.7605, val_macro_f1=0.5623, val_weighted_f1=0.7353, lr=0.000702, epoch_time=4.03s
  -> New best baseline student saved to experiments/7__augmentation_ablation/checkpoints/studentbaseline_noaug_seed123.pt
[Epoch 017] train_loss=0.5838, train_acc=0.8071, val_acc=0.7526, val_macro_f1=0.5455, val_weighted_f1=0.7223, lr=0.000691, epoch_time=4.04s
[Epoch 018] train_loss=0.5819, train_acc=0.8068, val_acc=0.7526, val_macro_f1=0.5467, val_weighted_f1=0.7218, lr=0.000678, epoch_time=4.05s
[Epoch 019] train_loss=0.5739, train_acc=0.8113, val_acc=0.7526, val_macro_f1=0.5429, val_weighted_f1=0.7182, lr=0.000665, epoch_time=4.00s
[Epoch 020] train_loss=0.5744, train_acc=0.8095, val_acc=0.7605, val_macro_f1=0.5559, val_weighted_f1=0.7321, lr=0.000651, epoch_time=4.03s
[Epoch 021] train_loss=0.5717, train_acc=0.8084, val_acc=0.7508, val_macro_f1=0.5482, val_weighted_f1=0.7204, lr=0.000637, epoch_time=4.03s
[Epoch 022] train_loss=0.5670, train_acc=0.8132, val_acc=0.7453, val_macro_f1=0.5302, val_weighted_f1=0.7088, lr=0.000623, epoch_time=4.06s
[Epoch 023] train_loss=0.5571, train_acc=0.8127, val_acc=0.7611, val_macro_f1=0.5580, val_weighted_f1=0.7327, lr=0.000608, epoch_time=4.05s
[Epoch 024] train_loss=0.5563, train_acc=0.8170, val_acc=0.7581, val_macro_f1=0.5539, val_weighted_f1=0.7282, lr=0.000592, epoch_time=4.04s
[Epoch 025] train_loss=0.5512, train_acc=0.8191, val_acc=0.7471, val_macro_f1=0.5351, val_weighted_f1=0.7135, lr=0.000576, epoch_time=4.09s
[Epoch 026] train_loss=0.5490, train_acc=0.8168, val_acc=0.7422, val_macro_f1=0.5312, val_weighted_f1=0.7062, lr=0.000560, epoch_time=4.04s
[Epoch 027] train_loss=0.5457, train_acc=0.8199, val_acc=0.7550, val_macro_f1=0.5562, val_weighted_f1=0.7272, lr=0.000544, epoch_time=4.05s
[Epoch 028] train_loss=0.5433, train_acc=0.8206, val_acc=0.7495, val_macro_f1=0.5405, val_weighted_f1=0.7183, lr=0.000527, epoch_time=4.04s
[Epoch 029] train_loss=0.5367, train_acc=0.8233, val_acc=0.7575, val_macro_f1=0.5606, val_weighted_f1=0.7346, lr=0.000510, epoch_time=4.06s
[Epoch 030] train_loss=0.5390, train_acc=0.8208, val_acc=0.7508, val_macro_f1=0.5426, val_weighted_f1=0.7196, lr=0.000493, epoch_time=4.08s
[Epoch 031] train_loss=0.5375, train_acc=0.8230, val_acc=0.7508, val_macro_f1=0.5438, val_weighted_f1=0.7194, lr=0.000476, epoch_time=4.01s
Early stopping triggered.
Loaded best baseline student checkpoint for final test evaluation.
Best validation macro-F1: 0.5623
Best epoch: 16
Time to best model: 65.89 seconds
Checkpoint size (MB): 0.078
Student size: medium
Checkpoint seed: 123
Test accuracy (baseline student): 0.7739
Test macro-F1 (baseline student): 0.5761
Test weighted-F1 (baseline student): 0.7508
Test classification report:
              precision    recall  f1-score   support

           0       0.87      0.60      0.71       184
           1       0.00      0.00      0.00        56
           2       0.76      0.57      0.65       256
           3       0.78      0.96      0.86       912
           4       0.73      0.62      0.67       242

    accuracy                           0.77      1650
   macro avg       0.62      0.55      0.58      1650
weighted avg       0.75      0.77      0.75      1650

Test confusion matrix:
[[110   0  12  56   6]
 [  1   0   3  46   6]
 [  7   0 145  79  25]
 [  7   0  14 872  19]
 [  2   0  18  72 150]]
Inference latency: 1.4624 ms/sample
