Using device: cuda
Seed: 42
Deterministic mode: True
Deterministic warn_only: True
Baseline hyperparameters: class_weight_gamma=0.00, sampler_power=0.35, label_smoothing=0.000, student_size=medium
Training: batch_size=64, lr=0.0008, epochs=70, patience=15, weight_decay=0.002, grad_clip=1.0, num_workers=2, disable_augmentation=True, use_weighted_sampler=False
Student checkpoint path: experiments/7__augmentation_ablation/checkpoints/studentbaseline_noaug_seed42.pt
Training set size: 12957
Validation set size: 1637
Test set size: 1650
Number of leads: 12 classes: 5
Classes: ['CD' 'HYP' 'MI' 'NORM' 'STTC']
Trainable parameters: 12809
Total parameters: 12809
Estimated model size (MB): 0.051
Class weights: [1. 1. 1. 1. 1.]
Training sampler: standard shuffled loader
[Epoch 001] train_loss=1.1153, train_acc=0.5898, val_acc=0.6481, val_macro_f1=0.3658, val_weighted_f1=0.5913, lr=0.000800, epoch_time=4.77s
  -> New best baseline student saved to experiments/7__augmentation_ablation/checkpoints/studentbaseline_noaug_seed42.pt
[Epoch 002] train_loss=0.8569, train_acc=0.7036, val_acc=0.6964, val_macro_f1=0.4674, val_weighted_f1=0.6554, lr=0.000798, epoch_time=4.09s
  -> New best baseline student saved to experiments/7__augmentation_ablation/checkpoints/studentbaseline_noaug_seed42.pt
[Epoch 003] train_loss=0.7605, train_acc=0.7425, val_acc=0.7306, val_macro_f1=0.5086, val_weighted_f1=0.6955, lr=0.000796, epoch_time=4.07s
  -> New best baseline student saved to experiments/7__augmentation_ablation/checkpoints/studentbaseline_noaug_seed42.pt
[Epoch 004] train_loss=0.7217, train_acc=0.7592, val_acc=0.7459, val_macro_f1=0.5389, val_weighted_f1=0.7178, lr=0.000794, epoch_time=4.03s
  -> New best baseline student saved to experiments/7__augmentation_ablation/checkpoints/studentbaseline_noaug_seed42.pt
[Epoch 005] train_loss=0.6901, train_acc=0.7702, val_acc=0.7159, val_macro_f1=0.4884, val_weighted_f1=0.6735, lr=0.000790, epoch_time=4.08s
[Epoch 006] train_loss=0.6816, train_acc=0.7709, val_acc=0.7337, val_macro_f1=0.5196, val_weighted_f1=0.7098, lr=0.000786, epoch_time=4.04s
[Epoch 007] train_loss=0.6681, train_acc=0.7763, val_acc=0.7471, val_macro_f1=0.5404, val_weighted_f1=0.7210, lr=0.000781, epoch_time=4.02s
  -> New best baseline student saved to experiments/7__augmentation_ablation/checkpoints/studentbaseline_noaug_seed42.pt
[Epoch 008] train_loss=0.6574, train_acc=0.7801, val_acc=0.7557, val_macro_f1=0.5556, val_weighted_f1=0.7303, lr=0.000775, epoch_time=4.07s
  -> New best baseline student saved to experiments/7__augmentation_ablation/checkpoints/studentbaseline_noaug_seed42.pt
[Epoch 009] train_loss=0.6424, train_acc=0.7871, val_acc=0.7575, val_macro_f1=0.5644, val_weighted_f1=0.7364, lr=0.000768, epoch_time=4.08s
  -> New best baseline student saved to experiments/7__augmentation_ablation/checkpoints/studentbaseline_noaug_seed42.pt
[Epoch 010] train_loss=0.6397, train_acc=0.7869, val_acc=0.7502, val_macro_f1=0.5443, val_weighted_f1=0.7249, lr=0.000761, epoch_time=4.04s
[Epoch 011] train_loss=0.6312, train_acc=0.7911, val_acc=0.7453, val_macro_f1=0.5357, val_weighted_f1=0.7153, lr=0.000753, epoch_time=4.00s
[Epoch 012] train_loss=0.6195, train_acc=0.7946, val_acc=0.7471, val_macro_f1=0.5390, val_weighted_f1=0.7201, lr=0.000744, epoch_time=4.04s
[Epoch 013] train_loss=0.6185, train_acc=0.7909, val_acc=0.7483, val_macro_f1=0.5528, val_weighted_f1=0.7302, lr=0.000735, epoch_time=4.09s
[Epoch 014] train_loss=0.6118, train_acc=0.7979, val_acc=0.7440, val_macro_f1=0.5329, val_weighted_f1=0.7122, lr=0.000725, epoch_time=4.10s
[Epoch 015] train_loss=0.6058, train_acc=0.7959, val_acc=0.7538, val_macro_f1=0.5526, val_weighted_f1=0.7279, lr=0.000714, epoch_time=4.08s
[Epoch 016] train_loss=0.6063, train_acc=0.8025, val_acc=0.7410, val_macro_f1=0.5347, val_weighted_f1=0.7116, lr=0.000702, epoch_time=4.08s
[Epoch 017] train_loss=0.5993, train_acc=0.7986, val_acc=0.7587, val_macro_f1=0.5616, val_weighted_f1=0.7356, lr=0.000691, epoch_time=4.05s
[Epoch 018] train_loss=0.5900, train_acc=0.8050, val_acc=0.7422, val_macro_f1=0.5278, val_weighted_f1=0.7085, lr=0.000678, epoch_time=4.04s
[Epoch 019] train_loss=0.5897, train_acc=0.8024, val_acc=0.7544, val_macro_f1=0.5522, val_weighted_f1=0.7284, lr=0.000665, epoch_time=4.00s
[Epoch 020] train_loss=0.5844, train_acc=0.8023, val_acc=0.7544, val_macro_f1=0.5491, val_weighted_f1=0.7264, lr=0.000651, epoch_time=4.00s
[Epoch 021] train_loss=0.5773, train_acc=0.8071, val_acc=0.7538, val_macro_f1=0.5484, val_weighted_f1=0.7255, lr=0.000637, epoch_time=4.08s
[Epoch 022] train_loss=0.5788, train_acc=0.8089, val_acc=0.7440, val_macro_f1=0.5327, val_weighted_f1=0.7119, lr=0.000623, epoch_time=4.11s
[Epoch 023] train_loss=0.5739, train_acc=0.8088, val_acc=0.7703, val_macro_f1=0.5802, val_weighted_f1=0.7527, lr=0.000608, epoch_time=4.04s
  -> New best baseline student saved to experiments/7__augmentation_ablation/checkpoints/studentbaseline_noaug_seed42.pt
[Epoch 024] train_loss=0.5740, train_acc=0.8086, val_acc=0.7673, val_macro_f1=0.5656, val_weighted_f1=0.7411, lr=0.000592, epoch_time=4.05s
[Epoch 025] train_loss=0.5685, train_acc=0.8108, val_acc=0.7349, val_macro_f1=0.5139, val_weighted_f1=0.6949, lr=0.000576, epoch_time=4.04s
[Epoch 026] train_loss=0.5652, train_acc=0.8104, val_acc=0.7538, val_macro_f1=0.5496, val_weighted_f1=0.7248, lr=0.000560, epoch_time=4.06s
[Epoch 027] train_loss=0.5696, train_acc=0.8085, val_acc=0.7587, val_macro_f1=0.5515, val_weighted_f1=0.7279, lr=0.000544, epoch_time=4.10s
[Epoch 028] train_loss=0.5598, train_acc=0.8114, val_acc=0.7404, val_macro_f1=0.5282, val_weighted_f1=0.7069, lr=0.000527, epoch_time=4.05s
[Epoch 029] train_loss=0.5578, train_acc=0.8127, val_acc=0.7471, val_macro_f1=0.5361, val_weighted_f1=0.7137, lr=0.000510, epoch_time=4.07s
[Epoch 030] train_loss=0.5559, train_acc=0.8131, val_acc=0.7502, val_macro_f1=0.5458, val_weighted_f1=0.7258, lr=0.000493, epoch_time=4.11s
[Epoch 031] train_loss=0.5560, train_acc=0.8159, val_acc=0.7575, val_macro_f1=0.5533, val_weighted_f1=0.7315, lr=0.000476, epoch_time=4.03s
[Epoch 032] train_loss=0.5507, train_acc=0.8145, val_acc=0.7569, val_macro_f1=0.5599, val_weighted_f1=0.7339, lr=0.000458, epoch_time=4.05s
[Epoch 033] train_loss=0.5475, train_acc=0.8176, val_acc=0.7538, val_macro_f1=0.5528, val_weighted_f1=0.7295, lr=0.000440, epoch_time=4.10s
[Epoch 034] train_loss=0.5430, train_acc=0.8196, val_acc=0.7520, val_macro_f1=0.5471, val_weighted_f1=0.7245, lr=0.000423, epoch_time=4.06s
[Epoch 035] train_loss=0.5403, train_acc=0.8179, val_acc=0.7575, val_macro_f1=0.5506, val_weighted_f1=0.7260, lr=0.000405, epoch_time=4.04s
[Epoch 036] train_loss=0.5387, train_acc=0.8172, val_acc=0.7563, val_macro_f1=0.5551, val_weighted_f1=0.7291, lr=0.000387, epoch_time=4.08s
[Epoch 037] train_loss=0.5336, train_acc=0.8221, val_acc=0.7587, val_macro_f1=0.5585, val_weighted_f1=0.7346, lr=0.000370, epoch_time=4.07s
[Epoch 038] train_loss=0.5329, train_acc=0.8210, val_acc=0.7587, val_macro_f1=0.5539, val_weighted_f1=0.7304, lr=0.000352, epoch_time=4.10s
Early stopping triggered.
Loaded best baseline student checkpoint for final test evaluation.
Best validation macro-F1: 0.5802
Best epoch: 23
Time to best model: 98.14 seconds
Checkpoint size (MB): 0.078
Student size: medium
Checkpoint seed: 42
Test accuracy (baseline student): 0.7812
Test macro-F1 (baseline student): 0.5921
Test weighted-F1 (baseline student): 0.7646
Test classification report:
              precision    recall  f1-score   support

           0       0.85      0.61      0.71       184
           1       0.00      0.00      0.00        56
           2       0.73      0.66      0.69       256
           3       0.82      0.91      0.86       912
           4       0.66      0.75      0.70       242

    accuracy                           0.78      1650
   macro avg       0.61      0.58      0.59      1650
weighted avg       0.76      0.78      0.76      1650

Test confusion matrix:
[[112   0  12  48  12]
 [  3   0   4  41   8]
 [  8   0 168  48  32]
 [  8   0  33 828  43]
 [  0   0  14  47 181]]
Inference latency: 1.4486 ms/sample
