[38;5;127mpython3[0m/[38;5;172m3.10.5[0m/[38;5;67mgcc-9.3.0[0m
 |
 [0;32mOK[0m
[38;5;127mgcc[0m/[38;5;172m9.3.0[0m
 |
 [0;32mOK[0m
===== EXPERIMENT 3: ALPHA = 0.3, TEMPERATURE = 1 =====
Teacher checkpoints source: /users/40370279/csc4006/code/checkpoints/teacher
Student outputs directory : /users/40370279/csc4006/code/experiments/3__alpha_sweep
This job runs multiple seeds: 42, 123, 999
Job ID: 7991911
Host: gpu106.pri.kelvin2.alces.network
Start time: Sat Mar 28 16:45:43 GMT 2026

----- SEED 42 -----
Using device: cuda
Seed: 42
Deterministic mode: True
Deterministic warn_only: True
KD hyperparameters: alpha_start=0.300, alpha_end=0.300, temperature=1.00, logit_mse_weight=0.030, feature_mse_weight=0.030, class_weight_gamma=0.00, sampler_power=0.35, label_smoothing=0.000, student_size=medium
Training: batch_size=64, lr=0.0008, epochs=70, patience=15, weight_decay=0.002, grad_clip=1.0, num_workers=2, disable_augmentation=False, use_weighted_sampler=False
Teacher checkpoint path: checkpoints/teacher/teacher_cnn_seed42.pt
Student checkpoint path: /users/40370279/csc4006/code/experiments/3__alpha_sweep/checkpoints/student_A03_seed42.pt
Training set size: 12957
Validation set size: 1637
Test set size: 1650
Number of leads: 12 classes: 5
Classes: ['CD' 'HYP' 'MI' 'NORM' 'STTC']
Trainable parameters (student): 12809
Total parameters (student): 12809
Estimated model size (MB): 0.051
Teacher pooled dim: 896
Student pooled dim: 28
Class weights: [1. 1. 1. 1. 1.]
Training sampler: standard shuffled loader
[Epoch 001] train_loss=0.8183, train_hard=1.1162, train_soft=0.6058, train_logit_mse=1.9496, train_feature_mse=0.0312, train_acc=0.5918, alpha=0.300, val_acc=0.6860, val_macro_f1=0.4419, val_weighted_f1=0.6350, lr=0.000800, epoch_time=18.97s
  -> New best KD student saved to /users/40370279/csc4006/code/experiments/3__alpha_sweep/checkpoints/student_A03_seed42.pt
[Epoch 002] train_loss=0.5449, train_hard=0.8398, train_soft=0.3651, train_logit_mse=1.2254, train_feature_mse=0.0200, train_acc=0.7242, alpha=0.300, val_acc=0.7373, val_macro_f1=0.5185, val_weighted_f1=0.7063, lr=0.000798, epoch_time=17.65s
  -> New best KD student saved to /users/40370279/csc4006/code/experiments/3__alpha_sweep/checkpoints/student_A03_seed42.pt
[Epoch 003] train_loss=0.4541, train_hard=0.7555, train_soft=0.2826, train_logit_mse=0.9745, train_feature_mse=0.0129, train_acc=0.7565, alpha=0.300, val_acc=0.7410, val_macro_f1=0.5390, val_weighted_f1=0.7199, lr=0.000796, epoch_time=17.74s
  -> New best KD student saved to /users/40370279/csc4006/code/experiments/3__alpha_sweep/checkpoints/student_A03_seed42.pt
[Epoch 004] train_loss=0.4075, train_hard=0.7118, train_soft=0.2411, train_logit_mse=0.8304, train_feature_mse=0.0073, train_acc=0.7654, alpha=0.300, val_acc=0.7532, val_macro_f1=0.5517, val_weighted_f1=0.7291, lr=0.000794, epoch_time=17.80s
  -> New best KD student saved to /users/40370279/csc4006/code/experiments/3__alpha_sweep/checkpoints/student_A03_seed42.pt
[Epoch 005] train_loss=0.3847, train_hard=0.6904, train_soft=0.2207, train_logit_mse=0.7668, train_feature_mse=0.0045, train_acc=0.7728, alpha=0.300, val_acc=0.7471, val_macro_f1=0.5361, val_weighted_f1=0.7184, lr=0.000790, epoch_time=17.73s
[Epoch 006] train_loss=0.3691, train_hard=0.6781, train_soft=0.2057, train_logit_mse=0.7216, train_feature_mse=0.0029, train_acc=0.7780, alpha=0.300, val_acc=0.7349, val_macro_f1=0.5180, val_weighted_f1=0.6996, lr=0.000786, epoch_time=17.69s
[Epoch 007] train_loss=0.3549, train_hard=0.6631, train_soft=0.1933, train_logit_mse=0.6882, train_feature_mse=0.0019, train_acc=0.7818, alpha=0.300, val_acc=0.7514, val_macro_f1=0.5619, val_weighted_f1=0.7318, lr=0.000781, epoch_time=17.79s
  -> New best KD student saved to /users/40370279/csc4006/code/experiments/3__alpha_sweep/checkpoints/student_A03_seed42.pt
[Epoch 008] train_loss=0.3483, train_hard=0.6560, train_soft=0.1877, train_logit_mse=0.6702, train_feature_mse=0.0014, train_acc=0.7822, alpha=0.300, val_acc=0.7416, val_macro_f1=0.5290, val_weighted_f1=0.7085, lr=0.000775, epoch_time=17.77s
[Epoch 009] train_loss=0.3367, train_hard=0.6428, train_soft=0.1777, train_logit_mse=0.6465, train_feature_mse=0.0012, train_acc=0.7870, alpha=0.300, val_acc=0.7538, val_macro_f1=0.5768, val_weighted_f1=0.7387, lr=0.000768, epoch_time=17.76s
  -> New best KD student saved to /users/40370279/csc4006/code/experiments/3__alpha_sweep/checkpoints/student_A03_seed42.pt
[Epoch 010] train_loss=0.3245, train_hard=0.6322, train_soft=0.1662, train_logit_mse=0.6152, train_feature_mse=0.0011, train_acc=0.7908, alpha=0.300, val_acc=0.7642, val_macro_f1=0.5653, val_weighted_f1=0.7397, lr=0.000761, epoch_time=17.73s
[Epoch 011] train_loss=0.3196, train_hard=0.6293, train_soft=0.1609, train_logit_mse=0.6051, train_feature_mse=0.0011, train_acc=0.7907, alpha=0.300, val_acc=0.7593, val_macro_f1=0.5648, val_weighted_f1=0.7356, lr=0.000753, epoch_time=17.76s
[Epoch 012] train_loss=0.3111, train_hard=0.6175, train_soft=0.1547, train_logit_mse=0.5836, train_feature_mse=0.0010, train_acc=0.7960, alpha=0.300, val_acc=0.7636, val_macro_f1=0.5837, val_weighted_f1=0.7450, lr=0.000744, epoch_time=17.64s
  -> New best KD student saved to /users/40370279/csc4006/code/experiments/3__alpha_sweep/checkpoints/student_A03_seed42.pt
[Epoch 013] train_loss=0.3079, train_hard=0.6156, train_soft=0.1516, train_logit_mse=0.5704, train_feature_mse=0.0010, train_acc=0.7932, alpha=0.300, val_acc=0.7611, val_macro_f1=0.5669, val_weighted_f1=0.7420, lr=0.000735, epoch_time=17.72s
[Epoch 014] train_loss=0.3004, train_hard=0.6068, train_soft=0.1453, train_logit_mse=0.5561, train_feature_mse=0.0009, train_acc=0.8000, alpha=0.300, val_acc=0.7575, val_macro_f1=0.5587, val_weighted_f1=0.7305, lr=0.000725, epoch_time=17.94s
[Epoch 015] train_loss=0.2991, train_hard=0.6074, train_soft=0.1433, train_logit_mse=0.5509, train_feature_mse=0.0009, train_acc=0.8023, alpha=0.300, val_acc=0.7654, val_macro_f1=0.5751, val_weighted_f1=0.7400, lr=0.000714, epoch_time=17.76s
[Epoch 016] train_loss=0.2939, train_hard=0.6012, train_soft=0.1388, train_logit_mse=0.5439, train_feature_mse=0.0009, train_acc=0.8061, alpha=0.300, val_acc=0.7624, val_macro_f1=0.5696, val_weighted_f1=0.7377, lr=0.000702, epoch_time=17.66s
[Epoch 017] train_loss=0.2927, train_hard=0.6000, train_soft=0.1382, train_logit_mse=0.5314, train_feature_mse=0.0009, train_acc=0.8013, alpha=0.300, val_acc=0.7538, val_macro_f1=0.5665, val_weighted_f1=0.7339, lr=0.000691, epoch_time=17.69s
[Epoch 018] train_loss=0.2853, train_hard=0.5918, train_soft=0.1314, train_logit_mse=0.5246, train_feature_mse=0.0008, train_acc=0.8050, alpha=0.300, val_acc=0.7666, val_macro_f1=0.5806, val_weighted_f1=0.7447, lr=0.000678, epoch_time=17.75s
[Epoch 019] train_loss=0.2829, train_hard=0.5901, train_soft=0.1290, train_logit_mse=0.5172, train_feature_mse=0.0008, train_acc=0.8094, alpha=0.300, val_acc=0.7636, val_macro_f1=0.5806, val_weighted_f1=0.7414, lr=0.000665, epoch_time=17.69s
[Epoch 020] train_loss=0.2795, train_hard=0.5845, train_soft=0.1269, train_logit_mse=0.5089, train_feature_mse=0.0008, train_acc=0.8093, alpha=0.300, val_acc=0.7691, val_macro_f1=0.5923, val_weighted_f1=0.7509, lr=0.000651, epoch_time=17.72s
  -> New best KD student saved to /users/40370279/csc4006/code/experiments/3__alpha_sweep/checkpoints/student_A03_seed42.pt
[Epoch 021] train_loss=0.2775, train_hard=0.5826, train_soft=0.1251, train_logit_mse=0.5044, train_feature_mse=0.0008, train_acc=0.8097, alpha=0.300, val_acc=0.7624, val_macro_f1=0.5789, val_weighted_f1=0.7403, lr=0.000637, epoch_time=17.72s
[Epoch 022] train_loss=0.2733, train_hard=0.5759, train_soft=0.1222, train_logit_mse=0.5003, train_feature_mse=0.0008, train_acc=0.8117, alpha=0.300, val_acc=0.7575, val_macro_f1=0.5631, val_weighted_f1=0.7320, lr=0.000623, epoch_time=17.82s
[Epoch 023] train_loss=0.2712, train_hard=0.5754, train_soft=0.1199, train_logit_mse=0.4876, train_feature_mse=0.0008, train_acc=0.8124, alpha=0.300, val_acc=0.7642, val_macro_f1=0.5800, val_weighted_f1=0.7477, lr=0.000608, epoch_time=17.83s
[Epoch 024] train_loss=0.2715, train_hard=0.5767, train_soft=0.1197, train_logit_mse=0.4898, train_feature_mse=0.0007, train_acc=0.8106, alpha=0.300, val_acc=0.7630, val_macro_f1=0.5935, val_weighted_f1=0.7434, lr=0.000592, epoch_time=17.76s
  -> New best KD student saved to /users/40370279/csc4006/code/experiments/3__alpha_sweep/checkpoints/student_A03_seed42.pt
[Epoch 025] train_loss=0.2688, train_hard=0.5716, train_soft=0.1181, train_logit_mse=0.4876, train_feature_mse=0.0007, train_acc=0.8163, alpha=0.300, val_acc=0.7648, val_macro_f1=0.6001, val_weighted_f1=0.7523, lr=0.000576, epoch_time=17.65s
  -> New best KD student saved to /users/40370279/csc4006/code/experiments/3__alpha_sweep/checkpoints/student_A03_seed42.pt
[Epoch 026] train_loss=0.2630, train_hard=0.5662, train_soft=0.1127, train_logit_mse=0.4746, train_feature_mse=0.0007, train_acc=0.8173, alpha=0.300, val_acc=0.7630, val_macro_f1=0.5987, val_weighted_f1=0.7462, lr=0.000560, epoch_time=17.73s
[Epoch 027] train_loss=0.2642, train_hard=0.5669, train_soft=0.1140, train_logit_mse=0.4761, train_feature_mse=0.0007, train_acc=0.8155, alpha=0.300, val_acc=0.7673, val_macro_f1=0.5970, val_weighted_f1=0.7496, lr=0.000544, epoch_time=17.71s
[Epoch 028] train_loss=0.2613, train_hard=0.5657, train_soft=0.1108, train_logit_mse=0.4666, train_feature_mse=0.0007, train_acc=0.8132, alpha=0.300, val_acc=0.7679, val_macro_f1=0.5867, val_weighted_f1=0.7487, lr=0.000527, epoch_time=17.83s
[Epoch 029] train_loss=0.2606, train_hard=0.5642, train_soft=0.1104, train_logit_mse=0.4681, train_feature_mse=0.0007, train_acc=0.8156, alpha=0.300, val_acc=0.7630, val_macro_f1=0.6251, val_weighted_f1=0.7516, lr=0.000510, epoch_time=17.75s
  -> New best KD student saved to /users/40370279/csc4006/code/experiments/3__alpha_sweep/checkpoints/student_A03_seed42.pt
[Epoch 030] train_loss=0.2592, train_hard=0.5621, train_soft=0.1094, train_logit_mse=0.4670, train_feature_mse=0.0006, train_acc=0.8155, alpha=0.300, val_acc=0.7666, val_macro_f1=0.6064, val_weighted_f1=0.7486, lr=0.000493, epoch_time=17.81s
[Epoch 031] train_loss=0.2570, train_hard=0.5614, train_soft=0.1069, train_logit_mse=0.4559, train_feature_mse=0.0006, train_acc=0.8186, alpha=0.300, val_acc=0.7685, val_macro_f1=0.6138, val_weighted_f1=0.7521, lr=0.000476, epoch_time=17.88s
[Epoch 032] train_loss=0.2532, train_hard=0.5525, train_soft=0.1053, train_logit_mse=0.4579, train_feature_mse=0.0006, train_acc=0.8191, alpha=0.300, val_acc=0.7728, val_macro_f1=0.6015, val_weighted_f1=0.7552, lr=0.000458, epoch_time=17.81s
[Epoch 033] train_loss=0.2552, train_hard=0.5568, train_soft=0.1064, train_logit_mse=0.4551, train_feature_mse=0.0006, train_acc=0.8159, alpha=0.300, val_acc=0.7758, val_macro_f1=0.6271, val_weighted_f1=0.7632, lr=0.000440, epoch_time=17.74s
  -> New best KD student saved to /users/40370279/csc4006/code/experiments/3__alpha_sweep/checkpoints/student_A03_seed42.pt
[Epoch 034] train_loss=0.2521, train_hard=0.5511, train_soft=0.1046, train_logit_mse=0.4503, train_feature_mse=0.0006, train_acc=0.8218, alpha=0.300, val_acc=0.7740, val_macro_f1=0.6299, val_weighted_f1=0.7618, lr=0.000423, epoch_time=17.79s
  -> New best KD student saved to /users/40370279/csc4006/code/experiments/3__alpha_sweep/checkpoints/student_A03_seed42.pt
[Epoch 035] train_loss=0.2502, train_hard=0.5470, train_soft=0.1035, train_logit_mse=0.4521, train_feature_mse=0.0006, train_acc=0.8196, alpha=0.300, val_acc=0.7703, val_macro_f1=0.6153, val_weighted_f1=0.7569, lr=0.000405, epoch_time=17.73s
[Epoch 036] train_loss=0.2501, train_hard=0.5497, train_soft=0.1024, train_logit_mse=0.4479, train_feature_mse=0.0006, train_acc=0.8208, alpha=0.300, val_acc=0.7642, val_macro_f1=0.5921, val_weighted_f1=0.7426, lr=0.000387, epoch_time=17.73s
[Epoch 037] train_loss=0.2472, train_hard=0.5460, train_soft=0.1001, train_logit_mse=0.4432, train_feature_mse=0.0006, train_acc=0.8199, alpha=0.300, val_acc=0.7660, val_macro_f1=0.6186, val_weighted_f1=0.7492, lr=0.000370, epoch_time=17.80s
[Epoch 038] train_loss=0.2461, train_hard=0.5464, train_soft=0.0987, train_logit_mse=0.4372, train_feature_mse=0.0006, train_acc=0.8211, alpha=0.300, val_acc=0.7642, val_macro_f1=0.5990, val_weighted_f1=0.7458, lr=0.000352, epoch_time=17.69s
[Epoch 039] train_loss=0.2448, train_hard=0.5440, train_soft=0.0978, train_logit_mse=0.4370, train_feature_mse=0.0006, train_acc=0.8255, alpha=0.300, val_acc=0.7783, val_macro_f1=0.6381, val_weighted_f1=0.7669, lr=0.000334, epoch_time=17.79s
  -> New best KD student saved to /users/40370279/csc4006/code/experiments/3__alpha_sweep/checkpoints/student_A03_seed42.pt
[Epoch 040] train_loss=0.2454, train_hard=0.5449, train_soft=0.0984, train_logit_mse=0.4357, train_feature_mse=0.0006, train_acc=0.8216, alpha=0.300, val_acc=0.7776, val_macro_f1=0.6115, val_weighted_f1=0.7622, lr=0.000317, epoch_time=17.68s
[Epoch 041] train_loss=0.2435, train_hard=0.5429, train_soft=0.0966, train_logit_mse=0.4311, train_feature_mse=0.0006, train_acc=0.8257, alpha=0.300, val_acc=0.7636, val_macro_f1=0.5991, val_weighted_f1=0.7448, lr=0.000300, epoch_time=17.93s
[Epoch 042] train_loss=0.2410, train_hard=0.5382, train_soft=0.0952, train_logit_mse=0.4301, train_feature_mse=0.0006, train_acc=0.8284, alpha=0.300, val_acc=0.7691, val_macro_f1=0.6061, val_weighted_f1=0.7504, lr=0.000283, epoch_time=17.75s
[Epoch 043] train_loss=0.2414, train_hard=0.5386, train_soft=0.0956, train_logit_mse=0.4297, train_feature_mse=0.0006, train_acc=0.8262, alpha=0.300, val_acc=0.7715, val_macro_f1=0.6264, val_weighted_f1=0.7585, lr=0.000266, epoch_time=17.74s
[Epoch 044] train_loss=0.2391, train_hard=0.5347, train_soft=0.0940, train_logit_mse=0.4294, train_feature_mse=0.0006, train_acc=0.8239, alpha=0.300, val_acc=0.7666, val_macro_f1=0.6155, val_weighted_f1=0.7502, lr=0.000250, epoch_time=17.89s
[Epoch 045] train_loss=0.2379, train_hard=0.5360, train_soft=0.0919, train_logit_mse=0.4229, train_feature_mse=0.0005, train_acc=0.8270, alpha=0.300, val_acc=0.7666, val_macro_f1=0.6061, val_weighted_f1=0.7496, lr=0.000234, epoch_time=17.81s
[Epoch 046] train_loss=0.2407, train_hard=0.5380, train_soft=0.0951, train_logit_mse=0.4248, train_feature_mse=0.0006, train_acc=0.8262, alpha=0.300, val_acc=0.7776, val_macro_f1=0.6426, val_weighted_f1=0.7660, lr=0.000218, epoch_time=17.88s
  -> New best KD student saved to /users/40370279/csc4006/code/experiments/3__alpha_sweep/checkpoints/student_A03_seed42.pt
[Epoch 047] train_loss=0.2374, train_hard=0.5339, train_soft=0.0922, train_logit_mse=0.4225, train_feature_mse=0.0005, train_acc=0.8287, alpha=0.300, val_acc=0.7679, val_macro_f1=0.6185, val_weighted_f1=0.7521, lr=0.000202, epoch_time=17.78s
[Epoch 048] train_loss=0.2383, train_hard=0.5357, train_soft=0.0928, train_logit_mse=0.4211, train_feature_mse=0.0005, train_acc=0.8269, alpha=0.300, val_acc=0.7721, val_macro_f1=0.6185, val_weighted_f1=0.7544, lr=0.000187, epoch_time=17.66s
[Epoch 049] train_loss=0.2364, train_hard=0.5316, train_soft=0.0919, train_logit_mse=0.4179, train_feature_mse=0.0005, train_acc=0.8252, alpha=0.300, val_acc=0.7758, val_macro_f1=0.6257, val_weighted_f1=0.7610, lr=0.000173, epoch_time=17.79s
[Epoch 050] train_loss=0.2313, train_hard=0.5262, train_soft=0.0872, train_logit_mse=0.4124, train_feature_mse=0.0005, train_acc=0.8305, alpha=0.300, val_acc=0.7746, val_macro_f1=0.6318, val_weighted_f1=0.7612, lr=0.000159, epoch_time=17.75s
[Epoch 051] train_loss=0.2349, train_hard=0.5308, train_soft=0.0903, train_logit_mse=0.4133, train_feature_mse=0.0005, train_acc=0.8275, alpha=0.300, val_acc=0.7697, val_macro_f1=0.6202, val_weighted_f1=0.7551, lr=0.000145, epoch_time=17.84s
[Epoch 052] train_loss=0.2340, train_hard=0.5287, train_soft=0.0899, train_logit_mse=0.4146, train_feature_mse=0.0005, train_acc=0.8270, alpha=0.300, val_acc=0.7746, val_macro_f1=0.6268, val_weighted_f1=0.7596, lr=0.000132, epoch_time=17.90s
[Epoch 053] train_loss=0.2347, train_hard=0.5303, train_soft=0.0901, train_logit_mse=0.4185, train_feature_mse=0.0005, train_acc=0.8272, alpha=0.300, val_acc=0.7679, val_macro_f1=0.6219, val_weighted_f1=0.7534, lr=0.000119, epoch_time=17.78s
[Epoch 054] train_loss=0.2338, train_hard=0.5320, train_soft=0.0885, train_logit_mse=0.4084, train_feature_mse=0.0005, train_acc=0.8311, alpha=0.300, val_acc=0.7685, val_macro_f1=0.6188, val_weighted_f1=0.7538, lr=0.000108, epoch_time=17.73s
[Epoch 055] train_loss=0.2317, train_hard=0.5270, train_soft=0.0875, train_logit_mse=0.4090, train_feature_mse=0.0005, train_acc=0.8294, alpha=0.300, val_acc=0.7721, val_macro_f1=0.6328, val_weighted_f1=0.7597, lr=0.000096, epoch_time=17.77s
[Epoch 056] train_loss=0.2308, train_hard=0.5229, train_soft=0.0880, train_logit_mse=0.4103, train_feature_mse=0.0005, train_acc=0.8297, alpha=0.300, val_acc=0.7709, val_macro_f1=0.6260, val_weighted_f1=0.7557, lr=0.000085, epoch_time=17.72s
[Epoch 057] train_loss=0.2302, train_hard=0.5268, train_soft=0.0858, train_logit_mse=0.4026, train_feature_mse=0.0005, train_acc=0.8294, alpha=0.300, val_acc=0.7685, val_macro_f1=0.6219, val_weighted_f1=0.7541, lr=0.000075, epoch_time=17.77s
[Epoch 058] train_loss=0.2319, train_hard=0.5262, train_soft=0.0883, train_logit_mse=0.4094, train_feature_mse=0.0005, train_acc=0.8280, alpha=0.300, val_acc=0.7691, val_macro_f1=0.6233, val_weighted_f1=0.7554, lr=0.000066, epoch_time=17.74s
[Epoch 059] train_loss=0.2302, train_hard=0.5259, train_soft=0.0862, train_logit_mse=0.4028, train_feature_mse=0.0005, train_acc=0.8288, alpha=0.300, val_acc=0.7721, val_macro_f1=0.6252, val_weighted_f1=0.7574, lr=0.000057, epoch_time=17.72s
[Epoch 060] train_loss=0.2305, train_hard=0.5247, train_soft=0.0870, train_logit_mse=0.4054, train_feature_mse=0.0005, train_acc=0.8304, alpha=0.300, val_acc=0.7728, val_macro_f1=0.6229, val_weighted_f1=0.7581, lr=0.000049, epoch_time=17.62s
[Epoch 061] train_loss=0.2292, train_hard=0.5223, train_soft=0.0863, train_logit_mse=0.4025, train_feature_mse=0.0005, train_acc=0.8309, alpha=0.300, val_acc=0.7673, val_macro_f1=0.6171, val_weighted_f1=0.7519, lr=0.000042, epoch_time=17.80s
Early stopping triggered.
Loaded best KD student checkpoint for final test evaluation.
Best validation macro-F1: 0.6426
Best epoch: 46
Time to best model: 822.14 seconds
Checkpoint size (MB): 0.174
Student size: medium
Teacher used: checkpoints/teacher/teacher_cnn_seed42.pt
Teacher arch: TeacherCNN
Teacher size: large
Checkpoint seed: 42
Test accuracy (KD student): 0.7824
Test macro-F1 (KD student): 0.6308
Test weighted-F1 (KD student): 0.7689
Test classification report:
              precision    recall  f1-score   support

           0       0.77      0.66      0.71       184
           1       0.36      0.14      0.21        56
           2       0.82      0.56      0.67       256
           3       0.79      0.93      0.86       912
           4       0.74      0.69      0.72       242

    accuracy                           0.78      1650
   macro avg       0.70      0.60      0.63      1650
weighted avg       0.77      0.78      0.77      1650

Test confusion matrix:
[[121   0   4  51   8]
 [  3   8   2  36   7]
 [ 14   0 143  77  22]
 [ 15  10  14 852  21]
 [  4   4  11  56 167]]
Inference latency: 1.4083 ms/sample
Parsed metrics for seed 42:
  Accuracy    = 0.7824
  Macro-F1    = 0.6308
  Weighted-F1 = 0.7689

----- SEED 123 -----
Using device: cuda
Seed: 123
Deterministic mode: True
Deterministic warn_only: True
KD hyperparameters: alpha_start=0.300, alpha_end=0.300, temperature=1.00, logit_mse_weight=0.030, feature_mse_weight=0.030, class_weight_gamma=0.00, sampler_power=0.35, label_smoothing=0.000, student_size=medium
Training: batch_size=64, lr=0.0008, epochs=70, patience=15, weight_decay=0.002, grad_clip=1.0, num_workers=2, disable_augmentation=False, use_weighted_sampler=False
Teacher checkpoint path: checkpoints/teacher/teacher_cnn_seed123.pt
Student checkpoint path: /users/40370279/csc4006/code/experiments/3__alpha_sweep/checkpoints/student_A03_seed123.pt
Training set size: 12957
Validation set size: 1637
Test set size: 1650
Number of leads: 12 classes: 5
Classes: ['CD' 'HYP' 'MI' 'NORM' 'STTC']
Trainable parameters (student): 12809
Total parameters (student): 12809
Estimated model size (MB): 0.051
Teacher pooled dim: 896
Student pooled dim: 28
Class weights: [1. 1. 1. 1. 1.]
Training sampler: standard shuffled loader
[Epoch 001] train_loss=0.8286, train_hard=1.1074, train_soft=0.6239, train_logit_mse=1.9613, train_feature_mse=0.0284, train_acc=0.6088, alpha=0.300, val_acc=0.6371, val_macro_f1=0.3108, val_weighted_f1=0.5535, lr=0.000800, epoch_time=19.15s
  -> New best KD student saved to /users/40370279/csc4006/code/experiments/3__alpha_sweep/checkpoints/student_A03_seed123.pt
[Epoch 002] train_loss=0.5864, train_hard=0.8630, train_soft=0.4080, train_logit_mse=1.3784, train_feature_mse=0.0177, train_acc=0.7057, alpha=0.300, val_acc=0.7049, val_macro_f1=0.4682, val_weighted_f1=0.6618, lr=0.000798, epoch_time=18.03s
  -> New best KD student saved to /users/40370279/csc4006/code/experiments/3__alpha_sweep/checkpoints/student_A03_seed123.pt
[Epoch 003] train_loss=0.4839, train_hard=0.7674, train_soft=0.3155, train_logit_mse=1.0792, train_feature_mse=0.0134, train_acc=0.7486, alpha=0.300, val_acc=0.7367, val_macro_f1=0.5235, val_weighted_f1=0.7065, lr=0.000796, epoch_time=17.93s
  -> New best KD student saved to /users/40370279/csc4006/code/experiments/3__alpha_sweep/checkpoints/student_A03_seed123.pt
[Epoch 004] train_loss=0.4409, train_hard=0.7255, train_soft=0.2782, train_logit_mse=0.9424, train_feature_mse=0.0089, train_acc=0.7622, alpha=0.300, val_acc=0.7233, val_macro_f1=0.5017, val_weighted_f1=0.6855, lr=0.000794, epoch_time=17.91s
[Epoch 005] train_loss=0.4029, train_hard=0.6895, train_soft=0.2432, train_logit_mse=0.8545, train_feature_mse=0.0054, train_acc=0.7752, alpha=0.300, val_acc=0.7385, val_macro_f1=0.5248, val_weighted_f1=0.7052, lr=0.000790, epoch_time=17.89s
  -> New best KD student saved to /users/40370279/csc4006/code/experiments/3__alpha_sweep/checkpoints/student_A03_seed123.pt
[Epoch 006] train_loss=0.3861, train_hard=0.6719, train_soft=0.2289, train_logit_mse=0.8081, train_feature_mse=0.0034, train_acc=0.7814, alpha=0.300, val_acc=0.7453, val_macro_f1=0.5464, val_weighted_f1=0.7242, lr=0.000786, epoch_time=17.97s
  -> New best KD student saved to /users/40370279/csc4006/code/experiments/3__alpha_sweep/checkpoints/student_A03_seed123.pt
[Epoch 007] train_loss=0.3701, train_hard=0.6611, train_soft=0.2124, train_logit_mse=0.7701, train_feature_mse=0.0021, train_acc=0.7858, alpha=0.300, val_acc=0.7520, val_macro_f1=0.5458, val_weighted_f1=0.7252, lr=0.000781, epoch_time=17.86s
[Epoch 008] train_loss=0.3592, train_hard=0.6485, train_soft=0.2038, train_logit_mse=0.7339, train_feature_mse=0.0015, train_acc=0.7861, alpha=0.300, val_acc=0.7514, val_macro_f1=0.5613, val_weighted_f1=0.7270, lr=0.000775, epoch_time=18.05s
  -> New best KD student saved to /users/40370279/csc4006/code/experiments/3__alpha_sweep/checkpoints/student_A03_seed123.pt
[Epoch 009] train_loss=0.3469, train_hard=0.6388, train_soft=0.1921, train_logit_mse=0.6939, train_feature_mse=0.0012, train_acc=0.7879, alpha=0.300, val_acc=0.7318, val_macro_f1=0.5683, val_weighted_f1=0.7161, lr=0.000768, epoch_time=17.86s
  -> New best KD student saved to /users/40370279/csc4006/code/experiments/3__alpha_sweep/checkpoints/student_A03_seed123.pt
[Epoch 010] train_loss=0.3412, train_hard=0.6335, train_soft=0.1865, train_logit_mse=0.6856, train_feature_mse=0.0011, train_acc=0.7908, alpha=0.300, val_acc=0.7575, val_macro_f1=0.5900, val_weighted_f1=0.7405, lr=0.000761, epoch_time=17.71s
  -> New best KD student saved to /users/40370279/csc4006/code/experiments/3__alpha_sweep/checkpoints/student_A03_seed123.pt
[Epoch 011] train_loss=0.3309, train_hard=0.6188, train_soft=0.1794, train_logit_mse=0.6553, train_feature_mse=0.0011, train_acc=0.7942, alpha=0.300, val_acc=0.7471, val_macro_f1=0.5822, val_weighted_f1=0.7277, lr=0.000753, epoch_time=17.93s
[Epoch 012] train_loss=0.3270, train_hard=0.6155, train_soft=0.1755, train_logit_mse=0.6505, train_feature_mse=0.0010, train_acc=0.7970, alpha=0.300, val_acc=0.7538, val_macro_f1=0.5933, val_weighted_f1=0.7372, lr=0.000744, epoch_time=17.81s
  -> New best KD student saved to /users/40370279/csc4006/code/experiments/3__alpha_sweep/checkpoints/student_A03_seed123.pt
[Epoch 013] train_loss=0.3201, train_hard=0.6099, train_soft=0.1691, train_logit_mse=0.6265, train_feature_mse=0.0010, train_acc=0.7988, alpha=0.300, val_acc=0.7538, val_macro_f1=0.5833, val_weighted_f1=0.7348, lr=0.000735, epoch_time=17.96s
[Epoch 014] train_loss=0.3161, train_hard=0.6053, train_soft=0.1654, train_logit_mse=0.6238, train_feature_mse=0.0010, train_acc=0.8007, alpha=0.300, val_acc=0.7557, val_macro_f1=0.5914, val_weighted_f1=0.7354, lr=0.000725, epoch_time=17.83s
[Epoch 015] train_loss=0.3108, train_hard=0.6004, train_soft=0.1607, train_logit_mse=0.6031, train_feature_mse=0.0009, train_acc=0.8040, alpha=0.300, val_acc=0.7520, val_macro_f1=0.5758, val_weighted_f1=0.7318, lr=0.000714, epoch_time=17.86s
[Epoch 016] train_loss=0.3077, train_hard=0.5986, train_soft=0.1573, train_logit_mse=0.6000, train_feature_mse=0.0009, train_acc=0.7996, alpha=0.300, val_acc=0.7557, val_macro_f1=0.5995, val_weighted_f1=0.7403, lr=0.000702, epoch_time=17.75s
  -> New best KD student saved to /users/40370279/csc4006/code/experiments/3__alpha_sweep/checkpoints/student_A03_seed123.pt
[Epoch 017] train_loss=0.3031, train_hard=0.5931, train_soft=0.1536, train_logit_mse=0.5890, train_feature_mse=0.0009, train_acc=0.8054, alpha=0.300, val_acc=0.7557, val_macro_f1=0.5986, val_weighted_f1=0.7392, lr=0.000691, epoch_time=17.72s
[Epoch 018] train_loss=0.2975, train_hard=0.5835, train_soft=0.1498, train_logit_mse=0.5866, train_feature_mse=0.0008, train_acc=0.8125, alpha=0.300, val_acc=0.7593, val_macro_f1=0.6085, val_weighted_f1=0.7495, lr=0.000678, epoch_time=17.82s
  -> New best KD student saved to /users/40370279/csc4006/code/experiments/3__alpha_sweep/checkpoints/student_A03_seed123.pt
[Epoch 019] train_loss=0.2962, train_hard=0.5855, train_soft=0.1478, train_logit_mse=0.5681, train_feature_mse=0.0008, train_acc=0.8093, alpha=0.300, val_acc=0.7557, val_macro_f1=0.6139, val_weighted_f1=0.7479, lr=0.000665, epoch_time=17.81s
  -> New best KD student saved to /users/40370279/csc4006/code/experiments/3__alpha_sweep/checkpoints/student_A03_seed123.pt
[Epoch 020] train_loss=0.2913, train_hard=0.5757, train_soft=0.1450, train_logit_mse=0.5692, train_feature_mse=0.0008, train_acc=0.8133, alpha=0.300, val_acc=0.7538, val_macro_f1=0.5902, val_weighted_f1=0.7323, lr=0.000651, epoch_time=17.86s
[Epoch 021] train_loss=0.2881, train_hard=0.5762, train_soft=0.1404, train_logit_mse=0.5622, train_feature_mse=0.0008, train_acc=0.8121, alpha=0.300, val_acc=0.7575, val_macro_f1=0.6066, val_weighted_f1=0.7444, lr=0.000637, epoch_time=17.88s
[Epoch 022] train_loss=0.2851, train_hard=0.5721, train_soft=0.1385, train_logit_mse=0.5496, train_feature_mse=0.0008, train_acc=0.8121, alpha=0.300, val_acc=0.7502, val_macro_f1=0.6011, val_weighted_f1=0.7424, lr=0.000623, epoch_time=17.86s
[Epoch 023] train_loss=0.2825, train_hard=0.5696, train_soft=0.1361, train_logit_mse=0.5429, train_feature_mse=0.0008, train_acc=0.8130, alpha=0.300, val_acc=0.7611, val_macro_f1=0.6106, val_weighted_f1=0.7504, lr=0.000608, epoch_time=17.91s
[Epoch 024] train_loss=0.2802, train_hard=0.5673, train_soft=0.1341, train_logit_mse=0.5375, train_feature_mse=0.0007, train_acc=0.8125, alpha=0.300, val_acc=0.7563, val_macro_f1=0.6003, val_weighted_f1=0.7420, lr=0.000592, epoch_time=17.88s
[Epoch 025] train_loss=0.2764, train_hard=0.5633, train_soft=0.1304, train_logit_mse=0.5372, train_feature_mse=0.0007, train_acc=0.8191, alpha=0.300, val_acc=0.7557, val_macro_f1=0.6074, val_weighted_f1=0.7420, lr=0.000576, epoch_time=17.89s
[Epoch 026] train_loss=0.2739, train_hard=0.5609, train_soft=0.1283, train_logit_mse=0.5264, train_feature_mse=0.0007, train_acc=0.8161, alpha=0.300, val_acc=0.7691, val_macro_f1=0.6197, val_weighted_f1=0.7517, lr=0.000560, epoch_time=17.90s
  -> New best KD student saved to /users/40370279/csc4006/code/experiments/3__alpha_sweep/checkpoints/student_A03_seed123.pt
[Epoch 027] train_loss=0.2734, train_hard=0.5595, train_soft=0.1284, train_logit_mse=0.5239, train_feature_mse=0.0007, train_acc=0.8169, alpha=0.300, val_acc=0.7483, val_macro_f1=0.6007, val_weighted_f1=0.7389, lr=0.000544, epoch_time=17.85s
[Epoch 028] train_loss=0.2674, train_hard=0.5528, train_soft=0.1231, train_logit_mse=0.5132, train_feature_mse=0.0007, train_acc=0.8171, alpha=0.300, val_acc=0.7624, val_macro_f1=0.6167, val_weighted_f1=0.7517, lr=0.000527, epoch_time=17.88s
[Epoch 029] train_loss=0.2720, train_hard=0.5575, train_soft=0.1272, train_logit_mse=0.5216, train_feature_mse=0.0007, train_acc=0.8176, alpha=0.300, val_acc=0.7575, val_macro_f1=0.6069, val_weighted_f1=0.7426, lr=0.000510, epoch_time=17.80s
[Epoch 030] train_loss=0.2685, train_hard=0.5529, train_soft=0.1246, train_logit_mse=0.5139, train_feature_mse=0.0007, train_acc=0.8178, alpha=0.300, val_acc=0.7685, val_macro_f1=0.6369, val_weighted_f1=0.7605, lr=0.000493, epoch_time=17.88s
  -> New best KD student saved to /users/40370279/csc4006/code/experiments/3__alpha_sweep/checkpoints/student_A03_seed123.pt
[Epoch 031] train_loss=0.2623, train_hard=0.5447, train_soft=0.1195, train_logit_mse=0.5082, train_feature_mse=0.0007, train_acc=0.8227, alpha=0.300, val_acc=0.7605, val_macro_f1=0.6241, val_weighted_f1=0.7504, lr=0.000476, epoch_time=17.74s
[Epoch 032] train_loss=0.2641, train_hard=0.5455, train_soft=0.1215, train_logit_mse=0.5141, train_feature_mse=0.0007, train_acc=0.8229, alpha=0.300, val_acc=0.7599, val_macro_f1=0.6240, val_weighted_f1=0.7481, lr=0.000458, epoch_time=17.85s
[Epoch 033] train_loss=0.2636, train_hard=0.5491, train_soft=0.1197, train_logit_mse=0.5026, train_feature_mse=0.0007, train_acc=0.8189, alpha=0.300, val_acc=0.7532, val_macro_f1=0.6111, val_weighted_f1=0.7426, lr=0.000440, epoch_time=17.86s
[Epoch 034] train_loss=0.2605, train_hard=0.5439, train_soft=0.1177, train_logit_mse=0.4985, train_feature_mse=0.0007, train_acc=0.8216, alpha=0.300, val_acc=0.7538, val_macro_f1=0.6046, val_weighted_f1=0.7412, lr=0.000423, epoch_time=17.83s
[Epoch 035] train_loss=0.2585, train_hard=0.5423, train_soft=0.1156, train_logit_mse=0.4954, train_feature_mse=0.0006, train_acc=0.8212, alpha=0.300, val_acc=0.7532, val_macro_f1=0.6059, val_weighted_f1=0.7446, lr=0.000405, epoch_time=17.75s
[Epoch 036] train_loss=0.2555, train_hard=0.5369, train_soft=0.1139, train_logit_mse=0.4920, train_feature_mse=0.0006, train_acc=0.8266, alpha=0.300, val_acc=0.7642, val_macro_f1=0.6285, val_weighted_f1=0.7573, lr=0.000387, epoch_time=17.78s
[Epoch 037] train_loss=0.2542, train_hard=0.5348, train_soft=0.1131, train_logit_mse=0.4855, train_feature_mse=0.0006, train_acc=0.8242, alpha=0.300, val_acc=0.7642, val_macro_f1=0.6206, val_weighted_f1=0.7538, lr=0.000370, epoch_time=17.90s
[Epoch 038] train_loss=0.2548, train_hard=0.5360, train_soft=0.1132, train_logit_mse=0.4917, train_feature_mse=0.0006, train_acc=0.8250, alpha=0.300, val_acc=0.7624, val_macro_f1=0.6183, val_weighted_f1=0.7508, lr=0.000352, epoch_time=17.84s
[Epoch 039] train_loss=0.2539, train_hard=0.5367, train_soft=0.1118, train_logit_mse=0.4853, train_feature_mse=0.0006, train_acc=0.8230, alpha=0.300, val_acc=0.7630, val_macro_f1=0.6108, val_weighted_f1=0.7481, lr=0.000334, epoch_time=17.83s
[Epoch 040] train_loss=0.2550, train_hard=0.5385, train_soft=0.1126, train_logit_mse=0.4883, train_feature_mse=0.0006, train_acc=0.8225, alpha=0.300, val_acc=0.7624, val_macro_f1=0.6167, val_weighted_f1=0.7496, lr=0.000317, epoch_time=17.99s
[Epoch 041] train_loss=0.2500, train_hard=0.5319, train_soft=0.1087, train_logit_mse=0.4772, train_feature_mse=0.0006, train_acc=0.8253, alpha=0.300, val_acc=0.7703, val_macro_f1=0.6313, val_weighted_f1=0.7609, lr=0.000300, epoch_time=17.86s
[Epoch 042] train_loss=0.2510, train_hard=0.5327, train_soft=0.1095, train_logit_mse=0.4848, train_feature_mse=0.0006, train_acc=0.8261, alpha=0.300, val_acc=0.7630, val_macro_f1=0.6085, val_weighted_f1=0.7493, lr=0.000283, epoch_time=17.90s
[Epoch 043] train_loss=0.2478, train_hard=0.5283, train_soft=0.1072, train_logit_mse=0.4750, train_feature_mse=0.0006, train_acc=0.8251, alpha=0.300, val_acc=0.7654, val_macro_f1=0.6244, val_weighted_f1=0.7568, lr=0.000266, epoch_time=17.86s
[Epoch 044] train_loss=0.2464, train_hard=0.5289, train_soft=0.1050, train_logit_mse=0.4727, train_feature_mse=0.0006, train_acc=0.8298, alpha=0.300, val_acc=0.7660, val_macro_f1=0.6230, val_weighted_f1=0.7525, lr=0.000250, epoch_time=17.89s
[Epoch 045] train_loss=0.2465, train_hard=0.5259, train_soft=0.1067, train_logit_mse=0.4681, train_feature_mse=0.0006, train_acc=0.8253, alpha=0.300, val_acc=0.7636, val_macro_f1=0.6224, val_weighted_f1=0.7525, lr=0.000234, epoch_time=17.74s
Early stopping triggered.
Loaded best KD student checkpoint for final test evaluation.
Best validation macro-F1: 0.6369
Best epoch: 30
Time to best model: 544.79 seconds
Checkpoint size (MB): 0.174
Student size: medium
Teacher used: checkpoints/teacher/teacher_cnn_seed123.pt
Teacher arch: TeacherCNN
Teacher size: large
Checkpoint seed: 123
Test accuracy (KD student): 0.7642
Test macro-F1 (KD student): 0.6101
Test weighted-F1 (KD student): 0.7567
Test classification report:
              precision    recall  f1-score   support

           0       0.76      0.70      0.73       184
           1       0.15      0.14      0.15        56
           2       0.76      0.55      0.64       256
           3       0.80      0.91      0.85       912
           4       0.73      0.63      0.68       242

    accuracy                           0.76      1650
   macro avg       0.64      0.59      0.61      1650
weighted avg       0.76      0.76      0.76      1650

Test confusion matrix:
[[129   4   7  40   4]
 [  6   8   3  34   5]
 [ 13   2 142  75  24]
 [ 17  22  21 829  23]
 [  5  16  13  55 153]]
Inference latency: 1.4842 ms/sample
Parsed metrics for seed 123:
  Accuracy    = 0.7642
  Macro-F1    = 0.6101
  Weighted-F1 = 0.7567

----- SEED 999 -----
Using device: cuda
Seed: 999
Deterministic mode: True
Deterministic warn_only: True
KD hyperparameters: alpha_start=0.300, alpha_end=0.300, temperature=1.00, logit_mse_weight=0.030, feature_mse_weight=0.030, class_weight_gamma=0.00, sampler_power=0.35, label_smoothing=0.000, student_size=medium
Training: batch_size=64, lr=0.0008, epochs=70, patience=15, weight_decay=0.002, grad_clip=1.0, num_workers=2, disable_augmentation=False, use_weighted_sampler=False
Teacher checkpoint path: checkpoints/teacher/teacher_cnn_seed999.pt
Student checkpoint path: /users/40370279/csc4006/code/experiments/3__alpha_sweep/checkpoints/student_A03_seed999.pt
Training set size: 12957
Validation set size: 1637
Test set size: 1650
Number of leads: 12 classes: 5
Classes: ['CD' 'HYP' 'MI' 'NORM' 'STTC']
Trainable parameters (student): 12809
Total parameters (student): 12809
Estimated model size (MB): 0.051
Teacher pooled dim: 896
Student pooled dim: 28
Class weights: [1. 1. 1. 1. 1.]
Training sampler: standard shuffled loader
[Epoch 001] train_loss=0.8984, train_hard=1.0827, train_soft=0.7132, train_logit_mse=2.4469, train_feature_mse=0.0321, train_acc=0.6095, alpha=0.300, val_acc=0.6836, val_macro_f1=0.4356, val_weighted_f1=0.6498, lr=0.000800, epoch_time=18.87s
  -> New best KD student saved to /users/40370279/csc4006/code/experiments/3__alpha_sweep/checkpoints/student_A03_seed999.pt
[Epoch 002] train_loss=0.6597, train_hard=0.8528, train_soft=0.4989, train_logit_mse=1.7997, train_feature_mse=0.0205, train_acc=0.7077, alpha=0.300, val_acc=0.7166, val_macro_f1=0.4861, val_weighted_f1=0.6834, lr=0.000798, epoch_time=18.16s
  -> New best KD student saved to /users/40370279/csc4006/code/experiments/3__alpha_sweep/checkpoints/student_A03_seed999.pt
[Epoch 003] train_loss=0.5551, train_hard=0.7550, train_soft=0.4052, train_logit_mse=1.4844, train_feature_mse=0.0152, train_acc=0.7538, alpha=0.300, val_acc=0.7385, val_macro_f1=0.5350, val_weighted_f1=0.7146, lr=0.000796, epoch_time=17.83s
  -> New best KD student saved to /users/40370279/csc4006/code/experiments/3__alpha_sweep/checkpoints/student_A03_seed999.pt
[Epoch 004] train_loss=0.5063, train_hard=0.7114, train_soft=0.3619, train_logit_mse=1.3125, train_feature_mse=0.0081, train_acc=0.7689, alpha=0.300, val_acc=0.7538, val_macro_f1=0.5523, val_weighted_f1=0.7287, lr=0.000794, epoch_time=17.99s
  -> New best KD student saved to /users/40370279/csc4006/code/experiments/3__alpha_sweep/checkpoints/student_A03_seed999.pt
[Epoch 005] train_loss=0.4793, train_hard=0.6872, train_soft=0.3377, train_logit_mse=1.2221, train_feature_mse=0.0046, train_acc=0.7756, alpha=0.300, val_acc=0.7416, val_macro_f1=0.5333, val_weighted_f1=0.7138, lr=0.000790, epoch_time=17.81s
[Epoch 006] train_loss=0.4615, train_hard=0.6751, train_soft=0.3200, train_logit_mse=1.1647, train_feature_mse=0.0028, train_acc=0.7766, alpha=0.300, val_acc=0.7330, val_macro_f1=0.5222, val_weighted_f1=0.7026, lr=0.000786, epoch_time=17.65s
[Epoch 007] train_loss=0.4459, train_hard=0.6627, train_soft=0.3050, train_logit_mse=1.1186, train_feature_mse=0.0018, train_acc=0.7861, alpha=0.300, val_acc=0.7581, val_macro_f1=0.5551, val_weighted_f1=0.7315, lr=0.000781, epoch_time=17.79s
  -> New best KD student saved to /users/40370279/csc4006/code/experiments/3__alpha_sweep/checkpoints/student_A03_seed999.pt
[Epoch 008] train_loss=0.4256, train_hard=0.6385, train_soft=0.2888, train_logit_mse=1.0593, train_feature_mse=0.0014, train_acc=0.7910, alpha=0.300, val_acc=0.7489, val_macro_f1=0.5573, val_weighted_f1=0.7229, lr=0.000775, epoch_time=17.98s
  -> New best KD student saved to /users/40370279/csc4006/code/experiments/3__alpha_sweep/checkpoints/student_A03_seed999.pt
[Epoch 009] train_loss=0.4110, train_hard=0.6281, train_soft=0.2744, train_logit_mse=1.0146, train_feature_mse=0.0013, train_acc=0.7978, alpha=0.300, val_acc=0.7660, val_macro_f1=0.5828, val_weighted_f1=0.7485, lr=0.000768, epoch_time=17.82s
  -> New best KD student saved to /users/40370279/csc4006/code/experiments/3__alpha_sweep/checkpoints/student_A03_seed999.pt
[Epoch 010] train_loss=0.4044, train_hard=0.6227, train_soft=0.2682, train_logit_mse=0.9955, train_feature_mse=0.0012, train_acc=0.7918, alpha=0.300, val_acc=0.7605, val_macro_f1=0.5708, val_weighted_f1=0.7380, lr=0.000761, epoch_time=17.81s
[Epoch 011] train_loss=0.3946, train_hard=0.6138, train_soft=0.2589, train_logit_mse=0.9736, train_feature_mse=0.0012, train_acc=0.7995, alpha=0.300, val_acc=0.7483, val_macro_f1=0.5501, val_weighted_f1=0.7206, lr=0.000753, epoch_time=17.86s
[Epoch 012] train_loss=0.3881, train_hard=0.6075, train_soft=0.2529, train_logit_mse=0.9587, train_feature_mse=0.0011, train_acc=0.8007, alpha=0.300, val_acc=0.7544, val_macro_f1=0.5854, val_weighted_f1=0.7425, lr=0.000744, epoch_time=17.72s
  -> New best KD student saved to /users/40370279/csc4006/code/experiments/3__alpha_sweep/checkpoints/student_A03_seed999.pt
[Epoch 013] train_loss=0.3822, train_hard=0.6038, train_soft=0.2470, train_logit_mse=0.9392, train_feature_mse=0.0011, train_acc=0.8010, alpha=0.300, val_acc=0.7593, val_macro_f1=0.5786, val_weighted_f1=0.7393, lr=0.000735, epoch_time=17.79s
[Epoch 014] train_loss=0.3784, train_hard=0.6032, train_soft=0.2428, train_logit_mse=0.9165, train_feature_mse=0.0011, train_acc=0.8007, alpha=0.300, val_acc=0.7593, val_macro_f1=0.5921, val_weighted_f1=0.7432, lr=0.000725, epoch_time=17.98s
  -> New best KD student saved to /users/40370279/csc4006/code/experiments/3__alpha_sweep/checkpoints/student_A03_seed999.pt
[Epoch 015] train_loss=0.3685, train_hard=0.5919, train_soft=0.2340, train_logit_mse=0.9033, train_feature_mse=0.0010, train_acc=0.8045, alpha=0.300, val_acc=0.7471, val_macro_f1=0.5569, val_weighted_f1=0.7204, lr=0.000714, epoch_time=17.95s
[Epoch 016] train_loss=0.3641, train_hard=0.5864, train_soft=0.2304, train_logit_mse=0.8947, train_feature_mse=0.0010, train_acc=0.8036, alpha=0.300, val_acc=0.7550, val_macro_f1=0.5911, val_weighted_f1=0.7406, lr=0.000702, epoch_time=17.92s
[Epoch 017] train_loss=0.3586, train_hard=0.5831, train_soft=0.2247, train_logit_mse=0.8791, train_feature_mse=0.0010, train_acc=0.8071, alpha=0.300, val_acc=0.7569, val_macro_f1=0.5911, val_weighted_f1=0.7413, lr=0.000691, epoch_time=17.91s
[Epoch 018] train_loss=0.3565, train_hard=0.5788, train_soft=0.2239, train_logit_mse=0.8684, train_feature_mse=0.0009, train_acc=0.8096, alpha=0.300, val_acc=0.7495, val_macro_f1=0.5846, val_weighted_f1=0.7393, lr=0.000678, epoch_time=18.00s
[Epoch 019] train_loss=0.3530, train_hard=0.5776, train_soft=0.2197, train_logit_mse=0.8622, train_feature_mse=0.0009, train_acc=0.8082, alpha=0.300, val_acc=0.7532, val_macro_f1=0.6004, val_weighted_f1=0.7439, lr=0.000665, epoch_time=17.94s
  -> New best KD student saved to /users/40370279/csc4006/code/experiments/3__alpha_sweep/checkpoints/student_A03_seed999.pt
[Epoch 020] train_loss=0.3503, train_hard=0.5751, train_soft=0.2174, train_logit_mse=0.8515, train_feature_mse=0.0009, train_acc=0.8099, alpha=0.300, val_acc=0.7544, val_macro_f1=0.5954, val_weighted_f1=0.7447, lr=0.000651, epoch_time=18.04s
[Epoch 021] train_loss=0.3460, train_hard=0.5712, train_soft=0.2131, train_logit_mse=0.8484, train_feature_mse=0.0009, train_acc=0.8139, alpha=0.300, val_acc=0.7520, val_macro_f1=0.5880, val_weighted_f1=0.7378, lr=0.000637, epoch_time=17.89s
[Epoch 022] train_loss=0.3450, train_hard=0.5712, train_soft=0.2122, train_logit_mse=0.8363, train_feature_mse=0.0009, train_acc=0.8094, alpha=0.300, val_acc=0.7404, val_macro_f1=0.5804, val_weighted_f1=0.7227, lr=0.000623, epoch_time=17.85s
[Epoch 023] train_loss=0.3365, train_hard=0.5623, train_soft=0.2045, train_logit_mse=0.8194, train_feature_mse=0.0009, train_acc=0.8168, alpha=0.300, val_acc=0.7502, val_macro_f1=0.5810, val_weighted_f1=0.7335, lr=0.000608, epoch_time=18.04s
[Epoch 024] train_loss=0.3357, train_hard=0.5593, train_soft=0.2046, train_logit_mse=0.8230, train_feature_mse=0.0009, train_acc=0.8167, alpha=0.300, val_acc=0.7611, val_macro_f1=0.6152, val_weighted_f1=0.7519, lr=0.000592, epoch_time=17.86s
  -> New best KD student saved to /users/40370279/csc4006/code/experiments/3__alpha_sweep/checkpoints/student_A03_seed999.pt
[Epoch 025] train_loss=0.3313, train_hard=0.5550, train_soft=0.2006, train_logit_mse=0.8111, train_feature_mse=0.0009, train_acc=0.8181, alpha=0.300, val_acc=0.7575, val_macro_f1=0.6224, val_weighted_f1=0.7537, lr=0.000576, epoch_time=17.84s
  -> New best KD student saved to /users/40370279/csc4006/code/experiments/3__alpha_sweep/checkpoints/student_A03_seed999.pt
[Epoch 026] train_loss=0.3325, train_hard=0.5601, train_soft=0.2004, train_logit_mse=0.8033, train_feature_mse=0.0009, train_acc=0.8130, alpha=0.300, val_acc=0.7447, val_macro_f1=0.5915, val_weighted_f1=0.7360, lr=0.000560, epoch_time=17.81s
[Epoch 027] train_loss=0.3271, train_hard=0.5514, train_soft=0.1969, train_logit_mse=0.7934, train_feature_mse=0.0008, train_acc=0.8176, alpha=0.300, val_acc=0.7581, val_macro_f1=0.5928, val_weighted_f1=0.7464, lr=0.000544, epoch_time=17.79s
[Epoch 028] train_loss=0.3234, train_hard=0.5500, train_soft=0.1929, train_logit_mse=0.7789, train_feature_mse=0.0008, train_acc=0.8179, alpha=0.300, val_acc=0.7575, val_macro_f1=0.6015, val_weighted_f1=0.7428, lr=0.000527, epoch_time=17.88s
[Epoch 029] train_loss=0.3177, train_hard=0.5436, train_soft=0.1877, train_logit_mse=0.7718, train_feature_mse=0.0008, train_acc=0.8183, alpha=0.300, val_acc=0.7459, val_macro_f1=0.6121, val_weighted_f1=0.7424, lr=0.000510, epoch_time=17.96s
[Epoch 030] train_loss=0.3207, train_hard=0.5458, train_soft=0.1908, train_logit_mse=0.7785, train_feature_mse=0.0008, train_acc=0.8178, alpha=0.300, val_acc=0.7508, val_macro_f1=0.6059, val_weighted_f1=0.7442, lr=0.000493, epoch_time=17.98s
[Epoch 031] train_loss=0.3168, train_hard=0.5430, train_soft=0.1874, train_logit_mse=0.7586, train_feature_mse=0.0008, train_acc=0.8189, alpha=0.300, val_acc=0.7434, val_macro_f1=0.6130, val_weighted_f1=0.7420, lr=0.000476, epoch_time=17.90s
[Epoch 032] train_loss=0.3148, train_hard=0.5385, train_soft=0.1861, train_logit_mse=0.7632, train_feature_mse=0.0008, train_acc=0.8219, alpha=0.300, val_acc=0.7520, val_macro_f1=0.6081, val_weighted_f1=0.7416, lr=0.000458, epoch_time=17.93s
[Epoch 033] train_loss=0.3086, train_hard=0.5333, train_soft=0.1804, train_logit_mse=0.7445, train_feature_mse=0.0008, train_acc=0.8236, alpha=0.300, val_acc=0.7642, val_macro_f1=0.6079, val_weighted_f1=0.7516, lr=0.000440, epoch_time=17.80s
[Epoch 034] train_loss=0.3077, train_hard=0.5328, train_soft=0.1792, train_logit_mse=0.7467, train_feature_mse=0.0008, train_acc=0.8246, alpha=0.300, val_acc=0.7654, val_macro_f1=0.6231, val_weighted_f1=0.7556, lr=0.000423, epoch_time=17.85s
  -> New best KD student saved to /users/40370279/csc4006/code/experiments/3__alpha_sweep/checkpoints/student_A03_seed999.pt
[Epoch 035] train_loss=0.3072, train_hard=0.5329, train_soft=0.1789, train_logit_mse=0.7366, train_feature_mse=0.0008, train_acc=0.8216, alpha=0.300, val_acc=0.7526, val_macro_f1=0.6021, val_weighted_f1=0.7420, lr=0.000405, epoch_time=17.84s
[Epoch 036] train_loss=0.3009, train_hard=0.5247, train_soft=0.1734, train_logit_mse=0.7367, train_feature_mse=0.0008, train_acc=0.8280, alpha=0.300, val_acc=0.7605, val_macro_f1=0.6132, val_weighted_f1=0.7495, lr=0.000387, epoch_time=17.85s
[Epoch 037] train_loss=0.3032, train_hard=0.5275, train_soft=0.1755, train_logit_mse=0.7369, train_feature_mse=0.0007, train_acc=0.8248, alpha=0.300, val_acc=0.7618, val_macro_f1=0.6135, val_weighted_f1=0.7519, lr=0.000370, epoch_time=17.89s
[Epoch 038] train_loss=0.3007, train_hard=0.5254, train_soft=0.1730, train_logit_mse=0.7306, train_feature_mse=0.0007, train_acc=0.8257, alpha=0.300, val_acc=0.7538, val_macro_f1=0.6185, val_weighted_f1=0.7448, lr=0.000352, epoch_time=17.78s
[Epoch 039] train_loss=0.2984, train_hard=0.5209, train_soft=0.1719, train_logit_mse=0.7282, train_feature_mse=0.0007, train_acc=0.8283, alpha=0.300, val_acc=0.7550, val_macro_f1=0.6027, val_weighted_f1=0.7433, lr=0.000334, epoch_time=17.97s
[Epoch 040] train_loss=0.3000, train_hard=0.5247, train_soft=0.1725, train_logit_mse=0.7282, train_feature_mse=0.0007, train_acc=0.8283, alpha=0.300, val_acc=0.7538, val_macro_f1=0.6114, val_weighted_f1=0.7442, lr=0.000317, epoch_time=17.94s
[Epoch 041] train_loss=0.2946, train_hard=0.5198, train_soft=0.1674, train_logit_mse=0.7142, train_feature_mse=0.0007, train_acc=0.8277, alpha=0.300, val_acc=0.7581, val_macro_f1=0.6210, val_weighted_f1=0.7497, lr=0.000300, epoch_time=18.00s
[Epoch 042] train_loss=0.2969, train_hard=0.5224, train_soft=0.1693, train_logit_mse=0.7202, train_feature_mse=0.0007, train_acc=0.8281, alpha=0.300, val_acc=0.7544, val_macro_f1=0.6215, val_weighted_f1=0.7482, lr=0.000283, epoch_time=17.80s
[Epoch 043] train_loss=0.2916, train_hard=0.5155, train_soft=0.1652, train_logit_mse=0.7101, train_feature_mse=0.0007, train_acc=0.8298, alpha=0.300, val_acc=0.7563, val_macro_f1=0.6152, val_weighted_f1=0.7462, lr=0.000266, epoch_time=17.97s
[Epoch 044] train_loss=0.2915, train_hard=0.5152, train_soft=0.1653, train_logit_mse=0.7064, train_feature_mse=0.0007, train_acc=0.8313, alpha=0.300, val_acc=0.7569, val_macro_f1=0.6228, val_weighted_f1=0.7499, lr=0.000250, epoch_time=17.95s
[Epoch 045] train_loss=0.2926, train_hard=0.5183, train_soft=0.1655, train_logit_mse=0.7103, train_feature_mse=0.0007, train_acc=0.8255, alpha=0.300, val_acc=0.7575, val_macro_f1=0.6216, val_weighted_f1=0.7488, lr=0.000234, epoch_time=17.90s
[Epoch 046] train_loss=0.2892, train_hard=0.5147, train_soft=0.1626, train_logit_mse=0.6995, train_feature_mse=0.0007, train_acc=0.8299, alpha=0.300, val_acc=0.7581, val_macro_f1=0.6214, val_weighted_f1=0.7507, lr=0.000218, epoch_time=17.95s
[Epoch 047] train_loss=0.2908, train_hard=0.5144, train_soft=0.1646, train_logit_mse=0.7064, train_feature_mse=0.0007, train_acc=0.8290, alpha=0.300, val_acc=0.7550, val_macro_f1=0.6170, val_weighted_f1=0.7458, lr=0.000202, epoch_time=18.00s
[Epoch 048] train_loss=0.2843, train_hard=0.5081, train_soft=0.1588, train_logit_mse=0.6895, train_feature_mse=0.0007, train_acc=0.8313, alpha=0.300, val_acc=0.7581, val_macro_f1=0.6189, val_weighted_f1=0.7491, lr=0.000187, epoch_time=18.00s
[Epoch 049] train_loss=0.2852, train_hard=0.5111, train_soft=0.1588, train_logit_mse=0.6910, train_feature_mse=0.0007, train_acc=0.8318, alpha=0.300, val_acc=0.7569, val_macro_f1=0.6146, val_weighted_f1=0.7447, lr=0.000173, epoch_time=17.86s
Early stopping triggered.
Loaded best KD student checkpoint for final test evaluation.
Best validation macro-F1: 0.6231
Best epoch: 34
Time to best model: 610.82 seconds
Checkpoint size (MB): 0.174
Student size: medium
Teacher used: checkpoints/teacher/teacher_cnn_seed999.pt
Teacher arch: TeacherCNN
Teacher size: large
Checkpoint seed: 999
Test accuracy (KD student): 0.7727
Test macro-F1 (KD student): 0.6157
Test weighted-F1 (KD student): 0.7640
Test classification report:
              precision    recall  f1-score   support

           0       0.83      0.66      0.74       184
           1       0.15      0.12      0.13        56
           2       0.78      0.59      0.67       256
           3       0.80      0.93      0.86       912
           4       0.75      0.63      0.68       242

    accuracy                           0.77      1650
   macro avg       0.66      0.59      0.62      1650
weighted avg       0.77      0.77      0.76      1650

Test confusion matrix:
[[122   6   6  46   4]
 [  2   7   3  39   5]
 [  7   2 150  76  21]
 [ 13  15  18 844  22]
 [  3  18  16  53 152]]
Inference latency: 1.4447 ms/sample
Parsed metrics for seed 999:
  Accuracy    = 0.7727
  Macro-F1    = 0.6157
  Weighted-F1 = 0.7640

===== EXPERIMENT 3 SUMMARY: ALPHA = 0.3 =====
Alpha        : 0.3
Temperature  : 4
Seeds        : 42 123 999
Accuracy     : 0.7731 ± 0.0074
Macro F1     : 0.6189 ± 0.0087
Weighted F1  : 0.7632 ± 0.0050

Finished at: Sat Mar 28 17:33:12 GMT 2026
