[38;5;127mpython3[0m/[38;5;172m3.10.5[0m/[38;5;67mgcc-9.3.0[0m
 |
 [0;32mOK[0m
[38;5;127mgcc[0m/[38;5;172m9.3.0[0m
 |
 [0;32mOK[0m
===== EXPERIMENT 3: ALPHA = 0.7, TEMPERATURE = 1 =====
Teacher checkpoints source: /users/40370279/csc4006/code/checkpoints/teacher
Student outputs directory : /users/40370279/csc4006/code/experiments/3__alpha_sweep
This job runs multiple seeds: 42, 123, 999
Job ID: 7991913
Host: gpu103.pri.kelvin2.alces.network
Start time: Sat Mar 28 17:24:43 GMT 2026

----- SEED 42 -----
Using device: cuda
Seed: 42
Deterministic mode: True
Deterministic warn_only: True
KD hyperparameters: alpha_start=0.700, alpha_end=0.700, temperature=1.00, logit_mse_weight=0.030, feature_mse_weight=0.030, class_weight_gamma=0.00, sampler_power=0.35, label_smoothing=0.000, student_size=medium
Training: batch_size=64, lr=0.0008, epochs=70, patience=15, weight_decay=0.002, grad_clip=1.0, num_workers=2, disable_augmentation=False, use_weighted_sampler=False
Teacher checkpoint path: checkpoints/teacher/teacher_cnn_seed42.pt
Student checkpoint path: /users/40370279/csc4006/code/experiments/3__alpha_sweep/checkpoints/student_A07_seed42.pt
Training set size: 12957
Validation set size: 1637
Test set size: 1650
Number of leads: 12 classes: 5
Classes: ['CD' 'HYP' 'MI' 'NORM' 'STTC']
Trainable parameters (student): 12809
Total parameters (student): 12809
Estimated model size (MB): 0.051
Teacher pooled dim: 896
Student pooled dim: 28
Class weights: [1. 1. 1. 1. 1.]
Training sampler: standard shuffled loader
[Epoch 001] train_loss=1.0320, train_hard=1.1183, train_soft=0.6253, train_logit_mse=2.0212, train_feature_mse=0.0313, train_acc=0.5886, alpha=0.700, val_acc=0.6652, val_macro_f1=0.4032, val_weighted_f1=0.6026, lr=0.000800, epoch_time=18.98s
  -> New best KD student saved to /users/40370279/csc4006/code/experiments/3__alpha_sweep/checkpoints/student_A07_seed42.pt
[Epoch 002] train_loss=0.7378, train_hard=0.8333, train_soft=0.3851, train_logit_mse=1.2778, train_feature_mse=0.0201, train_acc=0.7222, alpha=0.700, val_acc=0.7398, val_macro_f1=0.5230, val_weighted_f1=0.7058, lr=0.000798, epoch_time=17.95s
  -> New best KD student saved to /users/40370279/csc4006/code/experiments/3__alpha_sweep/checkpoints/student_A07_seed42.pt
[Epoch 003] train_loss=0.6486, train_hard=0.7503, train_soft=0.3075, train_logit_mse=1.0248, train_feature_mse=0.0129, train_acc=0.7513, alpha=0.700, val_acc=0.7337, val_macro_f1=0.5210, val_weighted_f1=0.7068, lr=0.000796, epoch_time=18.03s
[Epoch 004] train_loss=0.6081, train_hard=0.7120, train_soft=0.2735, train_logit_mse=0.9154, train_feature_mse=0.0072, train_acc=0.7607, alpha=0.700, val_acc=0.7538, val_macro_f1=0.5526, val_weighted_f1=0.7285, lr=0.000794, epoch_time=18.13s
  -> New best KD student saved to /users/40370279/csc4006/code/experiments/3__alpha_sweep/checkpoints/student_A07_seed42.pt
[Epoch 005] train_loss=0.5877, train_hard=0.6923, train_soft=0.2568, train_logit_mse=0.8625, train_feature_mse=0.0045, train_acc=0.7705, alpha=0.700, val_acc=0.7398, val_macro_f1=0.5229, val_weighted_f1=0.7059, lr=0.000790, epoch_time=18.06s
[Epoch 006] train_loss=0.5726, train_hard=0.6793, train_soft=0.2418, train_logit_mse=0.8159, train_feature_mse=0.0030, train_acc=0.7765, alpha=0.700, val_acc=0.7410, val_macro_f1=0.5343, val_weighted_f1=0.7116, lr=0.000786, epoch_time=18.11s
[Epoch 007] train_loss=0.5582, train_hard=0.6650, train_soft=0.2293, train_logit_mse=0.7924, train_feature_mse=0.0021, train_acc=0.7775, alpha=0.700, val_acc=0.7489, val_macro_f1=0.5530, val_weighted_f1=0.7292, lr=0.000781, epoch_time=18.17s
  -> New best KD student saved to /users/40370279/csc4006/code/experiments/3__alpha_sweep/checkpoints/student_A07_seed42.pt
[Epoch 008] train_loss=0.5473, train_hard=0.6531, train_soft=0.2231, train_logit_mse=0.7734, train_feature_mse=0.0016, train_acc=0.7806, alpha=0.700, val_acc=0.7202, val_macro_f1=0.4876, val_weighted_f1=0.6762, lr=0.000775, epoch_time=18.26s
[Epoch 009] train_loss=0.5352, train_hard=0.6412, train_soft=0.2130, train_logit_mse=0.7474, train_feature_mse=0.0014, train_acc=0.7831, alpha=0.700, val_acc=0.7489, val_macro_f1=0.5571, val_weighted_f1=0.7323, lr=0.000768, epoch_time=18.24s
  -> New best KD student saved to /users/40370279/csc4006/code/experiments/3__alpha_sweep/checkpoints/student_A07_seed42.pt
[Epoch 010] train_loss=0.5250, train_hard=0.6322, train_soft=0.2023, train_logit_mse=0.7251, train_feature_mse=0.0013, train_acc=0.7863, alpha=0.700, val_acc=0.7599, val_macro_f1=0.5628, val_weighted_f1=0.7370, lr=0.000761, epoch_time=18.06s
  -> New best KD student saved to /users/40370279/csc4006/code/experiments/3__alpha_sweep/checkpoints/student_A07_seed42.pt
[Epoch 011] train_loss=0.5212, train_hard=0.6291, train_soft=0.1980, train_logit_mse=0.7113, train_feature_mse=0.0012, train_acc=0.7934, alpha=0.700, val_acc=0.7489, val_macro_f1=0.5449, val_weighted_f1=0.7219, lr=0.000753, epoch_time=18.14s
[Epoch 012] train_loss=0.5095, train_hard=0.6152, train_soft=0.1930, train_logit_mse=0.6993, train_feature_mse=0.0012, train_acc=0.7940, alpha=0.700, val_acc=0.7514, val_macro_f1=0.5543, val_weighted_f1=0.7274, lr=0.000744, epoch_time=18.12s
[Epoch 013] train_loss=0.5068, train_hard=0.6143, train_soft=0.1879, train_logit_mse=0.6786, train_feature_mse=0.0011, train_acc=0.7938, alpha=0.700, val_acc=0.7538, val_macro_f1=0.5498, val_weighted_f1=0.7255, lr=0.000735, epoch_time=18.08s
[Epoch 014] train_loss=0.4983, train_hard=0.6055, train_soft=0.1818, train_logit_mse=0.6644, train_feature_mse=0.0010, train_acc=0.7990, alpha=0.700, val_acc=0.7422, val_macro_f1=0.5395, val_weighted_f1=0.7169, lr=0.000725, epoch_time=18.25s
[Epoch 015] train_loss=0.4978, train_hard=0.6058, train_soft=0.1796, train_logit_mse=0.6618, train_feature_mse=0.0010, train_acc=0.7993, alpha=0.700, val_acc=0.7587, val_macro_f1=0.5577, val_weighted_f1=0.7317, lr=0.000714, epoch_time=18.07s
[Epoch 016] train_loss=0.4892, train_hard=0.5968, train_soft=0.1735, train_logit_mse=0.6442, train_feature_mse=0.0010, train_acc=0.8023, alpha=0.700, val_acc=0.7618, val_macro_f1=0.5629, val_weighted_f1=0.7368, lr=0.000702, epoch_time=18.00s
  -> New best KD student saved to /users/40370279/csc4006/code/experiments/3__alpha_sweep/checkpoints/student_A07_seed42.pt
[Epoch 017] train_loss=0.4871, train_hard=0.5948, train_soft=0.1724, train_logit_mse=0.6340, train_feature_mse=0.0010, train_acc=0.8003, alpha=0.700, val_acc=0.7410, val_macro_f1=0.5442, val_weighted_f1=0.7191, lr=0.000691, epoch_time=18.14s
[Epoch 018] train_loss=0.4816, train_hard=0.5892, train_soft=0.1677, train_logit_mse=0.6276, train_feature_mse=0.0010, train_acc=0.8036, alpha=0.700, val_acc=0.7599, val_macro_f1=0.5588, val_weighted_f1=0.7336, lr=0.000678, epoch_time=18.18s
[Epoch 019] train_loss=0.4766, train_hard=0.5836, train_soft=0.1648, train_logit_mse=0.6199, train_feature_mse=0.0009, train_acc=0.8082, alpha=0.700, val_acc=0.7624, val_macro_f1=0.5650, val_weighted_f1=0.7377, lr=0.000665, epoch_time=18.14s
  -> New best KD student saved to /users/40370279/csc4006/code/experiments/3__alpha_sweep/checkpoints/student_A07_seed42.pt
[Epoch 020] train_loss=0.4748, train_hard=0.5816, train_soft=0.1641, train_logit_mse=0.6114, train_feature_mse=0.0009, train_acc=0.8059, alpha=0.700, val_acc=0.7679, val_macro_f1=0.5801, val_weighted_f1=0.7472, lr=0.000651, epoch_time=18.25s
  -> New best KD student saved to /users/40370279/csc4006/code/experiments/3__alpha_sweep/checkpoints/student_A07_seed42.pt
[Epoch 021] train_loss=0.4707, train_hard=0.5771, train_soft=0.1612, train_logit_mse=0.6112, train_feature_mse=0.0009, train_acc=0.8066, alpha=0.700, val_acc=0.7642, val_macro_f1=0.5725, val_weighted_f1=0.7444, lr=0.000637, epoch_time=18.19s
[Epoch 022] train_loss=0.4644, train_hard=0.5705, train_soft=0.1570, train_logit_mse=0.5978, train_feature_mse=0.0009, train_acc=0.8094, alpha=0.700, val_acc=0.7611, val_macro_f1=0.5655, val_weighted_f1=0.7362, lr=0.000623, epoch_time=18.45s
[Epoch 023] train_loss=0.4633, train_hard=0.5704, train_soft=0.1538, train_logit_mse=0.5944, train_feature_mse=0.0009, train_acc=0.8100, alpha=0.700, val_acc=0.7630, val_macro_f1=0.5662, val_weighted_f1=0.7404, lr=0.000608, epoch_time=18.21s
[Epoch 024] train_loss=0.4595, train_hard=0.5667, train_soft=0.1507, train_logit_mse=0.5840, train_feature_mse=0.0008, train_acc=0.8091, alpha=0.700, val_acc=0.7575, val_macro_f1=0.5644, val_weighted_f1=0.7324, lr=0.000592, epoch_time=18.24s
[Epoch 025] train_loss=0.4558, train_hard=0.5613, train_soft=0.1509, train_logit_mse=0.5886, train_feature_mse=0.0008, train_acc=0.8140, alpha=0.700, val_acc=0.7624, val_macro_f1=0.5788, val_weighted_f1=0.7448, lr=0.000576, epoch_time=18.16s
[Epoch 026] train_loss=0.4501, train_hard=0.5557, train_soft=0.1460, train_logit_mse=0.5766, train_feature_mse=0.0008, train_acc=0.8152, alpha=0.700, val_acc=0.7611, val_macro_f1=0.5578, val_weighted_f1=0.7335, lr=0.000560, epoch_time=18.18s
[Epoch 027] train_loss=0.4516, train_hard=0.5572, train_soft=0.1476, train_logit_mse=0.5767, train_feature_mse=0.0008, train_acc=0.8138, alpha=0.700, val_acc=0.7618, val_macro_f1=0.5747, val_weighted_f1=0.7390, lr=0.000544, epoch_time=18.18s
[Epoch 028] train_loss=0.4496, train_hard=0.5554, train_soft=0.1453, train_logit_mse=0.5731, train_feature_mse=0.0008, train_acc=0.8157, alpha=0.700, val_acc=0.7648, val_macro_f1=0.5784, val_weighted_f1=0.7460, lr=0.000527, epoch_time=18.20s
[Epoch 029] train_loss=0.4478, train_hard=0.5529, train_soft=0.1452, train_logit_mse=0.5733, train_feature_mse=0.0008, train_acc=0.8167, alpha=0.700, val_acc=0.7666, val_macro_f1=0.5775, val_weighted_f1=0.7452, lr=0.000510, epoch_time=18.23s
[Epoch 030] train_loss=0.4457, train_hard=0.5519, train_soft=0.1421, train_logit_mse=0.5578, train_feature_mse=0.0007, train_acc=0.8164, alpha=0.700, val_acc=0.7532, val_macro_f1=0.5479, val_weighted_f1=0.7243, lr=0.000493, epoch_time=18.20s
[Epoch 031] train_loss=0.4426, train_hard=0.5484, train_soft=0.1406, train_logit_mse=0.5530, train_feature_mse=0.0007, train_acc=0.8194, alpha=0.700, val_acc=0.7673, val_macro_f1=0.5736, val_weighted_f1=0.7424, lr=0.000476, epoch_time=18.27s
[Epoch 032] train_loss=0.4369, train_hard=0.5413, train_soft=0.1376, train_logit_mse=0.5563, train_feature_mse=0.0007, train_acc=0.8179, alpha=0.700, val_acc=0.7630, val_macro_f1=0.5731, val_weighted_f1=0.7385, lr=0.000458, epoch_time=18.11s
[Epoch 033] train_loss=0.4384, train_hard=0.5431, train_soft=0.1386, train_logit_mse=0.5533, train_feature_mse=0.0007, train_acc=0.8208, alpha=0.700, val_acc=0.7715, val_macro_f1=0.5901, val_weighted_f1=0.7511, lr=0.000440, epoch_time=18.22s
  -> New best KD student saved to /users/40370279/csc4006/code/experiments/3__alpha_sweep/checkpoints/student_A07_seed42.pt
[Epoch 034] train_loss=0.4339, train_hard=0.5374, train_soft=0.1370, train_logit_mse=0.5531, train_feature_mse=0.0007, train_acc=0.8211, alpha=0.700, val_acc=0.7709, val_macro_f1=0.5884, val_weighted_f1=0.7501, lr=0.000423, epoch_time=18.20s
[Epoch 035] train_loss=0.4321, train_hard=0.5353, train_soft=0.1358, train_logit_mse=0.5534, train_feature_mse=0.0007, train_acc=0.8226, alpha=0.700, val_acc=0.7685, val_macro_f1=0.5819, val_weighted_f1=0.7487, lr=0.000405, epoch_time=18.32s
[Epoch 036] train_loss=0.4332, train_hard=0.5366, train_soft=0.1368, train_logit_mse=0.5521, train_feature_mse=0.0007, train_acc=0.8191, alpha=0.700, val_acc=0.7660, val_macro_f1=0.5727, val_weighted_f1=0.7412, lr=0.000387, epoch_time=18.24s
[Epoch 037] train_loss=0.4268, train_hard=0.5292, train_soft=0.1331, train_logit_mse=0.5468, train_feature_mse=0.0007, train_acc=0.8230, alpha=0.700, val_acc=0.7697, val_macro_f1=0.5858, val_weighted_f1=0.7481, lr=0.000370, epoch_time=18.21s
[Epoch 038] train_loss=0.4256, train_hard=0.5287, train_soft=0.1308, train_logit_mse=0.5418, train_feature_mse=0.0007, train_acc=0.8246, alpha=0.700, val_acc=0.7673, val_macro_f1=0.5790, val_weighted_f1=0.7444, lr=0.000352, epoch_time=18.25s
[Epoch 039] train_loss=0.4262, train_hard=0.5291, train_soft=0.1316, train_logit_mse=0.5442, train_feature_mse=0.0007, train_acc=0.8239, alpha=0.700, val_acc=0.7599, val_macro_f1=0.5707, val_weighted_f1=0.7390, lr=0.000334, epoch_time=18.19s
[Epoch 040] train_loss=0.4248, train_hard=0.5280, train_soft=0.1300, train_logit_mse=0.5396, train_feature_mse=0.0007, train_acc=0.8247, alpha=0.700, val_acc=0.7703, val_macro_f1=0.5852, val_weighted_f1=0.7530, lr=0.000317, epoch_time=18.25s
[Epoch 041] train_loss=0.4230, train_hard=0.5259, train_soft=0.1296, train_logit_mse=0.5311, train_feature_mse=0.0007, train_acc=0.8241, alpha=0.700, val_acc=0.7715, val_macro_f1=0.5770, val_weighted_f1=0.7488, lr=0.000300, epoch_time=18.22s
[Epoch 042] train_loss=0.4190, train_hard=0.5206, train_soft=0.1283, train_logit_mse=0.5348, train_feature_mse=0.0007, train_acc=0.8259, alpha=0.700, val_acc=0.7624, val_macro_f1=0.5677, val_weighted_f1=0.7372, lr=0.000283, epoch_time=18.19s
[Epoch 043] train_loss=0.4174, train_hard=0.5191, train_soft=0.1269, train_logit_mse=0.5309, train_feature_mse=0.0007, train_acc=0.8267, alpha=0.700, val_acc=0.7679, val_macro_f1=0.5788, val_weighted_f1=0.7472, lr=0.000266, epoch_time=18.20s
[Epoch 044] train_loss=0.4154, train_hard=0.5169, train_soft=0.1254, train_logit_mse=0.5314, train_feature_mse=0.0006, train_acc=0.8264, alpha=0.700, val_acc=0.7630, val_macro_f1=0.5708, val_weighted_f1=0.7395, lr=0.000250, epoch_time=18.26s
[Epoch 045] train_loss=0.4142, train_hard=0.5158, train_soft=0.1246, train_logit_mse=0.5251, train_feature_mse=0.0006, train_acc=0.8279, alpha=0.700, val_acc=0.7709, val_macro_f1=0.5813, val_weighted_f1=0.7494, lr=0.000234, epoch_time=18.21s
[Epoch 046] train_loss=0.4179, train_hard=0.5200, train_soft=0.1267, train_logit_mse=0.5285, train_feature_mse=0.0006, train_acc=0.8282, alpha=0.700, val_acc=0.7691, val_macro_f1=0.5879, val_weighted_f1=0.7499, lr=0.000218, epoch_time=18.27s
[Epoch 047] train_loss=0.4135, train_hard=0.5155, train_soft=0.1232, train_logit_mse=0.5218, train_feature_mse=0.0006, train_acc=0.8290, alpha=0.700, val_acc=0.7679, val_macro_f1=0.5802, val_weighted_f1=0.7450, lr=0.000202, epoch_time=18.32s
[Epoch 048] train_loss=0.4163, train_hard=0.5182, train_soft=0.1261, train_logit_mse=0.5264, train_feature_mse=0.0006, train_acc=0.8272, alpha=0.700, val_acc=0.7691, val_macro_f1=0.5816, val_weighted_f1=0.7460, lr=0.000187, epoch_time=18.21s
Early stopping triggered.
Loaded best KD student checkpoint for final test evaluation.
Best validation macro-F1: 0.5901
Best epoch: 33
Time to best model: 602.24 seconds
Checkpoint size (MB): 0.174
Student size: medium
Teacher used: checkpoints/teacher/teacher_cnn_seed42.pt
Teacher arch: TeacherCNN
Teacher size: large
Checkpoint seed: 42
Test accuracy (KD student): 0.7782
Test macro-F1 (KD student): 0.5888
Test weighted-F1 (KD student): 0.7570
Test classification report:
              precision    recall  f1-score   support

           0       0.84      0.62      0.71       184
           1       0.33      0.02      0.03        56
           2       0.77      0.55      0.64       256
           3       0.78      0.95      0.86       912
           4       0.73      0.67      0.69       242

    accuracy                           0.78      1650
   macro avg       0.69      0.56      0.59      1650
weighted avg       0.76      0.78      0.76      1650

Test confusion matrix:
[[114   1  10  51   8]
 [  2   1   2  47   4]
 [  6   0 141  80  29]
 [  9   0  16 867  20]
 [  4   1  14  62 161]]
Inference latency: 1.4913 ms/sample
Parsed metrics for seed 42:
  Accuracy    = 0.7782
  Macro-F1    = 0.5888
  Weighted-F1 = 0.7570

----- SEED 123 -----
Using device: cuda
Seed: 123
Deterministic mode: True
Deterministic warn_only: True
KD hyperparameters: alpha_start=0.700, alpha_end=0.700, temperature=1.00, logit_mse_weight=0.030, feature_mse_weight=0.030, class_weight_gamma=0.00, sampler_power=0.35, label_smoothing=0.000, student_size=medium
Training: batch_size=64, lr=0.0008, epochs=70, patience=15, weight_decay=0.002, grad_clip=1.0, num_workers=2, disable_augmentation=False, use_weighted_sampler=False
Teacher checkpoint path: checkpoints/teacher/teacher_cnn_seed123.pt
Student checkpoint path: /users/40370279/csc4006/code/experiments/3__alpha_sweep/checkpoints/student_A07_seed123.pt
Training set size: 12957
Validation set size: 1637
Test set size: 1650
Number of leads: 12 classes: 5
Classes: ['CD' 'HYP' 'MI' 'NORM' 'STTC']
Trainable parameters (student): 12809
Total parameters (student): 12809
Estimated model size (MB): 0.051
Teacher pooled dim: 896
Student pooled dim: 28
Class weights: [1. 1. 1. 1. 1.]
Training sampler: standard shuffled loader
[Epoch 001] train_loss=1.0190, train_hard=1.0988, train_soft=0.6311, train_logit_mse=1.9899, train_feature_mse=0.0288, train_acc=0.6089, alpha=0.700, val_acc=0.6451, val_macro_f1=0.3229, val_weighted_f1=0.5677, lr=0.000800, epoch_time=19.31s
  -> New best KD student saved to /users/40370279/csc4006/code/experiments/3__alpha_sweep/checkpoints/student_A07_seed123.pt
[Epoch 002] train_loss=0.7784, train_hard=0.8631, train_soft=0.4339, train_logit_mse=1.4507, train_feature_mse=0.0180, train_acc=0.6955, alpha=0.700, val_acc=0.6891, val_macro_f1=0.4407, val_weighted_f1=0.6388, lr=0.000798, epoch_time=18.30s
  -> New best KD student saved to /users/40370279/csc4006/code/experiments/3__alpha_sweep/checkpoints/student_A07_seed123.pt
[Epoch 003] train_loss=0.6891, train_hard=0.7807, train_soft=0.3536, train_logit_mse=1.2065, train_feature_mse=0.0134, train_acc=0.7468, alpha=0.700, val_acc=0.7367, val_macro_f1=0.5233, val_weighted_f1=0.7065, lr=0.000796, epoch_time=18.06s
  -> New best KD student saved to /users/40370279/csc4006/code/experiments/3__alpha_sweep/checkpoints/student_A07_seed123.pt
[Epoch 004] train_loss=0.6310, train_hard=0.7254, train_soft=0.3073, train_logit_mse=1.0243, train_feature_mse=0.0090, train_acc=0.7611, alpha=0.700, val_acc=0.7379, val_macro_f1=0.5229, val_weighted_f1=0.7051, lr=0.000794, epoch_time=18.19s
[Epoch 005] train_loss=0.5960, train_hard=0.6913, train_soft=0.2784, train_logit_mse=0.9455, train_feature_mse=0.0054, train_acc=0.7725, alpha=0.700, val_acc=0.7312, val_macro_f1=0.5098, val_weighted_f1=0.6938, lr=0.000790, epoch_time=18.16s
[Epoch 006] train_loss=0.5745, train_hard=0.6694, train_soft=0.2630, train_logit_mse=0.8974, train_feature_mse=0.0031, train_acc=0.7795, alpha=0.700, val_acc=0.7416, val_macro_f1=0.5361, val_weighted_f1=0.7161, lr=0.000786, epoch_time=18.19s
  -> New best KD student saved to /users/40370279/csc4006/code/experiments/3__alpha_sweep/checkpoints/student_A07_seed123.pt
[Epoch 007] train_loss=0.5585, train_hard=0.6561, train_soft=0.2455, train_logit_mse=0.8496, train_feature_mse=0.0020, train_acc=0.7844, alpha=0.700, val_acc=0.7471, val_macro_f1=0.5363, val_weighted_f1=0.7159, lr=0.000781, epoch_time=18.31s
  -> New best KD student saved to /users/40370279/csc4006/code/experiments/3__alpha_sweep/checkpoints/student_A07_seed123.pt
[Epoch 008] train_loss=0.5473, train_hard=0.6448, train_soft=0.2375, train_logit_mse=0.8218, train_feature_mse=0.0015, train_acc=0.7875, alpha=0.700, val_acc=0.7587, val_macro_f1=0.5570, val_weighted_f1=0.7347, lr=0.000775, epoch_time=18.42s
  -> New best KD student saved to /users/40370279/csc4006/code/experiments/3__alpha_sweep/checkpoints/student_A07_seed123.pt
[Epoch 009] train_loss=0.5371, train_hard=0.6364, train_soft=0.2269, train_logit_mse=0.7833, train_feature_mse=0.0013, train_acc=0.7885, alpha=0.700, val_acc=0.7483, val_macro_f1=0.5467, val_weighted_f1=0.7237, lr=0.000768, epoch_time=18.22s
[Epoch 010] train_loss=0.5272, train_hard=0.6269, train_soft=0.2178, train_logit_mse=0.7668, train_feature_mse=0.0012, train_acc=0.7919, alpha=0.700, val_acc=0.7557, val_macro_f1=0.5490, val_weighted_f1=0.7267, lr=0.000761, epoch_time=18.19s
[Epoch 011] train_loss=0.5136, train_hard=0.6120, train_soft=0.2098, train_logit_mse=0.7414, train_feature_mse=0.0011, train_acc=0.7964, alpha=0.700, val_acc=0.7392, val_macro_f1=0.5224, val_weighted_f1=0.7023, lr=0.000753, epoch_time=18.25s
[Epoch 012] train_loss=0.5119, train_hard=0.6116, train_soft=0.2064, train_logit_mse=0.7287, train_feature_mse=0.0011, train_acc=0.7960, alpha=0.700, val_acc=0.7544, val_macro_f1=0.5436, val_weighted_f1=0.7207, lr=0.000744, epoch_time=18.18s
[Epoch 013] train_loss=0.5025, train_hard=0.6027, train_soft=0.1974, train_logit_mse=0.7100, train_feature_mse=0.0010, train_acc=0.7955, alpha=0.700, val_acc=0.7434, val_macro_f1=0.5314, val_weighted_f1=0.7088, lr=0.000735, epoch_time=18.28s
[Epoch 014] train_loss=0.4979, train_hard=0.5981, train_soft=0.1938, train_logit_mse=0.7019, train_feature_mse=0.0010, train_acc=0.8011, alpha=0.700, val_acc=0.7514, val_macro_f1=0.5392, val_weighted_f1=0.7180, lr=0.000725, epoch_time=18.12s
[Epoch 015] train_loss=0.4942, train_hard=0.5944, train_soft=0.1911, train_logit_mse=0.6941, train_feature_mse=0.0010, train_acc=0.8026, alpha=0.700, val_acc=0.7624, val_macro_f1=0.5634, val_weighted_f1=0.7385, lr=0.000714, epoch_time=18.21s
  -> New best KD student saved to /users/40370279/csc4006/code/experiments/3__alpha_sweep/checkpoints/student_A07_seed123.pt
[Epoch 016] train_loss=0.4920, train_hard=0.5921, train_soft=0.1894, train_logit_mse=0.6883, train_feature_mse=0.0010, train_acc=0.8018, alpha=0.700, val_acc=0.7526, val_macro_f1=0.5429, val_weighted_f1=0.7225, lr=0.000702, epoch_time=18.22s
[Epoch 017] train_loss=0.4868, train_hard=0.5871, train_soft=0.1840, train_logit_mse=0.6845, train_feature_mse=0.0010, train_acc=0.8051, alpha=0.700, val_acc=0.7611, val_macro_f1=0.5601, val_weighted_f1=0.7328, lr=0.000691, epoch_time=18.25s
[Epoch 018] train_loss=0.4774, train_hard=0.5766, train_soft=0.1786, train_logit_mse=0.6746, train_feature_mse=0.0009, train_acc=0.8086, alpha=0.700, val_acc=0.7605, val_macro_f1=0.5611, val_weighted_f1=0.7365, lr=0.000678, epoch_time=18.28s
[Epoch 019] train_loss=0.4768, train_hard=0.5768, train_soft=0.1769, train_logit_mse=0.6643, train_feature_mse=0.0009, train_acc=0.8084, alpha=0.700, val_acc=0.7697, val_macro_f1=0.5842, val_weighted_f1=0.7502, lr=0.000665, epoch_time=18.16s
  -> New best KD student saved to /users/40370279/csc4006/code/experiments/3__alpha_sweep/checkpoints/student_A07_seed123.pt
[Epoch 020] train_loss=0.4706, train_hard=0.5690, train_soft=0.1747, train_logit_mse=0.6634, train_feature_mse=0.0009, train_acc=0.8102, alpha=0.700, val_acc=0.7477, val_macro_f1=0.5380, val_weighted_f1=0.7151, lr=0.000651, epoch_time=18.20s
[Epoch 021] train_loss=0.4690, train_hard=0.5683, train_soft=0.1715, train_logit_mse=0.6578, train_feature_mse=0.0009, train_acc=0.8084, alpha=0.700, val_acc=0.7611, val_macro_f1=0.5661, val_weighted_f1=0.7354, lr=0.000637, epoch_time=18.16s
[Epoch 022] train_loss=0.4638, train_hard=0.5628, train_soft=0.1681, train_logit_mse=0.6461, train_feature_mse=0.0009, train_acc=0.8118, alpha=0.700, val_acc=0.7673, val_macro_f1=0.5763, val_weighted_f1=0.7426, lr=0.000623, epoch_time=18.21s
[Epoch 023] train_loss=0.4586, train_hard=0.5582, train_soft=0.1632, train_logit_mse=0.6312, train_feature_mse=0.0008, train_acc=0.8133, alpha=0.700, val_acc=0.7605, val_macro_f1=0.5700, val_weighted_f1=0.7383, lr=0.000608, epoch_time=18.17s
[Epoch 024] train_loss=0.4592, train_hard=0.5585, train_soft=0.1637, train_logit_mse=0.6377, train_feature_mse=0.0008, train_acc=0.8128, alpha=0.700, val_acc=0.7679, val_macro_f1=0.5745, val_weighted_f1=0.7445, lr=0.000592, epoch_time=18.31s
[Epoch 025] train_loss=0.4558, train_hard=0.5544, train_soft=0.1619, train_logit_mse=0.6362, train_feature_mse=0.0008, train_acc=0.8145, alpha=0.700, val_acc=0.7648, val_macro_f1=0.5659, val_weighted_f1=0.7384, lr=0.000576, epoch_time=18.33s
[Epoch 026] train_loss=0.4517, train_hard=0.5510, train_soft=0.1576, train_logit_mse=0.6232, train_feature_mse=0.0008, train_acc=0.8176, alpha=0.700, val_acc=0.7605, val_macro_f1=0.5655, val_weighted_f1=0.7338, lr=0.000560, epoch_time=18.26s
[Epoch 027] train_loss=0.4501, train_hard=0.5484, train_soft=0.1578, train_logit_mse=0.6280, train_feature_mse=0.0008, train_acc=0.8159, alpha=0.700, val_acc=0.7715, val_macro_f1=0.5883, val_weighted_f1=0.7502, lr=0.000544, epoch_time=18.25s
  -> New best KD student saved to /users/40370279/csc4006/code/experiments/3__alpha_sweep/checkpoints/student_A07_seed123.pt
[Epoch 028] train_loss=0.4439, train_hard=0.5415, train_soft=0.1545, train_logit_mse=0.6147, train_feature_mse=0.0008, train_acc=0.8192, alpha=0.700, val_acc=0.7666, val_macro_f1=0.5802, val_weighted_f1=0.7426, lr=0.000527, epoch_time=18.24s
[Epoch 029] train_loss=0.4475, train_hard=0.5459, train_soft=0.1559, train_logit_mse=0.6195, train_feature_mse=0.0008, train_acc=0.8202, alpha=0.700, val_acc=0.7624, val_macro_f1=0.5640, val_weighted_f1=0.7338, lr=0.000510, epoch_time=18.30s
[Epoch 030] train_loss=0.4424, train_hard=0.5392, train_soft=0.1544, train_logit_mse=0.6196, train_feature_mse=0.0008, train_acc=0.8218, alpha=0.700, val_acc=0.7709, val_macro_f1=0.5809, val_weighted_f1=0.7468, lr=0.000493, epoch_time=18.27s
[Epoch 031] train_loss=0.4378, train_hard=0.5352, train_soft=0.1496, train_logit_mse=0.6104, train_feature_mse=0.0007, train_acc=0.8217, alpha=0.700, val_acc=0.7715, val_macro_f1=0.5870, val_weighted_f1=0.7479, lr=0.000476, epoch_time=18.23s
[Epoch 032] train_loss=0.4364, train_hard=0.5320, train_soft=0.1516, train_logit_mse=0.6160, train_feature_mse=0.0007, train_acc=0.8210, alpha=0.700, val_acc=0.7624, val_macro_f1=0.5627, val_weighted_f1=0.7352, lr=0.000458, epoch_time=18.24s
[Epoch 033] train_loss=0.4393, train_hard=0.5371, train_soft=0.1504, train_logit_mse=0.6070, train_feature_mse=0.0007, train_acc=0.8240, alpha=0.700, val_acc=0.7654, val_macro_f1=0.5843, val_weighted_f1=0.7448, lr=0.000440, epoch_time=18.22s
[Epoch 034] train_loss=0.4372, train_hard=0.5346, train_soft=0.1488, train_logit_mse=0.6088, train_feature_mse=0.0007, train_acc=0.8211, alpha=0.700, val_acc=0.7691, val_macro_f1=0.5824, val_weighted_f1=0.7454, lr=0.000423, epoch_time=18.14s
[Epoch 035] train_loss=0.4333, train_hard=0.5308, train_soft=0.1459, train_logit_mse=0.5984, train_feature_mse=0.0007, train_acc=0.8216, alpha=0.700, val_acc=0.7697, val_macro_f1=0.5826, val_weighted_f1=0.7483, lr=0.000405, epoch_time=18.15s
[Epoch 036] train_loss=0.4278, train_hard=0.5236, train_soft=0.1433, train_logit_mse=0.6071, train_feature_mse=0.0007, train_acc=0.8275, alpha=0.700, val_acc=0.7673, val_macro_f1=0.5795, val_weighted_f1=0.7476, lr=0.000387, epoch_time=18.16s
[Epoch 037] train_loss=0.4264, train_hard=0.5226, train_soft=0.1430, train_logit_mse=0.5893, train_feature_mse=0.0007, train_acc=0.8277, alpha=0.700, val_acc=0.7691, val_macro_f1=0.5827, val_weighted_f1=0.7487, lr=0.000370, epoch_time=18.13s
[Epoch 038] train_loss=0.4289, train_hard=0.5248, train_soft=0.1446, train_logit_mse=0.6049, train_feature_mse=0.0007, train_acc=0.8232, alpha=0.700, val_acc=0.7709, val_macro_f1=0.5795, val_weighted_f1=0.7471, lr=0.000352, epoch_time=18.25s
[Epoch 039] train_loss=0.4258, train_hard=0.5220, train_soft=0.1420, train_logit_mse=0.5920, train_feature_mse=0.0007, train_acc=0.8232, alpha=0.700, val_acc=0.7709, val_macro_f1=0.5857, val_weighted_f1=0.7472, lr=0.000334, epoch_time=18.27s
[Epoch 040] train_loss=0.4289, train_hard=0.5254, train_soft=0.1433, train_logit_mse=0.6032, train_feature_mse=0.0007, train_acc=0.8249, alpha=0.700, val_acc=0.7721, val_macro_f1=0.5900, val_weighted_f1=0.7520, lr=0.000317, epoch_time=18.24s
  -> New best KD student saved to /users/40370279/csc4006/code/experiments/3__alpha_sweep/checkpoints/student_A07_seed123.pt
[Epoch 041] train_loss=0.4222, train_hard=0.5182, train_soft=0.1391, train_logit_mse=0.5896, train_feature_mse=0.0007, train_acc=0.8263, alpha=0.700, val_acc=0.7697, val_macro_f1=0.5858, val_weighted_f1=0.7480, lr=0.000300, epoch_time=18.27s
[Epoch 042] train_loss=0.4215, train_hard=0.5155, train_soft=0.1417, train_logit_mse=0.6042, train_feature_mse=0.0007, train_acc=0.8284, alpha=0.700, val_acc=0.7599, val_macro_f1=0.5721, val_weighted_f1=0.7350, lr=0.000283, epoch_time=18.21s
[Epoch 043] train_loss=0.4191, train_hard=0.5141, train_soft=0.1385, train_logit_mse=0.5904, train_feature_mse=0.0007, train_acc=0.8279, alpha=0.700, val_acc=0.7740, val_macro_f1=0.5935, val_weighted_f1=0.7553, lr=0.000266, epoch_time=18.16s
  -> New best KD student saved to /users/40370279/csc4006/code/experiments/3__alpha_sweep/checkpoints/student_A07_seed123.pt
[Epoch 044] train_loss=0.4199, train_hard=0.5162, train_soft=0.1364, train_logit_mse=0.5852, train_feature_mse=0.0007, train_acc=0.8285, alpha=0.700, val_acc=0.7605, val_macro_f1=0.5663, val_weighted_f1=0.7330, lr=0.000250, epoch_time=18.26s
[Epoch 045] train_loss=0.4186, train_hard=0.5134, train_soft=0.1392, train_logit_mse=0.5819, train_feature_mse=0.0007, train_acc=0.8271, alpha=0.700, val_acc=0.7581, val_macro_f1=0.5671, val_weighted_f1=0.7320, lr=0.000234, epoch_time=18.21s
[Epoch 046] train_loss=0.4151, train_hard=0.5098, train_soft=0.1362, train_logit_mse=0.5780, train_feature_mse=0.0006, train_acc=0.8314, alpha=0.700, val_acc=0.7679, val_macro_f1=0.5863, val_weighted_f1=0.7467, lr=0.000218, epoch_time=18.20s
[Epoch 047] train_loss=0.4142, train_hard=0.5097, train_soft=0.1335, train_logit_mse=0.5768, train_feature_mse=0.0006, train_acc=0.8312, alpha=0.700, val_acc=0.7648, val_macro_f1=0.5768, val_weighted_f1=0.7425, lr=0.000202, epoch_time=18.20s
[Epoch 048] train_loss=0.4143, train_hard=0.5091, train_soft=0.1352, train_logit_mse=0.5792, train_feature_mse=0.0006, train_acc=0.8297, alpha=0.700, val_acc=0.7660, val_macro_f1=0.5796, val_weighted_f1=0.7431, lr=0.000187, epoch_time=18.16s
[Epoch 049] train_loss=0.4116, train_hard=0.5046, train_soft=0.1360, train_logit_mse=0.5864, train_feature_mse=0.0006, train_acc=0.8326, alpha=0.700, val_acc=0.7666, val_macro_f1=0.5746, val_weighted_f1=0.7419, lr=0.000173, epoch_time=18.20s
[Epoch 050] train_loss=0.4072, train_hard=0.5007, train_soft=0.1317, train_logit_mse=0.5712, train_feature_mse=0.0006, train_acc=0.8359, alpha=0.700, val_acc=0.7660, val_macro_f1=0.5761, val_weighted_f1=0.7428, lr=0.000159, epoch_time=18.31s
[Epoch 051] train_loss=0.4085, train_hard=0.5029, train_soft=0.1311, train_logit_mse=0.5707, train_feature_mse=0.0006, train_acc=0.8319, alpha=0.700, val_acc=0.7666, val_macro_f1=0.5775, val_weighted_f1=0.7430, lr=0.000145, epoch_time=18.33s
[Epoch 052] train_loss=0.4077, train_hard=0.5007, train_soft=0.1324, train_logit_mse=0.5825, train_feature_mse=0.0006, train_acc=0.8312, alpha=0.700, val_acc=0.7673, val_macro_f1=0.5806, val_weighted_f1=0.7441, lr=0.000132, epoch_time=18.06s
[Epoch 053] train_loss=0.4087, train_hard=0.5026, train_soft=0.1320, train_logit_mse=0.5734, train_feature_mse=0.0006, train_acc=0.8330, alpha=0.700, val_acc=0.7679, val_macro_f1=0.5878, val_weighted_f1=0.7465, lr=0.000119, epoch_time=18.16s
[Epoch 054] train_loss=0.4030, train_hard=0.4954, train_soft=0.1304, train_logit_mse=0.5698, train_feature_mse=0.0006, train_acc=0.8378, alpha=0.700, val_acc=0.7673, val_macro_f1=0.5694, val_weighted_f1=0.7416, lr=0.000108, epoch_time=18.24s
[Epoch 055] train_loss=0.4094, train_hard=0.5029, train_soft=0.1332, train_logit_mse=0.5773, train_feature_mse=0.0006, train_acc=0.8322, alpha=0.700, val_acc=0.7605, val_macro_f1=0.5675, val_weighted_f1=0.7358, lr=0.000096, epoch_time=18.15s
[Epoch 056] train_loss=0.4060, train_hard=0.4979, train_soft=0.1343, train_logit_mse=0.5736, train_feature_mse=0.0006, train_acc=0.8368, alpha=0.700, val_acc=0.7605, val_macro_f1=0.5679, val_weighted_f1=0.7367, lr=0.000085, epoch_time=18.22s
[Epoch 057] train_loss=0.4049, train_hard=0.4976, train_soft=0.1310, train_logit_mse=0.5765, train_feature_mse=0.0006, train_acc=0.8368, alpha=0.700, val_acc=0.7642, val_macro_f1=0.5741, val_weighted_f1=0.7419, lr=0.000075, epoch_time=18.12s
[Epoch 058] train_loss=0.4033, train_hard=0.4972, train_soft=0.1282, train_logit_mse=0.5607, train_feature_mse=0.0006, train_acc=0.8343, alpha=0.700, val_acc=0.7618, val_macro_f1=0.5653, val_weighted_f1=0.7370, lr=0.000066, epoch_time=18.10s
Early stopping triggered.
Loaded best KD student checkpoint for final test evaluation.
Best validation macro-F1: 0.5935
Best epoch: 43
Time to best model: 785.88 seconds
Checkpoint size (MB): 0.174
Student size: medium
Teacher used: checkpoints/teacher/teacher_cnn_seed123.pt
Teacher arch: TeacherCNN
Teacher size: large
Checkpoint seed: 123
Test accuracy (KD student): 0.7788
Test macro-F1 (KD student): 0.5992
Test weighted-F1 (KD student): 0.7610
Test classification report:
              precision    recall  f1-score   support

           0       0.74      0.71      0.73       184
           1       0.29      0.04      0.06        56
           2       0.78      0.55      0.65       256
           3       0.80      0.93      0.86       912
           4       0.73      0.68      0.70       242

    accuracy                           0.78      1650
   macro avg       0.67      0.58      0.60      1650
weighted avg       0.76      0.78      0.76      1650

Test confusion matrix:
[[131   0   6  42   5]
 [  4   2   3  38   9]
 [ 14   0 141  76  25]
 [ 20   3  19 847  23]
 [  8   2  11  57 164]]
Inference latency: 1.5316 ms/sample
Parsed metrics for seed 123:
  Accuracy    = 0.7788
  Macro-F1    = 0.5992
  Weighted-F1 = 0.7610

----- SEED 999 -----
Using device: cuda
Seed: 999
Deterministic mode: True
Deterministic warn_only: True
KD hyperparameters: alpha_start=0.700, alpha_end=0.700, temperature=1.00, logit_mse_weight=0.030, feature_mse_weight=0.030, class_weight_gamma=0.00, sampler_power=0.35, label_smoothing=0.000, student_size=medium
Training: batch_size=64, lr=0.0008, epochs=70, patience=15, weight_decay=0.002, grad_clip=1.0, num_workers=2, disable_augmentation=False, use_weighted_sampler=False
Teacher checkpoint path: checkpoints/teacher/teacher_cnn_seed999.pt
Student checkpoint path: /users/40370279/csc4006/code/experiments/3__alpha_sweep/checkpoints/student_A07_seed999.pt
Training set size: 12957
Validation set size: 1637
Test set size: 1650
Number of leads: 12 classes: 5
Classes: ['CD' 'HYP' 'MI' 'NORM' 'STTC']
Trainable parameters (student): 12809
Total parameters (student): 12809
Estimated model size (MB): 0.051
Teacher pooled dim: 896
Student pooled dim: 28
Class weights: [1. 1. 1. 1. 1.]
Training sampler: standard shuffled loader
[Epoch 001] train_loss=1.0533, train_hard=1.0842, train_soft=0.7277, train_logit_mse=2.5029, train_feature_mse=0.0322, train_acc=0.6037, alpha=0.700, val_acc=0.6817, val_macro_f1=0.4189, val_weighted_f1=0.6327, lr=0.000800, epoch_time=20.37s
  -> New best KD student saved to /users/40370279/csc4006/code/experiments/3__alpha_sweep/checkpoints/student_A07_seed999.pt
[Epoch 002] train_loss=0.8190, train_hard=0.8629, train_soft=0.5265, train_logit_mse=1.8805, train_feature_mse=0.0205, train_acc=0.6968, alpha=0.700, val_acc=0.7068, val_macro_f1=0.4575, val_weighted_f1=0.6684, lr=0.000798, epoch_time=19.05s
  -> New best KD student saved to /users/40370279/csc4006/code/experiments/3__alpha_sweep/checkpoints/student_A07_seed999.pt
[Epoch 003] train_loss=0.7174, train_hard=0.7690, train_soft=0.4370, train_logit_mse=1.5835, train_feature_mse=0.0150, train_acc=0.7425, alpha=0.700, val_acc=0.7257, val_macro_f1=0.5110, val_weighted_f1=0.6968, lr=0.000796, epoch_time=19.28s
  -> New best KD student saved to /users/40370279/csc4006/code/experiments/3__alpha_sweep/checkpoints/student_A07_seed999.pt
[Epoch 004] train_loss=0.6648, train_hard=0.7216, train_soft=0.3909, train_logit_mse=1.4068, train_feature_mse=0.0079, train_acc=0.7624, alpha=0.700, val_acc=0.7410, val_macro_f1=0.5373, val_weighted_f1=0.7201, lr=0.000794, epoch_time=19.27s
  -> New best KD student saved to /users/40370279/csc4006/code/experiments/3__alpha_sweep/checkpoints/student_A07_seed999.pt
[Epoch 005] train_loss=0.6357, train_hard=0.6950, train_soft=0.3656, train_logit_mse=1.3126, train_feature_mse=0.0044, train_acc=0.7679, alpha=0.700, val_acc=0.7385, val_macro_f1=0.5244, val_weighted_f1=0.7074, lr=0.000790, epoch_time=19.08s
[Epoch 006] train_loss=0.6174, train_hard=0.6800, train_soft=0.3467, train_logit_mse=1.2456, train_feature_mse=0.0026, train_acc=0.7751, alpha=0.700, val_acc=0.7581, val_macro_f1=0.5580, val_weighted_f1=0.7359, lr=0.000786, epoch_time=19.01s
  -> New best KD student saved to /users/40370279/csc4006/code/experiments/3__alpha_sweep/checkpoints/student_A07_seed999.pt
[Epoch 007] train_loss=0.6037, train_hard=0.6674, train_soft=0.3345, train_logit_mse=1.2058, train_feature_mse=0.0018, train_acc=0.7805, alpha=0.700, val_acc=0.7459, val_macro_f1=0.5305, val_weighted_f1=0.7113, lr=0.000781, epoch_time=19.10s
[Epoch 008] train_loss=0.5828, train_hard=0.6454, train_soft=0.3213, train_logit_mse=1.1546, train_feature_mse=0.0014, train_acc=0.7870, alpha=0.700, val_acc=0.7502, val_macro_f1=0.5431, val_weighted_f1=0.7212, lr=0.000775, epoch_time=19.18s
[Epoch 009] train_loss=0.5694, train_hard=0.6346, train_soft=0.3065, train_logit_mse=1.1080, train_feature_mse=0.0013, train_acc=0.7933, alpha=0.700, val_acc=0.7715, val_macro_f1=0.5818, val_weighted_f1=0.7526, lr=0.000768, epoch_time=19.10s
  -> New best KD student saved to /users/40370279/csc4006/code/experiments/3__alpha_sweep/checkpoints/student_A07_seed999.pt
[Epoch 010] train_loss=0.5607, train_hard=0.6258, train_soft=0.2996, train_logit_mse=1.0900, train_feature_mse=0.0012, train_acc=0.7939, alpha=0.700, val_acc=0.7605, val_macro_f1=0.5567, val_weighted_f1=0.7320, lr=0.000761, epoch_time=19.10s
[Epoch 011] train_loss=0.5559, train_hard=0.6224, train_soft=0.2936, train_logit_mse=1.0695, train_feature_mse=0.0012, train_acc=0.7943, alpha=0.700, val_acc=0.7581, val_macro_f1=0.5542, val_weighted_f1=0.7269, lr=0.000753, epoch_time=19.10s
[Epoch 012] train_loss=0.5448, train_hard=0.6109, train_soft=0.2854, train_logit_mse=1.0499, train_feature_mse=0.0012, train_acc=0.7980, alpha=0.700, val_acc=0.7557, val_macro_f1=0.5541, val_weighted_f1=0.7299, lr=0.000744, epoch_time=19.07s
[Epoch 013] train_loss=0.5415, train_hard=0.6097, train_soft=0.2790, train_logit_mse=1.0331, train_feature_mse=0.0011, train_acc=0.7997, alpha=0.700, val_acc=0.7642, val_macro_f1=0.5663, val_weighted_f1=0.7398, lr=0.000735, epoch_time=19.18s
[Epoch 014] train_loss=0.5357, train_hard=0.6054, train_soft=0.2726, train_logit_mse=1.0044, train_feature_mse=0.0011, train_acc=0.7996, alpha=0.700, val_acc=0.7673, val_macro_f1=0.5684, val_weighted_f1=0.7417, lr=0.000725, epoch_time=19.16s
[Epoch 015] train_loss=0.5293, train_hard=0.5990, train_soft=0.2669, train_logit_mse=0.9963, train_feature_mse=0.0011, train_acc=0.7983, alpha=0.700, val_acc=0.7477, val_macro_f1=0.5413, val_weighted_f1=0.7151, lr=0.000714, epoch_time=19.09s
[Epoch 016] train_loss=0.5215, train_hard=0.5908, train_soft=0.2616, train_logit_mse=0.9828, train_feature_mse=0.0011, train_acc=0.8043, alpha=0.700, val_acc=0.7618, val_macro_f1=0.5634, val_weighted_f1=0.7371, lr=0.000702, epoch_time=19.08s
[Epoch 017] train_loss=0.5153, train_hard=0.5853, train_soft=0.2551, train_logit_mse=0.9686, train_feature_mse=0.0010, train_acc=0.8055, alpha=0.700, val_acc=0.7715, val_macro_f1=0.5718, val_weighted_f1=0.7441, lr=0.000691, epoch_time=19.15s
[Epoch 018] train_loss=0.5126, train_hard=0.5827, train_soft=0.2534, train_logit_mse=0.9559, train_feature_mse=0.0010, train_acc=0.8067, alpha=0.700, val_acc=0.7605, val_macro_f1=0.5722, val_weighted_f1=0.7437, lr=0.000678, epoch_time=19.19s
[Epoch 019] train_loss=0.5081, train_hard=0.5787, train_soft=0.2478, train_logit_mse=0.9533, train_feature_mse=0.0010, train_acc=0.8105, alpha=0.700, val_acc=0.7654, val_macro_f1=0.5610, val_weighted_f1=0.7380, lr=0.000665, epoch_time=19.19s
[Epoch 020] train_loss=0.5070, train_hard=0.5776, train_soft=0.2474, train_logit_mse=0.9472, train_feature_mse=0.0010, train_acc=0.8097, alpha=0.700, val_acc=0.7679, val_macro_f1=0.5795, val_weighted_f1=0.7499, lr=0.000651, epoch_time=19.16s
[Epoch 021] train_loss=0.5016, train_hard=0.5729, train_soft=0.2413, train_logit_mse=0.9375, train_feature_mse=0.0010, train_acc=0.8135, alpha=0.700, val_acc=0.7636, val_macro_f1=0.5773, val_weighted_f1=0.7423, lr=0.000637, epoch_time=19.22s
[Epoch 022] train_loss=0.5003, train_hard=0.5726, train_soft=0.2391, train_logit_mse=0.9229, train_feature_mse=0.0010, train_acc=0.8124, alpha=0.700, val_acc=0.7550, val_macro_f1=0.5641, val_weighted_f1=0.7289, lr=0.000623, epoch_time=19.04s
[Epoch 023] train_loss=0.4929, train_hard=0.5649, train_soft=0.2335, train_logit_mse=0.9121, train_feature_mse=0.0010, train_acc=0.8138, alpha=0.700, val_acc=0.7581, val_macro_f1=0.5628, val_weighted_f1=0.7339, lr=0.000608, epoch_time=19.31s
[Epoch 024] train_loss=0.4886, train_hard=0.5593, train_soft=0.2329, train_logit_mse=0.9056, train_feature_mse=0.0010, train_acc=0.8144, alpha=0.700, val_acc=0.7666, val_macro_f1=0.5685, val_weighted_f1=0.7415, lr=0.000592, epoch_time=19.12s
Early stopping triggered.
Loaded best KD student checkpoint for final test evaluation.
Best validation macro-F1: 0.5818
Best epoch: 9
Time to best model: 173.73 seconds
Checkpoint size (MB): 0.174
Student size: medium
Teacher used: checkpoints/teacher/teacher_cnn_seed999.pt
Teacher arch: TeacherCNN
Teacher size: large
Checkpoint seed: 999
Test accuracy (KD student): 0.7782
Test macro-F1 (KD student): 0.5869
Test weighted-F1 (KD student): 0.7600
Test classification report:
              precision    recall  f1-score   support

           0       0.79      0.64      0.70       184
           1       0.00      0.00      0.00        56
           2       0.72      0.64      0.68       256
           3       0.81      0.92      0.86       912
           4       0.70      0.68      0.69       242

    accuracy                           0.78      1650
   macro avg       0.60      0.58      0.59      1650
weighted avg       0.75      0.78      0.76      1650

Test confusion matrix:
[[117   0  11  46  10]
 [  3   0   5  41   7]
 [  8   0 164  62  22]
 [ 16   0  27 838  31]
 [  4   0  20  53 165]]
Inference latency: 1.5297 ms/sample
Parsed metrics for seed 999:
  Accuracy    = 0.7782
  Macro-F1    = 0.5869
  Weighted-F1 = 0.7600

===== EXPERIMENT 3 SUMMARY: ALPHA = 0.7 =====
Alpha        : 0.7
Temperature  : 4
Seeds        : 42 123 999
Accuracy     : 0.7784 ± 0.0003
Macro F1     : 0.5916 ± 0.0054
Weighted F1  : 0.7593 ± 0.0017

Finished at: Sat Mar 28 18:05:47 GMT 2026
