[38;5;127mpython3[0m/[38;5;172m3.10.5[0m/[38;5;67mgcc-9.3.0[0m
 |
 [0;32mOK[0m
[38;5;127mgcc[0m/[38;5;172m9.3.0[0m
 |
 [0;32mOK[0m
===== EXPERIMENT 3: ALPHA = 0.9, TEMPERATURE = 1 =====
Teacher checkpoints source: /users/40370279/csc4006/code/checkpoints/teacher
Student outputs directory : /users/40370279/csc4006/code/experiments/3__alpha_sweep
This job runs multiple seeds: 42, 123, 999
Job ID: 7991914
Host: gpu105.pri.kelvin2.alces.network
Start time: Sat Mar 28 17:31:44 GMT 2026

----- SEED 42 -----
Using device: cuda
Seed: 42
Deterministic mode: True
Deterministic warn_only: True
KD hyperparameters: alpha_start=0.900, alpha_end=0.900, temperature=1.00, logit_mse_weight=0.030, feature_mse_weight=0.030, class_weight_gamma=0.00, sampler_power=0.35, label_smoothing=0.000, student_size=medium
Training: batch_size=64, lr=0.0008, epochs=70, patience=15, weight_decay=0.002, grad_clip=1.0, num_workers=2, disable_augmentation=False, use_weighted_sampler=False
Teacher checkpoint path: checkpoints/teacher/teacher_cnn_seed42.pt
Student checkpoint path: /users/40370279/csc4006/code/experiments/3__alpha_sweep/checkpoints/student_A09_seed42.pt
Training set size: 12957
Validation set size: 1637
Test set size: 1650
Number of leads: 12 classes: 5
Classes: ['CD' 'HYP' 'MI' 'NORM' 'STTC']
Trainable parameters (student): 12809
Total parameters (student): 12809
Estimated model size (MB): 0.051
Teacher pooled dim: 896
Student pooled dim: 28
Class weights: [1. 1. 1. 1. 1.]
Training sampler: standard shuffled loader
[Epoch 001] train_loss=1.1362, train_hard=1.1213, train_soft=0.6387, train_logit_mse=2.0745, train_feature_mse=0.0314, train_acc=0.5862, alpha=0.900, val_acc=0.6555, val_macro_f1=0.3852, val_weighted_f1=0.5859, lr=0.000800, epoch_time=19.19s
  -> New best KD student saved to /users/40370279/csc4006/code/experiments/3__alpha_sweep/checkpoints/student_A09_seed42.pt
[Epoch 002] train_loss=0.8425, train_hard=0.8443, train_soft=0.4111, train_logit_mse=1.3638, train_feature_mse=0.0200, train_acc=0.7120, alpha=0.900, val_acc=0.7343, val_macro_f1=0.5205, val_weighted_f1=0.7026, lr=0.000798, epoch_time=17.90s
  -> New best KD student saved to /users/40370279/csc4006/code/experiments/3__alpha_sweep/checkpoints/student_A09_seed42.pt
[Epoch 003] train_loss=0.7525, train_hard=0.7614, train_soft=0.3349, train_logit_mse=1.1137, train_feature_mse=0.0126, train_acc=0.7475, alpha=0.900, val_acc=0.7398, val_macro_f1=0.5273, val_weighted_f1=0.7107, lr=0.000796, epoch_time=17.93s
  -> New best KD student saved to /users/40370279/csc4006/code/experiments/3__alpha_sweep/checkpoints/student_A09_seed42.pt
[Epoch 004] train_loss=0.7071, train_hard=0.7194, train_soft=0.2994, train_logit_mse=0.9824, train_feature_mse=0.0071, train_acc=0.7590, alpha=0.900, val_acc=0.7440, val_macro_f1=0.5314, val_weighted_f1=0.7138, lr=0.000794, epoch_time=18.01s
  -> New best KD student saved to /users/40370279/csc4006/code/experiments/3__alpha_sweep/checkpoints/student_A09_seed42.pt
[Epoch 005] train_loss=0.6840, train_hard=0.6983, train_soft=0.2798, train_logit_mse=0.9137, train_feature_mse=0.0044, train_acc=0.7680, alpha=0.900, val_acc=0.7434, val_macro_f1=0.5373, val_weighted_f1=0.7166, lr=0.000790, epoch_time=18.04s
  -> New best KD student saved to /users/40370279/csc4006/code/experiments/3__alpha_sweep/checkpoints/student_A09_seed42.pt
[Epoch 006] train_loss=0.6687, train_hard=0.6847, train_soft=0.2639, train_logit_mse=0.8639, train_feature_mse=0.0029, train_acc=0.7706, alpha=0.900, val_acc=0.7373, val_macro_f1=0.5298, val_weighted_f1=0.7098, lr=0.000786, epoch_time=18.02s
[Epoch 007] train_loss=0.6517, train_hard=0.6684, train_soft=0.2514, train_logit_mse=0.8324, train_feature_mse=0.0021, train_acc=0.7743, alpha=0.900, val_acc=0.7440, val_macro_f1=0.5520, val_weighted_f1=0.7264, lr=0.000781, epoch_time=17.98s
  -> New best KD student saved to /users/40370279/csc4006/code/experiments/3__alpha_sweep/checkpoints/student_A09_seed42.pt
[Epoch 008] train_loss=0.6419, train_hard=0.6583, train_soft=0.2470, train_logit_mse=0.8218, train_feature_mse=0.0016, train_acc=0.7777, alpha=0.900, val_acc=0.7288, val_macro_f1=0.5020, val_weighted_f1=0.6879, lr=0.000775, epoch_time=18.00s
[Epoch 009] train_loss=0.6297, train_hard=0.6467, train_soft=0.2368, train_logit_mse=0.7995, train_feature_mse=0.0014, train_acc=0.7801, alpha=0.900, val_acc=0.7489, val_macro_f1=0.5555, val_weighted_f1=0.7322, lr=0.000768, epoch_time=17.98s
  -> New best KD student saved to /users/40370279/csc4006/code/experiments/3__alpha_sweep/checkpoints/student_A09_seed42.pt
[Epoch 010] train_loss=0.6178, train_hard=0.6357, train_soft=0.2238, train_logit_mse=0.7743, train_feature_mse=0.0013, train_acc=0.7823, alpha=0.900, val_acc=0.7593, val_macro_f1=0.5633, val_weighted_f1=0.7379, lr=0.000761, epoch_time=17.90s
  -> New best KD student saved to /users/40370279/csc4006/code/experiments/3__alpha_sweep/checkpoints/student_A09_seed42.pt
[Epoch 011] train_loss=0.6127, train_hard=0.6305, train_soft=0.2205, train_logit_mse=0.7697, train_feature_mse=0.0012, train_acc=0.7859, alpha=0.900, val_acc=0.7489, val_macro_f1=0.5439, val_weighted_f1=0.7213, lr=0.000753, epoch_time=17.86s
[Epoch 012] train_loss=0.6023, train_hard=0.6199, train_soft=0.2172, train_logit_mse=0.7567, train_feature_mse=0.0012, train_acc=0.7924, alpha=0.900, val_acc=0.7477, val_macro_f1=0.5442, val_weighted_f1=0.7194, lr=0.000744, epoch_time=17.99s
[Epoch 013] train_loss=0.5996, train_hard=0.6183, train_soft=0.2106, train_logit_mse=0.7352, train_feature_mse=0.0012, train_acc=0.7916, alpha=0.900, val_acc=0.7471, val_macro_f1=0.5390, val_weighted_f1=0.7181, lr=0.000735, epoch_time=17.93s
[Epoch 014] train_loss=0.5902, train_hard=0.6086, train_soft=0.2059, train_logit_mse=0.7267, train_feature_mse=0.0011, train_acc=0.7963, alpha=0.900, val_acc=0.7495, val_macro_f1=0.5471, val_weighted_f1=0.7243, lr=0.000725, epoch_time=17.89s
[Epoch 015] train_loss=0.5876, train_hard=0.6061, train_soft=0.2023, train_logit_mse=0.7260, train_feature_mse=0.0011, train_acc=0.7958, alpha=0.900, val_acc=0.7489, val_macro_f1=0.5397, val_weighted_f1=0.7150, lr=0.000714, epoch_time=17.97s
[Epoch 016] train_loss=0.5812, train_hard=0.5999, train_soft=0.1990, train_logit_mse=0.7109, train_feature_mse=0.0010, train_acc=0.8009, alpha=0.900, val_acc=0.7563, val_macro_f1=0.5604, val_weighted_f1=0.7333, lr=0.000702, epoch_time=17.94s
[Epoch 017] train_loss=0.5845, train_hard=0.6042, train_soft=0.1983, train_logit_mse=0.6936, train_feature_mse=0.0010, train_acc=0.7935, alpha=0.900, val_acc=0.7410, val_macro_f1=0.5412, val_weighted_f1=0.7196, lr=0.000691, epoch_time=17.94s
[Epoch 018] train_loss=0.5736, train_hard=0.5924, train_soft=0.1935, train_logit_mse=0.7008, train_feature_mse=0.0010, train_acc=0.8019, alpha=0.900, val_acc=0.7538, val_macro_f1=0.5466, val_weighted_f1=0.7242, lr=0.000678, epoch_time=18.03s
[Epoch 019] train_loss=0.5664, train_hard=0.5847, train_soft=0.1903, train_logit_mse=0.7033, train_feature_mse=0.0010, train_acc=0.8047, alpha=0.900, val_acc=0.7569, val_macro_f1=0.5587, val_weighted_f1=0.7312, lr=0.000665, epoch_time=17.80s
[Epoch 020] train_loss=0.5667, train_hard=0.5855, train_soft=0.1910, train_logit_mse=0.6887, train_feature_mse=0.0010, train_acc=0.8006, alpha=0.900, val_acc=0.7605, val_macro_f1=0.5659, val_weighted_f1=0.7376, lr=0.000651, epoch_time=18.10s
  -> New best KD student saved to /users/40370279/csc4006/code/experiments/3__alpha_sweep/checkpoints/student_A09_seed42.pt
[Epoch 021] train_loss=0.5612, train_hard=0.5804, train_soft=0.1844, train_logit_mse=0.6797, train_feature_mse=0.0009, train_acc=0.8031, alpha=0.900, val_acc=0.7581, val_macro_f1=0.5621, val_weighted_f1=0.7362, lr=0.000637, epoch_time=17.93s
[Epoch 022] train_loss=0.5565, train_hard=0.5754, train_soft=0.1839, train_logit_mse=0.6732, train_feature_mse=0.0009, train_acc=0.8056, alpha=0.900, val_acc=0.7605, val_macro_f1=0.5590, val_weighted_f1=0.7334, lr=0.000623, epoch_time=17.92s
[Epoch 023] train_loss=0.5554, train_hard=0.5745, train_soft=0.1809, train_logit_mse=0.6731, train_feature_mse=0.0009, train_acc=0.8063, alpha=0.900, val_acc=0.7611, val_macro_f1=0.5624, val_weighted_f1=0.7370, lr=0.000608, epoch_time=17.99s
[Epoch 024] train_loss=0.5537, train_hard=0.5731, train_soft=0.1780, train_logit_mse=0.6670, train_feature_mse=0.0009, train_acc=0.8047, alpha=0.900, val_acc=0.7495, val_macro_f1=0.5484, val_weighted_f1=0.7223, lr=0.000592, epoch_time=17.94s
[Epoch 025] train_loss=0.5489, train_hard=0.5680, train_soft=0.1776, train_logit_mse=0.6641, train_feature_mse=0.0009, train_acc=0.8097, alpha=0.900, val_acc=0.7502, val_macro_f1=0.5614, val_weighted_f1=0.7325, lr=0.000576, epoch_time=17.94s
[Epoch 026] train_loss=0.5434, train_hard=0.5624, train_soft=0.1747, train_logit_mse=0.6602, train_feature_mse=0.0009, train_acc=0.8127, alpha=0.900, val_acc=0.7557, val_macro_f1=0.5549, val_weighted_f1=0.7278, lr=0.000560, epoch_time=17.95s
[Epoch 027] train_loss=0.5429, train_hard=0.5618, train_soft=0.1751, train_logit_mse=0.6578, train_feature_mse=0.0008, train_acc=0.8101, alpha=0.900, val_acc=0.7575, val_macro_f1=0.5560, val_weighted_f1=0.7307, lr=0.000544, epoch_time=17.93s
[Epoch 028] train_loss=0.5410, train_hard=0.5604, train_soft=0.1706, train_logit_mse=0.6518, train_feature_mse=0.0008, train_acc=0.8109, alpha=0.900, val_acc=0.7642, val_macro_f1=0.5723, val_weighted_f1=0.7424, lr=0.000527, epoch_time=17.92s
  -> New best KD student saved to /users/40370279/csc4006/code/experiments/3__alpha_sweep/checkpoints/student_A09_seed42.pt
[Epoch 029] train_loss=0.5378, train_hard=0.5568, train_soft=0.1709, train_logit_mse=0.6503, train_feature_mse=0.0008, train_acc=0.8138, alpha=0.900, val_acc=0.7520, val_macro_f1=0.5502, val_weighted_f1=0.7238, lr=0.000510, epoch_time=18.03s
[Epoch 030] train_loss=0.5367, train_hard=0.5559, train_soft=0.1693, train_logit_mse=0.6472, train_feature_mse=0.0008, train_acc=0.8138, alpha=0.900, val_acc=0.7557, val_macro_f1=0.5516, val_weighted_f1=0.7265, lr=0.000493, epoch_time=18.10s
[Epoch 031] train_loss=0.5329, train_hard=0.5526, train_soft=0.1662, train_logit_mse=0.6332, train_feature_mse=0.0008, train_acc=0.8147, alpha=0.900, val_acc=0.7544, val_macro_f1=0.5538, val_weighted_f1=0.7275, lr=0.000476, epoch_time=18.00s
[Epoch 032] train_loss=0.5279, train_hard=0.5462, train_soft=0.1679, train_logit_mse=0.6512, train_feature_mse=0.0008, train_acc=0.8164, alpha=0.900, val_acc=0.7563, val_macro_f1=0.5562, val_weighted_f1=0.7293, lr=0.000458, epoch_time=17.88s
[Epoch 033] train_loss=0.5294, train_hard=0.5486, train_soft=0.1653, train_logit_mse=0.6384, train_feature_mse=0.0008, train_acc=0.8179, alpha=0.900, val_acc=0.7599, val_macro_f1=0.5640, val_weighted_f1=0.7352, lr=0.000440, epoch_time=18.01s
[Epoch 034] train_loss=0.5218, train_hard=0.5399, train_soft=0.1650, train_logit_mse=0.6460, train_feature_mse=0.0008, train_acc=0.8175, alpha=0.900, val_acc=0.7660, val_macro_f1=0.5694, val_weighted_f1=0.7401, lr=0.000423, epoch_time=17.95s
[Epoch 035] train_loss=0.5217, train_hard=0.5400, train_soft=0.1642, train_logit_mse=0.6433, train_feature_mse=0.0008, train_acc=0.8179, alpha=0.900, val_acc=0.7593, val_macro_f1=0.5632, val_weighted_f1=0.7353, lr=0.000405, epoch_time=17.97s
[Epoch 036] train_loss=0.5228, train_hard=0.5414, train_soft=0.1625, train_logit_mse=0.6416, train_feature_mse=0.0007, train_acc=0.8134, alpha=0.900, val_acc=0.7532, val_macro_f1=0.5489, val_weighted_f1=0.7219, lr=0.000387, epoch_time=17.81s
[Epoch 037] train_loss=0.5158, train_hard=0.5343, train_soft=0.1597, train_logit_mse=0.6305, train_feature_mse=0.0007, train_acc=0.8198, alpha=0.900, val_acc=0.7550, val_macro_f1=0.5566, val_weighted_f1=0.7270, lr=0.000370, epoch_time=17.92s
[Epoch 038] train_loss=0.5136, train_hard=0.5319, train_soft=0.1590, train_logit_mse=0.6311, train_feature_mse=0.0007, train_acc=0.8193, alpha=0.900, val_acc=0.7599, val_macro_f1=0.5647, val_weighted_f1=0.7347, lr=0.000352, epoch_time=17.92s
[Epoch 039] train_loss=0.5133, train_hard=0.5316, train_soft=0.1593, train_logit_mse=0.6292, train_feature_mse=0.0007, train_acc=0.8206, alpha=0.900, val_acc=0.7611, val_macro_f1=0.5628, val_weighted_f1=0.7361, lr=0.000334, epoch_time=17.92s
[Epoch 040] train_loss=0.5109, train_hard=0.5295, train_soft=0.1563, train_logit_mse=0.6249, train_feature_mse=0.0007, train_acc=0.8235, alpha=0.900, val_acc=0.7611, val_macro_f1=0.5666, val_weighted_f1=0.7379, lr=0.000317, epoch_time=17.93s
[Epoch 041] train_loss=0.5079, train_hard=0.5266, train_soft=0.1542, train_logit_mse=0.6181, train_feature_mse=0.0007, train_acc=0.8219, alpha=0.900, val_acc=0.7660, val_macro_f1=0.5728, val_weighted_f1=0.7426, lr=0.000300, epoch_time=17.98s
  -> New best KD student saved to /users/40370279/csc4006/code/experiments/3__alpha_sweep/checkpoints/student_A09_seed42.pt
[Epoch 042] train_loss=0.5037, train_hard=0.5213, train_soft=0.1554, train_logit_mse=0.6305, train_feature_mse=0.0007, train_acc=0.8223, alpha=0.900, val_acc=0.7624, val_macro_f1=0.5653, val_weighted_f1=0.7372, lr=0.000283, epoch_time=18.03s
[Epoch 043] train_loss=0.5063, train_hard=0.5246, train_soft=0.1556, train_logit_mse=0.6219, train_feature_mse=0.0007, train_acc=0.8206, alpha=0.900, val_acc=0.7599, val_macro_f1=0.5645, val_weighted_f1=0.7365, lr=0.000266, epoch_time=17.99s
[Epoch 044] train_loss=0.5021, train_hard=0.5200, train_soft=0.1538, train_logit_mse=0.6225, train_feature_mse=0.0007, train_acc=0.8217, alpha=0.900, val_acc=0.7593, val_macro_f1=0.5600, val_weighted_f1=0.7325, lr=0.000250, epoch_time=17.96s
[Epoch 045] train_loss=0.5021, train_hard=0.5200, train_soft=0.1531, train_logit_mse=0.6241, train_feature_mse=0.0007, train_acc=0.8267, alpha=0.900, val_acc=0.7624, val_macro_f1=0.5671, val_weighted_f1=0.7374, lr=0.000234, epoch_time=17.96s
[Epoch 046] train_loss=0.5044, train_hard=0.5223, train_soft=0.1562, train_logit_mse=0.6232, train_feature_mse=0.0007, train_acc=0.8251, alpha=0.900, val_acc=0.7654, val_macro_f1=0.5693, val_weighted_f1=0.7398, lr=0.000218, epoch_time=18.07s
[Epoch 047] train_loss=0.4982, train_hard=0.5164, train_soft=0.1500, train_logit_mse=0.6127, train_feature_mse=0.0007, train_acc=0.8279, alpha=0.900, val_acc=0.7605, val_macro_f1=0.5643, val_weighted_f1=0.7352, lr=0.000202, epoch_time=17.91s
[Epoch 048] train_loss=0.5020, train_hard=0.5200, train_soft=0.1534, train_logit_mse=0.6229, train_feature_mse=0.0007, train_acc=0.8280, alpha=0.900, val_acc=0.7618, val_macro_f1=0.5616, val_weighted_f1=0.7344, lr=0.000187, epoch_time=18.01s
[Epoch 049] train_loss=0.4991, train_hard=0.5169, train_soft=0.1529, train_logit_mse=0.6192, train_feature_mse=0.0007, train_acc=0.8233, alpha=0.900, val_acc=0.7587, val_macro_f1=0.5729, val_weighted_f1=0.7369, lr=0.000173, epoch_time=17.98s
  -> New best KD student saved to /users/40370279/csc4006/code/experiments/3__alpha_sweep/checkpoints/student_A09_seed42.pt
[Epoch 050] train_loss=0.4909, train_hard=0.5086, train_soft=0.1478, train_logit_mse=0.6119, train_feature_mse=0.0007, train_acc=0.8318, alpha=0.900, val_acc=0.7630, val_macro_f1=0.5699, val_weighted_f1=0.7399, lr=0.000159, epoch_time=17.85s
[Epoch 051] train_loss=0.4950, train_hard=0.5129, train_soft=0.1499, train_logit_mse=0.6132, train_feature_mse=0.0007, train_acc=0.8284, alpha=0.900, val_acc=0.7605, val_macro_f1=0.5624, val_weighted_f1=0.7347, lr=0.000145, epoch_time=18.01s
[Epoch 052] train_loss=0.4927, train_hard=0.5103, train_soft=0.1497, train_logit_mse=0.6128, train_feature_mse=0.0007, train_acc=0.8300, alpha=0.900, val_acc=0.7599, val_macro_f1=0.5651, val_weighted_f1=0.7330, lr=0.000132, epoch_time=18.06s
[Epoch 053] train_loss=0.4935, train_hard=0.5108, train_soft=0.1507, train_logit_mse=0.6246, train_feature_mse=0.0007, train_acc=0.8292, alpha=0.900, val_acc=0.7642, val_macro_f1=0.5677, val_weighted_f1=0.7379, lr=0.000119, epoch_time=17.91s
[Epoch 054] train_loss=0.4960, train_hard=0.5141, train_soft=0.1489, train_logit_mse=0.6127, train_feature_mse=0.0007, train_acc=0.8293, alpha=0.900, val_acc=0.7624, val_macro_f1=0.5673, val_weighted_f1=0.7382, lr=0.000108, epoch_time=17.90s
[Epoch 055] train_loss=0.4898, train_hard=0.5070, train_soft=0.1500, train_logit_mse=0.6179, train_feature_mse=0.0006, train_acc=0.8316, alpha=0.900, val_acc=0.7593, val_macro_f1=0.5672, val_weighted_f1=0.7342, lr=0.000096, epoch_time=17.96s
[Epoch 056] train_loss=0.4882, train_hard=0.5057, train_soft=0.1474, train_logit_mse=0.6108, train_feature_mse=0.0006, train_acc=0.8304, alpha=0.900, val_acc=0.7636, val_macro_f1=0.5718, val_weighted_f1=0.7384, lr=0.000085, epoch_time=18.02s
[Epoch 057] train_loss=0.4899, train_hard=0.5081, train_soft=0.1458, train_logit_mse=0.6015, train_feature_mse=0.0006, train_acc=0.8289, alpha=0.900, val_acc=0.7630, val_macro_f1=0.5683, val_weighted_f1=0.7388, lr=0.000075, epoch_time=18.04s
[Epoch 058] train_loss=0.4878, train_hard=0.5050, train_soft=0.1482, train_logit_mse=0.6158, train_feature_mse=0.0006, train_acc=0.8290, alpha=0.900, val_acc=0.7642, val_macro_f1=0.5696, val_weighted_f1=0.7398, lr=0.000066, epoch_time=18.02s
[Epoch 059] train_loss=0.4858, train_hard=0.5029, train_soft=0.1476, train_logit_mse=0.6132, train_feature_mse=0.0006, train_acc=0.8297, alpha=0.900, val_acc=0.7648, val_macro_f1=0.5698, val_weighted_f1=0.7399, lr=0.000057, epoch_time=17.97s
[Epoch 060] train_loss=0.4865, train_hard=0.5037, train_soft=0.1474, train_logit_mse=0.6142, train_feature_mse=0.0006, train_acc=0.8316, alpha=0.900, val_acc=0.7605, val_macro_f1=0.5717, val_weighted_f1=0.7368, lr=0.000049, epoch_time=17.81s
[Epoch 061] train_loss=0.4849, train_hard=0.5022, train_soft=0.1462, train_logit_mse=0.6094, train_feature_mse=0.0006, train_acc=0.8329, alpha=0.900, val_acc=0.7630, val_macro_f1=0.5723, val_weighted_f1=0.7386, lr=0.000042, epoch_time=17.98s
[Epoch 062] train_loss=0.4853, train_hard=0.5024, train_soft=0.1468, train_logit_mse=0.6142, train_feature_mse=0.0006, train_acc=0.8334, alpha=0.900, val_acc=0.7642, val_macro_f1=0.5710, val_weighted_f1=0.7409, lr=0.000035, epoch_time=17.84s
[Epoch 063] train_loss=0.4842, train_hard=0.5017, train_soft=0.1449, train_logit_mse=0.6056, train_feature_mse=0.0006, train_acc=0.8314, alpha=0.900, val_acc=0.7648, val_macro_f1=0.5759, val_weighted_f1=0.7407, lr=0.000029, epoch_time=18.10s
  -> New best KD student saved to /users/40370279/csc4006/code/experiments/3__alpha_sweep/checkpoints/student_A09_seed42.pt
[Epoch 064] train_loss=0.4847, train_hard=0.5020, train_soft=0.1461, train_logit_mse=0.6081, train_feature_mse=0.0006, train_acc=0.8315, alpha=0.900, val_acc=0.7636, val_macro_f1=0.5676, val_weighted_f1=0.7388, lr=0.000024, epoch_time=17.94s
[Epoch 065] train_loss=0.4836, train_hard=0.5003, train_soft=0.1476, train_logit_mse=0.6186, train_feature_mse=0.0006, train_acc=0.8320, alpha=0.900, val_acc=0.7660, val_macro_f1=0.5748, val_weighted_f1=0.7407, lr=0.000020, epoch_time=17.91s
[Epoch 066] train_loss=0.4850, train_hard=0.5024, train_soft=0.1463, train_logit_mse=0.6077, train_feature_mse=0.0006, train_acc=0.8312, alpha=0.900, val_acc=0.7630, val_macro_f1=0.5693, val_weighted_f1=0.7390, lr=0.000016, epoch_time=17.88s
[Epoch 067] train_loss=0.4839, train_hard=0.5013, train_soft=0.1463, train_logit_mse=0.6050, train_feature_mse=0.0006, train_acc=0.8301, alpha=0.900, val_acc=0.7642, val_macro_f1=0.5683, val_weighted_f1=0.7395, lr=0.000014, epoch_time=17.95s
[Epoch 068] train_loss=0.4792, train_hard=0.4962, train_soft=0.1445, train_logit_mse=0.6063, train_feature_mse=0.0006, train_acc=0.8326, alpha=0.900, val_acc=0.7636, val_macro_f1=0.5677, val_weighted_f1=0.7389, lr=0.000012, epoch_time=17.89s
[Epoch 069] train_loss=0.4808, train_hard=0.4980, train_soft=0.1441, train_logit_mse=0.6046, train_feature_mse=0.0006, train_acc=0.8327, alpha=0.900, val_acc=0.7673, val_macro_f1=0.5784, val_weighted_f1=0.7433, lr=0.000010, epoch_time=17.95s
  -> New best KD student saved to /users/40370279/csc4006/code/experiments/3__alpha_sweep/checkpoints/student_A09_seed42.pt
[Epoch 070] train_loss=0.4790, train_hard=0.4959, train_soft=0.1452, train_logit_mse=0.6057, train_feature_mse=0.0006, train_acc=0.8328, alpha=0.900, val_acc=0.7660, val_macro_f1=0.5705, val_weighted_f1=0.7412, lr=0.000010, epoch_time=17.91s
Loaded best KD student checkpoint for final test evaluation.
Best validation macro-F1: 0.5784
Best epoch: 69
Time to best model: 1240.65 seconds
Checkpoint size (MB): 0.174
Student size: medium
Teacher used: checkpoints/teacher/teacher_cnn_seed42.pt
Teacher arch: TeacherCNN
Teacher size: large
Checkpoint seed: 42
Test accuracy (KD student): 0.7764
Test macro-F1 (KD student): 0.5806
Test weighted-F1 (KD student): 0.7531
Test classification report:
              precision    recall  f1-score   support

           0       0.84      0.65      0.73       184
           1       0.00      0.00      0.00        56
           2       0.79      0.53      0.64       256
           3       0.78      0.96      0.86       912
           4       0.73      0.64      0.68       242

    accuracy                           0.78      1650
   macro avg       0.63      0.55      0.58      1650
weighted avg       0.75      0.78      0.75      1650

Test confusion matrix:
[[119   0   6  54   5]
 [  4   0   3  44   5]
 [  8   0 136  84  28]
 [  7   0  14 871  20]
 [  4   0  13  70 155]]
Inference latency: 1.4861 ms/sample
Parsed metrics for seed 42:
  Accuracy    = 0.7764
  Macro-F1    = 0.5806
  Weighted-F1 = 0.7531

----- SEED 123 -----
Using device: cuda
Seed: 123
Deterministic mode: True
Deterministic warn_only: True
KD hyperparameters: alpha_start=0.900, alpha_end=0.900, temperature=1.00, logit_mse_weight=0.030, feature_mse_weight=0.030, class_weight_gamma=0.00, sampler_power=0.35, label_smoothing=0.000, student_size=medium
Training: batch_size=64, lr=0.0008, epochs=70, patience=15, weight_decay=0.002, grad_clip=1.0, num_workers=2, disable_augmentation=False, use_weighted_sampler=False
Teacher checkpoint path: checkpoints/teacher/teacher_cnn_seed123.pt
Student checkpoint path: /users/40370279/csc4006/code/experiments/3__alpha_sweep/checkpoints/student_A09_seed123.pt
Training set size: 12957
Validation set size: 1637
Test set size: 1650
Number of leads: 12 classes: 5
Classes: ['CD' 'HYP' 'MI' 'NORM' 'STTC']
Trainable parameters (student): 12809
Total parameters (student): 12809
Estimated model size (MB): 0.051
Teacher pooled dim: 896
Student pooled dim: 28
Class weights: [1. 1. 1. 1. 1.]
Training sampler: standard shuffled loader
[Epoch 001] train_loss=1.1166, train_hard=1.1006, train_soft=0.6423, train_logit_mse=2.0293, train_feature_mse=0.0289, train_acc=0.6056, alpha=0.900, val_acc=0.6384, val_macro_f1=0.3087, val_weighted_f1=0.5539, lr=0.000800, epoch_time=18.91s
  -> New best KD student saved to /users/40370279/csc4006/code/experiments/3__alpha_sweep/checkpoints/student_A09_seed123.pt
[Epoch 002] train_loss=0.8718, train_hard=0.8673, train_soft=0.4526, train_logit_mse=1.5163, train_feature_mse=0.0179, train_acc=0.6924, alpha=0.900, val_acc=0.6848, val_macro_f1=0.4331, val_weighted_f1=0.6341, lr=0.000798, epoch_time=17.97s
  -> New best KD student saved to /users/40370279/csc4006/code/experiments/3__alpha_sweep/checkpoints/student_A09_seed123.pt
[Epoch 003] train_loss=0.7903, train_hard=0.7921, train_soft=0.3805, train_logit_mse=1.2992, train_feature_mse=0.0131, train_acc=0.7332, alpha=0.900, val_acc=0.7294, val_macro_f1=0.5159, val_weighted_f1=0.6974, lr=0.000796, epoch_time=17.82s
  -> New best KD student saved to /users/40370279/csc4006/code/experiments/3__alpha_sweep/checkpoints/student_A09_seed123.pt
[Epoch 004] train_loss=0.7239, train_hard=0.7312, train_soft=0.3278, train_logit_mse=1.0944, train_feature_mse=0.0089, train_acc=0.7580, alpha=0.900, val_acc=0.7214, val_macro_f1=0.4956, val_weighted_f1=0.6796, lr=0.000794, epoch_time=17.89s
[Epoch 005] train_loss=0.6833, train_hard=0.6927, train_soft=0.2968, train_logit_mse=1.0013, train_feature_mse=0.0052, train_acc=0.7691, alpha=0.900, val_acc=0.7379, val_macro_f1=0.5197, val_weighted_f1=0.7043, lr=0.000790, epoch_time=17.88s
  -> New best KD student saved to /users/40370279/csc4006/code/experiments/3__alpha_sweep/checkpoints/student_A09_seed123.pt
[Epoch 006] train_loss=0.6625, train_hard=0.6725, train_soft=0.2844, train_logit_mse=0.9593, train_feature_mse=0.0030, train_acc=0.7754, alpha=0.900, val_acc=0.7434, val_macro_f1=0.5327, val_weighted_f1=0.7144, lr=0.000786, epoch_time=17.91s
  -> New best KD student saved to /users/40370279/csc4006/code/experiments/3__alpha_sweep/checkpoints/student_A09_seed123.pt
[Epoch 007] train_loss=0.6484, train_hard=0.6598, train_soft=0.2701, train_logit_mse=0.9188, train_feature_mse=0.0020, train_acc=0.7839, alpha=0.900, val_acc=0.7330, val_macro_f1=0.5211, val_weighted_f1=0.7007, lr=0.000781, epoch_time=17.75s
[Epoch 008] train_loss=0.6382, train_hard=0.6498, train_soft=0.2647, train_logit_mse=0.8961, train_feature_mse=0.0014, train_acc=0.7884, alpha=0.900, val_acc=0.7538, val_macro_f1=0.5465, val_weighted_f1=0.7261, lr=0.000775, epoch_time=17.88s
  -> New best KD student saved to /users/40370279/csc4006/code/experiments/3__alpha_sweep/checkpoints/student_A09_seed123.pt
[Epoch 009] train_loss=0.6312, train_hard=0.6440, train_soft=0.2571, train_logit_mse=0.8629, train_feature_mse=0.0013, train_acc=0.7854, alpha=0.900, val_acc=0.7453, val_macro_f1=0.5416, val_weighted_f1=0.7202, lr=0.000768, epoch_time=17.76s
[Epoch 010] train_loss=0.6212, train_hard=0.6339, train_soft=0.2503, train_logit_mse=0.8520, train_feature_mse=0.0012, train_acc=0.7912, alpha=0.900, val_acc=0.7605, val_macro_f1=0.5596, val_weighted_f1=0.7344, lr=0.000761, epoch_time=17.76s
  -> New best KD student saved to /users/40370279/csc4006/code/experiments/3__alpha_sweep/checkpoints/student_A09_seed123.pt
[Epoch 011] train_loss=0.6066, train_hard=0.6192, train_soft=0.2441, train_logit_mse=0.8288, train_feature_mse=0.0011, train_acc=0.7913, alpha=0.900, val_acc=0.7502, val_macro_f1=0.5394, val_weighted_f1=0.7176, lr=0.000753, epoch_time=17.87s
[Epoch 012] train_loss=0.6084, train_hard=0.6220, train_soft=0.2408, train_logit_mse=0.8181, train_feature_mse=0.0011, train_acc=0.7926, alpha=0.900, val_acc=0.7544, val_macro_f1=0.5443, val_weighted_f1=0.7212, lr=0.000744, epoch_time=17.75s
[Epoch 013] train_loss=0.5979, train_hard=0.6117, train_soft=0.2332, train_logit_mse=0.8008, train_feature_mse=0.0011, train_acc=0.7969, alpha=0.900, val_acc=0.7459, val_macro_f1=0.5354, val_weighted_f1=0.7139, lr=0.000735, epoch_time=18.00s
[Epoch 014] train_loss=0.5956, train_hard=0.6095, train_soft=0.2311, train_logit_mse=0.7981, train_feature_mse=0.0010, train_acc=0.7977, alpha=0.900, val_acc=0.7593, val_macro_f1=0.5551, val_weighted_f1=0.7332, lr=0.000725, epoch_time=17.67s
[Epoch 015] train_loss=0.5900, train_hard=0.6039, train_soft=0.2270, train_logit_mse=0.7893, train_feature_mse=0.0010, train_acc=0.7989, alpha=0.900, val_acc=0.7605, val_macro_f1=0.5689, val_weighted_f1=0.7405, lr=0.000714, epoch_time=17.78s
  -> New best KD student saved to /users/40370279/csc4006/code/experiments/3__alpha_sweep/checkpoints/student_A09_seed123.pt
[Epoch 016] train_loss=0.5881, train_hard=0.6023, train_soft=0.2263, train_logit_mse=0.7788, train_feature_mse=0.0010, train_acc=0.7980, alpha=0.900, val_acc=0.7557, val_macro_f1=0.5459, val_weighted_f1=0.7254, lr=0.000702, epoch_time=17.85s
[Epoch 017] train_loss=0.5837, train_hard=0.5982, train_soft=0.2218, train_logit_mse=0.7711, train_feature_mse=0.0010, train_acc=0.8019, alpha=0.900, val_acc=0.7483, val_macro_f1=0.5544, val_weighted_f1=0.7259, lr=0.000691, epoch_time=17.72s
[Epoch 018] train_loss=0.5745, train_hard=0.5895, train_soft=0.2135, train_logit_mse=0.7526, train_feature_mse=0.0009, train_acc=0.8054, alpha=0.900, val_acc=0.7532, val_macro_f1=0.5484, val_weighted_f1=0.7256, lr=0.000678, epoch_time=17.74s
[Epoch 019] train_loss=0.5723, train_hard=0.5874, train_soft=0.2118, train_logit_mse=0.7446, train_feature_mse=0.0009, train_acc=0.8057, alpha=0.900, val_acc=0.7599, val_macro_f1=0.5672, val_weighted_f1=0.7390, lr=0.000665, epoch_time=17.75s
[Epoch 020] train_loss=0.5660, train_hard=0.5809, train_soft=0.2084, train_logit_mse=0.7449, train_feature_mse=0.0009, train_acc=0.8072, alpha=0.900, val_acc=0.7593, val_macro_f1=0.5555, val_weighted_f1=0.7298, lr=0.000651, epoch_time=17.88s
[Epoch 021] train_loss=0.5652, train_hard=0.5802, train_soft=0.2074, train_logit_mse=0.7427, train_feature_mse=0.0009, train_acc=0.8040, alpha=0.900, val_acc=0.7581, val_macro_f1=0.5544, val_weighted_f1=0.7306, lr=0.000637, epoch_time=17.72s
[Epoch 022] train_loss=0.5575, train_hard=0.5728, train_soft=0.2018, train_logit_mse=0.7276, train_feature_mse=0.0009, train_acc=0.8061, alpha=0.900, val_acc=0.7605, val_macro_f1=0.5607, val_weighted_f1=0.7336, lr=0.000623, epoch_time=17.85s
[Epoch 023] train_loss=0.5523, train_hard=0.5675, train_soft=0.1998, train_logit_mse=0.7179, train_feature_mse=0.0009, train_acc=0.8074, alpha=0.900, val_acc=0.7550, val_macro_f1=0.5569, val_weighted_f1=0.7312, lr=0.000608, epoch_time=17.85s
[Epoch 024] train_loss=0.5530, train_hard=0.5685, train_soft=0.1975, train_logit_mse=0.7178, train_feature_mse=0.0009, train_acc=0.8101, alpha=0.900, val_acc=0.7587, val_macro_f1=0.5656, val_weighted_f1=0.7379, lr=0.000592, epoch_time=17.91s
[Epoch 025] train_loss=0.5489, train_hard=0.5645, train_soft=0.1938, train_logit_mse=0.7133, train_feature_mse=0.0009, train_acc=0.8118, alpha=0.900, val_acc=0.7514, val_macro_f1=0.5464, val_weighted_f1=0.7228, lr=0.000576, epoch_time=18.00s
[Epoch 026] train_loss=0.5434, train_hard=0.5594, train_soft=0.1881, train_logit_mse=0.7032, train_feature_mse=0.0009, train_acc=0.8140, alpha=0.900, val_acc=0.7618, val_macro_f1=0.5611, val_weighted_f1=0.7337, lr=0.000560, epoch_time=17.74s
[Epoch 027] train_loss=0.5415, train_hard=0.5568, train_soft=0.1904, train_logit_mse=0.7109, train_feature_mse=0.0009, train_acc=0.8112, alpha=0.900, val_acc=0.7611, val_macro_f1=0.5644, val_weighted_f1=0.7381, lr=0.000544, epoch_time=17.99s
[Epoch 028] train_loss=0.5355, train_hard=0.5511, train_soft=0.1866, train_logit_mse=0.6926, train_feature_mse=0.0008, train_acc=0.8166, alpha=0.900, val_acc=0.7679, val_macro_f1=0.5728, val_weighted_f1=0.7432, lr=0.000527, epoch_time=17.81s
  -> New best KD student saved to /users/40370279/csc4006/code/experiments/3__alpha_sweep/checkpoints/student_A09_seed123.pt
[Epoch 029] train_loss=0.5369, train_hard=0.5527, train_soft=0.1866, train_logit_mse=0.6954, train_feature_mse=0.0008, train_acc=0.8176, alpha=0.900, val_acc=0.7520, val_macro_f1=0.5453, val_weighted_f1=0.7215, lr=0.000510, epoch_time=17.84s
[Epoch 030] train_loss=0.5301, train_hard=0.5449, train_soft=0.1859, train_logit_mse=0.7025, train_feature_mse=0.0008, train_acc=0.8176, alpha=0.900, val_acc=0.7569, val_macro_f1=0.5612, val_weighted_f1=0.7339, lr=0.000493, epoch_time=17.85s
[Epoch 031] train_loss=0.5274, train_hard=0.5428, train_soft=0.1827, train_logit_mse=0.6890, train_feature_mse=0.0008, train_acc=0.8200, alpha=0.900, val_acc=0.7642, val_macro_f1=0.5714, val_weighted_f1=0.7413, lr=0.000476, epoch_time=17.82s
[Epoch 032] train_loss=0.5250, train_hard=0.5399, train_soft=0.1829, train_logit_mse=0.6954, train_feature_mse=0.0008, train_acc=0.8216, alpha=0.900, val_acc=0.7611, val_macro_f1=0.5614, val_weighted_f1=0.7347, lr=0.000458, epoch_time=18.01s
[Epoch 033] train_loss=0.5273, train_hard=0.5428, train_soft=0.1812, train_logit_mse=0.6871, train_feature_mse=0.0008, train_acc=0.8196, alpha=0.900, val_acc=0.7642, val_macro_f1=0.5693, val_weighted_f1=0.7411, lr=0.000440, epoch_time=17.73s
[Epoch 034] train_loss=0.5255, train_hard=0.5408, train_soft=0.1813, train_logit_mse=0.6888, train_feature_mse=0.0008, train_acc=0.8196, alpha=0.900, val_acc=0.7624, val_macro_f1=0.5647, val_weighted_f1=0.7374, lr=0.000423, epoch_time=17.76s
[Epoch 035] train_loss=0.5227, train_hard=0.5383, train_soft=0.1778, train_logit_mse=0.6797, train_feature_mse=0.0008, train_acc=0.8177, alpha=0.900, val_acc=0.7605, val_macro_f1=0.5686, val_weighted_f1=0.7382, lr=0.000405, epoch_time=17.73s
[Epoch 036] train_loss=0.5129, train_hard=0.5278, train_soft=0.1734, train_logit_mse=0.6849, train_feature_mse=0.0008, train_acc=0.8230, alpha=0.900, val_acc=0.7636, val_macro_f1=0.5693, val_weighted_f1=0.7414, lr=0.000387, epoch_time=17.77s
[Epoch 037] train_loss=0.5125, train_hard=0.5279, train_soft=0.1732, train_logit_mse=0.6687, train_feature_mse=0.0008, train_acc=0.8215, alpha=0.900, val_acc=0.7630, val_macro_f1=0.5680, val_weighted_f1=0.7395, lr=0.000370, epoch_time=17.84s
[Epoch 038] train_loss=0.5169, train_hard=0.5318, train_soft=0.1765, train_logit_mse=0.6866, train_feature_mse=0.0008, train_acc=0.8212, alpha=0.900, val_acc=0.7709, val_macro_f1=0.5762, val_weighted_f1=0.7473, lr=0.000352, epoch_time=17.79s
  -> New best KD student saved to /users/40370279/csc4006/code/experiments/3__alpha_sweep/checkpoints/student_A09_seed123.pt
[Epoch 039] train_loss=0.5129, train_hard=0.5282, train_soft=0.1736, train_logit_mse=0.6728, train_feature_mse=0.0008, train_acc=0.8202, alpha=0.900, val_acc=0.7660, val_macro_f1=0.5699, val_weighted_f1=0.7414, lr=0.000334, epoch_time=17.89s
[Epoch 040] train_loss=0.5146, train_hard=0.5299, train_soft=0.1731, train_logit_mse=0.6778, train_feature_mse=0.0007, train_acc=0.8233, alpha=0.900, val_acc=0.7569, val_macro_f1=0.5598, val_weighted_f1=0.7342, lr=0.000317, epoch_time=17.86s
[Epoch 041] train_loss=0.5109, train_hard=0.5264, train_soft=0.1714, train_logit_mse=0.6655, train_feature_mse=0.0007, train_acc=0.8226, alpha=0.900, val_acc=0.7685, val_macro_f1=0.5742, val_weighted_f1=0.7453, lr=0.000300, epoch_time=17.83s
[Epoch 042] train_loss=0.5068, train_hard=0.5211, train_soft=0.1721, train_logit_mse=0.6870, train_feature_mse=0.0007, train_acc=0.8260, alpha=0.900, val_acc=0.7618, val_macro_f1=0.5633, val_weighted_f1=0.7370, lr=0.000283, epoch_time=17.75s
[Epoch 043] train_loss=0.5027, train_hard=0.5175, train_soft=0.1684, train_logit_mse=0.6682, train_feature_mse=0.0007, train_acc=0.8243, alpha=0.900, val_acc=0.7660, val_macro_f1=0.5729, val_weighted_f1=0.7439, lr=0.000266, epoch_time=17.80s
[Epoch 044] train_loss=0.5025, train_hard=0.5171, train_soft=0.1673, train_logit_mse=0.6796, train_feature_mse=0.0007, train_acc=0.8271, alpha=0.900, val_acc=0.7636, val_macro_f1=0.5595, val_weighted_f1=0.7329, lr=0.000250, epoch_time=17.89s
[Epoch 045] train_loss=0.5030, train_hard=0.5175, train_soft=0.1712, train_logit_mse=0.6702, train_feature_mse=0.0007, train_acc=0.8284, alpha=0.900, val_acc=0.7642, val_macro_f1=0.5660, val_weighted_f1=0.7388, lr=0.000234, epoch_time=17.81s
[Epoch 046] train_loss=0.5004, train_hard=0.5149, train_soft=0.1693, train_logit_mse=0.6678, train_feature_mse=0.0007, train_acc=0.8293, alpha=0.900, val_acc=0.7673, val_macro_f1=0.5752, val_weighted_f1=0.7454, lr=0.000218, epoch_time=17.83s
[Epoch 047] train_loss=0.4974, train_hard=0.5125, train_soft=0.1643, train_logit_mse=0.6567, train_feature_mse=0.0007, train_acc=0.8291, alpha=0.900, val_acc=0.7679, val_macro_f1=0.5742, val_weighted_f1=0.7441, lr=0.000202, epoch_time=17.92s
[Epoch 048] train_loss=0.4952, train_hard=0.5095, train_soft=0.1660, train_logit_mse=0.6672, train_feature_mse=0.0007, train_acc=0.8294, alpha=0.900, val_acc=0.7703, val_macro_f1=0.5752, val_weighted_f1=0.7462, lr=0.000187, epoch_time=17.96s
[Epoch 049] train_loss=0.4927, train_hard=0.5067, train_soft=0.1665, train_logit_mse=0.6673, train_feature_mse=0.0007, train_acc=0.8297, alpha=0.900, val_acc=0.7587, val_macro_f1=0.5622, val_weighted_f1=0.7337, lr=0.000173, epoch_time=17.85s
[Epoch 050] train_loss=0.4874, train_hard=0.5014, train_soft=0.1635, train_logit_mse=0.6610, train_feature_mse=0.0007, train_acc=0.8319, alpha=0.900, val_acc=0.7691, val_macro_f1=0.5764, val_weighted_f1=0.7455, lr=0.000159, epoch_time=17.89s
  -> New best KD student saved to /users/40370279/csc4006/code/experiments/3__alpha_sweep/checkpoints/student_A09_seed123.pt
[Epoch 051] train_loss=0.4916, train_hard=0.5065, train_soft=0.1606, train_logit_mse=0.6541, train_feature_mse=0.0007, train_acc=0.8309, alpha=0.900, val_acc=0.7654, val_macro_f1=0.5684, val_weighted_f1=0.7395, lr=0.000145, epoch_time=17.83s
[Epoch 052] train_loss=0.4877, train_hard=0.5014, train_soft=0.1630, train_logit_mse=0.6727, train_feature_mse=0.0007, train_acc=0.8300, alpha=0.900, val_acc=0.7721, val_macro_f1=0.5784, val_weighted_f1=0.7486, lr=0.000132, epoch_time=17.71s
  -> New best KD student saved to /users/40370279/csc4006/code/experiments/3__alpha_sweep/checkpoints/student_A09_seed123.pt
[Epoch 053] train_loss=0.4884, train_hard=0.5026, train_soft=0.1616, train_logit_mse=0.6608, train_feature_mse=0.0007, train_acc=0.8321, alpha=0.900, val_acc=0.7660, val_macro_f1=0.5736, val_weighted_f1=0.7432, lr=0.000119, epoch_time=17.91s
[Epoch 054] train_loss=0.4833, train_hard=0.4972, train_soft=0.1601, train_logit_mse=0.6585, train_feature_mse=0.0007, train_acc=0.8339, alpha=0.900, val_acc=0.7703, val_macro_f1=0.5776, val_weighted_f1=0.7470, lr=0.000108, epoch_time=17.93s
[Epoch 055] train_loss=0.4902, train_hard=0.5042, train_soft=0.1638, train_logit_mse=0.6676, train_feature_mse=0.0007, train_acc=0.8294, alpha=0.900, val_acc=0.7666, val_macro_f1=0.5718, val_weighted_f1=0.7421, lr=0.000096, epoch_time=17.74s
[Epoch 056] train_loss=0.4852, train_hard=0.4983, train_soft=0.1669, train_logit_mse=0.6678, train_feature_mse=0.0007, train_acc=0.8333, alpha=0.900, val_acc=0.7654, val_macro_f1=0.5702, val_weighted_f1=0.7412, lr=0.000085, epoch_time=17.86s
[Epoch 057] train_loss=0.4853, train_hard=0.4987, train_soft=0.1632, train_logit_mse=0.6725, train_feature_mse=0.0007, train_acc=0.8337, alpha=0.900, val_acc=0.7673, val_macro_f1=0.5741, val_weighted_f1=0.7453, lr=0.000075, epoch_time=17.69s
[Epoch 058] train_loss=0.4827, train_hard=0.4969, train_soft=0.1591, train_logit_mse=0.6529, train_feature_mse=0.0007, train_acc=0.8328, alpha=0.900, val_acc=0.7648, val_macro_f1=0.5711, val_weighted_f1=0.7411, lr=0.000066, epoch_time=17.84s
[Epoch 059] train_loss=0.4808, train_hard=0.4943, train_soft=0.1618, train_logit_mse=0.6580, train_feature_mse=0.0007, train_acc=0.8369, alpha=0.900, val_acc=0.7654, val_macro_f1=0.5708, val_weighted_f1=0.7414, lr=0.000057, epoch_time=17.80s
[Epoch 060] train_loss=0.4815, train_hard=0.4952, train_soft=0.1601, train_logit_mse=0.6581, train_feature_mse=0.0007, train_acc=0.8341, alpha=0.900, val_acc=0.7648, val_macro_f1=0.5710, val_weighted_f1=0.7415, lr=0.000049, epoch_time=17.75s
[Epoch 061] train_loss=0.4832, train_hard=0.4969, train_soft=0.1604, train_logit_mse=0.6629, train_feature_mse=0.0007, train_acc=0.8344, alpha=0.900, val_acc=0.7673, val_macro_f1=0.5754, val_weighted_f1=0.7445, lr=0.000042, epoch_time=17.82s
[Epoch 062] train_loss=0.4822, train_hard=0.4963, train_soft=0.1585, train_logit_mse=0.6535, train_feature_mse=0.0007, train_acc=0.8354, alpha=0.900, val_acc=0.7648, val_macro_f1=0.5707, val_weighted_f1=0.7403, lr=0.000035, epoch_time=17.79s
[Epoch 063] train_loss=0.4815, train_hard=0.4955, train_soft=0.1590, train_logit_mse=0.6561, train_feature_mse=0.0007, train_acc=0.8346, alpha=0.900, val_acc=0.7666, val_macro_f1=0.5760, val_weighted_f1=0.7444, lr=0.000029, epoch_time=17.81s
[Epoch 064] train_loss=0.4802, train_hard=0.4940, train_soft=0.1596, train_logit_mse=0.6540, train_feature_mse=0.0007, train_acc=0.8338, alpha=0.900, val_acc=0.7648, val_macro_f1=0.5723, val_weighted_f1=0.7410, lr=0.000024, epoch_time=17.78s
[Epoch 065] train_loss=0.4836, train_hard=0.4973, train_soft=0.1626, train_logit_mse=0.6573, train_feature_mse=0.0007, train_acc=0.8351, alpha=0.900, val_acc=0.7636, val_macro_f1=0.5722, val_weighted_f1=0.7409, lr=0.000020, epoch_time=17.98s
[Epoch 066] train_loss=0.4793, train_hard=0.4927, train_soft=0.1606, train_logit_mse=0.6585, train_feature_mse=0.0007, train_acc=0.8385, alpha=0.900, val_acc=0.7715, val_macro_f1=0.5794, val_weighted_f1=0.7488, lr=0.000016, epoch_time=17.86s
  -> New best KD student saved to /users/40370279/csc4006/code/experiments/3__alpha_sweep/checkpoints/student_A09_seed123.pt
[Epoch 067] train_loss=0.4781, train_hard=0.4916, train_soft=0.1601, train_logit_mse=0.6544, train_feature_mse=0.0007, train_acc=0.8369, alpha=0.900, val_acc=0.7630, val_macro_f1=0.5701, val_weighted_f1=0.7401, lr=0.000014, epoch_time=17.88s
[Epoch 068] train_loss=0.4789, train_hard=0.4925, train_soft=0.1580, train_logit_mse=0.6619, train_feature_mse=0.0007, train_acc=0.8381, alpha=0.900, val_acc=0.7709, val_macro_f1=0.5802, val_weighted_f1=0.7487, lr=0.000012, epoch_time=17.87s
  -> New best KD student saved to /users/40370279/csc4006/code/experiments/3__alpha_sweep/checkpoints/student_A09_seed123.pt
[Epoch 069] train_loss=0.4711, train_hard=0.4840, train_soft=0.1574, train_logit_mse=0.6590, train_feature_mse=0.0007, train_acc=0.8388, alpha=0.900, val_acc=0.7666, val_macro_f1=0.5748, val_weighted_f1=0.7431, lr=0.000010, epoch_time=17.98s
[Epoch 070] train_loss=0.4778, train_hard=0.4911, train_soft=0.1594, train_logit_mse=0.6604, train_feature_mse=0.0007, train_acc=0.8370, alpha=0.900, val_acc=0.7648, val_macro_f1=0.5736, val_weighted_f1=0.7423, lr=0.000010, epoch_time=17.75s
Loaded best KD student checkpoint for final test evaluation.
Best validation macro-F1: 0.5802
Best epoch: 68
Time to best model: 1217.62 seconds
Checkpoint size (MB): 0.174
Student size: medium
Teacher used: checkpoints/teacher/teacher_cnn_seed123.pt
Teacher arch: TeacherCNN
Teacher size: large
Checkpoint seed: 123
Test accuracy (KD student): 0.7733
Test macro-F1 (KD student): 0.5869
Test weighted-F1 (KD student): 0.7535
Test classification report:
              precision    recall  f1-score   support

           0       0.79      0.67      0.72       184
           1       0.33      0.02      0.03        56
           2       0.76      0.57      0.65       256
           3       0.79      0.94      0.85       912
           4       0.72      0.64      0.68       242

    accuracy                           0.77      1650
   macro avg       0.68      0.56      0.59      1650
weighted avg       0.76      0.77      0.75      1650

Test confusion matrix:
[[123   0   6  47   8]
 [  2   1   3  42   8]
 [ 10   0 145  76  25]
 [ 15   1  24 853  19]
 [  6   1  14  67 154]]
Inference latency: 1.4425 ms/sample
Parsed metrics for seed 123:
  Accuracy    = 0.7733
  Macro-F1    = 0.5869
  Weighted-F1 = 0.7535

----- SEED 999 -----
Using device: cuda
Seed: 999
Deterministic mode: True
Deterministic warn_only: True
KD hyperparameters: alpha_start=0.900, alpha_end=0.900, temperature=1.00, logit_mse_weight=0.030, feature_mse_weight=0.030, class_weight_gamma=0.00, sampler_power=0.35, label_smoothing=0.000, student_size=medium
Training: batch_size=64, lr=0.0008, epochs=70, patience=15, weight_decay=0.002, grad_clip=1.0, num_workers=2, disable_augmentation=False, use_weighted_sampler=False
Teacher checkpoint path: checkpoints/teacher/teacher_cnn_seed999.pt
Student checkpoint path: /users/40370279/csc4006/code/experiments/3__alpha_sweep/checkpoints/student_A09_seed999.pt
Training set size: 12957
Validation set size: 1637
Test set size: 1650
Number of leads: 12 classes: 5
Classes: ['CD' 'HYP' 'MI' 'NORM' 'STTC']
Trainable parameters (student): 12809
Total parameters (student): 12809
Estimated model size (MB): 0.051
Teacher pooled dim: 896
Student pooled dim: 28
Class weights: [1. 1. 1. 1. 1.]
Training sampler: standard shuffled loader
[Epoch 001] train_loss=1.1341, train_hard=1.0913, train_soft=0.7419, train_logit_mse=2.5568, train_feature_mse=0.0323, train_acc=0.5986, alpha=0.900, val_acc=0.6775, val_macro_f1=0.4071, val_weighted_f1=0.6225, lr=0.000800, epoch_time=19.07s
  -> New best KD student saved to /users/40370279/csc4006/code/experiments/3__alpha_sweep/checkpoints/student_A09_seed999.pt
[Epoch 002] train_loss=0.9052, train_hard=0.8780, train_soft=0.5516, train_logit_mse=1.9733, train_feature_mse=0.0204, train_acc=0.6855, alpha=0.900, val_acc=0.6976, val_macro_f1=0.4325, val_weighted_f1=0.6510, lr=0.000798, epoch_time=17.93s
  -> New best KD student saved to /users/40370279/csc4006/code/experiments/3__alpha_sweep/checkpoints/student_A09_seed999.pt
[Epoch 003] train_loss=0.8038, train_hard=0.7850, train_soft=0.4619, train_logit_mse=1.6889, train_feature_mse=0.0147, train_acc=0.7334, alpha=0.900, val_acc=0.7294, val_macro_f1=0.5193, val_weighted_f1=0.7019, lr=0.000796, epoch_time=17.87s
  -> New best KD student saved to /users/40370279/csc4006/code/experiments/3__alpha_sweep/checkpoints/student_A09_seed999.pt
[Epoch 004] train_loss=0.7367, train_hard=0.7248, train_soft=0.4039, train_logit_mse=1.4592, train_feature_mse=0.0078, train_acc=0.7604, alpha=0.900, val_acc=0.7349, val_macro_f1=0.5380, val_weighted_f1=0.7166, lr=0.000794, epoch_time=17.95s
  -> New best KD student saved to /users/40370279/csc4006/code/experiments/3__alpha_sweep/checkpoints/student_A09_seed999.pt
[Epoch 005] train_loss=0.7020, train_hard=0.6933, train_soft=0.3753, train_logit_mse=1.3460, train_feature_mse=0.0043, train_acc=0.7702, alpha=0.900, val_acc=0.7324, val_macro_f1=0.5101, val_weighted_f1=0.6979, lr=0.000790, epoch_time=17.93s
[Epoch 006] train_loss=0.6866, train_hard=0.6801, train_soft=0.3581, train_logit_mse=1.2869, train_feature_mse=0.0025, train_acc=0.7738, alpha=0.900, val_acc=0.7465, val_macro_f1=0.5460, val_weighted_f1=0.7247, lr=0.000786, epoch_time=17.91s
  -> New best KD student saved to /users/40370279/csc4006/code/experiments/3__alpha_sweep/checkpoints/student_A09_seed999.pt
[Epoch 007] train_loss=0.6741, train_hard=0.6688, train_soft=0.3482, train_logit_mse=1.2421, train_feature_mse=0.0018, train_acc=0.7785, alpha=0.900, val_acc=0.7434, val_macro_f1=0.5240, val_weighted_f1=0.7049, lr=0.000781, epoch_time=17.80s
[Epoch 008] train_loss=0.6570, train_hard=0.6517, train_soft=0.3402, train_logit_mse=1.2119, train_feature_mse=0.0016, train_acc=0.7846, alpha=0.900, val_acc=0.7459, val_macro_f1=0.5346, val_weighted_f1=0.7144, lr=0.000775, epoch_time=17.84s
[Epoch 009] train_loss=0.6429, train_hard=0.6397, train_soft=0.3233, train_logit_mse=1.1595, train_feature_mse=0.0014, train_acc=0.7885, alpha=0.900, val_acc=0.7618, val_macro_f1=0.5651, val_weighted_f1=0.7384, lr=0.000768, epoch_time=17.93s
  -> New best KD student saved to /users/40370279/csc4006/code/experiments/3__alpha_sweep/checkpoints/student_A09_seed999.pt
[Epoch 010] train_loss=0.6319, train_hard=0.6290, train_soft=0.3155, train_logit_mse=1.1429, train_feature_mse=0.0013, train_acc=0.7898, alpha=0.900, val_acc=0.7495, val_macro_f1=0.5360, val_weighted_f1=0.7165, lr=0.000761, epoch_time=17.83s
[Epoch 011] train_loss=0.6334, train_hard=0.6312, train_soft=0.3149, train_logit_mse=1.1264, train_feature_mse=0.0013, train_acc=0.7917, alpha=0.900, val_acc=0.7300, val_macro_f1=0.5147, val_weighted_f1=0.6918, lr=0.000753, epoch_time=17.81s
[Epoch 012] train_loss=0.6227, train_hard=0.6197, train_soft=0.3107, train_logit_mse=1.1291, train_feature_mse=0.0012, train_acc=0.7941, alpha=0.900, val_acc=0.7611, val_macro_f1=0.5637, val_weighted_f1=0.7383, lr=0.000744, epoch_time=17.77s
[Epoch 013] train_loss=0.6215, train_hard=0.6196, train_soft=0.3058, train_logit_mse=1.1083, train_feature_mse=0.0012, train_acc=0.7950, alpha=0.900, val_acc=0.7630, val_macro_f1=0.5625, val_weighted_f1=0.7375, lr=0.000735, epoch_time=17.99s
[Epoch 014] train_loss=0.6157, train_hard=0.6150, train_soft=0.2987, train_logit_mse=1.0758, train_feature_mse=0.0012, train_acc=0.7968, alpha=0.900, val_acc=0.7611, val_macro_f1=0.5645, val_weighted_f1=0.7358, lr=0.000725, epoch_time=18.04s
[Epoch 015] train_loss=0.6069, train_hard=0.6062, train_soft=0.2921, train_logit_mse=1.0684, train_feature_mse=0.0011, train_acc=0.8023, alpha=0.900, val_acc=0.7428, val_macro_f1=0.5242, val_weighted_f1=0.7048, lr=0.000714, epoch_time=17.89s
[Epoch 016] train_loss=0.5989, train_hard=0.5985, train_soft=0.2875, train_logit_mse=1.0493, train_feature_mse=0.0011, train_acc=0.8025, alpha=0.900, val_acc=0.7624, val_macro_f1=0.5690, val_weighted_f1=0.7417, lr=0.000702, epoch_time=17.96s
  -> New best KD student saved to /users/40370279/csc4006/code/experiments/3__alpha_sweep/checkpoints/student_A09_seed999.pt
[Epoch 017] train_loss=0.5949, train_hard=0.5944, train_soft=0.2843, train_logit_mse=1.0493, train_feature_mse=0.0011, train_acc=0.8022, alpha=0.900, val_acc=0.7642, val_macro_f1=0.5639, val_weighted_f1=0.7364, lr=0.000691, epoch_time=17.99s
[Epoch 018] train_loss=0.5895, train_hard=0.5894, train_soft=0.2802, train_logit_mse=1.0337, train_feature_mse=0.0011, train_acc=0.8033, alpha=0.900, val_acc=0.7642, val_macro_f1=0.5741, val_weighted_f1=0.7448, lr=0.000678, epoch_time=17.77s
  -> New best KD student saved to /users/40370279/csc4006/code/experiments/3__alpha_sweep/checkpoints/student_A09_seed999.pt
[Epoch 019] train_loss=0.5879, train_hard=0.5883, train_soft=0.2769, train_logit_mse=1.0261, train_feature_mse=0.0010, train_acc=0.8042, alpha=0.900, val_acc=0.7648, val_macro_f1=0.5650, val_weighted_f1=0.7386, lr=0.000665, epoch_time=17.93s
[Epoch 020] train_loss=0.5882, train_hard=0.5886, train_soft=0.2770, train_logit_mse=1.0228, train_feature_mse=0.0011, train_acc=0.8052, alpha=0.900, val_acc=0.7575, val_macro_f1=0.5686, val_weighted_f1=0.7389, lr=0.000651, epoch_time=17.97s
[Epoch 021] train_loss=0.5840, train_hard=0.5848, train_soft=0.2720, train_logit_mse=1.0155, train_feature_mse=0.0011, train_acc=0.8084, alpha=0.900, val_acc=0.7587, val_macro_f1=0.5509, val_weighted_f1=0.7290, lr=0.000637, epoch_time=17.87s
[Epoch 022] train_loss=0.5850, train_hard=0.5866, train_soft=0.2696, train_logit_mse=1.0023, train_feature_mse=0.0010, train_acc=0.8063, alpha=0.900, val_acc=0.7611, val_macro_f1=0.5571, val_weighted_f1=0.7334, lr=0.000623, epoch_time=17.82s
[Epoch 023] train_loss=0.5758, train_hard=0.5772, train_soft=0.2653, train_logit_mse=0.9907, train_feature_mse=0.0010, train_acc=0.8089, alpha=0.900, val_acc=0.7636, val_macro_f1=0.5666, val_weighted_f1=0.7388, lr=0.000608, epoch_time=17.91s
[Epoch 024] train_loss=0.5680, train_hard=0.5694, train_soft=0.2616, train_logit_mse=0.9786, train_feature_mse=0.0010, train_acc=0.8121, alpha=0.900, val_acc=0.7666, val_macro_f1=0.5713, val_weighted_f1=0.7426, lr=0.000592, epoch_time=17.79s
[Epoch 025] train_loss=0.5644, train_hard=0.5661, train_soft=0.2566, train_logit_mse=0.9725, train_feature_mse=0.0010, train_acc=0.8138, alpha=0.900, val_acc=0.7654, val_macro_f1=0.5673, val_weighted_f1=0.7386, lr=0.000576, epoch_time=17.75s
[Epoch 026] train_loss=0.5646, train_hard=0.5667, train_soft=0.2549, train_logit_mse=0.9683, train_feature_mse=0.0010, train_acc=0.8123, alpha=0.900, val_acc=0.7648, val_macro_f1=0.5687, val_weighted_f1=0.7420, lr=0.000560, epoch_time=17.88s
[Epoch 027] train_loss=0.5647, train_hard=0.5665, train_soft=0.2556, train_logit_mse=0.9765, train_feature_mse=0.0010, train_acc=0.8129, alpha=0.900, val_acc=0.7697, val_macro_f1=0.5734, val_weighted_f1=0.7450, lr=0.000544, epoch_time=17.96s
[Epoch 028] train_loss=0.5614, train_hard=0.5645, train_soft=0.2503, train_logit_mse=0.9451, train_feature_mse=0.0009, train_acc=0.8132, alpha=0.900, val_acc=0.7618, val_macro_f1=0.5609, val_weighted_f1=0.7344, lr=0.000527, epoch_time=17.96s
[Epoch 029] train_loss=0.5498, train_hard=0.5526, train_soft=0.2412, train_logit_mse=0.9417, train_feature_mse=0.0009, train_acc=0.8166, alpha=0.900, val_acc=0.7679, val_macro_f1=0.5706, val_weighted_f1=0.7444, lr=0.000510, epoch_time=17.89s
[Epoch 030] train_loss=0.5536, train_hard=0.5559, train_soft=0.2480, train_logit_mse=0.9493, train_feature_mse=0.0009, train_acc=0.8153, alpha=0.900, val_acc=0.7624, val_macro_f1=0.5607, val_weighted_f1=0.7347, lr=0.000493, epoch_time=17.88s
[Epoch 031] train_loss=0.5503, train_hard=0.5532, train_soft=0.2447, train_logit_mse=0.9315, train_feature_mse=0.0009, train_acc=0.8124, alpha=0.900, val_acc=0.7636, val_macro_f1=0.5672, val_weighted_f1=0.7394, lr=0.000476, epoch_time=17.95s
[Epoch 032] train_loss=0.5454, train_hard=0.5484, train_soft=0.2393, train_logit_mse=0.9304, train_feature_mse=0.0009, train_acc=0.8158, alpha=0.900, val_acc=0.7691, val_macro_f1=0.5718, val_weighted_f1=0.7444, lr=0.000458, epoch_time=17.86s
[Epoch 033] train_loss=0.5421, train_hard=0.5452, train_soft=0.2389, train_logit_mse=0.9190, train_feature_mse=0.0009, train_acc=0.8189, alpha=0.900, val_acc=0.7685, val_macro_f1=0.5704, val_weighted_f1=0.7422, lr=0.000440, epoch_time=17.85s
Early stopping triggered.
Loaded best KD student checkpoint for final test evaluation.
Best validation macro-F1: 0.5741
Best epoch: 18
Time to best model: 326.66 seconds
Checkpoint size (MB): 0.174
Student size: medium
Teacher used: checkpoints/teacher/teacher_cnn_seed999.pt
Teacher arch: TeacherCNN
Teacher size: large
Checkpoint seed: 999
Test accuracy (KD student): 0.7618
Test macro-F1 (KD student): 0.5729
Test weighted-F1 (KD student): 0.7442
Test classification report:
              precision    recall  f1-score   support

           0       0.82      0.65      0.73       184
           1       0.00      0.00      0.00        56
           2       0.65      0.66      0.65       256
           3       0.80      0.90      0.85       912
           4       0.69      0.60      0.64       242

    accuracy                           0.76      1650
   macro avg       0.59      0.56      0.57      1650
weighted avg       0.73      0.76      0.74      1650

Test confusion matrix:
[[120   0  10  47   7]
 [  2   0   4  42   8]
 [ 11   0 168  53  24]
 [ 11   0  50 825  26]
 [  2   0  28  68 144]]
Inference latency: 1.4287 ms/sample
Parsed metrics for seed 999:
  Accuracy    = 0.7618
  Macro-F1    = 0.5729
  Weighted-F1 = 0.7442

===== EXPERIMENT 3 SUMMARY: ALPHA = 0.9 =====
Alpha        : 0.9
Temperature  : 4
Seeds        : 42 123 999
Accuracy     : 0.7705 ± 0.0063
Macro F1     : 0.5801 ± 0.0057
Weighted F1  : 0.7503 ± 0.0043

Finished at: Sat Mar 28 18:24:39 GMT 2026
