[38;5;127mpython3[0m/[38;5;172m3.10.5[0m/[38;5;67mgcc-9.3.0[0m
 |
 [0;32mOK[0m
[38;5;127mgcc[0m/[38;5;172m9.3.0[0m
 |
 [0;32mOK[0m
===== EXPERIMENT 4: STUDENT BASELINE MEDIUM RUN =====
Experiment dir: experiments/4__student_capacity_sweep
Seeds: 42, 123, 999
Job ID: 7991920
Host: gpu106.pri.kelvin2.alces.network
Start: Sat Mar 28 18:27:44 GMT 2026
Working directory: /users/40370279/csc4006/code
Log dir: experiments/4__student_capacity_sweep/logs
Temp log dir: experiments/4__student_capacity_sweep/logs/tmp
Checkpoint dir: experiments/4__student_capacity_sweep/checkpoints

----- SEED 42 -----
Using device: cuda
Seed: 42
Deterministic mode: True
Deterministic warn_only: True
Baseline hyperparameters: class_weight_gamma=0.00, sampler_power=0.35, label_smoothing=0.000, student_size=medium
Training: batch_size=64, lr=0.0008, epochs=70, patience=15, weight_decay=0.002, grad_clip=1.0, num_workers=2, disable_augmentation=False, use_weighted_sampler=False
Student checkpoint path: experiments/4__student_capacity_sweep/checkpoints/studentbaseline_medium_seed42.pt
Training set size: 12957
Validation set size: 1637
Test set size: 1650
Number of leads: 12 classes: 5
Classes: ['CD' 'HYP' 'MI' 'NORM' 'STTC']
Trainable parameters: 12809
Total parameters: 12809
Estimated model size (MB): 0.051
Class weights: [1. 1. 1. 1. 1.]
Training sampler: standard shuffled loader
[Epoch 001] train_loss=1.1186, train_acc=0.5889, val_acc=0.6628, val_macro_f1=0.4014, val_weighted_f1=0.6074, lr=0.000800, epoch_time=16.55s
  -> New best baseline student saved to experiments/4__student_capacity_sweep/checkpoints/studentbaseline_medium_seed42.pt
[Epoch 002] train_loss=0.8576, train_acc=0.7036, val_acc=0.7080, val_macro_f1=0.4823, val_weighted_f1=0.6723, lr=0.000798, epoch_time=15.96s
  -> New best baseline student saved to experiments/4__student_capacity_sweep/checkpoints/studentbaseline_medium_seed42.pt
[Epoch 003] train_loss=0.7727, train_acc=0.7389, val_acc=0.7227, val_macro_f1=0.4959, val_weighted_f1=0.6847, lr=0.000796, epoch_time=15.97s
  -> New best baseline student saved to experiments/4__student_capacity_sweep/checkpoints/studentbaseline_medium_seed42.pt
[Epoch 004] train_loss=0.7273, train_acc=0.7567, val_acc=0.7233, val_macro_f1=0.5034, val_weighted_f1=0.6847, lr=0.000794, epoch_time=15.89s
  -> New best baseline student saved to experiments/4__student_capacity_sweep/checkpoints/studentbaseline_medium_seed42.pt
[Epoch 005] train_loss=0.6993, train_acc=0.7645, val_acc=0.7276, val_macro_f1=0.5091, val_weighted_f1=0.6912, lr=0.000790, epoch_time=16.04s
  -> New best baseline student saved to experiments/4__student_capacity_sweep/checkpoints/studentbaseline_medium_seed42.pt
[Epoch 006] train_loss=0.6887, train_acc=0.7680, val_acc=0.7349, val_macro_f1=0.5170, val_weighted_f1=0.7049, lr=0.000786, epoch_time=15.97s
  -> New best baseline student saved to experiments/4__student_capacity_sweep/checkpoints/studentbaseline_medium_seed42.pt
[Epoch 007] train_loss=0.6739, train_acc=0.7743, val_acc=0.7422, val_macro_f1=0.5282, val_weighted_f1=0.7096, lr=0.000781, epoch_time=15.98s
  -> New best baseline student saved to experiments/4__student_capacity_sweep/checkpoints/studentbaseline_medium_seed42.pt
[Epoch 008] train_loss=0.6627, train_acc=0.7802, val_acc=0.7422, val_macro_f1=0.5282, val_weighted_f1=0.7087, lr=0.000775, epoch_time=15.93s
  -> New best baseline student saved to experiments/4__student_capacity_sweep/checkpoints/studentbaseline_medium_seed42.pt
[Epoch 009] train_loss=0.6488, train_acc=0.7830, val_acc=0.7514, val_macro_f1=0.5465, val_weighted_f1=0.7223, lr=0.000768, epoch_time=15.91s
  -> New best baseline student saved to experiments/4__student_capacity_sweep/checkpoints/studentbaseline_medium_seed42.pt
[Epoch 010] train_loss=0.6424, train_acc=0.7850, val_acc=0.7318, val_macro_f1=0.5182, val_weighted_f1=0.6988, lr=0.000761, epoch_time=15.98s
[Epoch 011] train_loss=0.6373, train_acc=0.7868, val_acc=0.7477, val_macro_f1=0.5346, val_weighted_f1=0.7196, lr=0.000753, epoch_time=15.97s
[Epoch 012] train_loss=0.6265, train_acc=0.7904, val_acc=0.7538, val_macro_f1=0.5507, val_weighted_f1=0.7264, lr=0.000744, epoch_time=15.99s
  -> New best baseline student saved to experiments/4__student_capacity_sweep/checkpoints/studentbaseline_medium_seed42.pt
[Epoch 013] train_loss=0.6258, train_acc=0.7901, val_acc=0.7477, val_macro_f1=0.5483, val_weighted_f1=0.7220, lr=0.000735, epoch_time=15.98s
[Epoch 014] train_loss=0.6175, train_acc=0.7891, val_acc=0.7520, val_macro_f1=0.5466, val_weighted_f1=0.7215, lr=0.000725, epoch_time=15.99s
[Epoch 015] train_loss=0.6133, train_acc=0.7937, val_acc=0.7453, val_macro_f1=0.5523, val_weighted_f1=0.7236, lr=0.000714, epoch_time=16.00s
  -> New best baseline student saved to experiments/4__student_capacity_sweep/checkpoints/studentbaseline_medium_seed42.pt
[Epoch 016] train_loss=0.6119, train_acc=0.7935, val_acc=0.7392, val_macro_f1=0.5318, val_weighted_f1=0.7063, lr=0.000702, epoch_time=15.94s
[Epoch 017] train_loss=0.6076, train_acc=0.7976, val_acc=0.7544, val_macro_f1=0.5554, val_weighted_f1=0.7290, lr=0.000691, epoch_time=16.00s
  -> New best baseline student saved to experiments/4__student_capacity_sweep/checkpoints/studentbaseline_medium_seed42.pt
[Epoch 018] train_loss=0.5949, train_acc=0.8024, val_acc=0.7453, val_macro_f1=0.5383, val_weighted_f1=0.7139, lr=0.000678, epoch_time=15.88s
[Epoch 019] train_loss=0.5981, train_acc=0.8018, val_acc=0.7544, val_macro_f1=0.5518, val_weighted_f1=0.7263, lr=0.000665, epoch_time=15.97s
[Epoch 020] train_loss=0.5919, train_acc=0.8038, val_acc=0.7392, val_macro_f1=0.5276, val_weighted_f1=0.7058, lr=0.000651, epoch_time=15.83s
[Epoch 021] train_loss=0.5884, train_acc=0.8025, val_acc=0.7459, val_macro_f1=0.5377, val_weighted_f1=0.7150, lr=0.000637, epoch_time=15.96s
[Epoch 022] train_loss=0.5886, train_acc=0.8067, val_acc=0.7404, val_macro_f1=0.5293, val_weighted_f1=0.7057, lr=0.000623, epoch_time=15.88s
[Epoch 023] train_loss=0.5817, train_acc=0.8054, val_acc=0.7526, val_macro_f1=0.5484, val_weighted_f1=0.7235, lr=0.000608, epoch_time=15.94s
[Epoch 024] train_loss=0.5785, train_acc=0.8074, val_acc=0.7654, val_macro_f1=0.5671, val_weighted_f1=0.7416, lr=0.000592, epoch_time=15.87s
  -> New best baseline student saved to experiments/4__student_capacity_sweep/checkpoints/studentbaseline_medium_seed42.pt
[Epoch 025] train_loss=0.5780, train_acc=0.8047, val_acc=0.7282, val_macro_f1=0.5097, val_weighted_f1=0.6871, lr=0.000576, epoch_time=16.08s
[Epoch 026] train_loss=0.5690, train_acc=0.8077, val_acc=0.7477, val_macro_f1=0.5414, val_weighted_f1=0.7170, lr=0.000560, epoch_time=15.97s
[Epoch 027] train_loss=0.5716, train_acc=0.8064, val_acc=0.7526, val_macro_f1=0.5458, val_weighted_f1=0.7213, lr=0.000544, epoch_time=15.90s
[Epoch 028] train_loss=0.5642, train_acc=0.8128, val_acc=0.7471, val_macro_f1=0.5431, val_weighted_f1=0.7165, lr=0.000527, epoch_time=15.98s
[Epoch 029] train_loss=0.5625, train_acc=0.8114, val_acc=0.7447, val_macro_f1=0.5341, val_weighted_f1=0.7123, lr=0.000510, epoch_time=16.00s
[Epoch 030] train_loss=0.5611, train_acc=0.8108, val_acc=0.7495, val_macro_f1=0.5407, val_weighted_f1=0.7198, lr=0.000493, epoch_time=15.96s
[Epoch 031] train_loss=0.5582, train_acc=0.8124, val_acc=0.7459, val_macro_f1=0.5397, val_weighted_f1=0.7165, lr=0.000476, epoch_time=15.90s
[Epoch 032] train_loss=0.5570, train_acc=0.8118, val_acc=0.7642, val_macro_f1=0.5711, val_weighted_f1=0.7441, lr=0.000458, epoch_time=16.02s
  -> New best baseline student saved to experiments/4__student_capacity_sweep/checkpoints/studentbaseline_medium_seed42.pt
[Epoch 033] train_loss=0.5525, train_acc=0.8152, val_acc=0.7593, val_macro_f1=0.5587, val_weighted_f1=0.7313, lr=0.000440, epoch_time=15.97s
[Epoch 034] train_loss=0.5502, train_acc=0.8153, val_acc=0.7544, val_macro_f1=0.5545, val_weighted_f1=0.7269, lr=0.000423, epoch_time=15.93s
[Epoch 035] train_loss=0.5463, train_acc=0.8199, val_acc=0.7495, val_macro_f1=0.5431, val_weighted_f1=0.7179, lr=0.000405, epoch_time=15.90s
[Epoch 036] train_loss=0.5442, train_acc=0.8179, val_acc=0.7581, val_macro_f1=0.5575, val_weighted_f1=0.7316, lr=0.000387, epoch_time=15.90s
[Epoch 037] train_loss=0.5445, train_acc=0.8168, val_acc=0.7575, val_macro_f1=0.5590, val_weighted_f1=0.7314, lr=0.000370, epoch_time=15.95s
[Epoch 038] train_loss=0.5381, train_acc=0.8177, val_acc=0.7605, val_macro_f1=0.5551, val_weighted_f1=0.7315, lr=0.000352, epoch_time=15.99s
[Epoch 039] train_loss=0.5393, train_acc=0.8183, val_acc=0.7532, val_macro_f1=0.5474, val_weighted_f1=0.7246, lr=0.000334, epoch_time=15.97s
[Epoch 040] train_loss=0.5360, train_acc=0.8217, val_acc=0.7544, val_macro_f1=0.5496, val_weighted_f1=0.7247, lr=0.000317, epoch_time=15.95s
[Epoch 041] train_loss=0.5382, train_acc=0.8190, val_acc=0.7654, val_macro_f1=0.5703, val_weighted_f1=0.7412, lr=0.000300, epoch_time=15.88s
[Epoch 042] train_loss=0.5309, train_acc=0.8229, val_acc=0.7520, val_macro_f1=0.5456, val_weighted_f1=0.7214, lr=0.000283, epoch_time=16.02s
[Epoch 043] train_loss=0.5271, train_acc=0.8224, val_acc=0.7611, val_macro_f1=0.5625, val_weighted_f1=0.7343, lr=0.000266, epoch_time=16.03s
[Epoch 044] train_loss=0.5257, train_acc=0.8235, val_acc=0.7605, val_macro_f1=0.5628, val_weighted_f1=0.7350, lr=0.000250, epoch_time=15.91s
[Epoch 045] train_loss=0.5225, train_acc=0.8260, val_acc=0.7550, val_macro_f1=0.5519, val_weighted_f1=0.7259, lr=0.000234, epoch_time=15.86s
[Epoch 046] train_loss=0.5219, train_acc=0.8248, val_acc=0.7508, val_macro_f1=0.5462, val_weighted_f1=0.7229, lr=0.000218, epoch_time=16.01s
[Epoch 047] train_loss=0.5187, train_acc=0.8253, val_acc=0.7550, val_macro_f1=0.5518, val_weighted_f1=0.7277, lr=0.000202, epoch_time=15.86s
Early stopping triggered.
Loaded best baseline student checkpoint for final test evaluation.
Best validation macro-F1: 0.5711
Best epoch: 32
Time to best model: 511.34 seconds
Checkpoint size (MB): 0.078
Student size: medium
Checkpoint seed: 42
Test accuracy (baseline student): 0.7721
Test macro-F1 (baseline student): 0.5818
Test weighted-F1 (baseline student): 0.7547
Test classification report:
              precision    recall  f1-score   support

           0       0.73      0.68      0.71       184
           1       0.00      0.00      0.00        56
           2       0.67      0.65      0.66       256
           3       0.81      0.91      0.86       912
           4       0.74      0.63      0.68       242

    accuracy                           0.77      1650
   macro avg       0.59      0.58      0.58      1650
weighted avg       0.74      0.77      0.75      1650

Test confusion matrix:
[[126   0   9  42   7]
 [  6   0   2  42   6]
 [ 13   0 167  54  22]
 [ 20   0  46 828  18]
 [  7   0  24  58 153]]
Inference latency: 1.4702 ms/sample
Parsed metrics for seed 42:
  Accuracy    = 0.7721
  Macro-F1    = 0.5818
  Weighted-F1 = 0.7547

----- SEED 123 -----
Using device: cuda
Seed: 123
Deterministic mode: True
Deterministic warn_only: True
Baseline hyperparameters: class_weight_gamma=0.00, sampler_power=0.35, label_smoothing=0.000, student_size=medium
Training: batch_size=64, lr=0.0008, epochs=70, patience=15, weight_decay=0.002, grad_clip=1.0, num_workers=2, disable_augmentation=False, use_weighted_sampler=False
Student checkpoint path: experiments/4__student_capacity_sweep/checkpoints/studentbaseline_medium_seed123.pt
Training set size: 12957
Validation set size: 1637
Test set size: 1650
Number of leads: 12 classes: 5
Classes: ['CD' 'HYP' 'MI' 'NORM' 'STTC']
Trainable parameters: 12809
Total parameters: 12809
Estimated model size (MB): 0.051
Class weights: [1. 1. 1. 1. 1.]
Training sampler: standard shuffled loader
[Epoch 001] train_loss=1.0941, train_acc=0.5986, val_acc=0.6738, val_macro_f1=0.4189, val_weighted_f1=0.6264, lr=0.000800, epoch_time=16.77s
  -> New best baseline student saved to experiments/4__student_capacity_sweep/checkpoints/studentbaseline_medium_seed123.pt
[Epoch 002] train_loss=0.8627, train_acc=0.6911, val_acc=0.7007, val_macro_f1=0.4572, val_weighted_f1=0.6559, lr=0.000798, epoch_time=16.16s
  -> New best baseline student saved to experiments/4__student_capacity_sweep/checkpoints/studentbaseline_medium_seed123.pt
[Epoch 003] train_loss=0.7709, train_acc=0.7354, val_acc=0.7196, val_macro_f1=0.4907, val_weighted_f1=0.6796, lr=0.000796, epoch_time=16.09s
  -> New best baseline student saved to experiments/4__student_capacity_sweep/checkpoints/studentbaseline_medium_seed123.pt
[Epoch 004] train_loss=0.7137, train_acc=0.7623, val_acc=0.7294, val_macro_f1=0.5220, val_weighted_f1=0.7029, lr=0.000794, epoch_time=16.15s
  -> New best baseline student saved to experiments/4__student_capacity_sweep/checkpoints/studentbaseline_medium_seed123.pt
[Epoch 005] train_loss=0.6847, train_acc=0.7712, val_acc=0.7373, val_macro_f1=0.5221, val_weighted_f1=0.7038, lr=0.000790, epoch_time=16.07s
  -> New best baseline student saved to experiments/4__student_capacity_sweep/checkpoints/studentbaseline_medium_seed123.pt
[Epoch 006] train_loss=0.6686, train_acc=0.7772, val_acc=0.7367, val_macro_f1=0.5210, val_weighted_f1=0.6991, lr=0.000786, epoch_time=16.09s
[Epoch 007] train_loss=0.6565, train_acc=0.7783, val_acc=0.7404, val_macro_f1=0.5259, val_weighted_f1=0.7065, lr=0.000781, epoch_time=15.99s
  -> New best baseline student saved to experiments/4__student_capacity_sweep/checkpoints/studentbaseline_medium_seed123.pt
[Epoch 008] train_loss=0.6509, train_acc=0.7824, val_acc=0.7392, val_macro_f1=0.5317, val_weighted_f1=0.7110, lr=0.000775, epoch_time=16.05s
  -> New best baseline student saved to experiments/4__student_capacity_sweep/checkpoints/studentbaseline_medium_seed123.pt
[Epoch 009] train_loss=0.6335, train_acc=0.7863, val_acc=0.7385, val_macro_f1=0.5282, val_weighted_f1=0.7066, lr=0.000768, epoch_time=16.13s
[Epoch 010] train_loss=0.6303, train_acc=0.7926, val_acc=0.7416, val_macro_f1=0.5239, val_weighted_f1=0.7049, lr=0.000761, epoch_time=16.00s
[Epoch 011] train_loss=0.6338, train_acc=0.7897, val_acc=0.7520, val_macro_f1=0.5466, val_weighted_f1=0.7227, lr=0.000753, epoch_time=16.09s
  -> New best baseline student saved to experiments/4__student_capacity_sweep/checkpoints/studentbaseline_medium_seed123.pt
[Epoch 012] train_loss=0.6126, train_acc=0.7935, val_acc=0.7514, val_macro_f1=0.5436, val_weighted_f1=0.7222, lr=0.000744, epoch_time=16.11s
[Epoch 013] train_loss=0.6098, train_acc=0.8006, val_acc=0.7422, val_macro_f1=0.5341, val_weighted_f1=0.7126, lr=0.000735, epoch_time=16.05s
[Epoch 014] train_loss=0.6080, train_acc=0.7993, val_acc=0.7502, val_macro_f1=0.5360, val_weighted_f1=0.7163, lr=0.000725, epoch_time=16.23s
[Epoch 015] train_loss=0.6003, train_acc=0.8031, val_acc=0.7392, val_macro_f1=0.5231, val_weighted_f1=0.7034, lr=0.000714, epoch_time=16.09s
[Epoch 016] train_loss=0.5926, train_acc=0.8006, val_acc=0.7398, val_macro_f1=0.5304, val_weighted_f1=0.7063, lr=0.000702, epoch_time=16.19s
[Epoch 017] train_loss=0.5945, train_acc=0.8054, val_acc=0.7367, val_macro_f1=0.5192, val_weighted_f1=0.7022, lr=0.000691, epoch_time=16.12s
[Epoch 018] train_loss=0.5951, train_acc=0.8033, val_acc=0.7495, val_macro_f1=0.5376, val_weighted_f1=0.7162, lr=0.000678, epoch_time=16.05s
[Epoch 019] train_loss=0.5887, train_acc=0.8061, val_acc=0.7495, val_macro_f1=0.5406, val_weighted_f1=0.7177, lr=0.000665, epoch_time=16.10s
[Epoch 020] train_loss=0.5843, train_acc=0.8064, val_acc=0.7538, val_macro_f1=0.5465, val_weighted_f1=0.7250, lr=0.000651, epoch_time=16.02s
[Epoch 021] train_loss=0.5804, train_acc=0.8067, val_acc=0.7453, val_macro_f1=0.5357, val_weighted_f1=0.7103, lr=0.000637, epoch_time=16.10s
[Epoch 022] train_loss=0.5806, train_acc=0.8089, val_acc=0.7385, val_macro_f1=0.5228, val_weighted_f1=0.7028, lr=0.000623, epoch_time=16.15s
[Epoch 023] train_loss=0.5674, train_acc=0.8119, val_acc=0.7453, val_macro_f1=0.5284, val_weighted_f1=0.7103, lr=0.000608, epoch_time=16.24s
[Epoch 024] train_loss=0.5665, train_acc=0.8095, val_acc=0.7465, val_macro_f1=0.5345, val_weighted_f1=0.7129, lr=0.000592, epoch_time=16.11s
[Epoch 025] train_loss=0.5636, train_acc=0.8133, val_acc=0.7410, val_macro_f1=0.5339, val_weighted_f1=0.7123, lr=0.000576, epoch_time=16.02s
[Epoch 026] train_loss=0.5634, train_acc=0.8162, val_acc=0.7392, val_macro_f1=0.5256, val_weighted_f1=0.7022, lr=0.000560, epoch_time=16.12s
Early stopping triggered.
Loaded best baseline student checkpoint for final test evaluation.
Best validation macro-F1: 0.5466
Best epoch: 11
Time to best model: 178.66 seconds
Checkpoint size (MB): 0.078
Student size: medium
Checkpoint seed: 123
Test accuracy (baseline student): 0.7703
Test macro-F1 (baseline student): 0.5730
Test weighted-F1 (baseline student): 0.7451
Test classification report:
              precision    recall  f1-score   support

           0       0.78      0.68      0.72       184
           1       0.00      0.00      0.00        56
           2       0.83      0.47      0.60       256
           3       0.77      0.95      0.85       912
           4       0.74      0.65      0.69       242

    accuracy                           0.77      1650
   macro avg       0.62      0.55      0.57      1650
weighted avg       0.75      0.77      0.75      1650

Test confusion matrix:
[[125   0   6  48   5]
 [  3   0   2  46   5]
 [ 14   0 120  95  27]
 [ 15   0  10 869  18]
 [  4   0   7  74 157]]
Inference latency: 1.4526 ms/sample
Parsed metrics for seed 123:
  Accuracy    = 0.7703
  Macro-F1    = 0.5730
  Weighted-F1 = 0.7451

----- SEED 999 -----
Using device: cuda
Seed: 999
Deterministic mode: True
Deterministic warn_only: True
Baseline hyperparameters: class_weight_gamma=0.00, sampler_power=0.35, label_smoothing=0.000, student_size=medium
Training: batch_size=64, lr=0.0008, epochs=70, patience=15, weight_decay=0.002, grad_clip=1.0, num_workers=2, disable_augmentation=False, use_weighted_sampler=False
Student checkpoint path: experiments/4__student_capacity_sweep/checkpoints/studentbaseline_medium_seed999.pt
Training set size: 12957
Validation set size: 1637
Test set size: 1650
Number of leads: 12 classes: 5
Classes: ['CD' 'HYP' 'MI' 'NORM' 'STTC']
Trainable parameters: 12809
Total parameters: 12809
Estimated model size (MB): 0.051
Class weights: [1. 1. 1. 1. 1.]
Training sampler: standard shuffled loader
[Epoch 001] train_loss=1.0885, train_acc=0.5988, val_acc=0.6561, val_macro_f1=0.3724, val_weighted_f1=0.5853, lr=0.000800, epoch_time=16.69s
  -> New best baseline student saved to experiments/4__student_capacity_sweep/checkpoints/studentbaseline_medium_seed999.pt
[Epoch 002] train_loss=0.8651, train_acc=0.6904, val_acc=0.6952, val_macro_f1=0.4513, val_weighted_f1=0.6498, lr=0.000798, epoch_time=15.93s
  -> New best baseline student saved to experiments/4__student_capacity_sweep/checkpoints/studentbaseline_medium_seed999.pt
[Epoch 003] train_loss=0.7963, train_acc=0.7217, val_acc=0.7172, val_macro_f1=0.4942, val_weighted_f1=0.6861, lr=0.000796, epoch_time=16.00s
  -> New best baseline student saved to experiments/4__student_capacity_sweep/checkpoints/studentbaseline_medium_seed999.pt
[Epoch 004] train_loss=0.7430, train_acc=0.7486, val_acc=0.7276, val_macro_f1=0.5137, val_weighted_f1=0.6981, lr=0.000794, epoch_time=16.05s
  -> New best baseline student saved to experiments/4__student_capacity_sweep/checkpoints/studentbaseline_medium_seed999.pt
[Epoch 005] train_loss=0.7071, train_acc=0.7634, val_acc=0.7300, val_macro_f1=0.5053, val_weighted_f1=0.6884, lr=0.000790, epoch_time=16.02s
[Epoch 006] train_loss=0.6899, train_acc=0.7708, val_acc=0.7282, val_macro_f1=0.4977, val_weighted_f1=0.6878, lr=0.000786, epoch_time=15.95s
[Epoch 007] train_loss=0.6648, train_acc=0.7782, val_acc=0.7227, val_macro_f1=0.4940, val_weighted_f1=0.6782, lr=0.000781, epoch_time=16.03s
[Epoch 008] train_loss=0.6593, train_acc=0.7817, val_acc=0.7483, val_macro_f1=0.5396, val_weighted_f1=0.7183, lr=0.000775, epoch_time=15.97s
  -> New best baseline student saved to experiments/4__student_capacity_sweep/checkpoints/studentbaseline_medium_seed999.pt
[Epoch 009] train_loss=0.6477, train_acc=0.7833, val_acc=0.7477, val_macro_f1=0.5519, val_weighted_f1=0.7285, lr=0.000768, epoch_time=15.99s
  -> New best baseline student saved to experiments/4__student_capacity_sweep/checkpoints/studentbaseline_medium_seed999.pt
[Epoch 010] train_loss=0.6419, train_acc=0.7874, val_acc=0.7465, val_macro_f1=0.5545, val_weighted_f1=0.7323, lr=0.000761, epoch_time=15.87s
  -> New best baseline student saved to experiments/4__student_capacity_sweep/checkpoints/studentbaseline_medium_seed999.pt
[Epoch 011] train_loss=0.6390, train_acc=0.7858, val_acc=0.7465, val_macro_f1=0.5365, val_weighted_f1=0.7135, lr=0.000753, epoch_time=16.09s
[Epoch 012] train_loss=0.6232, train_acc=0.7917, val_acc=0.7477, val_macro_f1=0.5312, val_weighted_f1=0.7141, lr=0.000744, epoch_time=15.98s
[Epoch 013] train_loss=0.6158, train_acc=0.7944, val_acc=0.7550, val_macro_f1=0.5579, val_weighted_f1=0.7339, lr=0.000735, epoch_time=15.88s
  -> New best baseline student saved to experiments/4__student_capacity_sweep/checkpoints/studentbaseline_medium_seed999.pt
[Epoch 014] train_loss=0.6172, train_acc=0.7977, val_acc=0.7502, val_macro_f1=0.5445, val_weighted_f1=0.7213, lr=0.000725, epoch_time=15.93s
[Epoch 015] train_loss=0.6118, train_acc=0.7948, val_acc=0.7532, val_macro_f1=0.5479, val_weighted_f1=0.7280, lr=0.000714, epoch_time=15.94s
[Epoch 016] train_loss=0.6074, train_acc=0.8008, val_acc=0.7544, val_macro_f1=0.5543, val_weighted_f1=0.7300, lr=0.000702, epoch_time=15.84s
[Epoch 017] train_loss=0.6050, train_acc=0.7996, val_acc=0.7709, val_macro_f1=0.5701, val_weighted_f1=0.7473, lr=0.000691, epoch_time=15.94s
  -> New best baseline student saved to experiments/4__student_capacity_sweep/checkpoints/studentbaseline_medium_seed999.pt
[Epoch 018] train_loss=0.5960, train_acc=0.8049, val_acc=0.7502, val_macro_f1=0.5401, val_weighted_f1=0.7184, lr=0.000678, epoch_time=16.03s
[Epoch 019] train_loss=0.5973, train_acc=0.8003, val_acc=0.7575, val_macro_f1=0.5569, val_weighted_f1=0.7316, lr=0.000665, epoch_time=16.01s
[Epoch 020] train_loss=0.5909, train_acc=0.8025, val_acc=0.7502, val_macro_f1=0.5393, val_weighted_f1=0.7165, lr=0.000651, epoch_time=16.02s
[Epoch 021] train_loss=0.5848, train_acc=0.8072, val_acc=0.7544, val_macro_f1=0.5480, val_weighted_f1=0.7235, lr=0.000637, epoch_time=15.95s
[Epoch 022] train_loss=0.5845, train_acc=0.8064, val_acc=0.7709, val_macro_f1=0.5806, val_weighted_f1=0.7522, lr=0.000623, epoch_time=15.86s
  -> New best baseline student saved to experiments/4__student_capacity_sweep/checkpoints/studentbaseline_medium_seed999.pt
[Epoch 023] train_loss=0.5770, train_acc=0.8079, val_acc=0.7465, val_macro_f1=0.5344, val_weighted_f1=0.7111, lr=0.000608, epoch_time=15.88s
[Epoch 024] train_loss=0.5798, train_acc=0.8073, val_acc=0.7532, val_macro_f1=0.5478, val_weighted_f1=0.7225, lr=0.000592, epoch_time=15.94s
[Epoch 025] train_loss=0.5694, train_acc=0.8111, val_acc=0.7770, val_macro_f1=0.5838, val_weighted_f1=0.7542, lr=0.000576, epoch_time=15.96s
  -> New best baseline student saved to experiments/4__student_capacity_sweep/checkpoints/studentbaseline_medium_seed999.pt
[Epoch 026] train_loss=0.5676, train_acc=0.8121, val_acc=0.7502, val_macro_f1=0.5382, val_weighted_f1=0.7162, lr=0.000560, epoch_time=16.08s
[Epoch 027] train_loss=0.5622, train_acc=0.8138, val_acc=0.7636, val_macro_f1=0.5619, val_weighted_f1=0.7372, lr=0.000544, epoch_time=15.93s
[Epoch 028] train_loss=0.5590, train_acc=0.8125, val_acc=0.7563, val_macro_f1=0.5571, val_weighted_f1=0.7314, lr=0.000527, epoch_time=15.89s
[Epoch 029] train_loss=0.5560, train_acc=0.8186, val_acc=0.7502, val_macro_f1=0.5375, val_weighted_f1=0.7164, lr=0.000510, epoch_time=15.96s
[Epoch 030] train_loss=0.5572, train_acc=0.8125, val_acc=0.7642, val_macro_f1=0.5666, val_weighted_f1=0.7409, lr=0.000493, epoch_time=15.86s
[Epoch 031] train_loss=0.5503, train_acc=0.8172, val_acc=0.7624, val_macro_f1=0.5642, val_weighted_f1=0.7354, lr=0.000476, epoch_time=16.05s
[Epoch 032] train_loss=0.5482, train_acc=0.8192, val_acc=0.7587, val_macro_f1=0.5563, val_weighted_f1=0.7314, lr=0.000458, epoch_time=15.95s
[Epoch 033] train_loss=0.5452, train_acc=0.8181, val_acc=0.7587, val_macro_f1=0.5571, val_weighted_f1=0.7288, lr=0.000440, epoch_time=15.93s
[Epoch 034] train_loss=0.5447, train_acc=0.8191, val_acc=0.7618, val_macro_f1=0.5581, val_weighted_f1=0.7329, lr=0.000423, epoch_time=15.97s
[Epoch 035] train_loss=0.5454, train_acc=0.8231, val_acc=0.7648, val_macro_f1=0.5654, val_weighted_f1=0.7385, lr=0.000405, epoch_time=16.00s
[Epoch 036] train_loss=0.5425, train_acc=0.8184, val_acc=0.7642, val_macro_f1=0.5599, val_weighted_f1=0.7348, lr=0.000387, epoch_time=15.91s
[Epoch 037] train_loss=0.5321, train_acc=0.8223, val_acc=0.7691, val_macro_f1=0.5672, val_weighted_f1=0.7418, lr=0.000370, epoch_time=15.97s
[Epoch 038] train_loss=0.5343, train_acc=0.8210, val_acc=0.7673, val_macro_f1=0.5704, val_weighted_f1=0.7426, lr=0.000352, epoch_time=16.01s
[Epoch 039] train_loss=0.5323, train_acc=0.8209, val_acc=0.7587, val_macro_f1=0.5576, val_weighted_f1=0.7319, lr=0.000334, epoch_time=15.95s
[Epoch 040] train_loss=0.5279, train_acc=0.8224, val_acc=0.7673, val_macro_f1=0.5649, val_weighted_f1=0.7399, lr=0.000317, epoch_time=15.87s
Early stopping triggered.
Loaded best baseline student checkpoint for final test evaluation.
Best validation macro-F1: 0.5838
Best epoch: 25
Time to best model: 404.36 seconds
Checkpoint size (MB): 0.078
Student size: medium
Checkpoint seed: 999
Test accuracy (baseline student): 0.7709
Test macro-F1 (baseline student): 0.5805
Test weighted-F1 (baseline student): 0.7508
Test classification report:
              precision    recall  f1-score   support

           0       0.75      0.72      0.73       184
           1       0.00      0.00      0.00        56
           2       0.74      0.52      0.61       256
           3       0.80      0.92      0.85       912
           4       0.70      0.71      0.71       242

    accuracy                           0.77      1650
   macro avg       0.60      0.57      0.58      1650
weighted avg       0.74      0.77      0.75      1650

Test confusion matrix:
[[132   0   9  37   6]
 [  6   0   2  40   8]
 [  9   0 134  84  29]
 [ 26   0  22 835  29]
 [  4   0  13  54 171]]
Inference latency: 1.5052 ms/sample
Parsed metrics for seed 999:
  Accuracy    = 0.7709
  Macro-F1    = 0.5805
  Weighted-F1 = 0.7508

===== EXPERIMENT 4: STUDENT BASELINE MEDIUM SUMMARY =====
Seeds        : 42 123 999
Accuracy     : 0.7711 ± 0.0007
Macro F1     : 0.5784 ± 0.0039
Weighted F1  : 0.7502 ± 0.0039

Finished: Sat Mar 28 18:59:04 GMT 2026
