[38;5;127mpython3[0m/[38;5;172m3.10.5[0m/[38;5;67mgcc-9.3.0[0m
 |
 [0;32mOK[0m
[38;5;127mgcc[0m/[38;5;172m9.3.0[0m
 |
 [0;32mOK[0m
===== EXPERIMENT 4: STUDENT BASELINE SMALL RUN =====
Experiment dir: experiments/4__student_capacity_sweep
Seeds: 42, 123, 999
Job ID: 7991919
Host: gpu105.pri.kelvin2.alces.network
Start: Sat Mar 28 18:24:43 GMT 2026
Working directory: /users/40370279/csc4006/code
Log dir: experiments/4__student_capacity_sweep/logs
Temp log dir: experiments/4__student_capacity_sweep/logs/tmp
Checkpoint dir: experiments/4__student_capacity_sweep/checkpoints

----- SEED 42 -----
Using device: cuda
Seed: 42
Deterministic mode: True
Deterministic warn_only: True
Baseline hyperparameters: class_weight_gamma=0.00, sampler_power=0.35, label_smoothing=0.000, student_size=small
Training: batch_size=64, lr=0.0008, epochs=70, patience=15, weight_decay=0.002, grad_clip=1.0, num_workers=2, disable_augmentation=False, use_weighted_sampler=False
Student checkpoint path: experiments/4__student_capacity_sweep/checkpoints/studentbaseline_small_seed42.pt
Training set size: 12957
Validation set size: 1637
Test set size: 1650
Number of leads: 12 classes: 5
Classes: ['CD' 'HYP' 'MI' 'NORM' 'STTC']
Trainable parameters: 5897
Total parameters: 5897
Estimated model size (MB): 0.024
Class weights: [1. 1. 1. 1. 1.]
Training sampler: standard shuffled loader
[Epoch 001] train_loss=1.1681, train_acc=0.5541, val_acc=0.6145, val_macro_f1=0.2704, val_weighted_f1=0.5307, lr=0.000800, epoch_time=16.97s
  -> New best baseline student saved to experiments/4__student_capacity_sweep/checkpoints/studentbaseline_small_seed42.pt
[Epoch 002] train_loss=0.9936, train_acc=0.6325, val_acc=0.6396, val_macro_f1=0.3421, val_weighted_f1=0.5690, lr=0.000798, epoch_time=16.17s
  -> New best baseline student saved to experiments/4__student_capacity_sweep/checkpoints/studentbaseline_small_seed42.pt
[Epoch 003] train_loss=0.9195, train_acc=0.6772, val_acc=0.6970, val_macro_f1=0.4524, val_weighted_f1=0.6525, lr=0.000796, epoch_time=16.16s
  -> New best baseline student saved to experiments/4__student_capacity_sweep/checkpoints/studentbaseline_small_seed42.pt
[Epoch 004] train_loss=0.8513, train_acc=0.7067, val_acc=0.7062, val_macro_f1=0.4686, val_weighted_f1=0.6629, lr=0.000794, epoch_time=16.13s
  -> New best baseline student saved to experiments/4__student_capacity_sweep/checkpoints/studentbaseline_small_seed42.pt
[Epoch 005] train_loss=0.8100, train_acc=0.7266, val_acc=0.7214, val_macro_f1=0.5008, val_weighted_f1=0.6861, lr=0.000790, epoch_time=16.09s
  -> New best baseline student saved to experiments/4__student_capacity_sweep/checkpoints/studentbaseline_small_seed42.pt
[Epoch 006] train_loss=0.7746, train_acc=0.7380, val_acc=0.7520, val_macro_f1=0.5471, val_weighted_f1=0.7262, lr=0.000786, epoch_time=16.22s
  -> New best baseline student saved to experiments/4__student_capacity_sweep/checkpoints/studentbaseline_small_seed42.pt
[Epoch 007] train_loss=0.7441, train_acc=0.7493, val_acc=0.7410, val_macro_f1=0.5305, val_weighted_f1=0.7127, lr=0.000781, epoch_time=16.22s
[Epoch 008] train_loss=0.7286, train_acc=0.7587, val_acc=0.7361, val_macro_f1=0.5241, val_weighted_f1=0.7030, lr=0.000775, epoch_time=16.20s
[Epoch 009] train_loss=0.7151, train_acc=0.7638, val_acc=0.7251, val_macro_f1=0.5003, val_weighted_f1=0.6849, lr=0.000768, epoch_time=16.22s
[Epoch 010] train_loss=0.7034, train_acc=0.7645, val_acc=0.7428, val_macro_f1=0.5338, val_weighted_f1=0.7122, lr=0.000761, epoch_time=16.15s
[Epoch 011] train_loss=0.6977, train_acc=0.7689, val_acc=0.7636, val_macro_f1=0.5670, val_weighted_f1=0.7406, lr=0.000753, epoch_time=16.18s
  -> New best baseline student saved to experiments/4__student_capacity_sweep/checkpoints/studentbaseline_small_seed42.pt
[Epoch 012] train_loss=0.6863, train_acc=0.7736, val_acc=0.7453, val_macro_f1=0.5380, val_weighted_f1=0.7169, lr=0.000744, epoch_time=16.18s
[Epoch 013] train_loss=0.6879, train_acc=0.7733, val_acc=0.7489, val_macro_f1=0.5380, val_weighted_f1=0.7179, lr=0.000735, epoch_time=16.05s
[Epoch 014] train_loss=0.6862, train_acc=0.7706, val_acc=0.7361, val_macro_f1=0.5197, val_weighted_f1=0.7021, lr=0.000725, epoch_time=16.22s
[Epoch 015] train_loss=0.6701, train_acc=0.7799, val_acc=0.7495, val_macro_f1=0.5397, val_weighted_f1=0.7190, lr=0.000714, epoch_time=16.08s
[Epoch 016] train_loss=0.6667, train_acc=0.7779, val_acc=0.7581, val_macro_f1=0.5537, val_weighted_f1=0.7331, lr=0.000702, epoch_time=16.15s
[Epoch 017] train_loss=0.6595, train_acc=0.7816, val_acc=0.7379, val_macro_f1=0.5227, val_weighted_f1=0.7033, lr=0.000691, epoch_time=16.12s
[Epoch 018] train_loss=0.6581, train_acc=0.7811, val_acc=0.7520, val_macro_f1=0.5446, val_weighted_f1=0.7223, lr=0.000678, epoch_time=16.10s
[Epoch 019] train_loss=0.6554, train_acc=0.7844, val_acc=0.7288, val_macro_f1=0.5123, val_weighted_f1=0.6919, lr=0.000665, epoch_time=16.25s
[Epoch 020] train_loss=0.6554, train_acc=0.7793, val_acc=0.7495, val_macro_f1=0.5366, val_weighted_f1=0.7199, lr=0.000651, epoch_time=16.10s
[Epoch 021] train_loss=0.6475, train_acc=0.7849, val_acc=0.7343, val_macro_f1=0.5197, val_weighted_f1=0.6993, lr=0.000637, epoch_time=16.17s
[Epoch 022] train_loss=0.6444, train_acc=0.7879, val_acc=0.7526, val_macro_f1=0.5435, val_weighted_f1=0.7234, lr=0.000623, epoch_time=16.14s
[Epoch 023] train_loss=0.6330, train_acc=0.7905, val_acc=0.7422, val_macro_f1=0.5327, val_weighted_f1=0.7131, lr=0.000608, epoch_time=16.15s
[Epoch 024] train_loss=0.6405, train_acc=0.7891, val_acc=0.7526, val_macro_f1=0.5505, val_weighted_f1=0.7273, lr=0.000592, epoch_time=16.27s
[Epoch 025] train_loss=0.6389, train_acc=0.7911, val_acc=0.7514, val_macro_f1=0.5485, val_weighted_f1=0.7246, lr=0.000576, epoch_time=16.21s
[Epoch 026] train_loss=0.6360, train_acc=0.7912, val_acc=0.7489, val_macro_f1=0.5379, val_weighted_f1=0.7179, lr=0.000560, epoch_time=16.20s
Early stopping triggered.
Loaded best baseline student checkpoint for final test evaluation.
Best validation macro-F1: 0.5670
Best epoch: 11
Time to best model: 178.97 seconds
Checkpoint size (MB): 0.051
Student size: small
Checkpoint seed: 42
Test accuracy (baseline student): 0.7588
Test macro-F1 (baseline student): 0.5593
Test weighted-F1 (baseline student): 0.7357
Test classification report:
              precision    recall  f1-score   support

           0       0.79      0.60      0.68       184
           1       0.00      0.00      0.00        56
           2       0.69      0.48      0.57       256
           3       0.78      0.93      0.85       912
           4       0.69      0.69      0.69       242

    accuracy                           0.76      1650
   macro avg       0.59      0.54      0.56      1650
weighted avg       0.73      0.76      0.74      1650

Test confusion matrix:
[[111   0  11  56   6]
 [  1   0   6  41   8]
 [ 13   0 124  86  33]
 [ 12   0  24 849  27]
 [  4   0  14  56 168]]
Inference latency: 1.4585 ms/sample
Parsed metrics for seed 42:
  Accuracy    = 0.7588
  Macro-F1    = 0.5593
  Weighted-F1 = 0.7357

----- SEED 123 -----
Using device: cuda
Seed: 123
Deterministic mode: True
Deterministic warn_only: True
Baseline hyperparameters: class_weight_gamma=0.00, sampler_power=0.35, label_smoothing=0.000, student_size=small
Training: batch_size=64, lr=0.0008, epochs=70, patience=15, weight_decay=0.002, grad_clip=1.0, num_workers=2, disable_augmentation=False, use_weighted_sampler=False
Student checkpoint path: experiments/4__student_capacity_sweep/checkpoints/studentbaseline_small_seed123.pt
Training set size: 12957
Validation set size: 1637
Test set size: 1650
Number of leads: 12 classes: 5
Classes: ['CD' 'HYP' 'MI' 'NORM' 'STTC']
Trainable parameters: 5897
Total parameters: 5897
Estimated model size (MB): 0.024
Class weights: [1. 1. 1. 1. 1.]
Training sampler: standard shuffled loader
[Epoch 001] train_loss=1.1750, train_acc=0.5612, val_acc=0.6268, val_macro_f1=0.3169, val_weighted_f1=0.5356, lr=0.000800, epoch_time=16.66s
  -> New best baseline student saved to experiments/4__student_capacity_sweep/checkpoints/studentbaseline_small_seed123.pt
[Epoch 002] train_loss=0.9444, train_acc=0.6616, val_acc=0.6927, val_macro_f1=0.4503, val_weighted_f1=0.6486, lr=0.000798, epoch_time=15.97s
  -> New best baseline student saved to experiments/4__student_capacity_sweep/checkpoints/studentbaseline_small_seed123.pt
[Epoch 003] train_loss=0.8521, train_acc=0.7048, val_acc=0.7166, val_macro_f1=0.4905, val_weighted_f1=0.6804, lr=0.000796, epoch_time=15.92s
  -> New best baseline student saved to experiments/4__student_capacity_sweep/checkpoints/studentbaseline_small_seed123.pt
[Epoch 004] train_loss=0.7959, train_acc=0.7311, val_acc=0.7166, val_macro_f1=0.4872, val_weighted_f1=0.6755, lr=0.000794, epoch_time=15.84s
[Epoch 005] train_loss=0.7547, train_acc=0.7444, val_acc=0.7263, val_macro_f1=0.5032, val_weighted_f1=0.6878, lr=0.000790, epoch_time=16.01s
  -> New best baseline student saved to experiments/4__student_capacity_sweep/checkpoints/studentbaseline_small_seed123.pt
[Epoch 006] train_loss=0.7288, train_acc=0.7564, val_acc=0.7184, val_macro_f1=0.4921, val_weighted_f1=0.6762, lr=0.000786, epoch_time=15.91s
[Epoch 007] train_loss=0.7097, train_acc=0.7614, val_acc=0.7294, val_macro_f1=0.5137, val_weighted_f1=0.6965, lr=0.000781, epoch_time=15.97s
  -> New best baseline student saved to experiments/4__student_capacity_sweep/checkpoints/studentbaseline_small_seed123.pt
[Epoch 008] train_loss=0.6944, train_acc=0.7665, val_acc=0.7221, val_macro_f1=0.4972, val_weighted_f1=0.6816, lr=0.000775, epoch_time=15.91s
[Epoch 009] train_loss=0.6887, train_acc=0.7684, val_acc=0.7410, val_macro_f1=0.5291, val_weighted_f1=0.7093, lr=0.000768, epoch_time=15.89s
  -> New best baseline student saved to experiments/4__student_capacity_sweep/checkpoints/studentbaseline_small_seed123.pt
[Epoch 010] train_loss=0.6790, train_acc=0.7725, val_acc=0.7434, val_macro_f1=0.5397, val_weighted_f1=0.7165, lr=0.000761, epoch_time=15.93s
  -> New best baseline student saved to experiments/4__student_capacity_sweep/checkpoints/studentbaseline_small_seed123.pt
[Epoch 011] train_loss=0.6694, train_acc=0.7765, val_acc=0.7392, val_macro_f1=0.5227, val_weighted_f1=0.7053, lr=0.000753, epoch_time=15.97s
[Epoch 012] train_loss=0.6672, train_acc=0.7770, val_acc=0.7379, val_macro_f1=0.5267, val_weighted_f1=0.7061, lr=0.000744, epoch_time=15.86s
[Epoch 013] train_loss=0.6567, train_acc=0.7793, val_acc=0.7489, val_macro_f1=0.5411, val_weighted_f1=0.7198, lr=0.000735, epoch_time=15.96s
  -> New best baseline student saved to experiments/4__student_capacity_sweep/checkpoints/studentbaseline_small_seed123.pt
[Epoch 014] train_loss=0.6553, train_acc=0.7847, val_acc=0.7618, val_macro_f1=0.5595, val_weighted_f1=0.7329, lr=0.000725, epoch_time=15.81s
  -> New best baseline student saved to experiments/4__student_capacity_sweep/checkpoints/studentbaseline_small_seed123.pt
[Epoch 015] train_loss=0.6503, train_acc=0.7827, val_acc=0.7398, val_macro_f1=0.5269, val_weighted_f1=0.7064, lr=0.000714, epoch_time=15.93s
[Epoch 016] train_loss=0.6444, train_acc=0.7838, val_acc=0.7337, val_macro_f1=0.5168, val_weighted_f1=0.6958, lr=0.000702, epoch_time=15.95s
[Epoch 017] train_loss=0.6441, train_acc=0.7925, val_acc=0.7410, val_macro_f1=0.5251, val_weighted_f1=0.7069, lr=0.000691, epoch_time=15.91s
[Epoch 018] train_loss=0.6330, train_acc=0.7888, val_acc=0.7453, val_macro_f1=0.5340, val_weighted_f1=0.7132, lr=0.000678, epoch_time=15.96s
[Epoch 019] train_loss=0.6333, train_acc=0.7871, val_acc=0.7147, val_macro_f1=0.4869, val_weighted_f1=0.6692, lr=0.000665, epoch_time=15.87s
[Epoch 020] train_loss=0.6312, train_acc=0.7900, val_acc=0.7532, val_macro_f1=0.5488, val_weighted_f1=0.7243, lr=0.000651, epoch_time=15.92s
[Epoch 021] train_loss=0.6323, train_acc=0.7907, val_acc=0.7398, val_macro_f1=0.5286, val_weighted_f1=0.7077, lr=0.000637, epoch_time=15.98s
[Epoch 022] train_loss=0.6271, train_acc=0.7929, val_acc=0.7447, val_macro_f1=0.5322, val_weighted_f1=0.7116, lr=0.000623, epoch_time=15.94s
[Epoch 023] train_loss=0.6232, train_acc=0.7973, val_acc=0.7526, val_macro_f1=0.5424, val_weighted_f1=0.7236, lr=0.000608, epoch_time=15.98s
[Epoch 024] train_loss=0.6172, train_acc=0.7969, val_acc=0.7459, val_macro_f1=0.5364, val_weighted_f1=0.7141, lr=0.000592, epoch_time=15.86s
[Epoch 025] train_loss=0.6242, train_acc=0.7919, val_acc=0.7557, val_macro_f1=0.5476, val_weighted_f1=0.7235, lr=0.000576, epoch_time=15.91s
[Epoch 026] train_loss=0.6136, train_acc=0.7971, val_acc=0.7385, val_macro_f1=0.5259, val_weighted_f1=0.7028, lr=0.000560, epoch_time=16.00s
[Epoch 027] train_loss=0.6146, train_acc=0.7947, val_acc=0.7471, val_macro_f1=0.5393, val_weighted_f1=0.7162, lr=0.000544, epoch_time=16.03s
[Epoch 028] train_loss=0.6160, train_acc=0.7979, val_acc=0.7544, val_macro_f1=0.5520, val_weighted_f1=0.7257, lr=0.000527, epoch_time=15.93s
[Epoch 029] train_loss=0.6114, train_acc=0.8005, val_acc=0.7526, val_macro_f1=0.5512, val_weighted_f1=0.7261, lr=0.000510, epoch_time=15.94s
Early stopping triggered.
Loaded best baseline student checkpoint for final test evaluation.
Best validation macro-F1: 0.5595
Best epoch: 14
Time to best model: 225.68 seconds
Checkpoint size (MB): 0.051
Student size: small
Checkpoint seed: 123
Test accuracy (baseline student): 0.7552
Test macro-F1 (baseline student): 0.5514
Test weighted-F1 (baseline student): 0.7283
Test classification report:
              precision    recall  f1-score   support

           0       0.75      0.63      0.68       184
           1       0.00      0.00      0.00        56
           2       0.79      0.44      0.57       256
           3       0.76      0.95      0.85       912
           4       0.70      0.62      0.66       242

    accuracy                           0.76      1650
   macro avg       0.60      0.53      0.55      1650
weighted avg       0.73      0.76      0.73      1650

Test confusion matrix:
[[116   0   7  54   7]
 [  4   0   3  43   6]
 [ 16   0 113  96  31]
 [ 15   0  11 866  20]
 [  4   0   9  78 151]]
Inference latency: 1.4420 ms/sample
Parsed metrics for seed 123:
  Accuracy    = 0.7552
  Macro-F1    = 0.5514
  Weighted-F1 = 0.7283

----- SEED 999 -----
Using device: cuda
Seed: 999
Deterministic mode: True
Deterministic warn_only: True
Baseline hyperparameters: class_weight_gamma=0.00, sampler_power=0.35, label_smoothing=0.000, student_size=small
Training: batch_size=64, lr=0.0008, epochs=70, patience=15, weight_decay=0.002, grad_clip=1.0, num_workers=2, disable_augmentation=False, use_weighted_sampler=False
Student checkpoint path: experiments/4__student_capacity_sweep/checkpoints/studentbaseline_small_seed999.pt
Training set size: 12957
Validation set size: 1637
Test set size: 1650
Number of leads: 12 classes: 5
Classes: ['CD' 'HYP' 'MI' 'NORM' 'STTC']
Trainable parameters: 5897
Total parameters: 5897
Estimated model size (MB): 0.024
Class weights: [1. 1. 1. 1. 1.]
Training sampler: standard shuffled loader
[Epoch 001] train_loss=1.1993, train_acc=0.5682, val_acc=0.6659, val_macro_f1=0.4045, val_weighted_f1=0.6161, lr=0.000800, epoch_time=16.84s
  -> New best baseline student saved to experiments/4__student_capacity_sweep/checkpoints/studentbaseline_small_seed999.pt
[Epoch 002] train_loss=0.9143, train_acc=0.6789, val_acc=0.6982, val_macro_f1=0.4498, val_weighted_f1=0.6507, lr=0.000798, epoch_time=16.03s
  -> New best baseline student saved to experiments/4__student_capacity_sweep/checkpoints/studentbaseline_small_seed999.pt
[Epoch 003] train_loss=0.8494, train_acc=0.7099, val_acc=0.7159, val_macro_f1=0.4917, val_weighted_f1=0.6823, lr=0.000796, epoch_time=16.13s
  -> New best baseline student saved to experiments/4__student_capacity_sweep/checkpoints/studentbaseline_small_seed999.pt
[Epoch 004] train_loss=0.8112, train_acc=0.7306, val_acc=0.7221, val_macro_f1=0.5006, val_weighted_f1=0.6857, lr=0.000794, epoch_time=15.89s
  -> New best baseline student saved to experiments/4__student_capacity_sweep/checkpoints/studentbaseline_small_seed999.pt
[Epoch 005] train_loss=0.7814, train_acc=0.7448, val_acc=0.7263, val_macro_f1=0.5001, val_weighted_f1=0.6880, lr=0.000790, epoch_time=16.04s
[Epoch 006] train_loss=0.7598, train_acc=0.7476, val_acc=0.7428, val_macro_f1=0.5428, val_weighted_f1=0.7204, lr=0.000786, epoch_time=16.00s
  -> New best baseline student saved to experiments/4__student_capacity_sweep/checkpoints/studentbaseline_small_seed999.pt
[Epoch 007] train_loss=0.7422, train_acc=0.7574, val_acc=0.7379, val_macro_f1=0.5334, val_weighted_f1=0.7128, lr=0.000781, epoch_time=15.95s
[Epoch 008] train_loss=0.7321, train_acc=0.7593, val_acc=0.7385, val_macro_f1=0.5217, val_weighted_f1=0.7045, lr=0.000775, epoch_time=16.04s
[Epoch 009] train_loss=0.7156, train_acc=0.7616, val_acc=0.7343, val_macro_f1=0.5187, val_weighted_f1=0.7014, lr=0.000768, epoch_time=16.09s
[Epoch 010] train_loss=0.7157, train_acc=0.7622, val_acc=0.7337, val_macro_f1=0.5167, val_weighted_f1=0.6976, lr=0.000761, epoch_time=16.03s
[Epoch 011] train_loss=0.7082, train_acc=0.7644, val_acc=0.7349, val_macro_f1=0.5218, val_weighted_f1=0.7015, lr=0.000753, epoch_time=15.98s
[Epoch 012] train_loss=0.7093, train_acc=0.7670, val_acc=0.7447, val_macro_f1=0.5314, val_weighted_f1=0.7130, lr=0.000744, epoch_time=15.93s
[Epoch 013] train_loss=0.6928, train_acc=0.7685, val_acc=0.7477, val_macro_f1=0.5401, val_weighted_f1=0.7211, lr=0.000735, epoch_time=15.94s
[Epoch 014] train_loss=0.6960, train_acc=0.7670, val_acc=0.7428, val_macro_f1=0.5394, val_weighted_f1=0.7179, lr=0.000725, epoch_time=16.02s
[Epoch 015] train_loss=0.6821, train_acc=0.7749, val_acc=0.7428, val_macro_f1=0.5298, val_weighted_f1=0.7113, lr=0.000714, epoch_time=16.01s
[Epoch 016] train_loss=0.6792, train_acc=0.7744, val_acc=0.7404, val_macro_f1=0.5254, val_weighted_f1=0.7083, lr=0.000702, epoch_time=16.05s
[Epoch 017] train_loss=0.6693, train_acc=0.7786, val_acc=0.7379, val_macro_f1=0.5191, val_weighted_f1=0.7020, lr=0.000691, epoch_time=15.98s
[Epoch 018] train_loss=0.6764, train_acc=0.7773, val_acc=0.7398, val_macro_f1=0.5371, val_weighted_f1=0.7156, lr=0.000678, epoch_time=15.88s
[Epoch 019] train_loss=0.6647, train_acc=0.7774, val_acc=0.7416, val_macro_f1=0.5294, val_weighted_f1=0.7093, lr=0.000665, epoch_time=15.94s
[Epoch 020] train_loss=0.6565, train_acc=0.7820, val_acc=0.7416, val_macro_f1=0.5281, val_weighted_f1=0.7088, lr=0.000651, epoch_time=15.98s
[Epoch 021] train_loss=0.6564, train_acc=0.7817, val_acc=0.7563, val_macro_f1=0.5492, val_weighted_f1=0.7290, lr=0.000637, epoch_time=16.08s
  -> New best baseline student saved to experiments/4__student_capacity_sweep/checkpoints/studentbaseline_small_seed999.pt
[Epoch 022] train_loss=0.6502, train_acc=0.7828, val_acc=0.7245, val_macro_f1=0.5044, val_weighted_f1=0.6849, lr=0.000623, epoch_time=16.09s
[Epoch 023] train_loss=0.6493, train_acc=0.7841, val_acc=0.7440, val_macro_f1=0.5298, val_weighted_f1=0.7118, lr=0.000608, epoch_time=16.07s
[Epoch 024] train_loss=0.6495, train_acc=0.7813, val_acc=0.7447, val_macro_f1=0.5356, val_weighted_f1=0.7156, lr=0.000592, epoch_time=16.01s
[Epoch 025] train_loss=0.6429, train_acc=0.7845, val_acc=0.7434, val_macro_f1=0.5223, val_weighted_f1=0.7071, lr=0.000576, epoch_time=16.00s
[Epoch 026] train_loss=0.6366, train_acc=0.7924, val_acc=0.7581, val_macro_f1=0.5557, val_weighted_f1=0.7331, lr=0.000560, epoch_time=15.99s
  -> New best baseline student saved to experiments/4__student_capacity_sweep/checkpoints/studentbaseline_small_seed999.pt
[Epoch 027] train_loss=0.6414, train_acc=0.7873, val_acc=0.7453, val_macro_f1=0.5304, val_weighted_f1=0.7123, lr=0.000544, epoch_time=15.85s
[Epoch 028] train_loss=0.6371, train_acc=0.7873, val_acc=0.7453, val_macro_f1=0.5335, val_weighted_f1=0.7124, lr=0.000527, epoch_time=15.92s
[Epoch 029] train_loss=0.6311, train_acc=0.7884, val_acc=0.7483, val_macro_f1=0.5367, val_weighted_f1=0.7159, lr=0.000510, epoch_time=15.91s
[Epoch 030] train_loss=0.6267, train_acc=0.7915, val_acc=0.7538, val_macro_f1=0.5418, val_weighted_f1=0.7227, lr=0.000493, epoch_time=16.05s
[Epoch 031] train_loss=0.6329, train_acc=0.7886, val_acc=0.7508, val_macro_f1=0.5382, val_weighted_f1=0.7188, lr=0.000476, epoch_time=15.99s
[Epoch 032] train_loss=0.6276, train_acc=0.7929, val_acc=0.7575, val_macro_f1=0.5544, val_weighted_f1=0.7313, lr=0.000458, epoch_time=15.99s
[Epoch 033] train_loss=0.6218, train_acc=0.7932, val_acc=0.7520, val_macro_f1=0.5423, val_weighted_f1=0.7196, lr=0.000440, epoch_time=16.00s
[Epoch 034] train_loss=0.6192, train_acc=0.7955, val_acc=0.7465, val_macro_f1=0.5334, val_weighted_f1=0.7119, lr=0.000423, epoch_time=15.95s
[Epoch 035] train_loss=0.6197, train_acc=0.7922, val_acc=0.7587, val_macro_f1=0.5558, val_weighted_f1=0.7331, lr=0.000405, epoch_time=15.89s
  -> New best baseline student saved to experiments/4__student_capacity_sweep/checkpoints/studentbaseline_small_seed999.pt
[Epoch 036] train_loss=0.6213, train_acc=0.7914, val_acc=0.7434, val_macro_f1=0.5313, val_weighted_f1=0.7100, lr=0.000387, epoch_time=16.00s
[Epoch 037] train_loss=0.6124, train_acc=0.7971, val_acc=0.7483, val_macro_f1=0.5399, val_weighted_f1=0.7179, lr=0.000370, epoch_time=15.99s
[Epoch 038] train_loss=0.6148, train_acc=0.7911, val_acc=0.7489, val_macro_f1=0.5366, val_weighted_f1=0.7163, lr=0.000352, epoch_time=15.96s
[Epoch 039] train_loss=0.6116, train_acc=0.7935, val_acc=0.7593, val_macro_f1=0.5578, val_weighted_f1=0.7338, lr=0.000334, epoch_time=15.90s
  -> New best baseline student saved to experiments/4__student_capacity_sweep/checkpoints/studentbaseline_small_seed999.pt
[Epoch 040] train_loss=0.6063, train_acc=0.7986, val_acc=0.7471, val_macro_f1=0.5321, val_weighted_f1=0.7135, lr=0.000317, epoch_time=15.96s
[Epoch 041] train_loss=0.6117, train_acc=0.7945, val_acc=0.7453, val_macro_f1=0.5344, val_weighted_f1=0.7113, lr=0.000300, epoch_time=15.96s
[Epoch 042] train_loss=0.6012, train_acc=0.8020, val_acc=0.7514, val_macro_f1=0.5451, val_weighted_f1=0.7220, lr=0.000283, epoch_time=15.98s
[Epoch 043] train_loss=0.6010, train_acc=0.7984, val_acc=0.7465, val_macro_f1=0.5354, val_weighted_f1=0.7138, lr=0.000266, epoch_time=15.96s
[Epoch 044] train_loss=0.6029, train_acc=0.8011, val_acc=0.7557, val_macro_f1=0.5470, val_weighted_f1=0.7250, lr=0.000250, epoch_time=15.87s
[Epoch 045] train_loss=0.6020, train_acc=0.7986, val_acc=0.7477, val_macro_f1=0.5396, val_weighted_f1=0.7169, lr=0.000234, epoch_time=15.96s
[Epoch 046] train_loss=0.6044, train_acc=0.7991, val_acc=0.7538, val_macro_f1=0.5460, val_weighted_f1=0.7228, lr=0.000218, epoch_time=15.95s
[Epoch 047] train_loss=0.5939, train_acc=0.8053, val_acc=0.7605, val_macro_f1=0.5573, val_weighted_f1=0.7329, lr=0.000202, epoch_time=15.95s
[Epoch 048] train_loss=0.5943, train_acc=0.8030, val_acc=0.7563, val_macro_f1=0.5525, val_weighted_f1=0.7277, lr=0.000187, epoch_time=15.98s
[Epoch 049] train_loss=0.5976, train_acc=0.7990, val_acc=0.7489, val_macro_f1=0.5430, val_weighted_f1=0.7191, lr=0.000173, epoch_time=16.06s
[Epoch 050] train_loss=0.5928, train_acc=0.8026, val_acc=0.7483, val_macro_f1=0.5409, val_weighted_f1=0.7175, lr=0.000159, epoch_time=15.96s
[Epoch 051] train_loss=0.5931, train_acc=0.8023, val_acc=0.7489, val_macro_f1=0.5404, val_weighted_f1=0.7178, lr=0.000145, epoch_time=15.96s
[Epoch 052] train_loss=0.5866, train_acc=0.8040, val_acc=0.7502, val_macro_f1=0.5414, val_weighted_f1=0.7184, lr=0.000132, epoch_time=16.05s
[Epoch 053] train_loss=0.5913, train_acc=0.8052, val_acc=0.7489, val_macro_f1=0.5395, val_weighted_f1=0.7166, lr=0.000119, epoch_time=16.01s
[Epoch 054] train_loss=0.5930, train_acc=0.8025, val_acc=0.7471, val_macro_f1=0.5392, val_weighted_f1=0.7160, lr=0.000108, epoch_time=16.02s
Early stopping triggered.
Loaded best baseline student checkpoint for final test evaluation.
Best validation macro-F1: 0.5578
Best epoch: 39
Time to best model: 626.32 seconds
Checkpoint size (MB): 0.051
Student size: small
Checkpoint seed: 999
Test accuracy (baseline student): 0.7721
Test macro-F1 (baseline student): 0.5781
Test weighted-F1 (baseline student): 0.7504
Test classification report:
              precision    recall  f1-score   support

           0       0.79      0.64      0.71       184
           1       0.00      0.00      0.00        56
           2       0.77      0.53      0.63       256
           3       0.78      0.94      0.85       912
           4       0.71      0.69      0.70       242

    accuracy                           0.77      1650
   macro avg       0.61      0.56      0.58      1650
weighted avg       0.74      0.77      0.75      1650

Test confusion matrix:
[[118   0   8  48  10]
 [  3   0   1  46   6]
 [  9   0 136  83  28]
 [ 16   0  19 853  24]
 [  3   0  12  60 167]]
Inference latency: 1.4404 ms/sample
Parsed metrics for seed 999:
  Accuracy    = 0.7721
  Macro-F1    = 0.5781
  Weighted-F1 = 0.7504

===== EXPERIMENT 4: STUDENT BASELINE SMALL SUMMARY =====
Seeds        : 42 123 999
Accuracy     : 0.7620 ± 0.0073
Macro F1     : 0.5629 ± 0.0112
Weighted F1  : 0.7381 ± 0.0092

Finished: Sat Mar 28 18:55:04 GMT 2026
