Using device: cuda
Seed: 123
Deterministic mode: True
Deterministic warn_only: True
KD hyperparameters: alpha_start=0.100, alpha_end=0.100, temperature=1.00, logit_mse_weight=0.030, feature_mse_weight=0.030, class_weight_gamma=0.00, sampler_power=0.35, label_smoothing=0.000, student_size=medium
Training: batch_size=64, lr=0.0008, epochs=70, patience=15, weight_decay=0.002, grad_clip=1.0, num_workers=2, disable_augmentation=False, use_weighted_sampler=False
Teacher checkpoint path: checkpoints/teacher/teacher_cnn_seed123.pt
Student checkpoint path: /users/40370279/csc4006/code/experiments/3__alpha_sweep/checkpoints/student_A01_seed123.pt
Training set size: 12957
Validation set size: 1637
Test set size: 1650
Number of leads: 12 classes: 5
Classes: ['CD' 'HYP' 'MI' 'NORM' 'STTC']
Trainable parameters (student): 12809
Total parameters (student): 12809
Estimated model size (MB): 0.051
Teacher pooled dim: 896
Student pooled dim: 28
Class weights: [1. 1. 1. 1. 1.]
Training sampler: standard shuffled loader
[Epoch 001] train_loss=0.7305, train_hard=1.1129, train_soft=0.6220, train_logit_mse=1.9527, train_feature_mse=0.0284, train_acc=0.6091, alpha=0.100, val_acc=0.6487, val_macro_f1=0.3364, val_weighted_f1=0.5738, lr=0.000800, epoch_time=19.01s
  -> New best KD student saved to /users/40370279/csc4006/code/experiments/3__alpha_sweep/checkpoints/student_A01_seed123.pt
[Epoch 002] train_loss=0.4906, train_hard=0.8691, train_soft=0.4026, train_logit_mse=1.3594, train_feature_mse=0.0178, train_acc=0.7087, alpha=0.100, val_acc=0.7147, val_macro_f1=0.4835, val_weighted_f1=0.6763, lr=0.000798, epoch_time=18.06s
  -> New best KD student saved to /users/40370279/csc4006/code/experiments/3__alpha_sweep/checkpoints/student_A01_seed123.pt
[Epoch 003] train_loss=0.3870, train_hard=0.7736, train_soft=0.3085, train_logit_mse=1.0530, train_feature_mse=0.0134, train_acc=0.7486, alpha=0.100, val_acc=0.7349, val_macro_f1=0.5198, val_weighted_f1=0.7014, lr=0.000796, epoch_time=17.75s
  -> New best KD student saved to /users/40370279/csc4006/code/experiments/3__alpha_sweep/checkpoints/student_A01_seed123.pt
[Epoch 004] train_loss=0.3437, train_hard=0.7318, train_soft=0.2699, train_logit_mse=0.9133, train_feature_mse=0.0089, train_acc=0.7634, alpha=0.100, val_acc=0.7312, val_macro_f1=0.5159, val_weighted_f1=0.6964, lr=0.000794, epoch_time=17.86s
[Epoch 005] train_loss=0.3081, train_hard=0.6989, train_soft=0.2369, train_logit_mse=0.8282, train_feature_mse=0.0054, train_acc=0.7700, alpha=0.100, val_acc=0.7239, val_macro_f1=0.5147, val_weighted_f1=0.6886, lr=0.000790, epoch_time=17.76s
[Epoch 006] train_loss=0.2907, train_hard=0.6810, train_soft=0.2212, train_logit_mse=0.7804, train_feature_mse=0.0034, train_acc=0.7800, alpha=0.100, val_acc=0.7361, val_macro_f1=0.5733, val_weighted_f1=0.7200, lr=0.000786, epoch_time=17.80s
  -> New best KD student saved to /users/40370279/csc4006/code/experiments/3__alpha_sweep/checkpoints/student_A01_seed123.pt
[Epoch 007] train_loss=0.2743, train_hard=0.6684, train_soft=0.2056, train_logit_mse=0.7437, train_feature_mse=0.0022, train_acc=0.7803, alpha=0.100, val_acc=0.7410, val_macro_f1=0.5711, val_weighted_f1=0.7193, lr=0.000781, epoch_time=17.81s
[Epoch 008] train_loss=0.2640, train_hard=0.6553, train_soft=0.1967, train_logit_mse=0.7104, train_feature_mse=0.0015, train_acc=0.7859, alpha=0.100, val_acc=0.7502, val_macro_f1=0.5850, val_weighted_f1=0.7333, lr=0.000775, epoch_time=18.02s
  -> New best KD student saved to /users/40370279/csc4006/code/experiments/3__alpha_sweep/checkpoints/student_A01_seed123.pt
[Epoch 009] train_loss=0.2541, train_hard=0.6492, train_soft=0.1877, train_logit_mse=0.6742, train_feature_mse=0.0012, train_acc=0.7861, alpha=0.100, val_acc=0.7422, val_macro_f1=0.5785, val_weighted_f1=0.7274, lr=0.000768, epoch_time=17.70s
[Epoch 010] train_loss=0.2487, train_hard=0.6429, train_soft=0.1825, train_logit_mse=0.6693, train_feature_mse=0.0012, train_acc=0.7898, alpha=0.100, val_acc=0.7502, val_macro_f1=0.5915, val_weighted_f1=0.7299, lr=0.000761, epoch_time=17.74s
  -> New best KD student saved to /users/40370279/csc4006/code/experiments/3__alpha_sweep/checkpoints/student_A01_seed123.pt
[Epoch 011] train_loss=0.2409, train_hard=0.6295, train_soft=0.1762, train_logit_mse=0.6442, train_feature_mse=0.0011, train_acc=0.7932, alpha=0.100, val_acc=0.7428, val_macro_f1=0.5852, val_weighted_f1=0.7276, lr=0.000753, epoch_time=17.93s
[Epoch 012] train_loss=0.2348, train_hard=0.6267, train_soft=0.1702, train_logit_mse=0.6298, train_feature_mse=0.0010, train_acc=0.7917, alpha=0.100, val_acc=0.7581, val_macro_f1=0.5933, val_weighted_f1=0.7399, lr=0.000744, epoch_time=17.78s
  -> New best KD student saved to /users/40370279/csc4006/code/experiments/3__alpha_sweep/checkpoints/student_A01_seed123.pt
[Epoch 013] train_loss=0.2270, train_hard=0.6156, train_soft=0.1633, train_logit_mse=0.6157, train_feature_mse=0.0010, train_acc=0.7971, alpha=0.100, val_acc=0.7404, val_macro_f1=0.5813, val_weighted_f1=0.7223, lr=0.000735, epoch_time=17.91s
[Epoch 014] train_loss=0.2241, train_hard=0.6136, train_soft=0.1606, train_logit_mse=0.6084, train_feature_mse=0.0010, train_acc=0.7980, alpha=0.100, val_acc=0.7648, val_macro_f1=0.6183, val_weighted_f1=0.7531, lr=0.000725, epoch_time=17.73s
  -> New best KD student saved to /users/40370279/csc4006/code/experiments/3__alpha_sweep/checkpoints/student_A01_seed123.pt
[Epoch 015] train_loss=0.2184, train_hard=0.6096, train_soft=0.1552, train_logit_mse=0.5904, train_feature_mse=0.0009, train_acc=0.7994, alpha=0.100, val_acc=0.7538, val_macro_f1=0.5931, val_weighted_f1=0.7368, lr=0.000714, epoch_time=17.79s
[Epoch 016] train_loss=0.2164, train_hard=0.6097, train_soft=0.1531, train_logit_mse=0.5879, train_feature_mse=0.0009, train_acc=0.7981, alpha=0.100, val_acc=0.7587, val_macro_f1=0.6048, val_weighted_f1=0.7462, lr=0.000702, epoch_time=17.85s
[Epoch 017] train_loss=0.2129, train_hard=0.6046, train_soft=0.1501, train_logit_mse=0.5795, train_feature_mse=0.0009, train_acc=0.8010, alpha=0.100, val_acc=0.7477, val_macro_f1=0.5951, val_weighted_f1=0.7352, lr=0.000691, epoch_time=17.81s
[Epoch 018] train_loss=0.2080, train_hard=0.5961, train_soft=0.1459, train_logit_mse=0.5690, train_feature_mse=0.0008, train_acc=0.8067, alpha=0.100, val_acc=0.7557, val_macro_f1=0.6175, val_weighted_f1=0.7493, lr=0.000678, epoch_time=17.89s
[Epoch 019] train_loss=0.2036, train_hard=0.5928, train_soft=0.1417, train_logit_mse=0.5570, train_feature_mse=0.0008, train_acc=0.8089, alpha=0.100, val_acc=0.7587, val_macro_f1=0.6207, val_weighted_f1=0.7556, lr=0.000665, epoch_time=17.80s
  -> New best KD student saved to /users/40370279/csc4006/code/experiments/3__alpha_sweep/checkpoints/student_A01_seed123.pt
[Epoch 020] train_loss=0.2022, train_hard=0.5871, train_soft=0.1407, train_logit_mse=0.5593, train_feature_mse=0.0008, train_acc=0.8074, alpha=0.100, val_acc=0.7404, val_macro_f1=0.5749, val_weighted_f1=0.7189, lr=0.000651, epoch_time=17.76s
[Epoch 021] train_loss=0.1997, train_hard=0.5888, train_soft=0.1381, train_logit_mse=0.5525, train_feature_mse=0.0008, train_acc=0.8061, alpha=0.100, val_acc=0.7367, val_macro_f1=0.6026, val_weighted_f1=0.7344, lr=0.000637, epoch_time=17.73s
[Epoch 022] train_loss=0.1977, train_hard=0.5867, train_soft=0.1365, train_logit_mse=0.5404, train_feature_mse=0.0008, train_acc=0.8084, alpha=0.100, val_acc=0.7355, val_macro_f1=0.6127, val_weighted_f1=0.7385, lr=0.000623, epoch_time=17.79s
[Epoch 023] train_loss=0.1918, train_hard=0.5797, train_soft=0.1309, train_logit_mse=0.5345, train_feature_mse=0.0008, train_acc=0.8090, alpha=0.100, val_acc=0.7471, val_macro_f1=0.6022, val_weighted_f1=0.7376, lr=0.000608, epoch_time=17.83s
[Epoch 024] train_loss=0.1920, train_hard=0.5800, train_soft=0.1311, train_logit_mse=0.5315, train_feature_mse=0.0008, train_acc=0.8130, alpha=0.100, val_acc=0.7648, val_macro_f1=0.6173, val_weighted_f1=0.7533, lr=0.000592, epoch_time=17.91s
[Epoch 025] train_loss=0.1897, train_hard=0.5775, train_soft=0.1288, train_logit_mse=0.5331, train_feature_mse=0.0008, train_acc=0.8120, alpha=0.100, val_acc=0.7563, val_macro_f1=0.6132, val_weighted_f1=0.7444, lr=0.000576, epoch_time=17.75s
[Epoch 026] train_loss=0.1860, train_hard=0.5754, train_soft=0.1254, train_logit_mse=0.5194, train_feature_mse=0.0007, train_acc=0.8113, alpha=0.100, val_acc=0.7569, val_macro_f1=0.5961, val_weighted_f1=0.7379, lr=0.000560, epoch_time=17.82s
[Epoch 027] train_loss=0.1849, train_hard=0.5738, train_soft=0.1245, train_logit_mse=0.5152, train_feature_mse=0.0007, train_acc=0.8123, alpha=0.100, val_acc=0.7587, val_macro_f1=0.6099, val_weighted_f1=0.7475, lr=0.000544, epoch_time=17.82s
[Epoch 028] train_loss=0.1818, train_hard=0.5665, train_soft=0.1220, train_logit_mse=0.5089, train_feature_mse=0.0007, train_acc=0.8125, alpha=0.100, val_acc=0.7581, val_macro_f1=0.6301, val_weighted_f1=0.7566, lr=0.000527, epoch_time=17.81s
  -> New best KD student saved to /users/40370279/csc4006/code/experiments/3__alpha_sweep/checkpoints/student_A01_seed123.pt
[Epoch 029] train_loss=0.1854, train_hard=0.5728, train_soft=0.1251, train_logit_mse=0.5164, train_feature_mse=0.0007, train_acc=0.8118, alpha=0.100, val_acc=0.7489, val_macro_f1=0.6049, val_weighted_f1=0.7408, lr=0.000510, epoch_time=17.84s
[Epoch 030] train_loss=0.1810, train_hard=0.5672, train_soft=0.1212, train_logit_mse=0.5074, train_feature_mse=0.0007, train_acc=0.8145, alpha=0.100, val_acc=0.7636, val_macro_f1=0.6240, val_weighted_f1=0.7554, lr=0.000493, epoch_time=17.82s
[Epoch 031] train_loss=0.1783, train_hard=0.5629, train_soft=0.1188, train_logit_mse=0.5021, train_feature_mse=0.0007, train_acc=0.8140, alpha=0.100, val_acc=0.7599, val_macro_f1=0.6190, val_weighted_f1=0.7505, lr=0.000476, epoch_time=17.77s
[Epoch 032] train_loss=0.1798, train_hard=0.5632, train_soft=0.1202, train_logit_mse=0.5105, train_feature_mse=0.0007, train_acc=0.8144, alpha=0.100, val_acc=0.7630, val_macro_f1=0.6176, val_weighted_f1=0.7520, lr=0.000458, epoch_time=17.96s
[Epoch 033] train_loss=0.1774, train_hard=0.5650, train_soft=0.1179, train_logit_mse=0.4948, train_feature_mse=0.0007, train_acc=0.8143, alpha=0.100, val_acc=0.7489, val_macro_f1=0.6246, val_weighted_f1=0.7462, lr=0.000440, epoch_time=17.86s
[Epoch 034] train_loss=0.1756, train_hard=0.5617, train_soft=0.1162, train_logit_mse=0.4930, train_feature_mse=0.0007, train_acc=0.8172, alpha=0.100, val_acc=0.7550, val_macro_f1=0.6132, val_weighted_f1=0.7428, lr=0.000423, epoch_time=17.67s
[Epoch 035] train_loss=0.1743, train_hard=0.5613, train_soft=0.1148, train_logit_mse=0.4918, train_feature_mse=0.0006, train_acc=0.8173, alpha=0.100, val_acc=0.7624, val_macro_f1=0.6207, val_weighted_f1=0.7554, lr=0.000405, epoch_time=17.67s
[Epoch 036] train_loss=0.1702, train_hard=0.5519, train_soft=0.1116, train_logit_mse=0.4852, train_feature_mse=0.0006, train_acc=0.8199, alpha=0.100, val_acc=0.7587, val_macro_f1=0.6293, val_weighted_f1=0.7561, lr=0.000387, epoch_time=17.75s
[Epoch 037] train_loss=0.1700, train_hard=0.5535, train_soft=0.1113, train_logit_mse=0.4811, train_feature_mse=0.0006, train_acc=0.8204, alpha=0.100, val_acc=0.7581, val_macro_f1=0.6297, val_weighted_f1=0.7543, lr=0.000370, epoch_time=17.88s
[Epoch 038] train_loss=0.1709, train_hard=0.5557, train_soft=0.1120, train_logit_mse=0.4835, train_feature_mse=0.0006, train_acc=0.8185, alpha=0.100, val_acc=0.7593, val_macro_f1=0.6259, val_weighted_f1=0.7535, lr=0.000352, epoch_time=17.75s
[Epoch 039] train_loss=0.1681, train_hard=0.5541, train_soft=0.1093, train_logit_mse=0.4773, train_feature_mse=0.0006, train_acc=0.8176, alpha=0.100, val_acc=0.7581, val_macro_f1=0.6168, val_weighted_f1=0.7457, lr=0.000334, epoch_time=17.85s
[Epoch 040] train_loss=0.1689, train_hard=0.5536, train_soft=0.1100, train_logit_mse=0.4834, train_feature_mse=0.0006, train_acc=0.8199, alpha=0.100, val_acc=0.7508, val_macro_f1=0.6037, val_weighted_f1=0.7407, lr=0.000317, epoch_time=17.82s
[Epoch 041] train_loss=0.1676, train_hard=0.5534, train_soft=0.1089, train_logit_mse=0.4745, train_feature_mse=0.0006, train_acc=0.8199, alpha=0.100, val_acc=0.7642, val_macro_f1=0.6416, val_weighted_f1=0.7607, lr=0.000300, epoch_time=17.69s
  -> New best KD student saved to /users/40370279/csc4006/code/experiments/3__alpha_sweep/checkpoints/student_A01_seed123.pt
[Epoch 042] train_loss=0.1664, train_hard=0.5494, train_soft=0.1080, train_logit_mse=0.4756, train_feature_mse=0.0006, train_acc=0.8188, alpha=0.100, val_acc=0.7618, val_macro_f1=0.6158, val_weighted_f1=0.7503, lr=0.000283, epoch_time=17.83s
[Epoch 043] train_loss=0.1642, train_hard=0.5469, train_soft=0.1060, train_logit_mse=0.4694, train_feature_mse=0.0006, train_acc=0.8233, alpha=0.100, val_acc=0.7587, val_macro_f1=0.6344, val_weighted_f1=0.7553, lr=0.000266, epoch_time=17.82s
[Epoch 044] train_loss=0.1627, train_hard=0.5494, train_soft=0.1042, train_logit_mse=0.4656, train_feature_mse=0.0006, train_acc=0.8235, alpha=0.100, val_acc=0.7636, val_macro_f1=0.6225, val_weighted_f1=0.7516, lr=0.000250, epoch_time=17.76s
[Epoch 045] train_loss=0.1631, train_hard=0.5467, train_soft=0.1052, train_logit_mse=0.4585, train_feature_mse=0.0006, train_acc=0.8246, alpha=0.100, val_acc=0.7648, val_macro_f1=0.6318, val_weighted_f1=0.7573, lr=0.000234, epoch_time=17.84s
[Epoch 046] train_loss=0.1621, train_hard=0.5440, train_soft=0.1044, train_logit_mse=0.4587, train_feature_mse=0.0006, train_acc=0.8225, alpha=0.100, val_acc=0.7575, val_macro_f1=0.6311, val_weighted_f1=0.7522, lr=0.000218, epoch_time=17.82s
[Epoch 047] train_loss=0.1569, train_hard=0.5423, train_soft=0.0991, train_logit_mse=0.4497, train_feature_mse=0.0006, train_acc=0.8216, alpha=0.100, val_acc=0.7605, val_macro_f1=0.6358, val_weighted_f1=0.7557, lr=0.000202, epoch_time=17.77s
[Epoch 048] train_loss=0.1589, train_hard=0.5403, train_soft=0.1013, train_logit_mse=0.4555, train_feature_mse=0.0006, train_acc=0.8217, alpha=0.100, val_acc=0.7538, val_macro_f1=0.6299, val_weighted_f1=0.7496, lr=0.000187, epoch_time=17.94s
[Epoch 049] train_loss=0.1614, train_hard=0.5433, train_soft=0.1036, train_logit_mse=0.4600, train_feature_mse=0.0006, train_acc=0.8245, alpha=0.100, val_acc=0.7691, val_macro_f1=0.6316, val_weighted_f1=0.7597, lr=0.000173, epoch_time=17.82s
[Epoch 050] train_loss=0.1573, train_hard=0.5377, train_soft=0.1000, train_logit_mse=0.4474, train_feature_mse=0.0006, train_acc=0.8255, alpha=0.100, val_acc=0.7673, val_macro_f1=0.6383, val_weighted_f1=0.7605, lr=0.000159, epoch_time=17.78s
[Epoch 051] train_loss=0.1565, train_hard=0.5390, train_soft=0.0991, train_logit_mse=0.4465, train_feature_mse=0.0006, train_acc=0.8266, alpha=0.100, val_acc=0.7630, val_macro_f1=0.6334, val_weighted_f1=0.7556, lr=0.000145, epoch_time=17.87s
[Epoch 052] train_loss=0.1556, train_hard=0.5370, train_soft=0.0982, train_logit_mse=0.4488, train_feature_mse=0.0006, train_acc=0.8212, alpha=0.100, val_acc=0.7630, val_macro_f1=0.6314, val_weighted_f1=0.7545, lr=0.000132, epoch_time=17.90s
[Epoch 053] train_loss=0.1568, train_hard=0.5385, train_soft=0.0994, train_logit_mse=0.4466, train_feature_mse=0.0006, train_acc=0.8243, alpha=0.100, val_acc=0.7575, val_macro_f1=0.6311, val_weighted_f1=0.7540, lr=0.000119, epoch_time=17.73s
[Epoch 054] train_loss=0.1541, train_hard=0.5328, train_soft=0.0972, train_logit_mse=0.4425, train_feature_mse=0.0006, train_acc=0.8286, alpha=0.100, val_acc=0.7611, val_macro_f1=0.6297, val_weighted_f1=0.7529, lr=0.000108, epoch_time=17.94s
[Epoch 055] train_loss=0.1569, train_hard=0.5408, train_soft=0.0992, train_logit_mse=0.4498, train_feature_mse=0.0006, train_acc=0.8226, alpha=0.100, val_acc=0.7666, val_macro_f1=0.6422, val_weighted_f1=0.7610, lr=0.000096, epoch_time=17.77s
  -> New best KD student saved to /users/40370279/csc4006/code/experiments/3__alpha_sweep/checkpoints/student_A01_seed123.pt
[Epoch 056] train_loss=0.1566, train_hard=0.5338, train_soft=0.0997, train_logit_mse=0.4476, train_feature_mse=0.0006, train_acc=0.8289, alpha=0.100, val_acc=0.7630, val_macro_f1=0.6317, val_weighted_f1=0.7561, lr=0.000085, epoch_time=17.85s
[Epoch 057] train_loss=0.1543, train_hard=0.5341, train_soft=0.0974, train_logit_mse=0.4427, train_feature_mse=0.0006, train_acc=0.8262, alpha=0.100, val_acc=0.7654, val_macro_f1=0.6415, val_weighted_f1=0.7611, lr=0.000075, epoch_time=17.82s
[Epoch 058] train_loss=0.1543, train_hard=0.5351, train_soft=0.0972, train_logit_mse=0.4438, train_feature_mse=0.0005, train_acc=0.8262, alpha=0.100, val_acc=0.7618, val_macro_f1=0.6354, val_weighted_f1=0.7564, lr=0.000066, epoch_time=17.84s
[Epoch 059] train_loss=0.1533, train_hard=0.5301, train_soft=0.0967, train_logit_mse=0.4411, train_feature_mse=0.0006, train_acc=0.8291, alpha=0.100, val_acc=0.7642, val_macro_f1=0.6309, val_weighted_f1=0.7570, lr=0.000057, epoch_time=17.85s
[Epoch 060] train_loss=0.1529, train_hard=0.5345, train_soft=0.0960, train_logit_mse=0.4367, train_feature_mse=0.0005, train_acc=0.8294, alpha=0.100, val_acc=0.7636, val_macro_f1=0.6343, val_weighted_f1=0.7566, lr=0.000049, epoch_time=17.79s
[Epoch 061] train_loss=0.1533, train_hard=0.5362, train_soft=0.0961, train_logit_mse=0.4394, train_feature_mse=0.0005, train_acc=0.8258, alpha=0.100, val_acc=0.7648, val_macro_f1=0.6370, val_weighted_f1=0.7580, lr=0.000042, epoch_time=17.70s
[Epoch 062] train_loss=0.1526, train_hard=0.5341, train_soft=0.0955, train_logit_mse=0.4407, train_feature_mse=0.0005, train_acc=0.8263, alpha=0.100, val_acc=0.7636, val_macro_f1=0.6371, val_weighted_f1=0.7577, lr=0.000035, epoch_time=17.89s
[Epoch 063] train_loss=0.1508, train_hard=0.5304, train_soft=0.0941, train_logit_mse=0.4348, train_feature_mse=0.0005, train_acc=0.8274, alpha=0.100, val_acc=0.7642, val_macro_f1=0.6376, val_weighted_f1=0.7577, lr=0.000029, epoch_time=17.70s
[Epoch 064] train_loss=0.1524, train_hard=0.5327, train_soft=0.0956, train_logit_mse=0.4344, train_feature_mse=0.0005, train_acc=0.8253, alpha=0.100, val_acc=0.7630, val_macro_f1=0.6376, val_weighted_f1=0.7571, lr=0.000024, epoch_time=17.75s
[Epoch 065] train_loss=0.1545, train_hard=0.5358, train_soft=0.0975, train_logit_mse=0.4382, train_feature_mse=0.0005, train_acc=0.8278, alpha=0.100, val_acc=0.7648, val_macro_f1=0.6390, val_weighted_f1=0.7587, lr=0.000020, epoch_time=17.84s
[Epoch 066] train_loss=0.1517, train_hard=0.5311, train_soft=0.0950, train_logit_mse=0.4363, train_feature_mse=0.0005, train_acc=0.8287, alpha=0.100, val_acc=0.7605, val_macro_f1=0.6367, val_weighted_f1=0.7562, lr=0.000016, epoch_time=17.84s
[Epoch 067] train_loss=0.1501, train_hard=0.5280, train_soft=0.0937, train_logit_mse=0.4324, train_feature_mse=0.0005, train_acc=0.8299, alpha=0.100, val_acc=0.7599, val_macro_f1=0.6364, val_weighted_f1=0.7555, lr=0.000014, epoch_time=17.82s
[Epoch 068] train_loss=0.1497, train_hard=0.5308, train_soft=0.0929, train_logit_mse=0.4324, train_feature_mse=0.0005, train_acc=0.8263, alpha=0.100, val_acc=0.7599, val_macro_f1=0.6385, val_weighted_f1=0.7565, lr=0.000012, epoch_time=17.92s
[Epoch 069] train_loss=0.1507, train_hard=0.5280, train_soft=0.0943, train_logit_mse=0.4358, train_feature_mse=0.0005, train_acc=0.8306, alpha=0.100, val_acc=0.7648, val_macro_f1=0.6398, val_weighted_f1=0.7590, lr=0.000010, epoch_time=17.85s
[Epoch 070] train_loss=0.1511, train_hard=0.5306, train_soft=0.0944, train_logit_mse=0.4362, train_feature_mse=0.0005, train_acc=0.8268, alpha=0.100, val_acc=0.7624, val_macro_f1=0.6397, val_weighted_f1=0.7582, lr=0.000010, epoch_time=17.78s
Early stopping triggered.
Loaded best KD student checkpoint for final test evaluation.
Best validation macro-F1: 0.6422
Best epoch: 55
Time to best model: 981.48 seconds
Checkpoint size (MB): 0.174
Student size: medium
Teacher used: checkpoints/teacher/teacher_cnn_seed123.pt
Teacher arch: TeacherCNN
Teacher size: large
Checkpoint seed: 123
Test accuracy (KD student): 0.7564
Test macro-F1 (KD student): 0.6094
Test weighted-F1 (KD student): 0.7520
Test classification report:
              precision    recall  f1-score   support

           0       0.84      0.66      0.74       184
           1       0.13      0.20      0.16        56
           2       0.81      0.52      0.63       256
           3       0.79      0.92      0.85       912
           4       0.75      0.60      0.67       242

    accuracy                           0.76      1650
   macro avg       0.66      0.58      0.61      1650
weighted avg       0.77      0.76      0.75      1650

Test confusion matrix:
[[122   7   5  47   3]
 [  0  11   4  37   4]
 [  9   4 133  86  24]
 [ 10  34  15 836  17]
 [  5  26   8  57 146]]
Inference latency: 1.4085 ms/sample
