Using device: cuda
Seed: 999
Deterministic mode: True
Deterministic warn_only: True
KD hyperparameters: alpha_start=0.300, alpha_end=0.300, temperature=1.00, logit_mse_weight=0.030, feature_mse_weight=0.030, class_weight_gamma=0.00, sampler_power=0.35, label_smoothing=0.000, student_size=medium
Training: batch_size=64, lr=0.0008, epochs=70, patience=15, weight_decay=0.002, grad_clip=1.0, num_workers=2, disable_augmentation=False, use_weighted_sampler=False
Teacher checkpoint path: checkpoints/teacher/teacher_cnn_seed999.pt
Student checkpoint path: /users/40370279/csc4006/code/experiments/3__alpha_sweep/checkpoints/student_A03_seed999.pt
Training set size: 12957
Validation set size: 1637
Test set size: 1650
Number of leads: 12 classes: 5
Classes: ['CD' 'HYP' 'MI' 'NORM' 'STTC']
Trainable parameters (student): 12809
Total parameters (student): 12809
Estimated model size (MB): 0.051
Teacher pooled dim: 896
Student pooled dim: 28
Class weights: [1. 1. 1. 1. 1.]
Training sampler: standard shuffled loader
[Epoch 001] train_loss=0.8984, train_hard=1.0827, train_soft=0.7132, train_logit_mse=2.4469, train_feature_mse=0.0321, train_acc=0.6095, alpha=0.300, val_acc=0.6836, val_macro_f1=0.4356, val_weighted_f1=0.6498, lr=0.000800, epoch_time=18.87s
  -> New best KD student saved to /users/40370279/csc4006/code/experiments/3__alpha_sweep/checkpoints/student_A03_seed999.pt
[Epoch 002] train_loss=0.6597, train_hard=0.8528, train_soft=0.4989, train_logit_mse=1.7997, train_feature_mse=0.0205, train_acc=0.7077, alpha=0.300, val_acc=0.7166, val_macro_f1=0.4861, val_weighted_f1=0.6834, lr=0.000798, epoch_time=18.16s
  -> New best KD student saved to /users/40370279/csc4006/code/experiments/3__alpha_sweep/checkpoints/student_A03_seed999.pt
[Epoch 003] train_loss=0.5551, train_hard=0.7550, train_soft=0.4052, train_logit_mse=1.4844, train_feature_mse=0.0152, train_acc=0.7538, alpha=0.300, val_acc=0.7385, val_macro_f1=0.5350, val_weighted_f1=0.7146, lr=0.000796, epoch_time=17.83s
  -> New best KD student saved to /users/40370279/csc4006/code/experiments/3__alpha_sweep/checkpoints/student_A03_seed999.pt
[Epoch 004] train_loss=0.5063, train_hard=0.7114, train_soft=0.3619, train_logit_mse=1.3125, train_feature_mse=0.0081, train_acc=0.7689, alpha=0.300, val_acc=0.7538, val_macro_f1=0.5523, val_weighted_f1=0.7287, lr=0.000794, epoch_time=17.99s
  -> New best KD student saved to /users/40370279/csc4006/code/experiments/3__alpha_sweep/checkpoints/student_A03_seed999.pt
[Epoch 005] train_loss=0.4793, train_hard=0.6872, train_soft=0.3377, train_logit_mse=1.2221, train_feature_mse=0.0046, train_acc=0.7756, alpha=0.300, val_acc=0.7416, val_macro_f1=0.5333, val_weighted_f1=0.7138, lr=0.000790, epoch_time=17.81s
[Epoch 006] train_loss=0.4615, train_hard=0.6751, train_soft=0.3200, train_logit_mse=1.1647, train_feature_mse=0.0028, train_acc=0.7766, alpha=0.300, val_acc=0.7330, val_macro_f1=0.5222, val_weighted_f1=0.7026, lr=0.000786, epoch_time=17.65s
[Epoch 007] train_loss=0.4459, train_hard=0.6627, train_soft=0.3050, train_logit_mse=1.1186, train_feature_mse=0.0018, train_acc=0.7861, alpha=0.300, val_acc=0.7581, val_macro_f1=0.5551, val_weighted_f1=0.7315, lr=0.000781, epoch_time=17.79s
  -> New best KD student saved to /users/40370279/csc4006/code/experiments/3__alpha_sweep/checkpoints/student_A03_seed999.pt
[Epoch 008] train_loss=0.4256, train_hard=0.6385, train_soft=0.2888, train_logit_mse=1.0593, train_feature_mse=0.0014, train_acc=0.7910, alpha=0.300, val_acc=0.7489, val_macro_f1=0.5573, val_weighted_f1=0.7229, lr=0.000775, epoch_time=17.98s
  -> New best KD student saved to /users/40370279/csc4006/code/experiments/3__alpha_sweep/checkpoints/student_A03_seed999.pt
[Epoch 009] train_loss=0.4110, train_hard=0.6281, train_soft=0.2744, train_logit_mse=1.0146, train_feature_mse=0.0013, train_acc=0.7978, alpha=0.300, val_acc=0.7660, val_macro_f1=0.5828, val_weighted_f1=0.7485, lr=0.000768, epoch_time=17.82s
  -> New best KD student saved to /users/40370279/csc4006/code/experiments/3__alpha_sweep/checkpoints/student_A03_seed999.pt
[Epoch 010] train_loss=0.4044, train_hard=0.6227, train_soft=0.2682, train_logit_mse=0.9955, train_feature_mse=0.0012, train_acc=0.7918, alpha=0.300, val_acc=0.7605, val_macro_f1=0.5708, val_weighted_f1=0.7380, lr=0.000761, epoch_time=17.81s
[Epoch 011] train_loss=0.3946, train_hard=0.6138, train_soft=0.2589, train_logit_mse=0.9736, train_feature_mse=0.0012, train_acc=0.7995, alpha=0.300, val_acc=0.7483, val_macro_f1=0.5501, val_weighted_f1=0.7206, lr=0.000753, epoch_time=17.86s
[Epoch 012] train_loss=0.3881, train_hard=0.6075, train_soft=0.2529, train_logit_mse=0.9587, train_feature_mse=0.0011, train_acc=0.8007, alpha=0.300, val_acc=0.7544, val_macro_f1=0.5854, val_weighted_f1=0.7425, lr=0.000744, epoch_time=17.72s
  -> New best KD student saved to /users/40370279/csc4006/code/experiments/3__alpha_sweep/checkpoints/student_A03_seed999.pt
[Epoch 013] train_loss=0.3822, train_hard=0.6038, train_soft=0.2470, train_logit_mse=0.9392, train_feature_mse=0.0011, train_acc=0.8010, alpha=0.300, val_acc=0.7593, val_macro_f1=0.5786, val_weighted_f1=0.7393, lr=0.000735, epoch_time=17.79s
[Epoch 014] train_loss=0.3784, train_hard=0.6032, train_soft=0.2428, train_logit_mse=0.9165, train_feature_mse=0.0011, train_acc=0.8007, alpha=0.300, val_acc=0.7593, val_macro_f1=0.5921, val_weighted_f1=0.7432, lr=0.000725, epoch_time=17.98s
  -> New best KD student saved to /users/40370279/csc4006/code/experiments/3__alpha_sweep/checkpoints/student_A03_seed999.pt
[Epoch 015] train_loss=0.3685, train_hard=0.5919, train_soft=0.2340, train_logit_mse=0.9033, train_feature_mse=0.0010, train_acc=0.8045, alpha=0.300, val_acc=0.7471, val_macro_f1=0.5569, val_weighted_f1=0.7204, lr=0.000714, epoch_time=17.95s
[Epoch 016] train_loss=0.3641, train_hard=0.5864, train_soft=0.2304, train_logit_mse=0.8947, train_feature_mse=0.0010, train_acc=0.8036, alpha=0.300, val_acc=0.7550, val_macro_f1=0.5911, val_weighted_f1=0.7406, lr=0.000702, epoch_time=17.92s
[Epoch 017] train_loss=0.3586, train_hard=0.5831, train_soft=0.2247, train_logit_mse=0.8791, train_feature_mse=0.0010, train_acc=0.8071, alpha=0.300, val_acc=0.7569, val_macro_f1=0.5911, val_weighted_f1=0.7413, lr=0.000691, epoch_time=17.91s
[Epoch 018] train_loss=0.3565, train_hard=0.5788, train_soft=0.2239, train_logit_mse=0.8684, train_feature_mse=0.0009, train_acc=0.8096, alpha=0.300, val_acc=0.7495, val_macro_f1=0.5846, val_weighted_f1=0.7393, lr=0.000678, epoch_time=18.00s
[Epoch 019] train_loss=0.3530, train_hard=0.5776, train_soft=0.2197, train_logit_mse=0.8622, train_feature_mse=0.0009, train_acc=0.8082, alpha=0.300, val_acc=0.7532, val_macro_f1=0.6004, val_weighted_f1=0.7439, lr=0.000665, epoch_time=17.94s
  -> New best KD student saved to /users/40370279/csc4006/code/experiments/3__alpha_sweep/checkpoints/student_A03_seed999.pt
[Epoch 020] train_loss=0.3503, train_hard=0.5751, train_soft=0.2174, train_logit_mse=0.8515, train_feature_mse=0.0009, train_acc=0.8099, alpha=0.300, val_acc=0.7544, val_macro_f1=0.5954, val_weighted_f1=0.7447, lr=0.000651, epoch_time=18.04s
[Epoch 021] train_loss=0.3460, train_hard=0.5712, train_soft=0.2131, train_logit_mse=0.8484, train_feature_mse=0.0009, train_acc=0.8139, alpha=0.300, val_acc=0.7520, val_macro_f1=0.5880, val_weighted_f1=0.7378, lr=0.000637, epoch_time=17.89s
[Epoch 022] train_loss=0.3450, train_hard=0.5712, train_soft=0.2122, train_logit_mse=0.8363, train_feature_mse=0.0009, train_acc=0.8094, alpha=0.300, val_acc=0.7404, val_macro_f1=0.5804, val_weighted_f1=0.7227, lr=0.000623, epoch_time=17.85s
[Epoch 023] train_loss=0.3365, train_hard=0.5623, train_soft=0.2045, train_logit_mse=0.8194, train_feature_mse=0.0009, train_acc=0.8168, alpha=0.300, val_acc=0.7502, val_macro_f1=0.5810, val_weighted_f1=0.7335, lr=0.000608, epoch_time=18.04s
[Epoch 024] train_loss=0.3357, train_hard=0.5593, train_soft=0.2046, train_logit_mse=0.8230, train_feature_mse=0.0009, train_acc=0.8167, alpha=0.300, val_acc=0.7611, val_macro_f1=0.6152, val_weighted_f1=0.7519, lr=0.000592, epoch_time=17.86s
  -> New best KD student saved to /users/40370279/csc4006/code/experiments/3__alpha_sweep/checkpoints/student_A03_seed999.pt
[Epoch 025] train_loss=0.3313, train_hard=0.5550, train_soft=0.2006, train_logit_mse=0.8111, train_feature_mse=0.0009, train_acc=0.8181, alpha=0.300, val_acc=0.7575, val_macro_f1=0.6224, val_weighted_f1=0.7537, lr=0.000576, epoch_time=17.84s
  -> New best KD student saved to /users/40370279/csc4006/code/experiments/3__alpha_sweep/checkpoints/student_A03_seed999.pt
[Epoch 026] train_loss=0.3325, train_hard=0.5601, train_soft=0.2004, train_logit_mse=0.8033, train_feature_mse=0.0009, train_acc=0.8130, alpha=0.300, val_acc=0.7447, val_macro_f1=0.5915, val_weighted_f1=0.7360, lr=0.000560, epoch_time=17.81s
[Epoch 027] train_loss=0.3271, train_hard=0.5514, train_soft=0.1969, train_logit_mse=0.7934, train_feature_mse=0.0008, train_acc=0.8176, alpha=0.300, val_acc=0.7581, val_macro_f1=0.5928, val_weighted_f1=0.7464, lr=0.000544, epoch_time=17.79s
[Epoch 028] train_loss=0.3234, train_hard=0.5500, train_soft=0.1929, train_logit_mse=0.7789, train_feature_mse=0.0008, train_acc=0.8179, alpha=0.300, val_acc=0.7575, val_macro_f1=0.6015, val_weighted_f1=0.7428, lr=0.000527, epoch_time=17.88s
[Epoch 029] train_loss=0.3177, train_hard=0.5436, train_soft=0.1877, train_logit_mse=0.7718, train_feature_mse=0.0008, train_acc=0.8183, alpha=0.300, val_acc=0.7459, val_macro_f1=0.6121, val_weighted_f1=0.7424, lr=0.000510, epoch_time=17.96s
[Epoch 030] train_loss=0.3207, train_hard=0.5458, train_soft=0.1908, train_logit_mse=0.7785, train_feature_mse=0.0008, train_acc=0.8178, alpha=0.300, val_acc=0.7508, val_macro_f1=0.6059, val_weighted_f1=0.7442, lr=0.000493, epoch_time=17.98s
[Epoch 031] train_loss=0.3168, train_hard=0.5430, train_soft=0.1874, train_logit_mse=0.7586, train_feature_mse=0.0008, train_acc=0.8189, alpha=0.300, val_acc=0.7434, val_macro_f1=0.6130, val_weighted_f1=0.7420, lr=0.000476, epoch_time=17.90s
[Epoch 032] train_loss=0.3148, train_hard=0.5385, train_soft=0.1861, train_logit_mse=0.7632, train_feature_mse=0.0008, train_acc=0.8219, alpha=0.300, val_acc=0.7520, val_macro_f1=0.6081, val_weighted_f1=0.7416, lr=0.000458, epoch_time=17.93s
[Epoch 033] train_loss=0.3086, train_hard=0.5333, train_soft=0.1804, train_logit_mse=0.7445, train_feature_mse=0.0008, train_acc=0.8236, alpha=0.300, val_acc=0.7642, val_macro_f1=0.6079, val_weighted_f1=0.7516, lr=0.000440, epoch_time=17.80s
[Epoch 034] train_loss=0.3077, train_hard=0.5328, train_soft=0.1792, train_logit_mse=0.7467, train_feature_mse=0.0008, train_acc=0.8246, alpha=0.300, val_acc=0.7654, val_macro_f1=0.6231, val_weighted_f1=0.7556, lr=0.000423, epoch_time=17.85s
  -> New best KD student saved to /users/40370279/csc4006/code/experiments/3__alpha_sweep/checkpoints/student_A03_seed999.pt
[Epoch 035] train_loss=0.3072, train_hard=0.5329, train_soft=0.1789, train_logit_mse=0.7366, train_feature_mse=0.0008, train_acc=0.8216, alpha=0.300, val_acc=0.7526, val_macro_f1=0.6021, val_weighted_f1=0.7420, lr=0.000405, epoch_time=17.84s
[Epoch 036] train_loss=0.3009, train_hard=0.5247, train_soft=0.1734, train_logit_mse=0.7367, train_feature_mse=0.0008, train_acc=0.8280, alpha=0.300, val_acc=0.7605, val_macro_f1=0.6132, val_weighted_f1=0.7495, lr=0.000387, epoch_time=17.85s
[Epoch 037] train_loss=0.3032, train_hard=0.5275, train_soft=0.1755, train_logit_mse=0.7369, train_feature_mse=0.0007, train_acc=0.8248, alpha=0.300, val_acc=0.7618, val_macro_f1=0.6135, val_weighted_f1=0.7519, lr=0.000370, epoch_time=17.89s
[Epoch 038] train_loss=0.3007, train_hard=0.5254, train_soft=0.1730, train_logit_mse=0.7306, train_feature_mse=0.0007, train_acc=0.8257, alpha=0.300, val_acc=0.7538, val_macro_f1=0.6185, val_weighted_f1=0.7448, lr=0.000352, epoch_time=17.78s
[Epoch 039] train_loss=0.2984, train_hard=0.5209, train_soft=0.1719, train_logit_mse=0.7282, train_feature_mse=0.0007, train_acc=0.8283, alpha=0.300, val_acc=0.7550, val_macro_f1=0.6027, val_weighted_f1=0.7433, lr=0.000334, epoch_time=17.97s
[Epoch 040] train_loss=0.3000, train_hard=0.5247, train_soft=0.1725, train_logit_mse=0.7282, train_feature_mse=0.0007, train_acc=0.8283, alpha=0.300, val_acc=0.7538, val_macro_f1=0.6114, val_weighted_f1=0.7442, lr=0.000317, epoch_time=17.94s
[Epoch 041] train_loss=0.2946, train_hard=0.5198, train_soft=0.1674, train_logit_mse=0.7142, train_feature_mse=0.0007, train_acc=0.8277, alpha=0.300, val_acc=0.7581, val_macro_f1=0.6210, val_weighted_f1=0.7497, lr=0.000300, epoch_time=18.00s
[Epoch 042] train_loss=0.2969, train_hard=0.5224, train_soft=0.1693, train_logit_mse=0.7202, train_feature_mse=0.0007, train_acc=0.8281, alpha=0.300, val_acc=0.7544, val_macro_f1=0.6215, val_weighted_f1=0.7482, lr=0.000283, epoch_time=17.80s
[Epoch 043] train_loss=0.2916, train_hard=0.5155, train_soft=0.1652, train_logit_mse=0.7101, train_feature_mse=0.0007, train_acc=0.8298, alpha=0.300, val_acc=0.7563, val_macro_f1=0.6152, val_weighted_f1=0.7462, lr=0.000266, epoch_time=17.97s
[Epoch 044] train_loss=0.2915, train_hard=0.5152, train_soft=0.1653, train_logit_mse=0.7064, train_feature_mse=0.0007, train_acc=0.8313, alpha=0.300, val_acc=0.7569, val_macro_f1=0.6228, val_weighted_f1=0.7499, lr=0.000250, epoch_time=17.95s
[Epoch 045] train_loss=0.2926, train_hard=0.5183, train_soft=0.1655, train_logit_mse=0.7103, train_feature_mse=0.0007, train_acc=0.8255, alpha=0.300, val_acc=0.7575, val_macro_f1=0.6216, val_weighted_f1=0.7488, lr=0.000234, epoch_time=17.90s
[Epoch 046] train_loss=0.2892, train_hard=0.5147, train_soft=0.1626, train_logit_mse=0.6995, train_feature_mse=0.0007, train_acc=0.8299, alpha=0.300, val_acc=0.7581, val_macro_f1=0.6214, val_weighted_f1=0.7507, lr=0.000218, epoch_time=17.95s
[Epoch 047] train_loss=0.2908, train_hard=0.5144, train_soft=0.1646, train_logit_mse=0.7064, train_feature_mse=0.0007, train_acc=0.8290, alpha=0.300, val_acc=0.7550, val_macro_f1=0.6170, val_weighted_f1=0.7458, lr=0.000202, epoch_time=18.00s
[Epoch 048] train_loss=0.2843, train_hard=0.5081, train_soft=0.1588, train_logit_mse=0.6895, train_feature_mse=0.0007, train_acc=0.8313, alpha=0.300, val_acc=0.7581, val_macro_f1=0.6189, val_weighted_f1=0.7491, lr=0.000187, epoch_time=18.00s
[Epoch 049] train_loss=0.2852, train_hard=0.5111, train_soft=0.1588, train_logit_mse=0.6910, train_feature_mse=0.0007, train_acc=0.8318, alpha=0.300, val_acc=0.7569, val_macro_f1=0.6146, val_weighted_f1=0.7447, lr=0.000173, epoch_time=17.86s
Early stopping triggered.
Loaded best KD student checkpoint for final test evaluation.
Best validation macro-F1: 0.6231
Best epoch: 34
Time to best model: 610.82 seconds
Checkpoint size (MB): 0.174
Student size: medium
Teacher used: checkpoints/teacher/teacher_cnn_seed999.pt
Teacher arch: TeacherCNN
Teacher size: large
Checkpoint seed: 999
Test accuracy (KD student): 0.7727
Test macro-F1 (KD student): 0.6157
Test weighted-F1 (KD student): 0.7640
Test classification report:
              precision    recall  f1-score   support

           0       0.83      0.66      0.74       184
           1       0.15      0.12      0.13        56
           2       0.78      0.59      0.67       256
           3       0.80      0.93      0.86       912
           4       0.75      0.63      0.68       242

    accuracy                           0.77      1650
   macro avg       0.66      0.59      0.62      1650
weighted avg       0.77      0.77      0.76      1650

Test confusion matrix:
[[122   6   6  46   4]
 [  2   7   3  39   5]
 [  7   2 150  76  21]
 [ 13  15  18 844  22]
 [  3  18  16  53 152]]
Inference latency: 1.4447 ms/sample
