Using device: cuda
Seed: 123
Deterministic mode: True
Deterministic warn_only: True
KD hyperparameters: alpha_start=0.500, alpha_end=0.500, temperature=1.00, logit_mse_weight=0.030, feature_mse_weight=0.030, class_weight_gamma=0.00, sampler_power=0.35, label_smoothing=0.000, student_size=medium
Training: batch_size=64, lr=0.0008, epochs=70, patience=15, weight_decay=0.002, grad_clip=1.0, num_workers=2, disable_augmentation=False, use_weighted_sampler=False
Teacher checkpoint path: checkpoints/teacher/teacher_cnn_seed123.pt
Student checkpoint path: /users/40370279/csc4006/code/experiments/3__alpha_sweep/checkpoints/student_A05_seed123.pt
Training set size: 12957
Validation set size: 1637
Test set size: 1650
Number of leads: 12 classes: 5
Classes: ['CD' 'HYP' 'MI' 'NORM' 'STTC']
Trainable parameters (student): 12809
Total parameters (student): 12809
Estimated model size (MB): 0.051
Teacher pooled dim: 896
Student pooled dim: 28
Class weights: [1. 1. 1. 1. 1.]
Training sampler: standard shuffled loader
[Epoch 001] train_loss=0.9194, train_hard=1.0975, train_soft=0.6219, train_logit_mse=1.9604, train_feature_mse=0.0286, train_acc=0.6127, alpha=0.500, val_acc=0.6487, val_macro_f1=0.3270, val_weighted_f1=0.5723, lr=0.000800, epoch_time=19.42s
  -> New best KD student saved to /users/40370279/csc4006/code/experiments/3__alpha_sweep/checkpoints/student_A05_seed123.pt
[Epoch 002] train_loss=0.6762, train_hard=0.8547, train_soft=0.4132, train_logit_mse=1.3890, train_feature_mse=0.0178, train_acc=0.7005, alpha=0.500, val_acc=0.6921, val_macro_f1=0.4482, val_weighted_f1=0.6447, lr=0.000798, epoch_time=18.26s
  -> New best KD student saved to /users/40370279/csc4006/code/experiments/3__alpha_sweep/checkpoints/student_A05_seed123.pt
[Epoch 003] train_loss=0.5812, train_hard=0.7668, train_soft=0.3276, train_logit_mse=1.1201, train_feature_mse=0.0135, train_acc=0.7512, alpha=0.500, val_acc=0.7379, val_macro_f1=0.5264, val_weighted_f1=0.7085, lr=0.000796, epoch_time=18.02s
  -> New best KD student saved to /users/40370279/csc4006/code/experiments/3__alpha_sweep/checkpoints/student_A05_seed123.pt
[Epoch 004] train_loss=0.5364, train_hard=0.7227, train_soft=0.2909, train_logit_mse=0.9773, train_feature_mse=0.0090, train_acc=0.7641, alpha=0.500, val_acc=0.7392, val_macro_f1=0.5257, val_weighted_f1=0.7070, lr=0.000794, epoch_time=18.19s
[Epoch 005] train_loss=0.5033, train_hard=0.6911, train_soft=0.2610, train_logit_mse=0.9020, train_feature_mse=0.0054, train_acc=0.7743, alpha=0.500, val_acc=0.7190, val_macro_f1=0.4944, val_weighted_f1=0.6779, lr=0.000790, epoch_time=18.07s
[Epoch 006] train_loss=0.4846, train_hard=0.6714, train_soft=0.2463, train_logit_mse=0.8554, train_feature_mse=0.0033, train_acc=0.7807, alpha=0.500, val_acc=0.7495, val_macro_f1=0.5432, val_weighted_f1=0.7228, lr=0.000786, epoch_time=18.34s
  -> New best KD student saved to /users/40370279/csc4006/code/experiments/3__alpha_sweep/checkpoints/student_A05_seed123.pt
[Epoch 007] train_loss=0.4681, train_hard=0.6593, train_soft=0.2283, train_logit_mse=0.8073, train_feature_mse=0.0021, train_acc=0.7830, alpha=0.500, val_acc=0.7422, val_macro_f1=0.5321, val_weighted_f1=0.7116, lr=0.000781, epoch_time=18.16s
[Epoch 008] train_loss=0.4581, train_hard=0.6489, train_soft=0.2206, train_logit_mse=0.7785, train_feature_mse=0.0015, train_acc=0.7872, alpha=0.500, val_acc=0.7587, val_macro_f1=0.5582, val_weighted_f1=0.7333, lr=0.000775, epoch_time=18.22s
  -> New best KD student saved to /users/40370279/csc4006/code/experiments/3__alpha_sweep/checkpoints/student_A05_seed123.pt
[Epoch 009] train_loss=0.4477, train_hard=0.6410, train_soft=0.2101, train_logit_mse=0.7374, train_feature_mse=0.0013, train_acc=0.7872, alpha=0.500, val_acc=0.7459, val_macro_f1=0.5549, val_weighted_f1=0.7273, lr=0.000768, epoch_time=18.15s
[Epoch 010] train_loss=0.4394, train_hard=0.6326, train_soft=0.2027, train_logit_mse=0.7249, train_feature_mse=0.0012, train_acc=0.7926, alpha=0.500, val_acc=0.7550, val_macro_f1=0.5586, val_weighted_f1=0.7315, lr=0.000761, epoch_time=18.03s
  -> New best KD student saved to /users/40370279/csc4006/code/experiments/3__alpha_sweep/checkpoints/student_A05_seed123.pt
[Epoch 011] train_loss=0.4272, train_hard=0.6175, train_soft=0.1948, train_logit_mse=0.6992, train_feature_mse=0.0011, train_acc=0.7939, alpha=0.500, val_acc=0.7483, val_macro_f1=0.5469, val_weighted_f1=0.7166, lr=0.000753, epoch_time=18.10s
[Epoch 012] train_loss=0.4260, train_hard=0.6178, train_soft=0.1928, train_logit_mse=0.6887, train_feature_mse=0.0011, train_acc=0.7942, alpha=0.500, val_acc=0.7465, val_macro_f1=0.5395, val_weighted_f1=0.7150, lr=0.000744, epoch_time=18.07s
[Epoch 013] train_loss=0.4161, train_hard=0.6082, train_soft=0.1836, train_logit_mse=0.6695, train_feature_mse=0.0010, train_acc=0.7973, alpha=0.500, val_acc=0.7459, val_macro_f1=0.5440, val_weighted_f1=0.7180, lr=0.000735, epoch_time=18.02s
[Epoch 014] train_loss=0.4100, train_hard=0.6016, train_soft=0.1788, train_logit_mse=0.6584, train_feature_mse=0.0010, train_acc=0.8017, alpha=0.500, val_acc=0.7685, val_macro_f1=0.5868, val_weighted_f1=0.7476, lr=0.000725, epoch_time=18.02s
  -> New best KD student saved to /users/40370279/csc4006/code/experiments/3__alpha_sweep/checkpoints/student_A05_seed123.pt
[Epoch 015] train_loss=0.4049, train_hard=0.5963, train_soft=0.1749, train_logit_mse=0.6425, train_feature_mse=0.0009, train_acc=0.8030, alpha=0.500, val_acc=0.7611, val_macro_f1=0.5668, val_weighted_f1=0.7406, lr=0.000714, epoch_time=18.02s
[Epoch 016] train_loss=0.4004, train_hard=0.5914, train_soft=0.1712, train_logit_mse=0.6371, train_feature_mse=0.0009, train_acc=0.8019, alpha=0.500, val_acc=0.7569, val_macro_f1=0.5629, val_weighted_f1=0.7338, lr=0.000702, epoch_time=18.07s
[Epoch 017] train_loss=0.3978, train_hard=0.5892, train_soft=0.1684, train_logit_mse=0.6319, train_feature_mse=0.0009, train_acc=0.8049, alpha=0.500, val_acc=0.7618, val_macro_f1=0.5741, val_weighted_f1=0.7408, lr=0.000691, epoch_time=18.09s
[Epoch 018] train_loss=0.3910, train_hard=0.5806, train_soft=0.1640, train_logit_mse=0.6219, train_feature_mse=0.0009, train_acc=0.8074, alpha=0.500, val_acc=0.7666, val_macro_f1=0.5833, val_weighted_f1=0.7491, lr=0.000678, epoch_time=18.08s
[Epoch 019] train_loss=0.3906, train_hard=0.5823, train_soft=0.1623, train_logit_mse=0.6083, train_feature_mse=0.0009, train_acc=0.8072, alpha=0.500, val_acc=0.7740, val_macro_f1=0.5924, val_weighted_f1=0.7562, lr=0.000665, epoch_time=18.17s
  -> New best KD student saved to /users/40370279/csc4006/code/experiments/3__alpha_sweep/checkpoints/student_A05_seed123.pt
[Epoch 020] train_loss=0.3846, train_hard=0.5737, train_soft=0.1591, train_logit_mse=0.6082, train_feature_mse=0.0009, train_acc=0.8094, alpha=0.500, val_acc=0.7477, val_macro_f1=0.5358, val_weighted_f1=0.7139, lr=0.000651, epoch_time=18.02s
[Epoch 021] train_loss=0.3828, train_hard=0.5733, train_soft=0.1559, train_logit_mse=0.6062, train_feature_mse=0.0009, train_acc=0.8112, alpha=0.500, val_acc=0.7605, val_macro_f1=0.5786, val_weighted_f1=0.7381, lr=0.000637, epoch_time=18.00s
[Epoch 022] train_loss=0.3776, train_hard=0.5669, train_soft=0.1528, train_logit_mse=0.5890, train_feature_mse=0.0008, train_acc=0.8125, alpha=0.500, val_acc=0.7605, val_macro_f1=0.5707, val_weighted_f1=0.7371, lr=0.000623, epoch_time=18.14s
[Epoch 023] train_loss=0.3730, train_hard=0.5633, train_soft=0.1478, train_logit_mse=0.5806, train_feature_mse=0.0008, train_acc=0.8144, alpha=0.500, val_acc=0.7666, val_macro_f1=0.6025, val_weighted_f1=0.7537, lr=0.000608, epoch_time=18.08s
  -> New best KD student saved to /users/40370279/csc4006/code/experiments/3__alpha_sweep/checkpoints/student_A05_seed123.pt
[Epoch 024] train_loss=0.3735, train_hard=0.5630, train_soft=0.1486, train_logit_mse=0.5882, train_feature_mse=0.0008, train_acc=0.8131, alpha=0.500, val_acc=0.7715, val_macro_f1=0.5880, val_weighted_f1=0.7528, lr=0.000592, epoch_time=18.11s
[Epoch 025] train_loss=0.3719, train_hard=0.5623, train_soft=0.1464, train_logit_mse=0.5834, train_feature_mse=0.0008, train_acc=0.8124, alpha=0.500, val_acc=0.7599, val_macro_f1=0.5731, val_weighted_f1=0.7405, lr=0.000576, epoch_time=18.13s
[Epoch 026] train_loss=0.3665, train_hard=0.5566, train_soft=0.1421, train_logit_mse=0.5715, train_feature_mse=0.0008, train_acc=0.8142, alpha=0.500, val_acc=0.7557, val_macro_f1=0.5596, val_weighted_f1=0.7295, lr=0.000560, epoch_time=18.16s
[Epoch 027] train_loss=0.3665, train_hard=0.5554, train_soft=0.1431, train_logit_mse=0.5719, train_feature_mse=0.0008, train_acc=0.8171, alpha=0.500, val_acc=0.7758, val_macro_f1=0.6198, val_weighted_f1=0.7618, lr=0.000544, epoch_time=18.20s
  -> New best KD student saved to /users/40370279/csc4006/code/experiments/3__alpha_sweep/checkpoints/student_A05_seed123.pt
[Epoch 028] train_loss=0.3608, train_hard=0.5491, train_soft=0.1389, train_logit_mse=0.5609, train_feature_mse=0.0008, train_acc=0.8182, alpha=0.500, val_acc=0.7746, val_macro_f1=0.6101, val_weighted_f1=0.7597, lr=0.000527, epoch_time=18.04s
[Epoch 029] train_loss=0.3641, train_hard=0.5527, train_soft=0.1413, train_logit_mse=0.5684, train_feature_mse=0.0008, train_acc=0.8176, alpha=0.500, val_acc=0.7544, val_macro_f1=0.5621, val_weighted_f1=0.7306, lr=0.000510, epoch_time=18.15s
[Epoch 030] train_loss=0.3589, train_hard=0.5455, train_soft=0.1388, train_logit_mse=0.5593, train_feature_mse=0.0007, train_acc=0.8200, alpha=0.500, val_acc=0.7709, val_macro_f1=0.5885, val_weighted_f1=0.7525, lr=0.000493, epoch_time=18.05s
[Epoch 031] train_loss=0.3561, train_hard=0.5428, train_soft=0.1360, train_logit_mse=0.5563, train_feature_mse=0.0007, train_acc=0.8204, alpha=0.500, val_acc=0.7654, val_macro_f1=0.5865, val_weighted_f1=0.7430, lr=0.000476, epoch_time=18.04s
[Epoch 032] train_loss=0.3564, train_hard=0.5421, train_soft=0.1371, train_logit_mse=0.5594, train_feature_mse=0.0007, train_acc=0.8243, alpha=0.500, val_acc=0.7685, val_macro_f1=0.5813, val_weighted_f1=0.7488, lr=0.000458, epoch_time=18.11s
[Epoch 033] train_loss=0.3562, train_hard=0.5447, train_soft=0.1347, train_logit_mse=0.5487, train_feature_mse=0.0007, train_acc=0.8216, alpha=0.500, val_acc=0.7636, val_macro_f1=0.5971, val_weighted_f1=0.7469, lr=0.000440, epoch_time=18.03s
[Epoch 034] train_loss=0.3538, train_hard=0.5423, train_soft=0.1324, train_logit_mse=0.5484, train_feature_mse=0.0007, train_acc=0.8199, alpha=0.500, val_acc=0.7673, val_macro_f1=0.5861, val_weighted_f1=0.7458, lr=0.000423, epoch_time=17.95s
[Epoch 035] train_loss=0.3522, train_hard=0.5400, train_soft=0.1317, train_logit_mse=0.5428, train_feature_mse=0.0007, train_acc=0.8195, alpha=0.500, val_acc=0.7666, val_macro_f1=0.5811, val_weighted_f1=0.7473, lr=0.000405, epoch_time=18.03s
[Epoch 036] train_loss=0.3458, train_hard=0.5310, train_soft=0.1278, train_logit_mse=0.5470, train_feature_mse=0.0007, train_acc=0.8258, alpha=0.500, val_acc=0.7740, val_macro_f1=0.6026, val_weighted_f1=0.7578, lr=0.000387, epoch_time=18.06s
[Epoch 037] train_loss=0.3464, train_hard=0.5319, train_soft=0.1288, train_logit_mse=0.5332, train_feature_mse=0.0007, train_acc=0.8232, alpha=0.500, val_acc=0.7691, val_macro_f1=0.5929, val_weighted_f1=0.7511, lr=0.000370, epoch_time=18.14s
[Epoch 038] train_loss=0.3476, train_hard=0.5332, train_soft=0.1295, train_logit_mse=0.5422, train_feature_mse=0.0007, train_acc=0.8249, alpha=0.500, val_acc=0.7642, val_macro_f1=0.5818, val_weighted_f1=0.7431, lr=0.000352, epoch_time=18.00s
[Epoch 039] train_loss=0.3461, train_hard=0.5322, train_soft=0.1277, train_logit_mse=0.5386, train_feature_mse=0.0007, train_acc=0.8213, alpha=0.500, val_acc=0.7636, val_macro_f1=0.5772, val_weighted_f1=0.7408, lr=0.000334, epoch_time=18.13s
[Epoch 040] train_loss=0.3455, train_hard=0.5313, train_soft=0.1273, train_logit_mse=0.5414, train_feature_mse=0.0007, train_acc=0.8230, alpha=0.500, val_acc=0.7673, val_macro_f1=0.5910, val_weighted_f1=0.7489, lr=0.000317, epoch_time=18.12s
[Epoch 041] train_loss=0.3428, train_hard=0.5278, train_soft=0.1257, train_logit_mse=0.5350, train_feature_mse=0.0007, train_acc=0.8267, alpha=0.500, val_acc=0.7776, val_macro_f1=0.6166, val_weighted_f1=0.7627, lr=0.000300, epoch_time=18.12s
[Epoch 042] train_loss=0.3417, train_hard=0.5264, train_soft=0.1249, train_logit_mse=0.5349, train_feature_mse=0.0007, train_acc=0.8262, alpha=0.500, val_acc=0.7673, val_macro_f1=0.5900, val_weighted_f1=0.7478, lr=0.000283, epoch_time=18.10s
Early stopping triggered.
Loaded best KD student checkpoint for final test evaluation.
Best validation macro-F1: 0.6198
Best epoch: 27
Time to best model: 493.96 seconds
Checkpoint size (MB): 0.174
Student size: medium
Teacher used: checkpoints/teacher/teacher_cnn_seed123.pt
Teacher arch: TeacherCNN
Teacher size: large
Checkpoint seed: 123
Test accuracy (KD student): 0.7758
Test macro-F1 (KD student): 0.6029
Test weighted-F1 (KD student): 0.7590
Test classification report:
              precision    recall  f1-score   support

           0       0.91      0.58      0.71       184
           1       0.22      0.07      0.11        56
           2       0.77      0.55      0.64       256
           3       0.79      0.95      0.86       912
           4       0.71      0.69      0.70       242

    accuracy                           0.78      1650
   macro avg       0.68      0.57      0.60      1650
weighted avg       0.77      0.78      0.76      1650

Test confusion matrix:
[[107   3  11  53  10]
 [  1   4   3  40   8]
 [  3   1 141  84  27]
 [  4   5  17 862  24]
 [  2   5  12  57 166]]
Inference latency: 1.7874 ms/sample
