Using device: cuda
Seed: 999
Deterministic mode: True
Deterministic warn_only: True
KD hyperparameters: alpha_start=0.500, alpha_end=0.500, temperature=1.00, logit_mse_weight=0.030, feature_mse_weight=0.030, class_weight_gamma=0.00, sampler_power=0.35, label_smoothing=0.000, student_size=medium
Training: batch_size=64, lr=0.0008, epochs=70, patience=15, weight_decay=0.002, grad_clip=1.0, num_workers=2, disable_augmentation=False, use_weighted_sampler=False
Teacher checkpoint path: checkpoints/teacher/teacher_cnn_seed999.pt
Student checkpoint path: /users/40370279/csc4006/code/experiments/3__alpha_sweep/checkpoints/student_A05_seed999.pt
Training set size: 12957
Validation set size: 1637
Test set size: 1650
Number of leads: 12 classes: 5
Classes: ['CD' 'HYP' 'MI' 'NORM' 'STTC']
Trainable parameters (student): 12809
Total parameters (student): 12809
Estimated model size (MB): 0.051
Teacher pooled dim: 896
Student pooled dim: 28
Class weights: [1. 1. 1. 1. 1.]
Training sampler: standard shuffled loader
[Epoch 001] train_loss=0.9758, train_hard=1.0824, train_soft=0.7192, train_logit_mse=2.4696, train_feature_mse=0.0322, train_acc=0.6069, alpha=0.500, val_acc=0.6799, val_macro_f1=0.4247, val_weighted_f1=0.6405, lr=0.000800, epoch_time=19.31s
  -> New best KD student saved to /users/40370279/csc4006/code/experiments/3__alpha_sweep/checkpoints/student_A05_seed999.pt
[Epoch 002] train_loss=0.7404, train_hard=0.8572, train_soft=0.5118, train_logit_mse=1.8427, train_feature_mse=0.0205, train_acc=0.7028, alpha=0.500, val_acc=0.7111, val_macro_f1=0.4711, val_weighted_f1=0.6735, lr=0.000798, epoch_time=18.18s
  -> New best KD student saved to /users/40370279/csc4006/code/experiments/3__alpha_sweep/checkpoints/student_A05_seed999.pt
[Epoch 003] train_loss=0.6322, train_hard=0.7565, train_soft=0.4157, train_logit_mse=1.5233, train_feature_mse=0.0151, train_acc=0.7503, alpha=0.500, val_acc=0.7288, val_macro_f1=0.5227, val_weighted_f1=0.7042, lr=0.000796, epoch_time=18.14s
  -> New best KD student saved to /users/40370279/csc4006/code/experiments/3__alpha_sweep/checkpoints/student_A05_seed999.pt
[Epoch 004] train_loss=0.5807, train_hard=0.7098, train_soft=0.3711, train_logit_mse=1.3325, train_feature_mse=0.0079, train_acc=0.7672, alpha=0.500, val_acc=0.7404, val_macro_f1=0.5435, val_weighted_f1=0.7210, lr=0.000794, epoch_time=18.20s
  -> New best KD student saved to /users/40370279/csc4006/code/experiments/3__alpha_sweep/checkpoints/student_A05_seed999.pt
[Epoch 005] train_loss=0.5542, train_hard=0.6862, train_soft=0.3473, train_logit_mse=1.2445, train_feature_mse=0.0044, train_acc=0.7713, alpha=0.500, val_acc=0.7489, val_macro_f1=0.5418, val_weighted_f1=0.7221, lr=0.000790, epoch_time=18.14s
[Epoch 006] train_loss=0.5376, train_hard=0.6739, train_soft=0.3299, train_logit_mse=1.1884, train_feature_mse=0.0026, train_acc=0.7771, alpha=0.500, val_acc=0.7563, val_macro_f1=0.5563, val_weighted_f1=0.7332, lr=0.000786, epoch_time=17.99s
  -> New best KD student saved to /users/40370279/csc4006/code/experiments/3__alpha_sweep/checkpoints/student_A05_seed999.pt
[Epoch 007] train_loss=0.5209, train_hard=0.6590, train_soft=0.3146, train_logit_mse=1.1372, train_feature_mse=0.0018, train_acc=0.7845, alpha=0.500, val_acc=0.7569, val_macro_f1=0.5532, val_weighted_f1=0.7277, lr=0.000781, epoch_time=18.08s
[Epoch 008] train_loss=0.4996, train_hard=0.6353, train_soft=0.2990, train_logit_mse=1.0806, train_feature_mse=0.0014, train_acc=0.7905, alpha=0.500, val_acc=0.7489, val_macro_f1=0.5430, val_weighted_f1=0.7195, lr=0.000775, epoch_time=18.05s
[Epoch 009] train_loss=0.4853, train_hard=0.6253, train_soft=0.2831, train_logit_mse=1.0365, train_feature_mse=0.0013, train_acc=0.7975, alpha=0.500, val_acc=0.7611, val_macro_f1=0.5637, val_weighted_f1=0.7366, lr=0.000768, epoch_time=18.01s
  -> New best KD student saved to /users/40370279/csc4006/code/experiments/3__alpha_sweep/checkpoints/student_A05_seed999.pt
[Epoch 010] train_loss=0.4747, train_hard=0.6144, train_soft=0.2740, train_logit_mse=1.0169, train_feature_mse=0.0012, train_acc=0.7964, alpha=0.500, val_acc=0.7605, val_macro_f1=0.5602, val_weighted_f1=0.7342, lr=0.000761, epoch_time=18.05s
[Epoch 011] train_loss=0.4711, train_hard=0.6121, train_soft=0.2699, train_logit_mse=1.0014, train_feature_mse=0.0012, train_acc=0.7995, alpha=0.500, val_acc=0.7502, val_macro_f1=0.5445, val_weighted_f1=0.7197, lr=0.000753, epoch_time=17.97s
[Epoch 012] train_loss=0.4618, train_hard=0.6034, train_soft=0.2610, train_logit_mse=0.9839, train_feature_mse=0.0011, train_acc=0.8020, alpha=0.500, val_acc=0.7581, val_macro_f1=0.5738, val_weighted_f1=0.7389, lr=0.000744, epoch_time=17.89s
  -> New best KD student saved to /users/40370279/csc4006/code/experiments/3__alpha_sweep/checkpoints/student_A05_seed999.pt
[Epoch 013] train_loss=0.4561, train_hard=0.5989, train_soft=0.2556, train_logit_mse=0.9613, train_feature_mse=0.0011, train_acc=0.8003, alpha=0.500, val_acc=0.7593, val_macro_f1=0.5670, val_weighted_f1=0.7371, lr=0.000735, epoch_time=18.05s
[Epoch 014] train_loss=0.4520, train_hard=0.5973, train_soft=0.2503, train_logit_mse=0.9385, train_feature_mse=0.0010, train_acc=0.8007, alpha=0.500, val_acc=0.7618, val_macro_f1=0.5723, val_weighted_f1=0.7381, lr=0.000725, epoch_time=18.00s
[Epoch 015] train_loss=0.4450, train_hard=0.5903, train_soft=0.2439, train_logit_mse=0.9305, train_feature_mse=0.0010, train_acc=0.8028, alpha=0.500, val_acc=0.7495, val_macro_f1=0.5460, val_weighted_f1=0.7178, lr=0.000714, epoch_time=17.91s
[Epoch 016] train_loss=0.4380, train_hard=0.5824, train_soft=0.2385, train_logit_mse=0.9170, train_feature_mse=0.0010, train_acc=0.8020, alpha=0.500, val_acc=0.7593, val_macro_f1=0.5761, val_weighted_f1=0.7386, lr=0.000702, epoch_time=18.03s
  -> New best KD student saved to /users/40370279/csc4006/code/experiments/3__alpha_sweep/checkpoints/student_A05_seed999.pt
[Epoch 017] train_loss=0.4337, train_hard=0.5793, train_soft=0.2337, train_logit_mse=0.9047, train_feature_mse=0.0010, train_acc=0.8058, alpha=0.500, val_acc=0.7581, val_macro_f1=0.5671, val_weighted_f1=0.7332, lr=0.000691, epoch_time=17.91s
[Epoch 018] train_loss=0.4287, train_hard=0.5734, train_soft=0.2305, train_logit_mse=0.8892, train_feature_mse=0.0009, train_acc=0.8087, alpha=0.500, val_acc=0.7465, val_macro_f1=0.5747, val_weighted_f1=0.7376, lr=0.000678, epoch_time=18.02s
[Epoch 019] train_loss=0.4261, train_hard=0.5716, train_soft=0.2272, train_logit_mse=0.8873, train_feature_mse=0.0009, train_acc=0.8096, alpha=0.500, val_acc=0.7563, val_macro_f1=0.5860, val_weighted_f1=0.7404, lr=0.000665, epoch_time=17.98s
  -> New best KD student saved to /users/40370279/csc4006/code/experiments/3__alpha_sweep/checkpoints/student_A05_seed999.pt
[Epoch 020] train_loss=0.4240, train_hard=0.5697, train_soft=0.2253, train_logit_mse=0.8804, train_feature_mse=0.0009, train_acc=0.8093, alpha=0.500, val_acc=0.7605, val_macro_f1=0.5893, val_weighted_f1=0.7460, lr=0.000651, epoch_time=17.95s
  -> New best KD student saved to /users/40370279/csc4006/code/experiments/3__alpha_sweep/checkpoints/student_A05_seed999.pt
[Epoch 021] train_loss=0.4205, train_hard=0.5670, train_soft=0.2213, train_logit_mse=0.8775, train_feature_mse=0.0009, train_acc=0.8139, alpha=0.500, val_acc=0.7544, val_macro_f1=0.5726, val_weighted_f1=0.7346, lr=0.000637, epoch_time=17.91s
[Epoch 022] train_loss=0.4190, train_hard=0.5659, train_soft=0.2203, train_logit_mse=0.8626, train_feature_mse=0.0009, train_acc=0.8142, alpha=0.500, val_acc=0.7489, val_macro_f1=0.5756, val_weighted_f1=0.7277, lr=0.000623, epoch_time=17.89s
[Epoch 023] train_loss=0.4119, train_hard=0.5587, train_soft=0.2138, train_logit_mse=0.8537, train_feature_mse=0.0009, train_acc=0.8135, alpha=0.500, val_acc=0.7563, val_macro_f1=0.5805, val_weighted_f1=0.7370, lr=0.000608, epoch_time=18.09s
[Epoch 024] train_loss=0.4077, train_hard=0.5524, train_soft=0.2119, train_logit_mse=0.8506, train_feature_mse=0.0009, train_acc=0.8177, alpha=0.500, val_acc=0.7697, val_macro_f1=0.6117, val_weighted_f1=0.7546, lr=0.000592, epoch_time=17.89s
  -> New best KD student saved to /users/40370279/csc4006/code/experiments/3__alpha_sweep/checkpoints/student_A05_seed999.pt
[Epoch 025] train_loss=0.4063, train_hard=0.5516, train_soft=0.2103, train_logit_mse=0.8429, train_feature_mse=0.0009, train_acc=0.8169, alpha=0.500, val_acc=0.7630, val_macro_f1=0.6121, val_weighted_f1=0.7503, lr=0.000576, epoch_time=17.92s
  -> New best KD student saved to /users/40370279/csc4006/code/experiments/3__alpha_sweep/checkpoints/student_A05_seed999.pt
[Epoch 026] train_loss=0.4035, train_hard=0.5506, train_soft=0.2066, train_logit_mse=0.8286, train_feature_mse=0.0009, train_acc=0.8160, alpha=0.500, val_acc=0.7611, val_macro_f1=0.6101, val_weighted_f1=0.7492, lr=0.000560, epoch_time=17.96s
[Epoch 027] train_loss=0.4019, train_hard=0.5481, train_soft=0.2061, train_logit_mse=0.8253, train_feature_mse=0.0009, train_acc=0.8162, alpha=0.500, val_acc=0.7685, val_macro_f1=0.5939, val_weighted_f1=0.7520, lr=0.000544, epoch_time=18.17s
[Epoch 028] train_loss=0.3968, train_hard=0.5448, train_soft=0.2006, train_logit_mse=0.8047, train_feature_mse=0.0009, train_acc=0.8196, alpha=0.500, val_acc=0.7611, val_macro_f1=0.6017, val_weighted_f1=0.7453, lr=0.000527, epoch_time=17.97s
[Epoch 029] train_loss=0.3911, train_hard=0.5386, train_soft=0.1953, train_logit_mse=0.8037, train_feature_mse=0.0008, train_acc=0.8194, alpha=0.500, val_acc=0.7538, val_macro_f1=0.6099, val_weighted_f1=0.7459, lr=0.000510, epoch_time=17.95s
[Epoch 030] train_loss=0.3951, train_hard=0.5418, train_soft=0.2001, train_logit_mse=0.8056, train_feature_mse=0.0008, train_acc=0.8191, alpha=0.500, val_acc=0.7660, val_macro_f1=0.6156, val_weighted_f1=0.7549, lr=0.000493, epoch_time=18.01s
  -> New best KD student saved to /users/40370279/csc4006/code/experiments/3__alpha_sweep/checkpoints/student_A05_seed999.pt
[Epoch 031] train_loss=0.3909, train_hard=0.5383, train_soft=0.1963, train_logit_mse=0.7858, train_feature_mse=0.0008, train_acc=0.8208, alpha=0.500, val_acc=0.7587, val_macro_f1=0.6166, val_weighted_f1=0.7487, lr=0.000476, epoch_time=17.88s
  -> New best KD student saved to /users/40370279/csc4006/code/experiments/3__alpha_sweep/checkpoints/student_A05_seed999.pt
[Epoch 032] train_loss=0.3887, train_hard=0.5354, train_soft=0.1943, train_logit_mse=0.7925, train_feature_mse=0.0008, train_acc=0.8207, alpha=0.500, val_acc=0.7557, val_macro_f1=0.6087, val_weighted_f1=0.7450, lr=0.000458, epoch_time=18.02s
[Epoch 033] train_loss=0.3840, train_hard=0.5302, train_soft=0.1910, train_logit_mse=0.7779, train_feature_mse=0.0008, train_acc=0.8234, alpha=0.500, val_acc=0.7611, val_macro_f1=0.6088, val_weighted_f1=0.7478, lr=0.000440, epoch_time=17.82s
[Epoch 034] train_loss=0.3833, train_hard=0.5299, train_soft=0.1898, train_logit_mse=0.7810, train_feature_mse=0.0008, train_acc=0.8253, alpha=0.500, val_acc=0.7569, val_macro_f1=0.6065, val_weighted_f1=0.7447, lr=0.000423, epoch_time=17.93s
[Epoch 035] train_loss=0.3830, train_hard=0.5305, train_soft=0.1892, train_logit_mse=0.7702, train_feature_mse=0.0008, train_acc=0.8230, alpha=0.500, val_acc=0.7605, val_macro_f1=0.6100, val_weighted_f1=0.7490, lr=0.000405, epoch_time=17.86s
[Epoch 036] train_loss=0.3764, train_hard=0.5214, train_soft=0.1849, train_logit_mse=0.7744, train_feature_mse=0.0008, train_acc=0.8259, alpha=0.500, val_acc=0.7654, val_macro_f1=0.6141, val_weighted_f1=0.7518, lr=0.000387, epoch_time=17.90s
[Epoch 037] train_loss=0.3774, train_hard=0.5229, train_soft=0.1855, train_logit_mse=0.7722, train_feature_mse=0.0008, train_acc=0.8236, alpha=0.500, val_acc=0.7685, val_macro_f1=0.6185, val_weighted_f1=0.7577, lr=0.000370, epoch_time=18.04s
  -> New best KD student saved to /users/40370279/csc4006/code/experiments/3__alpha_sweep/checkpoints/student_A05_seed999.pt
[Epoch 038] train_loss=0.3754, train_hard=0.5216, train_soft=0.1833, train_logit_mse=0.7653, train_feature_mse=0.0008, train_acc=0.8268, alpha=0.500, val_acc=0.7642, val_macro_f1=0.6075, val_weighted_f1=0.7501, lr=0.000352, epoch_time=18.03s
[Epoch 039] train_loss=0.3732, train_hard=0.5182, train_soft=0.1827, train_logit_mse=0.7599, train_feature_mse=0.0008, train_acc=0.8278, alpha=0.500, val_acc=0.7666, val_macro_f1=0.6171, val_weighted_f1=0.7531, lr=0.000334, epoch_time=18.03s
[Epoch 040] train_loss=0.3749, train_hard=0.5214, train_soft=0.1827, train_logit_mse=0.7621, train_feature_mse=0.0008, train_acc=0.8270, alpha=0.500, val_acc=0.7587, val_macro_f1=0.6205, val_weighted_f1=0.7473, lr=0.000317, epoch_time=17.87s
  -> New best KD student saved to /users/40370279/csc4006/code/experiments/3__alpha_sweep/checkpoints/student_A05_seed999.pt
[Epoch 041] train_loss=0.3698, train_hard=0.5166, train_soft=0.1781, train_logit_mse=0.7485, train_feature_mse=0.0008, train_acc=0.8262, alpha=0.500, val_acc=0.7599, val_macro_f1=0.6234, val_weighted_f1=0.7480, lr=0.000300, epoch_time=17.95s
  -> New best KD student saved to /users/40370279/csc4006/code/experiments/3__alpha_sweep/checkpoints/student_A05_seed999.pt
[Epoch 042] train_loss=0.3700, train_hard=0.5170, train_soft=0.1781, train_logit_mse=0.7485, train_feature_mse=0.0007, train_acc=0.8251, alpha=0.500, val_acc=0.7636, val_macro_f1=0.6347, val_weighted_f1=0.7583, lr=0.000283, epoch_time=17.92s
  -> New best KD student saved to /users/40370279/csc4006/code/experiments/3__alpha_sweep/checkpoints/student_A05_seed999.pt
[Epoch 043] train_loss=0.3657, train_hard=0.5107, train_soft=0.1760, train_logit_mse=0.7453, train_feature_mse=0.0007, train_acc=0.8315, alpha=0.500, val_acc=0.7630, val_macro_f1=0.6273, val_weighted_f1=0.7536, lr=0.000266, epoch_time=18.02s
[Epoch 044] train_loss=0.3651, train_hard=0.5111, train_soft=0.1749, train_logit_mse=0.7366, train_feature_mse=0.0007, train_acc=0.8304, alpha=0.500, val_acc=0.7666, val_macro_f1=0.6188, val_weighted_f1=0.7560, lr=0.000250, epoch_time=17.97s
[Epoch 045] train_loss=0.3664, train_hard=0.5132, train_soft=0.1749, train_logit_mse=0.7426, train_feature_mse=0.0007, train_acc=0.8277, alpha=0.500, val_acc=0.7587, val_macro_f1=0.6167, val_weighted_f1=0.7470, lr=0.000234, epoch_time=18.01s
[Epoch 046] train_loss=0.3625, train_hard=0.5090, train_soft=0.1720, train_logit_mse=0.7336, train_feature_mse=0.0007, train_acc=0.8308, alpha=0.500, val_acc=0.7648, val_macro_f1=0.6304, val_weighted_f1=0.7549, lr=0.000218, epoch_time=17.84s
[Epoch 047] train_loss=0.3645, train_hard=0.5103, train_soft=0.1741, train_logit_mse=0.7427, train_feature_mse=0.0007, train_acc=0.8296, alpha=0.500, val_acc=0.7642, val_macro_f1=0.6173, val_weighted_f1=0.7522, lr=0.000202, epoch_time=17.91s
[Epoch 048] train_loss=0.3594, train_hard=0.5056, train_soft=0.1695, train_logit_mse=0.7266, train_feature_mse=0.0007, train_acc=0.8302, alpha=0.500, val_acc=0.7654, val_macro_f1=0.6226, val_weighted_f1=0.7538, lr=0.000187, epoch_time=17.99s
[Epoch 049] train_loss=0.3586, train_hard=0.5054, train_soft=0.1684, train_logit_mse=0.7239, train_feature_mse=0.0007, train_acc=0.8314, alpha=0.500, val_acc=0.7605, val_macro_f1=0.6091, val_weighted_f1=0.7450, lr=0.000173, epoch_time=17.87s
[Epoch 050] train_loss=0.3581, train_hard=0.5032, train_soft=0.1689, train_logit_mse=0.7335, train_feature_mse=0.0007, train_acc=0.8324, alpha=0.500, val_acc=0.7654, val_macro_f1=0.6256, val_weighted_f1=0.7550, lr=0.000159, epoch_time=18.02s
[Epoch 051] train_loss=0.3544, train_hard=0.4997, train_soft=0.1659, train_logit_mse=0.7213, train_feature_mse=0.0007, train_acc=0.8318, alpha=0.500, val_acc=0.7605, val_macro_f1=0.6255, val_weighted_f1=0.7505, lr=0.000145, epoch_time=18.07s
[Epoch 052] train_loss=0.3541, train_hard=0.4999, train_soft=0.1654, train_logit_mse=0.7139, train_feature_mse=0.0007, train_acc=0.8346, alpha=0.500, val_acc=0.7636, val_macro_f1=0.6154, val_weighted_f1=0.7514, lr=0.000132, epoch_time=18.00s
[Epoch 053] train_loss=0.3538, train_hard=0.4990, train_soft=0.1654, train_logit_mse=0.7182, train_feature_mse=0.0007, train_acc=0.8353, alpha=0.500, val_acc=0.7660, val_macro_f1=0.6187, val_weighted_f1=0.7534, lr=0.000119, epoch_time=17.99s
[Epoch 054] train_loss=0.3534, train_hard=0.4982, train_soft=0.1657, train_logit_mse=0.7159, train_feature_mse=0.0007, train_acc=0.8368, alpha=0.500, val_acc=0.7654, val_macro_f1=0.6354, val_weighted_f1=0.7559, lr=0.000108, epoch_time=18.00s
  -> New best KD student saved to /users/40370279/csc4006/code/experiments/3__alpha_sweep/checkpoints/student_A05_seed999.pt
[Epoch 055] train_loss=0.3493, train_hard=0.4932, train_soft=0.1629, train_logit_mse=0.7092, train_feature_mse=0.0007, train_acc=0.8355, alpha=0.500, val_acc=0.7648, val_macro_f1=0.6349, val_weighted_f1=0.7553, lr=0.000096, epoch_time=18.04s
[Epoch 056] train_loss=0.3542, train_hard=0.5004, train_soft=0.1650, train_logit_mse=0.7165, train_feature_mse=0.0007, train_acc=0.8329, alpha=0.500, val_acc=0.7642, val_macro_f1=0.6248, val_weighted_f1=0.7531, lr=0.000085, epoch_time=17.98s
[Epoch 057] train_loss=0.3524, train_hard=0.4975, train_soft=0.1642, train_logit_mse=0.7170, train_feature_mse=0.0007, train_acc=0.8350, alpha=0.500, val_acc=0.7630, val_macro_f1=0.6191, val_weighted_f1=0.7523, lr=0.000075, epoch_time=18.09s
[Epoch 058] train_loss=0.3503, train_hard=0.4952, train_soft=0.1629, train_logit_mse=0.7059, train_feature_mse=0.0007, train_acc=0.8329, alpha=0.500, val_acc=0.7685, val_macro_f1=0.6271, val_weighted_f1=0.7580, lr=0.000066, epoch_time=17.96s
[Epoch 059] train_loss=0.3494, train_hard=0.4953, train_soft=0.1610, train_logit_mse=0.7069, train_feature_mse=0.0007, train_acc=0.8366, alpha=0.500, val_acc=0.7636, val_macro_f1=0.6208, val_weighted_f1=0.7516, lr=0.000057, epoch_time=17.95s
[Epoch 060] train_loss=0.3476, train_hard=0.4927, train_soft=0.1603, train_logit_mse=0.7036, train_feature_mse=0.0007, train_acc=0.8363, alpha=0.500, val_acc=0.7618, val_macro_f1=0.6258, val_weighted_f1=0.7519, lr=0.000049, epoch_time=17.96s
[Epoch 061] train_loss=0.3488, train_hard=0.4928, train_soft=0.1625, train_logit_mse=0.7064, train_feature_mse=0.0007, train_acc=0.8344, alpha=0.500, val_acc=0.7624, val_macro_f1=0.6194, val_weighted_f1=0.7502, lr=0.000042, epoch_time=17.94s
[Epoch 062] train_loss=0.3475, train_hard=0.4925, train_soft=0.1601, train_logit_mse=0.7047, train_feature_mse=0.0007, train_acc=0.8362, alpha=0.500, val_acc=0.7624, val_macro_f1=0.6255, val_weighted_f1=0.7516, lr=0.000035, epoch_time=17.92s
[Epoch 063] train_loss=0.3487, train_hard=0.4934, train_soft=0.1613, train_logit_mse=0.7089, train_feature_mse=0.0007, train_acc=0.8372, alpha=0.500, val_acc=0.7630, val_macro_f1=0.6225, val_weighted_f1=0.7520, lr=0.000029, epoch_time=17.96s
[Epoch 064] train_loss=0.3479, train_hard=0.4924, train_soft=0.1609, train_logit_mse=0.7066, train_feature_mse=0.0007, train_acc=0.8381, alpha=0.500, val_acc=0.7611, val_macro_f1=0.6204, val_weighted_f1=0.7500, lr=0.000024, epoch_time=18.00s
[Epoch 065] train_loss=0.3502, train_hard=0.4954, train_soft=0.1627, train_logit_mse=0.7060, train_feature_mse=0.0007, train_acc=0.8362, alpha=0.500, val_acc=0.7624, val_macro_f1=0.6201, val_weighted_f1=0.7511, lr=0.000020, epoch_time=17.91s
[Epoch 066] train_loss=0.3456, train_hard=0.4904, train_soft=0.1588, train_logit_mse=0.6996, train_feature_mse=0.0007, train_acc=0.8390, alpha=0.500, val_acc=0.7624, val_macro_f1=0.6250, val_weighted_f1=0.7527, lr=0.000016, epoch_time=17.99s
[Epoch 067] train_loss=0.3443, train_hard=0.4874, train_soft=0.1590, train_logit_mse=0.7021, train_feature_mse=0.0007, train_acc=0.8378, alpha=0.500, val_acc=0.7624, val_macro_f1=0.6184, val_weighted_f1=0.7502, lr=0.000014, epoch_time=18.03s
[Epoch 068] train_loss=0.3472, train_hard=0.4925, train_soft=0.1600, train_logit_mse=0.6994, train_feature_mse=0.0007, train_acc=0.8362, alpha=0.500, val_acc=0.7611, val_macro_f1=0.6249, val_weighted_f1=0.7503, lr=0.000012, epoch_time=18.10s
[Epoch 069] train_loss=0.3470, train_hard=0.4909, train_soft=0.1608, train_logit_mse=0.7039, train_feature_mse=0.0007, train_acc=0.8362, alpha=0.500, val_acc=0.7630, val_macro_f1=0.6215, val_weighted_f1=0.7517, lr=0.000010, epoch_time=18.07s
Early stopping triggered.
Loaded best KD student checkpoint for final test evaluation.
Best validation macro-F1: 0.6354
Best epoch: 54
Time to best model: 985.74 seconds
Checkpoint size (MB): 0.174
Student size: medium
Teacher used: checkpoints/teacher/teacher_cnn_seed999.pt
Teacher arch: TeacherCNN
Teacher size: large
Checkpoint seed: 999
Test accuracy (KD student): 0.7655
Test macro-F1 (KD student): 0.6162
Test weighted-F1 (KD student): 0.7595
Test classification report:
              precision    recall  f1-score   support

           0       0.83      0.67      0.74       184
           1       0.14      0.14      0.14        56
           2       0.80      0.57      0.67       256
           3       0.79      0.91      0.85       912
           4       0.73      0.65      0.69       242

    accuracy                           0.77      1650
   macro avg       0.66      0.59      0.62      1650
weighted avg       0.77      0.77      0.76      1650

Test confusion matrix:
[[123   6   7  43   5]
 [  2   8   5  37   4]
 [  6   2 146  81  21]
 [ 15  24  16 828  29]
 [  3  18   8  55 158]]
Inference latency: 1.5052 ms/sample
