Using device: cuda
Seed: 42
Deterministic mode: True
Deterministic warn_only: True
KD hyperparameters: alpha_start=0.500, alpha_end=0.500, temperature=1.00, logit_mse_weight=0.030, feature_mse_weight=0.030, class_weight_gamma=0.00, sampler_power=0.35, label_smoothing=0.000, student_size=medium
Training: batch_size=64, lr=0.0008, epochs=70, patience=15, weight_decay=0.002, grad_clip=1.0, num_workers=2, disable_augmentation=False, use_weighted_sampler=False
Teacher checkpoint path: checkpoints/teacher/teacher_cnn_seed42.pt
Student checkpoint path: /users/40370279/csc4006/code/experiments/3__alpha_sweep/checkpoints/student_A05_seed42.pt
Training set size: 12957
Validation set size: 1637
Test set size: 1650
Number of leads: 12 classes: 5
Classes: ['CD' 'HYP' 'MI' 'NORM' 'STTC']
Trainable parameters (student): 12809
Total parameters (student): 12809
Estimated model size (MB): 0.051
Teacher pooled dim: 896
Student pooled dim: 28
Class weights: [1. 1. 1. 1. 1.]
Training sampler: standard shuffled loader
[Epoch 001] train_loss=0.9282, train_hard=1.1186, train_soft=0.6167, train_logit_mse=1.9872, train_feature_mse=0.0313, train_acc=0.5896, alpha=0.500, val_acc=0.6720, val_macro_f1=0.4177, val_weighted_f1=0.6131, lr=0.000800, epoch_time=19.28s
  -> New best KD student saved to /users/40370279/csc4006/code/experiments/3__alpha_sweep/checkpoints/student_A05_seed42.pt
[Epoch 002] train_loss=0.6483, train_hard=0.8406, train_soft=0.3788, train_logit_mse=1.2657, train_feature_mse=0.0200, train_acc=0.7183, alpha=0.500, val_acc=0.7337, val_macro_f1=0.5152, val_weighted_f1=0.6990, lr=0.000798, epoch_time=18.08s
  -> New best KD student saved to /users/40370279/csc4006/code/experiments/3__alpha_sweep/checkpoints/student_A05_seed42.pt
[Epoch 003] train_loss=0.5540, train_hard=0.7527, train_soft=0.2943, train_logit_mse=1.0012, train_feature_mse=0.0129, train_acc=0.7543, alpha=0.500, val_acc=0.7416, val_macro_f1=0.5354, val_weighted_f1=0.7195, lr=0.000796, epoch_time=18.00s
  -> New best KD student saved to /users/40370279/csc4006/code/experiments/3__alpha_sweep/checkpoints/student_A05_seed42.pt
[Epoch 004] train_loss=0.5088, train_hard=0.7099, train_soft=0.2550, train_logit_mse=0.8701, train_feature_mse=0.0070, train_acc=0.7647, alpha=0.500, val_acc=0.7508, val_macro_f1=0.5468, val_weighted_f1=0.7264, lr=0.000794, epoch_time=18.08s
  -> New best KD student saved to /users/40370279/csc4006/code/experiments/3__alpha_sweep/checkpoints/student_A05_seed42.pt
[Epoch 005] train_loss=0.4862, train_hard=0.6889, train_soft=0.2349, train_logit_mse=0.8057, train_feature_mse=0.0044, train_acc=0.7724, alpha=0.500, val_acc=0.7434, val_macro_f1=0.5327, val_weighted_f1=0.7135, lr=0.000790, epoch_time=17.93s
[Epoch 006] train_loss=0.4704, train_hard=0.6752, train_soft=0.2200, train_logit_mse=0.7573, train_feature_mse=0.0028, train_acc=0.7772, alpha=0.500, val_acc=0.7361, val_macro_f1=0.5240, val_weighted_f1=0.7015, lr=0.000786, epoch_time=18.07s
[Epoch 007] train_loss=0.4559, train_hard=0.6608, train_soft=0.2073, train_logit_mse=0.7264, train_feature_mse=0.0019, train_acc=0.7823, alpha=0.500, val_acc=0.7550, val_macro_f1=0.5588, val_weighted_f1=0.7345, lr=0.000781, epoch_time=18.02s
  -> New best KD student saved to /users/40370279/csc4006/code/experiments/3__alpha_sweep/checkpoints/student_A05_seed42.pt
[Epoch 008] train_loss=0.4483, train_hard=0.6523, train_soft=0.2017, train_logit_mse=0.7088, train_feature_mse=0.0015, train_acc=0.7835, alpha=0.500, val_acc=0.7233, val_macro_f1=0.4910, val_weighted_f1=0.6785, lr=0.000775, epoch_time=18.05s
[Epoch 009] train_loss=0.4383, train_hard=0.6421, train_soft=0.1933, train_logit_mse=0.6869, train_feature_mse=0.0013, train_acc=0.7844, alpha=0.500, val_acc=0.7489, val_macro_f1=0.5634, val_weighted_f1=0.7319, lr=0.000768, epoch_time=17.94s
  -> New best KD student saved to /users/40370279/csc4006/code/experiments/3__alpha_sweep/checkpoints/student_A05_seed42.pt
[Epoch 010] train_loss=0.4268, train_hard=0.6314, train_soft=0.1824, train_logit_mse=0.6641, train_feature_mse=0.0012, train_acc=0.7902, alpha=0.500, val_acc=0.7563, val_macro_f1=0.5584, val_weighted_f1=0.7324, lr=0.000761, epoch_time=18.09s
[Epoch 011] train_loss=0.4244, train_hard=0.6307, train_soft=0.1789, train_logit_mse=0.6505, train_feature_mse=0.0011, train_acc=0.7909, alpha=0.500, val_acc=0.7532, val_macro_f1=0.5483, val_weighted_f1=0.7264, lr=0.000753, epoch_time=18.00s
[Epoch 012] train_loss=0.4152, train_hard=0.6179, train_soft=0.1741, train_logit_mse=0.6391, train_feature_mse=0.0011, train_acc=0.7963, alpha=0.500, val_acc=0.7526, val_macro_f1=0.5603, val_weighted_f1=0.7296, lr=0.000744, epoch_time=17.98s
[Epoch 013] train_loss=0.4104, train_hard=0.6150, train_soft=0.1686, train_logit_mse=0.6169, train_feature_mse=0.0011, train_acc=0.7949, alpha=0.500, val_acc=0.7544, val_macro_f1=0.5552, val_weighted_f1=0.7310, lr=0.000735, epoch_time=17.98s
[Epoch 014] train_loss=0.4017, train_hard=0.6057, train_soft=0.1613, train_logit_mse=0.6039, train_feature_mse=0.0010, train_acc=0.7997, alpha=0.500, val_acc=0.7410, val_macro_f1=0.5357, val_weighted_f1=0.7110, lr=0.000725, epoch_time=18.00s
[Epoch 015] train_loss=0.4005, train_hard=0.6054, train_soft=0.1595, train_logit_mse=0.5996, train_feature_mse=0.0010, train_acc=0.7993, alpha=0.500, val_acc=0.7557, val_macro_f1=0.5516, val_weighted_f1=0.7272, lr=0.000714, epoch_time=18.01s
[Epoch 016] train_loss=0.3932, train_hard=0.5972, train_soft=0.1538, train_logit_mse=0.5870, train_feature_mse=0.0009, train_acc=0.8028, alpha=0.500, val_acc=0.7642, val_macro_f1=0.5702, val_weighted_f1=0.7394, lr=0.000702, epoch_time=17.91s
  -> New best KD student saved to /users/40370279/csc4006/code/experiments/3__alpha_sweep/checkpoints/student_A05_seed42.pt
[Epoch 017] train_loss=0.3923, train_hard=0.5973, train_soft=0.1527, train_logit_mse=0.5751, train_feature_mse=0.0009, train_acc=0.8039, alpha=0.500, val_acc=0.7520, val_macro_f1=0.5493, val_weighted_f1=0.7263, lr=0.000691, epoch_time=18.01s
[Epoch 018] train_loss=0.3849, train_hard=0.5890, train_soft=0.1468, train_logit_mse=0.5640, train_feature_mse=0.0009, train_acc=0.8046, alpha=0.500, val_acc=0.7520, val_macro_f1=0.5489, val_weighted_f1=0.7227, lr=0.000678, epoch_time=17.94s
[Epoch 019] train_loss=0.3814, train_hard=0.5854, train_soft=0.1436, train_logit_mse=0.5618, train_feature_mse=0.0009, train_acc=0.8072, alpha=0.500, val_acc=0.7563, val_macro_f1=0.5657, val_weighted_f1=0.7309, lr=0.000665, epoch_time=17.94s
[Epoch 020] train_loss=0.3777, train_hard=0.5805, train_soft=0.1419, train_logit_mse=0.5504, train_feature_mse=0.0008, train_acc=0.8089, alpha=0.500, val_acc=0.7679, val_macro_f1=0.5781, val_weighted_f1=0.7456, lr=0.000651, epoch_time=18.16s
  -> New best KD student saved to /users/40370279/csc4006/code/experiments/3__alpha_sweep/checkpoints/student_A05_seed42.pt
[Epoch 021] train_loss=0.3756, train_hard=0.5789, train_soft=0.1394, train_logit_mse=0.5473, train_feature_mse=0.0008, train_acc=0.8086, alpha=0.500, val_acc=0.7569, val_macro_f1=0.5604, val_weighted_f1=0.7311, lr=0.000637, epoch_time=18.03s
[Epoch 022] train_loss=0.3686, train_hard=0.5702, train_soft=0.1350, train_logit_mse=0.5347, train_feature_mse=0.0008, train_acc=0.8111, alpha=0.500, val_acc=0.7550, val_macro_f1=0.5586, val_weighted_f1=0.7295, lr=0.000623, epoch_time=18.06s
[Epoch 023] train_loss=0.3674, train_hard=0.5705, train_soft=0.1327, train_logit_mse=0.5263, train_feature_mse=0.0008, train_acc=0.8102, alpha=0.500, val_acc=0.7563, val_macro_f1=0.5670, val_weighted_f1=0.7354, lr=0.000608, epoch_time=18.00s
[Epoch 024] train_loss=0.3679, train_hard=0.5714, train_soft=0.1328, train_logit_mse=0.5284, train_feature_mse=0.0008, train_acc=0.8084, alpha=0.500, val_acc=0.7575, val_macro_f1=0.5674, val_weighted_f1=0.7315, lr=0.000592, epoch_time=18.04s
[Epoch 025] train_loss=0.3631, train_hard=0.5645, train_soft=0.1301, train_logit_mse=0.5236, train_feature_mse=0.0008, train_acc=0.8155, alpha=0.500, val_acc=0.7648, val_macro_f1=0.5777, val_weighted_f1=0.7465, lr=0.000576, epoch_time=18.05s
[Epoch 026] train_loss=0.3583, train_hard=0.5596, train_soft=0.1262, train_logit_mse=0.5131, train_feature_mse=0.0007, train_acc=0.8135, alpha=0.500, val_acc=0.7666, val_macro_f1=0.5811, val_weighted_f1=0.7438, lr=0.000560, epoch_time=18.11s
  -> New best KD student saved to /users/40370279/csc4006/code/experiments/3__alpha_sweep/checkpoints/student_A05_seed42.pt
[Epoch 027] train_loss=0.3593, train_hard=0.5607, train_soft=0.1268, train_logit_mse=0.5161, train_feature_mse=0.0007, train_acc=0.8160, alpha=0.500, val_acc=0.7544, val_macro_f1=0.5687, val_weighted_f1=0.7307, lr=0.000544, epoch_time=18.04s
[Epoch 028] train_loss=0.3538, train_hard=0.5552, train_soft=0.1221, train_logit_mse=0.5036, train_feature_mse=0.0007, train_acc=0.8152, alpha=0.500, val_acc=0.7660, val_macro_f1=0.5826, val_weighted_f1=0.7463, lr=0.000527, epoch_time=17.93s
  -> New best KD student saved to /users/40370279/csc4006/code/experiments/3__alpha_sweep/checkpoints/student_A05_seed42.pt
[Epoch 029] train_loss=0.3556, train_hard=0.5569, train_soft=0.1237, train_logit_mse=0.5096, train_feature_mse=0.0007, train_acc=0.8148, alpha=0.500, val_acc=0.7575, val_macro_f1=0.5757, val_weighted_f1=0.7345, lr=0.000510, epoch_time=18.07s
[Epoch 030] train_loss=0.3527, train_hard=0.5531, train_soft=0.1218, train_logit_mse=0.5064, train_feature_mse=0.0007, train_acc=0.8184, alpha=0.500, val_acc=0.7532, val_macro_f1=0.5656, val_weighted_f1=0.7280, lr=0.000493, epoch_time=18.07s
[Epoch 031] train_loss=0.3505, train_hard=0.5516, train_soft=0.1197, train_logit_mse=0.4960, train_feature_mse=0.0007, train_acc=0.8192, alpha=0.500, val_acc=0.7611, val_macro_f1=0.5652, val_weighted_f1=0.7365, lr=0.000476, epoch_time=18.00s
[Epoch 032] train_loss=0.3466, train_hard=0.5454, train_soft=0.1180, train_logit_mse=0.4972, train_feature_mse=0.0007, train_acc=0.8204, alpha=0.500, val_acc=0.7575, val_macro_f1=0.5705, val_weighted_f1=0.7352, lr=0.000458, epoch_time=17.97s
[Epoch 033] train_loss=0.3468, train_hard=0.5461, train_soft=0.1180, train_logit_mse=0.4924, train_feature_mse=0.0007, train_acc=0.8223, alpha=0.500, val_acc=0.7685, val_macro_f1=0.5863, val_weighted_f1=0.7496, lr=0.000440, epoch_time=18.01s
  -> New best KD student saved to /users/40370279/csc4006/code/experiments/3__alpha_sweep/checkpoints/student_A05_seed42.pt
[Epoch 034] train_loss=0.3418, train_hard=0.5380, train_soft=0.1160, train_logit_mse=0.4912, train_feature_mse=0.0007, train_acc=0.8223, alpha=0.500, val_acc=0.7648, val_macro_f1=0.5816, val_weighted_f1=0.7451, lr=0.000423, epoch_time=18.14s
[Epoch 035] train_loss=0.3430, train_hard=0.5404, train_soft=0.1162, train_logit_mse=0.4906, train_feature_mse=0.0007, train_acc=0.8203, alpha=0.500, val_acc=0.7721, val_macro_f1=0.5911, val_weighted_f1=0.7531, lr=0.000405, epoch_time=17.97s
  -> New best KD student saved to /users/40370279/csc4006/code/experiments/3__alpha_sweep/checkpoints/student_A05_seed42.pt
[Epoch 036] train_loss=0.3408, train_hard=0.5382, train_soft=0.1139, train_logit_mse=0.4921, train_feature_mse=0.0006, train_acc=0.8209, alpha=0.500, val_acc=0.7569, val_macro_f1=0.5656, val_weighted_f1=0.7306, lr=0.000387, epoch_time=17.96s
[Epoch 037] train_loss=0.3371, train_hard=0.5333, train_soft=0.1120, train_logit_mse=0.4821, train_feature_mse=0.0006, train_acc=0.8232, alpha=0.500, val_acc=0.7636, val_macro_f1=0.5801, val_weighted_f1=0.7414, lr=0.000370, epoch_time=18.04s
[Epoch 038] train_loss=0.3356, train_hard=0.5325, train_soft=0.1101, train_logit_mse=0.4772, train_feature_mse=0.0006, train_acc=0.8228, alpha=0.500, val_acc=0.7630, val_macro_f1=0.5768, val_weighted_f1=0.7410, lr=0.000352, epoch_time=17.80s
[Epoch 039] train_loss=0.3354, train_hard=0.5318, train_soft=0.1102, train_logit_mse=0.4811, train_feature_mse=0.0006, train_acc=0.8251, alpha=0.500, val_acc=0.7666, val_macro_f1=0.6039, val_weighted_f1=0.7497, lr=0.000334, epoch_time=17.94s
  -> New best KD student saved to /users/40370279/csc4006/code/experiments/3__alpha_sweep/checkpoints/student_A05_seed42.pt
[Epoch 040] train_loss=0.3330, train_hard=0.5287, train_soft=0.1087, train_logit_mse=0.4767, train_feature_mse=0.0006, train_acc=0.8266, alpha=0.500, val_acc=0.7703, val_macro_f1=0.5919, val_weighted_f1=0.7516, lr=0.000317, epoch_time=17.97s
[Epoch 041] train_loss=0.3326, train_hard=0.5291, train_soft=0.1078, train_logit_mse=0.4712, train_feature_mse=0.0006, train_acc=0.8263, alpha=0.500, val_acc=0.7648, val_macro_f1=0.5733, val_weighted_f1=0.7424, lr=0.000300, epoch_time=17.99s
[Epoch 042] train_loss=0.3301, train_hard=0.5261, train_soft=0.1058, train_logit_mse=0.4726, train_feature_mse=0.0006, train_acc=0.8247, alpha=0.500, val_acc=0.7642, val_macro_f1=0.5876, val_weighted_f1=0.7424, lr=0.000283, epoch_time=18.06s
[Epoch 043] train_loss=0.3295, train_hard=0.5251, train_soft=0.1058, train_logit_mse=0.4663, train_feature_mse=0.0006, train_acc=0.8253, alpha=0.500, val_acc=0.7648, val_macro_f1=0.5762, val_weighted_f1=0.7438, lr=0.000266, epoch_time=18.01s
[Epoch 044] train_loss=0.3282, train_hard=0.5229, train_soft=0.1054, train_logit_mse=0.4682, train_feature_mse=0.0006, train_acc=0.8284, alpha=0.500, val_acc=0.7611, val_macro_f1=0.5806, val_weighted_f1=0.7387, lr=0.000250, epoch_time=18.07s
[Epoch 045] train_loss=0.3284, train_hard=0.5249, train_soft=0.1041, train_logit_mse=0.4620, train_feature_mse=0.0006, train_acc=0.8252, alpha=0.500, val_acc=0.7673, val_macro_f1=0.5904, val_weighted_f1=0.7478, lr=0.000234, epoch_time=18.00s
[Epoch 046] train_loss=0.3297, train_hard=0.5256, train_soft=0.1058, train_logit_mse=0.4665, train_feature_mse=0.0006, train_acc=0.8257, alpha=0.500, val_acc=0.7685, val_macro_f1=0.6042, val_weighted_f1=0.7507, lr=0.000218, epoch_time=17.99s
  -> New best KD student saved to /users/40370279/csc4006/code/experiments/3__alpha_sweep/checkpoints/student_A05_seed42.pt
[Epoch 047] train_loss=0.3244, train_hard=0.5188, train_soft=0.1023, train_logit_mse=0.4612, train_feature_mse=0.0006, train_acc=0.8287, alpha=0.500, val_acc=0.7660, val_macro_f1=0.5971, val_weighted_f1=0.7472, lr=0.000202, epoch_time=18.09s
[Epoch 048] train_loss=0.3275, train_hard=0.5228, train_soft=0.1041, train_logit_mse=0.4659, train_feature_mse=0.0006, train_acc=0.8268, alpha=0.500, val_acc=0.7636, val_macro_f1=0.5769, val_weighted_f1=0.7414, lr=0.000187, epoch_time=17.87s
[Epoch 049] train_loss=0.3257, train_hard=0.5192, train_soft=0.1043, train_logit_mse=0.4632, train_feature_mse=0.0006, train_acc=0.8267, alpha=0.500, val_acc=0.7660, val_macro_f1=0.5846, val_weighted_f1=0.7448, lr=0.000173, epoch_time=17.99s
[Epoch 050] train_loss=0.3199, train_hard=0.5138, train_soft=0.0988, train_logit_mse=0.4534, train_feature_mse=0.0006, train_acc=0.8341, alpha=0.500, val_acc=0.7673, val_macro_f1=0.6002, val_weighted_f1=0.7497, lr=0.000159, epoch_time=17.99s
[Epoch 051] train_loss=0.3237, train_hard=0.5192, train_soft=0.1008, train_logit_mse=0.4555, train_feature_mse=0.0006, train_acc=0.8288, alpha=0.500, val_acc=0.7697, val_macro_f1=0.6005, val_weighted_f1=0.7508, lr=0.000145, epoch_time=18.10s
[Epoch 052] train_loss=0.3202, train_hard=0.5133, train_soft=0.0999, train_logit_mse=0.4517, train_feature_mse=0.0006, train_acc=0.8319, alpha=0.500, val_acc=0.7648, val_macro_f1=0.6000, val_weighted_f1=0.7452, lr=0.000132, epoch_time=17.95s
[Epoch 053] train_loss=0.3238, train_hard=0.5179, train_soft=0.1020, train_logit_mse=0.4612, train_feature_mse=0.0006, train_acc=0.8311, alpha=0.500, val_acc=0.7636, val_macro_f1=0.5880, val_weighted_f1=0.7434, lr=0.000119, epoch_time=18.00s
[Epoch 054] train_loss=0.3240, train_hard=0.5197, train_soft=0.1010, train_logit_mse=0.4522, train_feature_mse=0.0006, train_acc=0.8301, alpha=0.500, val_acc=0.7673, val_macro_f1=0.5976, val_weighted_f1=0.7482, lr=0.000108, epoch_time=17.93s
[Epoch 055] train_loss=0.3192, train_hard=0.5120, train_soft=0.0993, train_logit_mse=0.4528, train_feature_mse=0.0006, train_acc=0.8324, alpha=0.500, val_acc=0.7709, val_macro_f1=0.6179, val_weighted_f1=0.7536, lr=0.000096, epoch_time=18.05s
  -> New best KD student saved to /users/40370279/csc4006/code/experiments/3__alpha_sweep/checkpoints/student_A05_seed42.pt
[Epoch 056] train_loss=0.3194, train_hard=0.5114, train_soft=0.1001, train_logit_mse=0.4536, train_feature_mse=0.0006, train_acc=0.8316, alpha=0.500, val_acc=0.7666, val_macro_f1=0.5962, val_weighted_f1=0.7465, lr=0.000085, epoch_time=18.03s
[Epoch 057] train_loss=0.3181, train_hard=0.5127, train_soft=0.0968, train_logit_mse=0.4432, train_feature_mse=0.0006, train_acc=0.8290, alpha=0.500, val_acc=0.7691, val_macro_f1=0.6002, val_weighted_f1=0.7494, lr=0.000075, epoch_time=18.14s
[Epoch 058] train_loss=0.3202, train_hard=0.5122, train_soft=0.1008, train_logit_mse=0.4559, train_feature_mse=0.0005, train_acc=0.8324, alpha=0.500, val_acc=0.7660, val_macro_f1=0.5974, val_weighted_f1=0.7470, lr=0.000066, epoch_time=17.98s
[Epoch 059] train_loss=0.3183, train_hard=0.5112, train_soft=0.0981, train_logit_mse=0.4515, train_feature_mse=0.0005, train_acc=0.8315, alpha=0.500, val_acc=0.7666, val_macro_f1=0.5962, val_weighted_f1=0.7468, lr=0.000057, epoch_time=17.95s
[Epoch 060] train_loss=0.3179, train_hard=0.5103, train_soft=0.0984, train_logit_mse=0.4490, train_feature_mse=0.0005, train_acc=0.8328, alpha=0.500, val_acc=0.7673, val_macro_f1=0.5924, val_weighted_f1=0.7468, lr=0.000049, epoch_time=17.97s
[Epoch 061] train_loss=0.3151, train_hard=0.5064, train_soft=0.0971, train_logit_mse=0.4457, train_feature_mse=0.0006, train_acc=0.8323, alpha=0.500, val_acc=0.7703, val_macro_f1=0.6059, val_weighted_f1=0.7520, lr=0.000042, epoch_time=17.98s
[Epoch 062] train_loss=0.3169, train_hard=0.5095, train_soft=0.0974, train_logit_mse=0.4466, train_feature_mse=0.0005, train_acc=0.8315, alpha=0.500, val_acc=0.7721, val_macro_f1=0.6094, val_weighted_f1=0.7550, lr=0.000035, epoch_time=17.95s
[Epoch 063] train_loss=0.3153, train_hard=0.5079, train_soft=0.0959, train_logit_mse=0.4460, train_feature_mse=0.0005, train_acc=0.8312, alpha=0.500, val_acc=0.7703, val_macro_f1=0.6010, val_weighted_f1=0.7513, lr=0.000029, epoch_time=18.09s
[Epoch 064] train_loss=0.3152, train_hard=0.5085, train_soft=0.0951, train_logit_mse=0.4461, train_feature_mse=0.0005, train_acc=0.8348, alpha=0.500, val_acc=0.7691, val_macro_f1=0.5950, val_weighted_f1=0.7488, lr=0.000024, epoch_time=18.05s
[Epoch 065] train_loss=0.3161, train_hard=0.5079, train_soft=0.0974, train_logit_mse=0.4505, train_feature_mse=0.0005, train_acc=0.8300, alpha=0.500, val_acc=0.7666, val_macro_f1=0.5963, val_weighted_f1=0.7462, lr=0.000020, epoch_time=17.91s
[Epoch 066] train_loss=0.3155, train_hard=0.5091, train_soft=0.0953, train_logit_mse=0.4422, train_feature_mse=0.0005, train_acc=0.8313, alpha=0.500, val_acc=0.7709, val_macro_f1=0.6015, val_weighted_f1=0.7515, lr=0.000016, epoch_time=17.94s
[Epoch 067] train_loss=0.3152, train_hard=0.5071, train_soft=0.0967, train_logit_mse=0.4427, train_feature_mse=0.0005, train_acc=0.8332, alpha=0.500, val_acc=0.7685, val_macro_f1=0.5984, val_weighted_f1=0.7491, lr=0.000014, epoch_time=17.99s
[Epoch 068] train_loss=0.3133, train_hard=0.5046, train_soft=0.0951, train_logit_mse=0.4469, train_feature_mse=0.0005, train_acc=0.8326, alpha=0.500, val_acc=0.7685, val_macro_f1=0.5991, val_weighted_f1=0.7500, lr=0.000012, epoch_time=17.98s
[Epoch 069] train_loss=0.3150, train_hard=0.5075, train_soft=0.0957, train_logit_mse=0.4439, train_feature_mse=0.0005, train_acc=0.8330, alpha=0.500, val_acc=0.7673, val_macro_f1=0.5985, val_weighted_f1=0.7483, lr=0.000010, epoch_time=17.92s
[Epoch 070] train_loss=0.3121, train_hard=0.5024, train_soft=0.0952, train_logit_mse=0.4422, train_feature_mse=0.0005, train_acc=0.8326, alpha=0.500, val_acc=0.7691, val_macro_f1=0.5998, val_weighted_f1=0.7500, lr=0.000010, epoch_time=17.93s
Early stopping triggered.
Loaded best KD student checkpoint for final test evaluation.
Best validation macro-F1: 0.6179
Best epoch: 55
Time to best model: 996.79 seconds
Checkpoint size (MB): 0.174
Student size: medium
Teacher used: checkpoints/teacher/teacher_cnn_seed42.pt
Teacher arch: TeacherCNN
Teacher size: large
Checkpoint seed: 42
Test accuracy (KD student): 0.7806
Test macro-F1 (KD student): 0.6170
Test weighted-F1 (KD student): 0.7631
Test classification report:
              precision    recall  f1-score   support

           0       0.79      0.66      0.72       184
           1       0.40      0.11      0.17        56
           2       0.84      0.52      0.65       256
           3       0.79      0.95      0.86       912
           4       0.72      0.65      0.69       242

    accuracy                           0.78      1650
   macro avg       0.71      0.58      0.62      1650
weighted avg       0.77      0.78      0.76      1650

Test confusion matrix:
[[122   0   5  51   6]
 [  3   6   3  39   5]
 [ 13   0 134  82  27]
 [ 10   4   8 868  22]
 [  6   5   9  64 158]]
Inference latency: 1.7878 ms/sample
