Using device: cuda
Seed: 123
Deterministic mode: True
Deterministic warn_only: True
KD hyperparameters: alpha_start=0.700, alpha_end=0.700, temperature=1.00, logit_mse_weight=0.030, feature_mse_weight=0.030, class_weight_gamma=0.00, sampler_power=0.35, label_smoothing=0.000, student_size=medium
Training: batch_size=64, lr=0.0008, epochs=70, patience=15, weight_decay=0.002, grad_clip=1.0, num_workers=2, disable_augmentation=False, use_weighted_sampler=False
Teacher checkpoint path: checkpoints/teacher/teacher_cnn_seed123.pt
Student checkpoint path: /users/40370279/csc4006/code/experiments/3__alpha_sweep/checkpoints/student_A07_seed123.pt
Training set size: 12957
Validation set size: 1637
Test set size: 1650
Number of leads: 12 classes: 5
Classes: ['CD' 'HYP' 'MI' 'NORM' 'STTC']
Trainable parameters (student): 12809
Total parameters (student): 12809
Estimated model size (MB): 0.051
Teacher pooled dim: 896
Student pooled dim: 28
Class weights: [1. 1. 1. 1. 1.]
Training sampler: standard shuffled loader
[Epoch 001] train_loss=1.0190, train_hard=1.0988, train_soft=0.6311, train_logit_mse=1.9899, train_feature_mse=0.0288, train_acc=0.6089, alpha=0.700, val_acc=0.6451, val_macro_f1=0.3229, val_weighted_f1=0.5677, lr=0.000800, epoch_time=19.31s
  -> New best KD student saved to /users/40370279/csc4006/code/experiments/3__alpha_sweep/checkpoints/student_A07_seed123.pt
[Epoch 002] train_loss=0.7784, train_hard=0.8631, train_soft=0.4339, train_logit_mse=1.4507, train_feature_mse=0.0180, train_acc=0.6955, alpha=0.700, val_acc=0.6891, val_macro_f1=0.4407, val_weighted_f1=0.6388, lr=0.000798, epoch_time=18.30s
  -> New best KD student saved to /users/40370279/csc4006/code/experiments/3__alpha_sweep/checkpoints/student_A07_seed123.pt
[Epoch 003] train_loss=0.6891, train_hard=0.7807, train_soft=0.3536, train_logit_mse=1.2065, train_feature_mse=0.0134, train_acc=0.7468, alpha=0.700, val_acc=0.7367, val_macro_f1=0.5233, val_weighted_f1=0.7065, lr=0.000796, epoch_time=18.06s
  -> New best KD student saved to /users/40370279/csc4006/code/experiments/3__alpha_sweep/checkpoints/student_A07_seed123.pt
[Epoch 004] train_loss=0.6310, train_hard=0.7254, train_soft=0.3073, train_logit_mse=1.0243, train_feature_mse=0.0090, train_acc=0.7611, alpha=0.700, val_acc=0.7379, val_macro_f1=0.5229, val_weighted_f1=0.7051, lr=0.000794, epoch_time=18.19s
[Epoch 005] train_loss=0.5960, train_hard=0.6913, train_soft=0.2784, train_logit_mse=0.9455, train_feature_mse=0.0054, train_acc=0.7725, alpha=0.700, val_acc=0.7312, val_macro_f1=0.5098, val_weighted_f1=0.6938, lr=0.000790, epoch_time=18.16s
[Epoch 006] train_loss=0.5745, train_hard=0.6694, train_soft=0.2630, train_logit_mse=0.8974, train_feature_mse=0.0031, train_acc=0.7795, alpha=0.700, val_acc=0.7416, val_macro_f1=0.5361, val_weighted_f1=0.7161, lr=0.000786, epoch_time=18.19s
  -> New best KD student saved to /users/40370279/csc4006/code/experiments/3__alpha_sweep/checkpoints/student_A07_seed123.pt
[Epoch 007] train_loss=0.5585, train_hard=0.6561, train_soft=0.2455, train_logit_mse=0.8496, train_feature_mse=0.0020, train_acc=0.7844, alpha=0.700, val_acc=0.7471, val_macro_f1=0.5363, val_weighted_f1=0.7159, lr=0.000781, epoch_time=18.31s
  -> New best KD student saved to /users/40370279/csc4006/code/experiments/3__alpha_sweep/checkpoints/student_A07_seed123.pt
[Epoch 008] train_loss=0.5473, train_hard=0.6448, train_soft=0.2375, train_logit_mse=0.8218, train_feature_mse=0.0015, train_acc=0.7875, alpha=0.700, val_acc=0.7587, val_macro_f1=0.5570, val_weighted_f1=0.7347, lr=0.000775, epoch_time=18.42s
  -> New best KD student saved to /users/40370279/csc4006/code/experiments/3__alpha_sweep/checkpoints/student_A07_seed123.pt
[Epoch 009] train_loss=0.5371, train_hard=0.6364, train_soft=0.2269, train_logit_mse=0.7833, train_feature_mse=0.0013, train_acc=0.7885, alpha=0.700, val_acc=0.7483, val_macro_f1=0.5467, val_weighted_f1=0.7237, lr=0.000768, epoch_time=18.22s
[Epoch 010] train_loss=0.5272, train_hard=0.6269, train_soft=0.2178, train_logit_mse=0.7668, train_feature_mse=0.0012, train_acc=0.7919, alpha=0.700, val_acc=0.7557, val_macro_f1=0.5490, val_weighted_f1=0.7267, lr=0.000761, epoch_time=18.19s
[Epoch 011] train_loss=0.5136, train_hard=0.6120, train_soft=0.2098, train_logit_mse=0.7414, train_feature_mse=0.0011, train_acc=0.7964, alpha=0.700, val_acc=0.7392, val_macro_f1=0.5224, val_weighted_f1=0.7023, lr=0.000753, epoch_time=18.25s
[Epoch 012] train_loss=0.5119, train_hard=0.6116, train_soft=0.2064, train_logit_mse=0.7287, train_feature_mse=0.0011, train_acc=0.7960, alpha=0.700, val_acc=0.7544, val_macro_f1=0.5436, val_weighted_f1=0.7207, lr=0.000744, epoch_time=18.18s
[Epoch 013] train_loss=0.5025, train_hard=0.6027, train_soft=0.1974, train_logit_mse=0.7100, train_feature_mse=0.0010, train_acc=0.7955, alpha=0.700, val_acc=0.7434, val_macro_f1=0.5314, val_weighted_f1=0.7088, lr=0.000735, epoch_time=18.28s
[Epoch 014] train_loss=0.4979, train_hard=0.5981, train_soft=0.1938, train_logit_mse=0.7019, train_feature_mse=0.0010, train_acc=0.8011, alpha=0.700, val_acc=0.7514, val_macro_f1=0.5392, val_weighted_f1=0.7180, lr=0.000725, epoch_time=18.12s
[Epoch 015] train_loss=0.4942, train_hard=0.5944, train_soft=0.1911, train_logit_mse=0.6941, train_feature_mse=0.0010, train_acc=0.8026, alpha=0.700, val_acc=0.7624, val_macro_f1=0.5634, val_weighted_f1=0.7385, lr=0.000714, epoch_time=18.21s
  -> New best KD student saved to /users/40370279/csc4006/code/experiments/3__alpha_sweep/checkpoints/student_A07_seed123.pt
[Epoch 016] train_loss=0.4920, train_hard=0.5921, train_soft=0.1894, train_logit_mse=0.6883, train_feature_mse=0.0010, train_acc=0.8018, alpha=0.700, val_acc=0.7526, val_macro_f1=0.5429, val_weighted_f1=0.7225, lr=0.000702, epoch_time=18.22s
[Epoch 017] train_loss=0.4868, train_hard=0.5871, train_soft=0.1840, train_logit_mse=0.6845, train_feature_mse=0.0010, train_acc=0.8051, alpha=0.700, val_acc=0.7611, val_macro_f1=0.5601, val_weighted_f1=0.7328, lr=0.000691, epoch_time=18.25s
[Epoch 018] train_loss=0.4774, train_hard=0.5766, train_soft=0.1786, train_logit_mse=0.6746, train_feature_mse=0.0009, train_acc=0.8086, alpha=0.700, val_acc=0.7605, val_macro_f1=0.5611, val_weighted_f1=0.7365, lr=0.000678, epoch_time=18.28s
[Epoch 019] train_loss=0.4768, train_hard=0.5768, train_soft=0.1769, train_logit_mse=0.6643, train_feature_mse=0.0009, train_acc=0.8084, alpha=0.700, val_acc=0.7697, val_macro_f1=0.5842, val_weighted_f1=0.7502, lr=0.000665, epoch_time=18.16s
  -> New best KD student saved to /users/40370279/csc4006/code/experiments/3__alpha_sweep/checkpoints/student_A07_seed123.pt
[Epoch 020] train_loss=0.4706, train_hard=0.5690, train_soft=0.1747, train_logit_mse=0.6634, train_feature_mse=0.0009, train_acc=0.8102, alpha=0.700, val_acc=0.7477, val_macro_f1=0.5380, val_weighted_f1=0.7151, lr=0.000651, epoch_time=18.20s
[Epoch 021] train_loss=0.4690, train_hard=0.5683, train_soft=0.1715, train_logit_mse=0.6578, train_feature_mse=0.0009, train_acc=0.8084, alpha=0.700, val_acc=0.7611, val_macro_f1=0.5661, val_weighted_f1=0.7354, lr=0.000637, epoch_time=18.16s
[Epoch 022] train_loss=0.4638, train_hard=0.5628, train_soft=0.1681, train_logit_mse=0.6461, train_feature_mse=0.0009, train_acc=0.8118, alpha=0.700, val_acc=0.7673, val_macro_f1=0.5763, val_weighted_f1=0.7426, lr=0.000623, epoch_time=18.21s
[Epoch 023] train_loss=0.4586, train_hard=0.5582, train_soft=0.1632, train_logit_mse=0.6312, train_feature_mse=0.0008, train_acc=0.8133, alpha=0.700, val_acc=0.7605, val_macro_f1=0.5700, val_weighted_f1=0.7383, lr=0.000608, epoch_time=18.17s
[Epoch 024] train_loss=0.4592, train_hard=0.5585, train_soft=0.1637, train_logit_mse=0.6377, train_feature_mse=0.0008, train_acc=0.8128, alpha=0.700, val_acc=0.7679, val_macro_f1=0.5745, val_weighted_f1=0.7445, lr=0.000592, epoch_time=18.31s
[Epoch 025] train_loss=0.4558, train_hard=0.5544, train_soft=0.1619, train_logit_mse=0.6362, train_feature_mse=0.0008, train_acc=0.8145, alpha=0.700, val_acc=0.7648, val_macro_f1=0.5659, val_weighted_f1=0.7384, lr=0.000576, epoch_time=18.33s
[Epoch 026] train_loss=0.4517, train_hard=0.5510, train_soft=0.1576, train_logit_mse=0.6232, train_feature_mse=0.0008, train_acc=0.8176, alpha=0.700, val_acc=0.7605, val_macro_f1=0.5655, val_weighted_f1=0.7338, lr=0.000560, epoch_time=18.26s
[Epoch 027] train_loss=0.4501, train_hard=0.5484, train_soft=0.1578, train_logit_mse=0.6280, train_feature_mse=0.0008, train_acc=0.8159, alpha=0.700, val_acc=0.7715, val_macro_f1=0.5883, val_weighted_f1=0.7502, lr=0.000544, epoch_time=18.25s
  -> New best KD student saved to /users/40370279/csc4006/code/experiments/3__alpha_sweep/checkpoints/student_A07_seed123.pt
[Epoch 028] train_loss=0.4439, train_hard=0.5415, train_soft=0.1545, train_logit_mse=0.6147, train_feature_mse=0.0008, train_acc=0.8192, alpha=0.700, val_acc=0.7666, val_macro_f1=0.5802, val_weighted_f1=0.7426, lr=0.000527, epoch_time=18.24s
[Epoch 029] train_loss=0.4475, train_hard=0.5459, train_soft=0.1559, train_logit_mse=0.6195, train_feature_mse=0.0008, train_acc=0.8202, alpha=0.700, val_acc=0.7624, val_macro_f1=0.5640, val_weighted_f1=0.7338, lr=0.000510, epoch_time=18.30s
[Epoch 030] train_loss=0.4424, train_hard=0.5392, train_soft=0.1544, train_logit_mse=0.6196, train_feature_mse=0.0008, train_acc=0.8218, alpha=0.700, val_acc=0.7709, val_macro_f1=0.5809, val_weighted_f1=0.7468, lr=0.000493, epoch_time=18.27s
[Epoch 031] train_loss=0.4378, train_hard=0.5352, train_soft=0.1496, train_logit_mse=0.6104, train_feature_mse=0.0007, train_acc=0.8217, alpha=0.700, val_acc=0.7715, val_macro_f1=0.5870, val_weighted_f1=0.7479, lr=0.000476, epoch_time=18.23s
[Epoch 032] train_loss=0.4364, train_hard=0.5320, train_soft=0.1516, train_logit_mse=0.6160, train_feature_mse=0.0007, train_acc=0.8210, alpha=0.700, val_acc=0.7624, val_macro_f1=0.5627, val_weighted_f1=0.7352, lr=0.000458, epoch_time=18.24s
[Epoch 033] train_loss=0.4393, train_hard=0.5371, train_soft=0.1504, train_logit_mse=0.6070, train_feature_mse=0.0007, train_acc=0.8240, alpha=0.700, val_acc=0.7654, val_macro_f1=0.5843, val_weighted_f1=0.7448, lr=0.000440, epoch_time=18.22s
[Epoch 034] train_loss=0.4372, train_hard=0.5346, train_soft=0.1488, train_logit_mse=0.6088, train_feature_mse=0.0007, train_acc=0.8211, alpha=0.700, val_acc=0.7691, val_macro_f1=0.5824, val_weighted_f1=0.7454, lr=0.000423, epoch_time=18.14s
[Epoch 035] train_loss=0.4333, train_hard=0.5308, train_soft=0.1459, train_logit_mse=0.5984, train_feature_mse=0.0007, train_acc=0.8216, alpha=0.700, val_acc=0.7697, val_macro_f1=0.5826, val_weighted_f1=0.7483, lr=0.000405, epoch_time=18.15s
[Epoch 036] train_loss=0.4278, train_hard=0.5236, train_soft=0.1433, train_logit_mse=0.6071, train_feature_mse=0.0007, train_acc=0.8275, alpha=0.700, val_acc=0.7673, val_macro_f1=0.5795, val_weighted_f1=0.7476, lr=0.000387, epoch_time=18.16s
[Epoch 037] train_loss=0.4264, train_hard=0.5226, train_soft=0.1430, train_logit_mse=0.5893, train_feature_mse=0.0007, train_acc=0.8277, alpha=0.700, val_acc=0.7691, val_macro_f1=0.5827, val_weighted_f1=0.7487, lr=0.000370, epoch_time=18.13s
[Epoch 038] train_loss=0.4289, train_hard=0.5248, train_soft=0.1446, train_logit_mse=0.6049, train_feature_mse=0.0007, train_acc=0.8232, alpha=0.700, val_acc=0.7709, val_macro_f1=0.5795, val_weighted_f1=0.7471, lr=0.000352, epoch_time=18.25s
[Epoch 039] train_loss=0.4258, train_hard=0.5220, train_soft=0.1420, train_logit_mse=0.5920, train_feature_mse=0.0007, train_acc=0.8232, alpha=0.700, val_acc=0.7709, val_macro_f1=0.5857, val_weighted_f1=0.7472, lr=0.000334, epoch_time=18.27s
[Epoch 040] train_loss=0.4289, train_hard=0.5254, train_soft=0.1433, train_logit_mse=0.6032, train_feature_mse=0.0007, train_acc=0.8249, alpha=0.700, val_acc=0.7721, val_macro_f1=0.5900, val_weighted_f1=0.7520, lr=0.000317, epoch_time=18.24s
  -> New best KD student saved to /users/40370279/csc4006/code/experiments/3__alpha_sweep/checkpoints/student_A07_seed123.pt
[Epoch 041] train_loss=0.4222, train_hard=0.5182, train_soft=0.1391, train_logit_mse=0.5896, train_feature_mse=0.0007, train_acc=0.8263, alpha=0.700, val_acc=0.7697, val_macro_f1=0.5858, val_weighted_f1=0.7480, lr=0.000300, epoch_time=18.27s
[Epoch 042] train_loss=0.4215, train_hard=0.5155, train_soft=0.1417, train_logit_mse=0.6042, train_feature_mse=0.0007, train_acc=0.8284, alpha=0.700, val_acc=0.7599, val_macro_f1=0.5721, val_weighted_f1=0.7350, lr=0.000283, epoch_time=18.21s
[Epoch 043] train_loss=0.4191, train_hard=0.5141, train_soft=0.1385, train_logit_mse=0.5904, train_feature_mse=0.0007, train_acc=0.8279, alpha=0.700, val_acc=0.7740, val_macro_f1=0.5935, val_weighted_f1=0.7553, lr=0.000266, epoch_time=18.16s
  -> New best KD student saved to /users/40370279/csc4006/code/experiments/3__alpha_sweep/checkpoints/student_A07_seed123.pt
[Epoch 044] train_loss=0.4199, train_hard=0.5162, train_soft=0.1364, train_logit_mse=0.5852, train_feature_mse=0.0007, train_acc=0.8285, alpha=0.700, val_acc=0.7605, val_macro_f1=0.5663, val_weighted_f1=0.7330, lr=0.000250, epoch_time=18.26s
[Epoch 045] train_loss=0.4186, train_hard=0.5134, train_soft=0.1392, train_logit_mse=0.5819, train_feature_mse=0.0007, train_acc=0.8271, alpha=0.700, val_acc=0.7581, val_macro_f1=0.5671, val_weighted_f1=0.7320, lr=0.000234, epoch_time=18.21s
[Epoch 046] train_loss=0.4151, train_hard=0.5098, train_soft=0.1362, train_logit_mse=0.5780, train_feature_mse=0.0006, train_acc=0.8314, alpha=0.700, val_acc=0.7679, val_macro_f1=0.5863, val_weighted_f1=0.7467, lr=0.000218, epoch_time=18.20s
[Epoch 047] train_loss=0.4142, train_hard=0.5097, train_soft=0.1335, train_logit_mse=0.5768, train_feature_mse=0.0006, train_acc=0.8312, alpha=0.700, val_acc=0.7648, val_macro_f1=0.5768, val_weighted_f1=0.7425, lr=0.000202, epoch_time=18.20s
[Epoch 048] train_loss=0.4143, train_hard=0.5091, train_soft=0.1352, train_logit_mse=0.5792, train_feature_mse=0.0006, train_acc=0.8297, alpha=0.700, val_acc=0.7660, val_macro_f1=0.5796, val_weighted_f1=0.7431, lr=0.000187, epoch_time=18.16s
[Epoch 049] train_loss=0.4116, train_hard=0.5046, train_soft=0.1360, train_logit_mse=0.5864, train_feature_mse=0.0006, train_acc=0.8326, alpha=0.700, val_acc=0.7666, val_macro_f1=0.5746, val_weighted_f1=0.7419, lr=0.000173, epoch_time=18.20s
[Epoch 050] train_loss=0.4072, train_hard=0.5007, train_soft=0.1317, train_logit_mse=0.5712, train_feature_mse=0.0006, train_acc=0.8359, alpha=0.700, val_acc=0.7660, val_macro_f1=0.5761, val_weighted_f1=0.7428, lr=0.000159, epoch_time=18.31s
[Epoch 051] train_loss=0.4085, train_hard=0.5029, train_soft=0.1311, train_logit_mse=0.5707, train_feature_mse=0.0006, train_acc=0.8319, alpha=0.700, val_acc=0.7666, val_macro_f1=0.5775, val_weighted_f1=0.7430, lr=0.000145, epoch_time=18.33s
[Epoch 052] train_loss=0.4077, train_hard=0.5007, train_soft=0.1324, train_logit_mse=0.5825, train_feature_mse=0.0006, train_acc=0.8312, alpha=0.700, val_acc=0.7673, val_macro_f1=0.5806, val_weighted_f1=0.7441, lr=0.000132, epoch_time=18.06s
[Epoch 053] train_loss=0.4087, train_hard=0.5026, train_soft=0.1320, train_logit_mse=0.5734, train_feature_mse=0.0006, train_acc=0.8330, alpha=0.700, val_acc=0.7679, val_macro_f1=0.5878, val_weighted_f1=0.7465, lr=0.000119, epoch_time=18.16s
[Epoch 054] train_loss=0.4030, train_hard=0.4954, train_soft=0.1304, train_logit_mse=0.5698, train_feature_mse=0.0006, train_acc=0.8378, alpha=0.700, val_acc=0.7673, val_macro_f1=0.5694, val_weighted_f1=0.7416, lr=0.000108, epoch_time=18.24s
[Epoch 055] train_loss=0.4094, train_hard=0.5029, train_soft=0.1332, train_logit_mse=0.5773, train_feature_mse=0.0006, train_acc=0.8322, alpha=0.700, val_acc=0.7605, val_macro_f1=0.5675, val_weighted_f1=0.7358, lr=0.000096, epoch_time=18.15s
[Epoch 056] train_loss=0.4060, train_hard=0.4979, train_soft=0.1343, train_logit_mse=0.5736, train_feature_mse=0.0006, train_acc=0.8368, alpha=0.700, val_acc=0.7605, val_macro_f1=0.5679, val_weighted_f1=0.7367, lr=0.000085, epoch_time=18.22s
[Epoch 057] train_loss=0.4049, train_hard=0.4976, train_soft=0.1310, train_logit_mse=0.5765, train_feature_mse=0.0006, train_acc=0.8368, alpha=0.700, val_acc=0.7642, val_macro_f1=0.5741, val_weighted_f1=0.7419, lr=0.000075, epoch_time=18.12s
[Epoch 058] train_loss=0.4033, train_hard=0.4972, train_soft=0.1282, train_logit_mse=0.5607, train_feature_mse=0.0006, train_acc=0.8343, alpha=0.700, val_acc=0.7618, val_macro_f1=0.5653, val_weighted_f1=0.7370, lr=0.000066, epoch_time=18.10s
Early stopping triggered.
Loaded best KD student checkpoint for final test evaluation.
Best validation macro-F1: 0.5935
Best epoch: 43
Time to best model: 785.88 seconds
Checkpoint size (MB): 0.174
Student size: medium
Teacher used: checkpoints/teacher/teacher_cnn_seed123.pt
Teacher arch: TeacherCNN
Teacher size: large
Checkpoint seed: 123
Test accuracy (KD student): 0.7788
Test macro-F1 (KD student): 0.5992
Test weighted-F1 (KD student): 0.7610
Test classification report:
              precision    recall  f1-score   support

           0       0.74      0.71      0.73       184
           1       0.29      0.04      0.06        56
           2       0.78      0.55      0.65       256
           3       0.80      0.93      0.86       912
           4       0.73      0.68      0.70       242

    accuracy                           0.78      1650
   macro avg       0.67      0.58      0.60      1650
weighted avg       0.76      0.78      0.76      1650

Test confusion matrix:
[[131   0   6  42   5]
 [  4   2   3  38   9]
 [ 14   0 141  76  25]
 [ 20   3  19 847  23]
 [  8   2  11  57 164]]
Inference latency: 1.5316 ms/sample
