Using device: cuda
Seed: 999
Deterministic mode: True
Deterministic warn_only: True
KD hyperparameters: alpha_start=0.700, alpha_end=0.700, temperature=1.00, logit_mse_weight=0.030, feature_mse_weight=0.030, class_weight_gamma=0.00, sampler_power=0.35, label_smoothing=0.000, student_size=medium
Training: batch_size=64, lr=0.0008, epochs=70, patience=15, weight_decay=0.002, grad_clip=1.0, num_workers=2, disable_augmentation=False, use_weighted_sampler=False
Teacher checkpoint path: checkpoints/teacher/teacher_cnn_seed999.pt
Student checkpoint path: /users/40370279/csc4006/code/experiments/3__alpha_sweep/checkpoints/student_A07_seed999.pt
Training set size: 12957
Validation set size: 1637
Test set size: 1650
Number of leads: 12 classes: 5
Classes: ['CD' 'HYP' 'MI' 'NORM' 'STTC']
Trainable parameters (student): 12809
Total parameters (student): 12809
Estimated model size (MB): 0.051
Teacher pooled dim: 896
Student pooled dim: 28
Class weights: [1. 1. 1. 1. 1.]
Training sampler: standard shuffled loader
[Epoch 001] train_loss=1.0533, train_hard=1.0842, train_soft=0.7277, train_logit_mse=2.5029, train_feature_mse=0.0322, train_acc=0.6037, alpha=0.700, val_acc=0.6817, val_macro_f1=0.4189, val_weighted_f1=0.6327, lr=0.000800, epoch_time=20.37s
  -> New best KD student saved to /users/40370279/csc4006/code/experiments/3__alpha_sweep/checkpoints/student_A07_seed999.pt
[Epoch 002] train_loss=0.8190, train_hard=0.8629, train_soft=0.5265, train_logit_mse=1.8805, train_feature_mse=0.0205, train_acc=0.6968, alpha=0.700, val_acc=0.7068, val_macro_f1=0.4575, val_weighted_f1=0.6684, lr=0.000798, epoch_time=19.05s
  -> New best KD student saved to /users/40370279/csc4006/code/experiments/3__alpha_sweep/checkpoints/student_A07_seed999.pt
[Epoch 003] train_loss=0.7174, train_hard=0.7690, train_soft=0.4370, train_logit_mse=1.5835, train_feature_mse=0.0150, train_acc=0.7425, alpha=0.700, val_acc=0.7257, val_macro_f1=0.5110, val_weighted_f1=0.6968, lr=0.000796, epoch_time=19.28s
  -> New best KD student saved to /users/40370279/csc4006/code/experiments/3__alpha_sweep/checkpoints/student_A07_seed999.pt
[Epoch 004] train_loss=0.6648, train_hard=0.7216, train_soft=0.3909, train_logit_mse=1.4068, train_feature_mse=0.0079, train_acc=0.7624, alpha=0.700, val_acc=0.7410, val_macro_f1=0.5373, val_weighted_f1=0.7201, lr=0.000794, epoch_time=19.27s
  -> New best KD student saved to /users/40370279/csc4006/code/experiments/3__alpha_sweep/checkpoints/student_A07_seed999.pt
[Epoch 005] train_loss=0.6357, train_hard=0.6950, train_soft=0.3656, train_logit_mse=1.3126, train_feature_mse=0.0044, train_acc=0.7679, alpha=0.700, val_acc=0.7385, val_macro_f1=0.5244, val_weighted_f1=0.7074, lr=0.000790, epoch_time=19.08s
[Epoch 006] train_loss=0.6174, train_hard=0.6800, train_soft=0.3467, train_logit_mse=1.2456, train_feature_mse=0.0026, train_acc=0.7751, alpha=0.700, val_acc=0.7581, val_macro_f1=0.5580, val_weighted_f1=0.7359, lr=0.000786, epoch_time=19.01s
  -> New best KD student saved to /users/40370279/csc4006/code/experiments/3__alpha_sweep/checkpoints/student_A07_seed999.pt
[Epoch 007] train_loss=0.6037, train_hard=0.6674, train_soft=0.3345, train_logit_mse=1.2058, train_feature_mse=0.0018, train_acc=0.7805, alpha=0.700, val_acc=0.7459, val_macro_f1=0.5305, val_weighted_f1=0.7113, lr=0.000781, epoch_time=19.10s
[Epoch 008] train_loss=0.5828, train_hard=0.6454, train_soft=0.3213, train_logit_mse=1.1546, train_feature_mse=0.0014, train_acc=0.7870, alpha=0.700, val_acc=0.7502, val_macro_f1=0.5431, val_weighted_f1=0.7212, lr=0.000775, epoch_time=19.18s
[Epoch 009] train_loss=0.5694, train_hard=0.6346, train_soft=0.3065, train_logit_mse=1.1080, train_feature_mse=0.0013, train_acc=0.7933, alpha=0.700, val_acc=0.7715, val_macro_f1=0.5818, val_weighted_f1=0.7526, lr=0.000768, epoch_time=19.10s
  -> New best KD student saved to /users/40370279/csc4006/code/experiments/3__alpha_sweep/checkpoints/student_A07_seed999.pt
[Epoch 010] train_loss=0.5607, train_hard=0.6258, train_soft=0.2996, train_logit_mse=1.0900, train_feature_mse=0.0012, train_acc=0.7939, alpha=0.700, val_acc=0.7605, val_macro_f1=0.5567, val_weighted_f1=0.7320, lr=0.000761, epoch_time=19.10s
[Epoch 011] train_loss=0.5559, train_hard=0.6224, train_soft=0.2936, train_logit_mse=1.0695, train_feature_mse=0.0012, train_acc=0.7943, alpha=0.700, val_acc=0.7581, val_macro_f1=0.5542, val_weighted_f1=0.7269, lr=0.000753, epoch_time=19.10s
[Epoch 012] train_loss=0.5448, train_hard=0.6109, train_soft=0.2854, train_logit_mse=1.0499, train_feature_mse=0.0012, train_acc=0.7980, alpha=0.700, val_acc=0.7557, val_macro_f1=0.5541, val_weighted_f1=0.7299, lr=0.000744, epoch_time=19.07s
[Epoch 013] train_loss=0.5415, train_hard=0.6097, train_soft=0.2790, train_logit_mse=1.0331, train_feature_mse=0.0011, train_acc=0.7997, alpha=0.700, val_acc=0.7642, val_macro_f1=0.5663, val_weighted_f1=0.7398, lr=0.000735, epoch_time=19.18s
[Epoch 014] train_loss=0.5357, train_hard=0.6054, train_soft=0.2726, train_logit_mse=1.0044, train_feature_mse=0.0011, train_acc=0.7996, alpha=0.700, val_acc=0.7673, val_macro_f1=0.5684, val_weighted_f1=0.7417, lr=0.000725, epoch_time=19.16s
[Epoch 015] train_loss=0.5293, train_hard=0.5990, train_soft=0.2669, train_logit_mse=0.9963, train_feature_mse=0.0011, train_acc=0.7983, alpha=0.700, val_acc=0.7477, val_macro_f1=0.5413, val_weighted_f1=0.7151, lr=0.000714, epoch_time=19.09s
[Epoch 016] train_loss=0.5215, train_hard=0.5908, train_soft=0.2616, train_logit_mse=0.9828, train_feature_mse=0.0011, train_acc=0.8043, alpha=0.700, val_acc=0.7618, val_macro_f1=0.5634, val_weighted_f1=0.7371, lr=0.000702, epoch_time=19.08s
[Epoch 017] train_loss=0.5153, train_hard=0.5853, train_soft=0.2551, train_logit_mse=0.9686, train_feature_mse=0.0010, train_acc=0.8055, alpha=0.700, val_acc=0.7715, val_macro_f1=0.5718, val_weighted_f1=0.7441, lr=0.000691, epoch_time=19.15s
[Epoch 018] train_loss=0.5126, train_hard=0.5827, train_soft=0.2534, train_logit_mse=0.9559, train_feature_mse=0.0010, train_acc=0.8067, alpha=0.700, val_acc=0.7605, val_macro_f1=0.5722, val_weighted_f1=0.7437, lr=0.000678, epoch_time=19.19s
[Epoch 019] train_loss=0.5081, train_hard=0.5787, train_soft=0.2478, train_logit_mse=0.9533, train_feature_mse=0.0010, train_acc=0.8105, alpha=0.700, val_acc=0.7654, val_macro_f1=0.5610, val_weighted_f1=0.7380, lr=0.000665, epoch_time=19.19s
[Epoch 020] train_loss=0.5070, train_hard=0.5776, train_soft=0.2474, train_logit_mse=0.9472, train_feature_mse=0.0010, train_acc=0.8097, alpha=0.700, val_acc=0.7679, val_macro_f1=0.5795, val_weighted_f1=0.7499, lr=0.000651, epoch_time=19.16s
[Epoch 021] train_loss=0.5016, train_hard=0.5729, train_soft=0.2413, train_logit_mse=0.9375, train_feature_mse=0.0010, train_acc=0.8135, alpha=0.700, val_acc=0.7636, val_macro_f1=0.5773, val_weighted_f1=0.7423, lr=0.000637, epoch_time=19.22s
[Epoch 022] train_loss=0.5003, train_hard=0.5726, train_soft=0.2391, train_logit_mse=0.9229, train_feature_mse=0.0010, train_acc=0.8124, alpha=0.700, val_acc=0.7550, val_macro_f1=0.5641, val_weighted_f1=0.7289, lr=0.000623, epoch_time=19.04s
[Epoch 023] train_loss=0.4929, train_hard=0.5649, train_soft=0.2335, train_logit_mse=0.9121, train_feature_mse=0.0010, train_acc=0.8138, alpha=0.700, val_acc=0.7581, val_macro_f1=0.5628, val_weighted_f1=0.7339, lr=0.000608, epoch_time=19.31s
[Epoch 024] train_loss=0.4886, train_hard=0.5593, train_soft=0.2329, train_logit_mse=0.9056, train_feature_mse=0.0010, train_acc=0.8144, alpha=0.700, val_acc=0.7666, val_macro_f1=0.5685, val_weighted_f1=0.7415, lr=0.000592, epoch_time=19.12s
Early stopping triggered.
Loaded best KD student checkpoint for final test evaluation.
Best validation macro-F1: 0.5818
Best epoch: 9
Time to best model: 173.73 seconds
Checkpoint size (MB): 0.174
Student size: medium
Teacher used: checkpoints/teacher/teacher_cnn_seed999.pt
Teacher arch: TeacherCNN
Teacher size: large
Checkpoint seed: 999
Test accuracy (KD student): 0.7782
Test macro-F1 (KD student): 0.5869
Test weighted-F1 (KD student): 0.7600
Test classification report:
              precision    recall  f1-score   support

           0       0.79      0.64      0.70       184
           1       0.00      0.00      0.00        56
           2       0.72      0.64      0.68       256
           3       0.81      0.92      0.86       912
           4       0.70      0.68      0.69       242

    accuracy                           0.78      1650
   macro avg       0.60      0.58      0.59      1650
weighted avg       0.75      0.78      0.76      1650

Test confusion matrix:
[[117   0  11  46  10]
 [  3   0   5  41   7]
 [  8   0 164  62  22]
 [ 16   0  27 838  31]
 [  4   0  20  53 165]]
Inference latency: 1.5297 ms/sample
