Using device: cuda
Seed: 123
Deterministic mode: True
Deterministic warn_only: True
KD hyperparameters: alpha_start=0.900, alpha_end=0.900, temperature=1.00, logit_mse_weight=0.030, feature_mse_weight=0.030, class_weight_gamma=0.00, sampler_power=0.35, label_smoothing=0.000, student_size=medium
Training: batch_size=64, lr=0.0008, epochs=70, patience=15, weight_decay=0.002, grad_clip=1.0, num_workers=2, disable_augmentation=False, use_weighted_sampler=False
Teacher checkpoint path: checkpoints/teacher/teacher_cnn_seed123.pt
Student checkpoint path: /users/40370279/csc4006/code/experiments/3__alpha_sweep/checkpoints/student_A09_seed123.pt
Training set size: 12957
Validation set size: 1637
Test set size: 1650
Number of leads: 12 classes: 5
Classes: ['CD' 'HYP' 'MI' 'NORM' 'STTC']
Trainable parameters (student): 12809
Total parameters (student): 12809
Estimated model size (MB): 0.051
Teacher pooled dim: 896
Student pooled dim: 28
Class weights: [1. 1. 1. 1. 1.]
Training sampler: standard shuffled loader
[Epoch 001] train_loss=1.1166, train_hard=1.1006, train_soft=0.6423, train_logit_mse=2.0293, train_feature_mse=0.0289, train_acc=0.6056, alpha=0.900, val_acc=0.6384, val_macro_f1=0.3087, val_weighted_f1=0.5539, lr=0.000800, epoch_time=18.91s
  -> New best KD student saved to /users/40370279/csc4006/code/experiments/3__alpha_sweep/checkpoints/student_A09_seed123.pt
[Epoch 002] train_loss=0.8718, train_hard=0.8673, train_soft=0.4526, train_logit_mse=1.5163, train_feature_mse=0.0179, train_acc=0.6924, alpha=0.900, val_acc=0.6848, val_macro_f1=0.4331, val_weighted_f1=0.6341, lr=0.000798, epoch_time=17.97s
  -> New best KD student saved to /users/40370279/csc4006/code/experiments/3__alpha_sweep/checkpoints/student_A09_seed123.pt
[Epoch 003] train_loss=0.7903, train_hard=0.7921, train_soft=0.3805, train_logit_mse=1.2992, train_feature_mse=0.0131, train_acc=0.7332, alpha=0.900, val_acc=0.7294, val_macro_f1=0.5159, val_weighted_f1=0.6974, lr=0.000796, epoch_time=17.82s
  -> New best KD student saved to /users/40370279/csc4006/code/experiments/3__alpha_sweep/checkpoints/student_A09_seed123.pt
[Epoch 004] train_loss=0.7239, train_hard=0.7312, train_soft=0.3278, train_logit_mse=1.0944, train_feature_mse=0.0089, train_acc=0.7580, alpha=0.900, val_acc=0.7214, val_macro_f1=0.4956, val_weighted_f1=0.6796, lr=0.000794, epoch_time=17.89s
[Epoch 005] train_loss=0.6833, train_hard=0.6927, train_soft=0.2968, train_logit_mse=1.0013, train_feature_mse=0.0052, train_acc=0.7691, alpha=0.900, val_acc=0.7379, val_macro_f1=0.5197, val_weighted_f1=0.7043, lr=0.000790, epoch_time=17.88s
  -> New best KD student saved to /users/40370279/csc4006/code/experiments/3__alpha_sweep/checkpoints/student_A09_seed123.pt
[Epoch 006] train_loss=0.6625, train_hard=0.6725, train_soft=0.2844, train_logit_mse=0.9593, train_feature_mse=0.0030, train_acc=0.7754, alpha=0.900, val_acc=0.7434, val_macro_f1=0.5327, val_weighted_f1=0.7144, lr=0.000786, epoch_time=17.91s
  -> New best KD student saved to /users/40370279/csc4006/code/experiments/3__alpha_sweep/checkpoints/student_A09_seed123.pt
[Epoch 007] train_loss=0.6484, train_hard=0.6598, train_soft=0.2701, train_logit_mse=0.9188, train_feature_mse=0.0020, train_acc=0.7839, alpha=0.900, val_acc=0.7330, val_macro_f1=0.5211, val_weighted_f1=0.7007, lr=0.000781, epoch_time=17.75s
[Epoch 008] train_loss=0.6382, train_hard=0.6498, train_soft=0.2647, train_logit_mse=0.8961, train_feature_mse=0.0014, train_acc=0.7884, alpha=0.900, val_acc=0.7538, val_macro_f1=0.5465, val_weighted_f1=0.7261, lr=0.000775, epoch_time=17.88s
  -> New best KD student saved to /users/40370279/csc4006/code/experiments/3__alpha_sweep/checkpoints/student_A09_seed123.pt
[Epoch 009] train_loss=0.6312, train_hard=0.6440, train_soft=0.2571, train_logit_mse=0.8629, train_feature_mse=0.0013, train_acc=0.7854, alpha=0.900, val_acc=0.7453, val_macro_f1=0.5416, val_weighted_f1=0.7202, lr=0.000768, epoch_time=17.76s
[Epoch 010] train_loss=0.6212, train_hard=0.6339, train_soft=0.2503, train_logit_mse=0.8520, train_feature_mse=0.0012, train_acc=0.7912, alpha=0.900, val_acc=0.7605, val_macro_f1=0.5596, val_weighted_f1=0.7344, lr=0.000761, epoch_time=17.76s
  -> New best KD student saved to /users/40370279/csc4006/code/experiments/3__alpha_sweep/checkpoints/student_A09_seed123.pt
[Epoch 011] train_loss=0.6066, train_hard=0.6192, train_soft=0.2441, train_logit_mse=0.8288, train_feature_mse=0.0011, train_acc=0.7913, alpha=0.900, val_acc=0.7502, val_macro_f1=0.5394, val_weighted_f1=0.7176, lr=0.000753, epoch_time=17.87s
[Epoch 012] train_loss=0.6084, train_hard=0.6220, train_soft=0.2408, train_logit_mse=0.8181, train_feature_mse=0.0011, train_acc=0.7926, alpha=0.900, val_acc=0.7544, val_macro_f1=0.5443, val_weighted_f1=0.7212, lr=0.000744, epoch_time=17.75s
[Epoch 013] train_loss=0.5979, train_hard=0.6117, train_soft=0.2332, train_logit_mse=0.8008, train_feature_mse=0.0011, train_acc=0.7969, alpha=0.900, val_acc=0.7459, val_macro_f1=0.5354, val_weighted_f1=0.7139, lr=0.000735, epoch_time=18.00s
[Epoch 014] train_loss=0.5956, train_hard=0.6095, train_soft=0.2311, train_logit_mse=0.7981, train_feature_mse=0.0010, train_acc=0.7977, alpha=0.900, val_acc=0.7593, val_macro_f1=0.5551, val_weighted_f1=0.7332, lr=0.000725, epoch_time=17.67s
[Epoch 015] train_loss=0.5900, train_hard=0.6039, train_soft=0.2270, train_logit_mse=0.7893, train_feature_mse=0.0010, train_acc=0.7989, alpha=0.900, val_acc=0.7605, val_macro_f1=0.5689, val_weighted_f1=0.7405, lr=0.000714, epoch_time=17.78s
  -> New best KD student saved to /users/40370279/csc4006/code/experiments/3__alpha_sweep/checkpoints/student_A09_seed123.pt
[Epoch 016] train_loss=0.5881, train_hard=0.6023, train_soft=0.2263, train_logit_mse=0.7788, train_feature_mse=0.0010, train_acc=0.7980, alpha=0.900, val_acc=0.7557, val_macro_f1=0.5459, val_weighted_f1=0.7254, lr=0.000702, epoch_time=17.85s
[Epoch 017] train_loss=0.5837, train_hard=0.5982, train_soft=0.2218, train_logit_mse=0.7711, train_feature_mse=0.0010, train_acc=0.8019, alpha=0.900, val_acc=0.7483, val_macro_f1=0.5544, val_weighted_f1=0.7259, lr=0.000691, epoch_time=17.72s
[Epoch 018] train_loss=0.5745, train_hard=0.5895, train_soft=0.2135, train_logit_mse=0.7526, train_feature_mse=0.0009, train_acc=0.8054, alpha=0.900, val_acc=0.7532, val_macro_f1=0.5484, val_weighted_f1=0.7256, lr=0.000678, epoch_time=17.74s
[Epoch 019] train_loss=0.5723, train_hard=0.5874, train_soft=0.2118, train_logit_mse=0.7446, train_feature_mse=0.0009, train_acc=0.8057, alpha=0.900, val_acc=0.7599, val_macro_f1=0.5672, val_weighted_f1=0.7390, lr=0.000665, epoch_time=17.75s
[Epoch 020] train_loss=0.5660, train_hard=0.5809, train_soft=0.2084, train_logit_mse=0.7449, train_feature_mse=0.0009, train_acc=0.8072, alpha=0.900, val_acc=0.7593, val_macro_f1=0.5555, val_weighted_f1=0.7298, lr=0.000651, epoch_time=17.88s
[Epoch 021] train_loss=0.5652, train_hard=0.5802, train_soft=0.2074, train_logit_mse=0.7427, train_feature_mse=0.0009, train_acc=0.8040, alpha=0.900, val_acc=0.7581, val_macro_f1=0.5544, val_weighted_f1=0.7306, lr=0.000637, epoch_time=17.72s
[Epoch 022] train_loss=0.5575, train_hard=0.5728, train_soft=0.2018, train_logit_mse=0.7276, train_feature_mse=0.0009, train_acc=0.8061, alpha=0.900, val_acc=0.7605, val_macro_f1=0.5607, val_weighted_f1=0.7336, lr=0.000623, epoch_time=17.85s
[Epoch 023] train_loss=0.5523, train_hard=0.5675, train_soft=0.1998, train_logit_mse=0.7179, train_feature_mse=0.0009, train_acc=0.8074, alpha=0.900, val_acc=0.7550, val_macro_f1=0.5569, val_weighted_f1=0.7312, lr=0.000608, epoch_time=17.85s
[Epoch 024] train_loss=0.5530, train_hard=0.5685, train_soft=0.1975, train_logit_mse=0.7178, train_feature_mse=0.0009, train_acc=0.8101, alpha=0.900, val_acc=0.7587, val_macro_f1=0.5656, val_weighted_f1=0.7379, lr=0.000592, epoch_time=17.91s
[Epoch 025] train_loss=0.5489, train_hard=0.5645, train_soft=0.1938, train_logit_mse=0.7133, train_feature_mse=0.0009, train_acc=0.8118, alpha=0.900, val_acc=0.7514, val_macro_f1=0.5464, val_weighted_f1=0.7228, lr=0.000576, epoch_time=18.00s
[Epoch 026] train_loss=0.5434, train_hard=0.5594, train_soft=0.1881, train_logit_mse=0.7032, train_feature_mse=0.0009, train_acc=0.8140, alpha=0.900, val_acc=0.7618, val_macro_f1=0.5611, val_weighted_f1=0.7337, lr=0.000560, epoch_time=17.74s
[Epoch 027] train_loss=0.5415, train_hard=0.5568, train_soft=0.1904, train_logit_mse=0.7109, train_feature_mse=0.0009, train_acc=0.8112, alpha=0.900, val_acc=0.7611, val_macro_f1=0.5644, val_weighted_f1=0.7381, lr=0.000544, epoch_time=17.99s
[Epoch 028] train_loss=0.5355, train_hard=0.5511, train_soft=0.1866, train_logit_mse=0.6926, train_feature_mse=0.0008, train_acc=0.8166, alpha=0.900, val_acc=0.7679, val_macro_f1=0.5728, val_weighted_f1=0.7432, lr=0.000527, epoch_time=17.81s
  -> New best KD student saved to /users/40370279/csc4006/code/experiments/3__alpha_sweep/checkpoints/student_A09_seed123.pt
[Epoch 029] train_loss=0.5369, train_hard=0.5527, train_soft=0.1866, train_logit_mse=0.6954, train_feature_mse=0.0008, train_acc=0.8176, alpha=0.900, val_acc=0.7520, val_macro_f1=0.5453, val_weighted_f1=0.7215, lr=0.000510, epoch_time=17.84s
[Epoch 030] train_loss=0.5301, train_hard=0.5449, train_soft=0.1859, train_logit_mse=0.7025, train_feature_mse=0.0008, train_acc=0.8176, alpha=0.900, val_acc=0.7569, val_macro_f1=0.5612, val_weighted_f1=0.7339, lr=0.000493, epoch_time=17.85s
[Epoch 031] train_loss=0.5274, train_hard=0.5428, train_soft=0.1827, train_logit_mse=0.6890, train_feature_mse=0.0008, train_acc=0.8200, alpha=0.900, val_acc=0.7642, val_macro_f1=0.5714, val_weighted_f1=0.7413, lr=0.000476, epoch_time=17.82s
[Epoch 032] train_loss=0.5250, train_hard=0.5399, train_soft=0.1829, train_logit_mse=0.6954, train_feature_mse=0.0008, train_acc=0.8216, alpha=0.900, val_acc=0.7611, val_macro_f1=0.5614, val_weighted_f1=0.7347, lr=0.000458, epoch_time=18.01s
[Epoch 033] train_loss=0.5273, train_hard=0.5428, train_soft=0.1812, train_logit_mse=0.6871, train_feature_mse=0.0008, train_acc=0.8196, alpha=0.900, val_acc=0.7642, val_macro_f1=0.5693, val_weighted_f1=0.7411, lr=0.000440, epoch_time=17.73s
[Epoch 034] train_loss=0.5255, train_hard=0.5408, train_soft=0.1813, train_logit_mse=0.6888, train_feature_mse=0.0008, train_acc=0.8196, alpha=0.900, val_acc=0.7624, val_macro_f1=0.5647, val_weighted_f1=0.7374, lr=0.000423, epoch_time=17.76s
[Epoch 035] train_loss=0.5227, train_hard=0.5383, train_soft=0.1778, train_logit_mse=0.6797, train_feature_mse=0.0008, train_acc=0.8177, alpha=0.900, val_acc=0.7605, val_macro_f1=0.5686, val_weighted_f1=0.7382, lr=0.000405, epoch_time=17.73s
[Epoch 036] train_loss=0.5129, train_hard=0.5278, train_soft=0.1734, train_logit_mse=0.6849, train_feature_mse=0.0008, train_acc=0.8230, alpha=0.900, val_acc=0.7636, val_macro_f1=0.5693, val_weighted_f1=0.7414, lr=0.000387, epoch_time=17.77s
[Epoch 037] train_loss=0.5125, train_hard=0.5279, train_soft=0.1732, train_logit_mse=0.6687, train_feature_mse=0.0008, train_acc=0.8215, alpha=0.900, val_acc=0.7630, val_macro_f1=0.5680, val_weighted_f1=0.7395, lr=0.000370, epoch_time=17.84s
[Epoch 038] train_loss=0.5169, train_hard=0.5318, train_soft=0.1765, train_logit_mse=0.6866, train_feature_mse=0.0008, train_acc=0.8212, alpha=0.900, val_acc=0.7709, val_macro_f1=0.5762, val_weighted_f1=0.7473, lr=0.000352, epoch_time=17.79s
  -> New best KD student saved to /users/40370279/csc4006/code/experiments/3__alpha_sweep/checkpoints/student_A09_seed123.pt
[Epoch 039] train_loss=0.5129, train_hard=0.5282, train_soft=0.1736, train_logit_mse=0.6728, train_feature_mse=0.0008, train_acc=0.8202, alpha=0.900, val_acc=0.7660, val_macro_f1=0.5699, val_weighted_f1=0.7414, lr=0.000334, epoch_time=17.89s
[Epoch 040] train_loss=0.5146, train_hard=0.5299, train_soft=0.1731, train_logit_mse=0.6778, train_feature_mse=0.0007, train_acc=0.8233, alpha=0.900, val_acc=0.7569, val_macro_f1=0.5598, val_weighted_f1=0.7342, lr=0.000317, epoch_time=17.86s
[Epoch 041] train_loss=0.5109, train_hard=0.5264, train_soft=0.1714, train_logit_mse=0.6655, train_feature_mse=0.0007, train_acc=0.8226, alpha=0.900, val_acc=0.7685, val_macro_f1=0.5742, val_weighted_f1=0.7453, lr=0.000300, epoch_time=17.83s
[Epoch 042] train_loss=0.5068, train_hard=0.5211, train_soft=0.1721, train_logit_mse=0.6870, train_feature_mse=0.0007, train_acc=0.8260, alpha=0.900, val_acc=0.7618, val_macro_f1=0.5633, val_weighted_f1=0.7370, lr=0.000283, epoch_time=17.75s
[Epoch 043] train_loss=0.5027, train_hard=0.5175, train_soft=0.1684, train_logit_mse=0.6682, train_feature_mse=0.0007, train_acc=0.8243, alpha=0.900, val_acc=0.7660, val_macro_f1=0.5729, val_weighted_f1=0.7439, lr=0.000266, epoch_time=17.80s
[Epoch 044] train_loss=0.5025, train_hard=0.5171, train_soft=0.1673, train_logit_mse=0.6796, train_feature_mse=0.0007, train_acc=0.8271, alpha=0.900, val_acc=0.7636, val_macro_f1=0.5595, val_weighted_f1=0.7329, lr=0.000250, epoch_time=17.89s
[Epoch 045] train_loss=0.5030, train_hard=0.5175, train_soft=0.1712, train_logit_mse=0.6702, train_feature_mse=0.0007, train_acc=0.8284, alpha=0.900, val_acc=0.7642, val_macro_f1=0.5660, val_weighted_f1=0.7388, lr=0.000234, epoch_time=17.81s
[Epoch 046] train_loss=0.5004, train_hard=0.5149, train_soft=0.1693, train_logit_mse=0.6678, train_feature_mse=0.0007, train_acc=0.8293, alpha=0.900, val_acc=0.7673, val_macro_f1=0.5752, val_weighted_f1=0.7454, lr=0.000218, epoch_time=17.83s
[Epoch 047] train_loss=0.4974, train_hard=0.5125, train_soft=0.1643, train_logit_mse=0.6567, train_feature_mse=0.0007, train_acc=0.8291, alpha=0.900, val_acc=0.7679, val_macro_f1=0.5742, val_weighted_f1=0.7441, lr=0.000202, epoch_time=17.92s
[Epoch 048] train_loss=0.4952, train_hard=0.5095, train_soft=0.1660, train_logit_mse=0.6672, train_feature_mse=0.0007, train_acc=0.8294, alpha=0.900, val_acc=0.7703, val_macro_f1=0.5752, val_weighted_f1=0.7462, lr=0.000187, epoch_time=17.96s
[Epoch 049] train_loss=0.4927, train_hard=0.5067, train_soft=0.1665, train_logit_mse=0.6673, train_feature_mse=0.0007, train_acc=0.8297, alpha=0.900, val_acc=0.7587, val_macro_f1=0.5622, val_weighted_f1=0.7337, lr=0.000173, epoch_time=17.85s
[Epoch 050] train_loss=0.4874, train_hard=0.5014, train_soft=0.1635, train_logit_mse=0.6610, train_feature_mse=0.0007, train_acc=0.8319, alpha=0.900, val_acc=0.7691, val_macro_f1=0.5764, val_weighted_f1=0.7455, lr=0.000159, epoch_time=17.89s
  -> New best KD student saved to /users/40370279/csc4006/code/experiments/3__alpha_sweep/checkpoints/student_A09_seed123.pt
[Epoch 051] train_loss=0.4916, train_hard=0.5065, train_soft=0.1606, train_logit_mse=0.6541, train_feature_mse=0.0007, train_acc=0.8309, alpha=0.900, val_acc=0.7654, val_macro_f1=0.5684, val_weighted_f1=0.7395, lr=0.000145, epoch_time=17.83s
[Epoch 052] train_loss=0.4877, train_hard=0.5014, train_soft=0.1630, train_logit_mse=0.6727, train_feature_mse=0.0007, train_acc=0.8300, alpha=0.900, val_acc=0.7721, val_macro_f1=0.5784, val_weighted_f1=0.7486, lr=0.000132, epoch_time=17.71s
  -> New best KD student saved to /users/40370279/csc4006/code/experiments/3__alpha_sweep/checkpoints/student_A09_seed123.pt
[Epoch 053] train_loss=0.4884, train_hard=0.5026, train_soft=0.1616, train_logit_mse=0.6608, train_feature_mse=0.0007, train_acc=0.8321, alpha=0.900, val_acc=0.7660, val_macro_f1=0.5736, val_weighted_f1=0.7432, lr=0.000119, epoch_time=17.91s
[Epoch 054] train_loss=0.4833, train_hard=0.4972, train_soft=0.1601, train_logit_mse=0.6585, train_feature_mse=0.0007, train_acc=0.8339, alpha=0.900, val_acc=0.7703, val_macro_f1=0.5776, val_weighted_f1=0.7470, lr=0.000108, epoch_time=17.93s
[Epoch 055] train_loss=0.4902, train_hard=0.5042, train_soft=0.1638, train_logit_mse=0.6676, train_feature_mse=0.0007, train_acc=0.8294, alpha=0.900, val_acc=0.7666, val_macro_f1=0.5718, val_weighted_f1=0.7421, lr=0.000096, epoch_time=17.74s
[Epoch 056] train_loss=0.4852, train_hard=0.4983, train_soft=0.1669, train_logit_mse=0.6678, train_feature_mse=0.0007, train_acc=0.8333, alpha=0.900, val_acc=0.7654, val_macro_f1=0.5702, val_weighted_f1=0.7412, lr=0.000085, epoch_time=17.86s
[Epoch 057] train_loss=0.4853, train_hard=0.4987, train_soft=0.1632, train_logit_mse=0.6725, train_feature_mse=0.0007, train_acc=0.8337, alpha=0.900, val_acc=0.7673, val_macro_f1=0.5741, val_weighted_f1=0.7453, lr=0.000075, epoch_time=17.69s
[Epoch 058] train_loss=0.4827, train_hard=0.4969, train_soft=0.1591, train_logit_mse=0.6529, train_feature_mse=0.0007, train_acc=0.8328, alpha=0.900, val_acc=0.7648, val_macro_f1=0.5711, val_weighted_f1=0.7411, lr=0.000066, epoch_time=17.84s
[Epoch 059] train_loss=0.4808, train_hard=0.4943, train_soft=0.1618, train_logit_mse=0.6580, train_feature_mse=0.0007, train_acc=0.8369, alpha=0.900, val_acc=0.7654, val_macro_f1=0.5708, val_weighted_f1=0.7414, lr=0.000057, epoch_time=17.80s
[Epoch 060] train_loss=0.4815, train_hard=0.4952, train_soft=0.1601, train_logit_mse=0.6581, train_feature_mse=0.0007, train_acc=0.8341, alpha=0.900, val_acc=0.7648, val_macro_f1=0.5710, val_weighted_f1=0.7415, lr=0.000049, epoch_time=17.75s
[Epoch 061] train_loss=0.4832, train_hard=0.4969, train_soft=0.1604, train_logit_mse=0.6629, train_feature_mse=0.0007, train_acc=0.8344, alpha=0.900, val_acc=0.7673, val_macro_f1=0.5754, val_weighted_f1=0.7445, lr=0.000042, epoch_time=17.82s
[Epoch 062] train_loss=0.4822, train_hard=0.4963, train_soft=0.1585, train_logit_mse=0.6535, train_feature_mse=0.0007, train_acc=0.8354, alpha=0.900, val_acc=0.7648, val_macro_f1=0.5707, val_weighted_f1=0.7403, lr=0.000035, epoch_time=17.79s
[Epoch 063] train_loss=0.4815, train_hard=0.4955, train_soft=0.1590, train_logit_mse=0.6561, train_feature_mse=0.0007, train_acc=0.8346, alpha=0.900, val_acc=0.7666, val_macro_f1=0.5760, val_weighted_f1=0.7444, lr=0.000029, epoch_time=17.81s
[Epoch 064] train_loss=0.4802, train_hard=0.4940, train_soft=0.1596, train_logit_mse=0.6540, train_feature_mse=0.0007, train_acc=0.8338, alpha=0.900, val_acc=0.7648, val_macro_f1=0.5723, val_weighted_f1=0.7410, lr=0.000024, epoch_time=17.78s
[Epoch 065] train_loss=0.4836, train_hard=0.4973, train_soft=0.1626, train_logit_mse=0.6573, train_feature_mse=0.0007, train_acc=0.8351, alpha=0.900, val_acc=0.7636, val_macro_f1=0.5722, val_weighted_f1=0.7409, lr=0.000020, epoch_time=17.98s
[Epoch 066] train_loss=0.4793, train_hard=0.4927, train_soft=0.1606, train_logit_mse=0.6585, train_feature_mse=0.0007, train_acc=0.8385, alpha=0.900, val_acc=0.7715, val_macro_f1=0.5794, val_weighted_f1=0.7488, lr=0.000016, epoch_time=17.86s
  -> New best KD student saved to /users/40370279/csc4006/code/experiments/3__alpha_sweep/checkpoints/student_A09_seed123.pt
[Epoch 067] train_loss=0.4781, train_hard=0.4916, train_soft=0.1601, train_logit_mse=0.6544, train_feature_mse=0.0007, train_acc=0.8369, alpha=0.900, val_acc=0.7630, val_macro_f1=0.5701, val_weighted_f1=0.7401, lr=0.000014, epoch_time=17.88s
[Epoch 068] train_loss=0.4789, train_hard=0.4925, train_soft=0.1580, train_logit_mse=0.6619, train_feature_mse=0.0007, train_acc=0.8381, alpha=0.900, val_acc=0.7709, val_macro_f1=0.5802, val_weighted_f1=0.7487, lr=0.000012, epoch_time=17.87s
  -> New best KD student saved to /users/40370279/csc4006/code/experiments/3__alpha_sweep/checkpoints/student_A09_seed123.pt
[Epoch 069] train_loss=0.4711, train_hard=0.4840, train_soft=0.1574, train_logit_mse=0.6590, train_feature_mse=0.0007, train_acc=0.8388, alpha=0.900, val_acc=0.7666, val_macro_f1=0.5748, val_weighted_f1=0.7431, lr=0.000010, epoch_time=17.98s
[Epoch 070] train_loss=0.4778, train_hard=0.4911, train_soft=0.1594, train_logit_mse=0.6604, train_feature_mse=0.0007, train_acc=0.8370, alpha=0.900, val_acc=0.7648, val_macro_f1=0.5736, val_weighted_f1=0.7423, lr=0.000010, epoch_time=17.75s
Loaded best KD student checkpoint for final test evaluation.
Best validation macro-F1: 0.5802
Best epoch: 68
Time to best model: 1217.62 seconds
Checkpoint size (MB): 0.174
Student size: medium
Teacher used: checkpoints/teacher/teacher_cnn_seed123.pt
Teacher arch: TeacherCNN
Teacher size: large
Checkpoint seed: 123
Test accuracy (KD student): 0.7733
Test macro-F1 (KD student): 0.5869
Test weighted-F1 (KD student): 0.7535
Test classification report:
              precision    recall  f1-score   support

           0       0.79      0.67      0.72       184
           1       0.33      0.02      0.03        56
           2       0.76      0.57      0.65       256
           3       0.79      0.94      0.85       912
           4       0.72      0.64      0.68       242

    accuracy                           0.77      1650
   macro avg       0.68      0.56      0.59      1650
weighted avg       0.76      0.77      0.75      1650

Test confusion matrix:
[[123   0   6  47   8]
 [  2   1   3  42   8]
 [ 10   0 145  76  25]
 [ 15   1  24 853  19]
 [  6   1  14  67 154]]
Inference latency: 1.4425 ms/sample
