Using device: cuda
Seed: 42
Deterministic mode: True
Deterministic warn_only: True
KD hyperparameters: alpha_start=0.900, alpha_end=0.900, temperature=1.00, logit_mse_weight=0.030, feature_mse_weight=0.030, class_weight_gamma=0.00, sampler_power=0.35, label_smoothing=0.000, student_size=medium
Training: batch_size=64, lr=0.0008, epochs=70, patience=15, weight_decay=0.002, grad_clip=1.0, num_workers=2, disable_augmentation=False, use_weighted_sampler=False
Teacher checkpoint path: checkpoints/teacher/teacher_cnn_seed42.pt
Student checkpoint path: /users/40370279/csc4006/code/experiments/3__alpha_sweep/checkpoints/student_A09_seed42.pt
Training set size: 12957
Validation set size: 1637
Test set size: 1650
Number of leads: 12 classes: 5
Classes: ['CD' 'HYP' 'MI' 'NORM' 'STTC']
Trainable parameters (student): 12809
Total parameters (student): 12809
Estimated model size (MB): 0.051
Teacher pooled dim: 896
Student pooled dim: 28
Class weights: [1. 1. 1. 1. 1.]
Training sampler: standard shuffled loader
[Epoch 001] train_loss=1.1362, train_hard=1.1213, train_soft=0.6387, train_logit_mse=2.0745, train_feature_mse=0.0314, train_acc=0.5862, alpha=0.900, val_acc=0.6555, val_macro_f1=0.3852, val_weighted_f1=0.5859, lr=0.000800, epoch_time=19.19s
  -> New best KD student saved to /users/40370279/csc4006/code/experiments/3__alpha_sweep/checkpoints/student_A09_seed42.pt
[Epoch 002] train_loss=0.8425, train_hard=0.8443, train_soft=0.4111, train_logit_mse=1.3638, train_feature_mse=0.0200, train_acc=0.7120, alpha=0.900, val_acc=0.7343, val_macro_f1=0.5205, val_weighted_f1=0.7026, lr=0.000798, epoch_time=17.90s
  -> New best KD student saved to /users/40370279/csc4006/code/experiments/3__alpha_sweep/checkpoints/student_A09_seed42.pt
[Epoch 003] train_loss=0.7525, train_hard=0.7614, train_soft=0.3349, train_logit_mse=1.1137, train_feature_mse=0.0126, train_acc=0.7475, alpha=0.900, val_acc=0.7398, val_macro_f1=0.5273, val_weighted_f1=0.7107, lr=0.000796, epoch_time=17.93s
  -> New best KD student saved to /users/40370279/csc4006/code/experiments/3__alpha_sweep/checkpoints/student_A09_seed42.pt
[Epoch 004] train_loss=0.7071, train_hard=0.7194, train_soft=0.2994, train_logit_mse=0.9824, train_feature_mse=0.0071, train_acc=0.7590, alpha=0.900, val_acc=0.7440, val_macro_f1=0.5314, val_weighted_f1=0.7138, lr=0.000794, epoch_time=18.01s
  -> New best KD student saved to /users/40370279/csc4006/code/experiments/3__alpha_sweep/checkpoints/student_A09_seed42.pt
[Epoch 005] train_loss=0.6840, train_hard=0.6983, train_soft=0.2798, train_logit_mse=0.9137, train_feature_mse=0.0044, train_acc=0.7680, alpha=0.900, val_acc=0.7434, val_macro_f1=0.5373, val_weighted_f1=0.7166, lr=0.000790, epoch_time=18.04s
  -> New best KD student saved to /users/40370279/csc4006/code/experiments/3__alpha_sweep/checkpoints/student_A09_seed42.pt
[Epoch 006] train_loss=0.6687, train_hard=0.6847, train_soft=0.2639, train_logit_mse=0.8639, train_feature_mse=0.0029, train_acc=0.7706, alpha=0.900, val_acc=0.7373, val_macro_f1=0.5298, val_weighted_f1=0.7098, lr=0.000786, epoch_time=18.02s
[Epoch 007] train_loss=0.6517, train_hard=0.6684, train_soft=0.2514, train_logit_mse=0.8324, train_feature_mse=0.0021, train_acc=0.7743, alpha=0.900, val_acc=0.7440, val_macro_f1=0.5520, val_weighted_f1=0.7264, lr=0.000781, epoch_time=17.98s
  -> New best KD student saved to /users/40370279/csc4006/code/experiments/3__alpha_sweep/checkpoints/student_A09_seed42.pt
[Epoch 008] train_loss=0.6419, train_hard=0.6583, train_soft=0.2470, train_logit_mse=0.8218, train_feature_mse=0.0016, train_acc=0.7777, alpha=0.900, val_acc=0.7288, val_macro_f1=0.5020, val_weighted_f1=0.6879, lr=0.000775, epoch_time=18.00s
[Epoch 009] train_loss=0.6297, train_hard=0.6467, train_soft=0.2368, train_logit_mse=0.7995, train_feature_mse=0.0014, train_acc=0.7801, alpha=0.900, val_acc=0.7489, val_macro_f1=0.5555, val_weighted_f1=0.7322, lr=0.000768, epoch_time=17.98s
  -> New best KD student saved to /users/40370279/csc4006/code/experiments/3__alpha_sweep/checkpoints/student_A09_seed42.pt
[Epoch 010] train_loss=0.6178, train_hard=0.6357, train_soft=0.2238, train_logit_mse=0.7743, train_feature_mse=0.0013, train_acc=0.7823, alpha=0.900, val_acc=0.7593, val_macro_f1=0.5633, val_weighted_f1=0.7379, lr=0.000761, epoch_time=17.90s
  -> New best KD student saved to /users/40370279/csc4006/code/experiments/3__alpha_sweep/checkpoints/student_A09_seed42.pt
[Epoch 011] train_loss=0.6127, train_hard=0.6305, train_soft=0.2205, train_logit_mse=0.7697, train_feature_mse=0.0012, train_acc=0.7859, alpha=0.900, val_acc=0.7489, val_macro_f1=0.5439, val_weighted_f1=0.7213, lr=0.000753, epoch_time=17.86s
[Epoch 012] train_loss=0.6023, train_hard=0.6199, train_soft=0.2172, train_logit_mse=0.7567, train_feature_mse=0.0012, train_acc=0.7924, alpha=0.900, val_acc=0.7477, val_macro_f1=0.5442, val_weighted_f1=0.7194, lr=0.000744, epoch_time=17.99s
[Epoch 013] train_loss=0.5996, train_hard=0.6183, train_soft=0.2106, train_logit_mse=0.7352, train_feature_mse=0.0012, train_acc=0.7916, alpha=0.900, val_acc=0.7471, val_macro_f1=0.5390, val_weighted_f1=0.7181, lr=0.000735, epoch_time=17.93s
[Epoch 014] train_loss=0.5902, train_hard=0.6086, train_soft=0.2059, train_logit_mse=0.7267, train_feature_mse=0.0011, train_acc=0.7963, alpha=0.900, val_acc=0.7495, val_macro_f1=0.5471, val_weighted_f1=0.7243, lr=0.000725, epoch_time=17.89s
[Epoch 015] train_loss=0.5876, train_hard=0.6061, train_soft=0.2023, train_logit_mse=0.7260, train_feature_mse=0.0011, train_acc=0.7958, alpha=0.900, val_acc=0.7489, val_macro_f1=0.5397, val_weighted_f1=0.7150, lr=0.000714, epoch_time=17.97s
[Epoch 016] train_loss=0.5812, train_hard=0.5999, train_soft=0.1990, train_logit_mse=0.7109, train_feature_mse=0.0010, train_acc=0.8009, alpha=0.900, val_acc=0.7563, val_macro_f1=0.5604, val_weighted_f1=0.7333, lr=0.000702, epoch_time=17.94s
[Epoch 017] train_loss=0.5845, train_hard=0.6042, train_soft=0.1983, train_logit_mse=0.6936, train_feature_mse=0.0010, train_acc=0.7935, alpha=0.900, val_acc=0.7410, val_macro_f1=0.5412, val_weighted_f1=0.7196, lr=0.000691, epoch_time=17.94s
[Epoch 018] train_loss=0.5736, train_hard=0.5924, train_soft=0.1935, train_logit_mse=0.7008, train_feature_mse=0.0010, train_acc=0.8019, alpha=0.900, val_acc=0.7538, val_macro_f1=0.5466, val_weighted_f1=0.7242, lr=0.000678, epoch_time=18.03s
[Epoch 019] train_loss=0.5664, train_hard=0.5847, train_soft=0.1903, train_logit_mse=0.7033, train_feature_mse=0.0010, train_acc=0.8047, alpha=0.900, val_acc=0.7569, val_macro_f1=0.5587, val_weighted_f1=0.7312, lr=0.000665, epoch_time=17.80s
[Epoch 020] train_loss=0.5667, train_hard=0.5855, train_soft=0.1910, train_logit_mse=0.6887, train_feature_mse=0.0010, train_acc=0.8006, alpha=0.900, val_acc=0.7605, val_macro_f1=0.5659, val_weighted_f1=0.7376, lr=0.000651, epoch_time=18.10s
  -> New best KD student saved to /users/40370279/csc4006/code/experiments/3__alpha_sweep/checkpoints/student_A09_seed42.pt
[Epoch 021] train_loss=0.5612, train_hard=0.5804, train_soft=0.1844, train_logit_mse=0.6797, train_feature_mse=0.0009, train_acc=0.8031, alpha=0.900, val_acc=0.7581, val_macro_f1=0.5621, val_weighted_f1=0.7362, lr=0.000637, epoch_time=17.93s
[Epoch 022] train_loss=0.5565, train_hard=0.5754, train_soft=0.1839, train_logit_mse=0.6732, train_feature_mse=0.0009, train_acc=0.8056, alpha=0.900, val_acc=0.7605, val_macro_f1=0.5590, val_weighted_f1=0.7334, lr=0.000623, epoch_time=17.92s
[Epoch 023] train_loss=0.5554, train_hard=0.5745, train_soft=0.1809, train_logit_mse=0.6731, train_feature_mse=0.0009, train_acc=0.8063, alpha=0.900, val_acc=0.7611, val_macro_f1=0.5624, val_weighted_f1=0.7370, lr=0.000608, epoch_time=17.99s
[Epoch 024] train_loss=0.5537, train_hard=0.5731, train_soft=0.1780, train_logit_mse=0.6670, train_feature_mse=0.0009, train_acc=0.8047, alpha=0.900, val_acc=0.7495, val_macro_f1=0.5484, val_weighted_f1=0.7223, lr=0.000592, epoch_time=17.94s
[Epoch 025] train_loss=0.5489, train_hard=0.5680, train_soft=0.1776, train_logit_mse=0.6641, train_feature_mse=0.0009, train_acc=0.8097, alpha=0.900, val_acc=0.7502, val_macro_f1=0.5614, val_weighted_f1=0.7325, lr=0.000576, epoch_time=17.94s
[Epoch 026] train_loss=0.5434, train_hard=0.5624, train_soft=0.1747, train_logit_mse=0.6602, train_feature_mse=0.0009, train_acc=0.8127, alpha=0.900, val_acc=0.7557, val_macro_f1=0.5549, val_weighted_f1=0.7278, lr=0.000560, epoch_time=17.95s
[Epoch 027] train_loss=0.5429, train_hard=0.5618, train_soft=0.1751, train_logit_mse=0.6578, train_feature_mse=0.0008, train_acc=0.8101, alpha=0.900, val_acc=0.7575, val_macro_f1=0.5560, val_weighted_f1=0.7307, lr=0.000544, epoch_time=17.93s
[Epoch 028] train_loss=0.5410, train_hard=0.5604, train_soft=0.1706, train_logit_mse=0.6518, train_feature_mse=0.0008, train_acc=0.8109, alpha=0.900, val_acc=0.7642, val_macro_f1=0.5723, val_weighted_f1=0.7424, lr=0.000527, epoch_time=17.92s
  -> New best KD student saved to /users/40370279/csc4006/code/experiments/3__alpha_sweep/checkpoints/student_A09_seed42.pt
[Epoch 029] train_loss=0.5378, train_hard=0.5568, train_soft=0.1709, train_logit_mse=0.6503, train_feature_mse=0.0008, train_acc=0.8138, alpha=0.900, val_acc=0.7520, val_macro_f1=0.5502, val_weighted_f1=0.7238, lr=0.000510, epoch_time=18.03s
[Epoch 030] train_loss=0.5367, train_hard=0.5559, train_soft=0.1693, train_logit_mse=0.6472, train_feature_mse=0.0008, train_acc=0.8138, alpha=0.900, val_acc=0.7557, val_macro_f1=0.5516, val_weighted_f1=0.7265, lr=0.000493, epoch_time=18.10s
[Epoch 031] train_loss=0.5329, train_hard=0.5526, train_soft=0.1662, train_logit_mse=0.6332, train_feature_mse=0.0008, train_acc=0.8147, alpha=0.900, val_acc=0.7544, val_macro_f1=0.5538, val_weighted_f1=0.7275, lr=0.000476, epoch_time=18.00s
[Epoch 032] train_loss=0.5279, train_hard=0.5462, train_soft=0.1679, train_logit_mse=0.6512, train_feature_mse=0.0008, train_acc=0.8164, alpha=0.900, val_acc=0.7563, val_macro_f1=0.5562, val_weighted_f1=0.7293, lr=0.000458, epoch_time=17.88s
[Epoch 033] train_loss=0.5294, train_hard=0.5486, train_soft=0.1653, train_logit_mse=0.6384, train_feature_mse=0.0008, train_acc=0.8179, alpha=0.900, val_acc=0.7599, val_macro_f1=0.5640, val_weighted_f1=0.7352, lr=0.000440, epoch_time=18.01s
[Epoch 034] train_loss=0.5218, train_hard=0.5399, train_soft=0.1650, train_logit_mse=0.6460, train_feature_mse=0.0008, train_acc=0.8175, alpha=0.900, val_acc=0.7660, val_macro_f1=0.5694, val_weighted_f1=0.7401, lr=0.000423, epoch_time=17.95s
[Epoch 035] train_loss=0.5217, train_hard=0.5400, train_soft=0.1642, train_logit_mse=0.6433, train_feature_mse=0.0008, train_acc=0.8179, alpha=0.900, val_acc=0.7593, val_macro_f1=0.5632, val_weighted_f1=0.7353, lr=0.000405, epoch_time=17.97s
[Epoch 036] train_loss=0.5228, train_hard=0.5414, train_soft=0.1625, train_logit_mse=0.6416, train_feature_mse=0.0007, train_acc=0.8134, alpha=0.900, val_acc=0.7532, val_macro_f1=0.5489, val_weighted_f1=0.7219, lr=0.000387, epoch_time=17.81s
[Epoch 037] train_loss=0.5158, train_hard=0.5343, train_soft=0.1597, train_logit_mse=0.6305, train_feature_mse=0.0007, train_acc=0.8198, alpha=0.900, val_acc=0.7550, val_macro_f1=0.5566, val_weighted_f1=0.7270, lr=0.000370, epoch_time=17.92s
[Epoch 038] train_loss=0.5136, train_hard=0.5319, train_soft=0.1590, train_logit_mse=0.6311, train_feature_mse=0.0007, train_acc=0.8193, alpha=0.900, val_acc=0.7599, val_macro_f1=0.5647, val_weighted_f1=0.7347, lr=0.000352, epoch_time=17.92s
[Epoch 039] train_loss=0.5133, train_hard=0.5316, train_soft=0.1593, train_logit_mse=0.6292, train_feature_mse=0.0007, train_acc=0.8206, alpha=0.900, val_acc=0.7611, val_macro_f1=0.5628, val_weighted_f1=0.7361, lr=0.000334, epoch_time=17.92s
[Epoch 040] train_loss=0.5109, train_hard=0.5295, train_soft=0.1563, train_logit_mse=0.6249, train_feature_mse=0.0007, train_acc=0.8235, alpha=0.900, val_acc=0.7611, val_macro_f1=0.5666, val_weighted_f1=0.7379, lr=0.000317, epoch_time=17.93s
[Epoch 041] train_loss=0.5079, train_hard=0.5266, train_soft=0.1542, train_logit_mse=0.6181, train_feature_mse=0.0007, train_acc=0.8219, alpha=0.900, val_acc=0.7660, val_macro_f1=0.5728, val_weighted_f1=0.7426, lr=0.000300, epoch_time=17.98s
  -> New best KD student saved to /users/40370279/csc4006/code/experiments/3__alpha_sweep/checkpoints/student_A09_seed42.pt
[Epoch 042] train_loss=0.5037, train_hard=0.5213, train_soft=0.1554, train_logit_mse=0.6305, train_feature_mse=0.0007, train_acc=0.8223, alpha=0.900, val_acc=0.7624, val_macro_f1=0.5653, val_weighted_f1=0.7372, lr=0.000283, epoch_time=18.03s
[Epoch 043] train_loss=0.5063, train_hard=0.5246, train_soft=0.1556, train_logit_mse=0.6219, train_feature_mse=0.0007, train_acc=0.8206, alpha=0.900, val_acc=0.7599, val_macro_f1=0.5645, val_weighted_f1=0.7365, lr=0.000266, epoch_time=17.99s
[Epoch 044] train_loss=0.5021, train_hard=0.5200, train_soft=0.1538, train_logit_mse=0.6225, train_feature_mse=0.0007, train_acc=0.8217, alpha=0.900, val_acc=0.7593, val_macro_f1=0.5600, val_weighted_f1=0.7325, lr=0.000250, epoch_time=17.96s
[Epoch 045] train_loss=0.5021, train_hard=0.5200, train_soft=0.1531, train_logit_mse=0.6241, train_feature_mse=0.0007, train_acc=0.8267, alpha=0.900, val_acc=0.7624, val_macro_f1=0.5671, val_weighted_f1=0.7374, lr=0.000234, epoch_time=17.96s
[Epoch 046] train_loss=0.5044, train_hard=0.5223, train_soft=0.1562, train_logit_mse=0.6232, train_feature_mse=0.0007, train_acc=0.8251, alpha=0.900, val_acc=0.7654, val_macro_f1=0.5693, val_weighted_f1=0.7398, lr=0.000218, epoch_time=18.07s
[Epoch 047] train_loss=0.4982, train_hard=0.5164, train_soft=0.1500, train_logit_mse=0.6127, train_feature_mse=0.0007, train_acc=0.8279, alpha=0.900, val_acc=0.7605, val_macro_f1=0.5643, val_weighted_f1=0.7352, lr=0.000202, epoch_time=17.91s
[Epoch 048] train_loss=0.5020, train_hard=0.5200, train_soft=0.1534, train_logit_mse=0.6229, train_feature_mse=0.0007, train_acc=0.8280, alpha=0.900, val_acc=0.7618, val_macro_f1=0.5616, val_weighted_f1=0.7344, lr=0.000187, epoch_time=18.01s
[Epoch 049] train_loss=0.4991, train_hard=0.5169, train_soft=0.1529, train_logit_mse=0.6192, train_feature_mse=0.0007, train_acc=0.8233, alpha=0.900, val_acc=0.7587, val_macro_f1=0.5729, val_weighted_f1=0.7369, lr=0.000173, epoch_time=17.98s
  -> New best KD student saved to /users/40370279/csc4006/code/experiments/3__alpha_sweep/checkpoints/student_A09_seed42.pt
[Epoch 050] train_loss=0.4909, train_hard=0.5086, train_soft=0.1478, train_logit_mse=0.6119, train_feature_mse=0.0007, train_acc=0.8318, alpha=0.900, val_acc=0.7630, val_macro_f1=0.5699, val_weighted_f1=0.7399, lr=0.000159, epoch_time=17.85s
[Epoch 051] train_loss=0.4950, train_hard=0.5129, train_soft=0.1499, train_logit_mse=0.6132, train_feature_mse=0.0007, train_acc=0.8284, alpha=0.900, val_acc=0.7605, val_macro_f1=0.5624, val_weighted_f1=0.7347, lr=0.000145, epoch_time=18.01s
[Epoch 052] train_loss=0.4927, train_hard=0.5103, train_soft=0.1497, train_logit_mse=0.6128, train_feature_mse=0.0007, train_acc=0.8300, alpha=0.900, val_acc=0.7599, val_macro_f1=0.5651, val_weighted_f1=0.7330, lr=0.000132, epoch_time=18.06s
[Epoch 053] train_loss=0.4935, train_hard=0.5108, train_soft=0.1507, train_logit_mse=0.6246, train_feature_mse=0.0007, train_acc=0.8292, alpha=0.900, val_acc=0.7642, val_macro_f1=0.5677, val_weighted_f1=0.7379, lr=0.000119, epoch_time=17.91s
[Epoch 054] train_loss=0.4960, train_hard=0.5141, train_soft=0.1489, train_logit_mse=0.6127, train_feature_mse=0.0007, train_acc=0.8293, alpha=0.900, val_acc=0.7624, val_macro_f1=0.5673, val_weighted_f1=0.7382, lr=0.000108, epoch_time=17.90s
[Epoch 055] train_loss=0.4898, train_hard=0.5070, train_soft=0.1500, train_logit_mse=0.6179, train_feature_mse=0.0006, train_acc=0.8316, alpha=0.900, val_acc=0.7593, val_macro_f1=0.5672, val_weighted_f1=0.7342, lr=0.000096, epoch_time=17.96s
[Epoch 056] train_loss=0.4882, train_hard=0.5057, train_soft=0.1474, train_logit_mse=0.6108, train_feature_mse=0.0006, train_acc=0.8304, alpha=0.900, val_acc=0.7636, val_macro_f1=0.5718, val_weighted_f1=0.7384, lr=0.000085, epoch_time=18.02s
[Epoch 057] train_loss=0.4899, train_hard=0.5081, train_soft=0.1458, train_logit_mse=0.6015, train_feature_mse=0.0006, train_acc=0.8289, alpha=0.900, val_acc=0.7630, val_macro_f1=0.5683, val_weighted_f1=0.7388, lr=0.000075, epoch_time=18.04s
[Epoch 058] train_loss=0.4878, train_hard=0.5050, train_soft=0.1482, train_logit_mse=0.6158, train_feature_mse=0.0006, train_acc=0.8290, alpha=0.900, val_acc=0.7642, val_macro_f1=0.5696, val_weighted_f1=0.7398, lr=0.000066, epoch_time=18.02s
[Epoch 059] train_loss=0.4858, train_hard=0.5029, train_soft=0.1476, train_logit_mse=0.6132, train_feature_mse=0.0006, train_acc=0.8297, alpha=0.900, val_acc=0.7648, val_macro_f1=0.5698, val_weighted_f1=0.7399, lr=0.000057, epoch_time=17.97s
[Epoch 060] train_loss=0.4865, train_hard=0.5037, train_soft=0.1474, train_logit_mse=0.6142, train_feature_mse=0.0006, train_acc=0.8316, alpha=0.900, val_acc=0.7605, val_macro_f1=0.5717, val_weighted_f1=0.7368, lr=0.000049, epoch_time=17.81s
[Epoch 061] train_loss=0.4849, train_hard=0.5022, train_soft=0.1462, train_logit_mse=0.6094, train_feature_mse=0.0006, train_acc=0.8329, alpha=0.900, val_acc=0.7630, val_macro_f1=0.5723, val_weighted_f1=0.7386, lr=0.000042, epoch_time=17.98s
[Epoch 062] train_loss=0.4853, train_hard=0.5024, train_soft=0.1468, train_logit_mse=0.6142, train_feature_mse=0.0006, train_acc=0.8334, alpha=0.900, val_acc=0.7642, val_macro_f1=0.5710, val_weighted_f1=0.7409, lr=0.000035, epoch_time=17.84s
[Epoch 063] train_loss=0.4842, train_hard=0.5017, train_soft=0.1449, train_logit_mse=0.6056, train_feature_mse=0.0006, train_acc=0.8314, alpha=0.900, val_acc=0.7648, val_macro_f1=0.5759, val_weighted_f1=0.7407, lr=0.000029, epoch_time=18.10s
  -> New best KD student saved to /users/40370279/csc4006/code/experiments/3__alpha_sweep/checkpoints/student_A09_seed42.pt
[Epoch 064] train_loss=0.4847, train_hard=0.5020, train_soft=0.1461, train_logit_mse=0.6081, train_feature_mse=0.0006, train_acc=0.8315, alpha=0.900, val_acc=0.7636, val_macro_f1=0.5676, val_weighted_f1=0.7388, lr=0.000024, epoch_time=17.94s
[Epoch 065] train_loss=0.4836, train_hard=0.5003, train_soft=0.1476, train_logit_mse=0.6186, train_feature_mse=0.0006, train_acc=0.8320, alpha=0.900, val_acc=0.7660, val_macro_f1=0.5748, val_weighted_f1=0.7407, lr=0.000020, epoch_time=17.91s
[Epoch 066] train_loss=0.4850, train_hard=0.5024, train_soft=0.1463, train_logit_mse=0.6077, train_feature_mse=0.0006, train_acc=0.8312, alpha=0.900, val_acc=0.7630, val_macro_f1=0.5693, val_weighted_f1=0.7390, lr=0.000016, epoch_time=17.88s
[Epoch 067] train_loss=0.4839, train_hard=0.5013, train_soft=0.1463, train_logit_mse=0.6050, train_feature_mse=0.0006, train_acc=0.8301, alpha=0.900, val_acc=0.7642, val_macro_f1=0.5683, val_weighted_f1=0.7395, lr=0.000014, epoch_time=17.95s
[Epoch 068] train_loss=0.4792, train_hard=0.4962, train_soft=0.1445, train_logit_mse=0.6063, train_feature_mse=0.0006, train_acc=0.8326, alpha=0.900, val_acc=0.7636, val_macro_f1=0.5677, val_weighted_f1=0.7389, lr=0.000012, epoch_time=17.89s
[Epoch 069] train_loss=0.4808, train_hard=0.4980, train_soft=0.1441, train_logit_mse=0.6046, train_feature_mse=0.0006, train_acc=0.8327, alpha=0.900, val_acc=0.7673, val_macro_f1=0.5784, val_weighted_f1=0.7433, lr=0.000010, epoch_time=17.95s
  -> New best KD student saved to /users/40370279/csc4006/code/experiments/3__alpha_sweep/checkpoints/student_A09_seed42.pt
[Epoch 070] train_loss=0.4790, train_hard=0.4959, train_soft=0.1452, train_logit_mse=0.6057, train_feature_mse=0.0006, train_acc=0.8328, alpha=0.900, val_acc=0.7660, val_macro_f1=0.5705, val_weighted_f1=0.7412, lr=0.000010, epoch_time=17.91s
Loaded best KD student checkpoint for final test evaluation.
Best validation macro-F1: 0.5784
Best epoch: 69
Time to best model: 1240.65 seconds
Checkpoint size (MB): 0.174
Student size: medium
Teacher used: checkpoints/teacher/teacher_cnn_seed42.pt
Teacher arch: TeacherCNN
Teacher size: large
Checkpoint seed: 42
Test accuracy (KD student): 0.7764
Test macro-F1 (KD student): 0.5806
Test weighted-F1 (KD student): 0.7531
Test classification report:
              precision    recall  f1-score   support

           0       0.84      0.65      0.73       184
           1       0.00      0.00      0.00        56
           2       0.79      0.53      0.64       256
           3       0.78      0.96      0.86       912
           4       0.73      0.64      0.68       242

    accuracy                           0.78      1650
   macro avg       0.63      0.55      0.58      1650
weighted avg       0.75      0.78      0.75      1650

Test confusion matrix:
[[119   0   6  54   5]
 [  4   0   3  44   5]
 [  8   0 136  84  28]
 [  7   0  14 871  20]
 [  4   0  13  70 155]]
Inference latency: 1.4861 ms/sample
