[38;5;127mpython3[0m/[38;5;172m3.10.5[0m/[38;5;67mgcc-9.3.0[0m
 |
 [0;32mOK[0m
[38;5;127mgcc[0m/[38;5;172m9.3.0[0m
 |
 [0;32mOK[0m
===== EXPERIMENT 6: LOGITS + FEATURES =====
Teacher checkpoints source: /users/40370279/csc4006/code/checkpoints/teacher
Student outputs directory : /users/40370279/csc4006/code/experiments/6__distillation_component
This job runs multiple seeds: 42, 123, 999
Job ID: 7992142
Host: gpu106.pri.kelvin2.alces.network
Start time: Sat Mar 28 20:20:44 GMT 2026

----- SEED 42 -----
Using device: cuda
Seed: 42
Deterministic mode: True
Deterministic warn_only: True
KD hyperparameters: alpha_start=0.100, alpha_end=0.100, temperature=1.00, logit_mse_weight=0.030, feature_mse_weight=0.030, class_weight_gamma=0.00, sampler_power=0.35, label_smoothing=0.000, student_size=small
Training: batch_size=64, lr=0.0008, epochs=70, patience=15, weight_decay=0.002, grad_clip=1.0, num_workers=2, disable_augmentation=False, use_weighted_sampler=False
Teacher checkpoint path: checkpoints/teacher/teacher_cnn_seed42.pt
Student checkpoint path: /users/40370279/csc4006/code/experiments/6__distillation_component/checkpoints/student_both_seed42.pt
Training set size: 12957
Validation set size: 1637
Test set size: 1650
Number of leads: 12 classes: 5
Classes: ['CD' 'HYP' 'MI' 'NORM' 'STTC']
Trainable parameters (student): 5897
Total parameters (student): 5897
Estimated model size (MB): 0.024
Teacher pooled dim: 896
Student pooled dim: 18
Class weights: [1. 1. 1. 1. 1.]
Training sampler: standard shuffled loader
[Epoch 001] train_loss=0.7983, train_hard=1.2128, train_soft=0.6796, train_logit_mse=2.1314, train_feature_mse=0.0486, train_acc=0.5534, alpha=0.100, val_acc=0.6103, val_macro_f1=0.2446, val_weighted_f1=0.5141, lr=0.000800, epoch_time=18.61s
  -> New best KD student saved to /users/40370279/csc4006/code/experiments/6__distillation_component/checkpoints/student_both_seed42.pt
[Epoch 002] train_loss=0.5865, train_hard=0.9855, train_soft=0.4875, train_logit_mse=1.6129, train_feature_mse=0.0288, train_acc=0.6535, alpha=0.100, val_acc=0.6762, val_macro_f1=0.4070, val_weighted_f1=0.6325, lr=0.000798, epoch_time=17.77s
  -> New best KD student saved to /users/40370279/csc4006/code/experiments/6__distillation_component/checkpoints/student_both_seed42.pt
[Epoch 003] train_loss=0.4948, train_hard=0.8926, train_soft=0.4031, train_logit_mse=1.4035, train_feature_mse=0.0200, train_acc=0.7009, alpha=0.100, val_acc=0.7043, val_macro_f1=0.4669, val_weighted_f1=0.6702, lr=0.000796, epoch_time=17.78s
  -> New best KD student saved to /users/40370279/csc4006/code/experiments/6__distillation_component/checkpoints/student_both_seed42.pt
[Epoch 004] train_loss=0.4345, train_hard=0.8317, train_soft=0.3471, train_logit_mse=1.2875, train_feature_mse=0.0114, train_acc=0.7259, alpha=0.100, val_acc=0.7092, val_macro_f1=0.4717, val_weighted_f1=0.6704, lr=0.000794, epoch_time=17.68s
  -> New best KD student saved to /users/40370279/csc4006/code/experiments/6__distillation_component/checkpoints/student_both_seed42.pt
[Epoch 005] train_loss=0.3898, train_hard=0.7852, train_soft=0.3061, train_logit_mse=1.1871, train_feature_mse=0.0062, train_acc=0.7471, alpha=0.100, val_acc=0.7178, val_macro_f1=0.4903, val_weighted_f1=0.6812, lr=0.000790, epoch_time=17.62s
  -> New best KD student saved to /users/40370279/csc4006/code/experiments/6__distillation_component/checkpoints/student_both_seed42.pt
[Epoch 006] train_loss=0.3537, train_hard=0.7537, train_soft=0.2741, train_logit_mse=1.0508, train_feature_mse=0.0036, train_acc=0.7565, alpha=0.100, val_acc=0.7367, val_macro_f1=0.5319, val_weighted_f1=0.7146, lr=0.000786, epoch_time=17.60s
  -> New best KD student saved to /users/40370279/csc4006/code/experiments/6__distillation_component/checkpoints/student_both_seed42.pt
[Epoch 007] train_loss=0.3293, train_hard=0.7333, train_soft=0.2533, train_logit_mse=0.9333, train_feature_mse=0.0025, train_acc=0.7663, alpha=0.100, val_acc=0.7367, val_macro_f1=0.5437, val_weighted_f1=0.7205, lr=0.000781, epoch_time=17.66s
  -> New best KD student saved to /users/40370279/csc4006/code/experiments/6__distillation_component/checkpoints/student_both_seed42.pt
[Epoch 008] train_loss=0.3089, train_hard=0.7128, train_soft=0.2351, train_logit_mse=0.8641, train_feature_mse=0.0020, train_acc=0.7733, alpha=0.100, val_acc=0.7544, val_macro_f1=0.5544, val_weighted_f1=0.7323, lr=0.000775, epoch_time=17.64s
  -> New best KD student saved to /users/40370279/csc4006/code/experiments/6__distillation_component/checkpoints/student_both_seed42.pt
[Epoch 009] train_loss=0.3001, train_hard=0.7045, train_soft=0.2275, train_logit_mse=0.8294, train_feature_mse=0.0019, train_acc=0.7736, alpha=0.100, val_acc=0.7477, val_macro_f1=0.5415, val_weighted_f1=0.7229, lr=0.000768, epoch_time=17.58s
[Epoch 010] train_loss=0.2915, train_hard=0.6960, train_soft=0.2195, train_logit_mse=0.8113, train_feature_mse=0.0017, train_acc=0.7763, alpha=0.100, val_acc=0.7599, val_macro_f1=0.5665, val_weighted_f1=0.7403, lr=0.000761, epoch_time=17.53s
  -> New best KD student saved to /users/40370279/csc4006/code/experiments/6__distillation_component/checkpoints/student_both_seed42.pt
[Epoch 011] train_loss=0.2844, train_hard=0.6857, train_soft=0.2138, train_logit_mse=0.7791, train_feature_mse=0.0016, train_acc=0.7775, alpha=0.100, val_acc=0.7642, val_macro_f1=0.5696, val_weighted_f1=0.7441, lr=0.000753, epoch_time=17.62s
  -> New best KD student saved to /users/40370279/csc4006/code/experiments/6__distillation_component/checkpoints/student_both_seed42.pt
[Epoch 012] train_loss=0.2769, train_hard=0.6813, train_soft=0.2065, train_logit_mse=0.7638, train_feature_mse=0.0016, train_acc=0.7844, alpha=0.100, val_acc=0.7593, val_macro_f1=0.5531, val_weighted_f1=0.7343, lr=0.000744, epoch_time=17.71s
[Epoch 013] train_loss=0.2722, train_hard=0.6763, train_soft=0.2023, train_logit_mse=0.7485, train_feature_mse=0.0015, train_acc=0.7821, alpha=0.100, val_acc=0.7587, val_macro_f1=0.5617, val_weighted_f1=0.7356, lr=0.000735, epoch_time=17.53s
[Epoch 014] train_loss=0.2652, train_hard=0.6680, train_soft=0.1960, train_logit_mse=0.7311, train_feature_mse=0.0015, train_acc=0.7846, alpha=0.100, val_acc=0.7624, val_macro_f1=0.5539, val_weighted_f1=0.7355, lr=0.000725, epoch_time=17.70s
[Epoch 015] train_loss=0.2649, train_hard=0.6717, train_soft=0.1953, train_logit_mse=0.7306, train_feature_mse=0.0015, train_acc=0.7837, alpha=0.100, val_acc=0.7453, val_macro_f1=0.5304, val_weighted_f1=0.7130, lr=0.000714, epoch_time=17.61s
[Epoch 016] train_loss=0.2573, train_hard=0.6650, train_soft=0.1882, train_logit_mse=0.7113, train_feature_mse=0.0014, train_acc=0.7867, alpha=0.100, val_acc=0.7636, val_macro_f1=0.5710, val_weighted_f1=0.7443, lr=0.000702, epoch_time=17.70s
  -> New best KD student saved to /users/40370279/csc4006/code/experiments/6__distillation_component/checkpoints/student_both_seed42.pt
[Epoch 017] train_loss=0.2535, train_hard=0.6578, train_soft=0.1853, train_logit_mse=0.6958, train_feature_mse=0.0014, train_acc=0.7912, alpha=0.100, val_acc=0.7624, val_macro_f1=0.5606, val_weighted_f1=0.7374, lr=0.000691, epoch_time=17.56s
[Epoch 018] train_loss=0.2474, train_hard=0.6552, train_soft=0.1795, train_logit_mse=0.6755, train_feature_mse=0.0014, train_acc=0.7879, alpha=0.100, val_acc=0.7557, val_macro_f1=0.5508, val_weighted_f1=0.7284, lr=0.000678, epoch_time=17.64s
[Epoch 019] train_loss=0.2393, train_hard=0.6461, train_soft=0.1720, train_logit_mse=0.6630, train_feature_mse=0.0014, train_acc=0.7947, alpha=0.100, val_acc=0.7691, val_macro_f1=0.5902, val_weighted_f1=0.7529, lr=0.000665, epoch_time=17.63s
  -> New best KD student saved to /users/40370279/csc4006/code/experiments/6__distillation_component/checkpoints/student_both_seed42.pt
[Epoch 020] train_loss=0.2381, train_hard=0.6494, train_soft=0.1706, train_logit_mse=0.6514, train_feature_mse=0.0014, train_acc=0.7921, alpha=0.100, val_acc=0.7630, val_macro_f1=0.5744, val_weighted_f1=0.7416, lr=0.000651, epoch_time=17.51s
[Epoch 021] train_loss=0.2363, train_hard=0.6459, train_soft=0.1692, train_logit_mse=0.6446, train_feature_mse=0.0013, train_acc=0.7931, alpha=0.100, val_acc=0.7581, val_macro_f1=0.5858, val_weighted_f1=0.7442, lr=0.000637, epoch_time=17.63s
[Epoch 022] train_loss=0.2320, train_hard=0.6432, train_soft=0.1652, train_logit_mse=0.6307, train_feature_mse=0.0013, train_acc=0.7908, alpha=0.100, val_acc=0.7666, val_macro_f1=0.5779, val_weighted_f1=0.7457, lr=0.000623, epoch_time=17.67s
[Epoch 023] train_loss=0.2296, train_hard=0.6421, train_soft=0.1630, train_logit_mse=0.6210, train_feature_mse=0.0013, train_acc=0.7915, alpha=0.100, val_acc=0.7642, val_macro_f1=0.5719, val_weighted_f1=0.7392, lr=0.000608, epoch_time=17.57s
[Epoch 024] train_loss=0.2260, train_hard=0.6372, train_soft=0.1599, train_logit_mse=0.6137, train_feature_mse=0.0013, train_acc=0.7937, alpha=0.100, val_acc=0.7557, val_macro_f1=0.5596, val_weighted_f1=0.7289, lr=0.000592, epoch_time=17.62s
[Epoch 025] train_loss=0.2267, train_hard=0.6405, train_soft=0.1601, train_logit_mse=0.6170, train_feature_mse=0.0013, train_acc=0.7933, alpha=0.100, val_acc=0.7611, val_macro_f1=0.5807, val_weighted_f1=0.7396, lr=0.000576, epoch_time=17.65s
[Epoch 026] train_loss=0.2252, train_hard=0.6388, train_soft=0.1590, train_logit_mse=0.6080, train_feature_mse=0.0012, train_acc=0.7959, alpha=0.100, val_acc=0.7673, val_macro_f1=0.5830, val_weighted_f1=0.7458, lr=0.000560, epoch_time=17.65s
[Epoch 027] train_loss=0.2225, train_hard=0.6349, train_soft=0.1566, train_logit_mse=0.6029, train_feature_mse=0.0012, train_acc=0.7951, alpha=0.100, val_acc=0.7654, val_macro_f1=0.5867, val_weighted_f1=0.7496, lr=0.000544, epoch_time=17.58s
[Epoch 028] train_loss=0.2174, train_hard=0.6272, train_soft=0.1523, train_logit_mse=0.5876, train_feature_mse=0.0012, train_acc=0.7974, alpha=0.100, val_acc=0.7654, val_macro_f1=0.6017, val_weighted_f1=0.7530, lr=0.000527, epoch_time=17.77s
  -> New best KD student saved to /users/40370279/csc4006/code/experiments/6__distillation_component/checkpoints/student_both_seed42.pt
[Epoch 029] train_loss=0.2168, train_hard=0.6283, train_soft=0.1514, train_logit_mse=0.5886, train_feature_mse=0.0012, train_acc=0.7990, alpha=0.100, val_acc=0.7691, val_macro_f1=0.5933, val_weighted_f1=0.7529, lr=0.000510, epoch_time=17.62s
[Epoch 030] train_loss=0.2155, train_hard=0.6284, train_soft=0.1501, train_logit_mse=0.5824, train_feature_mse=0.0011, train_acc=0.7976, alpha=0.100, val_acc=0.7746, val_macro_f1=0.6025, val_weighted_f1=0.7571, lr=0.000493, epoch_time=17.63s
  -> New best KD student saved to /users/40370279/csc4006/code/experiments/6__distillation_component/checkpoints/student_both_seed42.pt
[Epoch 031] train_loss=0.2156, train_hard=0.6247, train_soft=0.1505, train_logit_mse=0.5873, train_feature_mse=0.0011, train_acc=0.7978, alpha=0.100, val_acc=0.7740, val_macro_f1=0.6135, val_weighted_f1=0.7589, lr=0.000476, epoch_time=17.60s
  -> New best KD student saved to /users/40370279/csc4006/code/experiments/6__distillation_component/checkpoints/student_both_seed42.pt
[Epoch 032] train_loss=0.2118, train_hard=0.6228, train_soft=0.1469, train_logit_mse=0.5749, train_feature_mse=0.0011, train_acc=0.7963, alpha=0.100, val_acc=0.7709, val_macro_f1=0.6004, val_weighted_f1=0.7515, lr=0.000458, epoch_time=17.67s
[Epoch 033] train_loss=0.2073, train_hard=0.6179, train_soft=0.1428, train_logit_mse=0.5644, train_feature_mse=0.0011, train_acc=0.7995, alpha=0.100, val_acc=0.7666, val_macro_f1=0.5986, val_weighted_f1=0.7509, lr=0.000440, epoch_time=17.75s
[Epoch 034] train_loss=0.2070, train_hard=0.6149, train_soft=0.1428, train_logit_mse=0.5641, train_feature_mse=0.0011, train_acc=0.8012, alpha=0.100, val_acc=0.7740, val_macro_f1=0.6159, val_weighted_f1=0.7586, lr=0.000423, epoch_time=17.54s
  -> New best KD student saved to /users/40370279/csc4006/code/experiments/6__distillation_component/checkpoints/student_both_seed42.pt
[Epoch 035] train_loss=0.2057, train_hard=0.6145, train_soft=0.1415, train_logit_mse=0.5616, train_feature_mse=0.0010, train_acc=0.8002, alpha=0.100, val_acc=0.7587, val_macro_f1=0.5820, val_weighted_f1=0.7364, lr=0.000405, epoch_time=17.55s
[Epoch 036] train_loss=0.2069, train_hard=0.6131, train_soft=0.1430, train_logit_mse=0.5619, train_feature_mse=0.0010, train_acc=0.8014, alpha=0.100, val_acc=0.7697, val_macro_f1=0.6026, val_weighted_f1=0.7534, lr=0.000387, epoch_time=17.46s
[Epoch 037] train_loss=0.2027, train_hard=0.6137, train_soft=0.1386, train_logit_mse=0.5513, train_feature_mse=0.0010, train_acc=0.8017, alpha=0.100, val_acc=0.7734, val_macro_f1=0.6043, val_weighted_f1=0.7551, lr=0.000370, epoch_time=17.63s
[Epoch 038] train_loss=0.2040, train_hard=0.6121, train_soft=0.1401, train_logit_mse=0.5544, train_feature_mse=0.0010, train_acc=0.8033, alpha=0.100, val_acc=0.7838, val_macro_f1=0.6231, val_weighted_f1=0.7675, lr=0.000352, epoch_time=17.52s
  -> New best KD student saved to /users/40370279/csc4006/code/experiments/6__distillation_component/checkpoints/student_both_seed42.pt
[Epoch 039] train_loss=0.2028, train_hard=0.6128, train_soft=0.1388, train_logit_mse=0.5528, train_feature_mse=0.0010, train_acc=0.8018, alpha=0.100, val_acc=0.7776, val_macro_f1=0.6160, val_weighted_f1=0.7613, lr=0.000334, epoch_time=17.53s
[Epoch 040] train_loss=0.2027, train_hard=0.6119, train_soft=0.1389, train_logit_mse=0.5480, train_feature_mse=0.0010, train_acc=0.8004, alpha=0.100, val_acc=0.7648, val_macro_f1=0.6031, val_weighted_f1=0.7505, lr=0.000317, epoch_time=17.62s
[Epoch 041] train_loss=0.2005, train_hard=0.6114, train_soft=0.1368, train_logit_mse=0.5421, train_feature_mse=0.0010, train_acc=0.8035, alpha=0.100, val_acc=0.7728, val_macro_f1=0.6121, val_weighted_f1=0.7598, lr=0.000300, epoch_time=17.64s
[Epoch 042] train_loss=0.1996, train_hard=0.6065, train_soft=0.1361, train_logit_mse=0.5484, train_feature_mse=0.0010, train_acc=0.8040, alpha=0.100, val_acc=0.7709, val_macro_f1=0.6078, val_weighted_f1=0.7562, lr=0.000283, epoch_time=17.63s
[Epoch 043] train_loss=0.1999, train_hard=0.6081, train_soft=0.1365, train_logit_mse=0.5420, train_feature_mse=0.0009, train_acc=0.8040, alpha=0.100, val_acc=0.7691, val_macro_f1=0.6040, val_weighted_f1=0.7526, lr=0.000266, epoch_time=17.50s
[Epoch 044] train_loss=0.1959, train_hard=0.6023, train_soft=0.1328, train_logit_mse=0.5392, train_feature_mse=0.0009, train_acc=0.8064, alpha=0.100, val_acc=0.7783, val_macro_f1=0.6197, val_weighted_f1=0.7630, lr=0.000250, epoch_time=17.70s
[Epoch 045] train_loss=0.1981, train_hard=0.6081, train_soft=0.1345, train_logit_mse=0.5397, train_feature_mse=0.0009, train_acc=0.8047, alpha=0.100, val_acc=0.7734, val_macro_f1=0.6138, val_weighted_f1=0.7576, lr=0.000234, epoch_time=17.76s
[Epoch 046] train_loss=0.1946, train_hard=0.6048, train_soft=0.1314, train_logit_mse=0.5280, train_feature_mse=0.0009, train_acc=0.8045, alpha=0.100, val_acc=0.7758, val_macro_f1=0.6270, val_weighted_f1=0.7636, lr=0.000218, epoch_time=17.63s
  -> New best KD student saved to /users/40370279/csc4006/code/experiments/6__distillation_component/checkpoints/student_both_seed42.pt
[Epoch 047] train_loss=0.1941, train_hard=0.6040, train_soft=0.1310, train_logit_mse=0.5249, train_feature_mse=0.0009, train_acc=0.8038, alpha=0.100, val_acc=0.7746, val_macro_f1=0.6237, val_weighted_f1=0.7619, lr=0.000202, epoch_time=17.73s
[Epoch 048] train_loss=0.1969, train_hard=0.6069, train_soft=0.1335, train_logit_mse=0.5340, train_feature_mse=0.0009, train_acc=0.8057, alpha=0.100, val_acc=0.7770, val_macro_f1=0.6178, val_weighted_f1=0.7610, lr=0.000187, epoch_time=17.60s
[Epoch 049] train_loss=0.1936, train_hard=0.6027, train_soft=0.1304, train_logit_mse=0.5306, train_feature_mse=0.0009, train_acc=0.8060, alpha=0.100, val_acc=0.7709, val_macro_f1=0.6098, val_weighted_f1=0.7544, lr=0.000173, epoch_time=17.65s
[Epoch 050] train_loss=0.1935, train_hard=0.6038, train_soft=0.1304, train_logit_mse=0.5266, train_feature_mse=0.0009, train_acc=0.8040, alpha=0.100, val_acc=0.7746, val_macro_f1=0.6186, val_weighted_f1=0.7591, lr=0.000159, epoch_time=17.58s
[Epoch 051] train_loss=0.1903, train_hard=0.5995, train_soft=0.1273, train_logit_mse=0.5234, train_feature_mse=0.0009, train_acc=0.8100, alpha=0.100, val_acc=0.7758, val_macro_f1=0.6214, val_weighted_f1=0.7612, lr=0.000145, epoch_time=17.63s
[Epoch 052] train_loss=0.1909, train_hard=0.5972, train_soft=0.1284, train_logit_mse=0.5199, train_feature_mse=0.0009, train_acc=0.8063, alpha=0.100, val_acc=0.7783, val_macro_f1=0.6210, val_weighted_f1=0.7640, lr=0.000132, epoch_time=17.54s
[Epoch 053] train_loss=0.1922, train_hard=0.6014, train_soft=0.1293, train_logit_mse=0.5230, train_feature_mse=0.0009, train_acc=0.8074, alpha=0.100, val_acc=0.7752, val_macro_f1=0.6238, val_weighted_f1=0.7611, lr=0.000119, epoch_time=17.55s
[Epoch 054] train_loss=0.1914, train_hard=0.5999, train_soft=0.1286, train_logit_mse=0.5230, train_feature_mse=0.0009, train_acc=0.8088, alpha=0.100, val_acc=0.7789, val_macro_f1=0.6193, val_weighted_f1=0.7641, lr=0.000108, epoch_time=17.65s
[Epoch 055] train_loss=0.1899, train_hard=0.5982, train_soft=0.1272, train_logit_mse=0.5187, train_feature_mse=0.0009, train_acc=0.8048, alpha=0.100, val_acc=0.7844, val_macro_f1=0.6388, val_weighted_f1=0.7719, lr=0.000096, epoch_time=17.66s
  -> New best KD student saved to /users/40370279/csc4006/code/experiments/6__distillation_component/checkpoints/student_both_seed42.pt
[Epoch 056] train_loss=0.1907, train_hard=0.5990, train_soft=0.1279, train_logit_mse=0.5219, train_feature_mse=0.0009, train_acc=0.8084, alpha=0.100, val_acc=0.7789, val_macro_f1=0.6340, val_weighted_f1=0.7676, lr=0.000085, epoch_time=17.67s
[Epoch 057] train_loss=0.1867, train_hard=0.5911, train_soft=0.1246, train_logit_mse=0.5135, train_feature_mse=0.0009, train_acc=0.8122, alpha=0.100, val_acc=0.7801, val_macro_f1=0.6242, val_weighted_f1=0.7654, lr=0.000075, epoch_time=17.53s
[Epoch 058] train_loss=0.1903, train_hard=0.5988, train_soft=0.1275, train_logit_mse=0.5194, train_feature_mse=0.0009, train_acc=0.8081, alpha=0.100, val_acc=0.7813, val_macro_f1=0.6270, val_weighted_f1=0.7675, lr=0.000066, epoch_time=17.71s
[Epoch 059] train_loss=0.1876, train_hard=0.5968, train_soft=0.1250, train_logit_mse=0.5123, train_feature_mse=0.0009, train_acc=0.8067, alpha=0.100, val_acc=0.7776, val_macro_f1=0.6206, val_weighted_f1=0.7636, lr=0.000057, epoch_time=17.47s
[Epoch 060] train_loss=0.1885, train_hard=0.5978, train_soft=0.1258, train_logit_mse=0.5164, train_feature_mse=0.0008, train_acc=0.8094, alpha=0.100, val_acc=0.7807, val_macro_f1=0.6224, val_weighted_f1=0.7657, lr=0.000049, epoch_time=17.51s
[Epoch 061] train_loss=0.1884, train_hard=0.5970, train_soft=0.1259, train_logit_mse=0.5132, train_feature_mse=0.0008, train_acc=0.8080, alpha=0.100, val_acc=0.7813, val_macro_f1=0.6211, val_weighted_f1=0.7667, lr=0.000042, epoch_time=17.60s
[Epoch 062] train_loss=0.1862, train_hard=0.5948, train_soft=0.1239, train_logit_mse=0.5066, train_feature_mse=0.0008, train_acc=0.8091, alpha=0.100, val_acc=0.7813, val_macro_f1=0.6246, val_weighted_f1=0.7671, lr=0.000035, epoch_time=17.65s
[Epoch 063] train_loss=0.1872, train_hard=0.5955, train_soft=0.1247, train_logit_mse=0.5149, train_feature_mse=0.0008, train_acc=0.8067, alpha=0.100, val_acc=0.7795, val_macro_f1=0.6236, val_weighted_f1=0.7647, lr=0.000029, epoch_time=17.69s
[Epoch 064] train_loss=0.1867, train_hard=0.5954, train_soft=0.1242, train_logit_mse=0.5121, train_feature_mse=0.0008, train_acc=0.8087, alpha=0.100, val_acc=0.7795, val_macro_f1=0.6267, val_weighted_f1=0.7650, lr=0.000024, epoch_time=17.67s
[Epoch 065] train_loss=0.1877, train_hard=0.5950, train_soft=0.1252, train_logit_mse=0.5152, train_feature_mse=0.0008, train_acc=0.8104, alpha=0.100, val_acc=0.7819, val_macro_f1=0.6353, val_weighted_f1=0.7685, lr=0.000020, epoch_time=17.87s
[Epoch 066] train_loss=0.1875, train_hard=0.5936, train_soft=0.1252, train_logit_mse=0.5145, train_feature_mse=0.0008, train_acc=0.8084, alpha=0.100, val_acc=0.7825, val_macro_f1=0.6301, val_weighted_f1=0.7689, lr=0.000016, epoch_time=17.70s
[Epoch 067] train_loss=0.1876, train_hard=0.5979, train_soft=0.1251, train_logit_mse=0.5073, train_feature_mse=0.0008, train_acc=0.8047, alpha=0.100, val_acc=0.7807, val_macro_f1=0.6236, val_weighted_f1=0.7661, lr=0.000014, epoch_time=17.55s
[Epoch 068] train_loss=0.1870, train_hard=0.5950, train_soft=0.1245, train_logit_mse=0.5145, train_feature_mse=0.0008, train_acc=0.8090, alpha=0.100, val_acc=0.7807, val_macro_f1=0.6258, val_weighted_f1=0.7670, lr=0.000012, epoch_time=17.67s
[Epoch 069] train_loss=0.1855, train_hard=0.5923, train_soft=0.1232, train_logit_mse=0.5097, train_feature_mse=0.0008, train_acc=0.8081, alpha=0.100, val_acc=0.7795, val_macro_f1=0.6344, val_weighted_f1=0.7679, lr=0.000010, epoch_time=17.54s
[Epoch 070] train_loss=0.1856, train_hard=0.5908, train_soft=0.1235, train_logit_mse=0.5117, train_feature_mse=0.0008, train_acc=0.8099, alpha=0.100, val_acc=0.7770, val_macro_f1=0.6259, val_weighted_f1=0.7645, lr=0.000010, epoch_time=17.55s
Early stopping triggered.
Loaded best KD student checkpoint for final test evaluation.
Best validation macro-F1: 0.6388
Best epoch: 55
Time to best model: 974.75 seconds
Checkpoint size (MB): 0.114
Student size: small
Teacher used: checkpoints/teacher/teacher_cnn_seed42.pt
Teacher arch: TeacherCNN
Teacher size: large
Checkpoint seed: 42
Test accuracy (KD student): 0.7764
Test macro-F1 (KD student): 0.6199
Test weighted-F1 (KD student): 0.7623
Test classification report:
              precision    recall  f1-score   support

           0       0.87      0.61      0.72       184
           1       0.33      0.12      0.18        56
           2       0.77      0.54      0.63       256
           3       0.80      0.93      0.86       912
           4       0.69      0.73      0.71       242

    accuracy                           0.78      1650
   macro avg       0.69      0.59      0.62      1650
weighted avg       0.77      0.78      0.76      1650

Test confusion matrix:
[[113   2   8  54   7]
 [  1   7   2  38   8]
 [  6   0 137  78  35]
 [  7   7  20 847  31]
 [  3   5  10  47 177]]
Inference latency: 1.5073 ms/sample
Parsed metrics for seed 42:
  Accuracy    = 0.7764
  Macro-F1    = 0.6199
  Weighted-F1 = 0.7623

----- SEED 123 -----
Using device: cuda
Seed: 123
Deterministic mode: True
Deterministic warn_only: True
KD hyperparameters: alpha_start=0.100, alpha_end=0.100, temperature=1.00, logit_mse_weight=0.030, feature_mse_weight=0.030, class_weight_gamma=0.00, sampler_power=0.35, label_smoothing=0.000, student_size=small
Training: batch_size=64, lr=0.0008, epochs=70, patience=15, weight_decay=0.002, grad_clip=1.0, num_workers=2, disable_augmentation=False, use_weighted_sampler=False
Teacher checkpoint path: checkpoints/teacher/teacher_cnn_seed123.pt
Student checkpoint path: /users/40370279/csc4006/code/experiments/6__distillation_component/checkpoints/student_both_seed123.pt
Training set size: 12957
Validation set size: 1637
Test set size: 1650
Number of leads: 12 classes: 5
Classes: ['CD' 'HYP' 'MI' 'NORM' 'STTC']
Trainable parameters (student): 5897
Total parameters (student): 5897
Estimated model size (MB): 0.024
Teacher pooled dim: 896
Student pooled dim: 18
Class weights: [1. 1. 1. 1. 1.]
Training sampler: standard shuffled loader
[Epoch 001] train_loss=0.7953, train_hard=1.1777, train_soft=0.6796, train_logit_mse=2.1496, train_feature_mse=0.0471, train_acc=0.5880, alpha=0.100, val_acc=0.6591, val_macro_f1=0.3761, val_weighted_f1=0.5999, lr=0.000800, epoch_time=18.73s
  -> New best KD student saved to /users/40370279/csc4006/code/experiments/6__distillation_component/checkpoints/student_both_seed123.pt
[Epoch 002] train_loss=0.5612, train_hard=0.9384, train_soft=0.4672, train_logit_mse=1.5357, train_feature_mse=0.0281, train_acc=0.6736, alpha=0.100, val_acc=0.7147, val_macro_f1=0.4917, val_weighted_f1=0.6857, lr=0.000798, epoch_time=17.57s
  -> New best KD student saved to /users/40370279/csc4006/code/experiments/6__distillation_component/checkpoints/student_both_seed123.pt
[Epoch 003] train_loss=0.4777, train_hard=0.8530, train_soft=0.3909, train_logit_mse=1.3309, train_feature_mse=0.0202, train_acc=0.7099, alpha=0.100, val_acc=0.7202, val_macro_f1=0.4949, val_weighted_f1=0.6839, lr=0.000796, epoch_time=17.55s
  -> New best KD student saved to /users/40370279/csc4006/code/experiments/6__distillation_component/checkpoints/student_both_seed123.pt
[Epoch 004] train_loss=0.4292, train_hard=0.8020, train_soft=0.3470, train_logit_mse=1.2111, train_feature_mse=0.0127, train_acc=0.7351, alpha=0.100, val_acc=0.7306, val_macro_f1=0.5067, val_weighted_f1=0.6929, lr=0.000794, epoch_time=17.60s
  -> New best KD student saved to /users/40370279/csc4006/code/experiments/6__distillation_component/checkpoints/student_both_seed123.pt
[Epoch 005] train_loss=0.3816, train_hard=0.7560, train_soft=0.3033, train_logit_mse=1.0940, train_feature_mse=0.0070, train_acc=0.7556, alpha=0.100, val_acc=0.7404, val_macro_f1=0.5249, val_weighted_f1=0.7068, lr=0.000790, epoch_time=17.63s
  -> New best KD student saved to /users/40370279/csc4006/code/experiments/6__distillation_component/checkpoints/student_both_seed123.pt
[Epoch 006] train_loss=0.3662, train_hard=0.7397, train_soft=0.2898, train_logit_mse=1.0459, train_feature_mse=0.0038, train_acc=0.7640, alpha=0.100, val_acc=0.7471, val_macro_f1=0.5387, val_weighted_f1=0.7189, lr=0.000786, epoch_time=17.53s
  -> New best KD student saved to /users/40370279/csc4006/code/experiments/6__distillation_component/checkpoints/student_both_seed123.pt
[Epoch 007] train_loss=0.3465, train_hard=0.7197, train_soft=0.2718, train_logit_mse=0.9964, train_feature_mse=0.0024, train_acc=0.7656, alpha=0.100, val_acc=0.7398, val_macro_f1=0.5184, val_weighted_f1=0.7039, lr=0.000781, epoch_time=17.55s
[Epoch 008] train_loss=0.3354, train_hard=0.7112, train_soft=0.2615, train_logit_mse=0.9625, train_feature_mse=0.0020, train_acc=0.7695, alpha=0.100, val_acc=0.7557, val_macro_f1=0.5489, val_weighted_f1=0.7287, lr=0.000775, epoch_time=17.67s
  -> New best KD student saved to /users/40370279/csc4006/code/experiments/6__distillation_component/checkpoints/student_both_seed123.pt
[Epoch 009] train_loss=0.3285, train_hard=0.7102, train_soft=0.2547, train_logit_mse=0.9425, train_feature_mse=0.0018, train_acc=0.7709, alpha=0.100, val_acc=0.7483, val_macro_f1=0.5339, val_weighted_f1=0.7173, lr=0.000768, epoch_time=17.47s
[Epoch 010] train_loss=0.3202, train_hard=0.6992, train_soft=0.2476, train_logit_mse=0.9121, train_feature_mse=0.0016, train_acc=0.7748, alpha=0.100, val_acc=0.7563, val_macro_f1=0.5452, val_weighted_f1=0.7270, lr=0.000761, epoch_time=17.57s
[Epoch 011] train_loss=0.3106, train_hard=0.6889, train_soft=0.2388, train_logit_mse=0.8915, train_feature_mse=0.0016, train_acc=0.7802, alpha=0.100, val_acc=0.7416, val_macro_f1=0.5267, val_weighted_f1=0.7078, lr=0.000753, epoch_time=17.48s
[Epoch 012] train_loss=0.3054, train_hard=0.6848, train_soft=0.2343, train_logit_mse=0.8678, train_feature_mse=0.0015, train_acc=0.7787, alpha=0.100, val_acc=0.7557, val_macro_f1=0.5482, val_weighted_f1=0.7280, lr=0.000744, epoch_time=17.62s
[Epoch 013] train_loss=0.2962, train_hard=0.6755, train_soft=0.2258, train_logit_mse=0.8450, train_feature_mse=0.0014, train_acc=0.7842, alpha=0.100, val_acc=0.7575, val_macro_f1=0.5544, val_weighted_f1=0.7325, lr=0.000735, epoch_time=17.49s
  -> New best KD student saved to /users/40370279/csc4006/code/experiments/6__distillation_component/checkpoints/student_both_seed123.pt
[Epoch 014] train_loss=0.2916, train_hard=0.6744, train_soft=0.2216, train_logit_mse=0.8238, train_feature_mse=0.0014, train_acc=0.7837, alpha=0.100, val_acc=0.7563, val_macro_f1=0.5557, val_weighted_f1=0.7330, lr=0.000725, epoch_time=17.60s
  -> New best KD student saved to /users/40370279/csc4006/code/experiments/6__distillation_component/checkpoints/student_both_seed123.pt
[Epoch 015] train_loss=0.2866, train_hard=0.6698, train_soft=0.2169, train_logit_mse=0.8104, train_feature_mse=0.0013, train_acc=0.7847, alpha=0.100, val_acc=0.7526, val_macro_f1=0.5531, val_weighted_f1=0.7307, lr=0.000714, epoch_time=17.57s
[Epoch 016] train_loss=0.2832, train_hard=0.6664, train_soft=0.2140, train_logit_mse=0.7970, train_feature_mse=0.0013, train_acc=0.7867, alpha=0.100, val_acc=0.7526, val_macro_f1=0.5473, val_weighted_f1=0.7263, lr=0.000702, epoch_time=17.51s
[Epoch 017] train_loss=0.2795, train_hard=0.6642, train_soft=0.2105, train_logit_mse=0.7861, train_feature_mse=0.0013, train_acc=0.7807, alpha=0.100, val_acc=0.7581, val_macro_f1=0.5563, val_weighted_f1=0.7321, lr=0.000691, epoch_time=17.54s
  -> New best KD student saved to /users/40370279/csc4006/code/experiments/6__distillation_component/checkpoints/student_both_seed123.pt
[Epoch 018] train_loss=0.2746, train_hard=0.6631, train_soft=0.2055, train_logit_mse=0.7761, train_feature_mse=0.0013, train_acc=0.7852, alpha=0.100, val_acc=0.7550, val_macro_f1=0.5543, val_weighted_f1=0.7312, lr=0.000678, epoch_time=17.60s
[Epoch 019] train_loss=0.2676, train_hard=0.6502, train_soft=0.1998, train_logit_mse=0.7588, train_feature_mse=0.0012, train_acc=0.7889, alpha=0.100, val_acc=0.7599, val_macro_f1=0.5635, val_weighted_f1=0.7364, lr=0.000665, epoch_time=17.53s
  -> New best KD student saved to /users/40370279/csc4006/code/experiments/6__distillation_component/checkpoints/student_both_seed123.pt
[Epoch 020] train_loss=0.2653, train_hard=0.6515, train_soft=0.1973, train_logit_mse=0.7503, train_feature_mse=0.0012, train_acc=0.7927, alpha=0.100, val_acc=0.7538, val_macro_f1=0.5538, val_weighted_f1=0.7286, lr=0.000651, epoch_time=17.45s
[Epoch 021] train_loss=0.2633, train_hard=0.6544, train_soft=0.1953, train_logit_mse=0.7361, train_feature_mse=0.0012, train_acc=0.7898, alpha=0.100, val_acc=0.7587, val_macro_f1=0.5646, val_weighted_f1=0.7357, lr=0.000637, epoch_time=17.57s
  -> New best KD student saved to /users/40370279/csc4006/code/experiments/6__distillation_component/checkpoints/student_both_seed123.pt
[Epoch 022] train_loss=0.2618, train_hard=0.6451, train_soft=0.1944, train_logit_mse=0.7411, train_feature_mse=0.0012, train_acc=0.7918, alpha=0.100, val_acc=0.7526, val_macro_f1=0.5526, val_weighted_f1=0.7270, lr=0.000623, epoch_time=17.59s
[Epoch 023] train_loss=0.2570, train_hard=0.6441, train_soft=0.1898, train_logit_mse=0.7272, train_feature_mse=0.0012, train_acc=0.7916, alpha=0.100, val_acc=0.7575, val_macro_f1=0.5627, val_weighted_f1=0.7340, lr=0.000608, epoch_time=17.52s
[Epoch 024] train_loss=0.2544, train_hard=0.6433, train_soft=0.1874, train_logit_mse=0.7139, train_feature_mse=0.0011, train_acc=0.7927, alpha=0.100, val_acc=0.7489, val_macro_f1=0.5384, val_weighted_f1=0.7141, lr=0.000592, epoch_time=17.61s
[Epoch 025] train_loss=0.2522, train_hard=0.6379, train_soft=0.1858, train_logit_mse=0.7055, train_feature_mse=0.0011, train_acc=0.7935, alpha=0.100, val_acc=0.7618, val_macro_f1=0.5734, val_weighted_f1=0.7412, lr=0.000576, epoch_time=17.45s
  -> New best KD student saved to /users/40370279/csc4006/code/experiments/6__distillation_component/checkpoints/student_both_seed123.pt
[Epoch 026] train_loss=0.2493, train_hard=0.6381, train_soft=0.1827, train_logit_mse=0.7013, train_feature_mse=0.0011, train_acc=0.7905, alpha=0.100, val_acc=0.7569, val_macro_f1=0.5600, val_weighted_f1=0.7283, lr=0.000560, epoch_time=17.48s
[Epoch 027] train_loss=0.2480, train_hard=0.6347, train_soft=0.1815, train_logit_mse=0.7059, train_feature_mse=0.0011, train_acc=0.7962, alpha=0.100, val_acc=0.7618, val_macro_f1=0.5623, val_weighted_f1=0.7350, lr=0.000544, epoch_time=17.54s
[Epoch 028] train_loss=0.2415, train_hard=0.6284, train_soft=0.1756, train_logit_mse=0.6849, train_feature_mse=0.0011, train_acc=0.7950, alpha=0.100, val_acc=0.7575, val_macro_f1=0.5656, val_weighted_f1=0.7325, lr=0.000527, epoch_time=17.66s
[Epoch 029] train_loss=0.2442, train_hard=0.6346, train_soft=0.1778, train_logit_mse=0.6910, train_feature_mse=0.0011, train_acc=0.7914, alpha=0.100, val_acc=0.7630, val_macro_f1=0.5756, val_weighted_f1=0.7390, lr=0.000510, epoch_time=17.57s
  -> New best KD student saved to /users/40370279/csc4006/code/experiments/6__distillation_component/checkpoints/student_both_seed123.pt
[Epoch 030] train_loss=0.2441, train_hard=0.6321, train_soft=0.1780, train_logit_mse=0.6907, train_feature_mse=0.0011, train_acc=0.7948, alpha=0.100, val_acc=0.7587, val_macro_f1=0.5679, val_weighted_f1=0.7355, lr=0.000493, epoch_time=17.62s
[Epoch 031] train_loss=0.2372, train_hard=0.6244, train_soft=0.1717, train_logit_mse=0.6753, train_feature_mse=0.0010, train_acc=0.7964, alpha=0.100, val_acc=0.7618, val_macro_f1=0.5745, val_weighted_f1=0.7381, lr=0.000476, epoch_time=17.51s
[Epoch 032] train_loss=0.2386, train_hard=0.6255, train_soft=0.1730, train_logit_mse=0.6782, train_feature_mse=0.0011, train_acc=0.7989, alpha=0.100, val_acc=0.7654, val_macro_f1=0.5795, val_weighted_f1=0.7418, lr=0.000458, epoch_time=17.51s
  -> New best KD student saved to /users/40370279/csc4006/code/experiments/6__distillation_component/checkpoints/student_both_seed123.pt
[Epoch 033] train_loss=0.2372, train_hard=0.6257, train_soft=0.1714, train_logit_mse=0.6767, train_feature_mse=0.0010, train_acc=0.7962, alpha=0.100, val_acc=0.7587, val_macro_f1=0.5733, val_weighted_f1=0.7362, lr=0.000440, epoch_time=17.76s
[Epoch 034] train_loss=0.2364, train_hard=0.6216, train_soft=0.1711, train_logit_mse=0.6750, train_feature_mse=0.0010, train_acc=0.8030, alpha=0.100, val_acc=0.7557, val_macro_f1=0.5576, val_weighted_f1=0.7304, lr=0.000423, epoch_time=17.51s
[Epoch 035] train_loss=0.2320, train_hard=0.6216, train_soft=0.1667, train_logit_mse=0.6594, train_feature_mse=0.0010, train_acc=0.7976, alpha=0.100, val_acc=0.7605, val_macro_f1=0.5849, val_weighted_f1=0.7377, lr=0.000405, epoch_time=17.60s
  -> New best KD student saved to /users/40370279/csc4006/code/experiments/6__distillation_component/checkpoints/student_both_seed123.pt
[Epoch 036] train_loss=0.2302, train_hard=0.6159, train_soft=0.1653, train_logit_mse=0.6584, train_feature_mse=0.0010, train_acc=0.8011, alpha=0.100, val_acc=0.7599, val_macro_f1=0.5828, val_weighted_f1=0.7415, lr=0.000387, epoch_time=17.63s
[Epoch 037] train_loss=0.2297, train_hard=0.6167, train_soft=0.1649, train_logit_mse=0.6552, train_feature_mse=0.0010, train_acc=0.7981, alpha=0.100, val_acc=0.7544, val_macro_f1=0.5773, val_weighted_f1=0.7309, lr=0.000370, epoch_time=17.54s
[Epoch 038] train_loss=0.2277, train_hard=0.6152, train_soft=0.1630, train_logit_mse=0.6484, train_feature_mse=0.0010, train_acc=0.8006, alpha=0.100, val_acc=0.7630, val_macro_f1=0.5768, val_weighted_f1=0.7399, lr=0.000352, epoch_time=17.61s
[Epoch 039] train_loss=0.2253, train_hard=0.6084, train_soft=0.1609, train_logit_mse=0.6544, train_feature_mse=0.0010, train_acc=0.8014, alpha=0.100, val_acc=0.7593, val_macro_f1=0.5779, val_weighted_f1=0.7365, lr=0.000334, epoch_time=17.51s
[Epoch 040] train_loss=0.2254, train_hard=0.6118, train_soft=0.1609, train_logit_mse=0.6475, train_feature_mse=0.0010, train_acc=0.8005, alpha=0.100, val_acc=0.7599, val_macro_f1=0.5697, val_weighted_f1=0.7385, lr=0.000317, epoch_time=17.58s
[Epoch 041] train_loss=0.2248, train_hard=0.6107, train_soft=0.1604, train_logit_mse=0.6429, train_feature_mse=0.0009, train_acc=0.8013, alpha=0.100, val_acc=0.7630, val_macro_f1=0.5898, val_weighted_f1=0.7435, lr=0.000300, epoch_time=17.63s
  -> New best KD student saved to /users/40370279/csc4006/code/experiments/6__distillation_component/checkpoints/student_both_seed123.pt
[Epoch 042] train_loss=0.2210, train_hard=0.6076, train_soft=0.1570, train_logit_mse=0.6288, train_feature_mse=0.0009, train_acc=0.8017, alpha=0.100, val_acc=0.7654, val_macro_f1=0.5878, val_weighted_f1=0.7459, lr=0.000283, epoch_time=17.68s
[Epoch 043] train_loss=0.2204, train_hard=0.6082, train_soft=0.1565, train_logit_mse=0.6246, train_feature_mse=0.0009, train_acc=0.8011, alpha=0.100, val_acc=0.7636, val_macro_f1=0.5909, val_weighted_f1=0.7434, lr=0.000266, epoch_time=17.46s
  -> New best KD student saved to /users/40370279/csc4006/code/experiments/6__distillation_component/checkpoints/student_both_seed123.pt
[Epoch 044] train_loss=0.2243, train_hard=0.6143, train_soft=0.1599, train_logit_mse=0.6338, train_feature_mse=0.0009, train_acc=0.8031, alpha=0.100, val_acc=0.7630, val_macro_f1=0.5873, val_weighted_f1=0.7429, lr=0.000250, epoch_time=17.60s
[Epoch 045] train_loss=0.2212, train_hard=0.6065, train_soft=0.1574, train_logit_mse=0.6301, train_feature_mse=0.0009, train_acc=0.8027, alpha=0.100, val_acc=0.7618, val_macro_f1=0.5829, val_weighted_f1=0.7393, lr=0.000234, epoch_time=17.76s
[Epoch 046] train_loss=0.2197, train_hard=0.6060, train_soft=0.1557, train_logit_mse=0.6306, train_feature_mse=0.0009, train_acc=0.8035, alpha=0.100, val_acc=0.7636, val_macro_f1=0.5912, val_weighted_f1=0.7436, lr=0.000218, epoch_time=17.55s
  -> New best KD student saved to /users/40370279/csc4006/code/experiments/6__distillation_component/checkpoints/student_both_seed123.pt
[Epoch 047] train_loss=0.2168, train_hard=0.6060, train_soft=0.1529, train_logit_mse=0.6188, train_feature_mse=0.0009, train_acc=0.8020, alpha=0.100, val_acc=0.7611, val_macro_f1=0.5883, val_weighted_f1=0.7435, lr=0.000202, epoch_time=17.60s
[Epoch 048] train_loss=0.2195, train_hard=0.6072, train_soft=0.1554, train_logit_mse=0.6296, train_feature_mse=0.0009, train_acc=0.8036, alpha=0.100, val_acc=0.7654, val_macro_f1=0.5967, val_weighted_f1=0.7476, lr=0.000187, epoch_time=17.68s
  -> New best KD student saved to /users/40370279/csc4006/code/experiments/6__distillation_component/checkpoints/student_both_seed123.pt
[Epoch 049] train_loss=0.2178, train_hard=0.6050, train_soft=0.1538, train_logit_mse=0.6286, train_feature_mse=0.0009, train_acc=0.8050, alpha=0.100, val_acc=0.7648, val_macro_f1=0.5837, val_weighted_f1=0.7429, lr=0.000173, epoch_time=17.56s
[Epoch 050] train_loss=0.2167, train_hard=0.6015, train_soft=0.1532, train_logit_mse=0.6221, train_feature_mse=0.0009, train_acc=0.8022, alpha=0.100, val_acc=0.7648, val_macro_f1=0.5887, val_weighted_f1=0.7434, lr=0.000159, epoch_time=17.53s
[Epoch 051] train_loss=0.2141, train_hard=0.6006, train_soft=0.1505, train_logit_mse=0.6176, train_feature_mse=0.0009, train_acc=0.8078, alpha=0.100, val_acc=0.7605, val_macro_f1=0.5852, val_weighted_f1=0.7394, lr=0.000145, epoch_time=17.73s
[Epoch 052] train_loss=0.2147, train_hard=0.5988, train_soft=0.1515, train_logit_mse=0.6148, train_feature_mse=0.0009, train_acc=0.8040, alpha=0.100, val_acc=0.7642, val_macro_f1=0.5931, val_weighted_f1=0.7454, lr=0.000132, epoch_time=17.51s
[Epoch 053] train_loss=0.2140, train_hard=0.6000, train_soft=0.1506, train_logit_mse=0.6142, train_feature_mse=0.0009, train_acc=0.8036, alpha=0.100, val_acc=0.7611, val_macro_f1=0.5895, val_weighted_f1=0.7423, lr=0.000119, epoch_time=17.54s
[Epoch 054] train_loss=0.2144, train_hard=0.6000, train_soft=0.1511, train_logit_mse=0.6116, train_feature_mse=0.0009, train_acc=0.8006, alpha=0.100, val_acc=0.7666, val_macro_f1=0.5915, val_weighted_f1=0.7465, lr=0.000108, epoch_time=17.64s
[Epoch 055] train_loss=0.2120, train_hard=0.5976, train_soft=0.1487, train_logit_mse=0.6144, train_feature_mse=0.0009, train_acc=0.8069, alpha=0.100, val_acc=0.7685, val_macro_f1=0.5967, val_weighted_f1=0.7489, lr=0.000096, epoch_time=17.59s
[Epoch 056] train_loss=0.2134, train_hard=0.6012, train_soft=0.1498, train_logit_mse=0.6128, train_feature_mse=0.0009, train_acc=0.8043, alpha=0.100, val_acc=0.7679, val_macro_f1=0.5960, val_weighted_f1=0.7497, lr=0.000085, epoch_time=17.53s
[Epoch 057] train_loss=0.2131, train_hard=0.6001, train_soft=0.1498, train_logit_mse=0.6092, train_feature_mse=0.0009, train_acc=0.8052, alpha=0.100, val_acc=0.7666, val_macro_f1=0.5947, val_weighted_f1=0.7477, lr=0.000075, epoch_time=17.51s
[Epoch 058] train_loss=0.2109, train_hard=0.5994, train_soft=0.1473, train_logit_mse=0.6111, train_feature_mse=0.0009, train_acc=0.8048, alpha=0.100, val_acc=0.7642, val_macro_f1=0.5925, val_weighted_f1=0.7444, lr=0.000066, epoch_time=17.67s
[Epoch 059] train_loss=0.2106, train_hard=0.5953, train_soft=0.1476, train_logit_mse=0.6066, train_feature_mse=0.0009, train_acc=0.8074, alpha=0.100, val_acc=0.7648, val_macro_f1=0.5955, val_weighted_f1=0.7471, lr=0.000057, epoch_time=17.64s
[Epoch 060] train_loss=0.2146, train_hard=0.6007, train_soft=0.1512, train_logit_mse=0.6123, train_feature_mse=0.0009, train_acc=0.8058, alpha=0.100, val_acc=0.7648, val_macro_f1=0.5927, val_weighted_f1=0.7452, lr=0.000049, epoch_time=17.60s
[Epoch 061] train_loss=0.2138, train_hard=0.6002, train_soft=0.1504, train_logit_mse=0.6154, train_feature_mse=0.0009, train_acc=0.8025, alpha=0.100, val_acc=0.7660, val_macro_f1=0.5950, val_weighted_f1=0.7478, lr=0.000042, epoch_time=17.60s
[Epoch 062] train_loss=0.2104, train_hard=0.5977, train_soft=0.1472, train_logit_mse=0.6038, train_feature_mse=0.0009, train_acc=0.8051, alpha=0.100, val_acc=0.7648, val_macro_f1=0.5920, val_weighted_f1=0.7446, lr=0.000035, epoch_time=17.61s
[Epoch 063] train_loss=0.2083, train_hard=0.5942, train_soft=0.1453, train_logit_mse=0.6033, train_feature_mse=0.0009, train_acc=0.8078, alpha=0.100, val_acc=0.7630, val_macro_f1=0.5926, val_weighted_f1=0.7455, lr=0.000029, epoch_time=17.57s
Early stopping triggered.
Loaded best KD student checkpoint for final test evaluation.
Best validation macro-F1: 0.5967
Best epoch: 48
Time to best model: 850.16 seconds
Checkpoint size (MB): 0.114
Student size: small
Teacher used: checkpoints/teacher/teacher_cnn_seed123.pt
Teacher arch: TeacherCNN
Teacher size: large
Checkpoint seed: 123
Test accuracy (KD student): 0.7739
Test macro-F1 (KD student): 0.6018
Test weighted-F1 (KD student): 0.7559
Test classification report:
              precision    recall  f1-score   support

           0       0.85      0.64      0.73       184
           1       0.31      0.07      0.12        56
           2       0.77      0.51      0.62       256
           3       0.79      0.94      0.86       912
           4       0.70      0.69      0.69       242

    accuracy                           0.77      1650
   macro avg       0.68      0.57      0.60      1650
weighted avg       0.76      0.77      0.76      1650

Test confusion matrix:
[[117   2   5  54   6]
 [  1   4   3  41   7]
 [ 11   0 131  82  32]
 [  8   3  17 859  25]
 [  1   4  14  57 166]]
Inference latency: 1.4383 ms/sample
Parsed metrics for seed 123:
  Accuracy    = 0.7739
  Macro-F1    = 0.6018
  Weighted-F1 = 0.7559

----- SEED 999 -----
Using device: cuda
Seed: 999
Deterministic mode: True
Deterministic warn_only: True
KD hyperparameters: alpha_start=0.100, alpha_end=0.100, temperature=1.00, logit_mse_weight=0.030, feature_mse_weight=0.030, class_weight_gamma=0.00, sampler_power=0.35, label_smoothing=0.000, student_size=small
Training: batch_size=64, lr=0.0008, epochs=70, patience=15, weight_decay=0.002, grad_clip=1.0, num_workers=2, disable_augmentation=False, use_weighted_sampler=False
Teacher checkpoint path: checkpoints/teacher/teacher_cnn_seed999.pt
Student checkpoint path: /users/40370279/csc4006/code/experiments/6__distillation_component/checkpoints/student_both_seed999.pt
Training set size: 12957
Validation set size: 1637
Test set size: 1650
Number of leads: 12 classes: 5
Classes: ['CD' 'HYP' 'MI' 'NORM' 'STTC']
Trainable parameters (student): 5897
Total parameters (student): 5897
Estimated model size (MB): 0.024
Teacher pooled dim: 896
Student pooled dim: 18
Class weights: [1. 1. 1. 1. 1.]
Training sampler: standard shuffled loader
[Epoch 001] train_loss=0.9129, train_hard=1.1799, train_soft=0.7923, train_logit_mse=2.6748, train_feature_mse=0.0523, train_acc=0.5786, alpha=0.100, val_acc=0.6237, val_macro_f1=0.2870, val_weighted_f1=0.5423, lr=0.000800, epoch_time=18.73s
  -> New best KD student saved to /users/40370279/csc4006/code/experiments/6__distillation_component/checkpoints/student_both_seed999.pt
[Epoch 002] train_loss=0.6722, train_hard=0.9344, train_soft=0.5755, train_logit_mse=1.9970, train_feature_mse=0.0297, train_acc=0.6726, alpha=0.100, val_acc=0.6976, val_macro_f1=0.4576, val_weighted_f1=0.6555, lr=0.000798, epoch_time=17.49s
  -> New best KD student saved to /users/40370279/csc4006/code/experiments/6__distillation_component/checkpoints/student_both_seed999.pt
[Epoch 003] train_loss=0.5669, train_hard=0.8348, train_soft=0.4789, train_logit_mse=1.7326, train_feature_mse=0.0155, train_acc=0.7185, alpha=0.100, val_acc=0.7227, val_macro_f1=0.5039, val_weighted_f1=0.6889, lr=0.000796, epoch_time=17.39s
  -> New best KD student saved to /users/40370279/csc4006/code/experiments/6__distillation_component/checkpoints/student_both_seed999.pt
[Epoch 004] train_loss=0.5195, train_hard=0.7925, train_soft=0.4353, train_logit_mse=1.6080, train_feature_mse=0.0094, train_acc=0.7379, alpha=0.100, val_acc=0.7306, val_macro_f1=0.5135, val_weighted_f1=0.6988, lr=0.000794, epoch_time=17.52s
  -> New best KD student saved to /users/40370279/csc4006/code/experiments/6__distillation_component/checkpoints/student_both_seed999.pt
[Epoch 005] train_loss=0.4770, train_hard=0.7524, train_soft=0.3975, train_logit_mse=1.4598, train_feature_mse=0.0059, train_acc=0.7560, alpha=0.100, val_acc=0.7502, val_macro_f1=0.5460, val_weighted_f1=0.7259, lr=0.000790, epoch_time=17.52s
  -> New best KD student saved to /users/40370279/csc4006/code/experiments/6__distillation_component/checkpoints/student_both_seed999.pt
[Epoch 006] train_loss=0.4570, train_hard=0.7357, train_soft=0.3800, train_logit_mse=1.3790, train_feature_mse=0.0036, train_acc=0.7600, alpha=0.100, val_acc=0.7422, val_macro_f1=0.5339, val_weighted_f1=0.7154, lr=0.000786, epoch_time=17.40s
[Epoch 007] train_loss=0.4337, train_hard=0.7161, train_soft=0.3587, train_logit_mse=1.3062, train_feature_mse=0.0025, train_acc=0.7651, alpha=0.100, val_acc=0.7428, val_macro_f1=0.5340, val_weighted_f1=0.7152, lr=0.000781, epoch_time=17.52s
[Epoch 008] train_loss=0.4185, train_hard=0.6965, train_soft=0.3455, train_logit_mse=1.2611, train_feature_mse=0.0021, train_acc=0.7739, alpha=0.100, val_acc=0.7440, val_macro_f1=0.5308, val_weighted_f1=0.7120, lr=0.000775, epoch_time=17.38s
[Epoch 009] train_loss=0.4097, train_hard=0.6923, train_soft=0.3372, train_logit_mse=1.2318, train_feature_mse=0.0019, train_acc=0.7746, alpha=0.100, val_acc=0.7404, val_macro_f1=0.5298, val_weighted_f1=0.7097, lr=0.000768, epoch_time=17.48s
[Epoch 010] train_loss=0.3984, train_hard=0.6804, train_soft=0.3271, train_logit_mse=1.1956, train_feature_mse=0.0018, train_acc=0.7797, alpha=0.100, val_acc=0.7404, val_macro_f1=0.5250, val_weighted_f1=0.7067, lr=0.000761, epoch_time=17.31s
[Epoch 011] train_loss=0.3927, train_hard=0.6768, train_soft=0.3217, train_logit_mse=1.1838, train_feature_mse=0.0017, train_acc=0.7805, alpha=0.100, val_acc=0.7569, val_macro_f1=0.5651, val_weighted_f1=0.7361, lr=0.000753, epoch_time=17.38s
  -> New best KD student saved to /users/40370279/csc4006/code/experiments/6__distillation_component/checkpoints/student_both_seed999.pt
[Epoch 012] train_loss=0.3830, train_hard=0.6683, train_soft=0.3129, train_logit_mse=1.1501, train_feature_mse=0.0016, train_acc=0.7833, alpha=0.100, val_acc=0.7477, val_macro_f1=0.5437, val_weighted_f1=0.7208, lr=0.000744, epoch_time=17.54s
[Epoch 013] train_loss=0.3761, train_hard=0.6655, train_soft=0.3061, train_logit_mse=1.1329, train_feature_mse=0.0015, train_acc=0.7850, alpha=0.100, val_acc=0.7489, val_macro_f1=0.5497, val_weighted_f1=0.7241, lr=0.000735, epoch_time=17.48s
[Epoch 014] train_loss=0.3721, train_hard=0.6579, train_soft=0.3027, train_logit_mse=1.1258, train_feature_mse=0.0015, train_acc=0.7840, alpha=0.100, val_acc=0.7477, val_macro_f1=0.5504, val_weighted_f1=0.7234, lr=0.000725, epoch_time=17.36s
[Epoch 015] train_loss=0.3634, train_hard=0.6497, train_soft=0.2946, train_logit_mse=1.1076, train_feature_mse=0.0014, train_acc=0.7922, alpha=0.100, val_acc=0.7624, val_macro_f1=0.5637, val_weighted_f1=0.7381, lr=0.000714, epoch_time=17.51s
[Epoch 016] train_loss=0.3637, train_hard=0.6535, train_soft=0.2948, train_logit_mse=1.0983, train_feature_mse=0.0014, train_acc=0.7897, alpha=0.100, val_acc=0.7563, val_macro_f1=0.5605, val_weighted_f1=0.7336, lr=0.000702, epoch_time=17.54s
[Epoch 017] train_loss=0.3530, train_hard=0.6386, train_soft=0.2853, train_logit_mse=1.0772, train_feature_mse=0.0014, train_acc=0.7929, alpha=0.100, val_acc=0.7569, val_macro_f1=0.5585, val_weighted_f1=0.7330, lr=0.000691, epoch_time=17.44s
[Epoch 018] train_loss=0.3494, train_hard=0.6432, train_soft=0.2812, train_logit_mse=1.0656, train_feature_mse=0.0013, train_acc=0.7936, alpha=0.100, val_acc=0.7569, val_macro_f1=0.5553, val_weighted_f1=0.7296, lr=0.000678, epoch_time=17.56s
[Epoch 019] train_loss=0.3477, train_hard=0.6354, train_soft=0.2804, train_logit_mse=1.0611, train_feature_mse=0.0013, train_acc=0.7946, alpha=0.100, val_acc=0.7544, val_macro_f1=0.5531, val_weighted_f1=0.7256, lr=0.000665, epoch_time=17.49s
[Epoch 020] train_loss=0.3444, train_hard=0.6347, train_soft=0.2771, train_logit_mse=1.0510, train_feature_mse=0.0013, train_acc=0.7938, alpha=0.100, val_acc=0.7569, val_macro_f1=0.5549, val_weighted_f1=0.7321, lr=0.000651, epoch_time=17.53s
[Epoch 021] train_loss=0.3397, train_hard=0.6293, train_soft=0.2726, train_logit_mse=1.0446, train_feature_mse=0.0013, train_acc=0.8005, alpha=0.100, val_acc=0.7605, val_macro_f1=0.5628, val_weighted_f1=0.7361, lr=0.000637, epoch_time=17.50s
[Epoch 022] train_loss=0.3374, train_hard=0.6284, train_soft=0.2707, train_logit_mse=1.0306, train_feature_mse=0.0013, train_acc=0.7976, alpha=0.100, val_acc=0.7538, val_macro_f1=0.5495, val_weighted_f1=0.7250, lr=0.000623, epoch_time=17.46s
[Epoch 023] train_loss=0.3339, train_hard=0.6276, train_soft=0.2671, train_logit_mse=1.0237, train_feature_mse=0.0012, train_acc=0.7991, alpha=0.100, val_acc=0.7495, val_macro_f1=0.5438, val_weighted_f1=0.7201, lr=0.000608, epoch_time=17.47s
[Epoch 024] train_loss=0.3279, train_hard=0.6201, train_soft=0.2619, train_logit_mse=1.0061, train_feature_mse=0.0012, train_acc=0.7974, alpha=0.100, val_acc=0.7660, val_macro_f1=0.5677, val_weighted_f1=0.7415, lr=0.000592, epoch_time=17.52s
  -> New best KD student saved to /users/40370279/csc4006/code/experiments/6__distillation_component/checkpoints/student_both_seed999.pt
[Epoch 025] train_loss=0.3293, train_hard=0.6209, train_soft=0.2632, train_logit_mse=1.0109, train_feature_mse=0.0012, train_acc=0.8000, alpha=0.100, val_acc=0.7673, val_macro_f1=0.5740, val_weighted_f1=0.7456, lr=0.000576, epoch_time=17.44s
  -> New best KD student saved to /users/40370279/csc4006/code/experiments/6__distillation_component/checkpoints/student_both_seed999.pt
[Epoch 026] train_loss=0.3241, train_hard=0.6169, train_soft=0.2584, train_logit_mse=0.9936, train_feature_mse=0.0012, train_acc=0.8016, alpha=0.100, val_acc=0.7630, val_macro_f1=0.5640, val_weighted_f1=0.7367, lr=0.000560, epoch_time=17.46s
[Epoch 027] train_loss=0.3266, train_hard=0.6201, train_soft=0.2608, train_logit_mse=0.9959, train_feature_mse=0.0012, train_acc=0.7984, alpha=0.100, val_acc=0.7758, val_macro_f1=0.5806, val_weighted_f1=0.7525, lr=0.000544, epoch_time=17.42s
  -> New best KD student saved to /users/40370279/csc4006/code/experiments/6__distillation_component/checkpoints/student_both_seed999.pt
[Epoch 028] train_loss=0.3213, train_hard=0.6141, train_soft=0.2559, train_logit_mse=0.9827, train_feature_mse=0.0012, train_acc=0.8010, alpha=0.100, val_acc=0.7660, val_macro_f1=0.5699, val_weighted_f1=0.7436, lr=0.000527, epoch_time=17.47s
[Epoch 029] train_loss=0.3175, train_hard=0.6124, train_soft=0.2521, train_logit_mse=0.9760, train_feature_mse=0.0012, train_acc=0.8041, alpha=0.100, val_acc=0.7666, val_macro_f1=0.5719, val_weighted_f1=0.7437, lr=0.000510, epoch_time=17.37s
[Epoch 030] train_loss=0.3129, train_hard=0.6069, train_soft=0.2477, train_logit_mse=0.9748, train_feature_mse=0.0012, train_acc=0.8088, alpha=0.100, val_acc=0.7605, val_macro_f1=0.5643, val_weighted_f1=0.7376, lr=0.000493, epoch_time=17.54s
[Epoch 031] train_loss=0.3095, train_hard=0.6086, train_soft=0.2443, train_logit_mse=0.9590, train_feature_mse=0.0011, train_acc=0.8061, alpha=0.100, val_acc=0.7587, val_macro_f1=0.5569, val_weighted_f1=0.7305, lr=0.000476, epoch_time=17.56s
[Epoch 032] train_loss=0.3085, train_hard=0.6035, train_soft=0.2438, train_logit_mse=0.9565, train_feature_mse=0.0011, train_acc=0.8040, alpha=0.100, val_acc=0.7679, val_macro_f1=0.5722, val_weighted_f1=0.7440, lr=0.000458, epoch_time=17.39s
[Epoch 033] train_loss=0.3063, train_hard=0.6009, train_soft=0.2418, train_logit_mse=0.9518, train_feature_mse=0.0011, train_acc=0.8049, alpha=0.100, val_acc=0.7618, val_macro_f1=0.5591, val_weighted_f1=0.7336, lr=0.000440, epoch_time=17.38s
[Epoch 034] train_loss=0.3061, train_hard=0.6007, train_soft=0.2417, train_logit_mse=0.9474, train_feature_mse=0.0011, train_acc=0.8064, alpha=0.100, val_acc=0.7666, val_macro_f1=0.5724, val_weighted_f1=0.7434, lr=0.000423, epoch_time=17.37s
[Epoch 035] train_loss=0.3041, train_hard=0.6007, train_soft=0.2398, train_logit_mse=0.9385, train_feature_mse=0.0011, train_acc=0.8058, alpha=0.100, val_acc=0.7636, val_macro_f1=0.5683, val_weighted_f1=0.7405, lr=0.000405, epoch_time=17.43s
[Epoch 036] train_loss=0.3043, train_hard=0.6012, train_soft=0.2400, train_logit_mse=0.9380, train_feature_mse=0.0011, train_acc=0.8031, alpha=0.100, val_acc=0.7599, val_macro_f1=0.5558, val_weighted_f1=0.7307, lr=0.000387, epoch_time=17.40s
[Epoch 037] train_loss=0.3019, train_hard=0.5983, train_soft=0.2377, train_logit_mse=0.9374, train_feature_mse=0.0011, train_acc=0.8063, alpha=0.100, val_acc=0.7685, val_macro_f1=0.5710, val_weighted_f1=0.7443, lr=0.000370, epoch_time=17.43s
[Epoch 038] train_loss=0.2976, train_hard=0.5923, train_soft=0.2339, train_logit_mse=0.9281, train_feature_mse=0.0011, train_acc=0.8091, alpha=0.100, val_acc=0.7654, val_macro_f1=0.5697, val_weighted_f1=0.7416, lr=0.000352, epoch_time=17.17s
[Epoch 039] train_loss=0.2993, train_hard=0.5978, train_soft=0.2351, train_logit_mse=0.9291, train_feature_mse=0.0011, train_acc=0.8091, alpha=0.100, val_acc=0.7673, val_macro_f1=0.5731, val_weighted_f1=0.7453, lr=0.000334, epoch_time=17.39s
[Epoch 040] train_loss=0.2987, train_hard=0.5979, train_soft=0.2346, train_logit_mse=0.9237, train_feature_mse=0.0011, train_acc=0.8089, alpha=0.100, val_acc=0.7660, val_macro_f1=0.5680, val_weighted_f1=0.7423, lr=0.000317, epoch_time=17.50s
[Epoch 041] train_loss=0.2926, train_hard=0.5913, train_soft=0.2289, train_logit_mse=0.9121, train_feature_mse=0.0010, train_acc=0.8072, alpha=0.100, val_acc=0.7734, val_macro_f1=0.5805, val_weighted_f1=0.7507, lr=0.000300, epoch_time=17.39s
[Epoch 042] train_loss=0.2887, train_hard=0.5858, train_soft=0.2255, train_logit_mse=0.9037, train_feature_mse=0.0010, train_acc=0.8113, alpha=0.100, val_acc=0.7697, val_macro_f1=0.5761, val_weighted_f1=0.7476, lr=0.000283, epoch_time=17.46s
Early stopping triggered.
Loaded best KD student checkpoint for final test evaluation.
Best validation macro-F1: 0.5806
Best epoch: 27
Time to best model: 500.08 seconds
Checkpoint size (MB): 0.114
Student size: small
Teacher used: checkpoints/teacher/teacher_cnn_seed999.pt
Teacher arch: TeacherCNN
Teacher size: large
Checkpoint seed: 999
Test accuracy (KD student): 0.7739
Test macro-F1 (KD student): 0.5794
Test weighted-F1 (KD student): 0.7513
Test classification report:
              precision    recall  f1-score   support

           0       0.85      0.64      0.73       184
           1       0.00      0.00      0.00        56
           2       0.76      0.52      0.62       256
           3       0.78      0.95      0.85       912
           4       0.72      0.68      0.70       242

    accuracy                           0.77      1650
   macro avg       0.62      0.56      0.58      1650
weighted avg       0.75      0.77      0.75      1650

Test confusion matrix:
[[117   0   8  53   6]
 [  0   0   2  48   6]
 [ 10   0 133  83  30]
 [  9   0  19 862  22]
 [  2   0  14  61 165]]
Inference latency: 1.4028 ms/sample
Parsed metrics for seed 999:
  Accuracy    = 0.7739
  Macro-F1    = 0.5794
  Weighted-F1 = 0.7513

===== EXPERIMENT 6 SUMMARY: LOGITS + FEATURES =====
Distillation : logits + features
Alpha        : 0.1
Temperature  : 1
Seeds        : 42 123 999
Accuracy     : 0.7747 ± 0.0012
Macro F1     : 0.6004 ± 0.0166
Weighted F1  : 0.7565 ± 0.0045

Finished at: Sat Mar 28 21:13:44 GMT 2026
