[38;5;127mpython3[0m/[38;5;172m3.10.5[0m/[38;5;67mgcc-9.3.0[0m
 |
 [0;32mOK[0m
[38;5;127mgcc[0m/[38;5;172m9.3.0[0m
 |
 [0;32mOK[0m
===== EXPERIMENT 6: FEATURES ONLY =====
Teacher checkpoints source: /users/40370279/csc4006/code/checkpoints/teacher
Student outputs directory : /users/40370279/csc4006/code/experiments/6__distillation_component
This job runs multiple seeds: 42, 123, 999
Job ID: 7992141
Host: gpu107.pri.kelvin2.alces.network
Start time: Sat Mar 28 20:13:44 GMT 2026

----- SEED 42 -----
Using device: cuda
Seed: 42
Deterministic mode: True
Deterministic warn_only: True
KD hyperparameters: alpha_start=0.100, alpha_end=0.100, temperature=1.00, logit_mse_weight=0.000, feature_mse_weight=0.030, class_weight_gamma=0.00, sampler_power=0.35, label_smoothing=0.000, student_size=small
Training: batch_size=64, lr=0.0008, epochs=70, patience=15, weight_decay=0.002, grad_clip=1.0, num_workers=2, disable_augmentation=False, use_weighted_sampler=False
Teacher checkpoint path: checkpoints/teacher/teacher_cnn_seed42.pt
Student checkpoint path: /users/40370279/csc4006/code/experiments/6__distillation_component/checkpoints/student_features_only_seed42.pt
Training set size: 12957
Validation set size: 1637
Test set size: 1650
Number of leads: 12 classes: 5
Classes: ['CD' 'HYP' 'MI' 'NORM' 'STTC']
Trainable parameters (student): 5897
Total parameters (student): 5897
Estimated model size (MB): 0.024
Teacher pooled dim: 896
Student pooled dim: 18
Class weights: [1. 1. 1. 1. 1.]
Training sampler: standard shuffled loader
[Epoch 001] train_loss=0.7339, train_hard=1.2105, train_soft=0.6794, train_logit_mse=2.1447, train_feature_mse=0.0486, train_acc=0.5534, alpha=0.100, val_acc=0.6115, val_macro_f1=0.2438, val_weighted_f1=0.5113, lr=0.000800, epoch_time=19.27s
  -> New best KD student saved to /users/40370279/csc4006/code/experiments/6__distillation_component/checkpoints/student_features_only_seed42.pt
[Epoch 002] train_loss=0.5315, train_hard=0.9771, train_soft=0.4810, train_logit_mse=1.6266, train_feature_mse=0.0293, train_acc=0.6582, alpha=0.100, val_acc=0.6897, val_macro_f1=0.4400, val_weighted_f1=0.6494, lr=0.000798, epoch_time=18.23s
  -> New best KD student saved to /users/40370279/csc4006/code/experiments/6__distillation_component/checkpoints/student_features_only_seed42.pt
[Epoch 003] train_loss=0.4371, train_hard=0.8745, train_soft=0.3878, train_logit_mse=1.3840, train_feature_mse=0.0201, train_acc=0.7031, alpha=0.100, val_acc=0.7092, val_macro_f1=0.4786, val_weighted_f1=0.6761, lr=0.000796, epoch_time=18.36s
  -> New best KD student saved to /users/40370279/csc4006/code/experiments/6__distillation_component/checkpoints/student_features_only_seed42.pt
[Epoch 004] train_loss=0.3838, train_hard=0.8172, train_soft=0.3352, train_logit_mse=1.2752, train_feature_mse=0.0109, train_acc=0.7306, alpha=0.100, val_acc=0.7153, val_macro_f1=0.4833, val_weighted_f1=0.6771, lr=0.000794, epoch_time=18.22s
  -> New best KD student saved to /users/40370279/csc4006/code/experiments/6__distillation_component/checkpoints/student_features_only_seed42.pt
[Epoch 005] train_loss=0.3488, train_hard=0.7786, train_soft=0.3009, train_logit_mse=1.1875, train_feature_mse=0.0059, train_acc=0.7452, alpha=0.100, val_acc=0.7318, val_macro_f1=0.5180, val_weighted_f1=0.7023, lr=0.000790, epoch_time=18.28s
  -> New best KD student saved to /users/40370279/csc4006/code/experiments/6__distillation_component/checkpoints/student_features_only_seed42.pt
[Epoch 006] train_loss=0.3217, train_hard=0.7520, train_soft=0.2738, train_logit_mse=1.0774, train_feature_mse=0.0034, train_acc=0.7580, alpha=0.100, val_acc=0.7355, val_macro_f1=0.5360, val_weighted_f1=0.7161, lr=0.000786, epoch_time=18.13s
  -> New best KD student saved to /users/40370279/csc4006/code/experiments/6__distillation_component/checkpoints/student_features_only_seed42.pt
[Epoch 007] train_loss=0.2990, train_hard=0.7309, train_soft=0.2510, train_logit_mse=0.9680, train_feature_mse=0.0024, train_acc=0.7633, alpha=0.100, val_acc=0.7404, val_macro_f1=0.5407, val_weighted_f1=0.7206, lr=0.000781, epoch_time=18.18s
  -> New best KD student saved to /users/40370279/csc4006/code/experiments/6__distillation_component/checkpoints/student_features_only_seed42.pt
[Epoch 008] train_loss=0.2828, train_hard=0.7112, train_soft=0.2352, train_logit_mse=0.9104, train_feature_mse=0.0020, train_acc=0.7706, alpha=0.100, val_acc=0.7514, val_macro_f1=0.5500, val_weighted_f1=0.7287, lr=0.000775, epoch_time=18.24s
  -> New best KD student saved to /users/40370279/csc4006/code/experiments/6__distillation_component/checkpoints/student_features_only_seed42.pt
[Epoch 009] train_loss=0.2696, train_hard=0.6967, train_soft=0.2220, train_logit_mse=0.8677, train_feature_mse=0.0019, train_acc=0.7756, alpha=0.100, val_acc=0.7550, val_macro_f1=0.5532, val_weighted_f1=0.7318, lr=0.000768, epoch_time=18.20s
  -> New best KD student saved to /users/40370279/csc4006/code/experiments/6__distillation_component/checkpoints/student_features_only_seed42.pt
[Epoch 010] train_loss=0.2647, train_hard=0.6934, train_soft=0.2170, train_logit_mse=0.8654, train_feature_mse=0.0017, train_acc=0.7744, alpha=0.100, val_acc=0.7416, val_macro_f1=0.5441, val_weighted_f1=0.7213, lr=0.000761, epoch_time=18.11s
[Epoch 011] train_loss=0.2570, train_hard=0.6811, train_soft=0.2099, train_logit_mse=0.8380, train_feature_mse=0.0016, train_acc=0.7820, alpha=0.100, val_acc=0.7550, val_macro_f1=0.5548, val_weighted_f1=0.7329, lr=0.000753, epoch_time=18.20s
  -> New best KD student saved to /users/40370279/csc4006/code/experiments/6__distillation_component/checkpoints/student_features_only_seed42.pt
[Epoch 012] train_loss=0.2506, train_hard=0.6784, train_soft=0.2030, train_logit_mse=0.8240, train_feature_mse=0.0016, train_acc=0.7862, alpha=0.100, val_acc=0.7495, val_macro_f1=0.5369, val_weighted_f1=0.7197, lr=0.000744, epoch_time=18.17s
[Epoch 013] train_loss=0.2459, train_hard=0.6733, train_soft=0.1984, train_logit_mse=0.8149, train_feature_mse=0.0015, train_acc=0.7851, alpha=0.100, val_acc=0.7563, val_macro_f1=0.5517, val_weighted_f1=0.7317, lr=0.000735, epoch_time=18.15s
[Epoch 014] train_loss=0.2399, train_hard=0.6670, train_soft=0.1924, train_logit_mse=0.8022, train_feature_mse=0.0015, train_acc=0.7870, alpha=0.100, val_acc=0.7520, val_macro_f1=0.5552, val_weighted_f1=0.7305, lr=0.000725, epoch_time=18.12s
  -> New best KD student saved to /users/40370279/csc4006/code/experiments/6__distillation_component/checkpoints/student_features_only_seed42.pt
[Epoch 015] train_loss=0.2389, train_hard=0.6669, train_soft=0.1913, train_logit_mse=0.7944, train_feature_mse=0.0015, train_acc=0.7857, alpha=0.100, val_acc=0.7630, val_macro_f1=0.5626, val_weighted_f1=0.7388, lr=0.000714, epoch_time=18.07s
  -> New best KD student saved to /users/40370279/csc4006/code/experiments/6__distillation_component/checkpoints/student_features_only_seed42.pt
[Epoch 016] train_loss=0.2317, train_hard=0.6620, train_soft=0.1839, train_logit_mse=0.7798, train_feature_mse=0.0014, train_acc=0.7906, alpha=0.100, val_acc=0.7587, val_macro_f1=0.5622, val_weighted_f1=0.7375, lr=0.000702, epoch_time=18.28s
[Epoch 017] train_loss=0.2278, train_hard=0.6522, train_soft=0.1806, train_logit_mse=0.7753, train_feature_mse=0.0014, train_acc=0.7932, alpha=0.100, val_acc=0.7605, val_macro_f1=0.5655, val_weighted_f1=0.7399, lr=0.000691, epoch_time=18.14s
  -> New best KD student saved to /users/40370279/csc4006/code/experiments/6__distillation_component/checkpoints/student_features_only_seed42.pt
[Epoch 018] train_loss=0.2248, train_hard=0.6535, train_soft=0.1772, train_logit_mse=0.7664, train_feature_mse=0.0013, train_acc=0.7876, alpha=0.100, val_acc=0.7697, val_macro_f1=0.5728, val_weighted_f1=0.7483, lr=0.000678, epoch_time=18.14s
  -> New best KD student saved to /users/40370279/csc4006/code/experiments/6__distillation_component/checkpoints/student_features_only_seed42.pt
[Epoch 019] train_loss=0.2185, train_hard=0.6425, train_soft=0.1713, train_logit_mse=0.7511, train_feature_mse=0.0013, train_acc=0.7981, alpha=0.100, val_acc=0.7666, val_macro_f1=0.5670, val_weighted_f1=0.7429, lr=0.000665, epoch_time=17.80s
[Epoch 020] train_loss=0.2156, train_hard=0.6446, train_soft=0.1679, train_logit_mse=0.7413, train_feature_mse=0.0013, train_acc=0.7962, alpha=0.100, val_acc=0.7648, val_macro_f1=0.5670, val_weighted_f1=0.7432, lr=0.000651, epoch_time=17.11s
[Epoch 021] train_loss=0.2179, train_hard=0.6459, train_soft=0.1703, train_logit_mse=0.7351, train_feature_mse=0.0013, train_acc=0.7913, alpha=0.100, val_acc=0.7624, val_macro_f1=0.5748, val_weighted_f1=0.7436, lr=0.000637, epoch_time=17.19s
  -> New best KD student saved to /users/40370279/csc4006/code/experiments/6__distillation_component/checkpoints/student_features_only_seed42.pt
[Epoch 022] train_loss=0.2119, train_hard=0.6402, train_soft=0.1643, train_logit_mse=0.7108, train_feature_mse=0.0012, train_acc=0.7943, alpha=0.100, val_acc=0.7685, val_macro_f1=0.5709, val_weighted_f1=0.7452, lr=0.000623, epoch_time=17.21s
[Epoch 023] train_loss=0.2090, train_hard=0.6371, train_soft=0.1614, train_logit_mse=0.7066, train_feature_mse=0.0012, train_acc=0.7951, alpha=0.100, val_acc=0.7538, val_macro_f1=0.5424, val_weighted_f1=0.7229, lr=0.000608, epoch_time=17.97s
[Epoch 024] train_loss=0.2055, train_hard=0.6315, train_soft=0.1581, train_logit_mse=0.6956, train_feature_mse=0.0012, train_acc=0.7956, alpha=0.100, val_acc=0.7605, val_macro_f1=0.5562, val_weighted_f1=0.7333, lr=0.000592, epoch_time=18.14s
[Epoch 025] train_loss=0.2064, train_hard=0.6355, train_soft=0.1586, train_logit_mse=0.7043, train_feature_mse=0.0012, train_acc=0.7959, alpha=0.100, val_acc=0.7599, val_macro_f1=0.5611, val_weighted_f1=0.7369, lr=0.000576, epoch_time=18.21s
[Epoch 026] train_loss=0.2080, train_hard=0.6379, train_soft=0.1602, train_logit_mse=0.6946, train_feature_mse=0.0012, train_acc=0.7949, alpha=0.100, val_acc=0.7624, val_macro_f1=0.5706, val_weighted_f1=0.7420, lr=0.000560, epoch_time=18.00s
[Epoch 027] train_loss=0.2037, train_hard=0.6329, train_soft=0.1560, train_logit_mse=0.6849, train_feature_mse=0.0011, train_acc=0.7981, alpha=0.100, val_acc=0.7648, val_macro_f1=0.5716, val_weighted_f1=0.7435, lr=0.000544, epoch_time=18.20s
[Epoch 028] train_loss=0.1988, train_hard=0.6245, train_soft=0.1515, train_logit_mse=0.6767, train_feature_mse=0.0011, train_acc=0.8022, alpha=0.100, val_acc=0.7630, val_macro_f1=0.5648, val_weighted_f1=0.7401, lr=0.000527, epoch_time=18.31s
[Epoch 029] train_loss=0.1987, train_hard=0.6257, train_soft=0.1512, train_logit_mse=0.6646, train_feature_mse=0.0011, train_acc=0.7988, alpha=0.100, val_acc=0.7593, val_macro_f1=0.5625, val_weighted_f1=0.7382, lr=0.000510, epoch_time=18.19s
[Epoch 030] train_loss=0.1990, train_hard=0.6264, train_soft=0.1515, train_logit_mse=0.6642, train_feature_mse=0.0011, train_acc=0.7980, alpha=0.100, val_acc=0.7648, val_macro_f1=0.5816, val_weighted_f1=0.7485, lr=0.000493, epoch_time=18.18s
  -> New best KD student saved to /users/40370279/csc4006/code/experiments/6__distillation_component/checkpoints/student_features_only_seed42.pt
[Epoch 031] train_loss=0.1959, train_hard=0.6206, train_soft=0.1487, train_logit_mse=0.6657, train_feature_mse=0.0011, train_acc=0.8021, alpha=0.100, val_acc=0.7581, val_macro_f1=0.5688, val_weighted_f1=0.7382, lr=0.000476, epoch_time=18.17s
[Epoch 032] train_loss=0.1930, train_hard=0.6187, train_soft=0.1457, train_logit_mse=0.6595, train_feature_mse=0.0010, train_acc=0.7998, alpha=0.100, val_acc=0.7550, val_macro_f1=0.5552, val_weighted_f1=0.7298, lr=0.000458, epoch_time=18.31s
[Epoch 033] train_loss=0.1909, train_hard=0.6178, train_soft=0.1434, train_logit_mse=0.6538, train_feature_mse=0.0010, train_acc=0.7998, alpha=0.100, val_acc=0.7636, val_macro_f1=0.5735, val_weighted_f1=0.7425, lr=0.000440, epoch_time=18.19s
[Epoch 034] train_loss=0.1903, train_hard=0.6146, train_soft=0.1431, train_logit_mse=0.6574, train_feature_mse=0.0010, train_acc=0.8027, alpha=0.100, val_acc=0.7520, val_macro_f1=0.5622, val_weighted_f1=0.7298, lr=0.000423, epoch_time=18.19s
[Epoch 035] train_loss=0.1889, train_hard=0.6134, train_soft=0.1417, train_logit_mse=0.6458, train_feature_mse=0.0010, train_acc=0.8012, alpha=0.100, val_acc=0.7605, val_macro_f1=0.5770, val_weighted_f1=0.7414, lr=0.000405, epoch_time=18.39s
[Epoch 036] train_loss=0.1888, train_hard=0.6106, train_soft=0.1419, train_logit_mse=0.6436, train_feature_mse=0.0010, train_acc=0.8024, alpha=0.100, val_acc=0.7660, val_macro_f1=0.5765, val_weighted_f1=0.7481, lr=0.000387, epoch_time=18.20s
[Epoch 037] train_loss=0.1867, train_hard=0.6136, train_soft=0.1392, train_logit_mse=0.6342, train_feature_mse=0.0010, train_acc=0.8012, alpha=0.100, val_acc=0.7624, val_macro_f1=0.5621, val_weighted_f1=0.7393, lr=0.000370, epoch_time=18.27s
[Epoch 038] train_loss=0.1876, train_hard=0.6099, train_soft=0.1406, train_logit_mse=0.6442, train_feature_mse=0.0010, train_acc=0.8054, alpha=0.100, val_acc=0.7642, val_macro_f1=0.5803, val_weighted_f1=0.7440, lr=0.000352, epoch_time=18.17s
[Epoch 039] train_loss=0.1862, train_hard=0.6111, train_soft=0.1389, train_logit_mse=0.6404, train_feature_mse=0.0009, train_acc=0.8027, alpha=0.100, val_acc=0.7679, val_macro_f1=0.6017, val_weighted_f1=0.7526, lr=0.000334, epoch_time=18.14s
  -> New best KD student saved to /users/40370279/csc4006/code/experiments/6__distillation_component/checkpoints/student_features_only_seed42.pt
[Epoch 040] train_loss=0.1852, train_hard=0.6084, train_soft=0.1382, train_logit_mse=0.6295, train_feature_mse=0.0009, train_acc=0.8056, alpha=0.100, val_acc=0.7575, val_macro_f1=0.5676, val_weighted_f1=0.7398, lr=0.000317, epoch_time=18.15s
[Epoch 041] train_loss=0.1832, train_hard=0.6078, train_soft=0.1360, train_logit_mse=0.6318, train_feature_mse=0.0009, train_acc=0.8040, alpha=0.100, val_acc=0.7673, val_macro_f1=0.5853, val_weighted_f1=0.7520, lr=0.000300, epoch_time=17.96s
[Epoch 042] train_loss=0.1815, train_hard=0.6029, train_soft=0.1347, train_logit_mse=0.6297, train_feature_mse=0.0009, train_acc=0.8049, alpha=0.100, val_acc=0.7642, val_macro_f1=0.5776, val_weighted_f1=0.7457, lr=0.000283, epoch_time=17.81s
[Epoch 043] train_loss=0.1834, train_hard=0.6057, train_soft=0.1365, train_logit_mse=0.6313, train_feature_mse=0.0009, train_acc=0.8033, alpha=0.100, val_acc=0.7605, val_macro_f1=0.5725, val_weighted_f1=0.7411, lr=0.000266, epoch_time=18.02s
[Epoch 044] train_loss=0.1805, train_hard=0.5994, train_soft=0.1339, train_logit_mse=0.6270, train_feature_mse=0.0009, train_acc=0.8076, alpha=0.100, val_acc=0.7660, val_macro_f1=0.5771, val_weighted_f1=0.7454, lr=0.000250, epoch_time=18.27s
[Epoch 045] train_loss=0.1825, train_hard=0.6075, train_soft=0.1352, train_logit_mse=0.6324, train_feature_mse=0.0009, train_acc=0.8067, alpha=0.100, val_acc=0.7648, val_macro_f1=0.5664, val_weighted_f1=0.7411, lr=0.000234, epoch_time=18.17s
[Epoch 046] train_loss=0.1794, train_hard=0.6049, train_soft=0.1321, train_logit_mse=0.6082, train_feature_mse=0.0009, train_acc=0.8032, alpha=0.100, val_acc=0.7673, val_macro_f1=0.5937, val_weighted_f1=0.7526, lr=0.000218, epoch_time=18.34s
[Epoch 047] train_loss=0.1781, train_hard=0.6023, train_soft=0.1309, train_logit_mse=0.6165, train_feature_mse=0.0009, train_acc=0.8047, alpha=0.100, val_acc=0.7666, val_macro_f1=0.5919, val_weighted_f1=0.7516, lr=0.000202, epoch_time=18.15s
[Epoch 048] train_loss=0.1784, train_hard=0.6014, train_soft=0.1314, train_logit_mse=0.6186, train_feature_mse=0.0009, train_acc=0.8061, alpha=0.100, val_acc=0.7666, val_macro_f1=0.5797, val_weighted_f1=0.7467, lr=0.000187, epoch_time=18.15s
[Epoch 049] train_loss=0.1780, train_hard=0.5996, train_soft=0.1311, train_logit_mse=0.6163, train_feature_mse=0.0009, train_acc=0.8076, alpha=0.100, val_acc=0.7630, val_macro_f1=0.5939, val_weighted_f1=0.7473, lr=0.000173, epoch_time=18.12s
[Epoch 050] train_loss=0.1768, train_hard=0.6013, train_soft=0.1296, train_logit_mse=0.6063, train_feature_mse=0.0009, train_acc=0.8065, alpha=0.100, val_acc=0.7654, val_macro_f1=0.5736, val_weighted_f1=0.7443, lr=0.000159, epoch_time=18.19s
[Epoch 051] train_loss=0.1746, train_hard=0.5947, train_soft=0.1279, train_logit_mse=0.6101, train_feature_mse=0.0009, train_acc=0.8105, alpha=0.100, val_acc=0.7666, val_macro_f1=0.5800, val_weighted_f1=0.7466, lr=0.000145, epoch_time=18.20s
[Epoch 052] train_loss=0.1743, train_hard=0.5953, train_soft=0.1275, train_logit_mse=0.6026, train_feature_mse=0.0008, train_acc=0.8075, alpha=0.100, val_acc=0.7660, val_macro_f1=0.5800, val_weighted_f1=0.7470, lr=0.000132, epoch_time=18.17s
[Epoch 053] train_loss=0.1760, train_hard=0.5961, train_soft=0.1293, train_logit_mse=0.6125, train_feature_mse=0.0009, train_acc=0.8094, alpha=0.100, val_acc=0.7630, val_macro_f1=0.5810, val_weighted_f1=0.7449, lr=0.000119, epoch_time=18.05s
[Epoch 054] train_loss=0.1755, train_hard=0.5977, train_soft=0.1286, train_logit_mse=0.6145, train_feature_mse=0.0008, train_acc=0.8076, alpha=0.100, val_acc=0.7679, val_macro_f1=0.5851, val_weighted_f1=0.7490, lr=0.000108, epoch_time=17.12s
Early stopping triggered.
Loaded best KD student checkpoint for final test evaluation.
Best validation macro-F1: 0.6017
Best epoch: 39
Time to best model: 707.93 seconds
Checkpoint size (MB): 0.115
Student size: small
Teacher used: checkpoints/teacher/teacher_cnn_seed42.pt
Teacher arch: TeacherCNN
Teacher size: large
Checkpoint seed: 42
Test accuracy (KD student): 0.7709
Test macro-F1 (KD student): 0.5904
Test weighted-F1 (KD student): 0.7529
Test classification report:
              precision    recall  f1-score   support

           0       0.79      0.61      0.69       184
           1       0.18      0.05      0.08        56
           2       0.82      0.50      0.62       256
           3       0.79      0.94      0.86       912
           4       0.69      0.72      0.71       242

    accuracy                           0.77      1650
   macro avg       0.65      0.56      0.59      1650
weighted avg       0.76      0.77      0.75      1650

Test confusion matrix:
[[112   1   6  57   8]
 [  2   3   2  40   9]
 [ 15   0 128  84  29]
 [ 10   6  10 855  31]
 [  3   7  11  47 174]]
Inference latency: 1.4265 ms/sample
Parsed metrics for seed 42:
  Accuracy    = 0.7709
  Macro-F1    = 0.5904
  Weighted-F1 = 0.7529

----- SEED 123 -----
Using device: cuda
Seed: 123
Deterministic mode: True
Deterministic warn_only: True
KD hyperparameters: alpha_start=0.100, alpha_end=0.100, temperature=1.00, logit_mse_weight=0.000, feature_mse_weight=0.030, class_weight_gamma=0.00, sampler_power=0.35, label_smoothing=0.000, student_size=small
Training: batch_size=64, lr=0.0008, epochs=70, patience=15, weight_decay=0.002, grad_clip=1.0, num_workers=2, disable_augmentation=False, use_weighted_sampler=False
Teacher checkpoint path: checkpoints/teacher/teacher_cnn_seed123.pt
Student checkpoint path: /users/40370279/csc4006/code/experiments/6__distillation_component/checkpoints/student_features_only_seed123.pt
Training set size: 12957
Validation set size: 1637
Test set size: 1650
Number of leads: 12 classes: 5
Classes: ['CD' 'HYP' 'MI' 'NORM' 'STTC']
Trainable parameters (student): 5897
Total parameters (student): 5897
Estimated model size (MB): 0.024
Teacher pooled dim: 896
Student pooled dim: 18
Class weights: [1. 1. 1. 1. 1.]
Training sampler: standard shuffled loader
[Epoch 001] train_loss=0.7339, train_hard=1.1800, train_soft=0.6828, train_logit_mse=2.1725, train_feature_mse=0.0472, train_acc=0.5881, alpha=0.100, val_acc=0.6536, val_macro_f1=0.3641, val_weighted_f1=0.5931, lr=0.000800, epoch_time=22.07s
  -> New best KD student saved to /users/40370279/csc4006/code/experiments/6__distillation_component/checkpoints/student_features_only_seed123.pt
[Epoch 002] train_loss=0.5287, train_hard=0.9518, train_soft=0.4807, train_logit_mse=1.5982, train_feature_mse=0.0282, train_acc=0.6691, alpha=0.100, val_acc=0.7141, val_macro_f1=0.4847, val_weighted_f1=0.6815, lr=0.000798, epoch_time=17.94s
  -> New best KD student saved to /users/40370279/csc4006/code/experiments/6__distillation_component/checkpoints/student_features_only_seed123.pt
[Epoch 003] train_loss=0.4349, train_hard=0.8503, train_soft=0.3881, train_logit_mse=1.3656, train_feature_mse=0.0202, train_acc=0.7124, alpha=0.100, val_acc=0.7324, val_macro_f1=0.5194, val_weighted_f1=0.7046, lr=0.000796, epoch_time=17.78s
  -> New best KD student saved to /users/40370279/csc4006/code/experiments/6__distillation_component/checkpoints/student_features_only_seed123.pt
[Epoch 004] train_loss=0.3793, train_hard=0.7890, train_soft=0.3334, train_logit_mse=1.2068, train_feature_mse=0.0127, train_acc=0.7401, alpha=0.100, val_acc=0.7233, val_macro_f1=0.4912, val_weighted_f1=0.6807, lr=0.000794, epoch_time=17.81s
[Epoch 005] train_loss=0.3401, train_hard=0.7495, train_soft=0.2943, train_logit_mse=1.0887, train_feature_mse=0.0072, train_acc=0.7587, alpha=0.100, val_acc=0.7392, val_macro_f1=0.5240, val_weighted_f1=0.7075, lr=0.000790, epoch_time=17.91s
  -> New best KD student saved to /users/40370279/csc4006/code/experiments/6__distillation_component/checkpoints/student_features_only_seed123.pt
[Epoch 006] train_loss=0.3252, train_hard=0.7307, train_soft=0.2801, train_logit_mse=1.0406, train_feature_mse=0.0037, train_acc=0.7612, alpha=0.100, val_acc=0.7557, val_macro_f1=0.5477, val_weighted_f1=0.7291, lr=0.000786, epoch_time=17.82s
  -> New best KD student saved to /users/40370279/csc4006/code/experiments/6__distillation_component/checkpoints/student_features_only_seed123.pt
[Epoch 007] train_loss=0.3094, train_hard=0.7150, train_soft=0.2642, train_logit_mse=1.0025, train_feature_mse=0.0025, train_acc=0.7667, alpha=0.100, val_acc=0.7495, val_macro_f1=0.5403, val_weighted_f1=0.7196, lr=0.000781, epoch_time=17.88s
[Epoch 008] train_loss=0.2961, train_hard=0.7021, train_soft=0.2509, train_logit_mse=0.9694, train_feature_mse=0.0021, train_acc=0.7736, alpha=0.100, val_acc=0.7550, val_macro_f1=0.5533, val_weighted_f1=0.7316, lr=0.000775, epoch_time=17.78s
  -> New best KD student saved to /users/40370279/csc4006/code/experiments/6__distillation_component/checkpoints/student_features_only_seed123.pt
[Epoch 009] train_loss=0.2891, train_hard=0.7007, train_soft=0.2432, train_logit_mse=0.9586, train_feature_mse=0.0019, train_acc=0.7723, alpha=0.100, val_acc=0.7495, val_macro_f1=0.5395, val_weighted_f1=0.7218, lr=0.000768, epoch_time=17.68s
[Epoch 010] train_loss=0.2810, train_hard=0.6883, train_soft=0.2357, train_logit_mse=0.9298, train_feature_mse=0.0018, train_acc=0.7780, alpha=0.100, val_acc=0.7447, val_macro_f1=0.5281, val_weighted_f1=0.7115, lr=0.000761, epoch_time=17.77s
[Epoch 011] train_loss=0.2730, train_hard=0.6798, train_soft=0.2278, train_logit_mse=0.9151, train_feature_mse=0.0017, train_acc=0.7817, alpha=0.100, val_acc=0.7581, val_macro_f1=0.5510, val_weighted_f1=0.7282, lr=0.000753, epoch_time=17.75s
[Epoch 012] train_loss=0.2696, train_hard=0.6770, train_soft=0.2242, train_logit_mse=0.8921, train_feature_mse=0.0016, train_acc=0.7822, alpha=0.100, val_acc=0.7593, val_macro_f1=0.5532, val_weighted_f1=0.7317, lr=0.000744, epoch_time=17.79s
[Epoch 013] train_loss=0.2621, train_hard=0.6691, train_soft=0.2168, train_logit_mse=0.8787, train_feature_mse=0.0016, train_acc=0.7854, alpha=0.100, val_acc=0.7593, val_macro_f1=0.5526, val_weighted_f1=0.7317, lr=0.000735, epoch_time=17.74s
[Epoch 014] train_loss=0.2592, train_hard=0.6683, train_soft=0.2136, train_logit_mse=0.8602, train_feature_mse=0.0015, train_acc=0.7800, alpha=0.100, val_acc=0.7605, val_macro_f1=0.5615, val_weighted_f1=0.7377, lr=0.000725, epoch_time=17.72s
  -> New best KD student saved to /users/40370279/csc4006/code/experiments/6__distillation_component/checkpoints/student_features_only_seed123.pt
[Epoch 015] train_loss=0.2553, train_hard=0.6636, train_soft=0.2098, train_logit_mse=0.8491, train_feature_mse=0.0015, train_acc=0.7847, alpha=0.100, val_acc=0.7526, val_macro_f1=0.5464, val_weighted_f1=0.7259, lr=0.000714, epoch_time=17.83s
[Epoch 016] train_loss=0.2518, train_hard=0.6598, train_soft=0.2064, train_logit_mse=0.8433, train_feature_mse=0.0014, train_acc=0.7875, alpha=0.100, val_acc=0.7550, val_macro_f1=0.5563, val_weighted_f1=0.7330, lr=0.000702, epoch_time=17.76s
[Epoch 017] train_loss=0.2487, train_hard=0.6551, train_soft=0.2035, train_logit_mse=0.8399, train_feature_mse=0.0014, train_acc=0.7891, alpha=0.100, val_acc=0.7563, val_macro_f1=0.5469, val_weighted_f1=0.7273, lr=0.000691, epoch_time=17.81s
[Epoch 018] train_loss=0.2451, train_hard=0.6577, train_soft=0.1992, train_logit_mse=0.8218, train_feature_mse=0.0014, train_acc=0.7877, alpha=0.100, val_acc=0.7605, val_macro_f1=0.5640, val_weighted_f1=0.7373, lr=0.000678, epoch_time=17.80s
  -> New best KD student saved to /users/40370279/csc4006/code/experiments/6__distillation_component/checkpoints/student_features_only_seed123.pt
[Epoch 019] train_loss=0.2374, train_hard=0.6431, train_soft=0.1923, train_logit_mse=0.8101, train_feature_mse=0.0014, train_acc=0.7939, alpha=0.100, val_acc=0.7538, val_macro_f1=0.5545, val_weighted_f1=0.7292, lr=0.000665, epoch_time=17.85s
[Epoch 020] train_loss=0.2370, train_hard=0.6442, train_soft=0.1917, train_logit_mse=0.8016, train_feature_mse=0.0013, train_acc=0.7929, alpha=0.100, val_acc=0.7557, val_macro_f1=0.5499, val_weighted_f1=0.7291, lr=0.000651, epoch_time=17.75s
[Epoch 021] train_loss=0.2359, train_hard=0.6476, train_soft=0.1901, train_logit_mse=0.7949, train_feature_mse=0.0013, train_acc=0.7905, alpha=0.100, val_acc=0.7557, val_macro_f1=0.5510, val_weighted_f1=0.7288, lr=0.000637, epoch_time=17.84s
[Epoch 022] train_loss=0.2329, train_hard=0.6399, train_soft=0.1877, train_logit_mse=0.7963, train_feature_mse=0.0013, train_acc=0.7942, alpha=0.100, val_acc=0.7575, val_macro_f1=0.5506, val_weighted_f1=0.7301, lr=0.000623, epoch_time=17.84s
[Epoch 023] train_loss=0.2286, train_hard=0.6353, train_soft=0.1833, train_logit_mse=0.7924, train_feature_mse=0.0013, train_acc=0.7933, alpha=0.100, val_acc=0.7569, val_macro_f1=0.5574, val_weighted_f1=0.7325, lr=0.000608, epoch_time=17.72s
[Epoch 024] train_loss=0.2263, train_hard=0.6361, train_soft=0.1808, train_logit_mse=0.7678, train_feature_mse=0.0012, train_acc=0.7935, alpha=0.100, val_acc=0.7532, val_macro_f1=0.5491, val_weighted_f1=0.7255, lr=0.000592, epoch_time=17.85s
[Epoch 025] train_loss=0.2245, train_hard=0.6309, train_soft=0.1793, train_logit_mse=0.7677, train_feature_mse=0.0012, train_acc=0.7960, alpha=0.100, val_acc=0.7587, val_macro_f1=0.5570, val_weighted_f1=0.7314, lr=0.000576, epoch_time=17.72s
[Epoch 026] train_loss=0.2214, train_hard=0.6315, train_soft=0.1758, train_logit_mse=0.7696, train_feature_mse=0.0012, train_acc=0.7915, alpha=0.100, val_acc=0.7648, val_macro_f1=0.5711, val_weighted_f1=0.7407, lr=0.000560, epoch_time=17.72s
  -> New best KD student saved to /users/40370279/csc4006/code/experiments/6__distillation_component/checkpoints/student_features_only_seed123.pt
[Epoch 027] train_loss=0.2212, train_hard=0.6284, train_soft=0.1759, train_logit_mse=0.7773, train_feature_mse=0.0012, train_acc=0.7946, alpha=0.100, val_acc=0.7581, val_macro_f1=0.5523, val_weighted_f1=0.7301, lr=0.000544, epoch_time=17.81s
[Epoch 028] train_loss=0.2148, train_hard=0.6220, train_soft=0.1695, train_logit_mse=0.7528, train_feature_mse=0.0012, train_acc=0.7959, alpha=0.100, val_acc=0.7587, val_macro_f1=0.5695, val_weighted_f1=0.7344, lr=0.000527, epoch_time=17.74s
[Epoch 029] train_loss=0.2178, train_hard=0.6257, train_soft=0.1724, train_logit_mse=0.7669, train_feature_mse=0.0012, train_acc=0.7940, alpha=0.100, val_acc=0.7679, val_macro_f1=0.5825, val_weighted_f1=0.7459, lr=0.000510, epoch_time=17.74s
  -> New best KD student saved to /users/40370279/csc4006/code/experiments/6__distillation_component/checkpoints/student_features_only_seed123.pt
[Epoch 030] train_loss=0.2181, train_hard=0.6260, train_soft=0.1727, train_logit_mse=0.7627, train_feature_mse=0.0011, train_acc=0.7976, alpha=0.100, val_acc=0.7611, val_macro_f1=0.5730, val_weighted_f1=0.7379, lr=0.000493, epoch_time=17.89s
[Epoch 031] train_loss=0.2120, train_hard=0.6162, train_soft=0.1671, train_logit_mse=0.7530, train_feature_mse=0.0011, train_acc=0.8006, alpha=0.100, val_acc=0.7630, val_macro_f1=0.5744, val_weighted_f1=0.7408, lr=0.000476, epoch_time=17.81s
[Epoch 032] train_loss=0.2104, train_hard=0.6136, train_soft=0.1656, train_logit_mse=0.7521, train_feature_mse=0.0011, train_acc=0.8000, alpha=0.100, val_acc=0.7550, val_macro_f1=0.5615, val_weighted_f1=0.7301, lr=0.000458, epoch_time=17.79s
[Epoch 033] train_loss=0.2108, train_hard=0.6172, train_soft=0.1656, train_logit_mse=0.7509, train_feature_mse=0.0011, train_acc=0.7985, alpha=0.100, val_acc=0.7630, val_macro_f1=0.5731, val_weighted_f1=0.7401, lr=0.000440, epoch_time=17.93s
[Epoch 034] train_loss=0.2122, train_hard=0.6169, train_soft=0.1672, train_logit_mse=0.7543, train_feature_mse=0.0011, train_acc=0.8008, alpha=0.100, val_acc=0.7593, val_macro_f1=0.5619, val_weighted_f1=0.7348, lr=0.000423, epoch_time=17.69s
[Epoch 035] train_loss=0.2073, train_hard=0.6143, train_soft=0.1620, train_logit_mse=0.7358, train_feature_mse=0.0011, train_acc=0.7977, alpha=0.100, val_acc=0.7593, val_macro_f1=0.5648, val_weighted_f1=0.7336, lr=0.000405, epoch_time=17.83s
[Epoch 036] train_loss=0.2055, train_hard=0.6097, train_soft=0.1606, train_logit_mse=0.7443, train_feature_mse=0.0011, train_acc=0.8023, alpha=0.100, val_acc=0.7605, val_macro_f1=0.5638, val_weighted_f1=0.7356, lr=0.000387, epoch_time=17.79s
[Epoch 037] train_loss=0.2057, train_hard=0.6106, train_soft=0.1607, train_logit_mse=0.7410, train_feature_mse=0.0011, train_acc=0.7991, alpha=0.100, val_acc=0.7593, val_macro_f1=0.5649, val_weighted_f1=0.7331, lr=0.000370, epoch_time=17.79s
[Epoch 038] train_loss=0.2032, train_hard=0.6070, train_soft=0.1583, train_logit_mse=0.7261, train_feature_mse=0.0011, train_acc=0.8043, alpha=0.100, val_acc=0.7636, val_macro_f1=0.5712, val_weighted_f1=0.7396, lr=0.000352, epoch_time=17.50s
[Epoch 039] train_loss=0.2008, train_hard=0.6028, train_soft=0.1562, train_logit_mse=0.7463, train_feature_mse=0.0011, train_acc=0.8027, alpha=0.100, val_acc=0.7660, val_macro_f1=0.5777, val_weighted_f1=0.7444, lr=0.000334, epoch_time=17.88s
[Epoch 040] train_loss=0.2023, train_hard=0.6059, train_soft=0.1574, train_logit_mse=0.7378, train_feature_mse=0.0011, train_acc=0.8021, alpha=0.100, val_acc=0.7642, val_macro_f1=0.5741, val_weighted_f1=0.7424, lr=0.000317, epoch_time=17.83s
[Epoch 041] train_loss=0.2004, train_hard=0.6019, train_soft=0.1558, train_logit_mse=0.7263, train_feature_mse=0.0010, train_acc=0.8018, alpha=0.100, val_acc=0.7654, val_macro_f1=0.5809, val_weighted_f1=0.7464, lr=0.000300, epoch_time=17.74s
[Epoch 042] train_loss=0.1981, train_hard=0.6018, train_soft=0.1532, train_logit_mse=0.7131, train_feature_mse=0.0010, train_acc=0.8034, alpha=0.100, val_acc=0.7666, val_macro_f1=0.5796, val_weighted_f1=0.7459, lr=0.000283, epoch_time=17.82s
[Epoch 043] train_loss=0.1977, train_hard=0.5988, train_soft=0.1531, train_logit_mse=0.7148, train_feature_mse=0.0010, train_acc=0.8052, alpha=0.100, val_acc=0.7642, val_macro_f1=0.5782, val_weighted_f1=0.7422, lr=0.000266, epoch_time=17.71s
[Epoch 044] train_loss=0.2006, train_hard=0.6076, train_soft=0.1554, train_logit_mse=0.7178, train_feature_mse=0.0010, train_acc=0.8017, alpha=0.100, val_acc=0.7624, val_macro_f1=0.5719, val_weighted_f1=0.7389, lr=0.000250, epoch_time=17.81s
Early stopping triggered.
Loaded best KD student checkpoint for final test evaluation.
Best validation macro-F1: 0.5825
Best epoch: 29
Time to best model: 524.01 seconds
Checkpoint size (MB): 0.115
Student size: small
Teacher used: checkpoints/teacher/teacher_cnn_seed123.pt
Teacher arch: TeacherCNN
Teacher size: large
Checkpoint seed: 123
Test accuracy (KD student): 0.7697
Test macro-F1 (KD student): 0.5906
Test weighted-F1 (KD student): 0.7495
Test classification report:
              precision    recall  f1-score   support

           0       0.84      0.62      0.72       184
           1       0.33      0.05      0.09        56
           2       0.76      0.49      0.59       256
           3       0.78      0.94      0.85       912
           4       0.70      0.69      0.70       242

    accuracy                           0.77      1650
   macro avg       0.68      0.56      0.59      1650
weighted avg       0.76      0.77      0.75      1650

Test confusion matrix:
[[115   3   9  52   5]
 [  1   3   2  44   6]
 [  9   0 125  86  36]
 [  9   2  17 860  24]
 [  3   1  12  59 167]]
Inference latency: 1.7725 ms/sample
Parsed metrics for seed 123:
  Accuracy    = 0.7697
  Macro-F1    = 0.5906
  Weighted-F1 = 0.7495

----- SEED 999 -----
Using device: cuda
Seed: 999
Deterministic mode: True
Deterministic warn_only: True
KD hyperparameters: alpha_start=0.100, alpha_end=0.100, temperature=1.00, logit_mse_weight=0.000, feature_mse_weight=0.030, class_weight_gamma=0.00, sampler_power=0.35, label_smoothing=0.000, student_size=small
Training: batch_size=64, lr=0.0008, epochs=70, patience=15, weight_decay=0.002, grad_clip=1.0, num_workers=2, disable_augmentation=False, use_weighted_sampler=False
Teacher checkpoint path: checkpoints/teacher/teacher_cnn_seed999.pt
Student checkpoint path: /users/40370279/csc4006/code/experiments/6__distillation_component/checkpoints/student_features_only_seed999.pt
Training set size: 12957
Validation set size: 1637
Test set size: 1650
Number of leads: 12 classes: 5
Classes: ['CD' 'HYP' 'MI' 'NORM' 'STTC']
Trainable parameters (student): 5897
Total parameters (student): 5897
Estimated model size (MB): 0.024
Teacher pooled dim: 896
Student pooled dim: 18
Class weights: [1. 1. 1. 1. 1.]
Training sampler: standard shuffled loader
[Epoch 001] train_loss=0.8328, train_hard=1.1791, train_soft=0.7926, train_logit_mse=2.6935, train_feature_mse=0.0522, train_acc=0.5790, alpha=0.100, val_acc=0.6231, val_macro_f1=0.2862, val_weighted_f1=0.5420, lr=0.000800, epoch_time=19.21s
  -> New best KD student saved to /users/40370279/csc4006/code/experiments/6__distillation_component/checkpoints/student_features_only_seed999.pt
[Epoch 002] train_loss=0.6066, train_hard=0.9279, train_soft=0.5700, train_logit_mse=2.0079, train_feature_mse=0.0293, train_acc=0.6768, alpha=0.100, val_acc=0.7098, val_macro_f1=0.4745, val_weighted_f1=0.6704, lr=0.000798, epoch_time=17.97s
  -> New best KD student saved to /users/40370279/csc4006/code/experiments/6__distillation_component/checkpoints/student_features_only_seed999.pt
[Epoch 003] train_loss=0.5071, train_hard=0.8261, train_soft=0.4712, train_logit_mse=1.7431, train_feature_mse=0.0151, train_acc=0.7225, alpha=0.100, val_acc=0.7276, val_macro_f1=0.5093, val_weighted_f1=0.6947, lr=0.000796, epoch_time=17.99s
  -> New best KD student saved to /users/40370279/csc4006/code/experiments/6__distillation_component/checkpoints/student_features_only_seed999.pt
[Epoch 004] train_loss=0.4634, train_hard=0.7858, train_soft=0.4273, train_logit_mse=1.6385, train_feature_mse=0.0096, train_acc=0.7415, alpha=0.100, val_acc=0.7343, val_macro_f1=0.5214, val_weighted_f1=0.7055, lr=0.000794, epoch_time=18.13s
  -> New best KD student saved to /users/40370279/csc4006/code/experiments/6__distillation_component/checkpoints/student_features_only_seed999.pt
[Epoch 005] train_loss=0.4269, train_hard=0.7484, train_soft=0.3909, train_logit_mse=1.4968, train_feature_mse=0.0059, train_acc=0.7576, alpha=0.100, val_acc=0.7453, val_macro_f1=0.5370, val_weighted_f1=0.7176, lr=0.000790, epoch_time=18.07s
  -> New best KD student saved to /users/40370279/csc4006/code/experiments/6__distillation_component/checkpoints/student_features_only_seed999.pt
[Epoch 006] train_loss=0.4116, train_hard=0.7321, train_soft=0.3758, train_logit_mse=1.4178, train_feature_mse=0.0035, train_acc=0.7599, alpha=0.100, val_acc=0.7453, val_macro_f1=0.5403, val_weighted_f1=0.7191, lr=0.000786, epoch_time=18.02s
  -> New best KD student saved to /users/40370279/csc4006/code/experiments/6__distillation_component/checkpoints/student_features_only_seed999.pt
[Epoch 007] train_loss=0.3896, train_hard=0.7130, train_soft=0.3536, train_logit_mse=1.3445, train_feature_mse=0.0025, train_acc=0.7672, alpha=0.100, val_acc=0.7434, val_macro_f1=0.5338, val_weighted_f1=0.7137, lr=0.000781, epoch_time=18.02s
[Epoch 008] train_loss=0.3750, train_hard=0.6934, train_soft=0.3396, train_logit_mse=1.3017, train_feature_mse=0.0021, train_acc=0.7736, alpha=0.100, val_acc=0.7483, val_macro_f1=0.5428, val_weighted_f1=0.7206, lr=0.000775, epoch_time=18.06s
  -> New best KD student saved to /users/40370279/csc4006/code/experiments/6__distillation_component/checkpoints/student_features_only_seed999.pt
[Epoch 009] train_loss=0.3653, train_hard=0.6845, train_soft=0.3298, train_logit_mse=1.2676, train_feature_mse=0.0019, train_acc=0.7780, alpha=0.100, val_acc=0.7538, val_macro_f1=0.5495, val_weighted_f1=0.7258, lr=0.000768, epoch_time=18.10s
  -> New best KD student saved to /users/40370279/csc4006/code/experiments/6__distillation_component/checkpoints/student_features_only_seed999.pt
[Epoch 010] train_loss=0.3558, train_hard=0.6744, train_soft=0.3203, train_logit_mse=1.2347, train_feature_mse=0.0018, train_acc=0.7824, alpha=0.100, val_acc=0.7447, val_macro_f1=0.5366, val_weighted_f1=0.7149, lr=0.000761, epoch_time=17.94s
[Epoch 011] train_loss=0.3528, train_hard=0.6721, train_soft=0.3173, train_logit_mse=1.2321, train_feature_mse=0.0017, train_acc=0.7853, alpha=0.100, val_acc=0.7538, val_macro_f1=0.5613, val_weighted_f1=0.7337, lr=0.000753, epoch_time=18.02s
  -> New best KD student saved to /users/40370279/csc4006/code/experiments/6__distillation_component/checkpoints/student_features_only_seed999.pt
[Epoch 012] train_loss=0.3439, train_hard=0.6637, train_soft=0.3083, train_logit_mse=1.1992, train_feature_mse=0.0016, train_acc=0.7839, alpha=0.100, val_acc=0.7575, val_macro_f1=0.5573, val_weighted_f1=0.7327, lr=0.000744, epoch_time=17.93s
[Epoch 013] train_loss=0.3396, train_hard=0.6633, train_soft=0.3036, train_logit_mse=1.1878, train_feature_mse=0.0016, train_acc=0.7859, alpha=0.100, val_acc=0.7569, val_macro_f1=0.5542, val_weighted_f1=0.7311, lr=0.000735, epoch_time=18.03s
[Epoch 014] train_loss=0.3356, train_hard=0.6543, train_soft=0.3001, train_logit_mse=1.1875, train_feature_mse=0.0015, train_acc=0.7868, alpha=0.100, val_acc=0.7563, val_macro_f1=0.5580, val_weighted_f1=0.7332, lr=0.000725, epoch_time=17.80s
[Epoch 015] train_loss=0.3275, train_hard=0.6452, train_soft=0.2922, train_logit_mse=1.1718, train_feature_mse=0.0015, train_acc=0.7925, alpha=0.100, val_acc=0.7502, val_macro_f1=0.5415, val_weighted_f1=0.7210, lr=0.000714, epoch_time=17.95s
[Epoch 016] train_loss=0.3290, train_hard=0.6521, train_soft=0.2931, train_logit_mse=1.1636, train_feature_mse=0.0014, train_acc=0.7895, alpha=0.100, val_acc=0.7563, val_macro_f1=0.5554, val_weighted_f1=0.7321, lr=0.000702, epoch_time=18.03s
[Epoch 017] train_loss=0.3205, train_hard=0.6394, train_soft=0.2850, train_logit_mse=1.1570, train_feature_mse=0.0014, train_acc=0.7959, alpha=0.100, val_acc=0.7587, val_macro_f1=0.5555, val_weighted_f1=0.7346, lr=0.000691, epoch_time=17.94s
[Epoch 018] train_loss=0.3168, train_hard=0.6408, train_soft=0.2808, train_logit_mse=1.1414, train_feature_mse=0.0014, train_acc=0.7948, alpha=0.100, val_acc=0.7544, val_macro_f1=0.5468, val_weighted_f1=0.7243, lr=0.000678, epoch_time=17.91s
[Epoch 019] train_loss=0.3143, train_hard=0.6345, train_soft=0.2787, train_logit_mse=1.1387, train_feature_mse=0.0013, train_acc=0.7958, alpha=0.100, val_acc=0.7526, val_macro_f1=0.5486, val_weighted_f1=0.7250, lr=0.000665, epoch_time=17.99s
[Epoch 020] train_loss=0.3123, train_hard=0.6340, train_soft=0.2766, train_logit_mse=1.1412, train_feature_mse=0.0013, train_acc=0.7929, alpha=0.100, val_acc=0.7495, val_macro_f1=0.5469, val_weighted_f1=0.7232, lr=0.000651, epoch_time=18.26s
[Epoch 021] train_loss=0.3077, train_hard=0.6296, train_soft=0.2719, train_logit_mse=1.1234, train_feature_mse=0.0013, train_acc=0.7973, alpha=0.100, val_acc=0.7648, val_macro_f1=0.5713, val_weighted_f1=0.7431, lr=0.000637, epoch_time=17.95s
  -> New best KD student saved to /users/40370279/csc4006/code/experiments/6__distillation_component/checkpoints/student_features_only_seed999.pt
[Epoch 022] train_loss=0.3060, train_hard=0.6294, train_soft=0.2700, train_logit_mse=1.1151, train_feature_mse=0.0013, train_acc=0.7988, alpha=0.100, val_acc=0.7593, val_macro_f1=0.5546, val_weighted_f1=0.7304, lr=0.000623, epoch_time=18.05s
[Epoch 023] train_loss=0.3042, train_hard=0.6289, train_soft=0.2681, train_logit_mse=1.1165, train_feature_mse=0.0013, train_acc=0.8008, alpha=0.100, val_acc=0.7465, val_macro_f1=0.5356, val_weighted_f1=0.7145, lr=0.000608, epoch_time=18.01s
[Epoch 024] train_loss=0.2985, train_hard=0.6210, train_soft=0.2626, train_logit_mse=1.0939, train_feature_mse=0.0013, train_acc=0.8006, alpha=0.100, val_acc=0.7605, val_macro_f1=0.5643, val_weighted_f1=0.7376, lr=0.000592, epoch_time=18.01s
[Epoch 025] train_loss=0.3002, train_hard=0.6231, train_soft=0.2643, train_logit_mse=1.1059, train_feature_mse=0.0013, train_acc=0.7994, alpha=0.100, val_acc=0.7581, val_macro_f1=0.5561, val_weighted_f1=0.7316, lr=0.000576, epoch_time=17.97s
[Epoch 026] train_loss=0.2967, train_hard=0.6203, train_soft=0.2607, train_logit_mse=1.0906, train_feature_mse=0.0012, train_acc=0.8005, alpha=0.100, val_acc=0.7599, val_macro_f1=0.5550, val_weighted_f1=0.7332, lr=0.000560, epoch_time=18.06s
[Epoch 027] train_loss=0.2966, train_hard=0.6204, train_soft=0.2606, train_logit_mse=1.1008, train_feature_mse=0.0012, train_acc=0.8000, alpha=0.100, val_acc=0.7593, val_macro_f1=0.5540, val_weighted_f1=0.7304, lr=0.000544, epoch_time=18.06s
[Epoch 028] train_loss=0.2904, train_hard=0.6141, train_soft=0.2544, train_logit_mse=1.0735, train_feature_mse=0.0012, train_acc=0.8010, alpha=0.100, val_acc=0.7569, val_macro_f1=0.5498, val_weighted_f1=0.7297, lr=0.000527, epoch_time=18.07s
[Epoch 029] train_loss=0.2869, train_hard=0.6123, train_soft=0.2507, train_logit_mse=1.0724, train_feature_mse=0.0012, train_acc=0.8060, alpha=0.100, val_acc=0.7697, val_macro_f1=0.5721, val_weighted_f1=0.7463, lr=0.000510, epoch_time=17.93s
  -> New best KD student saved to /users/40370279/csc4006/code/experiments/6__distillation_component/checkpoints/student_features_only_seed999.pt
[Epoch 030] train_loss=0.2835, train_hard=0.6094, train_soft=0.2473, train_logit_mse=1.0743, train_feature_mse=0.0012, train_acc=0.8055, alpha=0.100, val_acc=0.7642, val_macro_f1=0.5641, val_weighted_f1=0.7380, lr=0.000493, epoch_time=18.10s
[Epoch 031] train_loss=0.2785, train_hard=0.6053, train_soft=0.2422, train_logit_mse=1.0608, train_feature_mse=0.0012, train_acc=0.8049, alpha=0.100, val_acc=0.7544, val_macro_f1=0.5410, val_weighted_f1=0.7229, lr=0.000476, epoch_time=18.05s
[Epoch 032] train_loss=0.2812, train_hard=0.6061, train_soft=0.2451, train_logit_mse=1.0653, train_feature_mse=0.0012, train_acc=0.8049, alpha=0.100, val_acc=0.7660, val_macro_f1=0.5695, val_weighted_f1=0.7421, lr=0.000458, epoch_time=17.91s
[Epoch 033] train_loss=0.2782, train_hard=0.6046, train_soft=0.2419, train_logit_mse=1.0513, train_feature_mse=0.0012, train_acc=0.8054, alpha=0.100, val_acc=0.7593, val_macro_f1=0.5537, val_weighted_f1=0.7294, lr=0.000440, epoch_time=18.00s
[Epoch 034] train_loss=0.2793, train_hard=0.6050, train_soft=0.2431, train_logit_mse=1.0525, train_feature_mse=0.0011, train_acc=0.8043, alpha=0.100, val_acc=0.7581, val_macro_f1=0.5549, val_weighted_f1=0.7307, lr=0.000423, epoch_time=18.04s
[Epoch 035] train_loss=0.2765, train_hard=0.6004, train_soft=0.2405, train_logit_mse=1.0458, train_feature_mse=0.0011, train_acc=0.8034, alpha=0.100, val_acc=0.7605, val_macro_f1=0.5610, val_weighted_f1=0.7359, lr=0.000405, epoch_time=18.11s
[Epoch 036] train_loss=0.2763, train_hard=0.6038, train_soft=0.2399, train_logit_mse=1.0384, train_feature_mse=0.0011, train_acc=0.8036, alpha=0.100, val_acc=0.7618, val_macro_f1=0.5521, val_weighted_f1=0.7315, lr=0.000387, epoch_time=17.95s
[Epoch 037] train_loss=0.2746, train_hard=0.5997, train_soft=0.2385, train_logit_mse=1.0467, train_feature_mse=0.0011, train_acc=0.8050, alpha=0.100, val_acc=0.7630, val_macro_f1=0.5621, val_weighted_f1=0.7357, lr=0.000370, epoch_time=18.04s
[Epoch 038] train_loss=0.2709, train_hard=0.5968, train_soft=0.2347, train_logit_mse=1.0317, train_feature_mse=0.0011, train_acc=0.8091, alpha=0.100, val_acc=0.7673, val_macro_f1=0.5740, val_weighted_f1=0.7420, lr=0.000352, epoch_time=17.87s
  -> New best KD student saved to /users/40370279/csc4006/code/experiments/6__distillation_component/checkpoints/student_features_only_seed999.pt
[Epoch 039] train_loss=0.2673, train_hard=0.5936, train_soft=0.2310, train_logit_mse=1.0292, train_feature_mse=0.0011, train_acc=0.8117, alpha=0.100, val_acc=0.7605, val_macro_f1=0.5569, val_weighted_f1=0.7344, lr=0.000334, epoch_time=18.00s
[Epoch 040] train_loss=0.2705, train_hard=0.5974, train_soft=0.2341, train_logit_mse=1.0206, train_feature_mse=0.0011, train_acc=0.8088, alpha=0.100, val_acc=0.7679, val_macro_f1=0.5692, val_weighted_f1=0.7414, lr=0.000317, epoch_time=18.13s
[Epoch 041] train_loss=0.2660, train_hard=0.5929, train_soft=0.2296, train_logit_mse=1.0290, train_feature_mse=0.0011, train_acc=0.8074, alpha=0.100, val_acc=0.7618, val_macro_f1=0.5664, val_weighted_f1=0.7380, lr=0.000300, epoch_time=18.04s
[Epoch 042] train_loss=0.2616, train_hard=0.5889, train_soft=0.2252, train_logit_mse=1.0133, train_feature_mse=0.0011, train_acc=0.8108, alpha=0.100, val_acc=0.7624, val_macro_f1=0.5600, val_weighted_f1=0.7374, lr=0.000283, epoch_time=17.95s
[Epoch 043] train_loss=0.2656, train_hard=0.5956, train_soft=0.2289, train_logit_mse=1.0144, train_feature_mse=0.0011, train_acc=0.8057, alpha=0.100, val_acc=0.7599, val_macro_f1=0.5566, val_weighted_f1=0.7333, lr=0.000266, epoch_time=18.05s
[Epoch 044] train_loss=0.2630, train_hard=0.5898, train_soft=0.2266, train_logit_mse=1.0062, train_feature_mse=0.0011, train_acc=0.8088, alpha=0.100, val_acc=0.7611, val_macro_f1=0.5717, val_weighted_f1=0.7396, lr=0.000250, epoch_time=17.96s
[Epoch 045] train_loss=0.2612, train_hard=0.5877, train_soft=0.2248, train_logit_mse=1.0113, train_feature_mse=0.0010, train_acc=0.8088, alpha=0.100, val_acc=0.7673, val_macro_f1=0.5793, val_weighted_f1=0.7464, lr=0.000234, epoch_time=17.94s
  -> New best KD student saved to /users/40370279/csc4006/code/experiments/6__distillation_component/checkpoints/student_features_only_seed999.pt
[Epoch 046] train_loss=0.2638, train_hard=0.5913, train_soft=0.2273, train_logit_mse=1.0114, train_feature_mse=0.0010, train_acc=0.8082, alpha=0.100, val_acc=0.7666, val_macro_f1=0.5695, val_weighted_f1=0.7413, lr=0.000218, epoch_time=18.02s
[Epoch 047] train_loss=0.2566, train_hard=0.5823, train_soft=0.2203, train_logit_mse=0.9945, train_feature_mse=0.0010, train_acc=0.8149, alpha=0.100, val_acc=0.7605, val_macro_f1=0.5660, val_weighted_f1=0.7362, lr=0.000202, epoch_time=18.18s
[Epoch 048] train_loss=0.2591, train_hard=0.5831, train_soft=0.2230, train_logit_mse=1.0068, train_feature_mse=0.0010, train_acc=0.8113, alpha=0.100, val_acc=0.7642, val_macro_f1=0.5682, val_weighted_f1=0.7394, lr=0.000187, epoch_time=18.10s
[Epoch 049] train_loss=0.2563, train_hard=0.5830, train_soft=0.2199, train_logit_mse=0.9973, train_feature_mse=0.0010, train_acc=0.8150, alpha=0.100, val_acc=0.7648, val_macro_f1=0.5697, val_weighted_f1=0.7407, lr=0.000173, epoch_time=17.96s
[Epoch 050] train_loss=0.2587, train_hard=0.5835, train_soft=0.2226, train_logit_mse=1.0030, train_feature_mse=0.0010, train_acc=0.8110, alpha=0.100, val_acc=0.7618, val_macro_f1=0.5684, val_weighted_f1=0.7386, lr=0.000159, epoch_time=18.01s
[Epoch 051] train_loss=0.2551, train_hard=0.5812, train_soft=0.2189, train_logit_mse=0.9967, train_feature_mse=0.0010, train_acc=0.8120, alpha=0.100, val_acc=0.7636, val_macro_f1=0.5665, val_weighted_f1=0.7382, lr=0.000145, epoch_time=18.01s
[Epoch 052] train_loss=0.2542, train_hard=0.5810, train_soft=0.2178, train_logit_mse=0.9883, train_feature_mse=0.0010, train_acc=0.8092, alpha=0.100, val_acc=0.7654, val_macro_f1=0.5748, val_weighted_f1=0.7431, lr=0.000132, epoch_time=18.00s
[Epoch 053] train_loss=0.2561, train_hard=0.5811, train_soft=0.2199, train_logit_mse=1.0041, train_feature_mse=0.0010, train_acc=0.8159, alpha=0.100, val_acc=0.7648, val_macro_f1=0.5728, val_weighted_f1=0.7420, lr=0.000119, epoch_time=17.97s
[Epoch 054] train_loss=0.2564, train_hard=0.5819, train_soft=0.2202, train_logit_mse=1.0140, train_feature_mse=0.0010, train_acc=0.8122, alpha=0.100, val_acc=0.7654, val_macro_f1=0.5707, val_weighted_f1=0.7412, lr=0.000108, epoch_time=18.03s
[Epoch 055] train_loss=0.2559, train_hard=0.5825, train_soft=0.2196, train_logit_mse=0.9971, train_feature_mse=0.0010, train_acc=0.8133, alpha=0.100, val_acc=0.7648, val_macro_f1=0.5730, val_weighted_f1=0.7420, lr=0.000096, epoch_time=18.05s
[Epoch 056] train_loss=0.2554, train_hard=0.5798, train_soft=0.2194, train_logit_mse=0.9995, train_feature_mse=0.0010, train_acc=0.8133, alpha=0.100, val_acc=0.7624, val_macro_f1=0.5661, val_weighted_f1=0.7376, lr=0.000085, epoch_time=18.01s
[Epoch 057] train_loss=0.2538, train_hard=0.5785, train_soft=0.2177, train_logit_mse=0.9913, train_feature_mse=0.0010, train_acc=0.8150, alpha=0.100, val_acc=0.7654, val_macro_f1=0.5705, val_weighted_f1=0.7407, lr=0.000075, epoch_time=17.92s
[Epoch 058] train_loss=0.2555, train_hard=0.5822, train_soft=0.2192, train_logit_mse=0.9912, train_feature_mse=0.0010, train_acc=0.8132, alpha=0.100, val_acc=0.7673, val_macro_f1=0.5728, val_weighted_f1=0.7436, lr=0.000066, epoch_time=17.99s
[Epoch 059] train_loss=0.2523, train_hard=0.5788, train_soft=0.2160, train_logit_mse=0.9846, train_feature_mse=0.0010, train_acc=0.8108, alpha=0.100, val_acc=0.7618, val_macro_f1=0.5694, val_weighted_f1=0.7388, lr=0.000057, epoch_time=17.98s
[Epoch 060] train_loss=0.2488, train_hard=0.5739, train_soft=0.2127, train_logit_mse=0.9781, train_feature_mse=0.0010, train_acc=0.8150, alpha=0.100, val_acc=0.7636, val_macro_f1=0.5706, val_weighted_f1=0.7397, lr=0.000049, epoch_time=17.97s
Early stopping triggered.
Loaded best KD student checkpoint for final test evaluation.
Best validation macro-F1: 0.5793
Best epoch: 45
Time to best model: 813.21 seconds
Checkpoint size (MB): 0.115
Student size: small
Teacher used: checkpoints/teacher/teacher_cnn_seed999.pt
Teacher arch: TeacherCNN
Teacher size: large
Checkpoint seed: 999
Test accuracy (KD student): 0.7818
Test macro-F1 (KD student): 0.5938
Test weighted-F1 (KD student): 0.7629
Test classification report:
              precision    recall  f1-score   support

           0       0.79      0.69      0.74       184
           1       0.00      0.00      0.00        56
           2       0.80      0.58      0.67       256
           3       0.80      0.93      0.86       912
           4       0.71      0.69      0.70       242

    accuracy                           0.78      1650
   macro avg       0.62      0.58      0.59      1650
weighted avg       0.76      0.78      0.76      1650

Test confusion matrix:
[[127   1   5  44   7]
 [  1   0   3  45   7]
 [ 11   0 149  71  25]
 [ 16   0  20 846  30]
 [  5   1  10  58 168]]
Inference latency: 1.8445 ms/sample
Parsed metrics for seed 999:
  Accuracy    = 0.7818
  Macro-F1    = 0.5938
  Weighted-F1 = 0.7629

===== EXPERIMENT 6 SUMMARY: FEATURES ONLY =====
Distillation : features only
Alpha        : 0.1
Temperature  : 1
Seeds        : 42 123 999
Accuracy     : 0.7741 ± 0.0054
Macro F1     : 0.5916 ± 0.0016
Weighted F1  : 0.7551 ± 0.0057

Finished at: Sat Mar 28 21:02:22 GMT 2026
