Using device: cuda
Seed: 42
Teacher size: large
Teacher checkpoint path: /users/40370279/csc4006/code/experiments/5__teacher_model_comparison/checkpoints/teacher_large_seed42.pt
Deterministic mode: True
Deterministic warn_only: True
Training: batch_size=64, lr=0.0008, epochs=90, patience=18, warmup_epochs=5, min_lr_factor=0.02, weight_decay=0.001, class_weight_gamma=0.2, label_smoothing=0.03, sampler_power=0.35, grad_clip=1.0, num_workers=2, teacher_size=large, use_weighted_sampler=False, class_weights=True, disable_augmentation=False, ema_decay=0.999
Training set size: 12957
Validation set size: 1637
Test set size: 1650
Number of leads: 12 classes: 5
Classes: ['CD' 'HYP' 'MI' 'NORM' 'STTC']
Training sampler: standard shuffled loader
Trainable parameters: 3111171
Total parameters: 3111171
Estimated model size (MB): 11.912
Class weights: [1.0338018  1.3094392  0.9520142  0.73911804 0.9656268 ]
EMA enabled
[Epoch 001] lr=0.000320, train_loss=0.9302, train_acc=0.7290, val_acc=0.7251, val_macro_f1=0.5467, val_weighted_f1=0.7168, epoch_time=28.54s
  -> Saved best teacher model to /users/40370279/csc4006/code/experiments/5__teacher_model_comparison/checkpoints/teacher_large_seed42.pt
[Epoch 002] lr=0.000480, train_loss=0.8048, train_acc=0.7788, val_acc=0.7532, val_macro_f1=0.5416, val_weighted_f1=0.7191, epoch_time=27.17s
[Epoch 003] lr=0.000640, train_loss=0.7815, train_acc=0.7841, val_acc=0.7605, val_macro_f1=0.6111, val_weighted_f1=0.7444, epoch_time=27.10s
  -> Saved best teacher model to /users/40370279/csc4006/code/experiments/5__teacher_model_comparison/checkpoints/teacher_large_seed42.pt
[Epoch 004] lr=0.000800, train_loss=0.7732, train_acc=0.7869, val_acc=0.7526, val_macro_f1=0.5652, val_weighted_f1=0.7363, epoch_time=27.15s
[Epoch 005] lr=0.000800, train_loss=0.7575, train_acc=0.7902, val_acc=0.7526, val_macro_f1=0.5625, val_weighted_f1=0.7225, epoch_time=27.27s
[Epoch 006] lr=0.000800, train_loss=0.7324, train_acc=0.8002, val_acc=0.7831, val_macro_f1=0.6144, val_weighted_f1=0.7657, epoch_time=27.14s
  -> Saved best teacher model to /users/40370279/csc4006/code/experiments/5__teacher_model_comparison/checkpoints/teacher_large_seed42.pt
[Epoch 007] lr=0.000799, train_loss=0.7115, train_acc=0.8082, val_acc=0.7807, val_macro_f1=0.6227, val_weighted_f1=0.7686, epoch_time=27.21s
  -> Saved best teacher model to /users/40370279/csc4006/code/experiments/5__teacher_model_comparison/checkpoints/teacher_large_seed42.pt
[Epoch 008] lr=0.000798, train_loss=0.6929, train_acc=0.8146, val_acc=0.7459, val_macro_f1=0.6101, val_weighted_f1=0.7409, epoch_time=27.17s
[Epoch 009] lr=0.000796, train_loss=0.6854, train_acc=0.8155, val_acc=0.7202, val_macro_f1=0.5743, val_weighted_f1=0.7086, epoch_time=27.02s
[Epoch 010] lr=0.000793, train_loss=0.6676, train_acc=0.8213, val_acc=0.7709, val_macro_f1=0.6101, val_weighted_f1=0.7552, epoch_time=27.07s
[Epoch 011] lr=0.000790, train_loss=0.6584, train_acc=0.8240, val_acc=0.7691, val_macro_f1=0.6164, val_weighted_f1=0.7604, epoch_time=27.29s
[Epoch 012] lr=0.000787, train_loss=0.6422, train_acc=0.8301, val_acc=0.7746, val_macro_f1=0.6208, val_weighted_f1=0.7607, epoch_time=27.22s
[Epoch 013] lr=0.000783, train_loss=0.6320, train_acc=0.8318, val_acc=0.7697, val_macro_f1=0.6229, val_weighted_f1=0.7558, epoch_time=27.25s
  -> Saved best teacher model to /users/40370279/csc4006/code/experiments/5__teacher_model_comparison/checkpoints/teacher_large_seed42.pt
[Epoch 014] lr=0.000779, train_loss=0.6229, train_acc=0.8340, val_acc=0.7807, val_macro_f1=0.6311, val_weighted_f1=0.7698, epoch_time=27.08s
  -> Saved best teacher model to /users/40370279/csc4006/code/experiments/5__teacher_model_comparison/checkpoints/teacher_large_seed42.pt
[Epoch 015] lr=0.000774, train_loss=0.6103, train_acc=0.8384, val_acc=0.7764, val_macro_f1=0.6125, val_weighted_f1=0.7593, epoch_time=27.08s
[Epoch 016] lr=0.000768, train_loss=0.5947, train_acc=0.8436, val_acc=0.7520, val_macro_f1=0.6388, val_weighted_f1=0.7529, epoch_time=27.14s
  -> Saved best teacher model to /users/40370279/csc4006/code/experiments/5__teacher_model_comparison/checkpoints/teacher_large_seed42.pt
[Epoch 017] lr=0.000762, train_loss=0.5839, train_acc=0.8490, val_acc=0.7764, val_macro_f1=0.6410, val_weighted_f1=0.7695, epoch_time=27.19s
  -> Saved best teacher model to /users/40370279/csc4006/code/experiments/5__teacher_model_comparison/checkpoints/teacher_large_seed42.pt
[Epoch 018] lr=0.000756, train_loss=0.5695, train_acc=0.8511, val_acc=0.7801, val_macro_f1=0.6618, val_weighted_f1=0.7769, epoch_time=27.10s
  -> Saved best teacher model to /users/40370279/csc4006/code/experiments/5__teacher_model_comparison/checkpoints/teacher_large_seed42.pt
[Epoch 019] lr=0.000749, train_loss=0.5470, train_acc=0.8610, val_acc=0.7679, val_macro_f1=0.6470, val_weighted_f1=0.7648, epoch_time=26.99s
[Epoch 020] lr=0.000741, train_loss=0.5408, train_acc=0.8604, val_acc=0.7850, val_macro_f1=0.6500, val_weighted_f1=0.7774, epoch_time=27.15s
[Epoch 021] lr=0.000733, train_loss=0.5184, train_acc=0.8713, val_acc=0.7685, val_macro_f1=0.6446, val_weighted_f1=0.7657, epoch_time=27.01s
[Epoch 022] lr=0.000725, train_loss=0.5115, train_acc=0.8718, val_acc=0.7685, val_macro_f1=0.6434, val_weighted_f1=0.7618, epoch_time=27.18s
[Epoch 023] lr=0.000716, train_loss=0.4914, train_acc=0.8800, val_acc=0.7593, val_macro_f1=0.6360, val_weighted_f1=0.7589, epoch_time=27.22s
[Epoch 024] lr=0.000707, train_loss=0.4722, train_acc=0.8898, val_acc=0.7746, val_macro_f1=0.6486, val_weighted_f1=0.7691, epoch_time=27.15s
[Epoch 025] lr=0.000698, train_loss=0.4648, train_acc=0.8935, val_acc=0.7703, val_macro_f1=0.6526, val_weighted_f1=0.7677, epoch_time=27.32s
[Epoch 026] lr=0.000688, train_loss=0.4474, train_acc=0.8973, val_acc=0.7703, val_macro_f1=0.6548, val_weighted_f1=0.7695, epoch_time=27.17s
[Epoch 027] lr=0.000677, train_loss=0.4277, train_acc=0.9045, val_acc=0.7752, val_macro_f1=0.6523, val_weighted_f1=0.7708, epoch_time=27.27s
[Epoch 028] lr=0.000667, train_loss=0.4051, train_acc=0.9147, val_acc=0.7636, val_macro_f1=0.6473, val_weighted_f1=0.7603, epoch_time=27.26s
[Epoch 029] lr=0.000656, train_loss=0.3915, train_acc=0.9180, val_acc=0.7685, val_macro_f1=0.6431, val_weighted_f1=0.7623, epoch_time=27.08s
[Epoch 030] lr=0.000644, train_loss=0.3746, train_acc=0.9249, val_acc=0.7721, val_macro_f1=0.6331, val_weighted_f1=0.7635, epoch_time=27.11s
[Epoch 031] lr=0.000633, train_loss=0.3634, train_acc=0.9292, val_acc=0.7673, val_macro_f1=0.6280, val_weighted_f1=0.7605, epoch_time=27.14s
[Epoch 032] lr=0.000620, train_loss=0.3562, train_acc=0.9330, val_acc=0.7581, val_macro_f1=0.6379, val_weighted_f1=0.7578, epoch_time=27.24s
[Epoch 033] lr=0.000608, train_loss=0.3395, train_acc=0.9411, val_acc=0.7715, val_macro_f1=0.6393, val_weighted_f1=0.7609, epoch_time=27.21s
[Epoch 034] lr=0.000596, train_loss=0.3234, train_acc=0.9464, val_acc=0.7752, val_macro_f1=0.6070, val_weighted_f1=0.7591, epoch_time=27.29s
[Epoch 035] lr=0.000583, train_loss=0.3164, train_acc=0.9497, val_acc=0.7611, val_macro_f1=0.6248, val_weighted_f1=0.7538, epoch_time=27.18s
[Epoch 036] lr=0.000570, train_loss=0.2972, train_acc=0.9559, val_acc=0.7691, val_macro_f1=0.6176, val_weighted_f1=0.7560, epoch_time=27.24s
Early stopping

Loaded best checkpoint for final evaluation.
Best validation macro-F1: 0.6618
Best epoch: 18
Time to best model: 491.97 seconds
Checkpoint size (MB): 12.012
Checkpoint seed: 42
Checkpoint teacher size: large
Checkpoint teacher arch: TeacherCNN
Test Accuracy: 0.7970
Test Macro-F1: 0.6618
Test Weighted-F1: 0.7910
Classification Report:
              precision    recall  f1-score   support

           0       0.88      0.66      0.76       184
           1       0.27      0.20      0.23        56
           2       0.83      0.65      0.73       256
           3       0.82      0.91      0.87       912
           4       0.71      0.76      0.73       242

    accuracy                           0.80      1650
   macro avg       0.70      0.64      0.66      1650
weighted avg       0.79      0.80      0.79      1650

Confusion Matrix:
[[122   5   5  42  10]
 [  1  11   2  33   9]
 [  3   1 167  62  23]
 [ 10  18  19 832  33]
 [  3   6   9  41 183]]
Inference latency: 6.0813 ms/sample
Using device: cuda
Seed: 42
Deterministic mode: True
Deterministic warn_only: True
KD hyperparameters: alpha_start=0.200, alpha_end=0.500, temperature=4.00, logit_mse_weight=0.030, feature_mse_weight=0.030, class_weight_gamma=0.00, sampler_power=0.35, label_smoothing=0.000, student_size=small
Training: batch_size=64, lr=0.0008, epochs=70, patience=15, weight_decay=0.002, grad_clip=1.0, num_workers=2, disable_augmentation=False, use_weighted_sampler=False
Teacher checkpoint path: /users/40370279/csc4006/code/experiments/5__teacher_model_comparison/checkpoints/teacher_large_seed42.pt
Student checkpoint path: /users/40370279/csc4006/code/experiments/5__teacher_model_comparison/checkpoints/kd_student_small_large_teacher_seed42.pt
Training set size: 12957
Validation set size: 1637
Test set size: 1650
Number of leads: 12 classes: 5
Classes: ['CD' 'HYP' 'MI' 'NORM' 'STTC']
Trainable parameters (student): 5897
Total parameters (student): 5897
Estimated model size (MB): 0.024
Teacher pooled dim: 896
Student pooled dim: 18
Class weights: [1. 1. 1. 1. 1.]
Training sampler: standard shuffled loader
[Epoch 001] train_loss=1.2701, train_hard=1.2052, train_soft=1.2074, train_logit_mse=2.0589, train_feature_mse=0.0481, train_acc=0.5538, alpha=0.200, val_acc=0.6097, val_macro_f1=0.2433, val_weighted_f1=0.5148, lr=0.000800, epoch_time=18.95s
  -> New best KD student saved to /users/40370279/csc4006/code/experiments/5__teacher_model_comparison/checkpoints/kd_student_small_large_teacher_seed42.pt
[Epoch 002] train_loss=0.9353, train_hard=0.9729, train_soft=0.8689, train_logit_mse=1.4923, train_feature_mse=0.0275, train_acc=0.6531, alpha=0.200, val_acc=0.6640, val_macro_f1=0.3539, val_weighted_f1=0.6059, lr=0.000798, epoch_time=17.90s
  -> New best KD student saved to /users/40370279/csc4006/code/experiments/5__teacher_model_comparison/checkpoints/kd_student_small_large_teacher_seed42.pt
[Epoch 003] train_loss=0.7965, train_hard=0.8738, train_soft=0.7285, train_logit_mse=1.2789, train_feature_mse=0.0181, train_acc=0.6875, alpha=0.201, val_acc=0.6848, val_macro_f1=0.3813, val_weighted_f1=0.6247, lr=0.000796, epoch_time=17.96s
  -> New best KD student saved to /users/40370279/csc4006/code/experiments/5__teacher_model_comparison/checkpoints/kd_student_small_large_teacher_seed42.pt
[Epoch 004] train_loss=0.7170, train_hard=0.8177, train_soft=0.6475, train_logit_mse=1.1642, train_feature_mse=0.0110, train_acc=0.7151, alpha=0.201, val_acc=0.7111, val_macro_f1=0.4687, val_weighted_f1=0.6704, lr=0.000794, epoch_time=17.88s
  -> New best KD student saved to /users/40370279/csc4006/code/experiments/5__teacher_model_comparison/checkpoints/kd_student_small_large_teacher_seed42.pt
[Epoch 005] train_loss=0.6374, train_hard=0.7697, train_soft=0.5647, train_logit_mse=1.0355, train_feature_mse=0.0062, train_acc=0.7401, alpha=0.202, val_acc=0.7373, val_macro_f1=0.5190, val_weighted_f1=0.7065, lr=0.000790, epoch_time=17.86s
  -> New best KD student saved to /users/40370279/csc4006/code/experiments/5__teacher_model_comparison/checkpoints/kd_student_small_large_teacher_seed42.pt
[Epoch 006] train_loss=0.5553, train_hard=0.7343, train_soft=0.4763, train_logit_mse=0.8767, train_feature_mse=0.0036, train_acc=0.7534, alpha=0.204, val_acc=0.7410, val_macro_f1=0.5333, val_weighted_f1=0.7147, lr=0.000786, epoch_time=17.71s
  -> New best KD student saved to /users/40370279/csc4006/code/experiments/5__teacher_model_comparison/checkpoints/kd_student_small_large_teacher_seed42.pt
[Epoch 007] train_loss=0.5179, train_hard=0.7191, train_soft=0.4355, train_logit_mse=0.8012, train_feature_mse=0.0023, train_acc=0.7584, alpha=0.206, val_acc=0.7471, val_macro_f1=0.5489, val_weighted_f1=0.7282, lr=0.000781, epoch_time=17.84s
  -> New best KD student saved to /users/40370279/csc4006/code/experiments/5__teacher_model_comparison/checkpoints/kd_student_small_large_teacher_seed42.pt
[Epoch 008] train_loss=0.4940, train_hard=0.7015, train_soft=0.4109, train_logit_mse=0.7592, train_feature_mse=0.0019, train_acc=0.7655, alpha=0.208, val_acc=0.7599, val_macro_f1=0.5649, val_weighted_f1=0.7401, lr=0.000775, epoch_time=17.70s
  -> New best KD student saved to /users/40370279/csc4006/code/experiments/5__teacher_model_comparison/checkpoints/kd_student_small_large_teacher_seed42.pt
[Epoch 009] train_loss=0.4779, train_hard=0.6894, train_soft=0.3940, train_logit_mse=0.7258, train_feature_mse=0.0017, train_acc=0.7709, alpha=0.210, val_acc=0.7599, val_macro_f1=0.5556, val_weighted_f1=0.7349, lr=0.000768, epoch_time=17.78s
[Epoch 010] train_loss=0.4694, train_hard=0.6874, train_soft=0.3836, train_logit_mse=0.7067, train_feature_mse=0.0016, train_acc=0.7703, alpha=0.212, val_acc=0.7611, val_macro_f1=0.5629, val_weighted_f1=0.7411, lr=0.000761, epoch_time=17.64s
[Epoch 011] train_loss=0.4544, train_hard=0.6728, train_soft=0.3685, train_logit_mse=0.6782, train_feature_mse=0.0015, train_acc=0.7780, alpha=0.215, val_acc=0.7618, val_macro_f1=0.5702, val_weighted_f1=0.7437, lr=0.000753, epoch_time=17.73s
  -> New best KD student saved to /users/40370279/csc4006/code/experiments/5__teacher_model_comparison/checkpoints/kd_student_small_large_teacher_seed42.pt
[Epoch 012] train_loss=0.4462, train_hard=0.6686, train_soft=0.3586, train_logit_mse=0.6607, train_feature_mse=0.0014, train_acc=0.7783, alpha=0.218, val_acc=0.7618, val_macro_f1=0.5718, val_weighted_f1=0.7447, lr=0.000744, epoch_time=17.73s
  -> New best KD student saved to /users/40370279/csc4006/code/experiments/5__teacher_model_comparison/checkpoints/kd_student_small_large_teacher_seed42.pt
[Epoch 013] train_loss=0.4397, train_hard=0.6651, train_soft=0.3506, train_logit_mse=0.6427, train_feature_mse=0.0014, train_acc=0.7794, alpha=0.222, val_acc=0.7575, val_macro_f1=0.5607, val_weighted_f1=0.7360, lr=0.000735, epoch_time=17.75s
[Epoch 014] train_loss=0.4297, train_hard=0.6559, train_soft=0.3396, train_logit_mse=0.6242, train_feature_mse=0.0013, train_acc=0.7844, alpha=0.226, val_acc=0.7569, val_macro_f1=0.5588, val_weighted_f1=0.7354, lr=0.000725, epoch_time=17.80s
[Epoch 015] train_loss=0.4267, train_hard=0.6542, train_soft=0.3350, train_logit_mse=0.6143, train_feature_mse=0.0013, train_acc=0.7848, alpha=0.229, val_acc=0.7605, val_macro_f1=0.5612, val_weighted_f1=0.7367, lr=0.000714, epoch_time=17.71s
[Epoch 016] train_loss=0.4241, train_hard=0.6516, train_soft=0.3309, train_logit_mse=0.6086, train_feature_mse=0.0013, train_acc=0.7861, alpha=0.234, val_acc=0.7648, val_macro_f1=0.5718, val_weighted_f1=0.7458, lr=0.000702, epoch_time=17.86s
  -> New best KD student saved to /users/40370279/csc4006/code/experiments/5__teacher_model_comparison/checkpoints/kd_student_small_large_teacher_seed42.pt
[Epoch 017] train_loss=0.4151, train_hard=0.6430, train_soft=0.3206, train_logit_mse=0.5896, train_feature_mse=0.0012, train_acc=0.7916, alpha=0.238, val_acc=0.7685, val_macro_f1=0.5736, val_weighted_f1=0.7478, lr=0.000691, epoch_time=17.80s
  -> New best KD student saved to /users/40370279/csc4006/code/experiments/5__teacher_model_comparison/checkpoints/kd_student_small_large_teacher_seed42.pt
[Epoch 018] train_loss=0.4147, train_hard=0.6456, train_soft=0.3174, train_logit_mse=0.5856, train_feature_mse=0.0012, train_acc=0.7849, alpha=0.243, val_acc=0.7654, val_macro_f1=0.5618, val_weighted_f1=0.7372, lr=0.000678, epoch_time=17.82s
[Epoch 019] train_loss=0.4067, train_hard=0.6348, train_soft=0.3089, train_logit_mse=0.5707, train_feature_mse=0.0012, train_acc=0.7909, alpha=0.248, val_acc=0.7685, val_macro_f1=0.5801, val_weighted_f1=0.7487, lr=0.000665, epoch_time=17.78s
  -> New best KD student saved to /users/40370279/csc4006/code/experiments/5__teacher_model_comparison/checkpoints/kd_student_small_large_teacher_seed42.pt
[Epoch 020] train_loss=0.4067, train_hard=0.6368, train_soft=0.3061, train_logit_mse=0.5667, train_feature_mse=0.0011, train_acc=0.7915, alpha=0.253, val_acc=0.7587, val_macro_f1=0.5706, val_weighted_f1=0.7426, lr=0.000651, epoch_time=17.87s
[Epoch 021] train_loss=0.4067, train_hard=0.6359, train_soft=0.3043, train_logit_mse=0.5610, train_feature_mse=0.0011, train_acc=0.7885, alpha=0.258, val_acc=0.7679, val_macro_f1=0.5778, val_weighted_f1=0.7490, lr=0.000637, epoch_time=17.81s
[Epoch 022] train_loss=0.3991, train_hard=0.6293, train_soft=0.2945, train_logit_mse=0.5452, train_feature_mse=0.0011, train_acc=0.7935, alpha=0.263, val_acc=0.7728, val_macro_f1=0.5795, val_weighted_f1=0.7525, lr=0.000623, epoch_time=17.86s
[Epoch 023] train_loss=0.3970, train_hard=0.6259, train_soft=0.2906, train_logit_mse=0.5370, train_feature_mse=0.0010, train_acc=0.7965, alpha=0.269, val_acc=0.7648, val_macro_f1=0.5607, val_weighted_f1=0.7380, lr=0.000608, epoch_time=17.78s
[Epoch 024] train_loss=0.3973, train_hard=0.6265, train_soft=0.2883, train_logit_mse=0.5327, train_feature_mse=0.0010, train_acc=0.7938, alpha=0.275, val_acc=0.7618, val_macro_f1=0.5585, val_weighted_f1=0.7357, lr=0.000592, epoch_time=17.77s
[Epoch 025] train_loss=0.3965, train_hard=0.6230, train_soft=0.2858, train_logit_mse=0.5292, train_feature_mse=0.0010, train_acc=0.7966, alpha=0.281, val_acc=0.7666, val_macro_f1=0.5664, val_weighted_f1=0.7418, lr=0.000576, epoch_time=17.87s
[Epoch 026] train_loss=0.3972, train_hard=0.6233, train_soft=0.2840, train_logit_mse=0.5245, train_feature_mse=0.0010, train_acc=0.7943, alpha=0.287, val_acc=0.7703, val_macro_f1=0.5713, val_weighted_f1=0.7453, lr=0.000560, epoch_time=17.80s
[Epoch 027] train_loss=0.3951, train_hard=0.6179, train_soft=0.2804, train_logit_mse=0.5208, train_feature_mse=0.0010, train_acc=0.7959, alpha=0.293, val_acc=0.7666, val_macro_f1=0.5768, val_weighted_f1=0.7468, lr=0.000544, epoch_time=17.72s
[Epoch 028] train_loss=0.3901, train_hard=0.6125, train_soft=0.2731, train_logit_mse=0.5077, train_feature_mse=0.0009, train_acc=0.7968, alpha=0.300, val_acc=0.7740, val_macro_f1=0.5854, val_weighted_f1=0.7555, lr=0.000527, epoch_time=17.98s
  -> New best KD student saved to /users/40370279/csc4006/code/experiments/5__teacher_model_comparison/checkpoints/kd_student_small_large_teacher_seed42.pt
[Epoch 029] train_loss=0.3933, train_hard=0.6137, train_soft=0.2739, train_logit_mse=0.5092, train_feature_mse=0.0009, train_acc=0.7996, alpha=0.306, val_acc=0.7618, val_macro_f1=0.5697, val_weighted_f1=0.7429, lr=0.000510, epoch_time=17.88s
[Epoch 030] train_loss=0.3932, train_hard=0.6124, train_soft=0.2713, train_logit_mse=0.5037, train_feature_mse=0.0009, train_acc=0.7973, alpha=0.313, val_acc=0.7758, val_macro_f1=0.5847, val_weighted_f1=0.7548, lr=0.000493, epoch_time=17.80s
[Epoch 031] train_loss=0.3919, train_hard=0.6068, train_soft=0.2689, train_logit_mse=0.5009, train_feature_mse=0.0009, train_acc=0.7982, alpha=0.319, val_acc=0.7618, val_macro_f1=0.5635, val_weighted_f1=0.7384, lr=0.000476, epoch_time=17.69s
[Epoch 032] train_loss=0.3924, train_hard=0.6071, train_soft=0.2664, train_logit_mse=0.4965, train_feature_mse=0.0009, train_acc=0.7946, alpha=0.326, val_acc=0.7636, val_macro_f1=0.5588, val_weighted_f1=0.7343, lr=0.000458, epoch_time=17.89s
[Epoch 033] train_loss=0.3902, train_hard=0.6033, train_soft=0.2618, train_logit_mse=0.4888, train_feature_mse=0.0009, train_acc=0.7981, alpha=0.333, val_acc=0.7673, val_macro_f1=0.5715, val_weighted_f1=0.7461, lr=0.000440, epoch_time=17.82s
[Epoch 034] train_loss=0.3941, train_hard=0.6025, train_soft=0.2645, train_logit_mse=0.4926, train_feature_mse=0.0009, train_acc=0.8016, alpha=0.340, val_acc=0.7673, val_macro_f1=0.5677, val_weighted_f1=0.7413, lr=0.000423, epoch_time=17.65s
[Epoch 035] train_loss=0.3933, train_hard=0.5987, train_soft=0.2619, train_logit_mse=0.4886, train_feature_mse=0.0009, train_acc=0.7980, alpha=0.347, val_acc=0.7618, val_macro_f1=0.5692, val_weighted_f1=0.7393, lr=0.000405, epoch_time=17.77s
[Epoch 036] train_loss=0.3945, train_hard=0.5971, train_soft=0.2610, train_logit_mse=0.4875, train_feature_mse=0.0008, train_acc=0.8017, alpha=0.353, val_acc=0.7703, val_macro_f1=0.5740, val_weighted_f1=0.7463, lr=0.000387, epoch_time=17.74s
[Epoch 037] train_loss=0.3939, train_hard=0.5966, train_soft=0.2572, train_logit_mse=0.4805, train_feature_mse=0.0008, train_acc=0.8016, alpha=0.360, val_acc=0.7679, val_macro_f1=0.5669, val_weighted_f1=0.7413, lr=0.000370, epoch_time=17.81s
[Epoch 038] train_loss=0.3953, train_hard=0.5945, train_soft=0.2570, train_logit_mse=0.4812, train_feature_mse=0.0008, train_acc=0.8030, alpha=0.367, val_acc=0.7783, val_macro_f1=0.5858, val_weighted_f1=0.7554, lr=0.000352, epoch_time=17.79s
  -> New best KD student saved to /users/40370279/csc4006/code/experiments/5__teacher_model_comparison/checkpoints/kd_student_small_large_teacher_seed42.pt
[Epoch 039] train_loss=0.3976, train_hard=0.5961, train_soft=0.2561, train_logit_mse=0.4782, train_feature_mse=0.0008, train_acc=0.8013, alpha=0.374, val_acc=0.7715, val_macro_f1=0.5823, val_weighted_f1=0.7481, lr=0.000334, epoch_time=17.82s
[Epoch 040] train_loss=0.3967, train_hard=0.5915, train_soft=0.2541, train_logit_mse=0.4742, train_feature_mse=0.0008, train_acc=0.8040, alpha=0.381, val_acc=0.7642, val_macro_f1=0.5734, val_weighted_f1=0.7410, lr=0.000317, epoch_time=17.76s
[Epoch 041] train_loss=0.3985, train_hard=0.5927, train_soft=0.2527, train_logit_mse=0.4712, train_feature_mse=0.0008, train_acc=0.8023, alpha=0.387, val_acc=0.7715, val_macro_f1=0.5780, val_weighted_f1=0.7502, lr=0.000300, epoch_time=17.85s
[Epoch 042] train_loss=0.4002, train_hard=0.5895, train_soft=0.2537, train_logit_mse=0.4740, train_feature_mse=0.0008, train_acc=0.8043, alpha=0.394, val_acc=0.7691, val_macro_f1=0.5742, val_weighted_f1=0.7464, lr=0.000283, epoch_time=17.78s
[Epoch 043] train_loss=0.4035, train_hard=0.5890, train_soft=0.2559, train_logit_mse=0.4766, train_feature_mse=0.0008, train_acc=0.8040, alpha=0.400, val_acc=0.7703, val_macro_f1=0.5750, val_weighted_f1=0.7464, lr=0.000266, epoch_time=17.67s
[Epoch 044] train_loss=0.4002, train_hard=0.5845, train_soft=0.2503, train_logit_mse=0.4677, train_feature_mse=0.0008, train_acc=0.8064, alpha=0.407, val_acc=0.7685, val_macro_f1=0.5720, val_weighted_f1=0.7446, lr=0.000250, epoch_time=17.81s
[Epoch 045] train_loss=0.4060, train_hard=0.5899, train_soft=0.2524, train_logit_mse=0.4717, train_feature_mse=0.0008, train_acc=0.8073, alpha=0.413, val_acc=0.7685, val_macro_f1=0.5702, val_weighted_f1=0.7429, lr=0.000234, epoch_time=17.83s
[Epoch 046] train_loss=0.4049, train_hard=0.5896, train_soft=0.2478, train_logit_mse=0.4623, train_feature_mse=0.0008, train_acc=0.8010, alpha=0.419, val_acc=0.7673, val_macro_f1=0.5705, val_weighted_f1=0.7439, lr=0.000218, epoch_time=17.74s
[Epoch 047] train_loss=0.4038, train_hard=0.5849, train_soft=0.2460, train_logit_mse=0.4598, train_feature_mse=0.0008, train_acc=0.8073, alpha=0.425, val_acc=0.7685, val_macro_f1=0.5763, val_weighted_f1=0.7466, lr=0.000202, epoch_time=17.82s
[Epoch 048] train_loss=0.4045, train_hard=0.5809, train_soft=0.2467, train_logit_mse=0.4624, train_feature_mse=0.0008, train_acc=0.8084, alpha=0.431, val_acc=0.7721, val_macro_f1=0.5765, val_weighted_f1=0.7479, lr=0.000187, epoch_time=17.72s
[Epoch 049] train_loss=0.4062, train_hard=0.5800, train_soft=0.2469, train_logit_mse=0.4645, train_feature_mse=0.0008, train_acc=0.8098, alpha=0.437, val_acc=0.7685, val_macro_f1=0.5740, val_weighted_f1=0.7458, lr=0.000173, epoch_time=17.72s
[Epoch 050] train_loss=0.4075, train_hard=0.5832, train_soft=0.2438, train_logit_mse=0.4571, train_feature_mse=0.0008, train_acc=0.8055, alpha=0.442, val_acc=0.7691, val_macro_f1=0.5802, val_weighted_f1=0.7466, lr=0.000159, epoch_time=17.78s
[Epoch 051] train_loss=0.4070, train_hard=0.5782, train_soft=0.2436, train_logit_mse=0.4570, train_feature_mse=0.0007, train_acc=0.8104, alpha=0.447, val_acc=0.7642, val_macro_f1=0.5659, val_weighted_f1=0.7398, lr=0.000145, epoch_time=17.85s
[Epoch 052] train_loss=0.4071, train_hard=0.5761, train_soft=0.2425, train_logit_mse=0.4549, train_feature_mse=0.0007, train_acc=0.8071, alpha=0.452, val_acc=0.7691, val_macro_f1=0.5761, val_weighted_f1=0.7471, lr=0.000132, epoch_time=17.85s
[Epoch 053] train_loss=0.4099, train_hard=0.5771, train_soft=0.2438, train_logit_mse=0.4574, train_feature_mse=0.0007, train_acc=0.8101, alpha=0.457, val_acc=0.7685, val_macro_f1=0.5780, val_weighted_f1=0.7458, lr=0.000119, epoch_time=17.70s
Early stopping triggered.
Loaded best KD student checkpoint for final test evaluation.
Best validation macro-F1: 0.5858
Best epoch: 38
Time to best model: 681.84 seconds
Checkpoint size (MB): 0.117
Student size: small
Teacher used: /users/40370279/csc4006/code/experiments/5__teacher_model_comparison/checkpoints/teacher_large_seed42.pt
Teacher arch: TeacherCNN
Teacher size: large
Checkpoint seed: 42
Test accuracy (KD student): 0.7830
Test macro-F1 (KD student): 0.5904
Test weighted-F1 (KD student): 0.7619
Test classification report:
              precision    recall  f1-score   support

           0       0.79      0.68      0.73       184
           1       0.00      0.00      0.00        56
           2       0.81      0.52      0.64       256
           3       0.80      0.93      0.86       912
           4       0.70      0.74      0.72       242

    accuracy                           0.78      1650
   macro avg       0.62      0.58      0.59      1650
weighted avg       0.76      0.78      0.76      1650

Test confusion matrix:
[[126   0   5  47   6]
 [  3   0   1  41  11]
 [ 14   0 134  80  28]
 [ 13   0  16 852  31]
 [  4   0   9  49 180]]
Inference latency: 1.4727 ms/sample
