Using device: cuda
Seed: 999
Teacher size: large
Teacher checkpoint path: /users/40370279/csc4006/code/experiments/5__teacher_model_comparison/checkpoints/teacher_large_seed999.pt
Deterministic mode: True
Deterministic warn_only: True
Training: batch_size=64, lr=0.0008, epochs=90, patience=18, warmup_epochs=5, min_lr_factor=0.02, weight_decay=0.001, class_weight_gamma=0.2, label_smoothing=0.03, sampler_power=0.35, grad_clip=1.0, num_workers=2, teacher_size=large, use_weighted_sampler=False, class_weights=True, disable_augmentation=False, ema_decay=0.999
Training set size: 12957
Validation set size: 1637
Test set size: 1650
Number of leads: 12 classes: 5
Classes: ['CD' 'HYP' 'MI' 'NORM' 'STTC']
Training sampler: standard shuffled loader
Trainable parameters: 3111171
Total parameters: 3111171
Estimated model size (MB): 11.912
Class weights: [1.0338018  1.3094392  0.9520142  0.73911804 0.9656268 ]
EMA enabled
[Epoch 001] lr=0.000320, train_loss=0.9291, train_acc=0.7316, val_acc=0.7508, val_macro_f1=0.5438, val_weighted_f1=0.7184, epoch_time=28.24s
  -> Saved best teacher model to /users/40370279/csc4006/code/experiments/5__teacher_model_comparison/checkpoints/teacher_large_seed999.pt
[Epoch 002] lr=0.000480, train_loss=0.8115, train_acc=0.7732, val_acc=0.7349, val_macro_f1=0.5718, val_weighted_f1=0.7295, epoch_time=27.06s
  -> Saved best teacher model to /users/40370279/csc4006/code/experiments/5__teacher_model_comparison/checkpoints/teacher_large_seed999.pt
[Epoch 003] lr=0.000640, train_loss=0.7830, train_acc=0.7847, val_acc=0.7654, val_macro_f1=0.5662, val_weighted_f1=0.7417, epoch_time=27.04s
[Epoch 004] lr=0.000800, train_loss=0.7709, train_acc=0.7878, val_acc=0.7312, val_macro_f1=0.5491, val_weighted_f1=0.7183, epoch_time=27.08s
[Epoch 005] lr=0.000800, train_loss=0.7509, train_acc=0.7933, val_acc=0.7679, val_macro_f1=0.6138, val_weighted_f1=0.7543, epoch_time=27.19s
  -> Saved best teacher model to /users/40370279/csc4006/code/experiments/5__teacher_model_comparison/checkpoints/teacher_large_seed999.pt
[Epoch 006] lr=0.000800, train_loss=0.7304, train_acc=0.8010, val_acc=0.7282, val_macro_f1=0.5587, val_weighted_f1=0.7215, epoch_time=26.98s
[Epoch 007] lr=0.000799, train_loss=0.7178, train_acc=0.8054, val_acc=0.7654, val_macro_f1=0.5664, val_weighted_f1=0.7433, epoch_time=27.27s
[Epoch 008] lr=0.000798, train_loss=0.6990, train_acc=0.8104, val_acc=0.7740, val_macro_f1=0.6462, val_weighted_f1=0.7714, epoch_time=27.07s
  -> Saved best teacher model to /users/40370279/csc4006/code/experiments/5__teacher_model_comparison/checkpoints/teacher_large_seed999.pt
[Epoch 009] lr=0.000796, train_loss=0.6808, train_acc=0.8192, val_acc=0.7648, val_macro_f1=0.6409, val_weighted_f1=0.7640, epoch_time=27.11s
[Epoch 010] lr=0.000793, train_loss=0.6646, train_acc=0.8196, val_acc=0.7776, val_macro_f1=0.5974, val_weighted_f1=0.7584, epoch_time=27.13s
[Epoch 011] lr=0.000790, train_loss=0.6535, train_acc=0.8256, val_acc=0.7880, val_macro_f1=0.6383, val_weighted_f1=0.7769, epoch_time=27.08s
[Epoch 012] lr=0.000787, train_loss=0.6356, train_acc=0.8311, val_acc=0.7862, val_macro_f1=0.6672, val_weighted_f1=0.7832, epoch_time=27.16s
  -> Saved best teacher model to /users/40370279/csc4006/code/experiments/5__teacher_model_comparison/checkpoints/teacher_large_seed999.pt
[Epoch 013] lr=0.000783, train_loss=0.6225, train_acc=0.8354, val_acc=0.7886, val_macro_f1=0.6283, val_weighted_f1=0.7755, epoch_time=26.99s
[Epoch 014] lr=0.000779, train_loss=0.6164, train_acc=0.8348, val_acc=0.7697, val_macro_f1=0.6483, val_weighted_f1=0.7687, epoch_time=27.09s
[Epoch 015] lr=0.000774, train_loss=0.6076, train_acc=0.8396, val_acc=0.7721, val_macro_f1=0.6196, val_weighted_f1=0.7597, epoch_time=26.97s
[Epoch 016] lr=0.000768, train_loss=0.5921, train_acc=0.8430, val_acc=0.6940, val_macro_f1=0.6219, val_weighted_f1=0.7253, epoch_time=27.15s
[Epoch 017] lr=0.000762, train_loss=0.5779, train_acc=0.8494, val_acc=0.7666, val_macro_f1=0.6578, val_weighted_f1=0.7686, epoch_time=27.09s
[Epoch 018] lr=0.000756, train_loss=0.5693, train_acc=0.8532, val_acc=0.7709, val_macro_f1=0.6502, val_weighted_f1=0.7669, epoch_time=27.08s
[Epoch 019] lr=0.000749, train_loss=0.5526, train_acc=0.8572, val_acc=0.7892, val_macro_f1=0.6485, val_weighted_f1=0.7804, epoch_time=27.02s
[Epoch 020] lr=0.000741, train_loss=0.5448, train_acc=0.8576, val_acc=0.7734, val_macro_f1=0.6630, val_weighted_f1=0.7734, epoch_time=27.09s
[Epoch 021] lr=0.000733, train_loss=0.5208, train_acc=0.8712, val_acc=0.7850, val_macro_f1=0.6626, val_weighted_f1=0.7800, epoch_time=27.05s
[Epoch 022] lr=0.000725, train_loss=0.5049, train_acc=0.8728, val_acc=0.7770, val_macro_f1=0.6343, val_weighted_f1=0.7658, epoch_time=27.05s
[Epoch 023] lr=0.000716, train_loss=0.4910, train_acc=0.8821, val_acc=0.7740, val_macro_f1=0.6660, val_weighted_f1=0.7756, epoch_time=27.16s
[Epoch 024] lr=0.000707, train_loss=0.4742, train_acc=0.8874, val_acc=0.7929, val_macro_f1=0.6744, val_weighted_f1=0.7896, epoch_time=26.94s
  -> Saved best teacher model to /users/40370279/csc4006/code/experiments/5__teacher_model_comparison/checkpoints/teacher_large_seed999.pt
[Epoch 025] lr=0.000698, train_loss=0.4518, train_acc=0.8953, val_acc=0.7831, val_macro_f1=0.6532, val_weighted_f1=0.7750, epoch_time=27.03s
[Epoch 026] lr=0.000688, train_loss=0.4374, train_acc=0.9001, val_acc=0.7856, val_macro_f1=0.6678, val_weighted_f1=0.7810, epoch_time=27.13s
[Epoch 027] lr=0.000677, train_loss=0.4149, train_acc=0.9087, val_acc=0.7770, val_macro_f1=0.6723, val_weighted_f1=0.7790, epoch_time=27.10s
[Epoch 028] lr=0.000667, train_loss=0.4087, train_acc=0.9099, val_acc=0.7801, val_macro_f1=0.6698, val_weighted_f1=0.7762, epoch_time=26.94s
[Epoch 029] lr=0.000656, train_loss=0.3890, train_acc=0.9192, val_acc=0.7538, val_macro_f1=0.6592, val_weighted_f1=0.7648, epoch_time=27.10s
[Epoch 030] lr=0.000644, train_loss=0.3714, train_acc=0.9260, val_acc=0.7642, val_macro_f1=0.6516, val_weighted_f1=0.7655, epoch_time=27.07s
[Epoch 031] lr=0.000633, train_loss=0.3604, train_acc=0.9321, val_acc=0.7764, val_macro_f1=0.6547, val_weighted_f1=0.7713, epoch_time=26.97s
[Epoch 032] lr=0.000620, train_loss=0.3491, train_acc=0.9362, val_acc=0.7740, val_macro_f1=0.6700, val_weighted_f1=0.7744, epoch_time=27.07s
[Epoch 033] lr=0.000608, train_loss=0.3271, train_acc=0.9422, val_acc=0.7844, val_macro_f1=0.6526, val_weighted_f1=0.7768, epoch_time=27.16s
[Epoch 034] lr=0.000596, train_loss=0.3186, train_acc=0.9468, val_acc=0.7752, val_macro_f1=0.6477, val_weighted_f1=0.7696, epoch_time=27.16s
[Epoch 035] lr=0.000583, train_loss=0.3072, train_acc=0.9521, val_acc=0.7801, val_macro_f1=0.6504, val_weighted_f1=0.7712, epoch_time=27.01s
[Epoch 036] lr=0.000570, train_loss=0.2991, train_acc=0.9559, val_acc=0.7740, val_macro_f1=0.6590, val_weighted_f1=0.7723, epoch_time=27.08s
[Epoch 037] lr=0.000556, train_loss=0.2892, train_acc=0.9576, val_acc=0.7715, val_macro_f1=0.6420, val_weighted_f1=0.7670, epoch_time=27.05s
[Epoch 038] lr=0.000543, train_loss=0.2850, train_acc=0.9613, val_acc=0.7770, val_macro_f1=0.6351, val_weighted_f1=0.7684, epoch_time=27.17s
[Epoch 039] lr=0.000529, train_loss=0.2761, train_acc=0.9620, val_acc=0.7770, val_macro_f1=0.6245, val_weighted_f1=0.7662, epoch_time=27.02s
[Epoch 040] lr=0.000515, train_loss=0.2639, train_acc=0.9674, val_acc=0.7666, val_macro_f1=0.6364, val_weighted_f1=0.7614, epoch_time=27.03s
[Epoch 041] lr=0.000501, train_loss=0.2579, train_acc=0.9728, val_acc=0.7758, val_macro_f1=0.6155, val_weighted_f1=0.7619, epoch_time=26.93s
[Epoch 042] lr=0.000487, train_loss=0.2578, train_acc=0.9692, val_acc=0.7703, val_macro_f1=0.6406, val_weighted_f1=0.7659, epoch_time=27.00s
Early stopping

Loaded best checkpoint for final evaluation.
Best validation macro-F1: 0.6744
Best epoch: 24
Time to best model: 652.25 seconds
Checkpoint size (MB): 12.012
Checkpoint seed: 999
Checkpoint teacher size: large
Checkpoint teacher arch: TeacherCNN
Test Accuracy: 0.7818
Test Macro-F1: 0.6399
Test Weighted-F1: 0.7800
Classification Report:
              precision    recall  f1-score   support

           0       0.86      0.68      0.76       184
           1       0.15      0.16      0.15        56
           2       0.79      0.64      0.71       256
           3       0.83      0.89      0.86       912
           4       0.70      0.72      0.71       242

    accuracy                           0.78      1650
   macro avg       0.67      0.62      0.64      1650
weighted avg       0.78      0.78      0.78      1650

Confusion Matrix:
[[126   5   5  38  10]
 [  2   9   2  37   6]
 [  2   5 165  56  28]
 [ 12  30  24 815  31]
 [  4  12  12  39 175]]
Inference latency: 6.0299 ms/sample
Using device: cuda
Seed: 999
Deterministic mode: True
Deterministic warn_only: True
KD hyperparameters: alpha_start=0.200, alpha_end=0.500, temperature=4.00, logit_mse_weight=0.030, feature_mse_weight=0.030, class_weight_gamma=0.00, sampler_power=0.35, label_smoothing=0.000, student_size=small
Training: batch_size=64, lr=0.0008, epochs=70, patience=15, weight_decay=0.002, grad_clip=1.0, num_workers=2, disable_augmentation=False, use_weighted_sampler=False
Teacher checkpoint path: /users/40370279/csc4006/code/experiments/5__teacher_model_comparison/checkpoints/teacher_large_seed999.pt
Student checkpoint path: /users/40370279/csc4006/code/experiments/5__teacher_model_comparison/checkpoints/kd_student_small_large_teacher_seed999.pt
Training set size: 12957
Validation set size: 1637
Test set size: 1650
Number of leads: 12 classes: 5
Classes: ['CD' 'HYP' 'MI' 'NORM' 'STTC']
Trainable parameters (student): 5897
Total parameters (student): 5897
Estimated model size (MB): 0.024
Teacher pooled dim: 896
Student pooled dim: 18
Class weights: [1. 1. 1. 1. 1.]
Training sampler: standard shuffled loader
[Epoch 001] train_loss=1.5725, train_hard=1.1827, train_soft=1.5705, train_logit_mse=2.6007, train_feature_mse=0.0521, train_acc=0.5749, alpha=0.200, val_acc=0.6090, val_macro_f1=0.2395, val_weighted_f1=0.5058, lr=0.000800, epoch_time=19.12s
  -> New best KD student saved to /users/40370279/csc4006/code/experiments/5__teacher_model_comparison/checkpoints/kd_student_small_large_teacher_seed999.pt
[Epoch 002] train_loss=1.1699, train_hard=0.9445, train_soft=1.1526, train_logit_mse=1.9375, train_feature_mse=0.0295, train_acc=0.6627, alpha=0.200, val_acc=0.6878, val_macro_f1=0.4364, val_weighted_f1=0.6387, lr=0.000798, epoch_time=18.01s
  -> New best KD student saved to /users/40370279/csc4006/code/experiments/5__teacher_model_comparison/checkpoints/kd_student_small_large_teacher_seed999.pt
[Epoch 003] train_loss=0.9820, train_hard=0.8325, train_soft=0.9565, train_logit_mse=1.6636, train_feature_mse=0.0154, train_acc=0.7137, alpha=0.201, val_acc=0.7080, val_macro_f1=0.4824, val_weighted_f1=0.6743, lr=0.000796, epoch_time=17.86s
  -> New best KD student saved to /users/40370279/csc4006/code/experiments/5__teacher_model_comparison/checkpoints/kd_student_small_large_teacher_seed999.pt
[Epoch 004] train_loss=0.9048, train_hard=0.7945, train_soft=0.8741, train_logit_mse=1.5485, train_feature_mse=0.0095, train_acc=0.7333, alpha=0.201, val_acc=0.7208, val_macro_f1=0.4989, val_weighted_f1=0.6861, lr=0.000794, epoch_time=18.02s
  -> New best KD student saved to /users/40370279/csc4006/code/experiments/5__teacher_model_comparison/checkpoints/kd_student_small_large_teacher_seed999.pt
[Epoch 005] train_loss=0.8339, train_hard=0.7603, train_soft=0.7989, train_logit_mse=1.4211, train_feature_mse=0.0058, train_acc=0.7458, alpha=0.202, val_acc=0.7330, val_macro_f1=0.5166, val_weighted_f1=0.6999, lr=0.000790, epoch_time=17.96s
  -> New best KD student saved to /users/40370279/csc4006/code/experiments/5__teacher_model_comparison/checkpoints/kd_student_small_large_teacher_seed999.pt
[Epoch 006] train_loss=0.7867, train_hard=0.7402, train_soft=0.7483, train_logit_mse=1.3321, train_feature_mse=0.0036, train_acc=0.7553, alpha=0.204, val_acc=0.7398, val_macro_f1=0.5274, val_weighted_f1=0.7072, lr=0.000786, epoch_time=17.94s
  -> New best KD student saved to /users/40370279/csc4006/code/experiments/5__teacher_model_comparison/checkpoints/kd_student_small_large_teacher_seed999.pt
[Epoch 007] train_loss=0.7431, train_hard=0.7189, train_soft=0.7020, train_logit_mse=1.2515, train_feature_mse=0.0025, train_acc=0.7631, alpha=0.206, val_acc=0.7337, val_macro_f1=0.5220, val_weighted_f1=0.7012, lr=0.000781, epoch_time=17.92s
[Epoch 008] train_loss=0.7159, train_hard=0.7040, train_soft=0.6735, train_logit_mse=1.1991, train_feature_mse=0.0021, train_acc=0.7679, alpha=0.208, val_acc=0.7367, val_macro_f1=0.5218, val_weighted_f1=0.7031, lr=0.000775, epoch_time=17.87s
[Epoch 009] train_loss=0.6974, train_hard=0.6962, train_soft=0.6536, train_logit_mse=1.1616, train_feature_mse=0.0019, train_acc=0.7721, alpha=0.210, val_acc=0.7495, val_macro_f1=0.5409, val_weighted_f1=0.7196, lr=0.000768, epoch_time=17.96s
  -> New best KD student saved to /users/40370279/csc4006/code/experiments/5__teacher_model_comparison/checkpoints/kd_student_small_large_teacher_seed999.pt
[Epoch 010] train_loss=0.6814, train_hard=0.6853, train_soft=0.6373, train_logit_mse=1.1300, train_feature_mse=0.0018, train_acc=0.7773, alpha=0.212, val_acc=0.7483, val_macro_f1=0.5342, val_weighted_f1=0.7160, lr=0.000761, epoch_time=17.75s
[Epoch 011] train_loss=0.6705, train_hard=0.6820, train_soft=0.6248, train_logit_mse=1.1093, train_feature_mse=0.0017, train_acc=0.7788, alpha=0.215, val_acc=0.7532, val_macro_f1=0.5519, val_weighted_f1=0.7289, lr=0.000753, epoch_time=17.88s
  -> New best KD student saved to /users/40370279/csc4006/code/experiments/5__teacher_model_comparison/checkpoints/kd_student_small_large_teacher_seed999.pt
[Epoch 012] train_loss=0.6541, train_hard=0.6725, train_soft=0.6076, train_logit_mse=1.0750, train_feature_mse=0.0016, train_acc=0.7804, alpha=0.218, val_acc=0.7495, val_macro_f1=0.5522, val_weighted_f1=0.7253, lr=0.000744, epoch_time=17.81s
  -> New best KD student saved to /users/40370279/csc4006/code/experiments/5__teacher_model_comparison/checkpoints/kd_student_small_large_teacher_seed999.pt
[Epoch 013] train_loss=0.6487, train_hard=0.6722, train_soft=0.6010, train_logit_mse=1.0621, train_feature_mse=0.0016, train_acc=0.7798, alpha=0.222, val_acc=0.7544, val_macro_f1=0.5532, val_weighted_f1=0.7274, lr=0.000735, epoch_time=17.85s
  -> New best KD student saved to /users/40370279/csc4006/code/experiments/5__teacher_model_comparison/checkpoints/kd_student_small_large_teacher_seed999.pt
[Epoch 014] train_loss=0.6388, train_hard=0.6625, train_soft=0.5914, train_logit_mse=1.0461, train_feature_mse=0.0015, train_acc=0.7844, alpha=0.226, val_acc=0.7508, val_macro_f1=0.5522, val_weighted_f1=0.7273, lr=0.000725, epoch_time=17.75s
[Epoch 015] train_loss=0.6250, train_hard=0.6538, train_soft=0.5764, train_logit_mse=1.0261, train_feature_mse=0.0014, train_acc=0.7860, alpha=0.229, val_acc=0.7489, val_macro_f1=0.5403, val_weighted_f1=0.7162, lr=0.000714, epoch_time=17.79s
[Epoch 016] train_loss=0.6244, train_hard=0.6593, train_soft=0.5739, train_logit_mse=1.0165, train_feature_mse=0.0014, train_acc=0.7839, alpha=0.234, val_acc=0.7477, val_macro_f1=0.5398, val_weighted_f1=0.7177, lr=0.000702, epoch_time=17.86s
[Epoch 017] train_loss=0.6135, train_hard=0.6469, train_soft=0.5638, train_logit_mse=0.9972, train_feature_mse=0.0014, train_acc=0.7893, alpha=0.238, val_acc=0.7569, val_macro_f1=0.5537, val_weighted_f1=0.7299, lr=0.000691, epoch_time=17.94s
  -> New best KD student saved to /users/40370279/csc4006/code/experiments/5__teacher_model_comparison/checkpoints/kd_student_small_large_teacher_seed999.pt
[Epoch 018] train_loss=0.6095, train_hard=0.6506, train_soft=0.5570, train_logit_mse=0.9893, train_feature_mse=0.0013, train_acc=0.7899, alpha=0.243, val_acc=0.7550, val_macro_f1=0.5517, val_weighted_f1=0.7273, lr=0.000678, epoch_time=17.78s
[Epoch 019] train_loss=0.6013, train_hard=0.6412, train_soft=0.5492, train_logit_mse=0.9734, train_feature_mse=0.0013, train_acc=0.7905, alpha=0.248, val_acc=0.7538, val_macro_f1=0.5509, val_weighted_f1=0.7264, lr=0.000665, epoch_time=17.87s
[Epoch 020] train_loss=0.5960, train_hard=0.6401, train_soft=0.5424, train_logit_mse=0.9609, train_feature_mse=0.0013, train_acc=0.7882, alpha=0.253, val_acc=0.7471, val_macro_f1=0.5359, val_weighted_f1=0.7134, lr=0.000651, epoch_time=17.96s
[Epoch 021] train_loss=0.5918, train_hard=0.6366, train_soft=0.5377, train_logit_mse=0.9536, train_feature_mse=0.0012, train_acc=0.7917, alpha=0.258, val_acc=0.7495, val_macro_f1=0.5453, val_weighted_f1=0.7196, lr=0.000637, epoch_time=17.84s
[Epoch 022] train_loss=0.5883, train_hard=0.6352, train_soft=0.5330, train_logit_mse=0.9444, train_feature_mse=0.0012, train_acc=0.7923, alpha=0.263, val_acc=0.7550, val_macro_f1=0.5496, val_weighted_f1=0.7257, lr=0.000623, epoch_time=17.87s
[Epoch 023] train_loss=0.5869, train_hard=0.6356, train_soft=0.5304, train_logit_mse=0.9409, train_feature_mse=0.0012, train_acc=0.7925, alpha=0.269, val_acc=0.7587, val_macro_f1=0.5551, val_weighted_f1=0.7294, lr=0.000608, epoch_time=17.89s
  -> New best KD student saved to /users/40370279/csc4006/code/experiments/5__teacher_model_comparison/checkpoints/kd_student_small_large_teacher_seed999.pt
[Epoch 024] train_loss=0.5794, train_hard=0.6267, train_soft=0.5230, train_logit_mse=0.9288, train_feature_mse=0.0012, train_acc=0.7946, alpha=0.275, val_acc=0.7654, val_macro_f1=0.5663, val_weighted_f1=0.7391, lr=0.000592, epoch_time=17.95s
  -> New best KD student saved to /users/40370279/csc4006/code/experiments/5__teacher_model_comparison/checkpoints/kd_student_small_large_teacher_seed999.pt
[Epoch 025] train_loss=0.5795, train_hard=0.6275, train_soft=0.5221, train_logit_mse=0.9266, train_feature_mse=0.0012, train_acc=0.7951, alpha=0.281, val_acc=0.7715, val_macro_f1=0.5758, val_weighted_f1=0.7457, lr=0.000576, epoch_time=17.76s
  -> New best KD student saved to /users/40370279/csc4006/code/experiments/5__teacher_model_comparison/checkpoints/kd_student_small_large_teacher_seed999.pt
[Epoch 026] train_loss=0.5774, train_hard=0.6298, train_soft=0.5175, train_logit_mse=0.9191, train_feature_mse=0.0012, train_acc=0.7939, alpha=0.287, val_acc=0.7721, val_macro_f1=0.5793, val_weighted_f1=0.7495, lr=0.000560, epoch_time=17.78s
  -> New best KD student saved to /users/40370279/csc4006/code/experiments/5__teacher_model_comparison/checkpoints/kd_student_small_large_teacher_seed999.pt
[Epoch 027] train_loss=0.5752, train_hard=0.6242, train_soft=0.5160, train_logit_mse=0.9151, train_feature_mse=0.0012, train_acc=0.7964, alpha=0.293, val_acc=0.7563, val_macro_f1=0.5514, val_weighted_f1=0.7252, lr=0.000544, epoch_time=17.81s
[Epoch 028] train_loss=0.5679, train_hard=0.6197, train_soft=0.5070, train_logit_mse=0.9015, train_feature_mse=0.0011, train_acc=0.7958, alpha=0.300, val_acc=0.7593, val_macro_f1=0.5557, val_weighted_f1=0.7309, lr=0.000527, epoch_time=17.96s
[Epoch 029] train_loss=0.5682, train_hard=0.6185, train_soft=0.5069, train_logit_mse=0.9009, train_feature_mse=0.0011, train_acc=0.7978, alpha=0.306, val_acc=0.7691, val_macro_f1=0.5730, val_weighted_f1=0.7445, lr=0.000510, epoch_time=17.91s
[Epoch 030] train_loss=0.5643, train_hard=0.6175, train_soft=0.5010, train_logit_mse=0.8930, train_feature_mse=0.0011, train_acc=0.7982, alpha=0.313, val_acc=0.7587, val_macro_f1=0.5603, val_weighted_f1=0.7313, lr=0.000493, epoch_time=17.84s
[Epoch 031] train_loss=0.5586, train_hard=0.6134, train_soft=0.4940, train_logit_mse=0.8808, train_feature_mse=0.0011, train_acc=0.8024, alpha=0.319, val_acc=0.7624, val_macro_f1=0.5576, val_weighted_f1=0.7327, lr=0.000476, epoch_time=17.98s
[Epoch 032] train_loss=0.5540, train_hard=0.6065, train_soft=0.4895, train_logit_mse=0.8745, train_feature_mse=0.0011, train_acc=0.8023, alpha=0.326, val_acc=0.7660, val_macro_f1=0.5654, val_weighted_f1=0.7384, lr=0.000458, epoch_time=17.87s
[Epoch 033] train_loss=0.5523, train_hard=0.6055, train_soft=0.4865, train_logit_mse=0.8698, train_feature_mse=0.0011, train_acc=0.8010, alpha=0.333, val_acc=0.7660, val_macro_f1=0.5638, val_weighted_f1=0.7377, lr=0.000440, epoch_time=17.79s
[Epoch 034] train_loss=0.5518, train_hard=0.6044, train_soft=0.4853, train_logit_mse=0.8669, train_feature_mse=0.0011, train_acc=0.8033, alpha=0.340, val_acc=0.7721, val_macro_f1=0.5738, val_weighted_f1=0.7451, lr=0.000423, epoch_time=17.84s
[Epoch 035] train_loss=0.5521, train_hard=0.6052, train_soft=0.4843, train_logit_mse=0.8631, train_feature_mse=0.0011, train_acc=0.8016, alpha=0.347, val_acc=0.7679, val_macro_f1=0.5756, val_weighted_f1=0.7450, lr=0.000405, epoch_time=17.83s
[Epoch 036] train_loss=0.5529, train_hard=0.6080, train_soft=0.4827, train_logit_mse=0.8607, train_feature_mse=0.0011, train_acc=0.8005, alpha=0.353, val_acc=0.7697, val_macro_f1=0.5693, val_weighted_f1=0.7429, lr=0.000387, epoch_time=17.76s
[Epoch 037] train_loss=0.5487, train_hard=0.6009, train_soft=0.4791, train_logit_mse=0.8561, train_feature_mse=0.0011, train_acc=0.8028, alpha=0.360, val_acc=0.7624, val_macro_f1=0.5613, val_weighted_f1=0.7328, lr=0.000370, epoch_time=17.86s
[Epoch 038] train_loss=0.5453, train_hard=0.5990, train_soft=0.4740, train_logit_mse=0.8468, train_feature_mse=0.0011, train_acc=0.8021, alpha=0.367, val_acc=0.7618, val_macro_f1=0.5603, val_weighted_f1=0.7336, lr=0.000352, epoch_time=17.67s
[Epoch 039] train_loss=0.5459, train_hard=0.5989, train_soft=0.4736, train_logit_mse=0.8482, train_feature_mse=0.0011, train_acc=0.8057, alpha=0.374, val_acc=0.7728, val_macro_f1=0.5765, val_weighted_f1=0.7482, lr=0.000334, epoch_time=17.73s
[Epoch 040] train_loss=0.5515, train_hard=0.6048, train_soft=0.4774, train_logit_mse=0.8521, train_feature_mse=0.0011, train_acc=0.8017, alpha=0.381, val_acc=0.7703, val_macro_f1=0.5717, val_weighted_f1=0.7442, lr=0.000317, epoch_time=17.80s
[Epoch 041] train_loss=0.5429, train_hard=0.5951, train_soft=0.4688, train_logit_mse=0.8409, train_feature_mse=0.0010, train_acc=0.8046, alpha=0.387, val_acc=0.7740, val_macro_f1=0.5792, val_weighted_f1=0.7498, lr=0.000300, epoch_time=17.80s
Early stopping triggered.
Loaded best KD student checkpoint for final test evaluation.
Best validation macro-F1: 0.5793
Best epoch: 26
Time to best model: 466.99 seconds
Checkpoint size (MB): 0.117
Student size: small
Teacher used: /users/40370279/csc4006/code/experiments/5__teacher_model_comparison/checkpoints/teacher_large_seed999.pt
Teacher arch: TeacherCNN
Teacher size: large
Checkpoint seed: 999
Test accuracy (KD student): 0.7715
Test macro-F1 (KD student): 0.5774
Test weighted-F1 (KD student): 0.7493
Test classification report:
              precision    recall  f1-score   support

           0       0.77      0.71      0.74       184
           1       0.00      0.00      0.00        56
           2       0.74      0.53      0.62       256
           3       0.78      0.94      0.85       912
           4       0.74      0.63      0.68       242

    accuracy                           0.77      1650
   macro avg       0.61      0.56      0.58      1650
weighted avg       0.74      0.77      0.75      1650

Test confusion matrix:
[[131   0   7  42   4]
 [  3   0   3  45   5]
 [ 17   0 135  81  23]
 [ 16   0  19 855  22]
 [  4   0  18  68 152]]
Inference latency: 1.4772 ms/sample
