Using device: cuda
Seed: 42
Teacher size: medium
Teacher checkpoint path: /users/40370279/csc4006/code/experiments/5__teacher_model_comparison/checkpoints/teacher_medium_seed42.pt
Deterministic mode: True
Deterministic warn_only: True
Training: batch_size=64, lr=0.0008, epochs=90, patience=18, warmup_epochs=5, min_lr_factor=0.02, weight_decay=0.001, class_weight_gamma=0.2, label_smoothing=0.03, sampler_power=0.35, grad_clip=1.0, num_workers=2, teacher_size=medium, use_weighted_sampler=False, class_weights=True, disable_augmentation=False, ema_decay=0.999
Training set size: 12957
Validation set size: 1637
Test set size: 1650
Number of leads: 12 classes: 5
Classes: ['CD' 'HYP' 'MI' 'NORM' 'STTC']
Training sampler: standard shuffled loader
Trainable parameters: 1335329
Total parameters: 1335329
Estimated model size (MB): 5.122
Class weights: [1.0338018  1.3094392  0.9520142  0.73911804 0.9656268 ]
EMA enabled
[Epoch 001] lr=0.000320, train_loss=0.9986, train_acc=0.7012, val_acc=0.7587, val_macro_f1=0.5677, val_weighted_f1=0.7405, epoch_time=23.63s
  -> Saved best teacher model to /users/40370279/csc4006/code/experiments/5__teacher_model_comparison/checkpoints/teacher_medium_seed42.pt
[Epoch 002] lr=0.000480, train_loss=0.8110, train_acc=0.7737, val_acc=0.7587, val_macro_f1=0.5712, val_weighted_f1=0.7418, epoch_time=22.30s
  -> Saved best teacher model to /users/40370279/csc4006/code/experiments/5__teacher_model_comparison/checkpoints/teacher_medium_seed42.pt
[Epoch 003] lr=0.000640, train_loss=0.7797, train_acc=0.7860, val_acc=0.7630, val_macro_f1=0.5690, val_weighted_f1=0.7378, epoch_time=22.35s
[Epoch 004] lr=0.000800, train_loss=0.7684, train_acc=0.7854, val_acc=0.7660, val_macro_f1=0.5828, val_weighted_f1=0.7439, epoch_time=22.25s
  -> Saved best teacher model to /users/40370279/csc4006/code/experiments/5__teacher_model_comparison/checkpoints/teacher_medium_seed42.pt
[Epoch 005] lr=0.000800, train_loss=0.7566, train_acc=0.7932, val_acc=0.7740, val_macro_f1=0.6064, val_weighted_f1=0.7578, epoch_time=22.04s
  -> Saved best teacher model to /users/40370279/csc4006/code/experiments/5__teacher_model_comparison/checkpoints/teacher_medium_seed42.pt
[Epoch 006] lr=0.000800, train_loss=0.7267, train_acc=0.8024, val_acc=0.7825, val_macro_f1=0.6110, val_weighted_f1=0.7688, epoch_time=21.86s
  -> Saved best teacher model to /users/40370279/csc4006/code/experiments/5__teacher_model_comparison/checkpoints/teacher_medium_seed42.pt
[Epoch 007] lr=0.000799, train_loss=0.7042, train_acc=0.8098, val_acc=0.7611, val_macro_f1=0.5930, val_weighted_f1=0.7405, epoch_time=22.29s
[Epoch 008] lr=0.000798, train_loss=0.6903, train_acc=0.8130, val_acc=0.7819, val_macro_f1=0.6209, val_weighted_f1=0.7656, epoch_time=22.10s
  -> Saved best teacher model to /users/40370279/csc4006/code/experiments/5__teacher_model_comparison/checkpoints/teacher_medium_seed42.pt
[Epoch 009] lr=0.000796, train_loss=0.6715, train_acc=0.8221, val_acc=0.7862, val_macro_f1=0.6088, val_weighted_f1=0.7704, epoch_time=22.27s
[Epoch 010] lr=0.000793, train_loss=0.6640, train_acc=0.8219, val_acc=0.7874, val_macro_f1=0.6039, val_weighted_f1=0.7682, epoch_time=22.09s
[Epoch 011] lr=0.000790, train_loss=0.6490, train_acc=0.8277, val_acc=0.7783, val_macro_f1=0.6107, val_weighted_f1=0.7602, epoch_time=22.12s
[Epoch 012] lr=0.000787, train_loss=0.6377, train_acc=0.8293, val_acc=0.7752, val_macro_f1=0.6212, val_weighted_f1=0.7635, epoch_time=22.30s
  -> Saved best teacher model to /users/40370279/csc4006/code/experiments/5__teacher_model_comparison/checkpoints/teacher_medium_seed42.pt
[Epoch 013] lr=0.000783, train_loss=0.6283, train_acc=0.8324, val_acc=0.7801, val_macro_f1=0.6216, val_weighted_f1=0.7687, epoch_time=22.30s
  -> Saved best teacher model to /users/40370279/csc4006/code/experiments/5__teacher_model_comparison/checkpoints/teacher_medium_seed42.pt
[Epoch 014] lr=0.000779, train_loss=0.6155, train_acc=0.8349, val_acc=0.7770, val_macro_f1=0.6425, val_weighted_f1=0.7743, epoch_time=22.16s
  -> Saved best teacher model to /users/40370279/csc4006/code/experiments/5__teacher_model_comparison/checkpoints/teacher_medium_seed42.pt
[Epoch 015] lr=0.000774, train_loss=0.5957, train_acc=0.8435, val_acc=0.7752, val_macro_f1=0.6088, val_weighted_f1=0.7589, epoch_time=22.30s
[Epoch 016] lr=0.000768, train_loss=0.5875, train_acc=0.8472, val_acc=0.7770, val_macro_f1=0.6175, val_weighted_f1=0.7614, epoch_time=22.09s
[Epoch 017] lr=0.000762, train_loss=0.5737, train_acc=0.8510, val_acc=0.7758, val_macro_f1=0.6243, val_weighted_f1=0.7626, epoch_time=22.18s
[Epoch 018] lr=0.000756, train_loss=0.5641, train_acc=0.8568, val_acc=0.7801, val_macro_f1=0.6445, val_weighted_f1=0.7691, epoch_time=22.14s
  -> Saved best teacher model to /users/40370279/csc4006/code/experiments/5__teacher_model_comparison/checkpoints/teacher_medium_seed42.pt
[Epoch 019] lr=0.000749, train_loss=0.5493, train_acc=0.8598, val_acc=0.7172, val_macro_f1=0.6194, val_weighted_f1=0.7366, epoch_time=22.20s
[Epoch 020] lr=0.000741, train_loss=0.5323, train_acc=0.8639, val_acc=0.7868, val_macro_f1=0.6417, val_weighted_f1=0.7775, epoch_time=22.19s
[Epoch 021] lr=0.000733, train_loss=0.5109, train_acc=0.8733, val_acc=0.7569, val_macro_f1=0.6479, val_weighted_f1=0.7647, epoch_time=22.18s
  -> Saved best teacher model to /users/40370279/csc4006/code/experiments/5__teacher_model_comparison/checkpoints/teacher_medium_seed42.pt
[Epoch 022] lr=0.000725, train_loss=0.4985, train_acc=0.8758, val_acc=0.7636, val_macro_f1=0.5992, val_weighted_f1=0.7433, epoch_time=22.20s
[Epoch 023] lr=0.000716, train_loss=0.4855, train_acc=0.8846, val_acc=0.7691, val_macro_f1=0.6520, val_weighted_f1=0.7673, epoch_time=21.95s
  -> Saved best teacher model to /users/40370279/csc4006/code/experiments/5__teacher_model_comparison/checkpoints/teacher_medium_seed42.pt
[Epoch 024] lr=0.000707, train_loss=0.4667, train_acc=0.8897, val_acc=0.7636, val_macro_f1=0.6347, val_weighted_f1=0.7582, epoch_time=22.04s
[Epoch 025] lr=0.000698, train_loss=0.4495, train_acc=0.8945, val_acc=0.7758, val_macro_f1=0.6313, val_weighted_f1=0.7662, epoch_time=22.39s
[Epoch 026] lr=0.000688, train_loss=0.4308, train_acc=0.9051, val_acc=0.7666, val_macro_f1=0.6435, val_weighted_f1=0.7654, epoch_time=22.23s
[Epoch 027] lr=0.000677, train_loss=0.4212, train_acc=0.9082, val_acc=0.7715, val_macro_f1=0.6243, val_weighted_f1=0.7618, epoch_time=22.16s
[Epoch 028] lr=0.000667, train_loss=0.4020, train_acc=0.9144, val_acc=0.7697, val_macro_f1=0.6526, val_weighted_f1=0.7687, epoch_time=21.88s
  -> Saved best teacher model to /users/40370279/csc4006/code/experiments/5__teacher_model_comparison/checkpoints/teacher_medium_seed42.pt
[Epoch 029] lr=0.000656, train_loss=0.3819, train_acc=0.9206, val_acc=0.7740, val_macro_f1=0.6449, val_weighted_f1=0.7676, epoch_time=22.39s
[Epoch 030] lr=0.000644, train_loss=0.3753, train_acc=0.9246, val_acc=0.7526, val_macro_f1=0.6046, val_weighted_f1=0.7418, epoch_time=22.33s
[Epoch 031] lr=0.000633, train_loss=0.3579, train_acc=0.9307, val_acc=0.7666, val_macro_f1=0.6047, val_weighted_f1=0.7482, epoch_time=22.22s
[Epoch 032] lr=0.000620, train_loss=0.3440, train_acc=0.9352, val_acc=0.7709, val_macro_f1=0.6372, val_weighted_f1=0.7658, epoch_time=22.25s
[Epoch 033] lr=0.000608, train_loss=0.3306, train_acc=0.9422, val_acc=0.7618, val_macro_f1=0.6308, val_weighted_f1=0.7566, epoch_time=21.93s
[Epoch 034] lr=0.000596, train_loss=0.3191, train_acc=0.9471, val_acc=0.7630, val_macro_f1=0.5961, val_weighted_f1=0.7438, epoch_time=22.22s
[Epoch 035] lr=0.000583, train_loss=0.3066, train_acc=0.9488, val_acc=0.7508, val_macro_f1=0.6156, val_weighted_f1=0.7494, epoch_time=22.00s
[Epoch 036] lr=0.000570, train_loss=0.2958, train_acc=0.9574, val_acc=0.7666, val_macro_f1=0.6175, val_weighted_f1=0.7570, epoch_time=22.18s
[Epoch 037] lr=0.000556, train_loss=0.2904, train_acc=0.9574, val_acc=0.7642, val_macro_f1=0.5919, val_weighted_f1=0.7504, epoch_time=22.10s
[Epoch 038] lr=0.000543, train_loss=0.2800, train_acc=0.9623, val_acc=0.7630, val_macro_f1=0.6160, val_weighted_f1=0.7546, epoch_time=22.22s
[Epoch 039] lr=0.000529, train_loss=0.2681, train_acc=0.9650, val_acc=0.7685, val_macro_f1=0.6160, val_weighted_f1=0.7559, epoch_time=22.17s
[Epoch 040] lr=0.000515, train_loss=0.2608, train_acc=0.9690, val_acc=0.7642, val_macro_f1=0.6109, val_weighted_f1=0.7550, epoch_time=22.17s
[Epoch 041] lr=0.000501, train_loss=0.2554, train_acc=0.9727, val_acc=0.7532, val_macro_f1=0.6049, val_weighted_f1=0.7487, epoch_time=22.17s
[Epoch 042] lr=0.000487, train_loss=0.2521, train_acc=0.9735, val_acc=0.7538, val_macro_f1=0.6009, val_weighted_f1=0.7477, epoch_time=22.14s
[Epoch 043] lr=0.000473, train_loss=0.2446, train_acc=0.9750, val_acc=0.7660, val_macro_f1=0.6227, val_weighted_f1=0.7572, epoch_time=22.10s
[Epoch 044] lr=0.000459, train_loss=0.2420, train_acc=0.9762, val_acc=0.7642, val_macro_f1=0.6046, val_weighted_f1=0.7524, epoch_time=22.07s
[Epoch 045] lr=0.000444, train_loss=0.2345, train_acc=0.9796, val_acc=0.7550, val_macro_f1=0.6157, val_weighted_f1=0.7450, epoch_time=22.14s
[Epoch 046] lr=0.000430, train_loss=0.2313, train_acc=0.9800, val_acc=0.7679, val_macro_f1=0.5974, val_weighted_f1=0.7547, epoch_time=21.99s
Early stopping

Loaded best checkpoint for final evaluation.
Best validation macro-F1: 0.6526
Best epoch: 28
Time to best model: 626.52 seconds
Checkpoint size (MB): 5.223
Checkpoint seed: 42
Checkpoint teacher size: medium
Checkpoint teacher arch: TeacherCNN
Test Accuracy: 0.7800
Test Macro-F1: 0.6484
Test Weighted-F1: 0.7786
Classification Report:
              precision    recall  f1-score   support

           0       0.82      0.70      0.75       184
           1       0.19      0.27      0.22        56
           2       0.82      0.61      0.70       256
           3       0.81      0.91      0.86       912
           4       0.76      0.65      0.70       242

    accuracy                           0.78      1650
   macro avg       0.68      0.63      0.65      1650
weighted avg       0.79      0.78      0.78      1650

Confusion Matrix:
[[128   5   5  39   7]
 [  2  15   1  33   5]
 [  6   3 157  67  23]
 [ 16  36  17 829  14]
 [  4  19  11  50 158]]
Inference latency: 6.1490 ms/sample
Using device: cuda
Seed: 42
Deterministic mode: True
Deterministic warn_only: True
KD hyperparameters: alpha_start=0.200, alpha_end=0.500, temperature=4.00, logit_mse_weight=0.030, feature_mse_weight=0.030, class_weight_gamma=0.00, sampler_power=0.35, label_smoothing=0.000, student_size=small
Training: batch_size=64, lr=0.0008, epochs=70, patience=15, weight_decay=0.002, grad_clip=1.0, num_workers=2, disable_augmentation=False, use_weighted_sampler=False
Teacher checkpoint path: /users/40370279/csc4006/code/experiments/5__teacher_model_comparison/checkpoints/teacher_medium_seed42.pt
Student checkpoint path: /users/40370279/csc4006/code/experiments/5__teacher_model_comparison/checkpoints/kd_student_small_medium_teacher_seed42.pt
Training set size: 12957
Validation set size: 1637
Test set size: 1650
Number of leads: 12 classes: 5
Classes: ['CD' 'HYP' 'MI' 'NORM' 'STTC']
Trainable parameters (student): 5897
Total parameters (student): 5897
Estimated model size (MB): 0.024
Teacher pooled dim: 576
Student pooled dim: 18
Class weights: [1. 1. 1. 1. 1.]
Training sampler: standard shuffled loader
[Epoch 001] train_loss=1.7245, train_hard=1.2136, train_soft=1.7425, train_logit_mse=2.8709, train_feature_mse=0.0569, train_acc=0.5680, alpha=0.200, val_acc=0.6121, val_macro_f1=0.2481, val_weighted_f1=0.5066, lr=0.000800, epoch_time=18.84s
  -> New best KD student saved to /users/40370279/csc4006/code/experiments/5__teacher_model_comparison/checkpoints/kd_student_small_medium_teacher_seed42.pt
[Epoch 002] train_loss=1.3216, train_hard=0.9837, train_soft=1.3222, train_logit_mse=2.2057, train_feature_mse=0.0341, train_acc=0.6515, alpha=0.200, val_acc=0.6866, val_macro_f1=0.4425, val_weighted_f1=0.6450, lr=0.000798, epoch_time=17.55s
  -> New best KD student saved to /users/40370279/csc4006/code/experiments/5__teacher_model_comparison/checkpoints/kd_student_small_medium_teacher_seed42.pt
[Epoch 003] train_loss=1.1110, train_hard=0.8560, train_soft=1.1039, train_logit_mse=1.8732, train_feature_mse=0.0222, train_acc=0.7110, alpha=0.201, val_acc=0.7239, val_macro_f1=0.4940, val_weighted_f1=0.6827, lr=0.000796, epoch_time=17.63s
  -> New best KD student saved to /users/40370279/csc4006/code/experiments/5__teacher_model_comparison/checkpoints/kd_student_small_medium_teacher_seed42.pt
[Epoch 004] train_loss=0.9228, train_hard=0.7613, train_soft=0.9044, train_logit_mse=1.5646, train_feature_mse=0.0107, train_acc=0.7497, alpha=0.201, val_acc=0.7422, val_macro_f1=0.5301, val_weighted_f1=0.7104, lr=0.000794, epoch_time=17.60s
  -> New best KD student saved to /users/40370279/csc4006/code/experiments/5__teacher_model_comparison/checkpoints/kd_student_small_medium_teacher_seed42.pt
[Epoch 005] train_loss=0.8595, train_hard=0.7337, train_soft=0.8366, train_logit_mse=1.4533, train_feature_mse=0.0058, train_acc=0.7614, alpha=0.202, val_acc=0.7300, val_macro_f1=0.5060, val_weighted_f1=0.6917, lr=0.000790, epoch_time=17.56s
[Epoch 006] train_loss=0.8186, train_hard=0.7151, train_soft=0.7932, train_logit_mse=1.3748, train_feature_mse=0.0035, train_acc=0.7645, alpha=0.204, val_acc=0.7471, val_macro_f1=0.5404, val_weighted_f1=0.7184, lr=0.000786, epoch_time=17.64s
  -> New best KD student saved to /users/40370279/csc4006/code/experiments/5__teacher_model_comparison/checkpoints/kd_student_small_medium_teacher_seed42.pt
[Epoch 007] train_loss=0.7925, train_hard=0.7018, train_soft=0.7655, train_logit_mse=1.3319, train_feature_mse=0.0027, train_acc=0.7712, alpha=0.206, val_acc=0.7526, val_macro_f1=0.5456, val_weighted_f1=0.7224, lr=0.000781, epoch_time=17.61s
  -> New best KD student saved to /users/40370279/csc4006/code/experiments/5__teacher_model_comparison/checkpoints/kd_student_small_medium_teacher_seed42.pt
[Epoch 008] train_loss=0.7710, train_hard=0.6871, train_soft=0.7440, train_logit_mse=1.2910, train_feature_mse=0.0023, train_acc=0.7790, alpha=0.208, val_acc=0.7489, val_macro_f1=0.5399, val_weighted_f1=0.7163, lr=0.000775, epoch_time=17.60s
[Epoch 009] train_loss=0.7529, train_hard=0.6815, train_soft=0.7240, train_logit_mse=1.2592, train_feature_mse=0.0022, train_acc=0.7796, alpha=0.210, val_acc=0.7544, val_macro_f1=0.5471, val_weighted_f1=0.7247, lr=0.000768, epoch_time=17.76s
  -> New best KD student saved to /users/40370279/csc4006/code/experiments/5__teacher_model_comparison/checkpoints/kd_student_small_medium_teacher_seed42.pt
[Epoch 010] train_loss=0.7329, train_hard=0.6680, train_soft=0.7036, train_logit_mse=1.2250, train_feature_mse=0.0020, train_acc=0.7837, alpha=0.212, val_acc=0.7404, val_macro_f1=0.5278, val_weighted_f1=0.7046, lr=0.000761, epoch_time=17.58s
[Epoch 011] train_loss=0.7238, train_hard=0.6661, train_soft=0.6934, train_logit_mse=1.2060, train_feature_mse=0.0019, train_acc=0.7837, alpha=0.215, val_acc=0.7599, val_macro_f1=0.5524, val_weighted_f1=0.7313, lr=0.000753, epoch_time=17.53s
  -> New best KD student saved to /users/40370279/csc4006/code/experiments/5__teacher_model_comparison/checkpoints/kd_student_small_medium_teacher_seed42.pt
[Epoch 012] train_loss=0.7150, train_hard=0.6628, train_soft=0.6840, train_logit_mse=1.1867, train_feature_mse=0.0018, train_acc=0.7846, alpha=0.218, val_acc=0.7538, val_macro_f1=0.5467, val_weighted_f1=0.7223, lr=0.000744, epoch_time=17.63s
[Epoch 013] train_loss=0.7023, train_hard=0.6542, train_soft=0.6709, train_logit_mse=1.1684, train_feature_mse=0.0018, train_acc=0.7857, alpha=0.222, val_acc=0.7508, val_macro_f1=0.5449, val_weighted_f1=0.7184, lr=0.000735, epoch_time=17.62s
[Epoch 014] train_loss=0.6908, train_hard=0.6501, train_soft=0.6584, train_logit_mse=1.1417, train_feature_mse=0.0017, train_acc=0.7912, alpha=0.226, val_acc=0.7557, val_macro_f1=0.5490, val_weighted_f1=0.7269, lr=0.000725, epoch_time=17.55s
[Epoch 015] train_loss=0.6782, train_hard=0.6432, train_soft=0.6449, train_logit_mse=1.1227, train_feature_mse=0.0017, train_acc=0.7907, alpha=0.229, val_acc=0.7526, val_macro_f1=0.5539, val_weighted_f1=0.7254, lr=0.000714, epoch_time=17.77s
  -> New best KD student saved to /users/40370279/csc4006/code/experiments/5__teacher_model_comparison/checkpoints/kd_student_small_medium_teacher_seed42.pt
[Epoch 016] train_loss=0.6783, train_hard=0.6408, train_soft=0.6457, train_logit_mse=1.1230, train_feature_mse=0.0017, train_acc=0.7925, alpha=0.234, val_acc=0.7575, val_macro_f1=0.5572, val_weighted_f1=0.7283, lr=0.000702, epoch_time=17.60s
  -> New best KD student saved to /users/40370279/csc4006/code/experiments/5__teacher_model_comparison/checkpoints/kd_student_small_medium_teacher_seed42.pt
[Epoch 017] train_loss=0.6647, train_hard=0.6362, train_soft=0.6303, train_logit_mse=1.0978, train_feature_mse=0.0016, train_acc=0.7929, alpha=0.238, val_acc=0.7636, val_macro_f1=0.5721, val_weighted_f1=0.7400, lr=0.000691, epoch_time=17.52s
  -> New best KD student saved to /users/40370279/csc4006/code/experiments/5__teacher_model_comparison/checkpoints/kd_student_small_medium_teacher_seed42.pt
[Epoch 018] train_loss=0.6612, train_hard=0.6277, train_soft=0.6285, train_logit_mse=1.0936, train_feature_mse=0.0016, train_acc=0.7959, alpha=0.243, val_acc=0.7587, val_macro_f1=0.5727, val_weighted_f1=0.7368, lr=0.000678, epoch_time=17.69s
  -> New best KD student saved to /users/40370279/csc4006/code/experiments/5__teacher_model_comparison/checkpoints/kd_student_small_medium_teacher_seed42.pt
[Epoch 019] train_loss=0.6483, train_hard=0.6253, train_soft=0.6131, train_logit_mse=1.0700, train_feature_mse=0.0015, train_acc=0.7977, alpha=0.248, val_acc=0.7526, val_macro_f1=0.5578, val_weighted_f1=0.7246, lr=0.000665, epoch_time=17.78s
[Epoch 020] train_loss=0.6550, train_hard=0.6326, train_soft=0.6192, train_logit_mse=1.0774, train_feature_mse=0.0015, train_acc=0.7946, alpha=0.253, val_acc=0.7557, val_macro_f1=0.5645, val_weighted_f1=0.7326, lr=0.000651, epoch_time=17.66s
[Epoch 021] train_loss=0.6449, train_hard=0.6274, train_soft=0.6081, train_logit_mse=1.0586, train_feature_mse=0.0015, train_acc=0.7957, alpha=0.258, val_acc=0.7648, val_macro_f1=0.5770, val_weighted_f1=0.7398, lr=0.000637, epoch_time=17.61s
  -> New best KD student saved to /users/40370279/csc4006/code/experiments/5__teacher_model_comparison/checkpoints/kd_student_small_medium_teacher_seed42.pt
[Epoch 022] train_loss=0.6330, train_hard=0.6155, train_soft=0.5968, train_logit_mse=1.0414, train_feature_mse=0.0014, train_acc=0.7985, alpha=0.263, val_acc=0.7648, val_macro_f1=0.5873, val_weighted_f1=0.7443, lr=0.000623, epoch_time=17.56s
  -> New best KD student saved to /users/40370279/csc4006/code/experiments/5__teacher_model_comparison/checkpoints/kd_student_small_medium_teacher_seed42.pt
[Epoch 023] train_loss=0.6281, train_hard=0.6159, train_soft=0.5902, train_logit_mse=1.0308, train_feature_mse=0.0014, train_acc=0.7993, alpha=0.269, val_acc=0.7526, val_macro_f1=0.5684, val_weighted_f1=0.7298, lr=0.000608, epoch_time=17.59s
[Epoch 024] train_loss=0.6234, train_hard=0.6104, train_soft=0.5859, train_logit_mse=1.0233, train_feature_mse=0.0014, train_acc=0.8020, alpha=0.275, val_acc=0.7593, val_macro_f1=0.5804, val_weighted_f1=0.7402, lr=0.000592, epoch_time=17.54s
[Epoch 025] train_loss=0.6228, train_hard=0.6112, train_soft=0.5848, train_logit_mse=1.0209, train_feature_mse=0.0014, train_acc=0.8004, alpha=0.281, val_acc=0.7642, val_macro_f1=0.5936, val_weighted_f1=0.7502, lr=0.000576, epoch_time=17.59s
  -> New best KD student saved to /users/40370279/csc4006/code/experiments/5__teacher_model_comparison/checkpoints/kd_student_small_medium_teacher_seed42.pt
[Epoch 026] train_loss=0.6224, train_hard=0.6099, train_soft=0.5845, train_logit_mse=1.0191, train_feature_mse=0.0014, train_acc=0.8006, alpha=0.287, val_acc=0.7636, val_macro_f1=0.5920, val_weighted_f1=0.7465, lr=0.000560, epoch_time=17.48s
[Epoch 027] train_loss=0.6138, train_hard=0.6061, train_soft=0.5743, train_logit_mse=1.0043, train_feature_mse=0.0013, train_acc=0.8027, alpha=0.293, val_acc=0.7758, val_macro_f1=0.5991, val_weighted_f1=0.7581, lr=0.000544, epoch_time=17.58s
  -> New best KD student saved to /users/40370279/csc4006/code/experiments/5__teacher_model_comparison/checkpoints/kd_student_small_medium_teacher_seed42.pt
[Epoch 028] train_loss=0.6172, train_hard=0.6095, train_soft=0.5772, train_logit_mse=1.0087, train_feature_mse=0.0014, train_acc=0.8030, alpha=0.300, val_acc=0.7550, val_macro_f1=0.5728, val_weighted_f1=0.7310, lr=0.000527, epoch_time=17.55s
[Epoch 029] train_loss=0.6105, train_hard=0.6059, train_soft=0.5693, train_logit_mse=0.9961, train_feature_mse=0.0013, train_acc=0.7990, alpha=0.306, val_acc=0.7611, val_macro_f1=0.5861, val_weighted_f1=0.7416, lr=0.000510, epoch_time=17.54s
[Epoch 030] train_loss=0.6064, train_hard=0.5988, train_soft=0.5664, train_logit_mse=0.9947, train_feature_mse=0.0013, train_acc=0.8064, alpha=0.313, val_acc=0.7575, val_macro_f1=0.5780, val_weighted_f1=0.7361, lr=0.000493, epoch_time=17.52s
[Epoch 031] train_loss=0.6019, train_hard=0.5938, train_soft=0.5622, train_logit_mse=0.9849, train_feature_mse=0.0013, train_acc=0.8064, alpha=0.319, val_acc=0.7685, val_macro_f1=0.6080, val_weighted_f1=0.7541, lr=0.000476, epoch_time=17.58s
  -> New best KD student saved to /users/40370279/csc4006/code/experiments/5__teacher_model_comparison/checkpoints/kd_student_small_medium_teacher_seed42.pt
[Epoch 032] train_loss=0.6025, train_hard=0.5958, train_soft=0.5618, train_logit_mse=0.9846, train_feature_mse=0.0013, train_acc=0.8033, alpha=0.326, val_acc=0.7587, val_macro_f1=0.5883, val_weighted_f1=0.7423, lr=0.000458, epoch_time=17.64s
[Epoch 033] train_loss=0.6011, train_hard=0.5974, train_soft=0.5589, train_logit_mse=0.9794, train_feature_mse=0.0013, train_acc=0.8030, alpha=0.333, val_acc=0.7679, val_macro_f1=0.5962, val_weighted_f1=0.7517, lr=0.000440, epoch_time=17.55s
[Epoch 034] train_loss=0.5977, train_hard=0.5938, train_soft=0.5554, train_logit_mse=0.9732, train_feature_mse=0.0012, train_acc=0.8064, alpha=0.340, val_acc=0.7660, val_macro_f1=0.5920, val_weighted_f1=0.7456, lr=0.000423, epoch_time=17.56s
[Epoch 035] train_loss=0.5947, train_hard=0.5917, train_soft=0.5519, train_logit_mse=0.9676, train_feature_mse=0.0012, train_acc=0.8049, alpha=0.347, val_acc=0.7648, val_macro_f1=0.5907, val_weighted_f1=0.7469, lr=0.000405, epoch_time=17.61s
[Epoch 036] train_loss=0.5869, train_hard=0.5853, train_soft=0.5434, train_logit_mse=0.9537, train_feature_mse=0.0012, train_acc=0.8078, alpha=0.353, val_acc=0.7679, val_macro_f1=0.6022, val_weighted_f1=0.7531, lr=0.000387, epoch_time=17.65s
[Epoch 037] train_loss=0.5885, train_hard=0.5878, train_soft=0.5440, train_logit_mse=0.9550, train_feature_mse=0.0013, train_acc=0.8106, alpha=0.360, val_acc=0.7703, val_macro_f1=0.6145, val_weighted_f1=0.7552, lr=0.000370, epoch_time=17.59s
  -> New best KD student saved to /users/40370279/csc4006/code/experiments/5__teacher_model_comparison/checkpoints/kd_student_small_medium_teacher_seed42.pt
[Epoch 038] train_loss=0.5844, train_hard=0.5819, train_soft=0.5408, train_logit_mse=0.9505, train_feature_mse=0.0012, train_acc=0.8094, alpha=0.367, val_acc=0.7654, val_macro_f1=0.6062, val_weighted_f1=0.7495, lr=0.000352, epoch_time=17.60s
[Epoch 039] train_loss=0.5884, train_hard=0.5876, train_soft=0.5432, train_logit_mse=0.9532, train_feature_mse=0.0012, train_acc=0.8085, alpha=0.374, val_acc=0.7685, val_macro_f1=0.5992, val_weighted_f1=0.7503, lr=0.000334, epoch_time=17.63s
[Epoch 040] train_loss=0.5802, train_hard=0.5784, train_soft=0.5356, train_logit_mse=0.9439, train_feature_mse=0.0012, train_acc=0.8106, alpha=0.381, val_acc=0.7673, val_macro_f1=0.5981, val_weighted_f1=0.7495, lr=0.000317, epoch_time=17.50s
[Epoch 041] train_loss=0.5816, train_hard=0.5786, train_soft=0.5371, train_logit_mse=0.9462, train_feature_mse=0.0012, train_acc=0.8120, alpha=0.387, val_acc=0.7666, val_macro_f1=0.5945, val_weighted_f1=0.7475, lr=0.000300, epoch_time=17.57s
[Epoch 042] train_loss=0.5815, train_hard=0.5808, train_soft=0.5354, train_logit_mse=0.9381, train_feature_mse=0.0012, train_acc=0.8118, alpha=0.394, val_acc=0.7685, val_macro_f1=0.6086, val_weighted_f1=0.7523, lr=0.000283, epoch_time=17.59s
[Epoch 043] train_loss=0.5789, train_hard=0.5759, train_soft=0.5340, train_logit_mse=0.9383, train_feature_mse=0.0012, train_acc=0.8128, alpha=0.400, val_acc=0.7605, val_macro_f1=0.5887, val_weighted_f1=0.7404, lr=0.000266, epoch_time=17.55s
[Epoch 044] train_loss=0.5792, train_hard=0.5809, train_soft=0.5307, train_logit_mse=0.9355, train_feature_mse=0.0012, train_acc=0.8088, alpha=0.407, val_acc=0.7679, val_macro_f1=0.6065, val_weighted_f1=0.7512, lr=0.000250, epoch_time=17.56s
[Epoch 045] train_loss=0.5746, train_hard=0.5748, train_soft=0.5270, train_logit_mse=0.9277, train_feature_mse=0.0012, train_acc=0.8101, alpha=0.413, val_acc=0.7673, val_macro_f1=0.6110, val_weighted_f1=0.7516, lr=0.000234, epoch_time=17.67s
[Epoch 046] train_loss=0.5725, train_hard=0.5726, train_soft=0.5246, train_logit_mse=0.9254, train_feature_mse=0.0012, train_acc=0.8145, alpha=0.419, val_acc=0.7648, val_macro_f1=0.6020, val_weighted_f1=0.7477, lr=0.000218, epoch_time=17.57s
[Epoch 047] train_loss=0.5742, train_hard=0.5718, train_soft=0.5274, train_logit_mse=0.9301, train_feature_mse=0.0012, train_acc=0.8115, alpha=0.425, val_acc=0.7703, val_macro_f1=0.6044, val_weighted_f1=0.7544, lr=0.000202, epoch_time=17.62s
[Epoch 048] train_loss=0.5717, train_hard=0.5726, train_soft=0.5224, train_logit_mse=0.9205, train_feature_mse=0.0011, train_acc=0.8113, alpha=0.431, val_acc=0.7715, val_macro_f1=0.6067, val_weighted_f1=0.7550, lr=0.000187, epoch_time=17.56s
[Epoch 049] train_loss=0.5729, train_hard=0.5710, train_soft=0.5251, train_logit_mse=0.9247, train_feature_mse=0.0011, train_acc=0.8157, alpha=0.437, val_acc=0.7673, val_macro_f1=0.6056, val_weighted_f1=0.7511, lr=0.000173, epoch_time=17.73s
[Epoch 050] train_loss=0.5729, train_hard=0.5736, train_soft=0.5228, train_logit_mse=0.9204, train_feature_mse=0.0011, train_acc=0.8125, alpha=0.442, val_acc=0.7685, val_macro_f1=0.6078, val_weighted_f1=0.7526, lr=0.000159, epoch_time=17.61s
[Epoch 051] train_loss=0.5634, train_hard=0.5621, train_soft=0.5151, train_logit_mse=0.9100, train_feature_mse=0.0011, train_acc=0.8137, alpha=0.447, val_acc=0.7618, val_macro_f1=0.5919, val_weighted_f1=0.7410, lr=0.000145, epoch_time=17.54s
[Epoch 052] train_loss=0.5698, train_hard=0.5701, train_soft=0.5192, train_logit_mse=0.9157, train_feature_mse=0.0011, train_acc=0.8142, alpha=0.452, val_acc=0.7660, val_macro_f1=0.6015, val_weighted_f1=0.7494, lr=0.000132, epoch_time=17.59s
Early stopping triggered.
Loaded best KD student checkpoint for final test evaluation.
Best validation macro-F1: 0.6145
Best epoch: 37
Time to best model: 682.70 seconds
Checkpoint size (MB): 0.095
Student size: small
Teacher used: /users/40370279/csc4006/code/experiments/5__teacher_model_comparison/checkpoints/teacher_medium_seed42.pt
Teacher arch: TeacherCNN
Teacher size: medium
Checkpoint seed: 42
Test accuracy (KD student): 0.7648
Test macro-F1 (KD student): 0.5979
Test weighted-F1 (KD student): 0.7511
Test classification report:
              precision    recall  f1-score   support

           0       0.82      0.66      0.73       184
           1       0.13      0.07      0.09        56
           2       0.83      0.50      0.63       256
           3       0.78      0.92      0.85       912
           4       0.69      0.69      0.69       242

    accuracy                           0.76      1650
   macro avg       0.65      0.57      0.60      1650
weighted avg       0.76      0.76      0.75      1650

Test confusion matrix:
[[122   1   3  50   8]
 [  1   4   2  43   6]
 [  7   1 129  87  32]
 [ 14  15  14 841  28]
 [  4  10   7  55 166]]
Inference latency: 1.4921 ms/sample
