Using device: cuda
Seed: 123
Teacher size: medium
Teacher checkpoint path: /users/40370279/csc4006/code/experiments/5__teacher_model_comparison/checkpoints/teacher_medium_seed123.pt
Deterministic mode: True
Deterministic warn_only: True
Training: batch_size=64, lr=0.0008, epochs=90, patience=18, warmup_epochs=5, min_lr_factor=0.02, weight_decay=0.001, class_weight_gamma=0.2, label_smoothing=0.03, sampler_power=0.35, grad_clip=1.0, num_workers=2, teacher_size=medium, use_weighted_sampler=False, class_weights=True, disable_augmentation=False, ema_decay=0.999
Training set size: 12957
Validation set size: 1637
Test set size: 1650
Number of leads: 12 classes: 5
Classes: ['CD' 'HYP' 'MI' 'NORM' 'STTC']
Training sampler: standard shuffled loader
Trainable parameters: 1335329
Total parameters: 1335329
Estimated model size (MB): 5.122
Class weights: [1.0338018  1.3094392  0.9520142  0.73911804 0.9656268 ]
EMA enabled
[Epoch 001] lr=0.000320, train_loss=0.9709, train_acc=0.7149, val_acc=0.7477, val_macro_f1=0.5474, val_weighted_f1=0.7241, epoch_time=23.77s
  -> Saved best teacher model to /users/40370279/csc4006/code/experiments/5__teacher_model_comparison/checkpoints/teacher_medium_seed123.pt
[Epoch 002] lr=0.000480, train_loss=0.8091, train_acc=0.7752, val_acc=0.7538, val_macro_f1=0.5462, val_weighted_f1=0.7232, epoch_time=22.13s
[Epoch 003] lr=0.000640, train_loss=0.7765, train_acc=0.7871, val_acc=0.7514, val_macro_f1=0.5838, val_weighted_f1=0.7374, epoch_time=22.29s
  -> Saved best teacher model to /users/40370279/csc4006/code/experiments/5__teacher_model_comparison/checkpoints/teacher_medium_seed123.pt
[Epoch 004] lr=0.000800, train_loss=0.7645, train_acc=0.7918, val_acc=0.7593, val_macro_f1=0.5634, val_weighted_f1=0.7393, epoch_time=22.10s
[Epoch 005] lr=0.000800, train_loss=0.7456, train_acc=0.7948, val_acc=0.7605, val_macro_f1=0.6099, val_weighted_f1=0.7538, epoch_time=22.32s
  -> Saved best teacher model to /users/40370279/csc4006/code/experiments/5__teacher_model_comparison/checkpoints/teacher_medium_seed123.pt
[Epoch 006] lr=0.000800, train_loss=0.7214, train_acc=0.8074, val_acc=0.7691, val_macro_f1=0.5743, val_weighted_f1=0.7423, epoch_time=22.22s
[Epoch 007] lr=0.000799, train_loss=0.7071, train_acc=0.8092, val_acc=0.7581, val_macro_f1=0.6267, val_weighted_f1=0.7509, epoch_time=22.04s
  -> Saved best teacher model to /users/40370279/csc4006/code/experiments/5__teacher_model_comparison/checkpoints/teacher_medium_seed123.pt
[Epoch 008] lr=0.000798, train_loss=0.6922, train_acc=0.8111, val_acc=0.7764, val_macro_f1=0.6001, val_weighted_f1=0.7557, epoch_time=22.27s
[Epoch 009] lr=0.000796, train_loss=0.6809, train_acc=0.8167, val_acc=0.7758, val_macro_f1=0.5985, val_weighted_f1=0.7546, epoch_time=22.08s
[Epoch 010] lr=0.000793, train_loss=0.6637, train_acc=0.8210, val_acc=0.7819, val_macro_f1=0.6150, val_weighted_f1=0.7680, epoch_time=22.37s
[Epoch 011] lr=0.000790, train_loss=0.6502, train_acc=0.8270, val_acc=0.7703, val_macro_f1=0.6274, val_weighted_f1=0.7641, epoch_time=22.39s
  -> Saved best teacher model to /users/40370279/csc4006/code/experiments/5__teacher_model_comparison/checkpoints/teacher_medium_seed123.pt
[Epoch 012] lr=0.000787, train_loss=0.6407, train_acc=0.8289, val_acc=0.7770, val_macro_f1=0.6588, val_weighted_f1=0.7735, epoch_time=22.10s
  -> Saved best teacher model to /users/40370279/csc4006/code/experiments/5__teacher_model_comparison/checkpoints/teacher_medium_seed123.pt
[Epoch 013] lr=0.000783, train_loss=0.6245, train_acc=0.8351, val_acc=0.7703, val_macro_f1=0.6284, val_weighted_f1=0.7597, epoch_time=22.44s
[Epoch 014] lr=0.000779, train_loss=0.6131, train_acc=0.8395, val_acc=0.7819, val_macro_f1=0.6314, val_weighted_f1=0.7686, epoch_time=22.08s
[Epoch 015] lr=0.000774, train_loss=0.5960, train_acc=0.8426, val_acc=0.7740, val_macro_f1=0.6529, val_weighted_f1=0.7714, epoch_time=22.37s
[Epoch 016] lr=0.000768, train_loss=0.5822, train_acc=0.8483, val_acc=0.7764, val_macro_f1=0.6387, val_weighted_f1=0.7675, epoch_time=22.37s
[Epoch 017] lr=0.000762, train_loss=0.5791, train_acc=0.8504, val_acc=0.7746, val_macro_f1=0.6366, val_weighted_f1=0.7642, epoch_time=22.14s
[Epoch 018] lr=0.000756, train_loss=0.5575, train_acc=0.8580, val_acc=0.7801, val_macro_f1=0.6555, val_weighted_f1=0.7726, epoch_time=22.14s
[Epoch 019] lr=0.000749, train_loss=0.5440, train_acc=0.8593, val_acc=0.7282, val_macro_f1=0.6360, val_weighted_f1=0.7445, epoch_time=22.21s
[Epoch 020] lr=0.000741, train_loss=0.5245, train_acc=0.8693, val_acc=0.7764, val_macro_f1=0.6615, val_weighted_f1=0.7746, epoch_time=22.14s
  -> Saved best teacher model to /users/40370279/csc4006/code/experiments/5__teacher_model_comparison/checkpoints/teacher_medium_seed123.pt
[Epoch 021] lr=0.000733, train_loss=0.5142, train_acc=0.8725, val_acc=0.7801, val_macro_f1=0.6612, val_weighted_f1=0.7749, epoch_time=22.03s
[Epoch 022] lr=0.000725, train_loss=0.4964, train_acc=0.8779, val_acc=0.7685, val_macro_f1=0.6547, val_weighted_f1=0.7682, epoch_time=22.18s
[Epoch 023] lr=0.000716, train_loss=0.4825, train_acc=0.8845, val_acc=0.7752, val_macro_f1=0.5958, val_weighted_f1=0.7572, epoch_time=22.10s
[Epoch 024] lr=0.000707, train_loss=0.4635, train_acc=0.8942, val_acc=0.7673, val_macro_f1=0.6293, val_weighted_f1=0.7569, epoch_time=22.29s
[Epoch 025] lr=0.000698, train_loss=0.4469, train_acc=0.8991, val_acc=0.7697, val_macro_f1=0.6324, val_weighted_f1=0.7617, epoch_time=22.28s
[Epoch 026] lr=0.000688, train_loss=0.4309, train_acc=0.9057, val_acc=0.7141, val_macro_f1=0.6272, val_weighted_f1=0.7396, epoch_time=22.14s
[Epoch 027] lr=0.000677, train_loss=0.4142, train_acc=0.9093, val_acc=0.7691, val_macro_f1=0.6272, val_weighted_f1=0.7622, epoch_time=22.31s
[Epoch 028] lr=0.000667, train_loss=0.3944, train_acc=0.9182, val_acc=0.7654, val_macro_f1=0.6394, val_weighted_f1=0.7609, epoch_time=22.24s
[Epoch 029] lr=0.000656, train_loss=0.3808, train_acc=0.9237, val_acc=0.7728, val_macro_f1=0.6419, val_weighted_f1=0.7637, epoch_time=22.36s
[Epoch 030] lr=0.000644, train_loss=0.3585, train_acc=0.9326, val_acc=0.7453, val_macro_f1=0.6431, val_weighted_f1=0.7546, epoch_time=22.27s
[Epoch 031] lr=0.000633, train_loss=0.3519, train_acc=0.9359, val_acc=0.7624, val_macro_f1=0.6322, val_weighted_f1=0.7580, epoch_time=22.19s
[Epoch 032] lr=0.000620, train_loss=0.3379, train_acc=0.9410, val_acc=0.7679, val_macro_f1=0.6228, val_weighted_f1=0.7589, epoch_time=21.95s
[Epoch 033] lr=0.000608, train_loss=0.3172, train_acc=0.9491, val_acc=0.7673, val_macro_f1=0.6245, val_weighted_f1=0.7590, epoch_time=22.33s
[Epoch 034] lr=0.000596, train_loss=0.3155, train_acc=0.9497, val_acc=0.7477, val_macro_f1=0.6380, val_weighted_f1=0.7540, epoch_time=22.18s
[Epoch 035] lr=0.000583, train_loss=0.2989, train_acc=0.9547, val_acc=0.7575, val_macro_f1=0.6100, val_weighted_f1=0.7480, epoch_time=22.12s
[Epoch 036] lr=0.000570, train_loss=0.2950, train_acc=0.9558, val_acc=0.7593, val_macro_f1=0.6078, val_weighted_f1=0.7482, epoch_time=22.18s
[Epoch 037] lr=0.000556, train_loss=0.2849, train_acc=0.9600, val_acc=0.7673, val_macro_f1=0.6059, val_weighted_f1=0.7535, epoch_time=22.25s
[Epoch 038] lr=0.000543, train_loss=0.2840, train_acc=0.9604, val_acc=0.7654, val_macro_f1=0.6004, val_weighted_f1=0.7527, epoch_time=22.21s
Early stopping

Loaded best checkpoint for final evaluation.
Best validation macro-F1: 0.6615
Best epoch: 20
Time to best model: 447.43 seconds
Checkpoint size (MB): 5.223
Checkpoint seed: 123
Checkpoint teacher size: medium
Checkpoint teacher arch: TeacherCNN
Test Accuracy: 0.7806
Test Macro-F1: 0.6414
Test Weighted-F1: 0.7773
Classification Report:
              precision    recall  f1-score   support

           0       0.81      0.70      0.75       184
           1       0.18      0.18      0.18        56
           2       0.80      0.65      0.72       256
           3       0.82      0.89      0.86       912
           4       0.71      0.69      0.70       242

    accuracy                           0.78      1650
   macro avg       0.67      0.62      0.64      1650
weighted avg       0.78      0.78      0.78      1650

Confusion Matrix:
[[128   3   5  38  10]
 [  2  10   2  34   8]
 [  6   1 167  63  19]
 [ 16  29  22 815  30]
 [  6  12  13  43 168]]
Inference latency: 6.0474 ms/sample
Using device: cuda
Seed: 123
Deterministic mode: True
Deterministic warn_only: True
KD hyperparameters: alpha_start=0.200, alpha_end=0.500, temperature=4.00, logit_mse_weight=0.030, feature_mse_weight=0.030, class_weight_gamma=0.00, sampler_power=0.35, label_smoothing=0.000, student_size=small
Training: batch_size=64, lr=0.0008, epochs=70, patience=15, weight_decay=0.002, grad_clip=1.0, num_workers=2, disable_augmentation=False, use_weighted_sampler=False
Teacher checkpoint path: /users/40370279/csc4006/code/experiments/5__teacher_model_comparison/checkpoints/teacher_medium_seed123.pt
Student checkpoint path: /users/40370279/csc4006/code/experiments/5__teacher_model_comparison/checkpoints/kd_student_small_medium_teacher_seed123.pt
Training set size: 12957
Validation set size: 1637
Test set size: 1650
Number of leads: 12 classes: 5
Classes: ['CD' 'HYP' 'MI' 'NORM' 'STTC']
Trainable parameters (student): 5897
Total parameters (student): 5897
Estimated model size (MB): 0.024
Teacher pooled dim: 576
Student pooled dim: 18
Class weights: [1. 1. 1. 1. 1.]
Training sampler: standard shuffled loader
[Epoch 001] train_loss=1.4845, train_hard=1.2549, train_soft=1.4489, train_logit_mse=2.4299, train_feature_mse=0.0512, train_acc=0.5184, alpha=0.200, val_acc=0.6255, val_macro_f1=0.2692, val_weighted_f1=0.5279, lr=0.000800, epoch_time=18.77s
  -> New best KD student saved to /users/40370279/csc4006/code/experiments/5__teacher_model_comparison/checkpoints/kd_student_small_medium_teacher_seed123.pt
[Epoch 002] train_loss=1.0784, train_hard=0.9650, train_soft=1.0391, train_logit_mse=1.7737, train_feature_mse=0.0309, train_acc=0.6506, alpha=0.200, val_acc=0.6622, val_macro_f1=0.3425, val_weighted_f1=0.5924, lr=0.000798, epoch_time=17.90s
  -> New best KD student saved to /users/40370279/csc4006/code/experiments/5__teacher_model_comparison/checkpoints/kd_student_small_medium_teacher_seed123.pt
[Epoch 003] train_loss=0.9200, train_hard=0.8697, train_soft=0.8741, train_logit_mse=1.5354, train_feature_mse=0.0228, train_acc=0.6919, alpha=0.201, val_acc=0.6982, val_macro_f1=0.4575, val_weighted_f1=0.6631, lr=0.000796, epoch_time=17.69s
  -> New best KD student saved to /users/40370279/csc4006/code/experiments/5__teacher_model_comparison/checkpoints/kd_student_small_medium_teacher_seed123.pt
[Epoch 004] train_loss=0.8390, train_hard=0.8212, train_soft=0.7899, train_logit_mse=1.4116, train_feature_mse=0.0147, train_acc=0.7180, alpha=0.201, val_acc=0.7208, val_macro_f1=0.5071, val_weighted_f1=0.6962, lr=0.000794, epoch_time=17.66s
  -> New best KD student saved to /users/40370279/csc4006/code/experiments/5__teacher_model_comparison/checkpoints/kd_student_small_medium_teacher_seed123.pt
[Epoch 005] train_loss=0.7634, train_hard=0.7858, train_soft=0.7092, train_logit_mse=1.2816, train_feature_mse=0.0078, train_acc=0.7371, alpha=0.202, val_acc=0.7361, val_macro_f1=0.5330, val_weighted_f1=0.7135, lr=0.000790, epoch_time=17.62s
  -> New best KD student saved to /users/40370279/csc4006/code/experiments/5__teacher_model_comparison/checkpoints/kd_student_small_medium_teacher_seed123.pt
[Epoch 006] train_loss=0.6916, train_hard=0.7562, train_soft=0.6318, train_logit_mse=1.1445, train_feature_mse=0.0036, train_acc=0.7513, alpha=0.204, val_acc=0.7379, val_macro_f1=0.5221, val_weighted_f1=0.7069, lr=0.000786, epoch_time=17.70s
[Epoch 007] train_loss=0.6470, train_hard=0.7345, train_soft=0.5843, train_logit_mse=1.0578, train_feature_mse=0.0026, train_acc=0.7595, alpha=0.206, val_acc=0.7447, val_macro_f1=0.5311, val_weighted_f1=0.7149, lr=0.000781, epoch_time=17.68s
[Epoch 008] train_loss=0.6227, train_hard=0.7251, train_soft=0.5576, train_logit_mse=1.0109, train_feature_mse=0.0023, train_acc=0.7594, alpha=0.208, val_acc=0.7410, val_macro_f1=0.5280, val_weighted_f1=0.7113, lr=0.000775, epoch_time=17.51s
[Epoch 009] train_loss=0.6072, train_hard=0.7106, train_soft=0.5423, train_logit_mse=0.9842, train_feature_mse=0.0021, train_acc=0.7620, alpha=0.210, val_acc=0.7471, val_macro_f1=0.5386, val_weighted_f1=0.7192, lr=0.000768, epoch_time=17.61s
  -> New best KD student saved to /users/40370279/csc4006/code/experiments/5__teacher_model_comparison/checkpoints/kd_student_small_medium_teacher_seed123.pt
[Epoch 010] train_loss=0.5820, train_hard=0.7003, train_soft=0.5145, train_logit_mse=0.9341, train_feature_mse=0.0020, train_acc=0.7702, alpha=0.212, val_acc=0.7483, val_macro_f1=0.5501, val_weighted_f1=0.7249, lr=0.000761, epoch_time=17.61s
  -> New best KD student saved to /users/40370279/csc4006/code/experiments/5__teacher_model_comparison/checkpoints/kd_student_small_medium_teacher_seed123.pt
[Epoch 011] train_loss=0.5729, train_hard=0.6948, train_soft=0.5044, train_logit_mse=0.9149, train_feature_mse=0.0018, train_acc=0.7707, alpha=0.215, val_acc=0.7502, val_macro_f1=0.5512, val_weighted_f1=0.7288, lr=0.000753, epoch_time=17.68s
  -> New best KD student saved to /users/40370279/csc4006/code/experiments/5__teacher_model_comparison/checkpoints/kd_student_small_medium_teacher_seed123.pt
[Epoch 012] train_loss=0.5592, train_hard=0.6845, train_soft=0.4900, train_logit_mse=0.8884, train_feature_mse=0.0017, train_acc=0.7752, alpha=0.218, val_acc=0.7428, val_macro_f1=0.5490, val_weighted_f1=0.7230, lr=0.000744, epoch_time=17.66s
[Epoch 013] train_loss=0.5472, train_hard=0.6761, train_soft=0.4771, train_logit_mse=0.8650, train_feature_mse=0.0017, train_acc=0.7746, alpha=0.222, val_acc=0.7495, val_macro_f1=0.5462, val_weighted_f1=0.7241, lr=0.000735, epoch_time=17.71s
[Epoch 014] train_loss=0.5373, train_hard=0.6678, train_soft=0.4664, train_logit_mse=0.8466, train_feature_mse=0.0016, train_acc=0.7782, alpha=0.226, val_acc=0.7410, val_macro_f1=0.5468, val_weighted_f1=0.7236, lr=0.000725, epoch_time=17.64s
[Epoch 015] train_loss=0.5345, train_hard=0.6703, train_soft=0.4615, train_logit_mse=0.8362, train_feature_mse=0.0016, train_acc=0.7773, alpha=0.229, val_acc=0.7508, val_macro_f1=0.5712, val_weighted_f1=0.7335, lr=0.000714, epoch_time=17.61s
  -> New best KD student saved to /users/40370279/csc4006/code/experiments/5__teacher_model_comparison/checkpoints/kd_student_small_medium_teacher_seed123.pt
[Epoch 016] train_loss=0.5223, train_hard=0.6590, train_soft=0.4487, train_logit_mse=0.8160, train_feature_mse=0.0016, train_acc=0.7834, alpha=0.234, val_acc=0.7489, val_macro_f1=0.5780, val_weighted_f1=0.7336, lr=0.000702, epoch_time=17.61s
  -> New best KD student saved to /users/40370279/csc4006/code/experiments/5__teacher_model_comparison/checkpoints/kd_student_small_medium_teacher_seed123.pt
[Epoch 017] train_loss=0.5186, train_hard=0.6565, train_soft=0.4437, train_logit_mse=0.8063, train_feature_mse=0.0015, train_acc=0.7832, alpha=0.238, val_acc=0.7569, val_macro_f1=0.5640, val_weighted_f1=0.7331, lr=0.000691, epoch_time=17.57s
[Epoch 018] train_loss=0.5049, train_hard=0.6511, train_soft=0.4272, train_logit_mse=0.7779, train_feature_mse=0.0015, train_acc=0.7819, alpha=0.243, val_acc=0.7520, val_macro_f1=0.5666, val_weighted_f1=0.7328, lr=0.000678, epoch_time=17.66s
[Epoch 019] train_loss=0.4960, train_hard=0.6381, train_soft=0.4187, train_logit_mse=0.7629, train_feature_mse=0.0015, train_acc=0.7881, alpha=0.248, val_acc=0.7611, val_macro_f1=0.5892, val_weighted_f1=0.7453, lr=0.000665, epoch_time=17.62s
  -> New best KD student saved to /users/40370279/csc4006/code/experiments/5__teacher_model_comparison/checkpoints/kd_student_small_medium_teacher_seed123.pt
[Epoch 020] train_loss=0.4975, train_hard=0.6440, train_soft=0.4173, train_logit_mse=0.7623, train_feature_mse=0.0014, train_acc=0.7868, alpha=0.253, val_acc=0.7581, val_macro_f1=0.5834, val_weighted_f1=0.7402, lr=0.000651, epoch_time=17.68s
[Epoch 021] train_loss=0.4936, train_hard=0.6440, train_soft=0.4109, train_logit_mse=0.7494, train_feature_mse=0.0014, train_acc=0.7861, alpha=0.258, val_acc=0.7624, val_macro_f1=0.5903, val_weighted_f1=0.7454, lr=0.000637, epoch_time=17.56s
  -> New best KD student saved to /users/40370279/csc4006/code/experiments/5__teacher_model_comparison/checkpoints/kd_student_small_medium_teacher_seed123.pt
[Epoch 022] train_loss=0.4894, train_hard=0.6357, train_soft=0.4067, train_logit_mse=0.7439, train_feature_mse=0.0014, train_acc=0.7896, alpha=0.263, val_acc=0.7544, val_macro_f1=0.5688, val_weighted_f1=0.7331, lr=0.000623, epoch_time=17.63s
[Epoch 023] train_loss=0.4806, train_hard=0.6302, train_soft=0.3957, train_logit_mse=0.7235, train_feature_mse=0.0013, train_acc=0.7885, alpha=0.269, val_acc=0.7587, val_macro_f1=0.5823, val_weighted_f1=0.7373, lr=0.000608, epoch_time=17.59s
[Epoch 024] train_loss=0.4835, train_hard=0.6324, train_soft=0.3970, train_logit_mse=0.7259, train_feature_mse=0.0013, train_acc=0.7924, alpha=0.275, val_acc=0.7563, val_macro_f1=0.5838, val_weighted_f1=0.7391, lr=0.000592, epoch_time=17.68s
[Epoch 025] train_loss=0.4831, train_hard=0.6296, train_soft=0.3956, train_logit_mse=0.7241, train_feature_mse=0.0013, train_acc=0.7925, alpha=0.281, val_acc=0.7569, val_macro_f1=0.5913, val_weighted_f1=0.7374, lr=0.000576, epoch_time=17.62s
  -> New best KD student saved to /users/40370279/csc4006/code/experiments/5__teacher_model_comparison/checkpoints/kd_student_small_medium_teacher_seed123.pt
[Epoch 026] train_loss=0.4786, train_hard=0.6268, train_soft=0.3888, train_logit_mse=0.7135, train_feature_mse=0.0012, train_acc=0.7904, alpha=0.287, val_acc=0.7599, val_macro_f1=0.6079, val_weighted_f1=0.7484, lr=0.000560, epoch_time=17.78s
  -> New best KD student saved to /users/40370279/csc4006/code/experiments/5__teacher_model_comparison/checkpoints/kd_student_small_medium_teacher_seed123.pt
[Epoch 027] train_loss=0.4782, train_hard=0.6244, train_soft=0.3873, train_logit_mse=0.7096, train_feature_mse=0.0012, train_acc=0.7928, alpha=0.293, val_acc=0.7611, val_macro_f1=0.6184, val_weighted_f1=0.7521, lr=0.000544, epoch_time=17.52s
  -> New best KD student saved to /users/40370279/csc4006/code/experiments/5__teacher_model_comparison/checkpoints/kd_student_small_medium_teacher_seed123.pt
[Epoch 028] train_loss=0.4766, train_hard=0.6220, train_soft=0.3841, train_logit_mse=0.7034, train_feature_mse=0.0012, train_acc=0.7927, alpha=0.300, val_acc=0.7636, val_macro_f1=0.6049, val_weighted_f1=0.7497, lr=0.000527, epoch_time=17.55s
[Epoch 029] train_loss=0.4710, train_hard=0.6164, train_soft=0.3769, train_logit_mse=0.6919, train_feature_mse=0.0012, train_acc=0.7912, alpha=0.306, val_acc=0.7618, val_macro_f1=0.5913, val_weighted_f1=0.7444, lr=0.000510, epoch_time=17.69s
[Epoch 030] train_loss=0.4693, train_hard=0.6157, train_soft=0.3727, train_logit_mse=0.6842, train_feature_mse=0.0011, train_acc=0.7947, alpha=0.313, val_acc=0.7605, val_macro_f1=0.5936, val_weighted_f1=0.7448, lr=0.000493, epoch_time=17.51s
[Epoch 031] train_loss=0.4734, train_hard=0.6152, train_soft=0.3763, train_logit_mse=0.6910, train_feature_mse=0.0011, train_acc=0.7975, alpha=0.319, val_acc=0.7660, val_macro_f1=0.5939, val_weighted_f1=0.7456, lr=0.000476, epoch_time=17.60s
[Epoch 032] train_loss=0.4698, train_hard=0.6122, train_soft=0.3705, train_logit_mse=0.6822, train_feature_mse=0.0011, train_acc=0.7969, alpha=0.326, val_acc=0.7557, val_macro_f1=0.5809, val_weighted_f1=0.7355, lr=0.000458, epoch_time=17.60s
[Epoch 033] train_loss=0.4680, train_hard=0.6075, train_soft=0.3679, train_logit_mse=0.6774, train_feature_mse=0.0011, train_acc=0.7965, alpha=0.333, val_acc=0.7679, val_macro_f1=0.6088, val_weighted_f1=0.7518, lr=0.000440, epoch_time=17.60s
[Epoch 034] train_loss=0.4695, train_hard=0.6102, train_soft=0.3664, train_logit_mse=0.6745, train_feature_mse=0.0011, train_acc=0.7957, alpha=0.340, val_acc=0.7624, val_macro_f1=0.5890, val_weighted_f1=0.7444, lr=0.000423, epoch_time=17.58s
[Epoch 035] train_loss=0.4659, train_hard=0.6081, train_soft=0.3599, train_logit_mse=0.6634, train_feature_mse=0.0011, train_acc=0.7948, alpha=0.347, val_acc=0.7648, val_macro_f1=0.5975, val_weighted_f1=0.7488, lr=0.000405, epoch_time=17.63s
[Epoch 036] train_loss=0.4685, train_hard=0.6051, train_soft=0.3627, train_logit_mse=0.6696, train_feature_mse=0.0011, train_acc=0.7984, alpha=0.353, val_acc=0.7575, val_macro_f1=0.5872, val_weighted_f1=0.7401, lr=0.000387, epoch_time=17.61s
[Epoch 037] train_loss=0.4688, train_hard=0.6075, train_soft=0.3595, train_logit_mse=0.6631, train_feature_mse=0.0010, train_acc=0.7996, alpha=0.360, val_acc=0.7581, val_macro_f1=0.6002, val_weighted_f1=0.7451, lr=0.000370, epoch_time=17.62s
[Epoch 038] train_loss=0.4646, train_hard=0.5967, train_soft=0.3568, train_logit_mse=0.6583, train_feature_mse=0.0010, train_acc=0.7997, alpha=0.367, val_acc=0.7666, val_macro_f1=0.6020, val_weighted_f1=0.7536, lr=0.000352, epoch_time=17.67s
[Epoch 039] train_loss=0.4732, train_hard=0.6048, train_soft=0.3626, train_logit_mse=0.6677, train_feature_mse=0.0010, train_acc=0.7988, alpha=0.374, val_acc=0.7618, val_macro_f1=0.5922, val_weighted_f1=0.7451, lr=0.000334, epoch_time=17.56s
[Epoch 040] train_loss=0.4616, train_hard=0.5906, train_soft=0.3510, train_logit_mse=0.6485, train_feature_mse=0.0010, train_acc=0.8033, alpha=0.381, val_acc=0.7624, val_macro_f1=0.5928, val_weighted_f1=0.7463, lr=0.000317, epoch_time=17.62s
[Epoch 041] train_loss=0.4695, train_hard=0.5977, train_soft=0.3563, train_logit_mse=0.6582, train_feature_mse=0.0010, train_acc=0.8000, alpha=0.387, val_acc=0.7666, val_macro_f1=0.5997, val_weighted_f1=0.7499, lr=0.000300, epoch_time=17.61s
[Epoch 042] train_loss=0.4694, train_hard=0.6003, train_soft=0.3522, train_logit_mse=0.6494, train_feature_mse=0.0010, train_acc=0.8003, alpha=0.394, val_acc=0.7685, val_macro_f1=0.5996, val_weighted_f1=0.7513, lr=0.000283, epoch_time=17.63s
Early stopping triggered.
Loaded best KD student checkpoint for final test evaluation.
Best validation macro-F1: 0.6184
Best epoch: 27
Time to best model: 480.98 seconds
Checkpoint size (MB): 0.095
Student size: small
Teacher used: /users/40370279/csc4006/code/experiments/5__teacher_model_comparison/checkpoints/teacher_medium_seed123.pt
Teacher arch: TeacherCNN
Teacher size: medium
Checkpoint seed: 123
Test accuracy (KD student): 0.7600
Test macro-F1 (KD student): 0.5966
Test weighted-F1 (KD student): 0.7503
Test classification report:
              precision    recall  f1-score   support

           0       0.77      0.69      0.73       184
           1       0.14      0.09      0.11        56
           2       0.71      0.55      0.62       256
           3       0.81      0.90      0.85       912
           4       0.69      0.67      0.68       242

    accuracy                           0.76      1650
   macro avg       0.62      0.58      0.60      1650
weighted avg       0.75      0.76      0.75      1650

Test confusion matrix:
[[127   1   7  46   3]
 [  3   5   2  40   6]
 [ 13   3 140  72  28]
 [ 16  13  28 821  34]
 [  6  15  20  40 161]]
Inference latency: 1.4687 ms/sample
