Using device: cuda
Seed: 123
Deterministic mode: True
Deterministic warn_only: True
KD hyperparameters: alpha_start=0.100, alpha_end=0.100, temperature=1.00, logit_mse_weight=0.030, feature_mse_weight=0.030, class_weight_gamma=0.00, sampler_power=0.35, label_smoothing=0.000, student_size=medium, alpha_mode=classwise_adaptive, adaptive_alpha_min=0.050, adaptive_alpha_max=0.300
Training: batch_size=64, lr=0.0008, epochs=70, patience=15, weight_decay=0.002, grad_clip=1.0, num_workers=2, disable_augmentation=False, use_weighted_sampler=False
Teacher checkpoint path: experiments/1__kd_vs_baseline/checkpoints/teacher_cnn_seed123.pt
Student checkpoint path: experiments/8__class_aware_adaptive_alpha/checkpoints/student_classaware_alpha_seed123.pt
Training set size: 12957
Validation set size: 1637
Test set size: 1650
Number of leads: 12 classes: 5
Classes: ['CD' 'HYP' 'MI' 'NORM' 'STTC']
Trainable parameters (student): 12809
Total parameters (student): 12809
Estimated model size (MB): 0.051
Teacher pooled dim: 896
Student pooled dim: 28
Class weights: [1. 1. 1. 1. 1.]
Adaptive alpha per class: [0.08434388 0.05       0.1096075  0.3        0.10448155]
  class=CD alpha=0.0843
  class=HYP alpha=0.0500
  class=MI alpha=0.1096
  class=NORM alpha=0.3000
  class=STTC alpha=0.1045
Training sampler: standard shuffled loader
[Epoch 001] train_loss=0.7630, train_hard=1.1075, train_soft=0.6267, train_logit_mse=1.9519, train_feature_mse=0.0284, train_acc=0.6066, alpha_scalar=0.100, train_alpha_mean=0.211, val_acc=0.6359, val_macro_f1=0.3140, val_weighted_f1=0.5518, lr=0.000800, epoch_time=18.62s
  -> New best KD student saved to experiments/8__class_aware_adaptive_alpha/checkpoints/student_classaware_alpha_seed123.pt
[Epoch 002] train_loss=0.5257, train_hard=0.8666, train_soft=0.4147, train_logit_mse=1.3847, train_feature_mse=0.0177, train_acc=0.7070, alpha_scalar=0.100, train_alpha_mean=0.211, val_acc=0.7098, val_macro_f1=0.4752, val_weighted_f1=0.6692, lr=0.000798, epoch_time=17.55s
  -> New best KD student saved to experiments/8__class_aware_adaptive_alpha/checkpoints/student_classaware_alpha_seed123.pt
[Epoch 003] train_loss=0.4222, train_hard=0.7684, train_soft=0.3198, train_logit_mse=1.0823, train_feature_mse=0.0134, train_acc=0.7511, alpha_scalar=0.100, train_alpha_mean=0.211, val_acc=0.7306, val_macro_f1=0.5123, val_weighted_f1=0.6973, lr=0.000796, epoch_time=17.33s
  -> New best KD student saved to experiments/8__class_aware_adaptive_alpha/checkpoints/student_classaware_alpha_seed123.pt
[Epoch 004] train_loss=0.3786, train_hard=0.7248, train_soft=0.2810, train_logit_mse=0.9400, train_feature_mse=0.0089, train_acc=0.7633, alpha_scalar=0.100, train_alpha_mean=0.211, val_acc=0.7312, val_macro_f1=0.5157, val_weighted_f1=0.6976, lr=0.000794, epoch_time=17.45s
  -> New best KD student saved to experiments/8__class_aware_adaptive_alpha/checkpoints/student_classaware_alpha_seed123.pt
[Epoch 005] train_loss=0.3419, train_hard=0.6912, train_soft=0.2461, train_logit_mse=0.8521, train_feature_mse=0.0054, train_acc=0.7725, alpha_scalar=0.100, train_alpha_mean=0.211, val_acc=0.7233, val_macro_f1=0.4992, val_weighted_f1=0.6829, lr=0.000790, epoch_time=17.52s
[Epoch 006] train_loss=0.3255, train_hard=0.6736, train_soft=0.2317, train_logit_mse=0.8061, train_feature_mse=0.0034, train_acc=0.7820, alpha_scalar=0.100, train_alpha_mean=0.211, val_acc=0.7508, val_macro_f1=0.5535, val_weighted_f1=0.7322, lr=0.000786, epoch_time=17.48s
  -> New best KD student saved to experiments/8__class_aware_adaptive_alpha/checkpoints/student_classaware_alpha_seed123.pt
[Epoch 007] train_loss=0.3090, train_hard=0.6600, train_soft=0.2150, train_logit_mse=0.7682, train_feature_mse=0.0022, train_acc=0.7836, alpha_scalar=0.100, train_alpha_mean=0.211, val_acc=0.7330, val_macro_f1=0.5202, val_weighted_f1=0.7030, lr=0.000781, epoch_time=17.49s
[Epoch 008] train_loss=0.2983, train_hard=0.6501, train_soft=0.2059, train_logit_mse=0.7332, train_feature_mse=0.0015, train_acc=0.7868, alpha_scalar=0.100, train_alpha_mean=0.211, val_acc=0.7550, val_macro_f1=0.5701, val_weighted_f1=0.7332, lr=0.000775, epoch_time=17.63s
  -> New best KD student saved to experiments/8__class_aware_adaptive_alpha/checkpoints/student_classaware_alpha_seed123.pt
[Epoch 009] train_loss=0.2872, train_hard=0.6402, train_soft=0.1958, train_logit_mse=0.6928, train_feature_mse=0.0013, train_acc=0.7887, alpha_scalar=0.100, train_alpha_mean=0.211, val_acc=0.7379, val_macro_f1=0.5713, val_weighted_f1=0.7213, lr=0.000768, epoch_time=17.39s
  -> New best KD student saved to experiments/8__class_aware_adaptive_alpha/checkpoints/student_classaware_alpha_seed123.pt
[Epoch 010] train_loss=0.2829, train_hard=0.6353, train_soft=0.1915, train_logit_mse=0.6885, train_feature_mse=0.0012, train_acc=0.7894, alpha_scalar=0.100, train_alpha_mean=0.211, val_acc=0.7526, val_macro_f1=0.5882, val_weighted_f1=0.7330, lr=0.000761, epoch_time=17.42s
  -> New best KD student saved to experiments/8__class_aware_adaptive_alpha/checkpoints/student_classaware_alpha_seed123.pt
[Epoch 011] train_loss=0.2739, train_hard=0.6210, train_soft=0.1848, train_logit_mse=0.6615, train_feature_mse=0.0011, train_acc=0.7959, alpha_scalar=0.100, train_alpha_mean=0.211, val_acc=0.7459, val_macro_f1=0.5735, val_weighted_f1=0.7237, lr=0.000753, epoch_time=17.42s
[Epoch 012] train_loss=0.2680, train_hard=0.6178, train_soft=0.1785, train_logit_mse=0.6476, train_feature_mse=0.0010, train_acc=0.7977, alpha_scalar=0.100, train_alpha_mean=0.211, val_acc=0.7465, val_macro_f1=0.5748, val_weighted_f1=0.7225, lr=0.000744, epoch_time=17.43s
[Epoch 013] train_loss=0.2627, train_hard=0.6135, train_soft=0.1734, train_logit_mse=0.6298, train_feature_mse=0.0010, train_acc=0.7959, alpha_scalar=0.100, train_alpha_mean=0.211, val_acc=0.7459, val_macro_f1=0.5738, val_weighted_f1=0.7248, lr=0.000735, epoch_time=17.55s
[Epoch 014] train_loss=0.2571, train_hard=0.6081, train_soft=0.1683, train_logit_mse=0.6226, train_feature_mse=0.0010, train_acc=0.7998, alpha_scalar=0.100, train_alpha_mean=0.211, val_acc=0.7538, val_macro_f1=0.5984, val_weighted_f1=0.7395, lr=0.000725, epoch_time=17.25s
  -> New best KD student saved to experiments/8__class_aware_adaptive_alpha/checkpoints/student_classaware_alpha_seed123.pt
[Epoch 015] train_loss=0.2530, train_hard=0.6022, train_soft=0.1648, train_logit_mse=0.6060, train_feature_mse=0.0009, train_acc=0.8014, alpha_scalar=0.100, train_alpha_mean=0.211, val_acc=0.7508, val_macro_f1=0.5771, val_weighted_f1=0.7341, lr=0.000714, epoch_time=17.45s
[Epoch 016] train_loss=0.2499, train_hard=0.6009, train_soft=0.1617, train_logit_mse=0.6007, train_feature_mse=0.0009, train_acc=0.8008, alpha_scalar=0.100, train_alpha_mean=0.211, val_acc=0.7495, val_macro_f1=0.5848, val_weighted_f1=0.7305, lr=0.000702, epoch_time=17.43s
[Epoch 017] train_loss=0.2439, train_hard=0.5942, train_soft=0.1555, train_logit_mse=0.5879, train_feature_mse=0.0009, train_acc=0.8026, alpha_scalar=0.100, train_alpha_mean=0.211, val_acc=0.7502, val_macro_f1=0.5920, val_weighted_f1=0.7335, lr=0.000691, epoch_time=17.39s
[Epoch 018] train_loss=0.2407, train_hard=0.5880, train_soft=0.1537, train_logit_mse=0.5810, train_feature_mse=0.0009, train_acc=0.8064, alpha_scalar=0.100, train_alpha_mean=0.211, val_acc=0.7660, val_macro_f1=0.6136, val_weighted_f1=0.7529, lr=0.000678, epoch_time=17.40s
  -> New best KD student saved to experiments/8__class_aware_adaptive_alpha/checkpoints/student_classaware_alpha_seed123.pt
[Epoch 019] train_loss=0.2380, train_hard=0.5863, train_soft=0.1506, train_logit_mse=0.5715, train_feature_mse=0.0008, train_acc=0.8071, alpha_scalar=0.100, train_alpha_mean=0.211, val_acc=0.7654, val_macro_f1=0.6174, val_weighted_f1=0.7547, lr=0.000665, epoch_time=17.35s
  -> New best KD student saved to experiments/8__class_aware_adaptive_alpha/checkpoints/student_classaware_alpha_seed123.pt
[Epoch 020] train_loss=0.2338, train_hard=0.5793, train_soft=0.1475, train_logit_mse=0.5649, train_feature_mse=0.0008, train_acc=0.8086, alpha_scalar=0.100, train_alpha_mean=0.211, val_acc=0.7471, val_macro_f1=0.5952, val_weighted_f1=0.7320, lr=0.000651, epoch_time=17.47s
[Epoch 021] train_loss=0.2317, train_hard=0.5811, train_soft=0.1446, train_logit_mse=0.5608, train_feature_mse=0.0008, train_acc=0.8069, alpha_scalar=0.100, train_alpha_mean=0.211, val_acc=0.7483, val_macro_f1=0.6049, val_weighted_f1=0.7383, lr=0.000637, epoch_time=17.35s
[Epoch 022] train_loss=0.2256, train_hard=0.5719, train_soft=0.1395, train_logit_mse=0.5427, train_feature_mse=0.0008, train_acc=0.8112, alpha_scalar=0.100, train_alpha_mean=0.211, val_acc=0.7618, val_macro_f1=0.6118, val_weighted_f1=0.7497, lr=0.000623, epoch_time=17.48s
[Epoch 023] train_loss=0.2236, train_hard=0.5704, train_soft=0.1377, train_logit_mse=0.5348, train_feature_mse=0.0008, train_acc=0.8115, alpha_scalar=0.100, train_alpha_mean=0.211, val_acc=0.7624, val_macro_f1=0.6145, val_weighted_f1=0.7492, lr=0.000608, epoch_time=17.47s
[Epoch 024] train_loss=0.2237, train_hard=0.5709, train_soft=0.1377, train_logit_mse=0.5387, train_feature_mse=0.0007, train_acc=0.8138, alpha_scalar=0.100, train_alpha_mean=0.211, val_acc=0.7471, val_macro_f1=0.5831, val_weighted_f1=0.7295, lr=0.000592, epoch_time=17.57s
[Epoch 025] train_loss=0.2210, train_hard=0.5679, train_soft=0.1352, train_logit_mse=0.5378, train_feature_mse=0.0007, train_acc=0.8152, alpha_scalar=0.100, train_alpha_mean=0.211, val_acc=0.7569, val_macro_f1=0.6005, val_weighted_f1=0.7398, lr=0.000576, epoch_time=17.41s
[Epoch 026] train_loss=0.2157, train_hard=0.5626, train_soft=0.1296, train_logit_mse=0.5222, train_feature_mse=0.0007, train_acc=0.8138, alpha_scalar=0.100, train_alpha_mean=0.211, val_acc=0.7593, val_macro_f1=0.6077, val_weighted_f1=0.7448, lr=0.000560, epoch_time=17.47s
[Epoch 027] train_loss=0.2154, train_hard=0.5620, train_soft=0.1302, train_logit_mse=0.5203, train_feature_mse=0.0007, train_acc=0.8157, alpha_scalar=0.100, train_alpha_mean=0.211, val_acc=0.7465, val_macro_f1=0.6148, val_weighted_f1=0.7417, lr=0.000544, epoch_time=17.49s
[Epoch 028] train_loss=0.2118, train_hard=0.5553, train_soft=0.1272, train_logit_mse=0.5129, train_feature_mse=0.0007, train_acc=0.8181, alpha_scalar=0.100, train_alpha_mean=0.211, val_acc=0.7703, val_macro_f1=0.6313, val_weighted_f1=0.7603, lr=0.000527, epoch_time=17.41s
  -> New best KD student saved to experiments/8__class_aware_adaptive_alpha/checkpoints/student_classaware_alpha_seed123.pt
[Epoch 029] train_loss=0.2140, train_hard=0.5589, train_soft=0.1292, train_logit_mse=0.5140, train_feature_mse=0.0007, train_acc=0.8159, alpha_scalar=0.100, train_alpha_mean=0.211, val_acc=0.7611, val_macro_f1=0.6100, val_weighted_f1=0.7431, lr=0.000510, epoch_time=17.42s
[Epoch 030] train_loss=0.2085, train_hard=0.5509, train_soft=0.1237, train_logit_mse=0.5066, train_feature_mse=0.0007, train_acc=0.8183, alpha_scalar=0.100, train_alpha_mean=0.211, val_acc=0.7691, val_macro_f1=0.6336, val_weighted_f1=0.7608, lr=0.000493, epoch_time=17.37s
  -> New best KD student saved to experiments/8__class_aware_adaptive_alpha/checkpoints/student_classaware_alpha_seed123.pt
[Epoch 031] train_loss=0.2065, train_hard=0.5504, train_soft=0.1224, train_logit_mse=0.5031, train_feature_mse=0.0006, train_acc=0.8204, alpha_scalar=0.100, train_alpha_mean=0.211, val_acc=0.7697, val_macro_f1=0.6326, val_weighted_f1=0.7592, lr=0.000476, epoch_time=17.43s
[Epoch 032] train_loss=0.2073, train_hard=0.5501, train_soft=0.1227, train_logit_mse=0.5047, train_feature_mse=0.0007, train_acc=0.8185, alpha_scalar=0.100, train_alpha_mean=0.211, val_acc=0.7526, val_macro_f1=0.6107, val_weighted_f1=0.7391, lr=0.000458, epoch_time=17.48s
[Epoch 033] train_loss=0.2054, train_hard=0.5498, train_soft=0.1207, train_logit_mse=0.4944, train_feature_mse=0.0006, train_acc=0.8200, alpha_scalar=0.100, train_alpha_mean=0.211, val_acc=0.7569, val_macro_f1=0.6227, val_weighted_f1=0.7494, lr=0.000440, epoch_time=17.43s
[Epoch 034] train_loss=0.2032, train_hard=0.5471, train_soft=0.1189, train_logit_mse=0.4931, train_feature_mse=0.0006, train_acc=0.8225, alpha_scalar=0.100, train_alpha_mean=0.211, val_acc=0.7550, val_macro_f1=0.6054, val_weighted_f1=0.7390, lr=0.000423, epoch_time=17.37s
[Epoch 035] train_loss=0.2009, train_hard=0.5446, train_soft=0.1172, train_logit_mse=0.4861, train_feature_mse=0.0006, train_acc=0.8213, alpha_scalar=0.100, train_alpha_mean=0.211, val_acc=0.7648, val_macro_f1=0.6251, val_weighted_f1=0.7549, lr=0.000405, epoch_time=17.28s
[Epoch 036] train_loss=0.2002, train_hard=0.5422, train_soft=0.1166, train_logit_mse=0.4846, train_feature_mse=0.0006, train_acc=0.8235, alpha_scalar=0.100, train_alpha_mean=0.211, val_acc=0.7648, val_macro_f1=0.6302, val_weighted_f1=0.7582, lr=0.000387, epoch_time=17.46s
[Epoch 037] train_loss=0.1987, train_hard=0.5391, train_soft=0.1155, train_logit_mse=0.4782, train_feature_mse=0.0006, train_acc=0.8232, alpha_scalar=0.100, train_alpha_mean=0.211, val_acc=0.7630, val_macro_f1=0.6241, val_weighted_f1=0.7548, lr=0.000370, epoch_time=17.44s
[Epoch 038] train_loss=0.1985, train_hard=0.5404, train_soft=0.1147, train_logit_mse=0.4827, train_feature_mse=0.0006, train_acc=0.8213, alpha_scalar=0.100, train_alpha_mean=0.211, val_acc=0.7587, val_macro_f1=0.6202, val_weighted_f1=0.7449, lr=0.000352, epoch_time=17.43s
[Epoch 039] train_loss=0.1978, train_hard=0.5421, train_soft=0.1137, train_logit_mse=0.4794, train_feature_mse=0.0006, train_acc=0.8214, alpha_scalar=0.100, train_alpha_mean=0.211, val_acc=0.7593, val_macro_f1=0.5963, val_weighted_f1=0.7406, lr=0.000334, epoch_time=17.49s
[Epoch 040] train_loss=0.1970, train_hard=0.5399, train_soft=0.1131, train_logit_mse=0.4816, train_feature_mse=0.0006, train_acc=0.8222, alpha_scalar=0.100, train_alpha_mean=0.211, val_acc=0.7447, val_macro_f1=0.5921, val_weighted_f1=0.7322, lr=0.000317, epoch_time=17.47s
[Epoch 041] train_loss=0.1971, train_hard=0.5400, train_soft=0.1139, train_logit_mse=0.4759, train_feature_mse=0.0006, train_acc=0.8255, alpha_scalar=0.100, train_alpha_mean=0.211, val_acc=0.7648, val_macro_f1=0.6317, val_weighted_f1=0.7583, lr=0.000300, epoch_time=17.49s
[Epoch 042] train_loss=0.1944, train_hard=0.5365, train_soft=0.1110, train_logit_mse=0.4701, train_feature_mse=0.0006, train_acc=0.8247, alpha_scalar=0.100, train_alpha_mean=0.211, val_acc=0.7526, val_macro_f1=0.6069, val_weighted_f1=0.7399, lr=0.000283, epoch_time=17.46s
[Epoch 043] train_loss=0.1921, train_hard=0.5325, train_soft=0.1090, train_logit_mse=0.4679, train_feature_mse=0.0006, train_acc=0.8267, alpha_scalar=0.100, train_alpha_mean=0.211, val_acc=0.7691, val_macro_f1=0.6311, val_weighted_f1=0.7590, lr=0.000266, epoch_time=17.33s
[Epoch 044] train_loss=0.1905, train_hard=0.5335, train_soft=0.1074, train_logit_mse=0.4655, train_feature_mse=0.0006, train_acc=0.8267, alpha_scalar=0.100, train_alpha_mean=0.211, val_acc=0.7544, val_macro_f1=0.6015, val_weighted_f1=0.7393, lr=0.000250, epoch_time=17.40s
[Epoch 045] train_loss=0.1909, train_hard=0.5329, train_soft=0.1079, train_logit_mse=0.4595, train_feature_mse=0.0006, train_acc=0.8255, alpha_scalar=0.100, train_alpha_mean=0.211, val_acc=0.7581, val_macro_f1=0.6106, val_weighted_f1=0.7465, lr=0.000234, epoch_time=17.42s
Early stopping triggered.
Loaded best KD student checkpoint for final test evaluation.
Best validation macro-F1: 0.6336
Best epoch: 30
Time to best model: 527.43 seconds
Checkpoint size (MB): 0.178
Student size: medium
Teacher used: experiments/1__kd_vs_baseline/checkpoints/teacher_cnn_seed123.pt
Teacher arch: TeacherCNN
Teacher size: large
Checkpoint seed: 123
Alpha mode: classwise_adaptive
Test accuracy (KD student): 0.7679
Test macro-F1 (KD student): 0.6200
Test weighted-F1 (KD student): 0.7607
Test classification report:
              precision    recall  f1-score   support

           0       0.86      0.65      0.74       184
           1       0.17      0.18      0.18        56
           2       0.78      0.55      0.65       256
           3       0.79      0.92      0.85       912
           4       0.72      0.64      0.68       242

    accuracy                           0.77      1650
   macro avg       0.67      0.59      0.62      1650
weighted avg       0.77      0.77      0.76      1650

Test confusion matrix:
[[120   3   8  50   3]
 [  1  10   4  36   5]
 [  7   2 142  77  28]
 [ 10  23  15 840  24]
 [  1  20  12  54 155]]
Inference latency: 1.4977 ms/sample
