Using device: cuda
Seed: 123
Deterministic mode: True
Deterministic warn_only: True
KD hyperparameters: alpha_start=0.100, alpha_end=0.100, temperature=1.00, logit_mse_weight=0.030, feature_mse_weight=0.030, class_weight_gamma=0.00, sampler_power=0.35, label_smoothing=0.000, student_size=medium, alpha_mode=fixed, adaptive_alpha_min=0.050, adaptive_alpha_max=0.300
Training: batch_size=64, lr=0.0008, epochs=70, patience=15, weight_decay=0.002, grad_clip=1.0, num_workers=2, disable_augmentation=False, use_weighted_sampler=False
Teacher checkpoint path: experiments/1__kd_vs_baseline/checkpoints/teacher_cnn_seed123.pt
Student checkpoint path: experiments/8__class_aware_adaptive_alpha/checkpoints/student_fixed_alpha_seed123.pt
Training set size: 12957
Validation set size: 1637
Test set size: 1650
Number of leads: 12 classes: 5
Classes: ['CD' 'HYP' 'MI' 'NORM' 'STTC']
Trainable parameters (student): 12809
Total parameters (student): 12809
Estimated model size (MB): 0.051
Teacher pooled dim: 896
Student pooled dim: 28
Class weights: [1. 1. 1. 1. 1.]
Training sampler: standard shuffled loader
[Epoch 001] train_loss=0.7279, train_hard=1.1107, train_soft=0.6197, train_logit_mse=1.9458, train_feature_mse=0.0284, train_acc=0.6109, alpha_scalar=0.100, train_alpha_mean=0.100, val_acc=0.6439, val_macro_f1=0.3253, val_weighted_f1=0.5650, lr=0.000800, epoch_time=18.69s
  -> New best KD student saved to experiments/8__class_aware_adaptive_alpha/checkpoints/student_fixed_alpha_seed123.pt
[Epoch 002] train_loss=0.4878, train_hard=0.8659, train_soft=0.3999, train_logit_mse=1.3588, train_feature_mse=0.0178, train_acc=0.7118, alpha_scalar=0.100, train_alpha_mean=0.100, val_acc=0.7092, val_macro_f1=0.4724, val_weighted_f1=0.6673, lr=0.000798, epoch_time=17.61s
  -> New best KD student saved to experiments/8__class_aware_adaptive_alpha/checkpoints/student_fixed_alpha_seed123.pt
[Epoch 003] train_loss=0.3853, train_hard=0.7727, train_soft=0.3069, train_logit_mse=1.0495, train_feature_mse=0.0135, train_acc=0.7510, alpha_scalar=0.100, train_alpha_mean=0.100, val_acc=0.7312, val_macro_f1=0.5158, val_weighted_f1=0.6983, lr=0.000796, epoch_time=17.45s
  -> New best KD student saved to experiments/8__class_aware_adaptive_alpha/checkpoints/student_fixed_alpha_seed123.pt
[Epoch 004] train_loss=0.3422, train_hard=0.7305, train_soft=0.2684, train_logit_mse=0.9109, train_feature_mse=0.0088, train_acc=0.7633, alpha_scalar=0.100, train_alpha_mean=0.100, val_acc=0.7385, val_macro_f1=0.5277, val_weighted_f1=0.7077, lr=0.000794, epoch_time=17.67s
  -> New best KD student saved to experiments/8__class_aware_adaptive_alpha/checkpoints/student_fixed_alpha_seed123.pt
[Epoch 005] train_loss=0.3065, train_hard=0.6970, train_soft=0.2354, train_logit_mse=0.8290, train_feature_mse=0.0054, train_acc=0.7729, alpha_scalar=0.100, train_alpha_mean=0.100, val_acc=0.7349, val_macro_f1=0.5199, val_weighted_f1=0.7004, lr=0.000790, epoch_time=17.51s
[Epoch 006] train_loss=0.2919, train_hard=0.6806, train_soft=0.2224, train_logit_mse=0.7861, train_feature_mse=0.0034, train_acc=0.7785, alpha_scalar=0.100, train_alpha_mean=0.100, val_acc=0.7508, val_macro_f1=0.5875, val_weighted_f1=0.7384, lr=0.000786, epoch_time=17.72s
  -> New best KD student saved to experiments/8__class_aware_adaptive_alpha/checkpoints/student_fixed_alpha_seed123.pt
[Epoch 007] train_loss=0.2759, train_hard=0.6687, train_soft=0.2073, train_logit_mse=0.7487, train_feature_mse=0.0022, train_acc=0.7828, alpha_scalar=0.100, train_alpha_mean=0.100, val_acc=0.7471, val_macro_f1=0.5813, val_weighted_f1=0.7316, lr=0.000781, epoch_time=17.53s
[Epoch 008] train_loss=0.2673, train_hard=0.6589, train_soft=0.1998, train_logit_mse=0.7196, train_feature_mse=0.0015, train_acc=0.7855, alpha_scalar=0.100, train_alpha_mean=0.100, val_acc=0.7544, val_macro_f1=0.5870, val_weighted_f1=0.7363, lr=0.000775, epoch_time=17.75s
[Epoch 009] train_loss=0.2549, train_hard=0.6495, train_soft=0.1887, train_logit_mse=0.6733, train_feature_mse=0.0012, train_acc=0.7851, alpha_scalar=0.100, train_alpha_mean=0.100, val_acc=0.7440, val_macro_f1=0.5872, val_weighted_f1=0.7318, lr=0.000768, epoch_time=17.49s
[Epoch 010] train_loss=0.2491, train_hard=0.6441, train_soft=0.1829, train_logit_mse=0.6677, train_feature_mse=0.0011, train_acc=0.7889, alpha_scalar=0.100, train_alpha_mean=0.100, val_acc=0.7508, val_macro_f1=0.5954, val_weighted_f1=0.7338, lr=0.000761, epoch_time=17.41s
  -> New best KD student saved to experiments/8__class_aware_adaptive_alpha/checkpoints/student_fixed_alpha_seed123.pt
[Epoch 011] train_loss=0.2400, train_hard=0.6290, train_soft=0.1754, train_logit_mse=0.6390, train_feature_mse=0.0011, train_acc=0.7940, alpha_scalar=0.100, train_alpha_mean=0.100, val_acc=0.7379, val_macro_f1=0.5933, val_weighted_f1=0.7286, lr=0.000753, epoch_time=17.56s
[Epoch 012] train_loss=0.2355, train_hard=0.6272, train_soft=0.1710, train_logit_mse=0.6290, train_feature_mse=0.0010, train_acc=0.7919, alpha_scalar=0.100, train_alpha_mean=0.100, val_acc=0.7392, val_macro_f1=0.5858, val_weighted_f1=0.7238, lr=0.000744, epoch_time=17.46s
[Epoch 013] train_loss=0.2259, train_hard=0.6170, train_soft=0.1622, train_logit_mse=0.6084, train_feature_mse=0.0010, train_acc=0.7975, alpha_scalar=0.100, train_alpha_mean=0.100, val_acc=0.7483, val_macro_f1=0.5882, val_weighted_f1=0.7308, lr=0.000735, epoch_time=17.64s
[Epoch 014] train_loss=0.2228, train_hard=0.6120, train_soft=0.1596, train_logit_mse=0.6014, train_feature_mse=0.0009, train_acc=0.8010, alpha_scalar=0.100, train_alpha_mean=0.100, val_acc=0.7630, val_macro_f1=0.6141, val_weighted_f1=0.7498, lr=0.000725, epoch_time=17.44s
  -> New best KD student saved to experiments/8__class_aware_adaptive_alpha/checkpoints/student_fixed_alpha_seed123.pt
[Epoch 015] train_loss=0.2169, train_hard=0.6085, train_soft=0.1540, train_logit_mse=0.5801, train_feature_mse=0.0009, train_acc=0.8002, alpha_scalar=0.100, train_alpha_mean=0.100, val_acc=0.7483, val_macro_f1=0.5756, val_weighted_f1=0.7301, lr=0.000714, epoch_time=17.65s
[Epoch 016] train_loss=0.2135, train_hard=0.6062, train_soft=0.1507, train_logit_mse=0.5763, train_feature_mse=0.0009, train_acc=0.7980, alpha_scalar=0.100, train_alpha_mean=0.100, val_acc=0.7483, val_macro_f1=0.6019, val_weighted_f1=0.7385, lr=0.000702, epoch_time=17.49s
[Epoch 017] train_loss=0.2110, train_hard=0.6036, train_soft=0.1484, train_logit_mse=0.5707, train_feature_mse=0.0009, train_acc=0.8002, alpha_scalar=0.100, train_alpha_mean=0.100, val_acc=0.7630, val_macro_f1=0.6286, val_weighted_f1=0.7531, lr=0.000691, epoch_time=17.46s
  -> New best KD student saved to experiments/8__class_aware_adaptive_alpha/checkpoints/student_fixed_alpha_seed123.pt
[Epoch 018] train_loss=0.2069, train_hard=0.5956, train_soft=0.1449, train_logit_mse=0.5619, train_feature_mse=0.0008, train_acc=0.8071, alpha_scalar=0.100, train_alpha_mean=0.100, val_acc=0.7685, val_macro_f1=0.6159, val_weighted_f1=0.7588, lr=0.000678, epoch_time=17.50s
[Epoch 019] train_loss=0.2026, train_hard=0.5945, train_soft=0.1408, train_logit_mse=0.5474, train_feature_mse=0.0008, train_acc=0.8054, alpha_scalar=0.100, train_alpha_mean=0.100, val_acc=0.7648, val_macro_f1=0.6361, val_weighted_f1=0.7617, lr=0.000665, epoch_time=17.43s
  -> New best KD student saved to experiments/8__class_aware_adaptive_alpha/checkpoints/student_fixed_alpha_seed123.pt
[Epoch 020] train_loss=0.2027, train_hard=0.5898, train_soft=0.1414, train_logit_mse=0.5502, train_feature_mse=0.0008, train_acc=0.8092, alpha_scalar=0.100, train_alpha_mean=0.100, val_acc=0.7563, val_macro_f1=0.6100, val_weighted_f1=0.7411, lr=0.000651, epoch_time=17.57s
[Epoch 021] train_loss=0.1979, train_hard=0.5884, train_soft=0.1365, train_logit_mse=0.5397, train_feature_mse=0.0008, train_acc=0.8054, alpha_scalar=0.100, train_alpha_mean=0.100, val_acc=0.7349, val_macro_f1=0.5953, val_weighted_f1=0.7280, lr=0.000637, epoch_time=17.51s
[Epoch 022] train_loss=0.1933, train_hard=0.5808, train_soft=0.1327, train_logit_mse=0.5273, train_feature_mse=0.0008, train_acc=0.8094, alpha_scalar=0.100, train_alpha_mean=0.100, val_acc=0.7624, val_macro_f1=0.6422, val_weighted_f1=0.7628, lr=0.000623, epoch_time=17.61s
  -> New best KD student saved to experiments/8__class_aware_adaptive_alpha/checkpoints/student_fixed_alpha_seed123.pt
[Epoch 023] train_loss=0.1909, train_hard=0.5785, train_soft=0.1304, train_logit_mse=0.5239, train_feature_mse=0.0007, train_acc=0.8124, alpha_scalar=0.100, train_alpha_mean=0.100, val_acc=0.7569, val_macro_f1=0.6288, val_weighted_f1=0.7547, lr=0.000608, epoch_time=17.54s
[Epoch 024] train_loss=0.1907, train_hard=0.5801, train_soft=0.1301, train_logit_mse=0.5202, train_feature_mse=0.0007, train_acc=0.8118, alpha_scalar=0.100, train_alpha_mean=0.100, val_acc=0.7691, val_macro_f1=0.6306, val_weighted_f1=0.7579, lr=0.000592, epoch_time=17.53s
[Epoch 025] train_loss=0.1885, train_hard=0.5774, train_soft=0.1280, train_logit_mse=0.5211, train_feature_mse=0.0007, train_acc=0.8146, alpha_scalar=0.100, train_alpha_mean=0.100, val_acc=0.7563, val_macro_f1=0.6207, val_weighted_f1=0.7480, lr=0.000576, epoch_time=17.55s
[Epoch 026] train_loss=0.1836, train_hard=0.5736, train_soft=0.1234, train_logit_mse=0.5051, train_feature_mse=0.0007, train_acc=0.8149, alpha_scalar=0.100, train_alpha_mean=0.100, val_acc=0.7605, val_macro_f1=0.6119, val_weighted_f1=0.7456, lr=0.000560, epoch_time=17.50s
[Epoch 027] train_loss=0.1855, train_hard=0.5745, train_soft=0.1252, train_logit_mse=0.5101, train_feature_mse=0.0007, train_acc=0.8138, alpha_scalar=0.100, train_alpha_mean=0.100, val_acc=0.7465, val_macro_f1=0.6236, val_weighted_f1=0.7430, lr=0.000544, epoch_time=17.56s
[Epoch 028] train_loss=0.1798, train_hard=0.5669, train_soft=0.1202, train_logit_mse=0.4976, train_feature_mse=0.0007, train_acc=0.8138, alpha_scalar=0.100, train_alpha_mean=0.100, val_acc=0.7703, val_macro_f1=0.6406, val_weighted_f1=0.7626, lr=0.000527, epoch_time=17.53s
[Epoch 029] train_loss=0.1829, train_hard=0.5704, train_soft=0.1231, train_logit_mse=0.5031, train_feature_mse=0.0007, train_acc=0.8168, alpha_scalar=0.100, train_alpha_mean=0.100, val_acc=0.7508, val_macro_f1=0.6142, val_weighted_f1=0.7398, lr=0.000510, epoch_time=17.46s
[Epoch 030] train_loss=0.1797, train_hard=0.5673, train_soft=0.1200, train_logit_mse=0.4987, train_feature_mse=0.0007, train_acc=0.8132, alpha_scalar=0.100, train_alpha_mean=0.100, val_acc=0.7666, val_macro_f1=0.6343, val_weighted_f1=0.7569, lr=0.000493, epoch_time=17.51s
[Epoch 031] train_loss=0.1763, train_hard=0.5630, train_soft=0.1171, train_logit_mse=0.4890, train_feature_mse=0.0006, train_acc=0.8143, alpha_scalar=0.100, train_alpha_mean=0.100, val_acc=0.7599, val_macro_f1=0.6249, val_weighted_f1=0.7505, lr=0.000476, epoch_time=17.48s
[Epoch 032] train_loss=0.1771, train_hard=0.5634, train_soft=0.1177, train_logit_mse=0.4938, train_feature_mse=0.0006, train_acc=0.8171, alpha_scalar=0.100, train_alpha_mean=0.100, val_acc=0.7611, val_macro_f1=0.6304, val_weighted_f1=0.7516, lr=0.000458, epoch_time=17.67s
[Epoch 033] train_loss=0.1741, train_hard=0.5629, train_soft=0.1148, train_logit_mse=0.4850, train_feature_mse=0.0006, train_acc=0.8176, alpha_scalar=0.100, train_alpha_mean=0.100, val_acc=0.7483, val_macro_f1=0.6161, val_weighted_f1=0.7423, lr=0.000440, epoch_time=17.51s
[Epoch 034] train_loss=0.1735, train_hard=0.5604, train_soft=0.1144, train_logit_mse=0.4825, train_feature_mse=0.0006, train_acc=0.8171, alpha_scalar=0.100, train_alpha_mean=0.100, val_acc=0.7544, val_macro_f1=0.6157, val_weighted_f1=0.7447, lr=0.000423, epoch_time=17.40s
[Epoch 035] train_loss=0.1723, train_hard=0.5595, train_soft=0.1133, train_logit_mse=0.4789, train_feature_mse=0.0006, train_acc=0.8196, alpha_scalar=0.100, train_alpha_mean=0.100, val_acc=0.7618, val_macro_f1=0.6322, val_weighted_f1=0.7574, lr=0.000405, epoch_time=17.40s
[Epoch 036] train_loss=0.1679, train_hard=0.5501, train_soft=0.1095, train_logit_mse=0.4779, train_feature_mse=0.0006, train_acc=0.8240, alpha_scalar=0.100, train_alpha_mean=0.100, val_acc=0.7685, val_macro_f1=0.6305, val_weighted_f1=0.7591, lr=0.000387, epoch_time=17.45s
[Epoch 037] train_loss=0.1681, train_hard=0.5521, train_soft=0.1099, train_logit_mse=0.4683, train_feature_mse=0.0006, train_acc=0.8190, alpha_scalar=0.100, train_alpha_mean=0.100, val_acc=0.7618, val_macro_f1=0.6253, val_weighted_f1=0.7555, lr=0.000370, epoch_time=17.50s
Early stopping triggered.
Loaded best KD student checkpoint for final test evaluation.
Best validation macro-F1: 0.6422
Best epoch: 22
Time to best model: 387.63 seconds
Checkpoint size (MB): 0.177
Student size: medium
Teacher used: experiments/1__kd_vs_baseline/checkpoints/teacher_cnn_seed123.pt
Teacher arch: TeacherCNN
Teacher size: large
Checkpoint seed: 123
Alpha mode: fixed
Test accuracy (KD student): 0.7497
Test macro-F1 (KD student): 0.6124
Test weighted-F1 (KD student): 0.7502
Test classification report:
              precision    recall  f1-score   support

           0       0.75      0.71      0.73       184
           1       0.14      0.20      0.16        56
           2       0.74      0.58      0.65       256
           3       0.81      0.86      0.84       912
           4       0.70      0.66      0.68       242

    accuracy                           0.75      1650
   macro avg       0.63      0.60      0.61      1650
weighted avg       0.76      0.75      0.75      1650

Test confusion matrix:
[[131   5   7  37   4]
 [  3  11   2  34   6]
 [ 13   5 148  66  24]
 [ 24  38  30 787  33]
 [  4  20  12  46 160]]
Inference latency: 1.4994 ms/sample
