Using device: cuda
Seed: 999
Deterministic mode: True
Deterministic warn_only: True
KD hyperparameters: alpha_start=0.100, alpha_end=0.100, temperature=1.00, logit_mse_weight=0.030, feature_mse_weight=0.030, class_weight_gamma=0.00, sampler_power=0.35, label_smoothing=0.000, student_size=medium, alpha_mode=fixed, adaptive_alpha_min=0.050, adaptive_alpha_max=0.300
Training: batch_size=64, lr=0.0008, epochs=70, patience=15, weight_decay=0.002, grad_clip=1.0, num_workers=2, disable_augmentation=False, use_weighted_sampler=False
Teacher checkpoint path: experiments/1__kd_vs_baseline/checkpoints/teacher_cnn_seed999.pt
Student checkpoint path: experiments/8__class_aware_adaptive_alpha/checkpoints/student_fixed_alpha_seed999.pt
Training set size: 12957
Validation set size: 1637
Test set size: 1650
Number of leads: 12 classes: 5
Classes: ['CD' 'HYP' 'MI' 'NORM' 'STTC']
Trainable parameters (student): 12809
Total parameters (student): 12809
Estimated model size (MB): 0.051
Teacher pooled dim: 896
Student pooled dim: 28
Class weights: [1. 1. 1. 1. 1.]
Training sampler: standard shuffled loader
[Epoch 001] train_loss=0.8209, train_hard=1.0853, train_soft=0.7095, train_logit_mse=2.4313, train_feature_mse=0.0321, train_acc=0.6106, alpha_scalar=0.100, train_alpha_mean=0.100, val_acc=0.6805, val_macro_f1=0.4234, val_weighted_f1=0.6396, lr=0.000800, epoch_time=18.63s
  -> New best KD student saved to experiments/8__class_aware_adaptive_alpha/checkpoints/student_fixed_alpha_seed999.pt
[Epoch 002] train_loss=0.5794, train_hard=0.8504, train_soft=0.4896, train_logit_mse=1.7734, train_feature_mse=0.0204, train_acc=0.7118, alpha_scalar=0.100, train_alpha_mean=0.100, val_acc=0.7172, val_macro_f1=0.4876, val_weighted_f1=0.6835, lr=0.000798, epoch_time=17.69s
  -> New best KD student saved to experiments/8__class_aware_adaptive_alpha/checkpoints/student_fixed_alpha_seed999.pt
[Epoch 003] train_loss=0.4782, train_hard=0.7551, train_soft=0.3983, train_logit_mse=1.4593, train_feature_mse=0.0150, train_acc=0.7546, alpha_scalar=0.100, train_alpha_mean=0.100, val_acc=0.7398, val_macro_f1=0.5423, val_weighted_f1=0.7190, lr=0.000796, epoch_time=17.60s
  -> New best KD student saved to experiments/8__class_aware_adaptive_alpha/checkpoints/student_fixed_alpha_seed999.pt
[Epoch 004] train_loss=0.4298, train_hard=0.7129, train_soft=0.3551, train_logit_mse=1.2895, train_feature_mse=0.0079, train_acc=0.7686, alpha_scalar=0.100, train_alpha_mean=0.100, val_acc=0.7544, val_macro_f1=0.5519, val_weighted_f1=0.7285, lr=0.000794, epoch_time=17.51s
  -> New best KD student saved to experiments/8__class_aware_adaptive_alpha/checkpoints/student_fixed_alpha_seed999.pt
[Epoch 005] train_loss=0.4037, train_hard=0.6895, train_soft=0.3317, train_logit_mse=1.2050, train_feature_mse=0.0046, train_acc=0.7760, alpha_scalar=0.100, train_alpha_mean=0.100, val_acc=0.7495, val_macro_f1=0.5480, val_weighted_f1=0.7262, lr=0.000790, epoch_time=17.56s
[Epoch 006] train_loss=0.3834, train_hard=0.6780, train_soft=0.3125, train_logit_mse=1.1428, train_feature_mse=0.0028, train_acc=0.7781, alpha_scalar=0.100, train_alpha_mean=0.100, val_acc=0.7465, val_macro_f1=0.5418, val_weighted_f1=0.7211, lr=0.000786, epoch_time=17.46s
[Epoch 007] train_loss=0.3665, train_hard=0.6651, train_soft=0.2969, train_logit_mse=1.0922, train_feature_mse=0.0019, train_acc=0.7838, alpha_scalar=0.100, train_alpha_mean=0.100, val_acc=0.7605, val_macro_f1=0.5655, val_weighted_f1=0.7355, lr=0.000781, epoch_time=17.56s
  -> New best KD student saved to experiments/8__class_aware_adaptive_alpha/checkpoints/student_fixed_alpha_seed999.pt
[Epoch 008] train_loss=0.3481, train_hard=0.6429, train_soft=0.2809, train_logit_mse=1.0349, train_feature_mse=0.0015, train_acc=0.7929, alpha_scalar=0.100, train_alpha_mean=0.100, val_acc=0.7495, val_macro_f1=0.5669, val_weighted_f1=0.7263, lr=0.000775, epoch_time=17.58s
  -> New best KD student saved to experiments/8__class_aware_adaptive_alpha/checkpoints/student_fixed_alpha_seed999.pt
[Epoch 009] train_loss=0.3352, train_hard=0.6343, train_soft=0.2688, train_logit_mse=0.9953, train_feature_mse=0.0014, train_acc=0.7949, alpha_scalar=0.100, train_alpha_mean=0.100, val_acc=0.7636, val_macro_f1=0.5929, val_weighted_f1=0.7462, lr=0.000768, epoch_time=17.59s
  -> New best KD student saved to experiments/8__class_aware_adaptive_alpha/checkpoints/student_fixed_alpha_seed999.pt
[Epoch 010] train_loss=0.3277, train_hard=0.6279, train_soft=0.2617, train_logit_mse=0.9778, train_feature_mse=0.0013, train_acc=0.7908, alpha_scalar=0.100, train_alpha_mean=0.100, val_acc=0.7605, val_macro_f1=0.5831, val_weighted_f1=0.7423, lr=0.000761, epoch_time=17.56s
[Epoch 011] train_loss=0.3203, train_hard=0.6211, train_soft=0.2549, train_logit_mse=0.9591, train_feature_mse=0.0012, train_acc=0.7980, alpha_scalar=0.100, train_alpha_mean=0.100, val_acc=0.7666, val_macro_f1=0.5894, val_weighted_f1=0.7460, lr=0.000753, epoch_time=17.50s
[Epoch 012] train_loss=0.3145, train_hard=0.6153, train_soft=0.2495, train_logit_mse=0.9455, train_feature_mse=0.0012, train_acc=0.7989, alpha_scalar=0.100, train_alpha_mean=0.100, val_acc=0.7569, val_macro_f1=0.6021, val_weighted_f1=0.7472, lr=0.000744, epoch_time=17.51s
  -> New best KD student saved to experiments/8__class_aware_adaptive_alpha/checkpoints/student_fixed_alpha_seed999.pt
[Epoch 013] train_loss=0.3074, train_hard=0.6118, train_soft=0.2428, train_logit_mse=0.9242, train_feature_mse=0.0011, train_acc=0.8007, alpha_scalar=0.100, train_alpha_mean=0.100, val_acc=0.7611, val_macro_f1=0.5814, val_weighted_f1=0.7428, lr=0.000735, epoch_time=17.56s
[Epoch 014] train_loss=0.3015, train_hard=0.6078, train_soft=0.2374, train_logit_mse=0.9011, train_feature_mse=0.0011, train_acc=0.8002, alpha_scalar=0.100, train_alpha_mean=0.100, val_acc=0.7550, val_macro_f1=0.6079, val_weighted_f1=0.7467, lr=0.000725, epoch_time=17.60s
  -> New best KD student saved to experiments/8__class_aware_adaptive_alpha/checkpoints/student_fixed_alpha_seed999.pt
[Epoch 015] train_loss=0.2951, train_hard=0.5997, train_soft=0.2315, train_logit_mse=0.8912, train_feature_mse=0.0011, train_acc=0.8028, alpha_scalar=0.100, train_alpha_mean=0.100, val_acc=0.7428, val_macro_f1=0.5622, val_weighted_f1=0.7214, lr=0.000714, epoch_time=17.56s
[Epoch 016] train_loss=0.2906, train_hard=0.5937, train_soft=0.2276, train_logit_mse=0.8793, train_feature_mse=0.0010, train_acc=0.8029, alpha_scalar=0.100, train_alpha_mean=0.100, val_acc=0.7666, val_macro_f1=0.6149, val_weighted_f1=0.7567, lr=0.000702, epoch_time=17.54s
  -> New best KD student saved to experiments/8__class_aware_adaptive_alpha/checkpoints/student_fixed_alpha_seed999.pt
[Epoch 017] train_loss=0.2850, train_hard=0.5923, train_soft=0.2222, train_logit_mse=0.8623, train_feature_mse=0.0010, train_acc=0.8051, alpha_scalar=0.100, train_alpha_mean=0.100, val_acc=0.7593, val_macro_f1=0.6097, val_weighted_f1=0.7463, lr=0.000691, epoch_time=17.67s
[Epoch 018] train_loss=0.2799, train_hard=0.5851, train_soft=0.2178, train_logit_mse=0.8479, train_feature_mse=0.0010, train_acc=0.8074, alpha_scalar=0.100, train_alpha_mean=0.100, val_acc=0.7557, val_macro_f1=0.6141, val_weighted_f1=0.7513, lr=0.000678, epoch_time=17.47s
[Epoch 019] train_loss=0.2788, train_hard=0.5864, train_soft=0.2164, train_logit_mse=0.8455, train_feature_mse=0.0009, train_acc=0.8080, alpha_scalar=0.100, train_alpha_mean=0.100, val_acc=0.7477, val_macro_f1=0.6241, val_weighted_f1=0.7470, lr=0.000665, epoch_time=17.61s
  -> New best KD student saved to experiments/8__class_aware_adaptive_alpha/checkpoints/student_fixed_alpha_seed999.pt
[Epoch 020] train_loss=0.2752, train_hard=0.5828, train_soft=0.2133, train_logit_mse=0.8321, train_feature_mse=0.0009, train_acc=0.8075, alpha_scalar=0.100, train_alpha_mean=0.100, val_acc=0.7611, val_macro_f1=0.6357, val_weighted_f1=0.7602, lr=0.000651, epoch_time=17.61s
  -> New best KD student saved to experiments/8__class_aware_adaptive_alpha/checkpoints/student_fixed_alpha_seed999.pt
[Epoch 021] train_loss=0.2704, train_hard=0.5776, train_soft=0.2086, train_logit_mse=0.8295, train_feature_mse=0.0009, train_acc=0.8104, alpha_scalar=0.100, train_alpha_mean=0.100, val_acc=0.7465, val_macro_f1=0.6138, val_weighted_f1=0.7438, lr=0.000637, epoch_time=17.59s
[Epoch 022] train_loss=0.2684, train_hard=0.5778, train_soft=0.2070, train_logit_mse=0.8133, train_feature_mse=0.0009, train_acc=0.8112, alpha_scalar=0.100, train_alpha_mean=0.100, val_acc=0.7434, val_macro_f1=0.6152, val_weighted_f1=0.7399, lr=0.000623, epoch_time=17.50s
[Epoch 023] train_loss=0.2642, train_hard=0.5745, train_soft=0.2029, train_logit_mse=0.8021, train_feature_mse=0.0009, train_acc=0.8102, alpha_scalar=0.100, train_alpha_mean=0.100, val_acc=0.7544, val_macro_f1=0.6067, val_weighted_f1=0.7427, lr=0.000608, epoch_time=17.72s
[Epoch 024] train_loss=0.2594, train_hard=0.5662, train_soft=0.1986, train_logit_mse=0.8002, train_feature_mse=0.0009, train_acc=0.8159, alpha_scalar=0.100, train_alpha_mean=0.100, val_acc=0.7538, val_macro_f1=0.6272, val_weighted_f1=0.7504, lr=0.000592, epoch_time=17.50s
[Epoch 025] train_loss=0.2591, train_hard=0.5666, train_soft=0.1984, train_logit_mse=0.7958, train_feature_mse=0.0008, train_acc=0.8147, alpha_scalar=0.100, train_alpha_mean=0.100, val_acc=0.7398, val_macro_f1=0.6319, val_weighted_f1=0.7467, lr=0.000576, epoch_time=17.64s
[Epoch 026] train_loss=0.2560, train_hard=0.5658, train_soft=0.1954, train_logit_mse=0.7826, train_feature_mse=0.0008, train_acc=0.8138, alpha_scalar=0.100, train_alpha_mean=0.100, val_acc=0.7624, val_macro_f1=0.6296, val_weighted_f1=0.7560, lr=0.000560, epoch_time=17.54s
[Epoch 027] train_loss=0.2535, train_hard=0.5607, train_soft=0.1935, train_logit_mse=0.7765, train_feature_mse=0.0008, train_acc=0.8124, alpha_scalar=0.100, train_alpha_mean=0.100, val_acc=0.7709, val_macro_f1=0.6211, val_weighted_f1=0.7595, lr=0.000544, epoch_time=17.66s
[Epoch 028] train_loss=0.2491, train_hard=0.5609, train_soft=0.1890, train_logit_mse=0.7623, train_feature_mse=0.0008, train_acc=0.8142, alpha_scalar=0.100, train_alpha_mean=0.100, val_acc=0.7532, val_macro_f1=0.6194, val_weighted_f1=0.7453, lr=0.000527, epoch_time=17.66s
[Epoch 029] train_loss=0.2443, train_hard=0.5537, train_soft=0.1846, train_logit_mse=0.7586, train_feature_mse=0.0008, train_acc=0.8157, alpha_scalar=0.100, train_alpha_mean=0.100, val_acc=0.7599, val_macro_f1=0.6343, val_weighted_f1=0.7571, lr=0.000510, epoch_time=17.57s
[Epoch 030] train_loss=0.2463, train_hard=0.5549, train_soft=0.1868, train_logit_mse=0.7566, train_feature_mse=0.0008, train_acc=0.8165, alpha_scalar=0.100, train_alpha_mean=0.100, val_acc=0.7611, val_macro_f1=0.6398, val_weighted_f1=0.7602, lr=0.000493, epoch_time=17.54s
  -> New best KD student saved to experiments/8__class_aware_adaptive_alpha/checkpoints/student_fixed_alpha_seed999.pt
[Epoch 031] train_loss=0.2441, train_hard=0.5551, train_soft=0.1847, train_logit_mse=0.7441, train_feature_mse=0.0008, train_acc=0.8174, alpha_scalar=0.100, train_alpha_mean=0.100, val_acc=0.7416, val_macro_f1=0.6269, val_weighted_f1=0.7446, lr=0.000476, epoch_time=17.54s
[Epoch 032] train_loss=0.2405, train_hard=0.5486, train_soft=0.1815, train_logit_mse=0.7453, train_feature_mse=0.0008, train_acc=0.8199, alpha_scalar=0.100, train_alpha_mean=0.100, val_acc=0.7489, val_macro_f1=0.6309, val_weighted_f1=0.7464, lr=0.000458, epoch_time=17.56s
[Epoch 033] train_loss=0.2371, train_hard=0.5462, train_soft=0.1785, train_logit_mse=0.7284, train_feature_mse=0.0008, train_acc=0.8216, alpha_scalar=0.100, train_alpha_mean=0.100, val_acc=0.7587, val_macro_f1=0.6347, val_weighted_f1=0.7544, lr=0.000440, epoch_time=17.52s
[Epoch 034] train_loss=0.2360, train_hard=0.5453, train_soft=0.1772, train_logit_mse=0.7315, train_feature_mse=0.0008, train_acc=0.8191, alpha_scalar=0.100, train_alpha_mean=0.100, val_acc=0.7575, val_macro_f1=0.6255, val_weighted_f1=0.7504, lr=0.000423, epoch_time=17.57s
[Epoch 035] train_loss=0.2351, train_hard=0.5453, train_soft=0.1765, train_logit_mse=0.7252, train_feature_mse=0.0007, train_acc=0.8206, alpha_scalar=0.100, train_alpha_mean=0.100, val_acc=0.7666, val_macro_f1=0.6389, val_weighted_f1=0.7616, lr=0.000405, epoch_time=17.49s
[Epoch 036] train_loss=0.2310, train_hard=0.5387, train_soft=0.1727, train_logit_mse=0.7247, train_feature_mse=0.0007, train_acc=0.8233, alpha_scalar=0.100, train_alpha_mean=0.100, val_acc=0.7740, val_macro_f1=0.6451, val_weighted_f1=0.7676, lr=0.000387, epoch_time=17.49s
  -> New best KD student saved to experiments/8__class_aware_adaptive_alpha/checkpoints/student_fixed_alpha_seed999.pt
[Epoch 037] train_loss=0.2312, train_hard=0.5403, train_soft=0.1729, train_logit_mse=0.7189, train_feature_mse=0.0007, train_acc=0.8199, alpha_scalar=0.100, train_alpha_mean=0.100, val_acc=0.7691, val_macro_f1=0.6389, val_weighted_f1=0.7626, lr=0.000370, epoch_time=17.60s
[Epoch 038] train_loss=0.2281, train_hard=0.5376, train_soft=0.1699, train_logit_mse=0.7154, train_feature_mse=0.0007, train_acc=0.8216, alpha_scalar=0.100, train_alpha_mean=0.100, val_acc=0.7532, val_macro_f1=0.6280, val_weighted_f1=0.7493, lr=0.000352, epoch_time=17.56s
[Epoch 039] train_loss=0.2267, train_hard=0.5344, train_soft=0.1687, train_logit_mse=0.7148, train_feature_mse=0.0007, train_acc=0.8254, alpha_scalar=0.100, train_alpha_mean=0.100, val_acc=0.7648, val_macro_f1=0.6196, val_weighted_f1=0.7536, lr=0.000334, epoch_time=17.74s
[Epoch 040] train_loss=0.2264, train_hard=0.5370, train_soft=0.1681, train_logit_mse=0.7153, train_feature_mse=0.0007, train_acc=0.8252, alpha_scalar=0.100, train_alpha_mean=0.100, val_acc=0.7611, val_macro_f1=0.6382, val_weighted_f1=0.7579, lr=0.000317, epoch_time=17.60s
[Epoch 041] train_loss=0.2234, train_hard=0.5346, train_soft=0.1655, train_logit_mse=0.7006, train_feature_mse=0.0007, train_acc=0.8216, alpha_scalar=0.100, train_alpha_mean=0.100, val_acc=0.7526, val_macro_f1=0.6304, val_weighted_f1=0.7500, lr=0.000300, epoch_time=17.71s
[Epoch 042] train_loss=0.2249, train_hard=0.5331, train_soft=0.1670, train_logit_mse=0.7085, train_feature_mse=0.0007, train_acc=0.8216, alpha_scalar=0.100, train_alpha_mean=0.100, val_acc=0.7660, val_macro_f1=0.6507, val_weighted_f1=0.7648, lr=0.000283, epoch_time=17.58s
  -> New best KD student saved to experiments/8__class_aware_adaptive_alpha/checkpoints/student_fixed_alpha_seed999.pt
[Epoch 043] train_loss=0.2228, train_hard=0.5313, train_soft=0.1651, train_logit_mse=0.7028, train_feature_mse=0.0007, train_acc=0.8243, alpha_scalar=0.100, train_alpha_mean=0.100, val_acc=0.7514, val_macro_f1=0.6273, val_weighted_f1=0.7476, lr=0.000266, epoch_time=17.71s
[Epoch 044] train_loss=0.2205, train_hard=0.5281, train_soft=0.1632, train_logit_mse=0.6917, train_feature_mse=0.0007, train_acc=0.8246, alpha_scalar=0.100, train_alpha_mean=0.100, val_acc=0.7611, val_macro_f1=0.6337, val_weighted_f1=0.7571, lr=0.000250, epoch_time=17.65s
[Epoch 045] train_loss=0.2188, train_hard=0.5290, train_soft=0.1611, train_logit_mse=0.6966, train_feature_mse=0.0007, train_acc=0.8243, alpha_scalar=0.100, train_alpha_mean=0.100, val_acc=0.7636, val_macro_f1=0.6369, val_weighted_f1=0.7578, lr=0.000234, epoch_time=17.65s
[Epoch 046] train_loss=0.2160, train_hard=0.5244, train_soft=0.1589, train_logit_mse=0.6846, train_feature_mse=0.0007, train_acc=0.8270, alpha_scalar=0.100, train_alpha_mean=0.100, val_acc=0.7660, val_macro_f1=0.6407, val_weighted_f1=0.7619, lr=0.000218, epoch_time=17.63s
[Epoch 047] train_loss=0.2181, train_hard=0.5270, train_soft=0.1608, train_logit_mse=0.6920, train_feature_mse=0.0007, train_acc=0.8257, alpha_scalar=0.100, train_alpha_mean=0.100, val_acc=0.7679, val_macro_f1=0.6404, val_weighted_f1=0.7624, lr=0.000202, epoch_time=17.57s
[Epoch 048] train_loss=0.2137, train_hard=0.5229, train_soft=0.1568, train_logit_mse=0.6763, train_feature_mse=0.0007, train_acc=0.8273, alpha_scalar=0.100, train_alpha_mean=0.100, val_acc=0.7654, val_macro_f1=0.6369, val_weighted_f1=0.7602, lr=0.000187, epoch_time=17.62s
[Epoch 049] train_loss=0.2136, train_hard=0.5250, train_soft=0.1564, train_logit_mse=0.6766, train_feature_mse=0.0007, train_acc=0.8271, alpha_scalar=0.100, train_alpha_mean=0.100, val_acc=0.7618, val_macro_f1=0.6284, val_weighted_f1=0.7532, lr=0.000173, epoch_time=17.53s
[Epoch 050] train_loss=0.2130, train_hard=0.5214, train_soft=0.1560, train_logit_mse=0.6818, train_feature_mse=0.0007, train_acc=0.8308, alpha_scalar=0.100, train_alpha_mean=0.100, val_acc=0.7648, val_macro_f1=0.6430, val_weighted_f1=0.7617, lr=0.000159, epoch_time=17.73s
[Epoch 051] train_loss=0.2108, train_hard=0.5199, train_soft=0.1540, train_logit_mse=0.6732, train_feature_mse=0.0006, train_acc=0.8280, alpha_scalar=0.100, train_alpha_mean=0.100, val_acc=0.7489, val_macro_f1=0.6230, val_weighted_f1=0.7468, lr=0.000145, epoch_time=17.75s
[Epoch 052] train_loss=0.2119, train_hard=0.5195, train_soft=0.1553, train_logit_mse=0.6709, train_feature_mse=0.0006, train_acc=0.8312, alpha_scalar=0.100, train_alpha_mean=0.100, val_acc=0.7587, val_macro_f1=0.6322, val_weighted_f1=0.7539, lr=0.000132, epoch_time=17.55s
[Epoch 053] train_loss=0.2115, train_hard=0.5190, train_soft=0.1548, train_logit_mse=0.6736, train_feature_mse=0.0007, train_acc=0.8297, alpha_scalar=0.100, train_alpha_mean=0.100, val_acc=0.7532, val_macro_f1=0.6223, val_weighted_f1=0.7476, lr=0.000119, epoch_time=17.57s
[Epoch 054] train_loss=0.2108, train_hard=0.5201, train_soft=0.1542, train_logit_mse=0.6661, train_feature_mse=0.0006, train_acc=0.8284, alpha_scalar=0.100, train_alpha_mean=0.100, val_acc=0.7618, val_macro_f1=0.6340, val_weighted_f1=0.7572, lr=0.000108, epoch_time=17.56s
[Epoch 055] train_loss=0.2077, train_hard=0.5155, train_soft=0.1514, train_logit_mse=0.6610, train_feature_mse=0.0006, train_acc=0.8302, alpha_scalar=0.100, train_alpha_mean=0.100, val_acc=0.7581, val_macro_f1=0.6344, val_weighted_f1=0.7545, lr=0.000096, epoch_time=17.75s
[Epoch 056] train_loss=0.2091, train_hard=0.5206, train_soft=0.1523, train_logit_mse=0.6658, train_feature_mse=0.0006, train_acc=0.8302, alpha_scalar=0.100, train_alpha_mean=0.100, val_acc=0.7642, val_macro_f1=0.6354, val_weighted_f1=0.7595, lr=0.000085, epoch_time=17.61s
[Epoch 057] train_loss=0.2071, train_hard=0.5167, train_soft=0.1506, train_logit_mse=0.6626, train_feature_mse=0.0006, train_acc=0.8314, alpha_scalar=0.100, train_alpha_mean=0.100, val_acc=0.7605, val_macro_f1=0.6337, val_weighted_f1=0.7556, lr=0.000075, epoch_time=17.81s
Early stopping triggered.
Loaded best KD student checkpoint for final test evaluation.
Best validation macro-F1: 0.6507
Best epoch: 42
Time to best model: 749.32 seconds
Checkpoint size (MB): 0.177
Student size: medium
Teacher used: experiments/1__kd_vs_baseline/checkpoints/teacher_cnn_seed999.pt
Teacher arch: TeacherCNN
Teacher size: large
Checkpoint seed: 999
Alpha mode: fixed
Test accuracy (KD student): 0.7636
Test macro-F1 (KD student): 0.6264
Test weighted-F1 (KD student): 0.7639
Test classification report:
              precision    recall  f1-score   support

           0       0.83      0.66      0.74       184
           1       0.14      0.20      0.16        56
           2       0.81      0.59      0.68       256
           3       0.81      0.88      0.84       912
           4       0.72      0.70      0.71       242

    accuracy                           0.76      1650
   macro avg       0.66      0.61      0.63      1650
weighted avg       0.77      0.76      0.76      1650

Test confusion matrix:
[[122   5   7  44   6]
 [  3  11   2  34   6]
 [  5   1 150  74  26]
 [ 13  46  18 807  28]
 [  4  18   9  41 170]]
Inference latency: 1.4412 ms/sample
