[38;5;127mpython3[0m/[38;5;172m3.10.5[0m/[38;5;67mgcc-9.3.0[0m
 |
 [0;32mOK[0m
[38;5;127mgcc[0m/[38;5;172m9.3.0[0m
 |
 [0;32mOK[0m
===== EXPERIMENT 2: TEMPERATURE = 16 =====
Teacher checkpoints source: /users/40370279/csc4006/code/checkpoints/teacher
Student outputs directory : /users/40370279/csc4006/code/experiments/2__temperature_sweep
This job runs multiple seeds: 42, 123, 999
Job ID: 7991907
Host: gpu107.pri.kelvin2.alces.network
Start time: Sat Mar 28 15:56:43 GMT 2026

----- SEED 42 -----
Using device: cuda
Seed: 42
Deterministic mode: True
Deterministic warn_only: True
KD hyperparameters: alpha_start=0.100, alpha_end=0.100, temperature=16.00, logit_mse_weight=0.030, feature_mse_weight=0.030, class_weight_gamma=0.00, sampler_power=0.35, label_smoothing=0.000, student_size=medium
Training: batch_size=64, lr=0.0008, epochs=70, patience=15, weight_decay=0.002, grad_clip=1.0, num_workers=2, disable_augmentation=False, use_weighted_sampler=False
Teacher checkpoint path: checkpoints/teacher/teacher_cnn_seed42.pt
Student checkpoint path: /users/40370279/csc4006/code/experiments/2__temperature_sweep/checkpoints/student_T16_seed42.pt
Training set size: 12957
Validation set size: 1637
Test set size: 1650
Number of leads: 12 classes: 5
Classes: ['CD' 'HYP' 'MI' 'NORM' 'STTC']
Trainable parameters (student): 12809
Total parameters (student): 12809
Estimated model size (MB): 0.051
Teacher pooled dim: 896
Student pooled dim: 28
Class weights: [1. 1. 1. 1. 1.]
Training sampler: standard shuffled loader
[Epoch 001] train_loss=1.0360, train_hard=1.1263, train_soft=0.9642, train_logit_mse=1.8222, train_feature_mse=0.0315, train_acc=0.5853, alpha=0.100, val_acc=0.6909, val_macro_f1=0.4575, val_weighted_f1=0.6522, lr=0.000800, epoch_time=19.24s
  -> New best KD student saved to /users/40370279/csc4006/code/experiments/2__temperature_sweep/checkpoints/student_T16_seed42.pt
[Epoch 002] train_loss=0.6459, train_hard=0.8481, train_soft=0.5857, train_logit_mse=1.1135, train_feature_mse=0.0185, train_acc=0.7110, alpha=0.100, val_acc=0.7159, val_macro_f1=0.4879, val_weighted_f1=0.6762, lr=0.000798, epoch_time=17.96s
  -> New best KD student saved to /users/40370279/csc4006/code/experiments/2__temperature_sweep/checkpoints/student_T16_seed42.pt
[Epoch 003] train_loss=0.5022, train_hard=0.7552, train_soft=0.4453, train_logit_mse=0.8522, train_feature_mse=0.0110, train_acc=0.7519, alpha=0.100, val_acc=0.7355, val_macro_f1=0.5270, val_weighted_f1=0.7092, lr=0.000796, epoch_time=18.07s
  -> New best KD student saved to /users/40370279/csc4006/code/experiments/2__temperature_sweep/checkpoints/student_T16_seed42.pt
[Epoch 004] train_loss=0.4294, train_hard=0.7082, train_soft=0.3742, train_logit_mse=0.7182, train_feature_mse=0.0069, train_acc=0.7643, alpha=0.100, val_acc=0.7434, val_macro_f1=0.5362, val_weighted_f1=0.7174, lr=0.000794, epoch_time=17.92s
  -> New best KD student saved to /users/40370279/csc4006/code/experiments/2__temperature_sweep/checkpoints/student_T16_seed42.pt
[Epoch 005] train_loss=0.3899, train_hard=0.6846, train_soft=0.3355, train_logit_mse=0.6441, train_feature_mse=0.0046, train_acc=0.7728, alpha=0.100, val_acc=0.7557, val_macro_f1=0.5587, val_weighted_f1=0.7336, lr=0.000790, epoch_time=18.02s
  -> New best KD student saved to /users/40370279/csc4006/code/experiments/2__temperature_sweep/checkpoints/student_T16_seed42.pt
[Epoch 006] train_loss=0.3683, train_hard=0.6766, train_soft=0.3138, train_logit_mse=0.6023, train_feature_mse=0.0029, train_acc=0.7756, alpha=0.100, val_acc=0.7288, val_macro_f1=0.5093, val_weighted_f1=0.6910, lr=0.000786, epoch_time=18.06s
[Epoch 007] train_loss=0.3432, train_hard=0.6584, train_soft=0.2896, train_logit_mse=0.5563, train_feature_mse=0.0017, train_acc=0.7831, alpha=0.100, val_acc=0.7660, val_macro_f1=0.5718, val_weighted_f1=0.7453, lr=0.000781, epoch_time=18.08s
  -> New best KD student saved to /users/40370279/csc4006/code/experiments/2__temperature_sweep/checkpoints/student_T16_seed42.pt
[Epoch 008] train_loss=0.3343, train_hard=0.6516, train_soft=0.2810, train_logit_mse=0.5389, train_feature_mse=0.0013, train_acc=0.7814, alpha=0.100, val_acc=0.7502, val_macro_f1=0.5447, val_weighted_f1=0.7191, lr=0.000775, epoch_time=18.12s
[Epoch 009] train_loss=0.3170, train_hard=0.6364, train_soft=0.2646, train_logit_mse=0.5078, train_feature_mse=0.0011, train_acc=0.7905, alpha=0.100, val_acc=0.7685, val_macro_f1=0.5774, val_weighted_f1=0.7489, lr=0.000768, epoch_time=17.99s
  -> New best KD student saved to /users/40370279/csc4006/code/experiments/2__temperature_sweep/checkpoints/student_T16_seed42.pt
[Epoch 010] train_loss=0.3054, train_hard=0.6335, train_soft=0.2527, train_logit_mse=0.4851, train_feature_mse=0.0010, train_acc=0.7915, alpha=0.100, val_acc=0.7709, val_macro_f1=0.5757, val_weighted_f1=0.7498, lr=0.000761, epoch_time=18.04s
[Epoch 011] train_loss=0.2975, train_hard=0.6298, train_soft=0.2448, train_logit_mse=0.4699, train_feature_mse=0.0009, train_acc=0.7920, alpha=0.100, val_acc=0.7691, val_macro_f1=0.5711, val_weighted_f1=0.7468, lr=0.000753, epoch_time=18.04s
[Epoch 012] train_loss=0.2863, train_hard=0.6191, train_soft=0.2343, train_logit_mse=0.4497, train_feature_mse=0.0009, train_acc=0.7959, alpha=0.100, val_acc=0.7734, val_macro_f1=0.5815, val_weighted_f1=0.7512, lr=0.000744, epoch_time=18.08s
  -> New best KD student saved to /users/40370279/csc4006/code/experiments/2__temperature_sweep/checkpoints/student_T16_seed42.pt
[Epoch 013] train_loss=0.2833, train_hard=0.6152, train_soft=0.2315, train_logit_mse=0.4443, train_feature_mse=0.0008, train_acc=0.7953, alpha=0.100, val_acc=0.7691, val_macro_f1=0.5740, val_weighted_f1=0.7470, lr=0.000735, epoch_time=18.05s
[Epoch 014] train_loss=0.2777, train_hard=0.6126, train_soft=0.2260, train_logit_mse=0.4340, train_feature_mse=0.0008, train_acc=0.7965, alpha=0.100, val_acc=0.7691, val_macro_f1=0.5825, val_weighted_f1=0.7481, lr=0.000725, epoch_time=18.05s
  -> New best KD student saved to /users/40370279/csc4006/code/experiments/2__temperature_sweep/checkpoints/student_T16_seed42.pt
[Epoch 015] train_loss=0.2731, train_hard=0.6116, train_soft=0.2213, train_logit_mse=0.4250, train_feature_mse=0.0008, train_acc=0.7965, alpha=0.100, val_acc=0.7532, val_macro_f1=0.5481, val_weighted_f1=0.7250, lr=0.000714, epoch_time=17.98s
[Epoch 016] train_loss=0.2660, train_hard=0.6007, train_soft=0.2150, train_logit_mse=0.4129, train_feature_mse=0.0007, train_acc=0.8027, alpha=0.100, val_acc=0.7605, val_macro_f1=0.5647, val_weighted_f1=0.7365, lr=0.000702, epoch_time=17.92s
[Epoch 017] train_loss=0.2631, train_hard=0.6088, train_soft=0.2111, train_logit_mse=0.4055, train_feature_mse=0.0007, train_acc=0.7957, alpha=0.100, val_acc=0.7636, val_macro_f1=0.5700, val_weighted_f1=0.7406, lr=0.000691, epoch_time=18.10s
[Epoch 018] train_loss=0.2564, train_hard=0.5969, train_soft=0.2053, train_logit_mse=0.3945, train_feature_mse=0.0007, train_acc=0.8013, alpha=0.100, val_acc=0.7605, val_macro_f1=0.5641, val_weighted_f1=0.7361, lr=0.000678, epoch_time=18.00s
[Epoch 019] train_loss=0.2545, train_hard=0.5964, train_soft=0.2034, train_logit_mse=0.3910, train_feature_mse=0.0007, train_acc=0.8029, alpha=0.100, val_acc=0.7691, val_macro_f1=0.5823, val_weighted_f1=0.7484, lr=0.000665, epoch_time=18.07s
[Epoch 020] train_loss=0.2521, train_hard=0.5954, train_soft=0.2011, train_logit_mse=0.3862, train_feature_mse=0.0007, train_acc=0.8038, alpha=0.100, val_acc=0.7636, val_macro_f1=0.5841, val_weighted_f1=0.7422, lr=0.000651, epoch_time=18.12s
  -> New best KD student saved to /users/40370279/csc4006/code/experiments/2__temperature_sweep/checkpoints/student_T16_seed42.pt
[Epoch 021] train_loss=0.2479, train_hard=0.5914, train_soft=0.1971, train_logit_mse=0.3787, train_feature_mse=0.0006, train_acc=0.8028, alpha=0.100, val_acc=0.7624, val_macro_f1=0.5827, val_weighted_f1=0.7410, lr=0.000637, epoch_time=17.96s
[Epoch 022] train_loss=0.2427, train_hard=0.5864, train_soft=0.1922, train_logit_mse=0.3695, train_feature_mse=0.0006, train_acc=0.8065, alpha=0.100, val_acc=0.7691, val_macro_f1=0.5751, val_weighted_f1=0.7455, lr=0.000623, epoch_time=18.11s
[Epoch 023] train_loss=0.2374, train_hard=0.5821, train_soft=0.1871, train_logit_mse=0.3598, train_feature_mse=0.0006, train_acc=0.8061, alpha=0.100, val_acc=0.7648, val_macro_f1=0.5730, val_weighted_f1=0.7413, lr=0.000608, epoch_time=18.04s
[Epoch 024] train_loss=0.2376, train_hard=0.5875, train_soft=0.1868, train_logit_mse=0.3596, train_feature_mse=0.0006, train_acc=0.8044, alpha=0.100, val_acc=0.7636, val_macro_f1=0.6005, val_weighted_f1=0.7464, lr=0.000592, epoch_time=18.03s
  -> New best KD student saved to /users/40370279/csc4006/code/experiments/2__temperature_sweep/checkpoints/student_T16_seed42.pt
[Epoch 025] train_loss=0.2384, train_hard=0.5830, train_soft=0.1880, train_logit_mse=0.3615, train_feature_mse=0.0006, train_acc=0.8053, alpha=0.100, val_acc=0.7685, val_macro_f1=0.5931, val_weighted_f1=0.7488, lr=0.000576, epoch_time=17.97s
[Epoch 026] train_loss=0.2307, train_hard=0.5772, train_soft=0.1807, train_logit_mse=0.3475, train_feature_mse=0.0006, train_acc=0.8092, alpha=0.100, val_acc=0.7630, val_macro_f1=0.5767, val_weighted_f1=0.7418, lr=0.000560, epoch_time=18.02s
[Epoch 027] train_loss=0.2334, train_hard=0.5805, train_soft=0.1831, train_logit_mse=0.3521, train_feature_mse=0.0006, train_acc=0.8077, alpha=0.100, val_acc=0.7703, val_macro_f1=0.6101, val_weighted_f1=0.7546, lr=0.000544, epoch_time=17.97s
  -> New best KD student saved to /users/40370279/csc4006/code/experiments/2__temperature_sweep/checkpoints/student_T16_seed42.pt
[Epoch 028] train_loss=0.2276, train_hard=0.5768, train_soft=0.1774, train_logit_mse=0.3413, train_feature_mse=0.0006, train_acc=0.8085, alpha=0.100, val_acc=0.7660, val_macro_f1=0.5880, val_weighted_f1=0.7436, lr=0.000527, epoch_time=17.98s
[Epoch 029] train_loss=0.2287, train_hard=0.5800, train_soft=0.1782, train_logit_mse=0.3427, train_feature_mse=0.0006, train_acc=0.8071, alpha=0.100, val_acc=0.7660, val_macro_f1=0.5977, val_weighted_f1=0.7474, lr=0.000510, epoch_time=18.10s
[Epoch 030] train_loss=0.2279, train_hard=0.5783, train_soft=0.1775, train_logit_mse=0.3414, train_feature_mse=0.0006, train_acc=0.8098, alpha=0.100, val_acc=0.7642, val_macro_f1=0.5856, val_weighted_f1=0.7439, lr=0.000493, epoch_time=17.96s
[Epoch 031] train_loss=0.2277, train_hard=0.5781, train_soft=0.1774, train_logit_mse=0.3406, train_feature_mse=0.0006, train_acc=0.8110, alpha=0.100, val_acc=0.7770, val_macro_f1=0.6079, val_weighted_f1=0.7609, lr=0.000476, epoch_time=18.02s
[Epoch 032] train_loss=0.2232, train_hard=0.5694, train_soft=0.1736, train_logit_mse=0.3340, train_feature_mse=0.0005, train_acc=0.8098, alpha=0.100, val_acc=0.7703, val_macro_f1=0.5959, val_weighted_f1=0.7517, lr=0.000458, epoch_time=18.02s
[Epoch 033] train_loss=0.2204, train_hard=0.5705, train_soft=0.1706, train_logit_mse=0.3281, train_feature_mse=0.0005, train_acc=0.8120, alpha=0.100, val_acc=0.7611, val_macro_f1=0.5768, val_weighted_f1=0.7378, lr=0.000440, epoch_time=18.13s
[Epoch 034] train_loss=0.2201, train_hard=0.5645, train_soft=0.1708, train_logit_mse=0.3287, train_feature_mse=0.0005, train_acc=0.8120, alpha=0.100, val_acc=0.7746, val_macro_f1=0.5980, val_weighted_f1=0.7553, lr=0.000423, epoch_time=18.06s
[Epoch 035] train_loss=0.2192, train_hard=0.5663, train_soft=0.1697, train_logit_mse=0.3268, train_feature_mse=0.0005, train_acc=0.8121, alpha=0.100, val_acc=0.7721, val_macro_f1=0.5964, val_weighted_f1=0.7537, lr=0.000405, epoch_time=17.91s
[Epoch 036] train_loss=0.2198, train_hard=0.5682, train_soft=0.1701, train_logit_mse=0.3272, train_feature_mse=0.0005, train_acc=0.8127, alpha=0.100, val_acc=0.7581, val_macro_f1=0.5730, val_weighted_f1=0.7325, lr=0.000387, epoch_time=17.97s
[Epoch 037] train_loss=0.2155, train_hard=0.5610, train_soft=0.1664, train_logit_mse=0.3203, train_feature_mse=0.0005, train_acc=0.8142, alpha=0.100, val_acc=0.7630, val_macro_f1=0.5896, val_weighted_f1=0.7442, lr=0.000370, epoch_time=18.13s
[Epoch 038] train_loss=0.2127, train_hard=0.5618, train_soft=0.1634, train_logit_mse=0.3144, train_feature_mse=0.0005, train_acc=0.8152, alpha=0.100, val_acc=0.7685, val_macro_f1=0.5904, val_weighted_f1=0.7459, lr=0.000352, epoch_time=18.01s
[Epoch 039] train_loss=0.2130, train_hard=0.5619, train_soft=0.1637, train_logit_mse=0.3153, train_feature_mse=0.0005, train_acc=0.8148, alpha=0.100, val_acc=0.7697, val_macro_f1=0.5921, val_weighted_f1=0.7522, lr=0.000334, epoch_time=18.06s
[Epoch 040] train_loss=0.2116, train_hard=0.5604, train_soft=0.1624, train_logit_mse=0.3128, train_feature_mse=0.0005, train_acc=0.8153, alpha=0.100, val_acc=0.7807, val_macro_f1=0.6140, val_weighted_f1=0.7648, lr=0.000317, epoch_time=18.00s
  -> New best KD student saved to /users/40370279/csc4006/code/experiments/2__temperature_sweep/checkpoints/student_T16_seed42.pt
[Epoch 041] train_loss=0.2096, train_hard=0.5612, train_soft=0.1602, train_logit_mse=0.3085, train_feature_mse=0.0005, train_acc=0.8131, alpha=0.100, val_acc=0.7666, val_macro_f1=0.5930, val_weighted_f1=0.7476, lr=0.000300, epoch_time=18.09s
[Epoch 042] train_loss=0.2074, train_hard=0.5540, train_soft=0.1587, train_logit_mse=0.3057, train_feature_mse=0.0005, train_acc=0.8148, alpha=0.100, val_acc=0.7703, val_macro_f1=0.5895, val_weighted_f1=0.7495, lr=0.000283, epoch_time=17.97s
[Epoch 043] train_loss=0.2080, train_hard=0.5556, train_soft=0.1591, train_logit_mse=0.3062, train_feature_mse=0.0005, train_acc=0.8151, alpha=0.100, val_acc=0.7758, val_macro_f1=0.6072, val_weighted_f1=0.7595, lr=0.000266, epoch_time=18.03s
[Epoch 044] train_loss=0.2062, train_hard=0.5548, train_soft=0.1573, train_logit_mse=0.3030, train_feature_mse=0.0005, train_acc=0.8171, alpha=0.100, val_acc=0.7691, val_macro_f1=0.5989, val_weighted_f1=0.7489, lr=0.000250, epoch_time=18.11s
[Epoch 045] train_loss=0.2055, train_hard=0.5559, train_soft=0.1565, train_logit_mse=0.3017, train_feature_mse=0.0005, train_acc=0.8160, alpha=0.100, val_acc=0.7795, val_macro_f1=0.6080, val_weighted_f1=0.7628, lr=0.000234, epoch_time=17.98s
[Epoch 046] train_loss=0.2068, train_hard=0.5562, train_soft=0.1578, train_logit_mse=0.3038, train_feature_mse=0.0005, train_acc=0.8152, alpha=0.100, val_acc=0.7752, val_macro_f1=0.6239, val_weighted_f1=0.7616, lr=0.000218, epoch_time=18.03s
  -> New best KD student saved to /users/40370279/csc4006/code/experiments/2__temperature_sweep/checkpoints/student_T16_seed42.pt
[Epoch 047] train_loss=0.2046, train_hard=0.5543, train_soft=0.1558, train_logit_mse=0.2999, train_feature_mse=0.0005, train_acc=0.8153, alpha=0.100, val_acc=0.7734, val_macro_f1=0.6009, val_weighted_f1=0.7562, lr=0.000202, epoch_time=18.09s
[Epoch 048] train_loss=0.2055, train_hard=0.5569, train_soft=0.1564, train_logit_mse=0.3013, train_feature_mse=0.0005, train_acc=0.8153, alpha=0.100, val_acc=0.7789, val_macro_f1=0.6202, val_weighted_f1=0.7637, lr=0.000187, epoch_time=17.84s
[Epoch 049] train_loss=0.2054, train_hard=0.5537, train_soft=0.1566, train_logit_mse=0.3017, train_feature_mse=0.0005, train_acc=0.8159, alpha=0.100, val_acc=0.7789, val_macro_f1=0.6184, val_weighted_f1=0.7635, lr=0.000173, epoch_time=18.07s
[Epoch 050] train_loss=0.2000, train_hard=0.5480, train_soft=0.1516, train_logit_mse=0.2919, train_feature_mse=0.0005, train_acc=0.8200, alpha=0.100, val_acc=0.7740, val_macro_f1=0.6196, val_weighted_f1=0.7593, lr=0.000159, epoch_time=18.04s
[Epoch 051] train_loss=0.2027, train_hard=0.5541, train_soft=0.1537, train_logit_mse=0.2960, train_feature_mse=0.0005, train_acc=0.8201, alpha=0.100, val_acc=0.7679, val_macro_f1=0.6057, val_weighted_f1=0.7507, lr=0.000145, epoch_time=18.23s
[Epoch 052] train_loss=0.2018, train_hard=0.5521, train_soft=0.1530, train_logit_mse=0.2949, train_feature_mse=0.0005, train_acc=0.8167, alpha=0.100, val_acc=0.7758, val_macro_f1=0.6240, val_weighted_f1=0.7612, lr=0.000132, epoch_time=18.01s
  -> New best KD student saved to /users/40370279/csc4006/code/experiments/2__temperature_sweep/checkpoints/student_T16_seed42.pt
[Epoch 053] train_loss=0.2025, train_hard=0.5515, train_soft=0.1538, train_logit_mse=0.2964, train_feature_mse=0.0005, train_acc=0.8199, alpha=0.100, val_acc=0.7764, val_macro_f1=0.6234, val_weighted_f1=0.7618, lr=0.000119, epoch_time=18.08s
[Epoch 054] train_loss=0.2016, train_hard=0.5559, train_soft=0.1525, train_logit_mse=0.2938, train_feature_mse=0.0005, train_acc=0.8172, alpha=0.100, val_acc=0.7740, val_macro_f1=0.6173, val_weighted_f1=0.7579, lr=0.000108, epoch_time=18.07s
[Epoch 055] train_loss=0.2001, train_hard=0.5498, train_soft=0.1515, train_logit_mse=0.2919, train_feature_mse=0.0005, train_acc=0.8188, alpha=0.100, val_acc=0.7758, val_macro_f1=0.6234, val_weighted_f1=0.7610, lr=0.000096, epoch_time=18.01s
[Epoch 056] train_loss=0.2003, train_hard=0.5482, train_soft=0.1518, train_logit_mse=0.2927, train_feature_mse=0.0005, train_acc=0.8162, alpha=0.100, val_acc=0.7660, val_macro_f1=0.6078, val_weighted_f1=0.7490, lr=0.000085, epoch_time=17.97s
[Epoch 057] train_loss=0.1977, train_hard=0.5492, train_soft=0.1490, train_logit_mse=0.2872, train_feature_mse=0.0005, train_acc=0.8179, alpha=0.100, val_acc=0.7703, val_macro_f1=0.6147, val_weighted_f1=0.7542, lr=0.000075, epoch_time=17.97s
[Epoch 058] train_loss=0.1995, train_hard=0.5514, train_soft=0.1507, train_logit_mse=0.2904, train_feature_mse=0.0005, train_acc=0.8165, alpha=0.100, val_acc=0.7758, val_macro_f1=0.6057, val_weighted_f1=0.7584, lr=0.000066, epoch_time=17.99s
[Epoch 059] train_loss=0.1976, train_hard=0.5491, train_soft=0.1489, train_logit_mse=0.2871, train_feature_mse=0.0005, train_acc=0.8186, alpha=0.100, val_acc=0.7728, val_macro_f1=0.6162, val_weighted_f1=0.7571, lr=0.000057, epoch_time=17.98s
[Epoch 060] train_loss=0.1975, train_hard=0.5471, train_soft=0.1490, train_logit_mse=0.2871, train_feature_mse=0.0005, train_acc=0.8208, alpha=0.100, val_acc=0.7679, val_macro_f1=0.6030, val_weighted_f1=0.7499, lr=0.000049, epoch_time=18.03s
[Epoch 061] train_loss=0.1950, train_hard=0.5455, train_soft=0.1466, train_logit_mse=0.2826, train_feature_mse=0.0005, train_acc=0.8189, alpha=0.100, val_acc=0.7691, val_macro_f1=0.6071, val_weighted_f1=0.7517, lr=0.000042, epoch_time=17.99s
[Epoch 062] train_loss=0.1987, train_hard=0.5496, train_soft=0.1500, train_logit_mse=0.2892, train_feature_mse=0.0005, train_acc=0.8207, alpha=0.100, val_acc=0.7721, val_macro_f1=0.6179, val_weighted_f1=0.7568, lr=0.000035, epoch_time=17.91s
[Epoch 063] train_loss=0.1962, train_hard=0.5471, train_soft=0.1477, train_logit_mse=0.2848, train_feature_mse=0.0005, train_acc=0.8199, alpha=0.100, val_acc=0.7666, val_macro_f1=0.6013, val_weighted_f1=0.7486, lr=0.000029, epoch_time=18.07s
[Epoch 064] train_loss=0.1964, train_hard=0.5476, train_soft=0.1478, train_logit_mse=0.2849, train_feature_mse=0.0004, train_acc=0.8171, alpha=0.100, val_acc=0.7740, val_macro_f1=0.6101, val_weighted_f1=0.7574, lr=0.000024, epoch_time=17.99s
[Epoch 065] train_loss=0.1971, train_hard=0.5481, train_soft=0.1486, train_logit_mse=0.2861, train_feature_mse=0.0005, train_acc=0.8162, alpha=0.100, val_acc=0.7654, val_macro_f1=0.6025, val_weighted_f1=0.7472, lr=0.000020, epoch_time=17.94s
[Epoch 066] train_loss=0.1948, train_hard=0.5482, train_soft=0.1461, train_logit_mse=0.2817, train_feature_mse=0.0005, train_acc=0.8207, alpha=0.100, val_acc=0.7746, val_macro_f1=0.6115, val_weighted_f1=0.7583, lr=0.000016, epoch_time=17.97s
[Epoch 067] train_loss=0.1938, train_hard=0.5446, train_soft=0.1454, train_logit_mse=0.2804, train_feature_mse=0.0004, train_acc=0.8196, alpha=0.100, val_acc=0.7703, val_macro_f1=0.6130, val_weighted_f1=0.7546, lr=0.000014, epoch_time=18.00s
Early stopping triggered.
Loaded best KD student checkpoint for final test evaluation.
Best validation macro-F1: 0.6240
Best epoch: 52
Time to best model: 940.70 seconds
Checkpoint size (MB): 0.174
Student size: medium
Teacher used: checkpoints/teacher/teacher_cnn_seed42.pt
Teacher arch: TeacherCNN
Teacher size: large
Checkpoint seed: 42
Test accuracy (KD student): 0.7715
Test macro-F1 (KD student): 0.6085
Test weighted-F1 (KD student): 0.7563
Test classification report:
              precision    recall  f1-score   support

           0       0.79      0.66      0.72       184
           1       0.22      0.12      0.16        56
           2       0.83      0.50      0.62       256
           3       0.78      0.95      0.86       912
           4       0.73      0.64      0.68       242

    accuracy                           0.77      1650
   macro avg       0.67      0.57      0.61      1650
weighted avg       0.76      0.77      0.76      1650

Test confusion matrix:
[[122   2   4  50   6]
 [  2   7   1  41   5]
 [ 16   1 128  86  25]
 [ 10  10  10 862  20]
 [  4  12  12  60 154]]
Inference latency: 1.7937 ms/sample
Parsed metrics for seed 42:
  Accuracy    = 0.7715
  Macro-F1    = 0.6085
  Weighted-F1 = 0.7563

----- SEED 123 -----
Using device: cuda
Seed: 123
Deterministic mode: True
Deterministic warn_only: True
KD hyperparameters: alpha_start=0.100, alpha_end=0.100, temperature=16.00, logit_mse_weight=0.030, feature_mse_weight=0.030, class_weight_gamma=0.00, sampler_power=0.35, label_smoothing=0.000, student_size=medium
Training: batch_size=64, lr=0.0008, epochs=70, patience=15, weight_decay=0.002, grad_clip=1.0, num_workers=2, disable_augmentation=False, use_weighted_sampler=False
Teacher checkpoint path: checkpoints/teacher/teacher_cnn_seed123.pt
Student checkpoint path: /users/40370279/csc4006/code/experiments/2__temperature_sweep/checkpoints/student_T16_seed123.pt
Training set size: 12957
Validation set size: 1637
Test set size: 1650
Number of leads: 12 classes: 5
Classes: ['CD' 'HYP' 'MI' 'NORM' 'STTC']
Trainable parameters (student): 12809
Total parameters (student): 12809
Estimated model size (MB): 0.051
Teacher pooled dim: 896
Student pooled dim: 28
Class weights: [1. 1. 1. 1. 1.]
Training sampler: standard shuffled loader
[Epoch 001] train_loss=1.0570, train_hard=1.1161, train_soft=0.9875, train_logit_mse=1.8576, train_feature_mse=0.0284, train_acc=0.6035, alpha=0.100, val_acc=0.6402, val_macro_f1=0.3093, val_weighted_f1=0.5576, lr=0.000800, epoch_time=19.09s
  -> New best KD student saved to /users/40370279/csc4006/code/experiments/2__temperature_sweep/checkpoints/student_T16_seed123.pt
[Epoch 002] train_loss=0.7030, train_hard=0.8523, train_soft=0.6451, train_logit_mse=1.2211, train_feature_mse=0.0182, train_acc=0.7099, alpha=0.100, val_acc=0.7202, val_macro_f1=0.4903, val_weighted_f1=0.6817, lr=0.000798, epoch_time=18.08s
  -> New best KD student saved to /users/40370279/csc4006/code/experiments/2__temperature_sweep/checkpoints/student_T16_seed123.pt
[Epoch 003] train_loss=0.5319, train_hard=0.7483, train_soft=0.4771, train_logit_mse=0.9100, train_feature_mse=0.0137, train_acc=0.7554, alpha=0.100, val_acc=0.7337, val_macro_f1=0.5188, val_weighted_f1=0.7010, lr=0.000796, epoch_time=17.86s
  -> New best KD student saved to /users/40370279/csc4006/code/experiments/2__temperature_sweep/checkpoints/student_T16_seed123.pt
[Epoch 004] train_loss=0.4679, train_hard=0.7140, train_soft=0.4139, train_logit_mse=0.7904, train_feature_mse=0.0091, train_acc=0.7648, alpha=0.100, val_acc=0.7269, val_macro_f1=0.5024, val_weighted_f1=0.6856, lr=0.000794, epoch_time=17.96s
[Epoch 005] train_loss=0.4234, train_hard=0.6891, train_soft=0.3702, train_logit_mse=0.7074, train_feature_mse=0.0054, train_acc=0.7709, alpha=0.100, val_acc=0.7379, val_macro_f1=0.5287, val_weighted_f1=0.7059, lr=0.000790, epoch_time=18.02s
  -> New best KD student saved to /users/40370279/csc4006/code/experiments/2__temperature_sweep/checkpoints/student_T16_seed123.pt
[Epoch 006] train_loss=0.3998, train_hard=0.6711, train_soft=0.3474, train_logit_mse=0.6635, train_feature_mse=0.0034, train_acc=0.7790, alpha=0.100, val_acc=0.7349, val_macro_f1=0.5571, val_weighted_f1=0.7128, lr=0.000786, epoch_time=17.91s
  -> New best KD student saved to /users/40370279/csc4006/code/experiments/2__temperature_sweep/checkpoints/student_T16_seed123.pt
[Epoch 007] train_loss=0.3758, train_hard=0.6572, train_soft=0.3238, train_logit_mse=0.6190, train_feature_mse=0.0022, train_acc=0.7808, alpha=0.100, val_acc=0.7483, val_macro_f1=0.5610, val_weighted_f1=0.7232, lr=0.000781, epoch_time=17.89s
  -> New best KD student saved to /users/40370279/csc4006/code/experiments/2__temperature_sweep/checkpoints/student_T16_seed123.pt
[Epoch 008] train_loss=0.3657, train_hard=0.6524, train_soft=0.3138, train_logit_mse=0.5998, train_feature_mse=0.0015, train_acc=0.7823, alpha=0.100, val_acc=0.7526, val_macro_f1=0.5723, val_weighted_f1=0.7323, lr=0.000775, epoch_time=18.08s
  -> New best KD student saved to /users/40370279/csc4006/code/experiments/2__temperature_sweep/checkpoints/student_T16_seed123.pt
[Epoch 009] train_loss=0.3487, train_hard=0.6452, train_soft=0.2968, train_logit_mse=0.5676, train_feature_mse=0.0012, train_acc=0.7845, alpha=0.100, val_acc=0.7581, val_macro_f1=0.6016, val_weighted_f1=0.7456, lr=0.000768, epoch_time=17.85s
  -> New best KD student saved to /users/40370279/csc4006/code/experiments/2__temperature_sweep/checkpoints/student_T16_seed123.pt
[Epoch 010] train_loss=0.3451, train_hard=0.6400, train_soft=0.2936, train_logit_mse=0.5611, train_feature_mse=0.0011, train_acc=0.7888, alpha=0.100, val_acc=0.7557, val_macro_f1=0.5972, val_weighted_f1=0.7397, lr=0.000761, epoch_time=17.81s
[Epoch 011] train_loss=0.3292, train_hard=0.6233, train_soft=0.2787, train_logit_mse=0.5329, train_feature_mse=0.0010, train_acc=0.7957, alpha=0.100, val_acc=0.7477, val_macro_f1=0.5760, val_weighted_f1=0.7278, lr=0.000753, epoch_time=17.92s
[Epoch 012] train_loss=0.3236, train_hard=0.6232, train_soft=0.2729, train_logit_mse=0.5219, train_feature_mse=0.0010, train_acc=0.7908, alpha=0.100, val_acc=0.7520, val_macro_f1=0.5799, val_weighted_f1=0.7319, lr=0.000744, epoch_time=17.89s
[Epoch 013] train_loss=0.3137, train_hard=0.6177, train_soft=0.2631, train_logit_mse=0.5035, train_feature_mse=0.0009, train_acc=0.7959, alpha=0.100, val_acc=0.7459, val_macro_f1=0.5697, val_weighted_f1=0.7269, lr=0.000735, epoch_time=18.01s
[Epoch 014] train_loss=0.3072, train_hard=0.6096, train_soft=0.2571, train_logit_mse=0.4922, train_feature_mse=0.0009, train_acc=0.7964, alpha=0.100, val_acc=0.7544, val_macro_f1=0.5819, val_weighted_f1=0.7372, lr=0.000725, epoch_time=17.90s
[Epoch 015] train_loss=0.3043, train_hard=0.6111, train_soft=0.2539, train_logit_mse=0.4858, train_feature_mse=0.0009, train_acc=0.7973, alpha=0.100, val_acc=0.7508, val_macro_f1=0.5708, val_weighted_f1=0.7295, lr=0.000714, epoch_time=18.02s
[Epoch 016] train_loss=0.2980, train_hard=0.6080, train_soft=0.2478, train_logit_mse=0.4743, train_feature_mse=0.0008, train_acc=0.7938, alpha=0.100, val_acc=0.7624, val_macro_f1=0.6101, val_weighted_f1=0.7490, lr=0.000702, epoch_time=17.90s
  -> New best KD student saved to /users/40370279/csc4006/code/experiments/2__temperature_sweep/checkpoints/student_T16_seed123.pt
[Epoch 017] train_loss=0.2923, train_hard=0.6021, train_soft=0.2424, train_logit_mse=0.4643, train_feature_mse=0.0008, train_acc=0.8010, alpha=0.100, val_acc=0.7648, val_macro_f1=0.5964, val_weighted_f1=0.7483, lr=0.000691, epoch_time=17.97s
[Epoch 018] train_loss=0.2900, train_hard=0.6021, train_soft=0.2400, train_logit_mse=0.4596, train_feature_mse=0.0008, train_acc=0.7989, alpha=0.100, val_acc=0.7624, val_macro_f1=0.5884, val_weighted_f1=0.7429, lr=0.000678, epoch_time=17.90s
[Epoch 019] train_loss=0.2814, train_hard=0.5947, train_soft=0.2317, train_logit_mse=0.4442, train_feature_mse=0.0007, train_acc=0.7998, alpha=0.100, val_acc=0.7624, val_macro_f1=0.6198, val_weighted_f1=0.7551, lr=0.000665, epoch_time=18.04s
  -> New best KD student saved to /users/40370279/csc4006/code/experiments/2__temperature_sweep/checkpoints/student_T16_seed123.pt
[Epoch 020] train_loss=0.2805, train_hard=0.5870, train_soft=0.2317, train_logit_mse=0.4437, train_feature_mse=0.0007, train_acc=0.8030, alpha=0.100, val_acc=0.7599, val_macro_f1=0.6012, val_weighted_f1=0.7395, lr=0.000651, epoch_time=17.89s
[Epoch 021] train_loss=0.2762, train_hard=0.5905, train_soft=0.2268, train_logit_mse=0.4346, train_feature_mse=0.0007, train_acc=0.8007, alpha=0.100, val_acc=0.7532, val_macro_f1=0.6011, val_weighted_f1=0.7379, lr=0.000637, epoch_time=17.89s
[Epoch 022] train_loss=0.2711, train_hard=0.5871, train_soft=0.2218, train_logit_mse=0.4250, train_feature_mse=0.0007, train_acc=0.8034, alpha=0.100, val_acc=0.7642, val_macro_f1=0.6091, val_weighted_f1=0.7490, lr=0.000623, epoch_time=17.94s
[Epoch 023] train_loss=0.2689, train_hard=0.5839, train_soft=0.2198, train_logit_mse=0.4212, train_feature_mse=0.0007, train_acc=0.8038, alpha=0.100, val_acc=0.7660, val_macro_f1=0.6230, val_weighted_f1=0.7536, lr=0.000608, epoch_time=17.90s
  -> New best KD student saved to /users/40370279/csc4006/code/experiments/2__temperature_sweep/checkpoints/student_T16_seed123.pt
[Epoch 024] train_loss=0.2670, train_hard=0.5858, train_soft=0.2177, train_logit_mse=0.4174, train_feature_mse=0.0007, train_acc=0.8032, alpha=0.100, val_acc=0.7599, val_macro_f1=0.6005, val_weighted_f1=0.7412, lr=0.000592, epoch_time=17.93s
[Epoch 025] train_loss=0.2643, train_hard=0.5806, train_soft=0.2154, train_logit_mse=0.4131, train_feature_mse=0.0007, train_acc=0.8053, alpha=0.100, val_acc=0.7538, val_macro_f1=0.6014, val_weighted_f1=0.7379, lr=0.000576, epoch_time=18.10s
[Epoch 026] train_loss=0.2598, train_hard=0.5792, train_soft=0.2108, train_logit_mse=0.4045, train_feature_mse=0.0007, train_acc=0.8061, alpha=0.100, val_acc=0.7495, val_macro_f1=0.5864, val_weighted_f1=0.7286, lr=0.000560, epoch_time=17.92s
[Epoch 027] train_loss=0.2601, train_hard=0.5792, train_soft=0.2111, train_logit_mse=0.4050, train_feature_mse=0.0007, train_acc=0.8064, alpha=0.100, val_acc=0.7618, val_macro_f1=0.6156, val_weighted_f1=0.7500, lr=0.000544, epoch_time=17.93s
[Epoch 028] train_loss=0.2542, train_hard=0.5764, train_soft=0.2053, train_logit_mse=0.3940, train_feature_mse=0.0006, train_acc=0.8044, alpha=0.100, val_acc=0.7575, val_macro_f1=0.6146, val_weighted_f1=0.7464, lr=0.000527, epoch_time=17.94s
[Epoch 029] train_loss=0.2581, train_hard=0.5786, train_soft=0.2091, train_logit_mse=0.4007, train_feature_mse=0.0006, train_acc=0.8054, alpha=0.100, val_acc=0.7569, val_macro_f1=0.6049, val_weighted_f1=0.7425, lr=0.000510, epoch_time=17.90s
[Epoch 030] train_loss=0.2530, train_hard=0.5716, train_soft=0.2045, train_logit_mse=0.3923, train_feature_mse=0.0006, train_acc=0.8078, alpha=0.100, val_acc=0.7636, val_macro_f1=0.6130, val_weighted_f1=0.7473, lr=0.000493, epoch_time=17.95s
[Epoch 031] train_loss=0.2484, train_hard=0.5672, train_soft=0.2001, train_logit_mse=0.3841, train_feature_mse=0.0006, train_acc=0.8112, alpha=0.100, val_acc=0.7642, val_macro_f1=0.6134, val_weighted_f1=0.7498, lr=0.000476, epoch_time=18.04s
[Epoch 032] train_loss=0.2513, train_hard=0.5682, train_soft=0.2031, train_logit_mse=0.3899, train_feature_mse=0.0006, train_acc=0.8119, alpha=0.100, val_acc=0.7526, val_macro_f1=0.6059, val_weighted_f1=0.7393, lr=0.000458, epoch_time=18.11s
[Epoch 033] train_loss=0.2471, train_hard=0.5692, train_soft=0.1986, train_logit_mse=0.3810, train_feature_mse=0.0006, train_acc=0.8095, alpha=0.100, val_acc=0.7550, val_macro_f1=0.6166, val_weighted_f1=0.7440, lr=0.000440, epoch_time=18.05s
[Epoch 034] train_loss=0.2444, train_hard=0.5642, train_soft=0.1962, train_logit_mse=0.3768, train_feature_mse=0.0006, train_acc=0.8148, alpha=0.100, val_acc=0.7618, val_macro_f1=0.6194, val_weighted_f1=0.7503, lr=0.000423, epoch_time=17.88s
[Epoch 035] train_loss=0.2447, train_hard=0.5688, train_soft=0.1961, train_logit_mse=0.3760, train_feature_mse=0.0006, train_acc=0.8111, alpha=0.100, val_acc=0.7734, val_macro_f1=0.6369, val_weighted_f1=0.7636, lr=0.000405, epoch_time=17.86s
  -> New best KD student saved to /users/40370279/csc4006/code/experiments/2__temperature_sweep/checkpoints/student_T16_seed123.pt
[Epoch 036] train_loss=0.2421, train_hard=0.5644, train_soft=0.1938, train_logit_mse=0.3722, train_feature_mse=0.0006, train_acc=0.8133, alpha=0.100, val_acc=0.7685, val_macro_f1=0.6304, val_weighted_f1=0.7601, lr=0.000387, epoch_time=17.86s
[Epoch 037] train_loss=0.2382, train_hard=0.5595, train_soft=0.1903, train_logit_mse=0.3653, train_feature_mse=0.0006, train_acc=0.8121, alpha=0.100, val_acc=0.7715, val_macro_f1=0.6261, val_weighted_f1=0.7611, lr=0.000370, epoch_time=18.03s
[Epoch 038] train_loss=0.2411, train_hard=0.5617, train_soft=0.1931, train_logit_mse=0.3707, train_feature_mse=0.0006, train_acc=0.8127, alpha=0.100, val_acc=0.7605, val_macro_f1=0.6093, val_weighted_f1=0.7468, lr=0.000352, epoch_time=17.90s
[Epoch 039] train_loss=0.2377, train_hard=0.5634, train_soft=0.1894, train_logit_mse=0.3637, train_feature_mse=0.0005, train_acc=0.8108, alpha=0.100, val_acc=0.7569, val_macro_f1=0.6094, val_weighted_f1=0.7407, lr=0.000334, epoch_time=18.04s
[Epoch 040] train_loss=0.2368, train_hard=0.5605, train_soft=0.1888, train_logit_mse=0.3623, train_feature_mse=0.0006, train_acc=0.8111, alpha=0.100, val_acc=0.7563, val_macro_f1=0.6118, val_weighted_f1=0.7419, lr=0.000317, epoch_time=17.93s
[Epoch 041] train_loss=0.2361, train_hard=0.5605, train_soft=0.1880, train_logit_mse=0.3608, train_feature_mse=0.0005, train_acc=0.8133, alpha=0.100, val_acc=0.7648, val_macro_f1=0.6160, val_weighted_f1=0.7518, lr=0.000300, epoch_time=17.89s
[Epoch 042] train_loss=0.2346, train_hard=0.5586, train_soft=0.1866, train_logit_mse=0.3585, train_feature_mse=0.0005, train_acc=0.8125, alpha=0.100, val_acc=0.7599, val_macro_f1=0.6154, val_weighted_f1=0.7460, lr=0.000283, epoch_time=17.97s
[Epoch 043] train_loss=0.2338, train_hard=0.5553, train_soft=0.1862, train_logit_mse=0.3576, train_feature_mse=0.0005, train_acc=0.8185, alpha=0.100, val_acc=0.7660, val_macro_f1=0.6224, val_weighted_f1=0.7534, lr=0.000266, epoch_time=17.87s
[Epoch 044] train_loss=0.2307, train_hard=0.5556, train_soft=0.1829, train_logit_mse=0.3514, train_feature_mse=0.0005, train_acc=0.8144, alpha=0.100, val_acc=0.7581, val_macro_f1=0.6035, val_weighted_f1=0.7407, lr=0.000250, epoch_time=17.91s
[Epoch 045] train_loss=0.2297, train_hard=0.5550, train_soft=0.1819, train_logit_mse=0.3494, train_feature_mse=0.0005, train_acc=0.8138, alpha=0.100, val_acc=0.7673, val_macro_f1=0.6154, val_weighted_f1=0.7526, lr=0.000234, epoch_time=17.98s
[Epoch 046] train_loss=0.2304, train_hard=0.5545, train_soft=0.1827, train_logit_mse=0.3509, train_feature_mse=0.0005, train_acc=0.8184, alpha=0.100, val_acc=0.7648, val_macro_f1=0.6227, val_weighted_f1=0.7522, lr=0.000218, epoch_time=17.88s
[Epoch 047] train_loss=0.2270, train_hard=0.5523, train_soft=0.1794, train_logit_mse=0.3447, train_feature_mse=0.0005, train_acc=0.8163, alpha=0.100, val_acc=0.7660, val_macro_f1=0.6165, val_weighted_f1=0.7524, lr=0.000202, epoch_time=17.90s
[Epoch 048] train_loss=0.2280, train_hard=0.5497, train_soft=0.1807, train_logit_mse=0.3470, train_feature_mse=0.0005, train_acc=0.8169, alpha=0.100, val_acc=0.7679, val_macro_f1=0.6257, val_weighted_f1=0.7560, lr=0.000187, epoch_time=17.98s
[Epoch 049] train_loss=0.2302, train_hard=0.5528, train_soft=0.1826, train_logit_mse=0.3508, train_feature_mse=0.0005, train_acc=0.8146, alpha=0.100, val_acc=0.7624, val_macro_f1=0.6093, val_weighted_f1=0.7475, lr=0.000173, epoch_time=17.93s
[Epoch 050] train_loss=0.2247, train_hard=0.5476, train_soft=0.1774, train_logit_mse=0.3412, train_feature_mse=0.0005, train_acc=0.8160, alpha=0.100, val_acc=0.7691, val_macro_f1=0.6152, val_weighted_f1=0.7542, lr=0.000159, epoch_time=17.93s
Early stopping triggered.
Loaded best KD student checkpoint for final test evaluation.
Best validation macro-F1: 0.6369
Best epoch: 35
Time to best model: 629.82 seconds
Checkpoint size (MB): 0.174
Student size: medium
Teacher used: checkpoints/teacher/teacher_cnn_seed123.pt
Teacher arch: TeacherCNN
Teacher size: large
Checkpoint seed: 123
Test accuracy (KD student): 0.7648
Test macro-F1 (KD student): 0.6128
Test weighted-F1 (KD student): 0.7554
Test classification report:
              precision    recall  f1-score   support

           0       0.82      0.69      0.75       184
           1       0.17      0.14      0.16        56
           2       0.79      0.52      0.62       256
           3       0.79      0.91      0.85       912
           4       0.70      0.67      0.68       242

    accuracy                           0.76      1650
   macro avg       0.65      0.59      0.61      1650
weighted avg       0.76      0.76      0.76      1650

Test confusion matrix:
[[127   2   5  45   5]
 [  2   8   1  38   7]
 [ 10   3 132  84  27]
 [ 15  19  14 832  32]
 [  1  14  15  49 163]]
Inference latency: 1.7441 ms/sample
Parsed metrics for seed 123:
  Accuracy    = 0.7648
  Macro-F1    = 0.6128
  Weighted-F1 = 0.7554

----- SEED 999 -----
Using device: cuda
Seed: 999
Deterministic mode: True
Deterministic warn_only: True
KD hyperparameters: alpha_start=0.100, alpha_end=0.100, temperature=16.00, logit_mse_weight=0.030, feature_mse_weight=0.030, class_weight_gamma=0.00, sampler_power=0.35, label_smoothing=0.000, student_size=medium
Training: batch_size=64, lr=0.0008, epochs=70, patience=15, weight_decay=0.002, grad_clip=1.0, num_workers=2, disable_augmentation=False, use_weighted_sampler=False
Teacher checkpoint path: checkpoints/teacher/teacher_cnn_seed999.pt
Student checkpoint path: /users/40370279/csc4006/code/experiments/2__temperature_sweep/checkpoints/student_T16_seed999.pt
Training set size: 12957
Validation set size: 1637
Test set size: 1650
Number of leads: 12 classes: 5
Classes: ['CD' 'HYP' 'MI' 'NORM' 'STTC']
Trainable parameters (student): 12809
Total parameters (student): 12809
Estimated model size (MB): 0.051
Teacher pooled dim: 896
Student pooled dim: 28
Class weights: [1. 1. 1. 1. 1.]
Training sampler: standard shuffled loader
[Epoch 001] train_loss=1.3035, train_hard=1.1020, train_soft=1.2472, train_logit_mse=2.3282, train_feature_mse=0.0320, train_acc=0.6074, alpha=0.100, val_acc=0.6671, val_macro_f1=0.3572, val_weighted_f1=0.6032, lr=0.000800, epoch_time=19.39s
  -> New best KD student saved to /users/40370279/csc4006/code/experiments/2__temperature_sweep/checkpoints/student_T16_seed999.pt
[Epoch 002] train_loss=0.9319, train_hard=0.8559, train_soft=0.8842, train_logit_mse=1.6610, train_feature_mse=0.0206, train_acc=0.7055, alpha=0.100, val_acc=0.7282, val_macro_f1=0.5060, val_weighted_f1=0.6944, lr=0.000798, epoch_time=18.00s
  -> New best KD student saved to /users/40370279/csc4006/code/experiments/2__temperature_sweep/checkpoints/student_T16_seed999.pt
[Epoch 003] train_loss=0.7119, train_hard=0.7347, train_soft=0.6669, train_logit_mse=1.2611, train_feature_mse=0.0150, train_acc=0.7574, alpha=0.100, val_acc=0.7398, val_macro_f1=0.5274, val_weighted_f1=0.7116, lr=0.000796, epoch_time=18.15s
  -> New best KD student saved to /users/40370279/csc4006/code/experiments/2__temperature_sweep/checkpoints/student_T16_seed999.pt
[Epoch 004] train_loss=0.6264, train_hard=0.6954, train_soft=0.5817, train_logit_mse=1.1023, train_feature_mse=0.0082, train_acc=0.7751, alpha=0.100, val_acc=0.7495, val_macro_f1=0.5538, val_weighted_f1=0.7286, lr=0.000794, epoch_time=18.22s
  -> New best KD student saved to /users/40370279/csc4006/code/experiments/2__temperature_sweep/checkpoints/student_T16_seed999.pt
[Epoch 005] train_loss=0.5817, train_hard=0.6715, train_soft=0.5375, train_logit_mse=1.0194, train_feature_mse=0.0047, train_acc=0.7807, alpha=0.100, val_acc=0.7502, val_macro_f1=0.5474, val_weighted_f1=0.7243, lr=0.000790, epoch_time=18.01s
[Epoch 006] train_loss=0.5589, train_hard=0.6680, train_soft=0.5142, train_logit_mse=0.9750, train_feature_mse=0.0028, train_acc=0.7791, alpha=0.100, val_acc=0.7440, val_macro_f1=0.5305, val_weighted_f1=0.7109, lr=0.000786, epoch_time=18.10s
[Epoch 007] train_loss=0.5327, train_hard=0.6510, train_soft=0.4886, train_logit_mse=0.9268, train_feature_mse=0.0018, train_acc=0.7861, alpha=0.100, val_acc=0.7666, val_macro_f1=0.5785, val_weighted_f1=0.7437, lr=0.000781, epoch_time=18.01s
  -> New best KD student saved to /users/40370279/csc4006/code/experiments/2__temperature_sweep/checkpoints/student_T16_seed999.pt
[Epoch 008] train_loss=0.5104, train_hard=0.6353, train_soft=0.4670, train_logit_mse=0.8855, train_feature_mse=0.0014, train_acc=0.7931, alpha=0.100, val_acc=0.7428, val_macro_f1=0.5402, val_weighted_f1=0.7134, lr=0.000775, epoch_time=18.09s
[Epoch 009] train_loss=0.4912, train_hard=0.6228, train_soft=0.4482, train_logit_mse=0.8504, train_feature_mse=0.0013, train_acc=0.7980, alpha=0.100, val_acc=0.7679, val_macro_f1=0.5813, val_weighted_f1=0.7487, lr=0.000768, epoch_time=17.93s
  -> New best KD student saved to /users/40370279/csc4006/code/experiments/2__temperature_sweep/checkpoints/student_T16_seed999.pt
[Epoch 010] train_loss=0.4814, train_hard=0.6195, train_soft=0.4382, train_logit_mse=0.8316, train_feature_mse=0.0012, train_acc=0.7932, alpha=0.100, val_acc=0.7587, val_macro_f1=0.5592, val_weighted_f1=0.7344, lr=0.000761, epoch_time=17.94s
[Epoch 011] train_loss=0.4698, train_hard=0.6122, train_soft=0.4269, train_logit_mse=0.8108, train_feature_mse=0.0011, train_acc=0.8005, alpha=0.100, val_acc=0.7685, val_macro_f1=0.5771, val_weighted_f1=0.7459, lr=0.000753, epoch_time=18.11s
[Epoch 012] train_loss=0.4614, train_hard=0.6092, train_soft=0.4185, train_logit_mse=0.7948, train_feature_mse=0.0011, train_acc=0.7972, alpha=0.100, val_acc=0.7630, val_macro_f1=0.5788, val_weighted_f1=0.7453, lr=0.000744, epoch_time=17.90s
[Epoch 013] train_loss=0.4524, train_hard=0.6046, train_soft=0.4095, train_logit_mse=0.7778, train_feature_mse=0.0010, train_acc=0.8010, alpha=0.100, val_acc=0.7648, val_macro_f1=0.5734, val_weighted_f1=0.7430, lr=0.000735, epoch_time=18.06s
[Epoch 014] train_loss=0.4404, train_hard=0.5989, train_soft=0.3975, train_logit_mse=0.7552, train_feature_mse=0.0010, train_acc=0.8003, alpha=0.100, val_acc=0.7666, val_macro_f1=0.5937, val_weighted_f1=0.7528, lr=0.000725, epoch_time=17.99s
  -> New best KD student saved to /users/40370279/csc4006/code/experiments/2__temperature_sweep/checkpoints/student_T16_seed999.pt
[Epoch 015] train_loss=0.4308, train_hard=0.5921, train_soft=0.3883, train_logit_mse=0.7379, train_feature_mse=0.0009, train_acc=0.8019, alpha=0.100, val_acc=0.7605, val_macro_f1=0.5716, val_weighted_f1=0.7373, lr=0.000714, epoch_time=17.98s
[Epoch 016] train_loss=0.4251, train_hard=0.5856, train_soft=0.3830, train_logit_mse=0.7279, train_feature_mse=0.0009, train_acc=0.8039, alpha=0.100, val_acc=0.7691, val_macro_f1=0.5922, val_weighted_f1=0.7501, lr=0.000702, epoch_time=18.05s
[Epoch 017] train_loss=0.4205, train_hard=0.5869, train_soft=0.3781, train_logit_mse=0.7187, train_feature_mse=0.0009, train_acc=0.8064, alpha=0.100, val_acc=0.7660, val_macro_f1=0.5891, val_weighted_f1=0.7445, lr=0.000691, epoch_time=18.16s
[Epoch 018] train_loss=0.4157, train_hard=0.5837, train_soft=0.3733, train_logit_mse=0.7098, train_feature_mse=0.0009, train_acc=0.8063, alpha=0.100, val_acc=0.7642, val_macro_f1=0.6055, val_weighted_f1=0.7523, lr=0.000678, epoch_time=18.01s
  -> New best KD student saved to /users/40370279/csc4006/code/experiments/2__temperature_sweep/checkpoints/student_T16_seed999.pt
[Epoch 019] train_loss=0.4081, train_hard=0.5774, train_soft=0.3661, train_logit_mse=0.6960, train_feature_mse=0.0009, train_acc=0.8113, alpha=0.100, val_acc=0.7575, val_macro_f1=0.5776, val_weighted_f1=0.7366, lr=0.000665, epoch_time=18.09s
[Epoch 020] train_loss=0.4044, train_hard=0.5786, train_soft=0.3621, train_logit_mse=0.6886, train_feature_mse=0.0009, train_acc=0.8081, alpha=0.100, val_acc=0.7599, val_macro_f1=0.6388, val_weighted_f1=0.7597, lr=0.000651, epoch_time=17.95s
  -> New best KD student saved to /users/40370279/csc4006/code/experiments/2__temperature_sweep/checkpoints/student_T16_seed999.pt
[Epoch 021] train_loss=0.4003, train_hard=0.5803, train_soft=0.3576, train_logit_mse=0.6799, train_feature_mse=0.0008, train_acc=0.8092, alpha=0.100, val_acc=0.7660, val_macro_f1=0.5963, val_weighted_f1=0.7524, lr=0.000637, epoch_time=17.93s
[Epoch 022] train_loss=0.3980, train_hard=0.5774, train_soft=0.3555, train_logit_mse=0.6762, train_feature_mse=0.0008, train_acc=0.8107, alpha=0.100, val_acc=0.7593, val_macro_f1=0.5842, val_weighted_f1=0.7395, lr=0.000623, epoch_time=18.01s
[Epoch 023] train_loss=0.3888, train_hard=0.5681, train_soft=0.3468, train_logit_mse=0.6600, train_feature_mse=0.0008, train_acc=0.8094, alpha=0.100, val_acc=0.7630, val_macro_f1=0.6132, val_weighted_f1=0.7540, lr=0.000608, epoch_time=18.21s
[Epoch 024] train_loss=0.3858, train_hard=0.5650, train_soft=0.3440, train_logit_mse=0.6546, train_feature_mse=0.0008, train_acc=0.8122, alpha=0.100, val_acc=0.7636, val_macro_f1=0.6048, val_weighted_f1=0.7519, lr=0.000592, epoch_time=17.99s
[Epoch 025] train_loss=0.3816, train_hard=0.5614, train_soft=0.3400, train_logit_mse=0.6466, train_feature_mse=0.0008, train_acc=0.8128, alpha=0.100, val_acc=0.7666, val_macro_f1=0.6383, val_weighted_f1=0.7602, lr=0.000576, epoch_time=18.03s
[Epoch 026] train_loss=0.3825, train_hard=0.5663, train_soft=0.3405, train_logit_mse=0.6479, train_feature_mse=0.0008, train_acc=0.8108, alpha=0.100, val_acc=0.7660, val_macro_f1=0.6003, val_weighted_f1=0.7507, lr=0.000560, epoch_time=18.06s
[Epoch 027] train_loss=0.3744, train_hard=0.5596, train_soft=0.3327, train_logit_mse=0.6334, train_feature_mse=0.0007, train_acc=0.8129, alpha=0.100, val_acc=0.7666, val_macro_f1=0.5978, val_weighted_f1=0.7505, lr=0.000544, epoch_time=18.12s
[Epoch 028] train_loss=0.3681, train_hard=0.5586, train_soft=0.3262, train_logit_mse=0.6204, train_feature_mse=0.0007, train_acc=0.8159, alpha=0.100, val_acc=0.7593, val_macro_f1=0.5821, val_weighted_f1=0.7389, lr=0.000527, epoch_time=18.17s
[Epoch 029] train_loss=0.3619, train_hard=0.5514, train_soft=0.3204, train_logit_mse=0.6104, train_feature_mse=0.0007, train_acc=0.8176, alpha=0.100, val_acc=0.7660, val_macro_f1=0.6263, val_weighted_f1=0.7595, lr=0.000510, epoch_time=18.01s
[Epoch 030] train_loss=0.3646, train_hard=0.5558, train_soft=0.3229, train_logit_mse=0.6144, train_feature_mse=0.0007, train_acc=0.8149, alpha=0.100, val_acc=0.7734, val_macro_f1=0.6398, val_weighted_f1=0.7657, lr=0.000493, epoch_time=17.97s
  -> New best KD student saved to /users/40370279/csc4006/code/experiments/2__temperature_sweep/checkpoints/student_T16_seed999.pt
[Epoch 031] train_loss=0.3619, train_hard=0.5550, train_soft=0.3201, train_logit_mse=0.6093, train_feature_mse=0.0007, train_acc=0.8126, alpha=0.100, val_acc=0.7611, val_macro_f1=0.6132, val_weighted_f1=0.7480, lr=0.000476, epoch_time=18.13s
[Epoch 032] train_loss=0.3567, train_hard=0.5490, train_soft=0.3153, train_logit_mse=0.6006, train_feature_mse=0.0007, train_acc=0.8182, alpha=0.100, val_acc=0.7593, val_macro_f1=0.5909, val_weighted_f1=0.7428, lr=0.000458, epoch_time=18.07s
[Epoch 033] train_loss=0.3533, train_hard=0.5476, train_soft=0.3119, train_logit_mse=0.5939, train_feature_mse=0.0007, train_acc=0.8183, alpha=0.100, val_acc=0.7642, val_macro_f1=0.6003, val_weighted_f1=0.7487, lr=0.000440, epoch_time=17.89s
[Epoch 034] train_loss=0.3509, train_hard=0.5445, train_soft=0.3097, train_logit_mse=0.5895, train_feature_mse=0.0007, train_acc=0.8165, alpha=0.100, val_acc=0.7691, val_macro_f1=0.6267, val_weighted_f1=0.7590, lr=0.000423, epoch_time=17.95s
[Epoch 035] train_loss=0.3499, train_hard=0.5458, train_soft=0.3085, train_logit_mse=0.5873, train_feature_mse=0.0007, train_acc=0.8177, alpha=0.100, val_acc=0.7715, val_macro_f1=0.6300, val_weighted_f1=0.7627, lr=0.000405, epoch_time=17.89s
[Epoch 036] train_loss=0.3463, train_hard=0.5410, train_soft=0.3052, train_logit_mse=0.5819, train_feature_mse=0.0007, train_acc=0.8175, alpha=0.100, val_acc=0.7691, val_macro_f1=0.6206, val_weighted_f1=0.7571, lr=0.000387, epoch_time=18.08s
[Epoch 037] train_loss=0.3448, train_hard=0.5432, train_soft=0.3035, train_logit_mse=0.5781, train_feature_mse=0.0007, train_acc=0.8176, alpha=0.100, val_acc=0.7740, val_macro_f1=0.6189, val_weighted_f1=0.7631, lr=0.000370, epoch_time=18.13s
[Epoch 038] train_loss=0.3456, train_hard=0.5409, train_soft=0.3045, train_logit_mse=0.5802, train_feature_mse=0.0007, train_acc=0.8222, alpha=0.100, val_acc=0.7709, val_macro_f1=0.6142, val_weighted_f1=0.7569, lr=0.000352, epoch_time=18.03s
[Epoch 039] train_loss=0.3430, train_hard=0.5351, train_soft=0.3024, train_logit_mse=0.5758, train_feature_mse=0.0007, train_acc=0.8231, alpha=0.100, val_acc=0.7660, val_macro_f1=0.6174, val_weighted_f1=0.7547, lr=0.000334, epoch_time=18.10s
[Epoch 040] train_loss=0.3433, train_hard=0.5403, train_soft=0.3022, train_logit_mse=0.5756, train_feature_mse=0.0007, train_acc=0.8187, alpha=0.100, val_acc=0.7648, val_macro_f1=0.6185, val_weighted_f1=0.7525, lr=0.000317, epoch_time=18.08s
[Epoch 041] train_loss=0.3370, train_hard=0.5358, train_soft=0.2961, train_logit_mse=0.5646, train_feature_mse=0.0006, train_acc=0.8210, alpha=0.100, val_acc=0.7795, val_macro_f1=0.6341, val_weighted_f1=0.7672, lr=0.000300, epoch_time=18.06s
[Epoch 042] train_loss=0.3420, train_hard=0.5395, train_soft=0.3010, train_logit_mse=0.5735, train_feature_mse=0.0006, train_acc=0.8182, alpha=0.100, val_acc=0.7679, val_macro_f1=0.6383, val_weighted_f1=0.7613, lr=0.000283, epoch_time=18.02s
[Epoch 043] train_loss=0.3368, train_hard=0.5325, train_soft=0.2963, train_logit_mse=0.5646, train_feature_mse=0.0006, train_acc=0.8235, alpha=0.100, val_acc=0.7673, val_macro_f1=0.6278, val_weighted_f1=0.7573, lr=0.000266, epoch_time=18.02s
[Epoch 044] train_loss=0.3340, train_hard=0.5318, train_soft=0.2933, train_logit_mse=0.5593, train_feature_mse=0.0006, train_acc=0.8229, alpha=0.100, val_acc=0.7611, val_macro_f1=0.6215, val_weighted_f1=0.7527, lr=0.000250, epoch_time=18.07s
[Epoch 045] train_loss=0.3333, train_hard=0.5340, train_soft=0.2924, train_logit_mse=0.5575, train_feature_mse=0.0006, train_acc=0.8213, alpha=0.100, val_acc=0.7697, val_macro_f1=0.6293, val_weighted_f1=0.7606, lr=0.000234, epoch_time=18.01s
Early stopping triggered.
Loaded best KD student checkpoint for final test evaluation.
Best validation macro-F1: 0.6398
Best epoch: 30
Time to best model: 543.08 seconds
Checkpoint size (MB): 0.174
Student size: medium
Teacher used: checkpoints/teacher/teacher_cnn_seed999.pt
Teacher arch: TeacherCNN
Teacher size: large
Checkpoint seed: 999
Test accuracy (KD student): 0.7788
Test macro-F1 (KD student): 0.6217
Test weighted-F1 (KD student): 0.7699
Test classification report:
              precision    recall  f1-score   support

           0       0.77      0.70      0.74       184
           1       0.18      0.11      0.13        56
           2       0.78      0.62      0.69       256
           3       0.82      0.91      0.86       912
           4       0.70      0.68      0.69       242

    accuracy                           0.78      1650
   macro avg       0.65      0.60      0.62      1650
weighted avg       0.77      0.78      0.77      1650

Test confusion matrix:
[[129   2   6  41   6]
 [  2   6   3  37   8]
 [  8   0 158  63  27]
 [ 23  12  21 828  28]
 [  5  13  15  45 164]]
Inference latency: 1.7889 ms/sample
Parsed metrics for seed 999:
  Accuracy    = 0.7788
  Macro-F1    = 0.6217
  Weighted-F1 = 0.7699

===== EXPERIMENT 2 SUMMARY: T = 16 =====
Temperature  : 16
Seeds        : 42 123 999
Accuracy     : 0.7717 ± 0.0057
Macro F1     : 0.6143 ± 0.0055
Weighted F1  : 0.7605 ± 0.0066

Finished at: Sat Mar 28 16:46:35 GMT 2026
