[38;5;127mpython3[0m/[38;5;172m3.10.5[0m/[38;5;67mgcc-9.3.0[0m
 |
 [0;32mOK[0m
[38;5;127mgcc[0m/[38;5;172m9.3.0[0m
 |
 [0;32mOK[0m
===== EXPERIMENT 2: TEMPERATURE = 2 =====
Teacher checkpoints source: /users/40370279/csc4006/code/checkpoints/teacher
Student outputs directory : /users/40370279/csc4006/code/experiments/2__temperature_sweep
This job runs multiple seeds: 42, 123, 999
Job ID: 7991903
Host: gpu106.pri.kelvin2.alces.network
Start time: Sat Mar 28 15:12:43 GMT 2026

----- SEED 42 -----
Using device: cuda
Seed: 42
Deterministic mode: True
Deterministic warn_only: True
KD hyperparameters: alpha_start=0.100, alpha_end=0.100, temperature=2.00, logit_mse_weight=0.030, feature_mse_weight=0.030, class_weight_gamma=0.00, sampler_power=0.35, label_smoothing=0.000, student_size=medium
Training: batch_size=64, lr=0.0008, epochs=70, patience=15, weight_decay=0.002, grad_clip=1.0, num_workers=2, disable_augmentation=False, use_weighted_sampler=False
Teacher checkpoint path: checkpoints/teacher/teacher_cnn_seed42.pt
Student checkpoint path: /users/40370279/csc4006/code/experiments/2__temperature_sweep/checkpoints/student_T2_seed42.pt
Training set size: 12957
Validation set size: 1637
Test set size: 1650
Number of leads: 12 classes: 5
Classes: ['CD' 'HYP' 'MI' 'NORM' 'STTC']
Trainable parameters (student): 12809
Total parameters (student): 12809
Estimated model size (MB): 0.051
Teacher pooled dim: 896
Student pooled dim: 28
Class weights: [1. 1. 1. 1. 1.]
Training sampler: standard shuffled loader
[Epoch 001] train_loss=1.0716, train_hard=1.1119, train_soft=1.0039, train_logit_mse=1.8654, train_feature_mse=0.0313, train_acc=0.5903, alpha=0.100, val_acc=0.6878, val_macro_f1=0.4514, val_weighted_f1=0.6474, lr=0.000800, epoch_time=18.98s
  -> New best KD student saved to /users/40370279/csc4006/code/experiments/2__temperature_sweep/checkpoints/student_T2_seed42.pt
[Epoch 002] train_loss=0.6524, train_hard=0.8396, train_soft=0.5922, train_logit_mse=1.1632, train_feature_mse=0.0188, train_acc=0.7178, alpha=0.100, val_acc=0.7324, val_macro_f1=0.5162, val_weighted_f1=0.7007, lr=0.000798, epoch_time=17.79s
  -> New best KD student saved to /users/40370279/csc4006/code/experiments/2__temperature_sweep/checkpoints/student_T2_seed42.pt
[Epoch 003] train_loss=0.5083, train_hard=0.7550, train_soft=0.4499, train_logit_mse=0.9189, train_feature_mse=0.0116, train_acc=0.7525, alpha=0.100, val_acc=0.7410, val_macro_f1=0.5423, val_weighted_f1=0.7198, lr=0.000796, epoch_time=17.77s
  -> New best KD student saved to /users/40370279/csc4006/code/experiments/2__temperature_sweep/checkpoints/student_T2_seed42.pt
[Epoch 004] train_loss=0.4348, train_hard=0.7110, train_soft=0.3780, train_logit_mse=0.7771, train_feature_mse=0.0068, train_acc=0.7665, alpha=0.100, val_acc=0.7416, val_macro_f1=0.5378, val_weighted_f1=0.7179, lr=0.000794, epoch_time=17.77s
[Epoch 005] train_loss=0.3984, train_hard=0.6883, train_soft=0.3424, train_logit_mse=0.7102, train_feature_mse=0.0043, train_acc=0.7738, alpha=0.100, val_acc=0.7483, val_macro_f1=0.5475, val_weighted_f1=0.7240, lr=0.000790, epoch_time=17.74s
  -> New best KD student saved to /users/40370279/csc4006/code/experiments/2__temperature_sweep/checkpoints/student_T2_seed42.pt
[Epoch 006] train_loss=0.3760, train_hard=0.6789, train_soft=0.3202, train_logit_mse=0.6610, train_feature_mse=0.0029, train_acc=0.7760, alpha=0.100, val_acc=0.7337, val_macro_f1=0.5187, val_weighted_f1=0.6997, lr=0.000786, epoch_time=17.84s
[Epoch 007] train_loss=0.3509, train_hard=0.6628, train_soft=0.2956, train_logit_mse=0.6170, train_feature_mse=0.0019, train_acc=0.7812, alpha=0.100, val_acc=0.7599, val_macro_f1=0.5695, val_weighted_f1=0.7433, lr=0.000781, epoch_time=17.80s
  -> New best KD student saved to /users/40370279/csc4006/code/experiments/2__temperature_sweep/checkpoints/student_T2_seed42.pt
[Epoch 008] train_loss=0.3402, train_hard=0.6526, train_soft=0.2855, train_logit_mse=0.5954, train_feature_mse=0.0014, train_acc=0.7839, alpha=0.100, val_acc=0.7483, val_macro_f1=0.5423, val_weighted_f1=0.7188, lr=0.000775, epoch_time=17.85s
[Epoch 009] train_loss=0.3201, train_hard=0.6426, train_soft=0.2657, train_logit_mse=0.5587, train_feature_mse=0.0011, train_acc=0.7868, alpha=0.100, val_acc=0.7581, val_macro_f1=0.5736, val_weighted_f1=0.7415, lr=0.000768, epoch_time=17.78s
  -> New best KD student saved to /users/40370279/csc4006/code/experiments/2__temperature_sweep/checkpoints/student_T2_seed42.pt
[Epoch 010] train_loss=0.3067, train_hard=0.6322, train_soft=0.2526, train_logit_mse=0.5368, train_feature_mse=0.0010, train_acc=0.7893, alpha=0.100, val_acc=0.7605, val_macro_f1=0.5573, val_weighted_f1=0.7338, lr=0.000761, epoch_time=17.87s
[Epoch 011] train_loss=0.2966, train_hard=0.6291, train_soft=0.2424, train_logit_mse=0.5171, train_feature_mse=0.0010, train_acc=0.7956, alpha=0.100, val_acc=0.7642, val_macro_f1=0.5925, val_weighted_f1=0.7470, lr=0.000753, epoch_time=17.80s
  -> New best KD student saved to /users/40370279/csc4006/code/experiments/2__temperature_sweep/checkpoints/student_T2_seed42.pt
[Epoch 012] train_loss=0.2874, train_hard=0.6187, train_soft=0.2338, train_logit_mse=0.5012, train_feature_mse=0.0009, train_acc=0.7949, alpha=0.100, val_acc=0.7685, val_macro_f1=0.5943, val_weighted_f1=0.7526, lr=0.000744, epoch_time=17.81s
  -> New best KD student saved to /users/40370279/csc4006/code/experiments/2__temperature_sweep/checkpoints/student_T2_seed42.pt
[Epoch 013] train_loss=0.2786, train_hard=0.6166, train_soft=0.2250, train_logit_mse=0.4829, train_feature_mse=0.0009, train_acc=0.7942, alpha=0.100, val_acc=0.7679, val_macro_f1=0.5858, val_weighted_f1=0.7488, lr=0.000735, epoch_time=17.73s
[Epoch 014] train_loss=0.2719, train_hard=0.6094, train_soft=0.2186, train_logit_mse=0.4725, train_feature_mse=0.0008, train_acc=0.7953, alpha=0.100, val_acc=0.7563, val_macro_f1=0.5652, val_weighted_f1=0.7341, lr=0.000725, epoch_time=17.74s
[Epoch 015] train_loss=0.2663, train_hard=0.6081, train_soft=0.2129, train_logit_mse=0.4627, train_feature_mse=0.0008, train_acc=0.7963, alpha=0.100, val_acc=0.7642, val_macro_f1=0.5752, val_weighted_f1=0.7409, lr=0.000714, epoch_time=17.73s
[Epoch 016] train_loss=0.2584, train_hard=0.5981, train_soft=0.2056, train_logit_mse=0.4516, train_feature_mse=0.0008, train_acc=0.8046, alpha=0.100, val_acc=0.7630, val_macro_f1=0.5889, val_weighted_f1=0.7439, lr=0.000702, epoch_time=17.85s
[Epoch 017] train_loss=0.2554, train_hard=0.6005, train_soft=0.2024, train_logit_mse=0.4387, train_feature_mse=0.0007, train_acc=0.7990, alpha=0.100, val_acc=0.7611, val_macro_f1=0.5852, val_weighted_f1=0.7415, lr=0.000691, epoch_time=17.92s
[Epoch 018] train_loss=0.2501, train_hard=0.5950, train_soft=0.1974, train_logit_mse=0.4314, train_feature_mse=0.0007, train_acc=0.8033, alpha=0.100, val_acc=0.7563, val_macro_f1=0.5730, val_weighted_f1=0.7328, lr=0.000678, epoch_time=17.77s
[Epoch 019] train_loss=0.2466, train_hard=0.5934, train_soft=0.1938, train_logit_mse=0.4280, train_feature_mse=0.0007, train_acc=0.8023, alpha=0.100, val_acc=0.7740, val_macro_f1=0.6116, val_weighted_f1=0.7607, lr=0.000665, epoch_time=17.80s
  -> New best KD student saved to /users/40370279/csc4006/code/experiments/2__temperature_sweep/checkpoints/student_T2_seed42.pt
[Epoch 020] train_loss=0.2419, train_hard=0.5876, train_soft=0.1896, train_logit_mse=0.4178, train_feature_mse=0.0007, train_acc=0.8062, alpha=0.100, val_acc=0.7728, val_macro_f1=0.6450, val_weighted_f1=0.7669, lr=0.000651, epoch_time=17.79s
  -> New best KD student saved to /users/40370279/csc4006/code/experiments/2__temperature_sweep/checkpoints/student_T2_seed42.pt
[Epoch 021] train_loss=0.2368, train_hard=0.5836, train_soft=0.1846, train_logit_mse=0.4086, train_feature_mse=0.0006, train_acc=0.8059, alpha=0.100, val_acc=0.7734, val_macro_f1=0.6011, val_weighted_f1=0.7569, lr=0.000637, epoch_time=17.78s
[Epoch 022] train_loss=0.2324, train_hard=0.5791, train_soft=0.1805, train_logit_mse=0.4003, train_feature_mse=0.0006, train_acc=0.8068, alpha=0.100, val_acc=0.7715, val_macro_f1=0.5925, val_weighted_f1=0.7521, lr=0.000623, epoch_time=17.92s
[Epoch 023] train_loss=0.2281, train_hard=0.5773, train_soft=0.1762, train_logit_mse=0.3943, train_feature_mse=0.0006, train_acc=0.8080, alpha=0.100, val_acc=0.7685, val_macro_f1=0.5896, val_weighted_f1=0.7500, lr=0.000608, epoch_time=17.88s
[Epoch 024] train_loss=0.2277, train_hard=0.5802, train_soft=0.1755, train_logit_mse=0.3908, train_feature_mse=0.0006, train_acc=0.8094, alpha=0.100, val_acc=0.7758, val_macro_f1=0.6347, val_weighted_f1=0.7662, lr=0.000592, epoch_time=17.70s
[Epoch 025] train_loss=0.2286, train_hard=0.5790, train_soft=0.1766, train_logit_mse=0.3921, train_feature_mse=0.0006, train_acc=0.8094, alpha=0.100, val_acc=0.7679, val_macro_f1=0.6029, val_weighted_f1=0.7542, lr=0.000576, epoch_time=17.78s
[Epoch 026] train_loss=0.2221, train_hard=0.5726, train_soft=0.1704, train_logit_mse=0.3823, train_feature_mse=0.0006, train_acc=0.8104, alpha=0.100, val_acc=0.7783, val_macro_f1=0.6130, val_weighted_f1=0.7631, lr=0.000560, epoch_time=17.85s
[Epoch 027] train_loss=0.2235, train_hard=0.5743, train_soft=0.1717, train_logit_mse=0.3824, train_feature_mse=0.0006, train_acc=0.8115, alpha=0.100, val_acc=0.7789, val_macro_f1=0.6370, val_weighted_f1=0.7687, lr=0.000544, epoch_time=17.85s
[Epoch 028] train_loss=0.2170, train_hard=0.5704, train_soft=0.1653, train_logit_mse=0.3720, train_feature_mse=0.0006, train_acc=0.8099, alpha=0.100, val_acc=0.7764, val_macro_f1=0.6216, val_weighted_f1=0.7624, lr=0.000527, epoch_time=17.81s
[Epoch 029] train_loss=0.2178, train_hard=0.5703, train_soft=0.1662, train_logit_mse=0.3715, train_feature_mse=0.0006, train_acc=0.8114, alpha=0.100, val_acc=0.7831, val_macro_f1=0.6481, val_weighted_f1=0.7726, lr=0.000510, epoch_time=17.79s
  -> New best KD student saved to /users/40370279/csc4006/code/experiments/2__temperature_sweep/checkpoints/student_T2_seed42.pt
[Epoch 030] train_loss=0.2185, train_hard=0.5690, train_soft=0.1671, train_logit_mse=0.3737, train_feature_mse=0.0005, train_acc=0.8132, alpha=0.100, val_acc=0.7740, val_macro_f1=0.6258, val_weighted_f1=0.7601, lr=0.000493, epoch_time=17.80s
[Epoch 031] train_loss=0.2147, train_hard=0.5671, train_soft=0.1633, train_logit_mse=0.3666, train_feature_mse=0.0005, train_acc=0.8165, alpha=0.100, val_acc=0.7783, val_macro_f1=0.6364, val_weighted_f1=0.7667, lr=0.000476, epoch_time=17.83s
[Epoch 032] train_loss=0.2114, train_hard=0.5614, train_soft=0.1603, train_logit_mse=0.3642, train_feature_mse=0.0005, train_acc=0.8159, alpha=0.100, val_acc=0.7746, val_macro_f1=0.6127, val_weighted_f1=0.7589, lr=0.000458, epoch_time=17.80s
[Epoch 033] train_loss=0.2101, train_hard=0.5643, train_soft=0.1588, train_logit_mse=0.3580, train_feature_mse=0.0005, train_acc=0.8128, alpha=0.100, val_acc=0.7758, val_macro_f1=0.6175, val_weighted_f1=0.7634, lr=0.000440, epoch_time=17.84s
[Epoch 034] train_loss=0.2074, train_hard=0.5585, train_soft=0.1565, train_logit_mse=0.3548, train_feature_mse=0.0005, train_acc=0.8166, alpha=0.100, val_acc=0.7764, val_macro_f1=0.6156, val_weighted_f1=0.7639, lr=0.000423, epoch_time=17.90s
[Epoch 035] train_loss=0.2072, train_hard=0.5580, train_soft=0.1564, train_logit_mse=0.3557, train_feature_mse=0.0005, train_acc=0.8145, alpha=0.100, val_acc=0.7795, val_macro_f1=0.6181, val_weighted_f1=0.7670, lr=0.000405, epoch_time=17.86s
[Epoch 036] train_loss=0.2081, train_hard=0.5599, train_soft=0.1571, train_logit_mse=0.3565, train_feature_mse=0.0005, train_acc=0.8135, alpha=0.100, val_acc=0.7715, val_macro_f1=0.5986, val_weighted_f1=0.7522, lr=0.000387, epoch_time=17.66s
[Epoch 037] train_loss=0.2034, train_hard=0.5545, train_soft=0.1527, train_logit_mse=0.3487, train_feature_mse=0.0005, train_acc=0.8153, alpha=0.100, val_acc=0.7770, val_macro_f1=0.6302, val_weighted_f1=0.7633, lr=0.000370, epoch_time=17.85s
[Epoch 038] train_loss=0.2035, train_hard=0.5584, train_soft=0.1525, train_logit_mse=0.3464, train_feature_mse=0.0005, train_acc=0.8160, alpha=0.100, val_acc=0.7728, val_macro_f1=0.6110, val_weighted_f1=0.7559, lr=0.000352, epoch_time=17.79s
[Epoch 039] train_loss=0.2006, train_hard=0.5562, train_soft=0.1496, train_logit_mse=0.3444, train_feature_mse=0.0005, train_acc=0.8198, alpha=0.100, val_acc=0.7862, val_macro_f1=0.6441, val_weighted_f1=0.7753, lr=0.000334, epoch_time=17.76s
[Epoch 040] train_loss=0.1991, train_hard=0.5510, train_soft=0.1486, train_logit_mse=0.3418, train_feature_mse=0.0005, train_acc=0.8199, alpha=0.100, val_acc=0.7831, val_macro_f1=0.6478, val_weighted_f1=0.7738, lr=0.000317, epoch_time=17.70s
[Epoch 041] train_loss=0.1971, train_hard=0.5515, train_soft=0.1464, train_logit_mse=0.3377, train_feature_mse=0.0005, train_acc=0.8192, alpha=0.100, val_acc=0.7740, val_macro_f1=0.6216, val_weighted_f1=0.7601, lr=0.000300, epoch_time=17.92s
[Epoch 042] train_loss=0.1962, train_hard=0.5480, train_soft=0.1460, train_logit_mse=0.3355, train_feature_mse=0.0005, train_acc=0.8182, alpha=0.100, val_acc=0.7746, val_macro_f1=0.6127, val_weighted_f1=0.7588, lr=0.000283, epoch_time=17.82s
[Epoch 043] train_loss=0.1972, train_hard=0.5501, train_soft=0.1468, train_logit_mse=0.3353, train_feature_mse=0.0005, train_acc=0.8167, alpha=0.100, val_acc=0.7807, val_macro_f1=0.6385, val_weighted_f1=0.7699, lr=0.000266, epoch_time=17.78s
[Epoch 044] train_loss=0.1946, train_hard=0.5474, train_soft=0.1444, train_logit_mse=0.3317, train_feature_mse=0.0005, train_acc=0.8206, alpha=0.100, val_acc=0.7819, val_macro_f1=0.6389, val_weighted_f1=0.7710, lr=0.000250, epoch_time=17.82s
Early stopping triggered.
Loaded best KD student checkpoint for final test evaluation.
Best validation macro-F1: 0.6481
Best epoch: 29
Time to best model: 519.73 seconds
Checkpoint size (MB): 0.174
Student size: medium
Teacher used: checkpoints/teacher/teacher_cnn_seed42.pt
Teacher arch: TeacherCNN
Teacher size: large
Checkpoint seed: 42
Test accuracy (KD student): 0.7752
Test macro-F1 (KD student): 0.6164
Test weighted-F1 (KD student): 0.7648
Test classification report:
              precision    recall  f1-score   support

           0       0.79      0.69      0.74       184
           1       0.18      0.11      0.13        56
           2       0.78      0.56      0.65       256
           3       0.81      0.91      0.86       912
           4       0.70      0.70      0.70       242

    accuracy                           0.78      1650
   macro avg       0.65      0.59      0.62      1650
weighted avg       0.76      0.78      0.76      1650

Test confusion matrix:
[[127   1   6  45   5]
 [  2   6   5  36   7]
 [ 13   2 144  68  29]
 [ 13  16  19 833  31]
 [  6   8  11  48 169]]
Inference latency: 1.4646 ms/sample
Parsed metrics for seed 42:
  Accuracy    = 0.7752
  Macro-F1    = 0.6164
  Weighted-F1 = 0.7648

----- SEED 123 -----
Using device: cuda
Seed: 123
Deterministic mode: True
Deterministic warn_only: True
KD hyperparameters: alpha_start=0.100, alpha_end=0.100, temperature=2.00, logit_mse_weight=0.030, feature_mse_weight=0.030, class_weight_gamma=0.00, sampler_power=0.35, label_smoothing=0.000, student_size=medium
Training: batch_size=64, lr=0.0008, epochs=70, patience=15, weight_decay=0.002, grad_clip=1.0, num_workers=2, disable_augmentation=False, use_weighted_sampler=False
Teacher checkpoint path: checkpoints/teacher/teacher_cnn_seed123.pt
Student checkpoint path: /users/40370279/csc4006/code/experiments/2__temperature_sweep/checkpoints/student_T2_seed123.pt
Training set size: 12957
Validation set size: 1637
Test set size: 1650
Number of leads: 12 classes: 5
Classes: ['CD' 'HYP' 'MI' 'NORM' 'STTC']
Trainable parameters (student): 12809
Total parameters (student): 12809
Estimated model size (MB): 0.051
Teacher pooled dim: 896
Student pooled dim: 28
Class weights: [1. 1. 1. 1. 1.]
Training sampler: standard shuffled loader
[Epoch 001] train_loss=1.1116, train_hard=1.1071, train_soft=1.0480, train_logit_mse=1.8937, train_feature_mse=0.0283, train_acc=0.6038, alpha=0.100, val_acc=0.6237, val_macro_f1=0.2726, val_weighted_f1=0.5242, lr=0.000800, epoch_time=19.05s
  -> New best KD student saved to /users/40370279/csc4006/code/experiments/2__temperature_sweep/checkpoints/student_T2_seed123.pt
[Epoch 002] train_loss=0.7446, train_hard=0.8626, train_soft=0.6865, train_logit_mse=1.3329, train_feature_mse=0.0178, train_acc=0.7082, alpha=0.100, val_acc=0.7172, val_macro_f1=0.4859, val_weighted_f1=0.6799, lr=0.000798, epoch_time=17.97s
  -> New best KD student saved to /users/40370279/csc4006/code/experiments/2__temperature_sweep/checkpoints/student_T2_seed123.pt
[Epoch 003] train_loss=0.5630, train_hard=0.7619, train_soft=0.5065, train_logit_mse=1.0187, train_feature_mse=0.0136, train_acc=0.7487, alpha=0.100, val_acc=0.7440, val_macro_f1=0.5333, val_weighted_f1=0.7131, lr=0.000796, epoch_time=17.75s
  -> New best KD student saved to /users/40370279/csc4006/code/experiments/2__temperature_sweep/checkpoints/student_T2_seed123.pt
[Epoch 004] train_loss=0.4836, train_hard=0.7191, train_soft=0.4283, train_logit_mse=0.8627, train_feature_mse=0.0090, train_acc=0.7621, alpha=0.100, val_acc=0.7379, val_macro_f1=0.5211, val_weighted_f1=0.7029, lr=0.000794, epoch_time=17.99s
[Epoch 005] train_loss=0.4273, train_hard=0.6846, train_soft=0.3732, train_logit_mse=0.7613, train_feature_mse=0.0054, train_acc=0.7743, alpha=0.100, val_acc=0.7379, val_macro_f1=0.5277, val_weighted_f1=0.7054, lr=0.000790, epoch_time=17.71s
[Epoch 006] train_loss=0.4014, train_hard=0.6703, train_soft=0.3478, train_logit_mse=0.7081, train_feature_mse=0.0034, train_acc=0.7819, alpha=0.100, val_acc=0.7404, val_macro_f1=0.5728, val_weighted_f1=0.7269, lr=0.000786, epoch_time=17.94s
  -> New best KD student saved to /users/40370279/csc4006/code/experiments/2__temperature_sweep/checkpoints/student_T2_seed123.pt
[Epoch 007] train_loss=0.3766, train_hard=0.6567, train_soft=0.3232, train_logit_mse=0.6671, train_feature_mse=0.0022, train_acc=0.7807, alpha=0.100, val_acc=0.7428, val_macro_f1=0.5638, val_weighted_f1=0.7187, lr=0.000781, epoch_time=17.74s
[Epoch 008] train_loss=0.3650, train_hard=0.6481, train_soft=0.3121, train_logit_mse=0.6423, train_feature_mse=0.0015, train_acc=0.7842, alpha=0.100, val_acc=0.7593, val_macro_f1=0.5765, val_weighted_f1=0.7390, lr=0.000775, epoch_time=17.92s
  -> New best KD student saved to /users/40370279/csc4006/code/experiments/2__temperature_sweep/checkpoints/student_T2_seed123.pt
[Epoch 009] train_loss=0.3495, train_hard=0.6402, train_soft=0.2968, train_logit_mse=0.6106, train_feature_mse=0.0012, train_acc=0.7887, alpha=0.100, val_acc=0.7520, val_macro_f1=0.5730, val_weighted_f1=0.7305, lr=0.000768, epoch_time=17.79s
[Epoch 010] train_loss=0.3411, train_hard=0.6345, train_soft=0.2885, train_logit_mse=0.5984, train_feature_mse=0.0011, train_acc=0.7890, alpha=0.100, val_acc=0.7477, val_macro_f1=0.5773, val_weighted_f1=0.7261, lr=0.000761, epoch_time=17.84s
  -> New best KD student saved to /users/40370279/csc4006/code/experiments/2__temperature_sweep/checkpoints/student_T2_seed123.pt
[Epoch 011] train_loss=0.3295, train_hard=0.6217, train_soft=0.2778, train_logit_mse=0.5742, train_feature_mse=0.0010, train_acc=0.7947, alpha=0.100, val_acc=0.7495, val_macro_f1=0.5721, val_weighted_f1=0.7265, lr=0.000753, epoch_time=17.96s
[Epoch 012] train_loss=0.3217, train_hard=0.6175, train_soft=0.2701, train_logit_mse=0.5625, train_feature_mse=0.0010, train_acc=0.7963, alpha=0.100, val_acc=0.7618, val_macro_f1=0.6014, val_weighted_f1=0.7440, lr=0.000744, epoch_time=17.91s
  -> New best KD student saved to /users/40370279/csc4006/code/experiments/2__temperature_sweep/checkpoints/student_T2_seed123.pt
[Epoch 013] train_loss=0.3139, train_hard=0.6130, train_soft=0.2624, train_logit_mse=0.5476, train_feature_mse=0.0009, train_acc=0.7942, alpha=0.100, val_acc=0.7544, val_macro_f1=0.5836, val_weighted_f1=0.7332, lr=0.000735, epoch_time=17.98s
[Epoch 014] train_loss=0.3093, train_hard=0.6097, train_soft=0.2578, train_logit_mse=0.5416, train_feature_mse=0.0009, train_acc=0.7980, alpha=0.100, val_acc=0.7679, val_macro_f1=0.6219, val_weighted_f1=0.7545, lr=0.000725, epoch_time=17.83s
  -> New best KD student saved to /users/40370279/csc4006/code/experiments/2__temperature_sweep/checkpoints/student_T2_seed123.pt
[Epoch 015] train_loss=0.3009, train_hard=0.6047, train_soft=0.2497, train_logit_mse=0.5229, train_feature_mse=0.0009, train_acc=0.8000, alpha=0.100, val_acc=0.7703, val_macro_f1=0.6149, val_weighted_f1=0.7561, lr=0.000714, epoch_time=17.82s
[Epoch 016] train_loss=0.2973, train_hard=0.6029, train_soft=0.2461, train_logit_mse=0.5177, train_feature_mse=0.0008, train_acc=0.7994, alpha=0.100, val_acc=0.7575, val_macro_f1=0.6154, val_weighted_f1=0.7475, lr=0.000702, epoch_time=17.71s
[Epoch 017] train_loss=0.2894, train_hard=0.5953, train_soft=0.2385, train_logit_mse=0.5071, train_feature_mse=0.0008, train_acc=0.8042, alpha=0.100, val_acc=0.7599, val_macro_f1=0.6155, val_weighted_f1=0.7466, lr=0.000691, epoch_time=17.98s
[Epoch 018] train_loss=0.2873, train_hard=0.5960, train_soft=0.2363, train_logit_mse=0.5009, train_feature_mse=0.0008, train_acc=0.8057, alpha=0.100, val_acc=0.7709, val_macro_f1=0.6429, val_weighted_f1=0.7641, lr=0.000678, epoch_time=17.85s
  -> New best KD student saved to /users/40370279/csc4006/code/experiments/2__temperature_sweep/checkpoints/student_T2_seed123.pt
[Epoch 019] train_loss=0.2774, train_hard=0.5888, train_soft=0.2267, train_logit_mse=0.4833, train_feature_mse=0.0007, train_acc=0.8051, alpha=0.100, val_acc=0.7776, val_macro_f1=0.6338, val_weighted_f1=0.7678, lr=0.000665, epoch_time=17.82s
[Epoch 020] train_loss=0.2784, train_hard=0.5833, train_soft=0.2283, train_logit_mse=0.4855, train_feature_mse=0.0007, train_acc=0.8049, alpha=0.100, val_acc=0.7581, val_macro_f1=0.6099, val_weighted_f1=0.7424, lr=0.000651, epoch_time=17.82s
[Epoch 021] train_loss=0.2727, train_hard=0.5852, train_soft=0.2221, train_logit_mse=0.4754, train_feature_mse=0.0007, train_acc=0.8055, alpha=0.100, val_acc=0.7569, val_macro_f1=0.6165, val_weighted_f1=0.7458, lr=0.000637, epoch_time=17.87s
[Epoch 022] train_loss=0.2686, train_hard=0.5796, train_soft=0.2185, train_logit_mse=0.4659, train_feature_mse=0.0007, train_acc=0.8086, alpha=0.100, val_acc=0.7544, val_macro_f1=0.6302, val_weighted_f1=0.7527, lr=0.000623, epoch_time=17.92s
[Epoch 023] train_loss=0.2638, train_hard=0.5755, train_soft=0.2139, train_logit_mse=0.4579, train_feature_mse=0.0007, train_acc=0.8101, alpha=0.100, val_acc=0.7758, val_macro_f1=0.6394, val_weighted_f1=0.7686, lr=0.000608, epoch_time=17.97s
[Epoch 024] train_loss=0.2639, train_hard=0.5781, train_soft=0.2136, train_logit_mse=0.4599, train_feature_mse=0.0007, train_acc=0.8124, alpha=0.100, val_acc=0.7550, val_macro_f1=0.6006, val_weighted_f1=0.7370, lr=0.000592, epoch_time=17.83s
[Epoch 025] train_loss=0.2596, train_hard=0.5743, train_soft=0.2095, train_logit_mse=0.4525, train_feature_mse=0.0006, train_acc=0.8109, alpha=0.100, val_acc=0.7575, val_macro_f1=0.6224, val_weighted_f1=0.7449, lr=0.000576, epoch_time=17.83s
[Epoch 026] train_loss=0.2551, train_hard=0.5719, train_soft=0.2050, train_logit_mse=0.4437, train_feature_mse=0.0006, train_acc=0.8108, alpha=0.100, val_acc=0.7557, val_macro_f1=0.5955, val_weighted_f1=0.7348, lr=0.000560, epoch_time=17.86s
[Epoch 027] train_loss=0.2531, train_hard=0.5693, train_soft=0.2032, train_logit_mse=0.4408, train_feature_mse=0.0006, train_acc=0.8094, alpha=0.100, val_acc=0.7666, val_macro_f1=0.6296, val_weighted_f1=0.7565, lr=0.000544, epoch_time=17.83s
[Epoch 028] train_loss=0.2479, train_hard=0.5625, train_soft=0.1986, train_logit_mse=0.4319, train_feature_mse=0.0006, train_acc=0.8142, alpha=0.100, val_acc=0.7709, val_macro_f1=0.6456, val_weighted_f1=0.7667, lr=0.000527, epoch_time=17.77s
  -> New best KD student saved to /users/40370279/csc4006/code/experiments/2__temperature_sweep/checkpoints/student_T2_seed123.pt
[Epoch 029] train_loss=0.2524, train_hard=0.5689, train_soft=0.2027, train_logit_mse=0.4367, train_feature_mse=0.0006, train_acc=0.8110, alpha=0.100, val_acc=0.7599, val_macro_f1=0.6217, val_weighted_f1=0.7478, lr=0.000510, epoch_time=17.81s
[Epoch 030] train_loss=0.2478, train_hard=0.5644, train_soft=0.1982, train_logit_mse=0.4319, train_feature_mse=0.0006, train_acc=0.8136, alpha=0.100, val_acc=0.7679, val_macro_f1=0.6368, val_weighted_f1=0.7577, lr=0.000493, epoch_time=17.92s
[Epoch 031] train_loss=0.2435, train_hard=0.5621, train_soft=0.1939, train_logit_mse=0.4232, train_feature_mse=0.0006, train_acc=0.8137, alpha=0.100, val_acc=0.7630, val_macro_f1=0.6283, val_weighted_f1=0.7518, lr=0.000476, epoch_time=17.86s
[Epoch 032] train_loss=0.2446, train_hard=0.5631, train_soft=0.1951, train_logit_mse=0.4243, train_feature_mse=0.0006, train_acc=0.8109, alpha=0.100, val_acc=0.7630, val_macro_f1=0.6375, val_weighted_f1=0.7560, lr=0.000458, epoch_time=17.69s
[Epoch 033] train_loss=0.2403, train_hard=0.5615, train_soft=0.1907, train_logit_mse=0.4159, train_feature_mse=0.0006, train_acc=0.8144, alpha=0.100, val_acc=0.7526, val_macro_f1=0.6186, val_weighted_f1=0.7429, lr=0.000440, epoch_time=17.80s
[Epoch 034] train_loss=0.2377, train_hard=0.5581, train_soft=0.1883, train_logit_mse=0.4136, train_feature_mse=0.0006, train_acc=0.8159, alpha=0.100, val_acc=0.7666, val_macro_f1=0.6167, val_weighted_f1=0.7523, lr=0.000423, epoch_time=17.81s
[Epoch 035] train_loss=0.2368, train_hard=0.5589, train_soft=0.1873, train_logit_mse=0.4103, train_feature_mse=0.0006, train_acc=0.8152, alpha=0.100, val_acc=0.7587, val_macro_f1=0.6361, val_weighted_f1=0.7551, lr=0.000405, epoch_time=17.74s
[Epoch 036] train_loss=0.2346, train_hard=0.5536, train_soft=0.1856, train_logit_mse=0.4073, train_feature_mse=0.0005, train_acc=0.8172, alpha=0.100, val_acc=0.7587, val_macro_f1=0.6385, val_weighted_f1=0.7562, lr=0.000387, epoch_time=17.80s
[Epoch 037] train_loss=0.2324, train_hard=0.5540, train_soft=0.1833, train_logit_mse=0.4023, train_feature_mse=0.0005, train_acc=0.8146, alpha=0.100, val_acc=0.7697, val_macro_f1=0.6431, val_weighted_f1=0.7642, lr=0.000370, epoch_time=17.74s
[Epoch 038] train_loss=0.2325, train_hard=0.5548, train_soft=0.1831, train_logit_mse=0.4046, train_feature_mse=0.0005, train_acc=0.8178, alpha=0.100, val_acc=0.7611, val_macro_f1=0.6353, val_weighted_f1=0.7531, lr=0.000352, epoch_time=17.86s
[Epoch 039] train_loss=0.2292, train_hard=0.5540, train_soft=0.1798, train_logit_mse=0.3980, train_feature_mse=0.0005, train_acc=0.8159, alpha=0.100, val_acc=0.7660, val_macro_f1=0.6361, val_weighted_f1=0.7560, lr=0.000334, epoch_time=17.90s
[Epoch 040] train_loss=0.2297, train_hard=0.5520, train_soft=0.1806, train_logit_mse=0.3986, train_feature_mse=0.0005, train_acc=0.8172, alpha=0.100, val_acc=0.7538, val_macro_f1=0.6246, val_weighted_f1=0.7435, lr=0.000317, epoch_time=17.87s
[Epoch 041] train_loss=0.2290, train_hard=0.5528, train_soft=0.1798, train_logit_mse=0.3950, train_feature_mse=0.0005, train_acc=0.8189, alpha=0.100, val_acc=0.7660, val_macro_f1=0.6345, val_weighted_f1=0.7566, lr=0.000300, epoch_time=17.93s
[Epoch 042] train_loss=0.2262, train_hard=0.5493, train_soft=0.1772, train_logit_mse=0.3929, train_feature_mse=0.0005, train_acc=0.8178, alpha=0.100, val_acc=0.7557, val_macro_f1=0.6263, val_weighted_f1=0.7470, lr=0.000283, epoch_time=17.88s
[Epoch 043] train_loss=0.2244, train_hard=0.5457, train_soft=0.1756, train_logit_mse=0.3906, train_feature_mse=0.0005, train_acc=0.8198, alpha=0.100, val_acc=0.7648, val_macro_f1=0.6307, val_weighted_f1=0.7529, lr=0.000266, epoch_time=17.79s
Early stopping triggered.
Loaded best KD student checkpoint for final test evaluation.
Best validation macro-F1: 0.6456
Best epoch: 28
Time to best model: 502.82 seconds
Checkpoint size (MB): 0.174
Student size: medium
Teacher used: checkpoints/teacher/teacher_cnn_seed123.pt
Teacher arch: TeacherCNN
Teacher size: large
Checkpoint seed: 123
Test accuracy (KD student): 0.7776
Test macro-F1 (KD student): 0.6258
Test weighted-F1 (KD student): 0.7720
Test classification report:
              precision    recall  f1-score   support

           0       0.81      0.68      0.74       184
           1       0.15      0.14      0.15        56
           2       0.73      0.65      0.69       256
           3       0.82      0.91      0.86       912
           4       0.76      0.63      0.69       242

    accuracy                           0.78      1650
   macro avg       0.65      0.60      0.63      1650
weighted avg       0.77      0.78      0.77      1650

Test confusion matrix:
[[126   4   7  43   4]
 [  1   8   6  37   4]
 [ 12   3 166  57  18]
 [ 12  21  26 830  23]
 [  5  16  21  47 153]]
Inference latency: 1.4753 ms/sample
Parsed metrics for seed 123:
  Accuracy    = 0.7776
  Macro-F1    = 0.6258
  Weighted-F1 = 0.7720

----- SEED 999 -----
Using device: cuda
Seed: 999
Deterministic mode: True
Deterministic warn_only: True
KD hyperparameters: alpha_start=0.100, alpha_end=0.100, temperature=2.00, logit_mse_weight=0.030, feature_mse_weight=0.030, class_weight_gamma=0.00, sampler_power=0.35, label_smoothing=0.000, student_size=medium
Training: batch_size=64, lr=0.0008, epochs=70, patience=15, weight_decay=0.002, grad_clip=1.0, num_workers=2, disable_augmentation=False, use_weighted_sampler=False
Teacher checkpoint path: checkpoints/teacher/teacher_cnn_seed999.pt
Student checkpoint path: /users/40370279/csc4006/code/experiments/2__temperature_sweep/checkpoints/student_T2_seed999.pt
Training set size: 12957
Validation set size: 1637
Test set size: 1650
Number of leads: 12 classes: 5
Classes: ['CD' 'HYP' 'MI' 'NORM' 'STTC']
Trainable parameters (student): 12809
Total parameters (student): 12809
Estimated model size (MB): 0.051
Teacher pooled dim: 896
Student pooled dim: 28
Class weights: [1. 1. 1. 1. 1.]
Training sampler: standard shuffled loader
[Epoch 001] train_loss=1.3507, train_hard=1.0842, train_soft=1.2999, train_logit_mse=2.3799, train_feature_mse=0.0320, train_acc=0.6047, alpha=0.100, val_acc=0.6811, val_macro_f1=0.4209, val_weighted_f1=0.6370, lr=0.000800, epoch_time=18.90s
  -> New best KD student saved to /users/40370279/csc4006/code/experiments/2__temperature_sweep/checkpoints/student_T2_seed999.pt
[Epoch 002] train_loss=0.9469, train_hard=0.8481, train_soft=0.8983, train_logit_mse=1.7658, train_feature_mse=0.0207, train_acc=0.7065, alpha=0.100, val_acc=0.7111, val_macro_f1=0.4772, val_weighted_f1=0.6751, lr=0.000798, epoch_time=18.00s
  -> New best KD student saved to /users/40370279/csc4006/code/experiments/2__temperature_sweep/checkpoints/student_T2_seed999.pt
[Epoch 003] train_loss=0.7496, train_hard=0.7479, train_soft=0.7017, train_logit_mse=1.4255, train_feature_mse=0.0153, train_acc=0.7559, alpha=0.100, val_acc=0.7434, val_macro_f1=0.5371, val_weighted_f1=0.7191, lr=0.000796, epoch_time=17.75s
  -> New best KD student saved to /users/40370279/csc4006/code/experiments/2__temperature_sweep/checkpoints/student_T2_seed999.pt
[Epoch 004] train_loss=0.6576, train_hard=0.7054, train_soft=0.6109, train_logit_mse=1.2323, train_feature_mse=0.0081, train_acc=0.7673, alpha=0.100, val_acc=0.7459, val_macro_f1=0.5398, val_weighted_f1=0.7189, lr=0.000794, epoch_time=17.84s
  -> New best KD student saved to /users/40370279/csc4006/code/experiments/2__temperature_sweep/checkpoints/student_T2_seed999.pt
[Epoch 005] train_loss=0.6059, train_hard=0.6813, train_soft=0.5597, train_logit_mse=1.1292, train_feature_mse=0.0046, train_acc=0.7779, alpha=0.100, val_acc=0.7495, val_macro_f1=0.5492, val_weighted_f1=0.7275, lr=0.000790, epoch_time=17.89s
  -> New best KD student saved to /users/40370279/csc4006/code/experiments/2__temperature_sweep/checkpoints/student_T2_seed999.pt
[Epoch 006] train_loss=0.5699, train_hard=0.6678, train_soft=0.5236, train_logit_mse=1.0601, train_feature_mse=0.0028, train_acc=0.7787, alpha=0.100, val_acc=0.7575, val_macro_f1=0.5538, val_weighted_f1=0.7315, lr=0.000786, epoch_time=17.62s
  -> New best KD student saved to /users/40370279/csc4006/code/experiments/2__temperature_sweep/checkpoints/student_T2_seed999.pt
[Epoch 007] train_loss=0.5479, train_hard=0.6564, train_soft=0.5018, train_logit_mse=1.0176, train_feature_mse=0.0018, train_acc=0.7821, alpha=0.100, val_acc=0.7654, val_macro_f1=0.5748, val_weighted_f1=0.7418, lr=0.000781, epoch_time=17.81s
  -> New best KD student saved to /users/40370279/csc4006/code/experiments/2__temperature_sweep/checkpoints/student_T2_seed999.pt
[Epoch 008] train_loss=0.5193, train_hard=0.6380, train_soft=0.4739, train_logit_mse=0.9624, train_feature_mse=0.0014, train_acc=0.7890, alpha=0.100, val_acc=0.7483, val_macro_f1=0.5627, val_weighted_f1=0.7279, lr=0.000775, epoch_time=18.03s
[Epoch 009] train_loss=0.4937, train_hard=0.6244, train_soft=0.4486, train_logit_mse=0.9182, train_feature_mse=0.0013, train_acc=0.7946, alpha=0.100, val_acc=0.7538, val_macro_f1=0.5785, val_weighted_f1=0.7371, lr=0.000768, epoch_time=17.78s
  -> New best KD student saved to /users/40370279/csc4006/code/experiments/2__temperature_sweep/checkpoints/student_T2_seed999.pt
[Epoch 010] train_loss=0.4844, train_hard=0.6228, train_soft=0.4389, train_logit_mse=0.9025, train_feature_mse=0.0012, train_acc=0.7905, alpha=0.100, val_acc=0.7569, val_macro_f1=0.5795, val_weighted_f1=0.7404, lr=0.000761, epoch_time=17.75s
  -> New best KD student saved to /users/40370279/csc4006/code/experiments/2__temperature_sweep/checkpoints/student_T2_seed999.pt
[Epoch 011] train_loss=0.4746, train_hard=0.6185, train_soft=0.4292, train_logit_mse=0.8833, train_feature_mse=0.0012, train_acc=0.7981, alpha=0.100, val_acc=0.7440, val_macro_f1=0.5638, val_weighted_f1=0.7228, lr=0.000753, epoch_time=17.83s
[Epoch 012] train_loss=0.4641, train_hard=0.6101, train_soft=0.4189, train_logit_mse=0.8671, train_feature_mse=0.0011, train_acc=0.7979, alpha=0.100, val_acc=0.7581, val_macro_f1=0.6029, val_weighted_f1=0.7497, lr=0.000744, epoch_time=17.85s
  -> New best KD student saved to /users/40370279/csc4006/code/experiments/2__temperature_sweep/checkpoints/student_T2_seed999.pt
[Epoch 013] train_loss=0.4554, train_hard=0.6053, train_soft=0.4104, train_logit_mse=0.8492, train_feature_mse=0.0011, train_acc=0.7990, alpha=0.100, val_acc=0.7611, val_macro_f1=0.5963, val_weighted_f1=0.7487, lr=0.000735, epoch_time=17.89s
[Epoch 014] train_loss=0.4440, train_hard=0.6019, train_soft=0.3990, train_logit_mse=0.8240, train_feature_mse=0.0010, train_acc=0.8000, alpha=0.100, val_acc=0.7575, val_macro_f1=0.6028, val_weighted_f1=0.7472, lr=0.000725, epoch_time=17.80s
[Epoch 015] train_loss=0.4356, train_hard=0.5965, train_soft=0.3905, train_logit_mse=0.8167, train_feature_mse=0.0010, train_acc=0.8006, alpha=0.100, val_acc=0.7605, val_macro_f1=0.5868, val_weighted_f1=0.7413, lr=0.000714, epoch_time=17.84s
[Epoch 016] train_loss=0.4276, train_hard=0.5898, train_soft=0.3830, train_logit_mse=0.7965, train_feature_mse=0.0010, train_acc=0.8033, alpha=0.100, val_acc=0.7618, val_macro_f1=0.6068, val_weighted_f1=0.7536, lr=0.000702, epoch_time=17.83s
  -> New best KD student saved to /users/40370279/csc4006/code/experiments/2__temperature_sweep/checkpoints/student_T2_seed999.pt
[Epoch 017] train_loss=0.4208, train_hard=0.5902, train_soft=0.3758, train_logit_mse=0.7852, train_feature_mse=0.0010, train_acc=0.8021, alpha=0.100, val_acc=0.7636, val_macro_f1=0.6202, val_weighted_f1=0.7559, lr=0.000691, epoch_time=17.87s
  -> New best KD student saved to /users/40370279/csc4006/code/experiments/2__temperature_sweep/checkpoints/student_T2_seed999.pt
[Epoch 018] train_loss=0.4124, train_hard=0.5808, train_soft=0.3679, train_logit_mse=0.7715, train_feature_mse=0.0009, train_acc=0.8067, alpha=0.100, val_acc=0.7605, val_macro_f1=0.6055, val_weighted_f1=0.7509, lr=0.000678, epoch_time=17.74s
[Epoch 019] train_loss=0.4090, train_hard=0.5812, train_soft=0.3644, train_logit_mse=0.7641, train_feature_mse=0.0009, train_acc=0.8074, alpha=0.100, val_acc=0.7593, val_macro_f1=0.6043, val_weighted_f1=0.7484, lr=0.000665, epoch_time=17.83s
[Epoch 020] train_loss=0.4036, train_hard=0.5777, train_soft=0.3590, train_logit_mse=0.7542, train_feature_mse=0.0009, train_acc=0.8091, alpha=0.100, val_acc=0.7550, val_macro_f1=0.6061, val_weighted_f1=0.7491, lr=0.000651, epoch_time=17.81s
[Epoch 021] train_loss=0.3953, train_hard=0.5729, train_soft=0.3509, train_logit_mse=0.7406, train_feature_mse=0.0009, train_acc=0.8096, alpha=0.100, val_acc=0.7550, val_macro_f1=0.6044, val_weighted_f1=0.7488, lr=0.000637, epoch_time=17.84s
[Epoch 022] train_loss=0.3983, train_hard=0.5784, train_soft=0.3536, train_logit_mse=0.7395, train_feature_mse=0.0009, train_acc=0.8066, alpha=0.100, val_acc=0.7532, val_macro_f1=0.6070, val_weighted_f1=0.7440, lr=0.000623, epoch_time=17.77s
[Epoch 023] train_loss=0.3855, train_hard=0.5681, train_soft=0.3411, train_logit_mse=0.7201, train_feature_mse=0.0008, train_acc=0.8095, alpha=0.100, val_acc=0.7514, val_macro_f1=0.5874, val_weighted_f1=0.7332, lr=0.000608, epoch_time=17.86s
[Epoch 024] train_loss=0.3805, train_hard=0.5625, train_soft=0.3364, train_logit_mse=0.7132, train_feature_mse=0.0008, train_acc=0.8131, alpha=0.100, val_acc=0.7618, val_macro_f1=0.6169, val_weighted_f1=0.7551, lr=0.000592, epoch_time=17.73s
[Epoch 025] train_loss=0.3778, train_hard=0.5603, train_soft=0.3339, train_logit_mse=0.7081, train_feature_mse=0.0008, train_acc=0.8148, alpha=0.100, val_acc=0.7550, val_macro_f1=0.6230, val_weighted_f1=0.7528, lr=0.000576, epoch_time=17.86s
  -> New best KD student saved to /users/40370279/csc4006/code/experiments/2__temperature_sweep/checkpoints/student_T2_seed999.pt
[Epoch 026] train_loss=0.3734, train_hard=0.5601, train_soft=0.3292, train_logit_mse=0.7007, train_feature_mse=0.0008, train_acc=0.8116, alpha=0.100, val_acc=0.7593, val_macro_f1=0.6164, val_weighted_f1=0.7486, lr=0.000560, epoch_time=17.87s
[Epoch 027] train_loss=0.3682, train_hard=0.5568, train_soft=0.3242, train_logit_mse=0.6903, train_feature_mse=0.0008, train_acc=0.8126, alpha=0.100, val_acc=0.7569, val_macro_f1=0.6041, val_weighted_f1=0.7485, lr=0.000544, epoch_time=17.74s
[Epoch 028] train_loss=0.3650, train_hard=0.5558, train_soft=0.3210, train_logit_mse=0.6829, train_feature_mse=0.0008, train_acc=0.8145, alpha=0.100, val_acc=0.7502, val_macro_f1=0.6059, val_weighted_f1=0.7399, lr=0.000527, epoch_time=17.97s
[Epoch 029] train_loss=0.3557, train_hard=0.5494, train_soft=0.3118, train_logit_mse=0.6701, train_feature_mse=0.0008, train_acc=0.8159, alpha=0.100, val_acc=0.7520, val_macro_f1=0.6095, val_weighted_f1=0.7449, lr=0.000510, epoch_time=17.85s
[Epoch 030] train_loss=0.3619, train_hard=0.5526, train_soft=0.3181, train_logit_mse=0.6783, train_feature_mse=0.0007, train_acc=0.8177, alpha=0.100, val_acc=0.7636, val_macro_f1=0.6227, val_weighted_f1=0.7551, lr=0.000493, epoch_time=17.83s
[Epoch 031] train_loss=0.3562, train_hard=0.5516, train_soft=0.3122, train_logit_mse=0.6659, train_feature_mse=0.0007, train_acc=0.8170, alpha=0.100, val_acc=0.7666, val_macro_f1=0.6239, val_weighted_f1=0.7575, lr=0.000476, epoch_time=17.77s
  -> New best KD student saved to /users/40370279/csc4006/code/experiments/2__temperature_sweep/checkpoints/student_T2_seed999.pt
[Epoch 032] train_loss=0.3493, train_hard=0.5446, train_soft=0.3056, train_logit_mse=0.6587, train_feature_mse=0.0007, train_acc=0.8192, alpha=0.100, val_acc=0.7599, val_macro_f1=0.6158, val_weighted_f1=0.7480, lr=0.000458, epoch_time=17.85s
[Epoch 033] train_loss=0.3479, train_hard=0.5452, train_soft=0.3042, train_logit_mse=0.6525, train_feature_mse=0.0007, train_acc=0.8183, alpha=0.100, val_acc=0.7666, val_macro_f1=0.6122, val_weighted_f1=0.7534, lr=0.000440, epoch_time=17.79s
[Epoch 034] train_loss=0.3460, train_hard=0.5446, train_soft=0.3023, train_logit_mse=0.6496, train_feature_mse=0.0007, train_acc=0.8182, alpha=0.100, val_acc=0.7666, val_macro_f1=0.6236, val_weighted_f1=0.7570, lr=0.000423, epoch_time=17.68s
[Epoch 035] train_loss=0.3444, train_hard=0.5416, train_soft=0.3010, train_logit_mse=0.6449, train_feature_mse=0.0007, train_acc=0.8206, alpha=0.100, val_acc=0.7618, val_macro_f1=0.6187, val_weighted_f1=0.7546, lr=0.000405, epoch_time=17.68s
[Epoch 036] train_loss=0.3404, train_hard=0.5366, train_soft=0.2971, train_logit_mse=0.6447, train_feature_mse=0.0007, train_acc=0.8203, alpha=0.100, val_acc=0.7654, val_macro_f1=0.6203, val_weighted_f1=0.7577, lr=0.000387, epoch_time=17.76s
[Epoch 037] train_loss=0.3372, train_hard=0.5361, train_soft=0.2938, train_logit_mse=0.6371, train_feature_mse=0.0007, train_acc=0.8224, alpha=0.100, val_acc=0.7611, val_macro_f1=0.6054, val_weighted_f1=0.7496, lr=0.000370, epoch_time=17.89s
[Epoch 038] train_loss=0.3351, train_hard=0.5344, train_soft=0.2919, train_logit_mse=0.6314, train_feature_mse=0.0007, train_acc=0.8196, alpha=0.100, val_acc=0.7611, val_macro_f1=0.6059, val_weighted_f1=0.7451, lr=0.000352, epoch_time=17.74s
[Epoch 039] train_loss=0.3337, train_hard=0.5311, train_soft=0.2906, train_logit_mse=0.6324, train_feature_mse=0.0007, train_acc=0.8263, alpha=0.100, val_acc=0.7624, val_macro_f1=0.6173, val_weighted_f1=0.7516, lr=0.000334, epoch_time=17.87s
[Epoch 040] train_loss=0.3361, train_hard=0.5367, train_soft=0.2926, train_logit_mse=0.6350, train_feature_mse=0.0007, train_acc=0.8232, alpha=0.100, val_acc=0.7654, val_macro_f1=0.6187, val_weighted_f1=0.7549, lr=0.000317, epoch_time=17.79s
[Epoch 041] train_loss=0.3303, train_hard=0.5330, train_soft=0.2870, train_logit_mse=0.6227, train_feature_mse=0.0007, train_acc=0.8198, alpha=0.100, val_acc=0.7666, val_macro_f1=0.6279, val_weighted_f1=0.7589, lr=0.000300, epoch_time=17.88s
  -> New best KD student saved to /users/40370279/csc4006/code/experiments/2__temperature_sweep/checkpoints/student_T2_seed999.pt
[Epoch 042] train_loss=0.3279, train_hard=0.5308, train_soft=0.2846, train_logit_mse=0.6206, train_feature_mse=0.0007, train_acc=0.8215, alpha=0.100, val_acc=0.7581, val_macro_f1=0.6192, val_weighted_f1=0.7514, lr=0.000283, epoch_time=17.82s
[Epoch 043] train_loss=0.3255, train_hard=0.5264, train_soft=0.2826, train_logit_mse=0.6177, train_feature_mse=0.0007, train_acc=0.8230, alpha=0.100, val_acc=0.7630, val_macro_f1=0.6222, val_weighted_f1=0.7547, lr=0.000266, epoch_time=17.92s
[Epoch 044] train_loss=0.3262, train_hard=0.5299, train_soft=0.2830, train_logit_mse=0.6163, train_feature_mse=0.0006, train_acc=0.8206, alpha=0.100, val_acc=0.7666, val_macro_f1=0.6236, val_weighted_f1=0.7577, lr=0.000250, epoch_time=17.93s
[Epoch 045] train_loss=0.3275, train_hard=0.5312, train_soft=0.2842, train_logit_mse=0.6212, train_feature_mse=0.0006, train_acc=0.8216, alpha=0.100, val_acc=0.7654, val_macro_f1=0.6226, val_weighted_f1=0.7561, lr=0.000234, epoch_time=17.93s
[Epoch 046] train_loss=0.3224, train_hard=0.5281, train_soft=0.2792, train_logit_mse=0.6099, train_feature_mse=0.0006, train_acc=0.8257, alpha=0.100, val_acc=0.7654, val_macro_f1=0.6195, val_weighted_f1=0.7544, lr=0.000218, epoch_time=17.78s
[Epoch 047] train_loss=0.3242, train_hard=0.5268, train_soft=0.2812, train_logit_mse=0.6141, train_feature_mse=0.0006, train_acc=0.8240, alpha=0.100, val_acc=0.7636, val_macro_f1=0.6199, val_weighted_f1=0.7535, lr=0.000202, epoch_time=17.84s
[Epoch 048] train_loss=0.3160, train_hard=0.5249, train_soft=0.2729, train_logit_mse=0.5981, train_feature_mse=0.0006, train_acc=0.8246, alpha=0.100, val_acc=0.7660, val_macro_f1=0.6188, val_weighted_f1=0.7558, lr=0.000187, epoch_time=17.82s
[Epoch 049] train_loss=0.3171, train_hard=0.5231, train_soft=0.2741, train_logit_mse=0.6010, train_feature_mse=0.0006, train_acc=0.8249, alpha=0.100, val_acc=0.7642, val_macro_f1=0.6170, val_weighted_f1=0.7511, lr=0.000173, epoch_time=17.80s
[Epoch 050] train_loss=0.3188, train_hard=0.5228, train_soft=0.2759, train_logit_mse=0.6043, train_feature_mse=0.0006, train_acc=0.8244, alpha=0.100, val_acc=0.7618, val_macro_f1=0.6266, val_weighted_f1=0.7558, lr=0.000159, epoch_time=17.83s
[Epoch 051] train_loss=0.3128, train_hard=0.5191, train_soft=0.2701, train_logit_mse=0.5933, train_feature_mse=0.0006, train_acc=0.8261, alpha=0.100, val_acc=0.7544, val_macro_f1=0.6133, val_weighted_f1=0.7462, lr=0.000145, epoch_time=17.89s
[Epoch 052] train_loss=0.3136, train_hard=0.5192, train_soft=0.2709, train_logit_mse=0.5947, train_feature_mse=0.0006, train_acc=0.8297, alpha=0.100, val_acc=0.7599, val_macro_f1=0.6147, val_weighted_f1=0.7492, lr=0.000132, epoch_time=17.99s
[Epoch 053] train_loss=0.3143, train_hard=0.5204, train_soft=0.2716, train_logit_mse=0.5947, train_feature_mse=0.0006, train_acc=0.8248, alpha=0.100, val_acc=0.7611, val_macro_f1=0.6153, val_weighted_f1=0.7501, lr=0.000119, epoch_time=17.88s
[Epoch 054] train_loss=0.3131, train_hard=0.5199, train_soft=0.2704, train_logit_mse=0.5924, train_feature_mse=0.0006, train_acc=0.8287, alpha=0.100, val_acc=0.7654, val_macro_f1=0.6247, val_weighted_f1=0.7567, lr=0.000108, epoch_time=17.97s
[Epoch 055] train_loss=0.3077, train_hard=0.5148, train_soft=0.2652, train_logit_mse=0.5848, train_feature_mse=0.0006, train_acc=0.8289, alpha=0.100, val_acc=0.7581, val_macro_f1=0.6154, val_weighted_f1=0.7497, lr=0.000096, epoch_time=17.90s
[Epoch 056] train_loss=0.3097, train_hard=0.5202, train_soft=0.2667, train_logit_mse=0.5876, train_feature_mse=0.0006, train_acc=0.8279, alpha=0.100, val_acc=0.7611, val_macro_f1=0.6175, val_weighted_f1=0.7516, lr=0.000085, epoch_time=17.74s
Early stopping triggered.
Loaded best KD student checkpoint for final test evaluation.
Best validation macro-F1: 0.6279
Best epoch: 41
Time to best model: 738.09 seconds
Checkpoint size (MB): 0.174
Student size: medium
Teacher used: checkpoints/teacher/teacher_cnn_seed999.pt
Teacher arch: TeacherCNN
Teacher size: large
Checkpoint seed: 999
Test accuracy (KD student): 0.7733
Test macro-F1 (KD student): 0.6231
Test weighted-F1 (KD student): 0.7643
Test classification report:
              precision    recall  f1-score   support

           0       0.85      0.67      0.75       184
           1       0.17      0.14      0.16        56
           2       0.82      0.55      0.66       256
           3       0.79      0.92      0.85       912
           4       0.73      0.67      0.70       242

    accuracy                           0.77      1650
   macro avg       0.67      0.59      0.62      1650
weighted avg       0.77      0.77      0.76      1650

Test confusion matrix:
[[124   3   6  45   6]
 [  1   8   3  38   6]
 [  5   1 141  84  25]
 [ 10  22  16 841  23]
 [  6  12   7  55 162]]
Inference latency: 1.4364 ms/sample
Parsed metrics for seed 999:
  Accuracy    = 0.7733
  Macro-F1    = 0.6231
  Weighted-F1 = 0.7643

===== EXPERIMENT 2 SUMMARY: T = 2 =====
Temperature  : 2
Seeds        : 42 123 999
Accuracy     : 0.7754 ± 0.0018
Macro F1     : 0.6218 ± 0.0040
Weighted F1  : 0.7670 ± 0.0035

Finished at: Sat Mar 28 15:56:33 GMT 2026
