[38;5;127mpython3[0m/[38;5;172m3.10.5[0m/[38;5;67mgcc-9.3.0[0m
 |
 [0;32mOK[0m
[38;5;127mgcc[0m/[38;5;172m9.3.0[0m
 |
 [0;32mOK[0m
===== EXPERIMENT 2: TEMPERATURE = 32 =====
Teacher checkpoints source: /users/40370279/csc4006/code/checkpoints/teacher
Student outputs directory : /users/40370279/csc4006/code/experiments/2__temperature_sweep
This job runs multiple seeds: 42, 123, 999
Job ID: 7991908
Host: gpu105.pri.kelvin2.alces.network
Start time: Sat Mar 28 15:57:42 GMT 2026

----- SEED 42 -----
Using device: cuda
Seed: 42
Deterministic mode: True
Deterministic warn_only: True
KD hyperparameters: alpha_start=0.100, alpha_end=0.100, temperature=32.00, logit_mse_weight=0.030, feature_mse_weight=0.030, class_weight_gamma=0.00, sampler_power=0.35, label_smoothing=0.000, student_size=medium
Training: batch_size=64, lr=0.0008, epochs=70, patience=15, weight_decay=0.002, grad_clip=1.0, num_workers=2, disable_augmentation=False, use_weighted_sampler=False
Teacher checkpoint path: checkpoints/teacher/teacher_cnn_seed42.pt
Student checkpoint path: /users/40370279/csc4006/code/experiments/2__temperature_sweep/checkpoints/student_T32_seed42.pt
Training set size: 12957
Validation set size: 1637
Test set size: 1650
Number of leads: 12 classes: 5
Classes: ['CD' 'HYP' 'MI' 'NORM' 'STTC']
Trainable parameters (student): 12809
Total parameters (student): 12809
Estimated model size (MB): 0.051
Teacher pooled dim: 896
Student pooled dim: 28
Class weights: [1. 1. 1. 1. 1.]
Training sampler: standard shuffled loader
[Epoch 001] train_loss=1.0139, train_hard=1.1287, train_soft=0.9393, train_logit_mse=1.8238, train_feature_mse=0.0316, train_acc=0.5848, alpha=0.100, val_acc=0.6872, val_macro_f1=0.4497, val_weighted_f1=0.6441, lr=0.000800, epoch_time=19.15s
  -> New best KD student saved to /users/40370279/csc4006/code/experiments/2__temperature_sweep/checkpoints/student_T32_seed42.pt
[Epoch 002] train_loss=0.6271, train_hard=0.8438, train_soft=0.5656, train_logit_mse=1.1016, train_feature_mse=0.0187, train_acc=0.7147, alpha=0.100, val_acc=0.7129, val_macro_f1=0.4819, val_weighted_f1=0.6703, lr=0.000798, epoch_time=17.85s
  -> New best KD student saved to /users/40370279/csc4006/code/experiments/2__temperature_sweep/checkpoints/student_T32_seed42.pt
[Epoch 003] train_loss=0.4839, train_hard=0.7486, train_soft=0.4264, train_logit_mse=0.8334, train_feature_mse=0.0112, train_acc=0.7521, alpha=0.100, val_acc=0.7300, val_macro_f1=0.5235, val_weighted_f1=0.7041, lr=0.000796, epoch_time=17.84s
  -> New best KD student saved to /users/40370279/csc4006/code/experiments/2__temperature_sweep/checkpoints/student_T32_seed42.pt
[Epoch 004] train_loss=0.4151, train_hard=0.7019, train_soft=0.3595, train_logit_mse=0.7036, train_feature_mse=0.0070, train_acc=0.7684, alpha=0.100, val_acc=0.7495, val_macro_f1=0.5459, val_weighted_f1=0.7252, lr=0.000794, epoch_time=17.99s
  -> New best KD student saved to /users/40370279/csc4006/code/experiments/2__temperature_sweep/checkpoints/student_T32_seed42.pt
[Epoch 005] train_loss=0.3778, train_hard=0.6798, train_soft=0.3230, train_logit_mse=0.6320, train_feature_mse=0.0047, train_acc=0.7756, alpha=0.100, val_acc=0.7514, val_macro_f1=0.5572, val_weighted_f1=0.7306, lr=0.000790, epoch_time=17.84s
  -> New best KD student saved to /users/40370279/csc4006/code/experiments/2__temperature_sweep/checkpoints/student_T32_seed42.pt
[Epoch 006] train_loss=0.3593, train_hard=0.6742, train_soft=0.3044, train_logit_mse=0.5955, train_feature_mse=0.0030, train_acc=0.7779, alpha=0.100, val_acc=0.7392, val_macro_f1=0.5225, val_weighted_f1=0.7033, lr=0.000786, epoch_time=17.93s
[Epoch 007] train_loss=0.3339, train_hard=0.6538, train_soft=0.2800, train_logit_mse=0.5480, train_feature_mse=0.0018, train_acc=0.7832, alpha=0.100, val_acc=0.7636, val_macro_f1=0.5683, val_weighted_f1=0.7421, lr=0.000781, epoch_time=17.89s
  -> New best KD student saved to /users/40370279/csc4006/code/experiments/2__temperature_sweep/checkpoints/student_T32_seed42.pt
[Epoch 008] train_loss=0.3268, train_hard=0.6489, train_soft=0.2731, train_logit_mse=0.5341, train_feature_mse=0.0013, train_acc=0.7860, alpha=0.100, val_acc=0.7569, val_macro_f1=0.5516, val_weighted_f1=0.7287, lr=0.000775, epoch_time=17.95s
[Epoch 009] train_loss=0.3093, train_hard=0.6319, train_soft=0.2566, train_logit_mse=0.5021, train_feature_mse=0.0011, train_acc=0.7890, alpha=0.100, val_acc=0.7611, val_macro_f1=0.5641, val_weighted_f1=0.7391, lr=0.000768, epoch_time=17.93s
[Epoch 010] train_loss=0.2980, train_hard=0.6288, train_soft=0.2452, train_logit_mse=0.4798, train_feature_mse=0.0011, train_acc=0.7905, alpha=0.100, val_acc=0.7599, val_macro_f1=0.5661, val_weighted_f1=0.7375, lr=0.000761, epoch_time=17.88s
[Epoch 011] train_loss=0.2909, train_hard=0.6264, train_soft=0.2381, train_logit_mse=0.4657, train_feature_mse=0.0010, train_acc=0.7909, alpha=0.100, val_acc=0.7538, val_macro_f1=0.5522, val_weighted_f1=0.7294, lr=0.000753, epoch_time=17.75s
[Epoch 012] train_loss=0.2798, train_hard=0.6158, train_soft=0.2276, train_logit_mse=0.4452, train_feature_mse=0.0009, train_acc=0.7964, alpha=0.100, val_acc=0.7691, val_macro_f1=0.5894, val_weighted_f1=0.7516, lr=0.000744, epoch_time=17.97s
  -> New best KD student saved to /users/40370279/csc4006/code/experiments/2__temperature_sweep/checkpoints/student_T32_seed42.pt
[Epoch 013] train_loss=0.2745, train_hard=0.6121, train_soft=0.2224, train_logit_mse=0.4351, train_feature_mse=0.0009, train_acc=0.7990, alpha=0.100, val_acc=0.7660, val_macro_f1=0.5751, val_weighted_f1=0.7432, lr=0.000735, epoch_time=17.85s
[Epoch 014] train_loss=0.2688, train_hard=0.6081, train_soft=0.2169, train_logit_mse=0.4244, train_feature_mse=0.0008, train_acc=0.7997, alpha=0.100, val_acc=0.7593, val_macro_f1=0.5742, val_weighted_f1=0.7371, lr=0.000725, epoch_time=17.82s
[Epoch 015] train_loss=0.2633, train_hard=0.6048, train_soft=0.2116, train_logit_mse=0.4140, train_feature_mse=0.0008, train_acc=0.8013, alpha=0.100, val_acc=0.7642, val_macro_f1=0.5788, val_weighted_f1=0.7416, lr=0.000714, epoch_time=17.88s
[Epoch 016] train_loss=0.2589, train_hard=0.5989, train_soft=0.2075, train_logit_mse=0.4060, train_feature_mse=0.0008, train_acc=0.8040, alpha=0.100, val_acc=0.7563, val_macro_f1=0.5704, val_weighted_f1=0.7369, lr=0.000702, epoch_time=17.80s
[Epoch 017] train_loss=0.2548, train_hard=0.6017, train_soft=0.2030, train_logit_mse=0.3972, train_feature_mse=0.0007, train_acc=0.8006, alpha=0.100, val_acc=0.7618, val_macro_f1=0.5894, val_weighted_f1=0.7435, lr=0.000691, epoch_time=17.85s
[Epoch 018] train_loss=0.2504, train_hard=0.5930, train_soft=0.1993, train_logit_mse=0.3900, train_feature_mse=0.0007, train_acc=0.8021, alpha=0.100, val_acc=0.7581, val_macro_f1=0.5680, val_weighted_f1=0.7336, lr=0.000678, epoch_time=17.85s
[Epoch 019] train_loss=0.2461, train_hard=0.5922, train_soft=0.1949, train_logit_mse=0.3815, train_feature_mse=0.0007, train_acc=0.8053, alpha=0.100, val_acc=0.7734, val_macro_f1=0.5966, val_weighted_f1=0.7557, lr=0.000665, epoch_time=17.99s
  -> New best KD student saved to /users/40370279/csc4006/code/experiments/2__temperature_sweep/checkpoints/student_T32_seed42.pt
[Epoch 020] train_loss=0.2471, train_hard=0.5941, train_soft=0.1957, train_logit_mse=0.3830, train_feature_mse=0.0007, train_acc=0.8032, alpha=0.100, val_acc=0.7679, val_macro_f1=0.5966, val_weighted_f1=0.7489, lr=0.000651, epoch_time=17.99s
  -> New best KD student saved to /users/40370279/csc4006/code/experiments/2__temperature_sweep/checkpoints/student_T32_seed42.pt
[Epoch 021] train_loss=0.2410, train_hard=0.5876, train_soft=0.1901, train_logit_mse=0.3720, train_feature_mse=0.0007, train_acc=0.8068, alpha=0.100, val_acc=0.7673, val_macro_f1=0.5886, val_weighted_f1=0.7467, lr=0.000637, epoch_time=17.94s
[Epoch 022] train_loss=0.2372, train_hard=0.5834, train_soft=0.1865, train_logit_mse=0.3652, train_feature_mse=0.0007, train_acc=0.8073, alpha=0.100, val_acc=0.7654, val_macro_f1=0.5704, val_weighted_f1=0.7408, lr=0.000623, epoch_time=17.89s
[Epoch 023] train_loss=0.2311, train_hard=0.5784, train_soft=0.1807, train_logit_mse=0.3537, train_feature_mse=0.0006, train_acc=0.8081, alpha=0.100, val_acc=0.7575, val_macro_f1=0.5790, val_weighted_f1=0.7374, lr=0.000608, epoch_time=17.97s
[Epoch 024] train_loss=0.2333, train_hard=0.5863, train_soft=0.1822, train_logit_mse=0.3570, train_feature_mse=0.0006, train_acc=0.8055, alpha=0.100, val_acc=0.7630, val_macro_f1=0.5977, val_weighted_f1=0.7464, lr=0.000592, epoch_time=17.92s
  -> New best KD student saved to /users/40370279/csc4006/code/experiments/2__temperature_sweep/checkpoints/student_T32_seed42.pt
[Epoch 025] train_loss=0.2324, train_hard=0.5798, train_soft=0.1819, train_logit_mse=0.3561, train_feature_mse=0.0006, train_acc=0.8077, alpha=0.100, val_acc=0.7611, val_macro_f1=0.5951, val_weighted_f1=0.7439, lr=0.000576, epoch_time=17.86s
[Epoch 026] train_loss=0.2234, train_hard=0.5733, train_soft=0.1732, train_logit_mse=0.3392, train_feature_mse=0.0006, train_acc=0.8109, alpha=0.100, val_acc=0.7685, val_macro_f1=0.5811, val_weighted_f1=0.7466, lr=0.000560, epoch_time=17.98s
[Epoch 027] train_loss=0.2269, train_hard=0.5773, train_soft=0.1764, train_logit_mse=0.3454, train_feature_mse=0.0006, train_acc=0.8093, alpha=0.100, val_acc=0.7642, val_macro_f1=0.5884, val_weighted_f1=0.7463, lr=0.000544, epoch_time=17.95s
[Epoch 028] train_loss=0.2223, train_hard=0.5730, train_soft=0.1721, train_logit_mse=0.3371, train_feature_mse=0.0006, train_acc=0.8081, alpha=0.100, val_acc=0.7611, val_macro_f1=0.5891, val_weighted_f1=0.7404, lr=0.000527, epoch_time=17.89s
[Epoch 029] train_loss=0.2229, train_hard=0.5767, train_soft=0.1723, train_logit_mse=0.3374, train_feature_mse=0.0006, train_acc=0.8091, alpha=0.100, val_acc=0.7697, val_macro_f1=0.5946, val_weighted_f1=0.7525, lr=0.000510, epoch_time=17.86s
[Epoch 030] train_loss=0.2217, train_hard=0.5755, train_soft=0.1712, train_logit_mse=0.3352, train_feature_mse=0.0006, train_acc=0.8090, alpha=0.100, val_acc=0.7544, val_macro_f1=0.5835, val_weighted_f1=0.7347, lr=0.000493, epoch_time=17.99s
[Epoch 031] train_loss=0.2204, train_hard=0.5717, train_soft=0.1702, train_logit_mse=0.3332, train_feature_mse=0.0006, train_acc=0.8126, alpha=0.100, val_acc=0.7734, val_macro_f1=0.6145, val_weighted_f1=0.7578, lr=0.000476, epoch_time=17.92s
  -> New best KD student saved to /users/40370279/csc4006/code/experiments/2__temperature_sweep/checkpoints/student_T32_seed42.pt
[Epoch 032] train_loss=0.2167, train_hard=0.5639, train_soft=0.1671, train_logit_mse=0.3274, train_feature_mse=0.0006, train_acc=0.8111, alpha=0.100, val_acc=0.7697, val_macro_f1=0.6005, val_weighted_f1=0.7539, lr=0.000458, epoch_time=17.85s
[Epoch 033] train_loss=0.2142, train_hard=0.5665, train_soft=0.1643, train_logit_mse=0.3218, train_feature_mse=0.0006, train_acc=0.8115, alpha=0.100, val_acc=0.7697, val_macro_f1=0.6048, val_weighted_f1=0.7520, lr=0.000440, epoch_time=17.92s
[Epoch 034] train_loss=0.2137, train_hard=0.5642, train_soft=0.1640, train_logit_mse=0.3213, train_feature_mse=0.0005, train_acc=0.8163, alpha=0.100, val_acc=0.7654, val_macro_f1=0.5866, val_weighted_f1=0.7468, lr=0.000423, epoch_time=18.01s
[Epoch 035] train_loss=0.2113, train_hard=0.5609, train_soft=0.1619, train_logit_mse=0.3173, train_feature_mse=0.0005, train_acc=0.8148, alpha=0.100, val_acc=0.7648, val_macro_f1=0.5947, val_weighted_f1=0.7511, lr=0.000405, epoch_time=17.81s
[Epoch 036] train_loss=0.2121, train_hard=0.5639, train_soft=0.1624, train_logit_mse=0.3180, train_feature_mse=0.0005, train_acc=0.8135, alpha=0.100, val_acc=0.7654, val_macro_f1=0.5883, val_weighted_f1=0.7437, lr=0.000387, epoch_time=17.79s
[Epoch 037] train_loss=0.2085, train_hard=0.5560, train_soft=0.1594, train_logit_mse=0.3125, train_feature_mse=0.0005, train_acc=0.8146, alpha=0.100, val_acc=0.7593, val_macro_f1=0.5912, val_weighted_f1=0.7404, lr=0.000370, epoch_time=18.06s
[Epoch 038] train_loss=0.2078, train_hard=0.5606, train_soft=0.1582, train_logit_mse=0.3100, train_feature_mse=0.0005, train_acc=0.8142, alpha=0.100, val_acc=0.7618, val_macro_f1=0.5971, val_weighted_f1=0.7439, lr=0.000352, epoch_time=17.81s
[Epoch 039] train_loss=0.2048, train_hard=0.5555, train_soft=0.1556, train_logit_mse=0.3050, train_feature_mse=0.0005, train_acc=0.8209, alpha=0.100, val_acc=0.7666, val_macro_f1=0.5950, val_weighted_f1=0.7494, lr=0.000334, epoch_time=17.89s
[Epoch 040] train_loss=0.2056, train_hard=0.5563, train_soft=0.1564, train_logit_mse=0.3064, train_feature_mse=0.0005, train_acc=0.8155, alpha=0.100, val_acc=0.7660, val_macro_f1=0.5945, val_weighted_f1=0.7494, lr=0.000317, epoch_time=17.82s
[Epoch 041] train_loss=0.2026, train_hard=0.5588, train_soft=0.1531, train_logit_mse=0.3000, train_feature_mse=0.0005, train_acc=0.8142, alpha=0.100, val_acc=0.7642, val_macro_f1=0.5918, val_weighted_f1=0.7466, lr=0.000300, epoch_time=17.85s
[Epoch 042] train_loss=0.2008, train_hard=0.5506, train_soft=0.1519, train_logit_mse=0.2978, train_feature_mse=0.0005, train_acc=0.8202, alpha=0.100, val_acc=0.7697, val_macro_f1=0.5932, val_weighted_f1=0.7504, lr=0.000283, epoch_time=17.91s
[Epoch 043] train_loss=0.2012, train_hard=0.5510, train_soft=0.1524, train_logit_mse=0.2986, train_feature_mse=0.0005, train_acc=0.8156, alpha=0.100, val_acc=0.7715, val_macro_f1=0.6114, val_weighted_f1=0.7561, lr=0.000266, epoch_time=17.92s
[Epoch 044] train_loss=0.1991, train_hard=0.5518, train_soft=0.1501, train_logit_mse=0.2943, train_feature_mse=0.0005, train_acc=0.8175, alpha=0.100, val_acc=0.7691, val_macro_f1=0.6111, val_weighted_f1=0.7533, lr=0.000250, epoch_time=17.98s
[Epoch 045] train_loss=0.1972, train_hard=0.5488, train_soft=0.1484, train_logit_mse=0.2909, train_feature_mse=0.0005, train_acc=0.8179, alpha=0.100, val_acc=0.7728, val_macro_f1=0.6025, val_weighted_f1=0.7556, lr=0.000234, epoch_time=17.79s
[Epoch 046] train_loss=0.2011, train_hard=0.5555, train_soft=0.1518, train_logit_mse=0.2974, train_feature_mse=0.0005, train_acc=0.8144, alpha=0.100, val_acc=0.7648, val_macro_f1=0.6122, val_weighted_f1=0.7516, lr=0.000218, epoch_time=17.93s
Early stopping triggered.
Loaded best KD student checkpoint for final test evaluation.
Best validation macro-F1: 0.6145
Best epoch: 31
Time to best model: 559.29 seconds
Checkpoint size (MB): 0.174
Student size: medium
Teacher used: checkpoints/teacher/teacher_cnn_seed42.pt
Teacher arch: TeacherCNN
Teacher size: large
Checkpoint seed: 42
Test accuracy (KD student): 0.7830
Test macro-F1 (KD student): 0.6305
Test weighted-F1 (KD student): 0.7685
Test classification report:
              precision    recall  f1-score   support

           0       0.88      0.66      0.75       184
           1       0.33      0.14      0.20        56
           2       0.81      0.52      0.64       256
           3       0.79      0.95      0.86       912
           4       0.72      0.69      0.70       242

    accuracy                           0.78      1650
   macro avg       0.71      0.59      0.63      1650
weighted avg       0.78      0.78      0.77      1650

Test confusion matrix:
[[121   2   6  49   6]
 [  0   8   4  39   5]
 [  5   0 134  86  31]
 [  8   7  12 862  23]
 [  4   7  10  54 167]]
Inference latency: 1.4463 ms/sample
Parsed metrics for seed 42:
  Accuracy    = 0.7830
  Macro-F1    = 0.6305
  Weighted-F1 = 0.7685

----- SEED 123 -----
Using device: cuda
Seed: 123
Deterministic mode: True
Deterministic warn_only: True
KD hyperparameters: alpha_start=0.100, alpha_end=0.100, temperature=32.00, logit_mse_weight=0.030, feature_mse_weight=0.030, class_weight_gamma=0.00, sampler_power=0.35, label_smoothing=0.000, student_size=medium
Training: batch_size=64, lr=0.0008, epochs=70, patience=15, weight_decay=0.002, grad_clip=1.0, num_workers=2, disable_augmentation=False, use_weighted_sampler=False
Teacher checkpoint path: checkpoints/teacher/teacher_cnn_seed123.pt
Student checkpoint path: /users/40370279/csc4006/code/experiments/2__temperature_sweep/checkpoints/student_T32_seed123.pt
Training set size: 12957
Validation set size: 1637
Test set size: 1650
Number of leads: 12 classes: 5
Classes: ['CD' 'HYP' 'MI' 'NORM' 'STTC']
Trainable parameters (student): 12809
Total parameters (student): 12809
Estimated model size (MB): 0.051
Teacher pooled dim: 896
Student pooled dim: 28
Class weights: [1. 1. 1. 1. 1.]
Training sampler: standard shuffled loader
[Epoch 001] train_loss=1.0286, train_hard=1.1156, train_soft=0.9562, train_logit_mse=1.8523, train_feature_mse=0.0284, train_acc=0.6035, alpha=0.100, val_acc=0.6432, val_macro_f1=0.3187, val_weighted_f1=0.5632, lr=0.000800, epoch_time=19.06s
  -> New best KD student saved to /users/40370279/csc4006/code/experiments/2__temperature_sweep/checkpoints/student_T32_seed123.pt
[Epoch 002] train_loss=0.6641, train_hard=0.8376, train_soft=0.6050, train_logit_mse=1.1759, train_feature_mse=0.0182, train_acc=0.7171, alpha=0.100, val_acc=0.7245, val_macro_f1=0.5022, val_weighted_f1=0.6902, lr=0.000798, epoch_time=18.24s
  -> New best KD student saved to /users/40370279/csc4006/code/experiments/2__temperature_sweep/checkpoints/student_T32_seed123.pt
[Epoch 003] train_loss=0.5090, train_hard=0.7436, train_soft=0.4530, train_logit_mse=0.8836, train_feature_mse=0.0137, train_acc=0.7567, alpha=0.100, val_acc=0.7330, val_macro_f1=0.5163, val_weighted_f1=0.6993, lr=0.000796, epoch_time=17.92s
  -> New best KD student saved to /users/40370279/csc4006/code/experiments/2__temperature_sweep/checkpoints/student_T32_seed123.pt
[Epoch 004] train_loss=0.4497, train_hard=0.7092, train_soft=0.3949, train_logit_mse=0.7707, train_feature_mse=0.0091, train_acc=0.7672, alpha=0.100, val_acc=0.7337, val_macro_f1=0.5109, val_weighted_f1=0.6952, lr=0.000794, epoch_time=17.95s
[Epoch 005] train_loss=0.4082, train_hard=0.6859, train_soft=0.3542, train_logit_mse=0.6913, train_feature_mse=0.0054, train_acc=0.7720, alpha=0.100, val_acc=0.7385, val_macro_f1=0.5361, val_weighted_f1=0.7100, lr=0.000790, epoch_time=17.89s
  -> New best KD student saved to /users/40370279/csc4006/code/experiments/2__temperature_sweep/checkpoints/student_T32_seed123.pt
[Epoch 006] train_loss=0.3872, train_hard=0.6685, train_soft=0.3341, train_logit_mse=0.6520, train_feature_mse=0.0034, train_acc=0.7804, alpha=0.100, val_acc=0.7349, val_macro_f1=0.5500, val_weighted_f1=0.7122, lr=0.000786, epoch_time=18.02s
  -> New best KD student saved to /users/40370279/csc4006/code/experiments/2__temperature_sweep/checkpoints/student_T32_seed123.pt
[Epoch 007] train_loss=0.3673, train_hard=0.6578, train_soft=0.3145, train_logit_mse=0.6138, train_feature_mse=0.0022, train_acc=0.7806, alpha=0.100, val_acc=0.7514, val_macro_f1=0.5729, val_weighted_f1=0.7310, lr=0.000781, epoch_time=17.86s
  -> New best KD student saved to /users/40370279/csc4006/code/experiments/2__temperature_sweep/checkpoints/student_T32_seed123.pt
[Epoch 008] train_loss=0.3579, train_hard=0.6533, train_soft=0.3052, train_logit_mse=0.5957, train_feature_mse=0.0015, train_acc=0.7854, alpha=0.100, val_acc=0.7532, val_macro_f1=0.5826, val_weighted_f1=0.7361, lr=0.000775, epoch_time=17.93s
  -> New best KD student saved to /users/40370279/csc4006/code/experiments/2__temperature_sweep/checkpoints/student_T32_seed123.pt
[Epoch 009] train_loss=0.3428, train_hard=0.6470, train_soft=0.2900, train_logit_mse=0.5662, train_feature_mse=0.0012, train_acc=0.7824, alpha=0.100, val_acc=0.7563, val_macro_f1=0.6076, val_weighted_f1=0.7430, lr=0.000768, epoch_time=17.89s
  -> New best KD student saved to /users/40370279/csc4006/code/experiments/2__temperature_sweep/checkpoints/student_T32_seed123.pt
[Epoch 010] train_loss=0.3377, train_hard=0.6399, train_soft=0.2856, train_logit_mse=0.5573, train_feature_mse=0.0012, train_acc=0.7871, alpha=0.100, val_acc=0.7416, val_macro_f1=0.5717, val_weighted_f1=0.7210, lr=0.000761, epoch_time=17.80s
[Epoch 011] train_loss=0.3245, train_hard=0.6279, train_soft=0.2730, train_logit_mse=0.5326, train_feature_mse=0.0011, train_acc=0.7912, alpha=0.100, val_acc=0.7538, val_macro_f1=0.5802, val_weighted_f1=0.7332, lr=0.000753, epoch_time=17.99s
[Epoch 012] train_loss=0.3199, train_hard=0.6248, train_soft=0.2685, train_logit_mse=0.5240, train_feature_mse=0.0010, train_acc=0.7925, alpha=0.100, val_acc=0.7483, val_macro_f1=0.5790, val_weighted_f1=0.7318, lr=0.000744, epoch_time=17.88s
[Epoch 013] train_loss=0.3068, train_hard=0.6146, train_soft=0.2559, train_logit_mse=0.4998, train_feature_mse=0.0010, train_acc=0.7975, alpha=0.100, val_acc=0.7471, val_macro_f1=0.5645, val_weighted_f1=0.7211, lr=0.000735, epoch_time=17.93s
[Epoch 014] train_loss=0.3027, train_hard=0.6103, train_soft=0.2520, train_logit_mse=0.4923, train_feature_mse=0.0009, train_acc=0.7962, alpha=0.100, val_acc=0.7587, val_macro_f1=0.5981, val_weighted_f1=0.7426, lr=0.000725, epoch_time=17.78s
[Epoch 015] train_loss=0.3013, train_hard=0.6118, train_soft=0.2504, train_logit_mse=0.4889, train_feature_mse=0.0009, train_acc=0.7972, alpha=0.100, val_acc=0.7526, val_macro_f1=0.5638, val_weighted_f1=0.7291, lr=0.000714, epoch_time=17.82s
[Epoch 016] train_loss=0.2943, train_hard=0.6096, train_soft=0.2434, train_logit_mse=0.4752, train_feature_mse=0.0009, train_acc=0.7929, alpha=0.100, val_acc=0.7581, val_macro_f1=0.5970, val_weighted_f1=0.7421, lr=0.000702, epoch_time=17.82s
[Epoch 017] train_loss=0.2900, train_hard=0.6044, train_soft=0.2394, train_logit_mse=0.4676, train_feature_mse=0.0009, train_acc=0.7973, alpha=0.100, val_acc=0.7636, val_macro_f1=0.5950, val_weighted_f1=0.7462, lr=0.000691, epoch_time=17.85s
[Epoch 018] train_loss=0.2866, train_hard=0.6017, train_soft=0.2362, train_logit_mse=0.4614, train_feature_mse=0.0008, train_acc=0.7977, alpha=0.100, val_acc=0.7575, val_macro_f1=0.5863, val_weighted_f1=0.7397, lr=0.000678, epoch_time=17.96s
[Epoch 019] train_loss=0.2781, train_hard=0.5958, train_soft=0.2280, train_logit_mse=0.4454, train_feature_mse=0.0008, train_acc=0.7993, alpha=0.100, val_acc=0.7685, val_macro_f1=0.6278, val_weighted_f1=0.7623, lr=0.000665, epoch_time=17.77s
  -> New best KD student saved to /users/40370279/csc4006/code/experiments/2__temperature_sweep/checkpoints/student_T32_seed123.pt
[Epoch 020] train_loss=0.2765, train_hard=0.5872, train_soft=0.2271, train_logit_mse=0.4436, train_feature_mse=0.0008, train_acc=0.8050, alpha=0.100, val_acc=0.7611, val_macro_f1=0.6033, val_weighted_f1=0.7429, lr=0.000651, epoch_time=17.87s
[Epoch 021] train_loss=0.2717, train_hard=0.5895, train_soft=0.2219, train_logit_mse=0.4336, train_feature_mse=0.0008, train_acc=0.8028, alpha=0.100, val_acc=0.7526, val_macro_f1=0.5945, val_weighted_f1=0.7355, lr=0.000637, epoch_time=17.80s
[Epoch 022] train_loss=0.2673, train_hard=0.5861, train_soft=0.2177, train_logit_mse=0.4255, train_feature_mse=0.0007, train_acc=0.8029, alpha=0.100, val_acc=0.7648, val_macro_f1=0.6064, val_weighted_f1=0.7482, lr=0.000623, epoch_time=17.89s
[Epoch 023] train_loss=0.2657, train_hard=0.5824, train_soft=0.2164, train_logit_mse=0.4227, train_feature_mse=0.0007, train_acc=0.8060, alpha=0.100, val_acc=0.7642, val_macro_f1=0.6151, val_weighted_f1=0.7523, lr=0.000608, epoch_time=17.84s
[Epoch 024] train_loss=0.2624, train_hard=0.5829, train_soft=0.2129, train_logit_mse=0.4161, train_feature_mse=0.0007, train_acc=0.8060, alpha=0.100, val_acc=0.7557, val_macro_f1=0.5930, val_weighted_f1=0.7374, lr=0.000592, epoch_time=17.98s
[Epoch 025] train_loss=0.2614, train_hard=0.5788, train_soft=0.2123, train_logit_mse=0.4147, train_feature_mse=0.0007, train_acc=0.8090, alpha=0.100, val_acc=0.7581, val_macro_f1=0.5958, val_weighted_f1=0.7414, lr=0.000576, epoch_time=17.99s
[Epoch 026] train_loss=0.2562, train_hard=0.5782, train_soft=0.2070, train_logit_mse=0.4046, train_feature_mse=0.0007, train_acc=0.8084, alpha=0.100, val_acc=0.7605, val_macro_f1=0.6003, val_weighted_f1=0.7444, lr=0.000560, epoch_time=17.87s
[Epoch 027] train_loss=0.2552, train_hard=0.5767, train_soft=0.2061, train_logit_mse=0.4029, train_feature_mse=0.0007, train_acc=0.8073, alpha=0.100, val_acc=0.7526, val_macro_f1=0.6006, val_weighted_f1=0.7374, lr=0.000544, epoch_time=17.98s
[Epoch 028] train_loss=0.2511, train_hard=0.5747, train_soft=0.2020, train_logit_mse=0.3951, train_feature_mse=0.0007, train_acc=0.8081, alpha=0.100, val_acc=0.7563, val_macro_f1=0.6054, val_weighted_f1=0.7443, lr=0.000527, epoch_time=17.85s
[Epoch 029] train_loss=0.2527, train_hard=0.5743, train_soft=0.2036, train_logit_mse=0.3981, train_feature_mse=0.0007, train_acc=0.8104, alpha=0.100, val_acc=0.7489, val_macro_f1=0.6011, val_weighted_f1=0.7361, lr=0.000510, epoch_time=17.99s
[Epoch 030] train_loss=0.2499, train_hard=0.5701, train_soft=0.2012, train_logit_mse=0.3933, train_feature_mse=0.0006, train_acc=0.8111, alpha=0.100, val_acc=0.7593, val_macro_f1=0.5999, val_weighted_f1=0.7457, lr=0.000493, epoch_time=17.85s
[Epoch 031] train_loss=0.2440, train_hard=0.5678, train_soft=0.1953, train_logit_mse=0.3820, train_feature_mse=0.0006, train_acc=0.8084, alpha=0.100, val_acc=0.7618, val_macro_f1=0.6079, val_weighted_f1=0.7476, lr=0.000476, epoch_time=17.79s
[Epoch 032] train_loss=0.2458, train_hard=0.5648, train_soft=0.1975, train_logit_mse=0.3861, train_feature_mse=0.0006, train_acc=0.8111, alpha=0.100, val_acc=0.7624, val_macro_f1=0.6074, val_weighted_f1=0.7465, lr=0.000458, epoch_time=17.92s
[Epoch 033] train_loss=0.2438, train_hard=0.5680, train_soft=0.1950, train_logit_mse=0.3813, train_feature_mse=0.0006, train_acc=0.8098, alpha=0.100, val_acc=0.7575, val_macro_f1=0.6096, val_weighted_f1=0.7446, lr=0.000440, epoch_time=17.87s
[Epoch 034] train_loss=0.2406, train_hard=0.5627, train_soft=0.1923, train_logit_mse=0.3758, train_feature_mse=0.0006, train_acc=0.8128, alpha=0.100, val_acc=0.7593, val_macro_f1=0.6219, val_weighted_f1=0.7491, lr=0.000423, epoch_time=17.84s
Early stopping triggered.
Loaded best KD student checkpoint for final test evaluation.
Best validation macro-F1: 0.6278
Best epoch: 19
Time to best model: 341.81 seconds
Checkpoint size (MB): 0.174
Student size: medium
Teacher used: checkpoints/teacher/teacher_cnn_seed123.pt
Teacher arch: TeacherCNN
Teacher size: large
Checkpoint seed: 123
Test accuracy (KD student): 0.7764
Test macro-F1 (KD student): 0.6244
Test weighted-F1 (KD student): 0.7704
Test classification report:
              precision    recall  f1-score   support

           0       0.87      0.62      0.72       184
           1       0.19      0.14      0.16        56
           2       0.70      0.66      0.68       256
           3       0.83      0.90      0.86       912
           4       0.69      0.70      0.69       242

    accuracy                           0.78      1650
   macro avg       0.66      0.60      0.62      1650
weighted avg       0.77      0.78      0.77      1650

Test confusion matrix:
[[114   4  10  47   9]
 [  2   8   2  37   7]
 [  5   4 168  53  26]
 [  8  14  33 822  35]
 [  2  12  26  33 169]]
Inference latency: 1.4457 ms/sample
Parsed metrics for seed 123:
  Accuracy    = 0.7764
  Macro-F1    = 0.6244
  Weighted-F1 = 0.7704

----- SEED 999 -----
Using device: cuda
Seed: 999
Deterministic mode: True
Deterministic warn_only: True
KD hyperparameters: alpha_start=0.100, alpha_end=0.100, temperature=32.00, logit_mse_weight=0.030, feature_mse_weight=0.030, class_weight_gamma=0.00, sampler_power=0.35, label_smoothing=0.000, student_size=medium
Training: batch_size=64, lr=0.0008, epochs=70, patience=15, weight_decay=0.002, grad_clip=1.0, num_workers=2, disable_augmentation=False, use_weighted_sampler=False
Teacher checkpoint path: checkpoints/teacher/teacher_cnn_seed999.pt
Student checkpoint path: /users/40370279/csc4006/code/experiments/2__temperature_sweep/checkpoints/student_T32_seed999.pt
Training set size: 12957
Validation set size: 1637
Test set size: 1650
Number of leads: 12 classes: 5
Classes: ['CD' 'HYP' 'MI' 'NORM' 'STTC']
Trainable parameters (student): 12809
Total parameters (student): 12809
Estimated model size (MB): 0.051
Teacher pooled dim: 896
Student pooled dim: 28
Class weights: [1. 1. 1. 1. 1.]
Training sampler: standard shuffled loader
[Epoch 001] train_loss=1.2641, train_hard=1.1014, train_soft=1.2037, train_logit_mse=2.3223, train_feature_mse=0.0320, train_acc=0.6079, alpha=0.100, val_acc=0.6732, val_macro_f1=0.3634, val_weighted_f1=0.6086, lr=0.000800, epoch_time=19.19s
  -> New best KD student saved to /users/40370279/csc4006/code/experiments/2__temperature_sweep/checkpoints/student_T32_seed999.pt
[Epoch 002] train_loss=0.8972, train_hard=0.8503, train_soft=0.8471, train_logit_mse=1.6393, train_feature_mse=0.0205, train_acc=0.7102, alpha=0.100, val_acc=0.7330, val_macro_f1=0.5138, val_weighted_f1=0.7011, lr=0.000798, epoch_time=17.80s
  -> New best KD student saved to /users/40370279/csc4006/code/experiments/2__temperature_sweep/checkpoints/student_T32_seed999.pt
[Epoch 003] train_loss=0.6903, train_hard=0.7322, train_soft=0.6435, train_logit_mse=1.2497, train_feature_mse=0.0148, train_acc=0.7595, alpha=0.100, val_acc=0.7392, val_macro_f1=0.5300, val_weighted_f1=0.7116, lr=0.000796, epoch_time=17.74s
  -> New best KD student saved to /users/40370279/csc4006/code/experiments/2__temperature_sweep/checkpoints/student_T32_seed999.pt
[Epoch 004] train_loss=0.6097, train_hard=0.6935, train_soft=0.5636, train_logit_mse=1.0957, train_feature_mse=0.0081, train_acc=0.7742, alpha=0.100, val_acc=0.7471, val_macro_f1=0.5496, val_weighted_f1=0.7260, lr=0.000794, epoch_time=17.98s
  -> New best KD student saved to /users/40370279/csc4006/code/experiments/2__temperature_sweep/checkpoints/student_T32_seed999.pt
[Epoch 005] train_loss=0.5657, train_hard=0.6698, train_soft=0.5203, train_logit_mse=1.0118, train_feature_mse=0.0047, train_acc=0.7799, alpha=0.100, val_acc=0.7453, val_macro_f1=0.5339, val_weighted_f1=0.7139, lr=0.000790, epoch_time=17.89s
[Epoch 006] train_loss=0.5444, train_hard=0.6672, train_soft=0.4983, train_logit_mse=0.9689, train_feature_mse=0.0028, train_acc=0.7788, alpha=0.100, val_acc=0.7489, val_macro_f1=0.5410, val_weighted_f1=0.7196, lr=0.000786, epoch_time=17.78s
[Epoch 007] train_loss=0.5186, train_hard=0.6494, train_soft=0.4734, train_logit_mse=0.9206, train_feature_mse=0.0017, train_acc=0.7871, alpha=0.100, val_acc=0.7611, val_macro_f1=0.5642, val_weighted_f1=0.7379, lr=0.000781, epoch_time=17.75s
  -> New best KD student saved to /users/40370279/csc4006/code/experiments/2__temperature_sweep/checkpoints/student_T32_seed999.pt
[Epoch 008] train_loss=0.4987, train_hard=0.6350, train_soft=0.4541, train_logit_mse=0.8827, train_feature_mse=0.0014, train_acc=0.7925, alpha=0.100, val_acc=0.7508, val_macro_f1=0.5550, val_weighted_f1=0.7278, lr=0.000775, epoch_time=17.92s
[Epoch 009] train_loss=0.4788, train_hard=0.6245, train_soft=0.4344, train_logit_mse=0.8447, train_feature_mse=0.0012, train_acc=0.7956, alpha=0.100, val_acc=0.7557, val_macro_f1=0.5597, val_weighted_f1=0.7340, lr=0.000768, epoch_time=17.94s
[Epoch 010] train_loss=0.4691, train_hard=0.6200, train_soft=0.4248, train_logit_mse=0.8262, train_feature_mse=0.0012, train_acc=0.7927, alpha=0.100, val_acc=0.7550, val_macro_f1=0.5612, val_weighted_f1=0.7316, lr=0.000761, epoch_time=17.81s
[Epoch 011] train_loss=0.4610, train_hard=0.6142, train_soft=0.4169, train_logit_mse=0.8110, train_feature_mse=0.0011, train_acc=0.7970, alpha=0.100, val_acc=0.7599, val_macro_f1=0.5633, val_weighted_f1=0.7365, lr=0.000753, epoch_time=17.88s
[Epoch 012] train_loss=0.4530, train_hard=0.6102, train_soft=0.4090, train_logit_mse=0.7959, train_feature_mse=0.0010, train_acc=0.7967, alpha=0.100, val_acc=0.7593, val_macro_f1=0.5741, val_weighted_f1=0.7425, lr=0.000744, epoch_time=17.82s
  -> New best KD student saved to /users/40370279/csc4006/code/experiments/2__temperature_sweep/checkpoints/student_T32_seed999.pt
[Epoch 013] train_loss=0.4429, train_hard=0.6046, train_soft=0.3990, train_logit_mse=0.7763, train_feature_mse=0.0010, train_acc=0.8005, alpha=0.100, val_acc=0.7544, val_macro_f1=0.5665, val_weighted_f1=0.7364, lr=0.000735, epoch_time=17.98s
[Epoch 014] train_loss=0.4321, train_hard=0.5990, train_soft=0.3883, train_logit_mse=0.7557, train_feature_mse=0.0010, train_acc=0.8051, alpha=0.100, val_acc=0.7611, val_macro_f1=0.5985, val_weighted_f1=0.7512, lr=0.000725, epoch_time=17.97s
  -> New best KD student saved to /users/40370279/csc4006/code/experiments/2__temperature_sweep/checkpoints/student_T32_seed999.pt
[Epoch 015] train_loss=0.4261, train_hard=0.5964, train_soft=0.3823, train_logit_mse=0.7438, train_feature_mse=0.0009, train_acc=0.8018, alpha=0.100, val_acc=0.7520, val_macro_f1=0.5646, val_weighted_f1=0.7295, lr=0.000714, epoch_time=17.90s
[Epoch 016] train_loss=0.4192, train_hard=0.5899, train_soft=0.3758, train_logit_mse=0.7312, train_feature_mse=0.0009, train_acc=0.8040, alpha=0.100, val_acc=0.7685, val_macro_f1=0.5974, val_weighted_f1=0.7521, lr=0.000702, epoch_time=17.83s
[Epoch 017] train_loss=0.4134, train_hard=0.5897, train_soft=0.3698, train_logit_mse=0.7196, train_feature_mse=0.0009, train_acc=0.8033, alpha=0.100, val_acc=0.7642, val_macro_f1=0.5868, val_weighted_f1=0.7452, lr=0.000691, epoch_time=18.02s
[Epoch 018] train_loss=0.4069, train_hard=0.5850, train_soft=0.3635, train_logit_mse=0.7075, train_feature_mse=0.0009, train_acc=0.8061, alpha=0.100, val_acc=0.7654, val_macro_f1=0.5990, val_weighted_f1=0.7505, lr=0.000678, epoch_time=17.86s
  -> New best KD student saved to /users/40370279/csc4006/code/experiments/2__temperature_sweep/checkpoints/student_T32_seed999.pt
[Epoch 019] train_loss=0.4031, train_hard=0.5808, train_soft=0.3599, train_logit_mse=0.7007, train_feature_mse=0.0009, train_acc=0.8075, alpha=0.100, val_acc=0.7673, val_macro_f1=0.5840, val_weighted_f1=0.7453, lr=0.000665, epoch_time=17.83s
[Epoch 020] train_loss=0.3992, train_hard=0.5824, train_soft=0.3557, train_logit_mse=0.6923, train_feature_mse=0.0009, train_acc=0.8061, alpha=0.100, val_acc=0.7447, val_macro_f1=0.5988, val_weighted_f1=0.7415, lr=0.000651, epoch_time=17.97s
[Epoch 021] train_loss=0.3952, train_hard=0.5819, train_soft=0.3516, train_logit_mse=0.6845, train_feature_mse=0.0008, train_acc=0.8078, alpha=0.100, val_acc=0.7563, val_macro_f1=0.5901, val_weighted_f1=0.7436, lr=0.000637, epoch_time=17.99s
[Epoch 022] train_loss=0.3904, train_hard=0.5772, train_soft=0.3470, train_logit_mse=0.6757, train_feature_mse=0.0008, train_acc=0.8080, alpha=0.100, val_acc=0.7557, val_macro_f1=0.5786, val_weighted_f1=0.7354, lr=0.000623, epoch_time=17.90s
[Epoch 023] train_loss=0.3825, train_hard=0.5717, train_soft=0.3394, train_logit_mse=0.6611, train_feature_mse=0.0008, train_acc=0.8108, alpha=0.100, val_acc=0.7618, val_macro_f1=0.5970, val_weighted_f1=0.7501, lr=0.000608, epoch_time=18.13s
[Epoch 024] train_loss=0.3781, train_hard=0.5672, train_soft=0.3353, train_logit_mse=0.6531, train_feature_mse=0.0008, train_acc=0.8129, alpha=0.100, val_acc=0.7691, val_macro_f1=0.6111, val_weighted_f1=0.7590, lr=0.000592, epoch_time=17.83s
  -> New best KD student saved to /users/40370279/csc4006/code/experiments/2__temperature_sweep/checkpoints/student_T32_seed999.pt
[Epoch 025] train_loss=0.3760, train_hard=0.5650, train_soft=0.3333, train_logit_mse=0.6489, train_feature_mse=0.0008, train_acc=0.8137, alpha=0.100, val_acc=0.7611, val_macro_f1=0.6282, val_weighted_f1=0.7604, lr=0.000576, epoch_time=17.94s
  -> New best KD student saved to /users/40370279/csc4006/code/experiments/2__temperature_sweep/checkpoints/student_T32_seed999.pt
[Epoch 026] train_loss=0.3733, train_hard=0.5629, train_soft=0.3307, train_logit_mse=0.6442, train_feature_mse=0.0008, train_acc=0.8137, alpha=0.100, val_acc=0.7624, val_macro_f1=0.6061, val_weighted_f1=0.7505, lr=0.000560, epoch_time=18.09s
[Epoch 027] train_loss=0.3689, train_hard=0.5625, train_soft=0.3262, train_logit_mse=0.6352, train_feature_mse=0.0008, train_acc=0.8138, alpha=0.100, val_acc=0.7642, val_macro_f1=0.6057, val_weighted_f1=0.7532, lr=0.000544, epoch_time=17.92s
[Epoch 028] train_loss=0.3615, train_hard=0.5612, train_soft=0.3186, train_logit_mse=0.6203, train_feature_mse=0.0007, train_acc=0.8156, alpha=0.100, val_acc=0.7593, val_macro_f1=0.6019, val_weighted_f1=0.7452, lr=0.000527, epoch_time=17.79s
[Epoch 029] train_loss=0.3548, train_hard=0.5523, train_soft=0.3125, train_logit_mse=0.6089, train_feature_mse=0.0007, train_acc=0.8172, alpha=0.100, val_acc=0.7587, val_macro_f1=0.6240, val_weighted_f1=0.7533, lr=0.000510, epoch_time=18.00s
[Epoch 030] train_loss=0.3588, train_hard=0.5588, train_soft=0.3160, train_logit_mse=0.6154, train_feature_mse=0.0007, train_acc=0.8120, alpha=0.100, val_acc=0.7673, val_macro_f1=0.6265, val_weighted_f1=0.7605, lr=0.000493, epoch_time=17.86s
[Epoch 031] train_loss=0.3544, train_hard=0.5582, train_soft=0.3115, train_logit_mse=0.6066, train_feature_mse=0.0007, train_acc=0.8138, alpha=0.100, val_acc=0.7538, val_macro_f1=0.6079, val_weighted_f1=0.7446, lr=0.000476, epoch_time=17.88s
[Epoch 032] train_loss=0.3484, train_hard=0.5490, train_soft=0.3062, train_logit_mse=0.5965, train_feature_mse=0.0007, train_acc=0.8178, alpha=0.100, val_acc=0.7654, val_macro_f1=0.6065, val_weighted_f1=0.7511, lr=0.000458, epoch_time=17.92s
[Epoch 033] train_loss=0.3456, train_hard=0.5504, train_soft=0.3031, train_logit_mse=0.5904, train_feature_mse=0.0007, train_acc=0.8186, alpha=0.100, val_acc=0.7673, val_macro_f1=0.6180, val_weighted_f1=0.7585, lr=0.000440, epoch_time=17.80s
[Epoch 034] train_loss=0.3431, train_hard=0.5488, train_soft=0.3007, train_logit_mse=0.5856, train_feature_mse=0.0007, train_acc=0.8159, alpha=0.100, val_acc=0.7654, val_macro_f1=0.6353, val_weighted_f1=0.7607, lr=0.000423, epoch_time=17.90s
  -> New best KD student saved to /users/40370279/csc4006/code/experiments/2__temperature_sweep/checkpoints/student_T32_seed999.pt
[Epoch 035] train_loss=0.3408, train_hard=0.5452, train_soft=0.2987, train_logit_mse=0.5817, train_feature_mse=0.0007, train_acc=0.8179, alpha=0.100, val_acc=0.7605, val_macro_f1=0.6345, val_weighted_f1=0.7578, lr=0.000405, epoch_time=17.93s
[Epoch 036] train_loss=0.3377, train_hard=0.5419, train_soft=0.2957, train_logit_mse=0.5764, train_feature_mse=0.0007, train_acc=0.8196, alpha=0.100, val_acc=0.7691, val_macro_f1=0.6437, val_weighted_f1=0.7648, lr=0.000387, epoch_time=17.84s
  -> New best KD student saved to /users/40370279/csc4006/code/experiments/2__temperature_sweep/checkpoints/student_T32_seed999.pt
[Epoch 037] train_loss=0.3357, train_hard=0.5435, train_soft=0.2936, train_logit_mse=0.5720, train_feature_mse=0.0007, train_acc=0.8186, alpha=0.100, val_acc=0.7685, val_macro_f1=0.6140, val_weighted_f1=0.7581, lr=0.000370, epoch_time=17.92s
[Epoch 038] train_loss=0.3344, train_hard=0.5412, train_soft=0.2924, train_logit_mse=0.5697, train_feature_mse=0.0007, train_acc=0.8225, alpha=0.100, val_acc=0.7660, val_macro_f1=0.6174, val_weighted_f1=0.7552, lr=0.000352, epoch_time=17.95s
[Epoch 039] train_loss=0.3336, train_hard=0.5379, train_soft=0.2919, train_logit_mse=0.5687, train_feature_mse=0.0007, train_acc=0.8200, alpha=0.100, val_acc=0.7648, val_macro_f1=0.6255, val_weighted_f1=0.7571, lr=0.000334, epoch_time=18.04s
[Epoch 040] train_loss=0.3334, train_hard=0.5418, train_soft=0.2914, train_logit_mse=0.5676, train_feature_mse=0.0007, train_acc=0.8207, alpha=0.100, val_acc=0.7624, val_macro_f1=0.6313, val_weighted_f1=0.7547, lr=0.000317, epoch_time=18.04s
[Epoch 041] train_loss=0.3300, train_hard=0.5388, train_soft=0.2881, train_logit_mse=0.5615, train_feature_mse=0.0006, train_acc=0.8190, alpha=0.100, val_acc=0.7654, val_macro_f1=0.6275, val_weighted_f1=0.7557, lr=0.000300, epoch_time=17.95s
[Epoch 042] train_loss=0.3313, train_hard=0.5415, train_soft=0.2892, train_logit_mse=0.5635, train_feature_mse=0.0006, train_acc=0.8186, alpha=0.100, val_acc=0.7569, val_macro_f1=0.6275, val_weighted_f1=0.7520, lr=0.000283, epoch_time=17.76s
[Epoch 043] train_loss=0.3264, train_hard=0.5316, train_soft=0.2850, train_logit_mse=0.5555, train_feature_mse=0.0006, train_acc=0.8223, alpha=0.100, val_acc=0.7630, val_macro_f1=0.6334, val_weighted_f1=0.7590, lr=0.000266, epoch_time=17.87s
[Epoch 044] train_loss=0.3241, train_hard=0.5321, train_soft=0.2826, train_logit_mse=0.5506, train_feature_mse=0.0006, train_acc=0.8243, alpha=0.100, val_acc=0.7642, val_macro_f1=0.6323, val_weighted_f1=0.7567, lr=0.000250, epoch_time=17.95s
[Epoch 045] train_loss=0.3247, train_hard=0.5365, train_soft=0.2828, train_logit_mse=0.5512, train_feature_mse=0.0006, train_acc=0.8219, alpha=0.100, val_acc=0.7721, val_macro_f1=0.6378, val_weighted_f1=0.7639, lr=0.000234, epoch_time=17.96s
[Epoch 046] train_loss=0.3192, train_hard=0.5325, train_soft=0.2774, train_logit_mse=0.5407, train_feature_mse=0.0006, train_acc=0.8233, alpha=0.100, val_acc=0.7660, val_macro_f1=0.6277, val_weighted_f1=0.7556, lr=0.000218, epoch_time=17.86s
[Epoch 047] train_loss=0.3246, train_hard=0.5350, train_soft=0.2828, train_logit_mse=0.5510, train_feature_mse=0.0006, train_acc=0.8203, alpha=0.100, val_acc=0.7679, val_macro_f1=0.6405, val_weighted_f1=0.7629, lr=0.000202, epoch_time=17.94s
[Epoch 048] train_loss=0.3157, train_hard=0.5286, train_soft=0.2742, train_logit_mse=0.5346, train_feature_mse=0.0006, train_acc=0.8224, alpha=0.100, val_acc=0.7679, val_macro_f1=0.6389, val_weighted_f1=0.7628, lr=0.000187, epoch_time=17.80s
[Epoch 049] train_loss=0.3179, train_hard=0.5314, train_soft=0.2762, train_logit_mse=0.5382, train_feature_mse=0.0006, train_acc=0.8238, alpha=0.100, val_acc=0.7605, val_macro_f1=0.6155, val_weighted_f1=0.7489, lr=0.000173, epoch_time=17.87s
[Epoch 050] train_loss=0.3183, train_hard=0.5301, train_soft=0.2767, train_logit_mse=0.5393, train_feature_mse=0.0006, train_acc=0.8213, alpha=0.100, val_acc=0.7630, val_macro_f1=0.6346, val_weighted_f1=0.7592, lr=0.000159, epoch_time=17.92s
[Epoch 051] train_loss=0.3127, train_hard=0.5270, train_soft=0.2713, train_logit_mse=0.5289, train_feature_mse=0.0006, train_acc=0.8250, alpha=0.100, val_acc=0.7673, val_macro_f1=0.6401, val_weighted_f1=0.7629, lr=0.000145, epoch_time=17.94s
Early stopping triggered.
Loaded best KD student checkpoint for final test evaluation.
Best validation macro-F1: 0.6437
Best epoch: 36
Time to best model: 646.24 seconds
Checkpoint size (MB): 0.174
Student size: medium
Teacher used: checkpoints/teacher/teacher_cnn_seed999.pt
Teacher arch: TeacherCNN
Teacher size: large
Checkpoint seed: 999
Test accuracy (KD student): 0.7721
Test macro-F1 (KD student): 0.6208
Test weighted-F1 (KD student): 0.7642
Test classification report:
              precision    recall  f1-score   support

           0       0.86      0.63      0.73       184
           1       0.16      0.14      0.15        56
           2       0.80      0.59      0.68       256
           3       0.79      0.92      0.85       912
           4       0.73      0.66      0.69       242

    accuracy                           0.77      1650
   macro avg       0.67      0.59      0.62      1650
weighted avg       0.77      0.77      0.76      1650

Test confusion matrix:
[[116   3   6  55   4]
 [  1   8   3  38   6]
 [  6   1 151  73  25]
 [  8  23  18 839  24]
 [  4  14  11  53 160]]
Inference latency: 1.4083 ms/sample
Parsed metrics for seed 999:
  Accuracy    = 0.7721
  Macro-F1    = 0.6208
  Weighted-F1 = 0.7642

===== EXPERIMENT 2 SUMMARY: T = 32 =====
Temperature  : 32
Seeds        : 42 123 999
Accuracy     : 0.7772 ± 0.0045
Macro F1     : 0.6252 ± 0.0040
Weighted F1  : 0.7677 ± 0.0026

Finished at: Sat Mar 28 16:38:00 GMT 2026
