[38;5;127mpython3[0m/[38;5;172m3.10.5[0m/[38;5;67mgcc-9.3.0[0m
 |
 [0;32mOK[0m
[38;5;127mgcc[0m/[38;5;172m9.3.0[0m
 |
 [0;32mOK[0m
===== EXPERIMENT 2: TEMPERATURE = 4 =====
Teacher checkpoints source: /users/40370279/csc4006/code/checkpoints/teacher
Student outputs directory : /users/40370279/csc4006/code/experiments/2__temperature_sweep
This job runs multiple seeds: 42, 123, 999
Job ID: 7991904
Host: gpu105.pri.kelvin2.alces.network
Start time: Sat Mar 28 15:15:42 GMT 2026

----- SEED 42 -----
Using device: cuda
Seed: 42
Deterministic mode: True
Deterministic warn_only: True
KD hyperparameters: alpha_start=0.100, alpha_end=0.100, temperature=4.00, logit_mse_weight=0.030, feature_mse_weight=0.030, class_weight_gamma=0.00, sampler_power=0.35, label_smoothing=0.000, student_size=medium
Training: batch_size=64, lr=0.0008, epochs=70, patience=15, weight_decay=0.002, grad_clip=1.0, num_workers=2, disable_augmentation=False, use_weighted_sampler=False
Teacher checkpoint path: checkpoints/teacher/teacher_cnn_seed42.pt
Student checkpoint path: /users/40370279/csc4006/code/experiments/2__temperature_sweep/checkpoints/student_T4_seed42.pt
Training set size: 12957
Validation set size: 1637
Test set size: 1650
Number of leads: 12 classes: 5
Classes: ['CD' 'HYP' 'MI' 'NORM' 'STTC']
Trainable parameters (student): 12809
Total parameters (student): 12809
Estimated model size (MB): 0.051
Teacher pooled dim: 896
Student pooled dim: 28
Class weights: [1. 1. 1. 1. 1.]
Training sampler: standard shuffled loader
[Epoch 001] train_loss=1.1290, train_hard=1.1167, train_soft=1.0680, train_logit_mse=1.8393, train_feature_mse=0.0314, train_acc=0.5889, alpha=0.100, val_acc=0.6781, val_macro_f1=0.4297, val_weighted_f1=0.6297, lr=0.000800, epoch_time=19.69s
  -> New best KD student saved to /users/40370279/csc4006/code/experiments/2__temperature_sweep/checkpoints/student_T4_seed42.pt
[Epoch 002] train_loss=0.7016, train_hard=0.8463, train_soft=0.6466, train_logit_mse=1.1481, train_feature_mse=0.0191, train_acc=0.7107, alpha=0.100, val_acc=0.7306, val_macro_f1=0.5139, val_weighted_f1=0.6969, lr=0.000798, epoch_time=17.92s
  -> New best KD student saved to /users/40370279/csc4006/code/experiments/2__temperature_sweep/checkpoints/student_T4_seed42.pt
[Epoch 003] train_loss=0.5412, train_hard=0.7546, train_soft=0.4876, train_logit_mse=0.8860, train_feature_mse=0.0117, train_acc=0.7529, alpha=0.100, val_acc=0.7440, val_macro_f1=0.5417, val_weighted_f1=0.7217, lr=0.000796, epoch_time=17.84s
  -> New best KD student saved to /users/40370279/csc4006/code/experiments/2__temperature_sweep/checkpoints/student_T4_seed42.pt
[Epoch 004] train_loss=0.4635, train_hard=0.7080, train_soft=0.4111, train_logit_mse=0.7522, train_feature_mse=0.0067, train_acc=0.7656, alpha=0.100, val_acc=0.7440, val_macro_f1=0.5398, val_weighted_f1=0.7207, lr=0.000794, epoch_time=17.93s
[Epoch 005] train_loss=0.4214, train_hard=0.6848, train_soft=0.3694, train_logit_mse=0.6784, train_feature_mse=0.0043, train_acc=0.7722, alpha=0.100, val_acc=0.7514, val_macro_f1=0.5477, val_weighted_f1=0.7263, lr=0.000790, epoch_time=17.75s
  -> New best KD student saved to /users/40370279/csc4006/code/experiments/2__temperature_sweep/checkpoints/student_T4_seed42.pt
[Epoch 006] train_loss=0.3974, train_hard=0.6788, train_soft=0.3450, train_logit_mse=0.6323, train_feature_mse=0.0029, train_acc=0.7739, alpha=0.100, val_acc=0.7416, val_macro_f1=0.5316, val_weighted_f1=0.7128, lr=0.000786, epoch_time=17.80s
[Epoch 007] train_loss=0.3710, train_hard=0.6621, train_soft=0.3190, train_logit_mse=0.5863, train_feature_mse=0.0019, train_acc=0.7803, alpha=0.100, val_acc=0.7587, val_macro_f1=0.5612, val_weighted_f1=0.7378, lr=0.000781, epoch_time=17.90s
  -> New best KD student saved to /users/40370279/csc4006/code/experiments/2__temperature_sweep/checkpoints/student_T4_seed42.pt
[Epoch 008] train_loss=0.3598, train_hard=0.6530, train_soft=0.3083, train_logit_mse=0.5648, train_feature_mse=0.0014, train_acc=0.7807, alpha=0.100, val_acc=0.7398, val_macro_f1=0.5283, val_weighted_f1=0.7097, lr=0.000775, epoch_time=17.90s
[Epoch 009] train_loss=0.3395, train_hard=0.6403, train_soft=0.2883, train_logit_mse=0.5299, train_feature_mse=0.0011, train_acc=0.7875, alpha=0.100, val_acc=0.7520, val_macro_f1=0.5459, val_weighted_f1=0.7272, lr=0.000768, epoch_time=17.88s
[Epoch 010] train_loss=0.3272, train_hard=0.6365, train_soft=0.2758, train_logit_mse=0.5090, train_feature_mse=0.0010, train_acc=0.7868, alpha=0.100, val_acc=0.7624, val_macro_f1=0.5605, val_weighted_f1=0.7385, lr=0.000761, epoch_time=17.77s
[Epoch 011] train_loss=0.3182, train_hard=0.6316, train_soft=0.2669, train_logit_mse=0.4922, train_feature_mse=0.0010, train_acc=0.7905, alpha=0.100, val_acc=0.7544, val_macro_f1=0.5561, val_weighted_f1=0.7308, lr=0.000753, epoch_time=17.91s
[Epoch 012] train_loss=0.3095, train_hard=0.6239, train_soft=0.2587, train_logit_mse=0.4769, train_feature_mse=0.0009, train_acc=0.7939, alpha=0.100, val_acc=0.7636, val_macro_f1=0.5826, val_weighted_f1=0.7478, lr=0.000744, epoch_time=17.73s
  -> New best KD student saved to /users/40370279/csc4006/code/experiments/2__temperature_sweep/checkpoints/student_T4_seed42.pt
[Epoch 013] train_loss=0.2986, train_hard=0.6182, train_soft=0.2479, train_logit_mse=0.4574, train_feature_mse=0.0008, train_acc=0.7943, alpha=0.100, val_acc=0.7630, val_macro_f1=0.5867, val_weighted_f1=0.7486, lr=0.000735, epoch_time=17.86s
  -> New best KD student saved to /users/40370279/csc4006/code/experiments/2__temperature_sweep/checkpoints/student_T4_seed42.pt
[Epoch 014] train_loss=0.2916, train_hard=0.6141, train_soft=0.2410, train_logit_mse=0.4452, train_feature_mse=0.0008, train_acc=0.7955, alpha=0.100, val_acc=0.7593, val_macro_f1=0.5713, val_weighted_f1=0.7396, lr=0.000725, epoch_time=17.83s
[Epoch 015] train_loss=0.2861, train_hard=0.6116, train_soft=0.2354, train_logit_mse=0.4357, train_feature_mse=0.0007, train_acc=0.7968, alpha=0.100, val_acc=0.7532, val_macro_f1=0.5673, val_weighted_f1=0.7315, lr=0.000714, epoch_time=17.83s
[Epoch 016] train_loss=0.2787, train_hard=0.6022, train_soft=0.2286, train_logit_mse=0.4236, train_feature_mse=0.0007, train_acc=0.8022, alpha=0.100, val_acc=0.7569, val_macro_f1=0.5772, val_weighted_f1=0.7383, lr=0.000702, epoch_time=17.81s
[Epoch 017] train_loss=0.2740, train_hard=0.6059, train_soft=0.2233, train_logit_mse=0.4128, train_feature_mse=0.0007, train_acc=0.7984, alpha=0.100, val_acc=0.7569, val_macro_f1=0.5723, val_weighted_f1=0.7371, lr=0.000691, epoch_time=17.79s
[Epoch 018] train_loss=0.2684, train_hard=0.5988, train_soft=0.2181, train_logit_mse=0.4052, train_feature_mse=0.0007, train_acc=0.8004, alpha=0.100, val_acc=0.7569, val_macro_f1=0.5720, val_weighted_f1=0.7350, lr=0.000678, epoch_time=17.81s
[Epoch 019] train_loss=0.2660, train_hard=0.5983, train_soft=0.2157, train_logit_mse=0.4018, train_feature_mse=0.0006, train_acc=0.8050, alpha=0.100, val_acc=0.7642, val_macro_f1=0.5927, val_weighted_f1=0.7505, lr=0.000665, epoch_time=17.80s
  -> New best KD student saved to /users/40370279/csc4006/code/experiments/2__temperature_sweep/checkpoints/student_T4_seed42.pt
[Epoch 020] train_loss=0.2621, train_hard=0.5950, train_soft=0.2120, train_logit_mse=0.3933, train_feature_mse=0.0006, train_acc=0.8042, alpha=0.100, val_acc=0.7679, val_macro_f1=0.6094, val_weighted_f1=0.7556, lr=0.000651, epoch_time=17.87s
  -> New best KD student saved to /users/40370279/csc4006/code/experiments/2__temperature_sweep/checkpoints/student_T4_seed42.pt
[Epoch 021] train_loss=0.2553, train_hard=0.5877, train_soft=0.2055, train_logit_mse=0.3834, train_feature_mse=0.0006, train_acc=0.8039, alpha=0.100, val_acc=0.7581, val_macro_f1=0.5711, val_weighted_f1=0.7370, lr=0.000637, epoch_time=17.84s
[Epoch 022] train_loss=0.2514, train_hard=0.5848, train_soft=0.2018, train_logit_mse=0.3764, train_feature_mse=0.0006, train_acc=0.8098, alpha=0.100, val_acc=0.7673, val_macro_f1=0.5867, val_weighted_f1=0.7478, lr=0.000623, epoch_time=18.02s
[Epoch 023] train_loss=0.2480, train_hard=0.5851, train_soft=0.1982, train_logit_mse=0.3700, train_feature_mse=0.0006, train_acc=0.8046, alpha=0.100, val_acc=0.7630, val_macro_f1=0.5910, val_weighted_f1=0.7486, lr=0.000608, epoch_time=17.88s
[Epoch 024] train_loss=0.2462, train_hard=0.5892, train_soft=0.1958, train_logit_mse=0.3666, train_feature_mse=0.0006, train_acc=0.8047, alpha=0.100, val_acc=0.7618, val_macro_f1=0.5882, val_weighted_f1=0.7458, lr=0.000592, epoch_time=17.80s
[Epoch 025] train_loss=0.2456, train_hard=0.5804, train_soft=0.1962, train_logit_mse=0.3664, train_feature_mse=0.0006, train_acc=0.8107, alpha=0.100, val_acc=0.7666, val_macro_f1=0.5891, val_weighted_f1=0.7501, lr=0.000576, epoch_time=17.74s
[Epoch 026] train_loss=0.2393, train_hard=0.5755, train_soft=0.1901, train_logit_mse=0.3563, train_feature_mse=0.0006, train_acc=0.8090, alpha=0.100, val_acc=0.7728, val_macro_f1=0.6024, val_weighted_f1=0.7589, lr=0.000560, epoch_time=17.77s
[Epoch 027] train_loss=0.2400, train_hard=0.5777, train_soft=0.1906, train_logit_mse=0.3567, train_feature_mse=0.0005, train_acc=0.8101, alpha=0.100, val_acc=0.7831, val_macro_f1=0.6440, val_weighted_f1=0.7744, lr=0.000544, epoch_time=17.80s
  -> New best KD student saved to /users/40370279/csc4006/code/experiments/2__temperature_sweep/checkpoints/student_T4_seed42.pt
[Epoch 028] train_loss=0.2359, train_hard=0.5759, train_soft=0.1865, train_logit_mse=0.3492, train_feature_mse=0.0005, train_acc=0.8071, alpha=0.100, val_acc=0.7624, val_macro_f1=0.5812, val_weighted_f1=0.7415, lr=0.000527, epoch_time=17.88s
[Epoch 029] train_loss=0.2342, train_hard=0.5742, train_soft=0.1848, train_logit_mse=0.3469, train_feature_mse=0.0005, train_acc=0.8106, alpha=0.100, val_acc=0.7679, val_macro_f1=0.6038, val_weighted_f1=0.7546, lr=0.000510, epoch_time=17.82s
[Epoch 030] train_loss=0.2374, train_hard=0.5764, train_soft=0.1880, train_logit_mse=0.3506, train_feature_mse=0.0005, train_acc=0.8106, alpha=0.100, val_acc=0.7569, val_macro_f1=0.6051, val_weighted_f1=0.7435, lr=0.000493, epoch_time=17.92s
[Epoch 031] train_loss=0.2334, train_hard=0.5735, train_soft=0.1842, train_logit_mse=0.3438, train_feature_mse=0.0005, train_acc=0.8126, alpha=0.100, val_acc=0.7758, val_macro_f1=0.6068, val_weighted_f1=0.7601, lr=0.000476, epoch_time=17.86s
[Epoch 032] train_loss=0.2313, train_hard=0.5691, train_soft=0.1824, train_logit_mse=0.3416, train_feature_mse=0.0005, train_acc=0.8112, alpha=0.100, val_acc=0.7679, val_macro_f1=0.5988, val_weighted_f1=0.7523, lr=0.000458, epoch_time=17.78s
[Epoch 033] train_loss=0.2284, train_hard=0.5678, train_soft=0.1795, train_logit_mse=0.3366, train_feature_mse=0.0005, train_acc=0.8121, alpha=0.100, val_acc=0.7703, val_macro_f1=0.6042, val_weighted_f1=0.7559, lr=0.000440, epoch_time=17.87s
[Epoch 034] train_loss=0.2264, train_hard=0.5676, train_soft=0.1774, train_logit_mse=0.3325, train_feature_mse=0.0005, train_acc=0.8128, alpha=0.100, val_acc=0.7746, val_macro_f1=0.5976, val_weighted_f1=0.7583, lr=0.000423, epoch_time=17.85s
[Epoch 035] train_loss=0.2249, train_hard=0.5626, train_soft=0.1763, train_logit_mse=0.3312, train_feature_mse=0.0005, train_acc=0.8106, alpha=0.100, val_acc=0.7728, val_macro_f1=0.6075, val_weighted_f1=0.7590, lr=0.000405, epoch_time=17.88s
[Epoch 036] train_loss=0.2246, train_hard=0.5628, train_soft=0.1760, train_logit_mse=0.3305, train_feature_mse=0.0005, train_acc=0.8138, alpha=0.100, val_acc=0.7587, val_macro_f1=0.5918, val_weighted_f1=0.7403, lr=0.000387, epoch_time=17.82s
[Epoch 037] train_loss=0.2197, train_hard=0.5592, train_soft=0.1713, train_logit_mse=0.3227, train_feature_mse=0.0005, train_acc=0.8173, alpha=0.100, val_acc=0.7715, val_macro_f1=0.6182, val_weighted_f1=0.7555, lr=0.000370, epoch_time=17.92s
[Epoch 038] train_loss=0.2212, train_hard=0.5642, train_soft=0.1723, train_logit_mse=0.3234, train_feature_mse=0.0005, train_acc=0.8137, alpha=0.100, val_acc=0.7642, val_macro_f1=0.5802, val_weighted_f1=0.7430, lr=0.000352, epoch_time=17.77s
[Epoch 039] train_loss=0.2167, train_hard=0.5591, train_soft=0.1681, train_logit_mse=0.3174, train_feature_mse=0.0005, train_acc=0.8158, alpha=0.100, val_acc=0.7764, val_macro_f1=0.6283, val_weighted_f1=0.7641, lr=0.000334, epoch_time=17.79s
[Epoch 040] train_loss=0.2174, train_hard=0.5575, train_soft=0.1690, train_logit_mse=0.3187, train_feature_mse=0.0005, train_acc=0.8169, alpha=0.100, val_acc=0.7801, val_macro_f1=0.6377, val_weighted_f1=0.7698, lr=0.000317, epoch_time=17.75s
[Epoch 041] train_loss=0.2135, train_hard=0.5566, train_soft=0.1650, train_logit_mse=0.3123, train_feature_mse=0.0005, train_acc=0.8175, alpha=0.100, val_acc=0.7666, val_macro_f1=0.6033, val_weighted_f1=0.7505, lr=0.000300, epoch_time=17.76s
[Epoch 042] train_loss=0.2137, train_hard=0.5544, train_soft=0.1655, train_logit_mse=0.3119, train_feature_mse=0.0005, train_acc=0.8165, alpha=0.100, val_acc=0.7721, val_macro_f1=0.5955, val_weighted_f1=0.7531, lr=0.000283, epoch_time=17.80s
Early stopping triggered.
Loaded best KD student checkpoint for final test evaluation.
Best validation macro-F1: 0.6440
Best epoch: 27
Time to best model: 488.79 seconds
Checkpoint size (MB): 0.174
Student size: medium
Teacher used: checkpoints/teacher/teacher_cnn_seed42.pt
Teacher arch: TeacherCNN
Teacher size: large
Checkpoint seed: 42
Test accuracy (KD student): 0.7776
Test macro-F1 (KD student): 0.6244
Test weighted-F1 (KD student): 0.7682
Test classification report:
              precision    recall  f1-score   support

           0       0.78      0.68      0.73       184
           1       0.21      0.14      0.17        56
           2       0.78      0.57      0.66       256
           3       0.81      0.92      0.86       912
           4       0.72      0.70      0.71       242

    accuracy                           0.78      1650
   macro avg       0.66      0.60      0.62      1650
weighted avg       0.77      0.78      0.77      1650

Test confusion matrix:
[[125   3   5  45   6]
 [  0   8   3  38   7]
 [ 16   0 145  71  24]
 [ 13  15  18 836  30]
 [  6  12  14  41 169]]
Inference latency: 1.4125 ms/sample
Parsed metrics for seed 42:
  Accuracy    = 0.7776
  Macro-F1    = 0.6244
  Weighted-F1 = 0.7682

----- SEED 123 -----
Using device: cuda
Seed: 123
Deterministic mode: True
Deterministic warn_only: True
KD hyperparameters: alpha_start=0.100, alpha_end=0.100, temperature=4.00, logit_mse_weight=0.030, feature_mse_weight=0.030, class_weight_gamma=0.00, sampler_power=0.35, label_smoothing=0.000, student_size=medium
Training: batch_size=64, lr=0.0008, epochs=70, patience=15, weight_decay=0.002, grad_clip=1.0, num_workers=2, disable_augmentation=False, use_weighted_sampler=False
Teacher checkpoint path: checkpoints/teacher/teacher_cnn_seed123.pt
Student checkpoint path: /users/40370279/csc4006/code/experiments/2__temperature_sweep/checkpoints/student_T4_seed123.pt
Training set size: 12957
Validation set size: 1637
Test set size: 1650
Number of leads: 12 classes: 5
Classes: ['CD' 'HYP' 'MI' 'NORM' 'STTC']
Trainable parameters (student): 12809
Total parameters (student): 12809
Estimated model size (MB): 0.051
Teacher pooled dim: 896
Student pooled dim: 28
Class weights: [1. 1. 1. 1. 1.]
Training sampler: standard shuffled loader
[Epoch 001] train_loss=1.1637, train_hard=1.1109, train_soft=1.1062, train_logit_mse=1.8707, train_feature_mse=0.0283, train_acc=0.6023, alpha=0.100, val_acc=0.6304, val_macro_f1=0.2863, val_weighted_f1=0.5370, lr=0.000800, epoch_time=19.02s
  -> New best KD student saved to /users/40370279/csc4006/code/experiments/2__temperature_sweep/checkpoints/student_T4_seed123.pt
[Epoch 002] train_loss=0.7786, train_hard=0.8568, train_soft=0.7269, train_logit_mse=1.2719, train_feature_mse=0.0179, train_acc=0.7078, alpha=0.100, val_acc=0.7092, val_macro_f1=0.4697, val_weighted_f1=0.6667, lr=0.000798, epoch_time=17.97s
  -> New best KD student saved to /users/40370279/csc4006/code/experiments/2__temperature_sweep/checkpoints/student_T4_seed123.pt
[Epoch 003] train_loss=0.5812, train_hard=0.7514, train_soft=0.5301, train_logit_mse=0.9519, train_feature_mse=0.0135, train_acc=0.7531, alpha=0.100, val_acc=0.7410, val_macro_f1=0.5315, val_weighted_f1=0.7108, lr=0.000796, epoch_time=17.81s
  -> New best KD student saved to /users/40370279/csc4006/code/experiments/2__temperature_sweep/checkpoints/student_T4_seed123.pt
[Epoch 004] train_loss=0.5068, train_hard=0.7166, train_soft=0.4559, train_logit_mse=0.8187, train_feature_mse=0.0090, train_acc=0.7606, alpha=0.100, val_acc=0.7404, val_macro_f1=0.5282, val_weighted_f1=0.7088, lr=0.000794, epoch_time=17.90s
[Epoch 005] train_loss=0.4552, train_hard=0.6883, train_soft=0.4048, train_logit_mse=0.7300, train_feature_mse=0.0055, train_acc=0.7734, alpha=0.100, val_acc=0.7312, val_macro_f1=0.5177, val_weighted_f1=0.6971, lr=0.000790, epoch_time=17.83s
[Epoch 006] train_loss=0.4288, train_hard=0.6719, train_soft=0.3789, train_logit_mse=0.6835, train_feature_mse=0.0034, train_acc=0.7780, alpha=0.100, val_acc=0.7422, val_macro_f1=0.5665, val_weighted_f1=0.7269, lr=0.000786, epoch_time=17.88s
  -> New best KD student saved to /users/40370279/csc4006/code/experiments/2__temperature_sweep/checkpoints/student_T4_seed123.pt
[Epoch 007] train_loss=0.4054, train_hard=0.6590, train_soft=0.3556, train_logit_mse=0.6444, train_feature_mse=0.0022, train_acc=0.7793, alpha=0.100, val_acc=0.7465, val_macro_f1=0.5630, val_weighted_f1=0.7232, lr=0.000781, epoch_time=17.90s
[Epoch 008] train_loss=0.3908, train_hard=0.6518, train_soft=0.3412, train_logit_mse=0.6180, train_feature_mse=0.0015, train_acc=0.7827, alpha=0.100, val_acc=0.7569, val_macro_f1=0.5742, val_weighted_f1=0.7371, lr=0.000775, epoch_time=18.11s
  -> New best KD student saved to /users/40370279/csc4006/code/experiments/2__temperature_sweep/checkpoints/student_T4_seed123.pt
[Epoch 009] train_loss=0.3736, train_hard=0.6444, train_soft=0.3239, train_logit_mse=0.5882, train_feature_mse=0.0012, train_acc=0.7871, alpha=0.100, val_acc=0.7502, val_macro_f1=0.5777, val_weighted_f1=0.7340, lr=0.000768, epoch_time=17.87s
  -> New best KD student saved to /users/40370279/csc4006/code/experiments/2__temperature_sweep/checkpoints/student_T4_seed123.pt
[Epoch 010] train_loss=0.3679, train_hard=0.6386, train_soft=0.3186, train_logit_mse=0.5782, train_feature_mse=0.0011, train_acc=0.7876, alpha=0.100, val_acc=0.7471, val_macro_f1=0.5806, val_weighted_f1=0.7269, lr=0.000761, epoch_time=17.81s
  -> New best KD student saved to /users/40370279/csc4006/code/experiments/2__temperature_sweep/checkpoints/student_T4_seed123.pt
[Epoch 011] train_loss=0.3543, train_hard=0.6252, train_soft=0.3057, train_logit_mse=0.5547, train_feature_mse=0.0010, train_acc=0.7895, alpha=0.100, val_acc=0.7593, val_macro_f1=0.5873, val_weighted_f1=0.7419, lr=0.000753, epoch_time=17.81s
  -> New best KD student saved to /users/40370279/csc4006/code/experiments/2__temperature_sweep/checkpoints/student_T4_seed123.pt
[Epoch 012] train_loss=0.3496, train_hard=0.6250, train_soft=0.3008, train_logit_mse=0.5467, train_feature_mse=0.0010, train_acc=0.7929, alpha=0.100, val_acc=0.7624, val_macro_f1=0.5914, val_weighted_f1=0.7441, lr=0.000744, epoch_time=17.79s
  -> New best KD student saved to /users/40370279/csc4006/code/experiments/2__temperature_sweep/checkpoints/student_T4_seed123.pt
[Epoch 013] train_loss=0.3377, train_hard=0.6186, train_soft=0.2889, train_logit_mse=0.5268, train_feature_mse=0.0009, train_acc=0.7939, alpha=0.100, val_acc=0.7544, val_macro_f1=0.5773, val_weighted_f1=0.7330, lr=0.000735, epoch_time=17.84s
[Epoch 014] train_loss=0.3329, train_hard=0.6118, train_soft=0.2845, train_logit_mse=0.5214, train_feature_mse=0.0009, train_acc=0.7983, alpha=0.100, val_acc=0.7593, val_macro_f1=0.5875, val_weighted_f1=0.7426, lr=0.000725, epoch_time=17.84s
[Epoch 015] train_loss=0.3245, train_hard=0.6067, train_soft=0.2762, train_logit_mse=0.5047, train_feature_mse=0.0009, train_acc=0.7983, alpha=0.100, val_acc=0.7673, val_macro_f1=0.5856, val_weighted_f1=0.7473, lr=0.000714, epoch_time=17.83s
[Epoch 016] train_loss=0.3225, train_hard=0.6072, train_soft=0.2742, train_logit_mse=0.5011, train_feature_mse=0.0008, train_acc=0.7961, alpha=0.100, val_acc=0.7532, val_macro_f1=0.6121, val_weighted_f1=0.7455, lr=0.000702, epoch_time=17.79s
  -> New best KD student saved to /users/40370279/csc4006/code/experiments/2__temperature_sweep/checkpoints/student_T4_seed123.pt
[Epoch 017] train_loss=0.3136, train_hard=0.6022, train_soft=0.2653, train_logit_mse=0.4872, train_feature_mse=0.0008, train_acc=0.8023, alpha=0.100, val_acc=0.7630, val_macro_f1=0.6109, val_weighted_f1=0.7500, lr=0.000691, epoch_time=17.74s
[Epoch 018] train_loss=0.3101, train_hard=0.6003, train_soft=0.2618, train_logit_mse=0.4801, train_feature_mse=0.0008, train_acc=0.8032, alpha=0.100, val_acc=0.7740, val_macro_f1=0.6231, val_weighted_f1=0.7644, lr=0.000678, epoch_time=17.79s
  -> New best KD student saved to /users/40370279/csc4006/code/experiments/2__temperature_sweep/checkpoints/student_T4_seed123.pt
[Epoch 019] train_loss=0.3024, train_hard=0.5936, train_soft=0.2544, train_logit_mse=0.4686, train_feature_mse=0.0008, train_acc=0.8016, alpha=0.100, val_acc=0.7734, val_macro_f1=0.6379, val_weighted_f1=0.7669, lr=0.000665, epoch_time=17.84s
  -> New best KD student saved to /users/40370279/csc4006/code/experiments/2__temperature_sweep/checkpoints/student_T4_seed123.pt
[Epoch 020] train_loss=0.3022, train_hard=0.5876, train_soft=0.2549, train_logit_mse=0.4684, train_feature_mse=0.0008, train_acc=0.8048, alpha=0.100, val_acc=0.7581, val_macro_f1=0.6115, val_weighted_f1=0.7447, lr=0.000651, epoch_time=17.85s
[Epoch 021] train_loss=0.2966, train_hard=0.5891, train_soft=0.2488, train_logit_mse=0.4576, train_feature_mse=0.0008, train_acc=0.8039, alpha=0.100, val_acc=0.7459, val_macro_f1=0.6064, val_weighted_f1=0.7381, lr=0.000637, epoch_time=17.78s
[Epoch 022] train_loss=0.2890, train_hard=0.5843, train_soft=0.2413, train_logit_mse=0.4461, train_feature_mse=0.0008, train_acc=0.8046, alpha=0.100, val_acc=0.7715, val_macro_f1=0.6277, val_weighted_f1=0.7581, lr=0.000623, epoch_time=17.80s
[Epoch 023] train_loss=0.2868, train_hard=0.5791, train_soft=0.2395, train_logit_mse=0.4425, train_feature_mse=0.0007, train_acc=0.8064, alpha=0.100, val_acc=0.7648, val_macro_f1=0.6178, val_weighted_f1=0.7537, lr=0.000608, epoch_time=17.85s
[Epoch 024] train_loss=0.2848, train_hard=0.5839, train_soft=0.2369, train_logit_mse=0.4378, train_feature_mse=0.0007, train_acc=0.8079, alpha=0.100, val_acc=0.7575, val_macro_f1=0.6076, val_weighted_f1=0.7412, lr=0.000592, epoch_time=17.90s
[Epoch 025] train_loss=0.2821, train_hard=0.5787, train_soft=0.2346, train_logit_mse=0.4339, train_feature_mse=0.0007, train_acc=0.8083, alpha=0.100, val_acc=0.7630, val_macro_f1=0.6162, val_weighted_f1=0.7477, lr=0.000576, epoch_time=17.96s
[Epoch 026] train_loss=0.2759, train_hard=0.5771, train_soft=0.2283, train_logit_mse=0.4236, train_feature_mse=0.0007, train_acc=0.8101, alpha=0.100, val_acc=0.7642, val_macro_f1=0.6105, val_weighted_f1=0.7476, lr=0.000560, epoch_time=17.80s
[Epoch 027] train_loss=0.2756, train_hard=0.5767, train_soft=0.2280, train_logit_mse=0.4228, train_feature_mse=0.0007, train_acc=0.8087, alpha=0.100, val_acc=0.7673, val_macro_f1=0.6360, val_weighted_f1=0.7584, lr=0.000544, epoch_time=17.82s
[Epoch 028] train_loss=0.2689, train_hard=0.5685, train_soft=0.2219, train_logit_mse=0.4130, train_feature_mse=0.0007, train_acc=0.8104, alpha=0.100, val_acc=0.7697, val_macro_f1=0.6363, val_weighted_f1=0.7608, lr=0.000527, epoch_time=17.76s
[Epoch 029] train_loss=0.2722, train_hard=0.5768, train_soft=0.2245, train_logit_mse=0.4154, train_feature_mse=0.0007, train_acc=0.8078, alpha=0.100, val_acc=0.7557, val_macro_f1=0.6131, val_weighted_f1=0.7457, lr=0.000510, epoch_time=17.90s
[Epoch 030] train_loss=0.2659, train_hard=0.5673, train_soft=0.2188, train_logit_mse=0.4074, train_feature_mse=0.0007, train_acc=0.8104, alpha=0.100, val_acc=0.7740, val_macro_f1=0.6352, val_weighted_f1=0.7643, lr=0.000493, epoch_time=17.93s
[Epoch 031] train_loss=0.2642, train_hard=0.5660, train_soft=0.2172, train_logit_mse=0.4047, train_feature_mse=0.0006, train_acc=0.8132, alpha=0.100, val_acc=0.7709, val_macro_f1=0.6250, val_weighted_f1=0.7571, lr=0.000476, epoch_time=17.86s
[Epoch 032] train_loss=0.2653, train_hard=0.5673, train_soft=0.2182, train_logit_mse=0.4056, train_feature_mse=0.0006, train_acc=0.8112, alpha=0.100, val_acc=0.7715, val_macro_f1=0.6338, val_weighted_f1=0.7600, lr=0.000458, epoch_time=17.83s
[Epoch 033] train_loss=0.2596, train_hard=0.5636, train_soft=0.2127, train_logit_mse=0.3949, train_feature_mse=0.0006, train_acc=0.8127, alpha=0.100, val_acc=0.7648, val_macro_f1=0.6189, val_weighted_f1=0.7515, lr=0.000440, epoch_time=17.85s
[Epoch 034] train_loss=0.2571, train_hard=0.5609, train_soft=0.2103, train_logit_mse=0.3922, train_feature_mse=0.0006, train_acc=0.8129, alpha=0.100, val_acc=0.7721, val_macro_f1=0.6285, val_weighted_f1=0.7590, lr=0.000423, epoch_time=17.68s
Early stopping triggered.
Loaded best KD student checkpoint for final test evaluation.
Best validation macro-F1: 0.6379
Best epoch: 19
Time to best model: 344.56 seconds
Checkpoint size (MB): 0.174
Student size: medium
Teacher used: checkpoints/teacher/teacher_cnn_seed123.pt
Teacher arch: TeacherCNN
Teacher size: large
Checkpoint seed: 123
Test accuracy (KD student): 0.7770
Test macro-F1 (KD student): 0.6272
Test weighted-F1 (KD student): 0.7703
Test classification report:
              precision    recall  f1-score   support

           0       0.86      0.65      0.74       184
           1       0.20      0.14      0.16        56
           2       0.75      0.62      0.68       256
           3       0.82      0.90      0.86       912
           4       0.68      0.70      0.69       242

    accuracy                           0.78      1650
   macro avg       0.66      0.60      0.63      1650
weighted avg       0.77      0.78      0.77      1650

Test confusion matrix:
[[119   3   8  46   8]
 [  0   8   2  38   8]
 [  8   2 160  60  26]
 [ 10  18  21 825  38]
 [  1  10  23  38 170]]
Inference latency: 1.4168 ms/sample
Parsed metrics for seed 123:
  Accuracy    = 0.7770
  Macro-F1    = 0.6272
  Weighted-F1 = 0.7703

----- SEED 999 -----
Using device: cuda
Seed: 999
Deterministic mode: True
Deterministic warn_only: True
KD hyperparameters: alpha_start=0.100, alpha_end=0.100, temperature=4.00, logit_mse_weight=0.030, feature_mse_weight=0.030, class_weight_gamma=0.00, sampler_power=0.35, label_smoothing=0.000, student_size=medium
Training: batch_size=64, lr=0.0008, epochs=70, patience=15, weight_decay=0.002, grad_clip=1.0, num_workers=2, disable_augmentation=False, use_weighted_sampler=False
Teacher checkpoint path: checkpoints/teacher/teacher_cnn_seed999.pt
Student checkpoint path: /users/40370279/csc4006/code/experiments/2__temperature_sweep/checkpoints/student_T4_seed999.pt
Training set size: 12957
Validation set size: 1637
Test set size: 1650
Number of leads: 12 classes: 5
Classes: ['CD' 'HYP' 'MI' 'NORM' 'STTC']
Trainable parameters (student): 12809
Total parameters (student): 12809
Estimated model size (MB): 0.051
Teacher pooled dim: 896
Student pooled dim: 28
Class weights: [1. 1. 1. 1. 1.]
Training sampler: standard shuffled loader
[Epoch 001] train_loss=1.4478, train_hard=1.0920, train_soft=1.4080, train_logit_mse=2.3467, train_feature_mse=0.0320, train_acc=0.6057, alpha=0.100, val_acc=0.6652, val_macro_f1=0.3592, val_weighted_f1=0.6048, lr=0.000800, epoch_time=19.11s
  -> New best KD student saved to /users/40370279/csc4006/code/experiments/2__temperature_sweep/checkpoints/student_T4_seed999.pt
[Epoch 002] train_loss=1.0211, train_hard=0.8472, train_soft=0.9832, train_logit_mse=1.6956, train_feature_mse=0.0206, train_acc=0.7086, alpha=0.100, val_acc=0.7129, val_macro_f1=0.4730, val_weighted_f1=0.6729, lr=0.000798, epoch_time=18.10s
  -> New best KD student saved to /users/40370279/csc4006/code/experiments/2__temperature_sweep/checkpoints/student_T4_seed999.pt
[Epoch 003] train_loss=0.8045, train_hard=0.7486, train_soft=0.7653, train_logit_mse=1.3469, train_feature_mse=0.0153, train_acc=0.7565, alpha=0.100, val_acc=0.7422, val_macro_f1=0.5340, val_weighted_f1=0.7172, lr=0.000796, epoch_time=17.96s
  -> New best KD student saved to /users/40370279/csc4006/code/experiments/2__temperature_sweep/checkpoints/student_T4_seed999.pt
[Epoch 004] train_loss=0.7051, train_hard=0.7075, train_soft=0.6654, train_logit_mse=1.1730, train_feature_mse=0.0083, train_acc=0.7687, alpha=0.100, val_acc=0.7532, val_macro_f1=0.5521, val_weighted_f1=0.7305, lr=0.000794, epoch_time=18.05s
  -> New best KD student saved to /users/40370279/csc4006/code/experiments/2__temperature_sweep/checkpoints/student_T4_seed999.pt
[Epoch 005] train_loss=0.6487, train_hard=0.6829, train_soft=0.6089, train_logit_mse=1.0779, train_feature_mse=0.0048, train_acc=0.7751, alpha=0.100, val_acc=0.7599, val_macro_f1=0.5583, val_weighted_f1=0.7359, lr=0.000790, epoch_time=17.90s
  -> New best KD student saved to /users/40370279/csc4006/code/experiments/2__temperature_sweep/checkpoints/student_T4_seed999.pt
[Epoch 006] train_loss=0.6160, train_hard=0.6695, train_soft=0.5759, train_logit_mse=1.0203, train_feature_mse=0.0029, train_acc=0.7796, alpha=0.100, val_acc=0.7599, val_macro_f1=0.5605, val_weighted_f1=0.7358, lr=0.000786, epoch_time=17.74s
  -> New best KD student saved to /users/40370279/csc4006/code/experiments/2__temperature_sweep/checkpoints/student_T4_seed999.pt
[Epoch 007] train_loss=0.5913, train_hard=0.6575, train_soft=0.5512, train_logit_mse=0.9787, train_feature_mse=0.0018, train_acc=0.7843, alpha=0.100, val_acc=0.7599, val_macro_f1=0.5593, val_weighted_f1=0.7361, lr=0.000781, epoch_time=17.91s
[Epoch 008] train_loss=0.5668, train_hard=0.6439, train_soft=0.5270, train_logit_mse=0.9365, train_feature_mse=0.0014, train_acc=0.7884, alpha=0.100, val_acc=0.7550, val_macro_f1=0.5612, val_weighted_f1=0.7337, lr=0.000775, epoch_time=18.04s
  -> New best KD student saved to /users/40370279/csc4006/code/experiments/2__temperature_sweep/checkpoints/student_T4_seed999.pt
[Epoch 009] train_loss=0.5413, train_hard=0.6270, train_soft=0.5020, train_logit_mse=0.8923, train_feature_mse=0.0013, train_acc=0.7955, alpha=0.100, val_acc=0.7636, val_macro_f1=0.5841, val_weighted_f1=0.7483, lr=0.000768, epoch_time=17.90s
  -> New best KD student saved to /users/40370279/csc4006/code/experiments/2__temperature_sweep/checkpoints/student_T4_seed999.pt
[Epoch 010] train_loss=0.5325, train_hard=0.6272, train_soft=0.4926, train_logit_mse=0.8790, train_feature_mse=0.0012, train_acc=0.7902, alpha=0.100, val_acc=0.7599, val_macro_f1=0.5711, val_weighted_f1=0.7401, lr=0.000761, epoch_time=17.85s
[Epoch 011] train_loss=0.5197, train_hard=0.6192, train_soft=0.4800, train_logit_mse=0.8594, train_feature_mse=0.0012, train_acc=0.7949, alpha=0.100, val_acc=0.7483, val_macro_f1=0.5568, val_weighted_f1=0.7260, lr=0.000753, epoch_time=17.85s
[Epoch 012] train_loss=0.5060, train_hard=0.6121, train_soft=0.4663, train_logit_mse=0.8364, train_feature_mse=0.0011, train_acc=0.7955, alpha=0.100, val_acc=0.7691, val_macro_f1=0.5882, val_weighted_f1=0.7514, lr=0.000744, epoch_time=17.92s
  -> New best KD student saved to /users/40370279/csc4006/code/experiments/2__temperature_sweep/checkpoints/student_T4_seed999.pt
[Epoch 013] train_loss=0.4956, train_hard=0.6058, train_soft=0.4560, train_logit_mse=0.8185, train_feature_mse=0.0011, train_acc=0.7968, alpha=0.100, val_acc=0.7660, val_macro_f1=0.5754, val_weighted_f1=0.7444, lr=0.000735, epoch_time=17.83s
[Epoch 014] train_loss=0.4864, train_hard=0.6035, train_soft=0.4466, train_logit_mse=0.8012, train_feature_mse=0.0010, train_acc=0.7995, alpha=0.100, val_acc=0.7654, val_macro_f1=0.5952, val_weighted_f1=0.7514, lr=0.000725, epoch_time=18.00s
  -> New best KD student saved to /users/40370279/csc4006/code/experiments/2__temperature_sweep/checkpoints/student_T4_seed999.pt
[Epoch 015] train_loss=0.4714, train_hard=0.5923, train_soft=0.4320, train_logit_mse=0.7791, train_feature_mse=0.0010, train_acc=0.8038, alpha=0.100, val_acc=0.7557, val_macro_f1=0.5743, val_weighted_f1=0.7348, lr=0.000714, epoch_time=17.88s
[Epoch 016] train_loss=0.4684, train_hard=0.5917, train_soft=0.4289, train_logit_mse=0.7727, train_feature_mse=0.0010, train_acc=0.8021, alpha=0.100, val_acc=0.7624, val_macro_f1=0.6173, val_weighted_f1=0.7549, lr=0.000702, epoch_time=17.92s
  -> New best KD student saved to /users/40370279/csc4006/code/experiments/2__temperature_sweep/checkpoints/student_T4_seed999.pt
[Epoch 017] train_loss=0.4627, train_hard=0.5916, train_soft=0.4230, train_logit_mse=0.7620, train_feature_mse=0.0009, train_acc=0.8027, alpha=0.100, val_acc=0.7636, val_macro_f1=0.5953, val_weighted_f1=0.7451, lr=0.000691, epoch_time=17.98s
[Epoch 018] train_loss=0.4536, train_hard=0.5839, train_soft=0.4141, train_logit_mse=0.7486, train_feature_mse=0.0009, train_acc=0.8058, alpha=0.100, val_acc=0.7721, val_macro_f1=0.6144, val_weighted_f1=0.7597, lr=0.000678, epoch_time=17.95s
[Epoch 019] train_loss=0.4486, train_hard=0.5808, train_soft=0.4092, train_logit_mse=0.7401, train_feature_mse=0.0009, train_acc=0.8050, alpha=0.100, val_acc=0.7636, val_macro_f1=0.6114, val_weighted_f1=0.7511, lr=0.000665, epoch_time=17.85s
[Epoch 020] train_loss=0.4450, train_hard=0.5814, train_soft=0.4053, train_logit_mse=0.7333, train_feature_mse=0.0009, train_acc=0.8039, alpha=0.100, val_acc=0.7538, val_macro_f1=0.6111, val_weighted_f1=0.7488, lr=0.000651, epoch_time=17.84s
[Epoch 021] train_loss=0.4353, train_hard=0.5751, train_soft=0.3958, train_logit_mse=0.7178, train_feature_mse=0.0009, train_acc=0.8098, alpha=0.100, val_acc=0.7593, val_macro_f1=0.6070, val_weighted_f1=0.7501, lr=0.000637, epoch_time=17.93s
[Epoch 022] train_loss=0.4347, train_hard=0.5772, train_soft=0.3951, train_logit_mse=0.7144, train_feature_mse=0.0008, train_acc=0.8057, alpha=0.100, val_acc=0.7587, val_macro_f1=0.5947, val_weighted_f1=0.7413, lr=0.000623, epoch_time=17.85s
[Epoch 023] train_loss=0.4246, train_hard=0.5687, train_soft=0.3853, train_logit_mse=0.6993, train_feature_mse=0.0008, train_acc=0.8093, alpha=0.100, val_acc=0.7575, val_macro_f1=0.6008, val_weighted_f1=0.7434, lr=0.000608, epoch_time=18.03s
[Epoch 024] train_loss=0.4236, train_hard=0.5668, train_soft=0.3844, train_logit_mse=0.6976, train_feature_mse=0.0008, train_acc=0.8138, alpha=0.100, val_acc=0.7697, val_macro_f1=0.6227, val_weighted_f1=0.7600, lr=0.000592, epoch_time=17.92s
  -> New best KD student saved to /users/40370279/csc4006/code/experiments/2__temperature_sweep/checkpoints/student_T4_seed999.pt
[Epoch 025] train_loss=0.4186, train_hard=0.5626, train_soft=0.3796, train_logit_mse=0.6885, train_feature_mse=0.0008, train_acc=0.8128, alpha=0.100, val_acc=0.7673, val_macro_f1=0.6242, val_weighted_f1=0.7591, lr=0.000576, epoch_time=17.90s
  -> New best KD student saved to /users/40370279/csc4006/code/experiments/2__temperature_sweep/checkpoints/student_T4_seed999.pt
[Epoch 026] train_loss=0.4158, train_hard=0.5657, train_soft=0.3763, train_logit_mse=0.6847, train_feature_mse=0.0008, train_acc=0.8138, alpha=0.100, val_acc=0.7557, val_macro_f1=0.6105, val_weighted_f1=0.7471, lr=0.000560, epoch_time=17.85s
[Epoch 027] train_loss=0.4085, train_hard=0.5594, train_soft=0.3693, train_logit_mse=0.6716, train_feature_mse=0.0008, train_acc=0.8140, alpha=0.100, val_acc=0.7697, val_macro_f1=0.6129, val_weighted_f1=0.7541, lr=0.000544, epoch_time=17.88s
[Epoch 028] train_loss=0.4023, train_hard=0.5599, train_soft=0.3628, train_logit_mse=0.6591, train_feature_mse=0.0008, train_acc=0.8140, alpha=0.100, val_acc=0.7703, val_macro_f1=0.6141, val_weighted_f1=0.7537, lr=0.000527, epoch_time=18.08s
[Epoch 029] train_loss=0.3943, train_hard=0.5526, train_soft=0.3552, train_logit_mse=0.6474, train_feature_mse=0.0007, train_acc=0.8144, alpha=0.100, val_acc=0.7581, val_macro_f1=0.6225, val_weighted_f1=0.7526, lr=0.000510, epoch_time=17.94s
[Epoch 030] train_loss=0.3979, train_hard=0.5545, train_soft=0.3588, train_logit_mse=0.6521, train_feature_mse=0.0007, train_acc=0.8135, alpha=0.100, val_acc=0.7776, val_macro_f1=0.6391, val_weighted_f1=0.7688, lr=0.000493, epoch_time=17.85s
  -> New best KD student saved to /users/40370279/csc4006/code/experiments/2__temperature_sweep/checkpoints/student_T4_seed999.pt
[Epoch 031] train_loss=0.3901, train_hard=0.5516, train_soft=0.3508, train_logit_mse=0.6396, train_feature_mse=0.0007, train_acc=0.8158, alpha=0.100, val_acc=0.7691, val_macro_f1=0.6231, val_weighted_f1=0.7566, lr=0.000476, epoch_time=17.81s
[Epoch 032] train_loss=0.3857, train_hard=0.5480, train_soft=0.3465, train_logit_mse=0.6334, train_feature_mse=0.0007, train_acc=0.8178, alpha=0.100, val_acc=0.7728, val_macro_f1=0.6295, val_weighted_f1=0.7617, lr=0.000458, epoch_time=17.81s
[Epoch 033] train_loss=0.3821, train_hard=0.5468, train_soft=0.3429, train_logit_mse=0.6275, train_feature_mse=0.0007, train_acc=0.8182, alpha=0.100, val_acc=0.7630, val_macro_f1=0.6099, val_weighted_f1=0.7502, lr=0.000440, epoch_time=17.89s
[Epoch 034] train_loss=0.3820, train_hard=0.5452, train_soft=0.3429, train_logit_mse=0.6261, train_feature_mse=0.0007, train_acc=0.8146, alpha=0.100, val_acc=0.7666, val_macro_f1=0.6316, val_weighted_f1=0.7608, lr=0.000423, epoch_time=17.89s
[Epoch 035] train_loss=0.3785, train_hard=0.5439, train_soft=0.3394, train_logit_mse=0.6198, train_feature_mse=0.0007, train_acc=0.8196, alpha=0.100, val_acc=0.7819, val_macro_f1=0.6498, val_weighted_f1=0.7749, lr=0.000405, epoch_time=17.82s
  -> New best KD student saved to /users/40370279/csc4006/code/experiments/2__temperature_sweep/checkpoints/student_T4_seed999.pt
[Epoch 036] train_loss=0.3750, train_hard=0.5380, train_soft=0.3363, train_logit_mse=0.6175, train_feature_mse=0.0007, train_acc=0.8206, alpha=0.100, val_acc=0.7721, val_macro_f1=0.6333, val_weighted_f1=0.7633, lr=0.000387, epoch_time=17.86s
[Epoch 037] train_loss=0.3742, train_hard=0.5414, train_soft=0.3351, train_logit_mse=0.6139, train_feature_mse=0.0007, train_acc=0.8192, alpha=0.100, val_acc=0.7703, val_macro_f1=0.6354, val_weighted_f1=0.7637, lr=0.000370, epoch_time=17.95s
[Epoch 038] train_loss=0.3722, train_hard=0.5396, train_soft=0.3332, train_logit_mse=0.6110, train_feature_mse=0.0007, train_acc=0.8235, alpha=0.100, val_acc=0.7715, val_macro_f1=0.6286, val_weighted_f1=0.7600, lr=0.000352, epoch_time=17.87s
[Epoch 039] train_loss=0.3666, train_hard=0.5313, train_soft=0.3282, train_logit_mse=0.6030, train_feature_mse=0.0007, train_acc=0.8251, alpha=0.100, val_acc=0.7801, val_macro_f1=0.6300, val_weighted_f1=0.7677, lr=0.000334, epoch_time=18.02s
[Epoch 040] train_loss=0.3718, train_hard=0.5385, train_soft=0.3328, train_logit_mse=0.6114, train_feature_mse=0.0007, train_acc=0.8203, alpha=0.100, val_acc=0.7740, val_macro_f1=0.6405, val_weighted_f1=0.7653, lr=0.000317, epoch_time=17.85s
[Epoch 041] train_loss=0.3620, train_hard=0.5334, train_soft=0.3231, train_logit_mse=0.5947, train_feature_mse=0.0007, train_acc=0.8211, alpha=0.100, val_acc=0.7758, val_macro_f1=0.6423, val_weighted_f1=0.7669, lr=0.000300, epoch_time=17.95s
[Epoch 042] train_loss=0.3675, train_hard=0.5357, train_soft=0.3287, train_logit_mse=0.6032, train_feature_mse=0.0006, train_acc=0.8198, alpha=0.100, val_acc=0.7636, val_macro_f1=0.6321, val_weighted_f1=0.7567, lr=0.000283, epoch_time=17.82s
[Epoch 043] train_loss=0.3624, train_hard=0.5318, train_soft=0.3237, train_logit_mse=0.5959, train_feature_mse=0.0006, train_acc=0.8216, alpha=0.100, val_acc=0.7801, val_macro_f1=0.6498, val_weighted_f1=0.7719, lr=0.000266, epoch_time=17.93s
  -> New best KD student saved to /users/40370279/csc4006/code/experiments/2__temperature_sweep/checkpoints/student_T4_seed999.pt
[Epoch 044] train_loss=0.3615, train_hard=0.5311, train_soft=0.3228, train_logit_mse=0.5947, train_feature_mse=0.0006, train_acc=0.8229, alpha=0.100, val_acc=0.7752, val_macro_f1=0.6260, val_weighted_f1=0.7641, lr=0.000250, epoch_time=18.03s
[Epoch 045] train_loss=0.3598, train_hard=0.5304, train_soft=0.3211, train_logit_mse=0.5919, train_feature_mse=0.0006, train_acc=0.8216, alpha=0.100, val_acc=0.7789, val_macro_f1=0.6468, val_weighted_f1=0.7709, lr=0.000234, epoch_time=17.95s
[Epoch 046] train_loss=0.3525, train_hard=0.5270, train_soft=0.3138, train_logit_mse=0.5787, train_feature_mse=0.0006, train_acc=0.8265, alpha=0.100, val_acc=0.7697, val_macro_f1=0.6251, val_weighted_f1=0.7584, lr=0.000218, epoch_time=17.89s
[Epoch 047] train_loss=0.3572, train_hard=0.5300, train_soft=0.3185, train_logit_mse=0.5860, train_feature_mse=0.0006, train_acc=0.8233, alpha=0.100, val_acc=0.7819, val_macro_f1=0.6457, val_weighted_f1=0.7732, lr=0.000202, epoch_time=17.90s
[Epoch 048] train_loss=0.3479, train_hard=0.5237, train_soft=0.3092, train_logit_mse=0.5723, train_feature_mse=0.0006, train_acc=0.8237, alpha=0.100, val_acc=0.7734, val_macro_f1=0.6404, val_weighted_f1=0.7655, lr=0.000187, epoch_time=17.88s
[Epoch 049] train_loss=0.3503, train_hard=0.5258, train_soft=0.3117, train_logit_mse=0.5746, train_feature_mse=0.0006, train_acc=0.8253, alpha=0.100, val_acc=0.7721, val_macro_f1=0.6339, val_weighted_f1=0.7609, lr=0.000173, epoch_time=17.91s
[Epoch 050] train_loss=0.3511, train_hard=0.5241, train_soft=0.3126, train_logit_mse=0.5759, train_feature_mse=0.0006, train_acc=0.8264, alpha=0.100, val_acc=0.7770, val_macro_f1=0.6426, val_weighted_f1=0.7697, lr=0.000159, epoch_time=17.97s
[Epoch 051] train_loss=0.3449, train_hard=0.5219, train_soft=0.3064, train_logit_mse=0.5657, train_feature_mse=0.0006, train_acc=0.8277, alpha=0.100, val_acc=0.7715, val_macro_f1=0.6378, val_weighted_f1=0.7616, lr=0.000145, epoch_time=17.99s
[Epoch 052] train_loss=0.3465, train_hard=0.5209, train_soft=0.3081, train_logit_mse=0.5688, train_feature_mse=0.0006, train_acc=0.8283, alpha=0.100, val_acc=0.7697, val_macro_f1=0.6335, val_weighted_f1=0.7618, lr=0.000132, epoch_time=17.91s
[Epoch 053] train_loss=0.3467, train_hard=0.5202, train_soft=0.3085, train_logit_mse=0.5686, train_feature_mse=0.0006, train_acc=0.8270, alpha=0.100, val_acc=0.7721, val_macro_f1=0.6369, val_weighted_f1=0.7630, lr=0.000119, epoch_time=18.01s
[Epoch 054] train_loss=0.3456, train_hard=0.5202, train_soft=0.3073, train_logit_mse=0.5666, train_feature_mse=0.0006, train_acc=0.8302, alpha=0.100, val_acc=0.7746, val_macro_f1=0.6441, val_weighted_f1=0.7663, lr=0.000108, epoch_time=18.01s
[Epoch 055] train_loss=0.3386, train_hard=0.5159, train_soft=0.3004, train_logit_mse=0.5556, train_feature_mse=0.0006, train_acc=0.8312, alpha=0.100, val_acc=0.7715, val_macro_f1=0.6380, val_weighted_f1=0.7644, lr=0.000096, epoch_time=17.94s
[Epoch 056] train_loss=0.3439, train_hard=0.5223, train_soft=0.3053, train_logit_mse=0.5640, train_feature_mse=0.0006, train_acc=0.8284, alpha=0.100, val_acc=0.7721, val_macro_f1=0.6421, val_weighted_f1=0.7645, lr=0.000085, epoch_time=17.78s
[Epoch 057] train_loss=0.3406, train_hard=0.5180, train_soft=0.3022, train_logit_mse=0.5609, train_feature_mse=0.0006, train_acc=0.8268, alpha=0.100, val_acc=0.7715, val_macro_f1=0.6391, val_weighted_f1=0.7637, lr=0.000075, epoch_time=17.94s
[Epoch 058] train_loss=0.3410, train_hard=0.5166, train_soft=0.3028, train_logit_mse=0.5594, train_feature_mse=0.0006, train_acc=0.8276, alpha=0.100, val_acc=0.7764, val_macro_f1=0.6423, val_weighted_f1=0.7684, lr=0.000066, epoch_time=18.00s
Early stopping triggered.
Loaded best KD student checkpoint for final test evaluation.
Best validation macro-F1: 0.6498
Best epoch: 43
Time to best model: 780.05 seconds
Checkpoint size (MB): 0.174
Student size: medium
Teacher used: checkpoints/teacher/teacher_cnn_seed999.pt
Teacher arch: TeacherCNN
Teacher size: large
Checkpoint seed: 999
Test accuracy (KD student): 0.7758
Test macro-F1 (KD student): 0.6246
Test weighted-F1 (KD student): 0.7659
Test classification report:
              precision    recall  f1-score   support

           0       0.83      0.67      0.74       184
           1       0.21      0.14      0.17        56
           2       0.79      0.59      0.68       256
           3       0.80      0.92      0.85       912
           4       0.73      0.64      0.68       242

    accuracy                           0.78      1650
   macro avg       0.67      0.59      0.62      1650
weighted avg       0.77      0.78      0.77      1650

Test confusion matrix:
[[123   5   4  48   4]
 [  1   8   4  37   6]
 [  5   1 151  75  24]
 [ 12  15  19 843  23]
 [  7  10  13  57 155]]
Inference latency: 1.4559 ms/sample
Parsed metrics for seed 999:
  Accuracy    = 0.7758
  Macro-F1    = 0.6246
  Weighted-F1 = 0.7659

===== EXPERIMENT 2 SUMMARY: T = 4 =====
Temperature  : 4
Seeds        : 42 123 999
Accuracy     : 0.7768 ± 0.0007
Macro F1     : 0.6254 ± 0.0013
Weighted F1  : 0.7681 ± 0.0018

Finished at: Sat Mar 28 15:57:05 GMT 2026
