[38;5;127mpython3[0m/[38;5;172m3.10.5[0m/[38;5;67mgcc-9.3.0[0m
 |
 [0;32mOK[0m
[38;5;127mgcc[0m/[38;5;172m9.3.0[0m
 |
 [0;32mOK[0m
===== EXPERIMENT 2: TEMPERATURE = 8 =====
Teacher checkpoints source: /users/40370279/csc4006/code/checkpoints/teacher
Student outputs directory : /users/40370279/csc4006/code/experiments/2__temperature_sweep
This job runs multiple seeds: 42, 123, 999
Job ID: 7991905
Host: gpu106.pri.kelvin2.alces.network
Start time: Sat Mar 28 15:56:43 GMT 2026

----- SEED 42 -----
Using device: cuda
Seed: 42
Deterministic mode: True
Deterministic warn_only: True
KD hyperparameters: alpha_start=0.100, alpha_end=0.100, temperature=8.00, logit_mse_weight=0.030, feature_mse_weight=0.030, class_weight_gamma=0.00, sampler_power=0.35, label_smoothing=0.000, student_size=medium
Training: batch_size=64, lr=0.0008, epochs=70, patience=15, weight_decay=0.002, grad_clip=1.0, num_workers=2, disable_augmentation=False, use_weighted_sampler=False
Teacher checkpoint path: checkpoints/teacher/teacher_cnn_seed42.pt
Student checkpoint path: /users/40370279/csc4006/code/experiments/2__temperature_sweep/checkpoints/student_T8_seed42.pt
Training set size: 12957
Validation set size: 1637
Test set size: 1650
Number of leads: 12 classes: 5
Classes: ['CD' 'HYP' 'MI' 'NORM' 'STTC']
Trainable parameters (student): 12809
Total parameters (student): 12809
Estimated model size (MB): 0.051
Teacher pooled dim: 896
Student pooled dim: 28
Class weights: [1. 1. 1. 1. 1.]
Training sampler: standard shuffled loader
[Epoch 001] train_loss=1.0751, train_hard=1.1218, train_soft=1.0081, train_logit_mse=1.8213, train_feature_mse=0.0315, train_acc=0.5873, alpha=0.100, val_acc=0.6768, val_macro_f1=0.4331, val_weighted_f1=0.6321, lr=0.000800, epoch_time=19.04s
  -> New best KD student saved to /users/40370279/csc4006/code/experiments/2__temperature_sweep/checkpoints/student_T8_seed42.pt
[Epoch 002] train_loss=0.6691, train_hard=0.8465, train_soft=0.6115, train_logit_mse=1.1183, train_feature_mse=0.0183, train_acc=0.7103, alpha=0.100, val_acc=0.7129, val_macro_f1=0.4847, val_weighted_f1=0.6717, lr=0.000798, epoch_time=17.86s
  -> New best KD student saved to /users/40370279/csc4006/code/experiments/2__temperature_sweep/checkpoints/student_T8_seed42.pt
[Epoch 003] train_loss=0.5173, train_hard=0.7539, train_soft=0.4622, train_logit_mse=0.8561, train_feature_mse=0.0110, train_acc=0.7536, alpha=0.100, val_acc=0.7349, val_macro_f1=0.5327, val_weighted_f1=0.7126, lr=0.000796, epoch_time=17.82s
  -> New best KD student saved to /users/40370279/csc4006/code/experiments/2__temperature_sweep/checkpoints/student_T8_seed42.pt
[Epoch 004] train_loss=0.4402, train_hard=0.7062, train_soft=0.3865, train_logit_mse=0.7188, train_feature_mse=0.0069, train_acc=0.7672, alpha=0.100, val_acc=0.7373, val_macro_f1=0.5309, val_weighted_f1=0.7118, lr=0.000794, epoch_time=17.90s
[Epoch 005] train_loss=0.4007, train_hard=0.6834, train_soft=0.3476, train_logit_mse=0.6471, train_feature_mse=0.0046, train_acc=0.7739, alpha=0.100, val_acc=0.7569, val_macro_f1=0.5620, val_weighted_f1=0.7350, lr=0.000790, epoch_time=17.83s
  -> New best KD student saved to /users/40370279/csc4006/code/experiments/2__temperature_sweep/checkpoints/student_T8_seed42.pt
[Epoch 006] train_loss=0.3803, train_hard=0.6784, train_soft=0.3268, train_logit_mse=0.6084, train_feature_mse=0.0030, train_acc=0.7755, alpha=0.100, val_acc=0.7306, val_macro_f1=0.5130, val_weighted_f1=0.6938, lr=0.000786, epoch_time=17.85s
[Epoch 007] train_loss=0.3553, train_hard=0.6587, train_soft=0.3027, train_logit_mse=0.5642, train_feature_mse=0.0017, train_acc=0.7786, alpha=0.100, val_acc=0.7587, val_macro_f1=0.5677, val_weighted_f1=0.7412, lr=0.000781, epoch_time=17.91s
  -> New best KD student saved to /users/40370279/csc4006/code/experiments/2__temperature_sweep/checkpoints/student_T8_seed42.pt
[Epoch 008] train_loss=0.3470, train_hard=0.6526, train_soft=0.2947, train_logit_mse=0.5479, train_feature_mse=0.0013, train_acc=0.7820, alpha=0.100, val_acc=0.7514, val_macro_f1=0.5426, val_weighted_f1=0.7208, lr=0.000775, epoch_time=17.91s
[Epoch 009] train_loss=0.3291, train_hard=0.6375, train_soft=0.2775, train_logit_mse=0.5169, train_feature_mse=0.0011, train_acc=0.7881, alpha=0.100, val_acc=0.7673, val_macro_f1=0.5674, val_weighted_f1=0.7443, lr=0.000768, epoch_time=17.91s
[Epoch 010] train_loss=0.3168, train_hard=0.6364, train_soft=0.2648, train_logit_mse=0.4939, train_feature_mse=0.0010, train_acc=0.7890, alpha=0.100, val_acc=0.7679, val_macro_f1=0.5691, val_weighted_f1=0.7446, lr=0.000761, epoch_time=17.95s
  -> New best KD student saved to /users/40370279/csc4006/code/experiments/2__temperature_sweep/checkpoints/student_T8_seed42.pt
[Epoch 011] train_loss=0.3085, train_hard=0.6312, train_soft=0.2567, train_logit_mse=0.4785, train_feature_mse=0.0010, train_acc=0.7910, alpha=0.100, val_acc=0.7660, val_macro_f1=0.5653, val_weighted_f1=0.7431, lr=0.000753, epoch_time=17.95s
[Epoch 012] train_loss=0.2985, train_hard=0.6216, train_soft=0.2472, train_logit_mse=0.4614, train_feature_mse=0.0009, train_acc=0.7954, alpha=0.100, val_acc=0.7648, val_macro_f1=0.5832, val_weighted_f1=0.7459, lr=0.000744, epoch_time=17.83s
  -> New best KD student saved to /users/40370279/csc4006/code/experiments/2__temperature_sweep/checkpoints/student_T8_seed42.pt
[Epoch 013] train_loss=0.2928, train_hard=0.6187, train_soft=0.2415, train_logit_mse=0.4509, train_feature_mse=0.0008, train_acc=0.7927, alpha=0.100, val_acc=0.7636, val_macro_f1=0.5784, val_weighted_f1=0.7459, lr=0.000735, epoch_time=17.87s
[Epoch 014] train_loss=0.2865, train_hard=0.6122, train_soft=0.2356, train_logit_mse=0.4404, train_feature_mse=0.0008, train_acc=0.7979, alpha=0.100, val_acc=0.7587, val_macro_f1=0.5647, val_weighted_f1=0.7336, lr=0.000725, epoch_time=17.83s
[Epoch 015] train_loss=0.2830, train_hard=0.6131, train_soft=0.2318, train_logit_mse=0.4334, train_feature_mse=0.0008, train_acc=0.7970, alpha=0.100, val_acc=0.7575, val_macro_f1=0.5602, val_weighted_f1=0.7325, lr=0.000714, epoch_time=17.85s
[Epoch 016] train_loss=0.2759, train_hard=0.6053, train_soft=0.2252, train_logit_mse=0.4213, train_feature_mse=0.0007, train_acc=0.8019, alpha=0.100, val_acc=0.7520, val_macro_f1=0.5530, val_weighted_f1=0.7275, lr=0.000702, epoch_time=17.86s
[Epoch 017] train_loss=0.2718, train_hard=0.6074, train_soft=0.2207, train_logit_mse=0.4130, train_feature_mse=0.0007, train_acc=0.7983, alpha=0.100, val_acc=0.7605, val_macro_f1=0.5780, val_weighted_f1=0.7434, lr=0.000691, epoch_time=17.82s
[Epoch 018] train_loss=0.2660, train_hard=0.5962, train_soft=0.2158, train_logit_mse=0.4042, train_feature_mse=0.0007, train_acc=0.8028, alpha=0.100, val_acc=0.7593, val_macro_f1=0.5636, val_weighted_f1=0.7336, lr=0.000678, epoch_time=17.82s
[Epoch 019] train_loss=0.2629, train_hard=0.5976, train_soft=0.2124, train_logit_mse=0.3984, train_feature_mse=0.0007, train_acc=0.8022, alpha=0.100, val_acc=0.7752, val_macro_f1=0.5932, val_weighted_f1=0.7583, lr=0.000665, epoch_time=17.85s
  -> New best KD student saved to /users/40370279/csc4006/code/experiments/2__temperature_sweep/checkpoints/student_T8_seed42.pt
[Epoch 020] train_loss=0.2620, train_hard=0.5971, train_soft=0.2115, train_logit_mse=0.3955, train_feature_mse=0.0007, train_acc=0.8025, alpha=0.100, val_acc=0.7618, val_macro_f1=0.5736, val_weighted_f1=0.7417, lr=0.000651, epoch_time=17.87s
[Epoch 021] train_loss=0.2546, train_hard=0.5892, train_soft=0.2046, train_logit_mse=0.3839, train_feature_mse=0.0006, train_acc=0.8047, alpha=0.100, val_acc=0.7709, val_macro_f1=0.5845, val_weighted_f1=0.7498, lr=0.000637, epoch_time=17.85s
[Epoch 022] train_loss=0.2494, train_hard=0.5833, train_soft=0.1997, train_logit_mse=0.3747, train_feature_mse=0.0006, train_acc=0.8060, alpha=0.100, val_acc=0.7715, val_macro_f1=0.5846, val_weighted_f1=0.7499, lr=0.000623, epoch_time=17.89s
[Epoch 023] train_loss=0.2436, train_hard=0.5810, train_soft=0.1939, train_logit_mse=0.3641, train_feature_mse=0.0006, train_acc=0.8068, alpha=0.100, val_acc=0.7715, val_macro_f1=0.6013, val_weighted_f1=0.7550, lr=0.000608, epoch_time=17.95s
  -> New best KD student saved to /users/40370279/csc4006/code/experiments/2__temperature_sweep/checkpoints/student_T8_seed42.pt
[Epoch 024] train_loss=0.2457, train_hard=0.5862, train_soft=0.1956, train_logit_mse=0.3675, train_feature_mse=0.0006, train_acc=0.8044, alpha=0.100, val_acc=0.7691, val_macro_f1=0.6193, val_weighted_f1=0.7571, lr=0.000592, epoch_time=17.81s
  -> New best KD student saved to /users/40370279/csc4006/code/experiments/2__temperature_sweep/checkpoints/student_T8_seed42.pt
[Epoch 025] train_loss=0.2450, train_hard=0.5809, train_soft=0.1954, train_logit_mse=0.3666, train_feature_mse=0.0006, train_acc=0.8076, alpha=0.100, val_acc=0.7685, val_macro_f1=0.6003, val_weighted_f1=0.7526, lr=0.000576, epoch_time=17.82s
[Epoch 026] train_loss=0.2371, train_hard=0.5748, train_soft=0.1878, train_logit_mse=0.3530, train_feature_mse=0.0006, train_acc=0.8125, alpha=0.100, val_acc=0.7758, val_macro_f1=0.5931, val_weighted_f1=0.7575, lr=0.000560, epoch_time=17.76s
[Epoch 027] train_loss=0.2413, train_hard=0.5804, train_soft=0.1916, train_logit_mse=0.3593, train_feature_mse=0.0006, train_acc=0.8081, alpha=0.100, val_acc=0.7740, val_macro_f1=0.6004, val_weighted_f1=0.7578, lr=0.000544, epoch_time=17.86s
[Epoch 028] train_loss=0.2353, train_hard=0.5774, train_soft=0.1857, train_logit_mse=0.3492, train_feature_mse=0.0006, train_acc=0.8080, alpha=0.100, val_acc=0.7740, val_macro_f1=0.5907, val_weighted_f1=0.7529, lr=0.000527, epoch_time=17.77s
[Epoch 029] train_loss=0.2342, train_hard=0.5745, train_soft=0.1848, train_logit_mse=0.3473, train_feature_mse=0.0006, train_acc=0.8115, alpha=0.100, val_acc=0.7746, val_macro_f1=0.6145, val_weighted_f1=0.7613, lr=0.000510, epoch_time=17.81s
[Epoch 030] train_loss=0.2347, train_hard=0.5780, train_soft=0.1850, train_logit_mse=0.3469, train_feature_mse=0.0006, train_acc=0.8125, alpha=0.100, val_acc=0.7673, val_macro_f1=0.5906, val_weighted_f1=0.7481, lr=0.000493, epoch_time=17.92s
[Epoch 031] train_loss=0.2329, train_hard=0.5756, train_soft=0.1834, train_logit_mse=0.3436, train_feature_mse=0.0005, train_acc=0.8121, alpha=0.100, val_acc=0.7795, val_macro_f1=0.6266, val_weighted_f1=0.7674, lr=0.000476, epoch_time=17.94s
  -> New best KD student saved to /users/40370279/csc4006/code/experiments/2__temperature_sweep/checkpoints/student_T8_seed42.pt
[Epoch 032] train_loss=0.2295, train_hard=0.5669, train_soft=0.1807, train_logit_mse=0.3396, train_feature_mse=0.0006, train_acc=0.8117, alpha=0.100, val_acc=0.7679, val_macro_f1=0.5960, val_weighted_f1=0.7505, lr=0.000458, epoch_time=17.79s
[Epoch 033] train_loss=0.2268, train_hard=0.5694, train_soft=0.1776, train_logit_mse=0.3337, train_feature_mse=0.0005, train_acc=0.8103, alpha=0.100, val_acc=0.7734, val_macro_f1=0.5961, val_weighted_f1=0.7557, lr=0.000440, epoch_time=17.83s
[Epoch 034] train_loss=0.2255, train_hard=0.5650, train_soft=0.1767, train_logit_mse=0.3320, train_feature_mse=0.0005, train_acc=0.8141, alpha=0.100, val_acc=0.7703, val_macro_f1=0.5907, val_weighted_f1=0.7541, lr=0.000423, epoch_time=17.94s
[Epoch 035] train_loss=0.2242, train_hard=0.5635, train_soft=0.1754, train_logit_mse=0.3300, train_feature_mse=0.0005, train_acc=0.8123, alpha=0.100, val_acc=0.7770, val_macro_f1=0.6074, val_weighted_f1=0.7632, lr=0.000405, epoch_time=17.83s
[Epoch 036] train_loss=0.2232, train_hard=0.5649, train_soft=0.1743, train_logit_mse=0.3275, train_feature_mse=0.0005, train_acc=0.8148, alpha=0.100, val_acc=0.7648, val_macro_f1=0.5777, val_weighted_f1=0.7428, lr=0.000387, epoch_time=17.78s
[Epoch 037] train_loss=0.2193, train_hard=0.5579, train_soft=0.1709, train_logit_mse=0.3219, train_feature_mse=0.0005, train_acc=0.8165, alpha=0.100, val_acc=0.7715, val_macro_f1=0.6082, val_weighted_f1=0.7546, lr=0.000370, epoch_time=17.80s
[Epoch 038] train_loss=0.2191, train_hard=0.5631, train_soft=0.1702, train_logit_mse=0.3197, train_feature_mse=0.0005, train_acc=0.8144, alpha=0.100, val_acc=0.7685, val_macro_f1=0.5912, val_weighted_f1=0.7473, lr=0.000352, epoch_time=17.80s
[Epoch 039] train_loss=0.2168, train_hard=0.5602, train_soft=0.1680, train_logit_mse=0.3168, train_feature_mse=0.0005, train_acc=0.8166, alpha=0.100, val_acc=0.7752, val_macro_f1=0.6015, val_weighted_f1=0.7579, lr=0.000334, epoch_time=17.80s
[Epoch 040] train_loss=0.2161, train_hard=0.5582, train_soft=0.1676, train_logit_mse=0.3154, train_feature_mse=0.0005, train_acc=0.8165, alpha=0.100, val_acc=0.7770, val_macro_f1=0.6115, val_weighted_f1=0.7617, lr=0.000317, epoch_time=17.80s
[Epoch 041] train_loss=0.2141, train_hard=0.5591, train_soft=0.1654, train_logit_mse=0.3117, train_feature_mse=0.0005, train_acc=0.8162, alpha=0.100, val_acc=0.7697, val_macro_f1=0.6094, val_weighted_f1=0.7551, lr=0.000300, epoch_time=17.89s
[Epoch 042] train_loss=0.2115, train_hard=0.5523, train_soft=0.1634, train_logit_mse=0.3078, train_feature_mse=0.0005, train_acc=0.8185, alpha=0.100, val_acc=0.7764, val_macro_f1=0.6043, val_weighted_f1=0.7578, lr=0.000283, epoch_time=17.81s
[Epoch 043] train_loss=0.2124, train_hard=0.5547, train_soft=0.1640, train_logit_mse=0.3086, train_feature_mse=0.0005, train_acc=0.8142, alpha=0.100, val_acc=0.7758, val_macro_f1=0.6171, val_weighted_f1=0.7612, lr=0.000266, epoch_time=17.82s
[Epoch 044] train_loss=0.2105, train_hard=0.5534, train_soft=0.1622, train_logit_mse=0.3057, train_feature_mse=0.0005, train_acc=0.8178, alpha=0.100, val_acc=0.7813, val_macro_f1=0.6342, val_weighted_f1=0.7671, lr=0.000250, epoch_time=18.05s
  -> New best KD student saved to /users/40370279/csc4006/code/experiments/2__temperature_sweep/checkpoints/student_T8_seed42.pt
[Epoch 045] train_loss=0.2086, train_hard=0.5528, train_soft=0.1603, train_logit_mse=0.3021, train_feature_mse=0.0005, train_acc=0.8178, alpha=0.100, val_acc=0.7850, val_macro_f1=0.6131, val_weighted_f1=0.7689, lr=0.000234, epoch_time=17.86s
[Epoch 046] train_loss=0.2116, train_hard=0.5552, train_soft=0.1632, train_logit_mse=0.3071, train_feature_mse=0.0005, train_acc=0.8159, alpha=0.100, val_acc=0.7819, val_macro_f1=0.6421, val_weighted_f1=0.7710, lr=0.000218, epoch_time=17.90s
  -> New best KD student saved to /users/40370279/csc4006/code/experiments/2__temperature_sweep/checkpoints/student_T8_seed42.pt
[Epoch 047] train_loss=0.2070, train_hard=0.5515, train_soft=0.1587, train_logit_mse=0.2991, train_feature_mse=0.0005, train_acc=0.8189, alpha=0.100, val_acc=0.7776, val_macro_f1=0.6150, val_weighted_f1=0.7630, lr=0.000202, epoch_time=17.93s
[Epoch 048] train_loss=0.2098, train_hard=0.5560, train_soft=0.1612, train_logit_mse=0.3036, train_feature_mse=0.0005, train_acc=0.8165, alpha=0.100, val_acc=0.7740, val_macro_f1=0.5991, val_weighted_f1=0.7566, lr=0.000187, epoch_time=17.75s
[Epoch 049] train_loss=0.2076, train_hard=0.5498, train_soft=0.1595, train_logit_mse=0.3006, train_feature_mse=0.0005, train_acc=0.8211, alpha=0.100, val_acc=0.7789, val_macro_f1=0.6212, val_weighted_f1=0.7654, lr=0.000173, epoch_time=17.91s
[Epoch 050] train_loss=0.2040, train_hard=0.5455, train_soft=0.1563, train_logit_mse=0.2941, train_feature_mse=0.0005, train_acc=0.8216, alpha=0.100, val_acc=0.7795, val_macro_f1=0.6264, val_weighted_f1=0.7658, lr=0.000159, epoch_time=17.97s
[Epoch 051] train_loss=0.2049, train_hard=0.5504, train_soft=0.1566, train_logit_mse=0.2951, train_feature_mse=0.0005, train_acc=0.8190, alpha=0.100, val_acc=0.7734, val_macro_f1=0.6156, val_weighted_f1=0.7582, lr=0.000145, epoch_time=17.94s
[Epoch 052] train_loss=0.2054, train_hard=0.5508, train_soft=0.1571, train_logit_mse=0.2963, train_feature_mse=0.0005, train_acc=0.8167, alpha=0.100, val_acc=0.7734, val_macro_f1=0.6199, val_weighted_f1=0.7589, lr=0.000132, epoch_time=17.86s
[Epoch 053] train_loss=0.2060, train_hard=0.5509, train_soft=0.1577, train_logit_mse=0.2972, train_feature_mse=0.0005, train_acc=0.8196, alpha=0.100, val_acc=0.7783, val_macro_f1=0.6198, val_weighted_f1=0.7639, lr=0.000119, epoch_time=17.89s
[Epoch 054] train_loss=0.2035, train_hard=0.5527, train_soft=0.1549, train_logit_mse=0.2923, train_feature_mse=0.0005, train_acc=0.8174, alpha=0.100, val_acc=0.7770, val_macro_f1=0.6301, val_weighted_f1=0.7630, lr=0.000108, epoch_time=17.88s
[Epoch 055] train_loss=0.2015, train_hard=0.5469, train_soft=0.1535, train_logit_mse=0.2893, train_feature_mse=0.0005, train_acc=0.8198, alpha=0.100, val_acc=0.7795, val_macro_f1=0.6333, val_weighted_f1=0.7675, lr=0.000096, epoch_time=17.75s
[Epoch 056] train_loss=0.2027, train_hard=0.5466, train_soft=0.1548, train_logit_mse=0.2920, train_feature_mse=0.0005, train_acc=0.8174, alpha=0.100, val_acc=0.7789, val_macro_f1=0.6243, val_weighted_f1=0.7647, lr=0.000085, epoch_time=17.88s
[Epoch 057] train_loss=0.2009, train_hard=0.5470, train_soft=0.1529, train_logit_mse=0.2882, train_feature_mse=0.0005, train_acc=0.8179, alpha=0.100, val_acc=0.7807, val_macro_f1=0.6255, val_weighted_f1=0.7663, lr=0.000075, epoch_time=17.90s
[Epoch 058] train_loss=0.2032, train_hard=0.5499, train_soft=0.1550, train_logit_mse=0.2918, train_feature_mse=0.0004, train_acc=0.8177, alpha=0.100, val_acc=0.7795, val_macro_f1=0.6209, val_weighted_f1=0.7648, lr=0.000066, epoch_time=17.95s
[Epoch 059] train_loss=0.1997, train_hard=0.5444, train_soft=0.1518, train_logit_mse=0.2869, train_feature_mse=0.0004, train_acc=0.8178, alpha=0.100, val_acc=0.7740, val_macro_f1=0.6182, val_weighted_f1=0.7598, lr=0.000057, epoch_time=17.73s
[Epoch 060] train_loss=0.1999, train_hard=0.5463, train_soft=0.1519, train_logit_mse=0.2862, train_feature_mse=0.0004, train_acc=0.8206, alpha=0.100, val_acc=0.7734, val_macro_f1=0.6163, val_weighted_f1=0.7583, lr=0.000049, epoch_time=17.71s
[Epoch 061] train_loss=0.1984, train_hard=0.5443, train_soft=0.1505, train_logit_mse=0.2843, train_feature_mse=0.0004, train_acc=0.8196, alpha=0.100, val_acc=0.7789, val_macro_f1=0.6280, val_weighted_f1=0.7643, lr=0.000042, epoch_time=17.87s
Early stopping triggered.
Loaded best KD student checkpoint for final test evaluation.
Best validation macro-F1: 0.6421
Best epoch: 46
Time to best model: 825.10 seconds
Checkpoint size (MB): 0.174
Student size: medium
Teacher used: checkpoints/teacher/teacher_cnn_seed42.pt
Teacher arch: TeacherCNN
Teacher size: large
Checkpoint seed: 42
Test accuracy (KD student): 0.7788
Test macro-F1 (KD student): 0.6255
Test weighted-F1 (KD student): 0.7663
Test classification report:
              precision    recall  f1-score   support

           0       0.82      0.67      0.74       184
           1       0.26      0.14      0.18        56
           2       0.78      0.54      0.64       256
           3       0.80      0.93      0.86       912
           4       0.73      0.69      0.71       242

    accuracy                           0.78      1650
   macro avg       0.68      0.59      0.63      1650
weighted avg       0.77      0.78      0.77      1650

Test confusion matrix:
[[123   1   6  50   4]
 [  0   8   3  40   5]
 [ 13   1 138  75  29]
 [ 10  13  17 850  22]
 [  4   8  12  52 166]]
Inference latency: 1.4620 ms/sample
Parsed metrics for seed 42:
  Accuracy    = 0.7788
  Macro-F1    = 0.6255
  Weighted-F1 = 0.7663

----- SEED 123 -----
Using device: cuda
Seed: 123
Deterministic mode: True
Deterministic warn_only: True
KD hyperparameters: alpha_start=0.100, alpha_end=0.100, temperature=8.00, logit_mse_weight=0.030, feature_mse_weight=0.030, class_weight_gamma=0.00, sampler_power=0.35, label_smoothing=0.000, student_size=medium
Training: batch_size=64, lr=0.0008, epochs=70, patience=15, weight_decay=0.002, grad_clip=1.0, num_workers=2, disable_augmentation=False, use_weighted_sampler=False
Teacher checkpoint path: checkpoints/teacher/teacher_cnn_seed123.pt
Student checkpoint path: /users/40370279/csc4006/code/experiments/2__temperature_sweep/checkpoints/student_T8_seed123.pt
Training set size: 12957
Validation set size: 1637
Test set size: 1650
Number of leads: 12 classes: 5
Classes: ['CD' 'HYP' 'MI' 'NORM' 'STTC']
Trainable parameters (student): 12809
Total parameters (student): 12809
Estimated model size (MB): 0.051
Teacher pooled dim: 896
Student pooled dim: 28
Class weights: [1. 1. 1. 1. 1.]
Training sampler: standard shuffled loader
[Epoch 001] train_loss=1.1033, train_hard=1.1141, train_soft=1.0392, train_logit_mse=1.8601, train_feature_mse=0.0284, train_acc=0.6027, alpha=0.100, val_acc=0.6378, val_macro_f1=0.3026, val_weighted_f1=0.5522, lr=0.000800, epoch_time=18.94s
  -> New best KD student saved to /users/40370279/csc4006/code/experiments/2__temperature_sweep/checkpoints/student_T8_seed123.pt
[Epoch 002] train_loss=0.7309, train_hard=0.8504, train_soft=0.6761, train_logit_mse=1.2276, train_feature_mse=0.0181, train_acc=0.7110, alpha=0.100, val_acc=0.7147, val_macro_f1=0.4804, val_weighted_f1=0.6728, lr=0.000798, epoch_time=17.95s
  -> New best KD student saved to /users/40370279/csc4006/code/experiments/2__temperature_sweep/checkpoints/student_T8_seed123.pt
[Epoch 003] train_loss=0.5497, train_hard=0.7465, train_soft=0.4968, train_logit_mse=0.9154, train_feature_mse=0.0137, train_acc=0.7567, alpha=0.100, val_acc=0.7392, val_macro_f1=0.5270, val_weighted_f1=0.7066, lr=0.000796, epoch_time=17.66s
  -> New best KD student saved to /users/40370279/csc4006/code/experiments/2__temperature_sweep/checkpoints/student_T8_seed123.pt
[Epoch 004] train_loss=0.4818, train_hard=0.7109, train_soft=0.4296, train_logit_mse=0.7933, train_feature_mse=0.0091, train_acc=0.7661, alpha=0.100, val_acc=0.7294, val_macro_f1=0.5048, val_weighted_f1=0.6891, lr=0.000794, epoch_time=17.82s
[Epoch 005] train_loss=0.4341, train_hard=0.6836, train_soft=0.3826, train_logit_mse=0.7077, train_feature_mse=0.0054, train_acc=0.7739, alpha=0.100, val_acc=0.7385, val_macro_f1=0.5332, val_weighted_f1=0.7073, lr=0.000790, epoch_time=17.87s
  -> New best KD student saved to /users/40370279/csc4006/code/experiments/2__temperature_sweep/checkpoints/student_T8_seed123.pt
[Epoch 006] train_loss=0.4083, train_hard=0.6661, train_soft=0.3575, train_logit_mse=0.6610, train_feature_mse=0.0034, train_acc=0.7826, alpha=0.100, val_acc=0.7337, val_macro_f1=0.5502, val_weighted_f1=0.7140, lr=0.000786, epoch_time=17.74s
  -> New best KD student saved to /users/40370279/csc4006/code/experiments/2__temperature_sweep/checkpoints/student_T8_seed123.pt
[Epoch 007] train_loss=0.3844, train_hard=0.6540, train_soft=0.3338, train_logit_mse=0.6182, train_feature_mse=0.0022, train_acc=0.7812, alpha=0.100, val_acc=0.7532, val_macro_f1=0.5621, val_weighted_f1=0.7292, lr=0.000781, epoch_time=17.76s
  -> New best KD student saved to /users/40370279/csc4006/code/experiments/2__temperature_sweep/checkpoints/student_T8_seed123.pt
[Epoch 008] train_loss=0.3719, train_hard=0.6464, train_soft=0.3215, train_logit_mse=0.5954, train_feature_mse=0.0015, train_acc=0.7877, alpha=0.100, val_acc=0.7514, val_macro_f1=0.5714, val_weighted_f1=0.7297, lr=0.000775, epoch_time=17.83s
  -> New best KD student saved to /users/40370279/csc4006/code/experiments/2__temperature_sweep/checkpoints/student_T8_seed123.pt
[Epoch 009] train_loss=0.3547, train_hard=0.6383, train_soft=0.3044, train_logit_mse=0.5642, train_feature_mse=0.0012, train_acc=0.7878, alpha=0.100, val_acc=0.7673, val_macro_f1=0.6046, val_weighted_f1=0.7522, lr=0.000768, epoch_time=17.67s
  -> New best KD student saved to /users/40370279/csc4006/code/experiments/2__temperature_sweep/checkpoints/student_T8_seed123.pt
[Epoch 010] train_loss=0.3512, train_hard=0.6343, train_soft=0.3011, train_logit_mse=0.5580, train_feature_mse=0.0011, train_acc=0.7891, alpha=0.100, val_acc=0.7392, val_macro_f1=0.5667, val_weighted_f1=0.7182, lr=0.000761, epoch_time=17.68s
[Epoch 011] train_loss=0.3358, train_hard=0.6204, train_soft=0.2864, train_logit_mse=0.5309, train_feature_mse=0.0010, train_acc=0.7929, alpha=0.100, val_acc=0.7471, val_macro_f1=0.5717, val_weighted_f1=0.7254, lr=0.000753, epoch_time=17.72s
[Epoch 012] train_loss=0.3322, train_hard=0.6221, train_soft=0.2825, train_logit_mse=0.5237, train_feature_mse=0.0010, train_acc=0.7920, alpha=0.100, val_acc=0.7587, val_macro_f1=0.5771, val_weighted_f1=0.7334, lr=0.000744, epoch_time=17.70s
[Epoch 013] train_loss=0.3188, train_hard=0.6121, train_soft=0.2695, train_logit_mse=0.5008, train_feature_mse=0.0009, train_acc=0.7977, alpha=0.100, val_acc=0.7508, val_macro_f1=0.5657, val_weighted_f1=0.7260, lr=0.000735, epoch_time=17.73s
[Epoch 014] train_loss=0.3159, train_hard=0.6080, train_soft=0.2669, train_logit_mse=0.4964, train_feature_mse=0.0009, train_acc=0.7946, alpha=0.100, val_acc=0.7624, val_macro_f1=0.5922, val_weighted_f1=0.7456, lr=0.000725, epoch_time=17.62s
[Epoch 015] train_loss=0.3085, train_hard=0.6038, train_soft=0.2596, train_logit_mse=0.4823, train_feature_mse=0.0008, train_acc=0.8027, alpha=0.100, val_acc=0.7618, val_macro_f1=0.5739, val_weighted_f1=0.7400, lr=0.000714, epoch_time=17.81s
[Epoch 016] train_loss=0.3053, train_hard=0.6042, train_soft=0.2562, train_logit_mse=0.4760, train_feature_mse=0.0008, train_acc=0.7973, alpha=0.100, val_acc=0.7599, val_macro_f1=0.6002, val_weighted_f1=0.7440, lr=0.000702, epoch_time=17.78s
[Epoch 017] train_loss=0.3016, train_hard=0.6035, train_soft=0.2524, train_logit_mse=0.4695, train_feature_mse=0.0008, train_acc=0.8010, alpha=0.100, val_acc=0.7636, val_macro_f1=0.6072, val_weighted_f1=0.7505, lr=0.000691, epoch_time=17.70s
  -> New best KD student saved to /users/40370279/csc4006/code/experiments/2__temperature_sweep/checkpoints/student_T8_seed123.pt
[Epoch 018] train_loss=0.2957, train_hard=0.5988, train_soft=0.2467, train_logit_mse=0.4588, train_feature_mse=0.0008, train_acc=0.8013, alpha=0.100, val_acc=0.7605, val_macro_f1=0.5921, val_weighted_f1=0.7421, lr=0.000678, epoch_time=17.71s
[Epoch 019] train_loss=0.2875, train_hard=0.5910, train_soft=0.2389, train_logit_mse=0.4451, train_feature_mse=0.0007, train_acc=0.8009, alpha=0.100, val_acc=0.7618, val_macro_f1=0.5993, val_weighted_f1=0.7501, lr=0.000665, epoch_time=17.72s
[Epoch 020] train_loss=0.2878, train_hard=0.5866, train_soft=0.2397, train_logit_mse=0.4458, train_feature_mse=0.0007, train_acc=0.8038, alpha=0.100, val_acc=0.7605, val_macro_f1=0.6073, val_weighted_f1=0.7433, lr=0.000651, epoch_time=17.74s
  -> New best KD student saved to /users/40370279/csc4006/code/experiments/2__temperature_sweep/checkpoints/student_T8_seed123.pt
[Epoch 021] train_loss=0.2808, train_hard=0.5848, train_soft=0.2326, train_logit_mse=0.4333, train_feature_mse=0.0007, train_acc=0.8051, alpha=0.100, val_acc=0.7520, val_macro_f1=0.5968, val_weighted_f1=0.7381, lr=0.000637, epoch_time=17.70s
[Epoch 022] train_loss=0.2754, train_hard=0.5829, train_soft=0.2271, train_logit_mse=0.4239, train_feature_mse=0.0007, train_acc=0.8043, alpha=0.100, val_acc=0.7599, val_macro_f1=0.6097, val_weighted_f1=0.7456, lr=0.000623, epoch_time=17.71s
  -> New best KD student saved to /users/40370279/csc4006/code/experiments/2__temperature_sweep/checkpoints/student_T8_seed123.pt
[Epoch 023] train_loss=0.2741, train_hard=0.5800, train_soft=0.2261, train_logit_mse=0.4212, train_feature_mse=0.0007, train_acc=0.8027, alpha=0.100, val_acc=0.7636, val_macro_f1=0.6232, val_weighted_f1=0.7545, lr=0.000608, epoch_time=17.67s
  -> New best KD student saved to /users/40370279/csc4006/code/experiments/2__temperature_sweep/checkpoints/student_T8_seed123.pt
[Epoch 024] train_loss=0.2704, train_hard=0.5807, train_soft=0.2221, train_logit_mse=0.4146, train_feature_mse=0.0007, train_acc=0.8055, alpha=0.100, val_acc=0.7587, val_macro_f1=0.5869, val_weighted_f1=0.7400, lr=0.000592, epoch_time=17.85s
[Epoch 025] train_loss=0.2671, train_hard=0.5752, train_soft=0.2192, train_logit_mse=0.4095, train_feature_mse=0.0007, train_acc=0.8068, alpha=0.100, val_acc=0.7563, val_macro_f1=0.6081, val_weighted_f1=0.7402, lr=0.000576, epoch_time=17.74s
[Epoch 026] train_loss=0.2640, train_hard=0.5755, train_soft=0.2159, train_logit_mse=0.4032, train_feature_mse=0.0006, train_acc=0.8094, alpha=0.100, val_acc=0.7550, val_macro_f1=0.5954, val_weighted_f1=0.7350, lr=0.000560, epoch_time=17.69s
[Epoch 027] train_loss=0.2625, train_hard=0.5750, train_soft=0.2144, train_logit_mse=0.4002, train_feature_mse=0.0006, train_acc=0.8080, alpha=0.100, val_acc=0.7599, val_macro_f1=0.6057, val_weighted_f1=0.7449, lr=0.000544, epoch_time=17.83s
[Epoch 028] train_loss=0.2574, train_hard=0.5687, train_soft=0.2098, train_logit_mse=0.3924, train_feature_mse=0.0006, train_acc=0.8091, alpha=0.100, val_acc=0.7654, val_macro_f1=0.6279, val_weighted_f1=0.7544, lr=0.000527, epoch_time=17.69s
  -> New best KD student saved to /users/40370279/csc4006/code/experiments/2__temperature_sweep/checkpoints/student_T8_seed123.pt
[Epoch 029] train_loss=0.2608, train_hard=0.5717, train_soft=0.2130, train_logit_mse=0.3971, train_feature_mse=0.0006, train_acc=0.8104, alpha=0.100, val_acc=0.7544, val_macro_f1=0.6100, val_weighted_f1=0.7409, lr=0.000510, epoch_time=17.67s
[Epoch 030] train_loss=0.2557, train_hard=0.5662, train_soft=0.2082, train_logit_mse=0.3891, train_feature_mse=0.0006, train_acc=0.8106, alpha=0.100, val_acc=0.7636, val_macro_f1=0.6108, val_weighted_f1=0.7487, lr=0.000493, epoch_time=17.67s
[Epoch 031] train_loss=0.2523, train_hard=0.5635, train_soft=0.2049, train_logit_mse=0.3834, train_feature_mse=0.0006, train_acc=0.8138, alpha=0.100, val_acc=0.7642, val_macro_f1=0.6015, val_weighted_f1=0.7454, lr=0.000476, epoch_time=17.79s
[Epoch 032] train_loss=0.2538, train_hard=0.5651, train_soft=0.2063, train_logit_mse=0.3857, train_feature_mse=0.0006, train_acc=0.8122, alpha=0.100, val_acc=0.7611, val_macro_f1=0.6110, val_weighted_f1=0.7446, lr=0.000458, epoch_time=17.96s
[Epoch 033] train_loss=0.2502, train_hard=0.5647, train_soft=0.2026, train_logit_mse=0.3787, train_feature_mse=0.0006, train_acc=0.8124, alpha=0.100, val_acc=0.7544, val_macro_f1=0.5959, val_weighted_f1=0.7376, lr=0.000440, epoch_time=17.74s
[Epoch 034] train_loss=0.2482, train_hard=0.5609, train_soft=0.2009, train_logit_mse=0.3759, train_feature_mse=0.0006, train_acc=0.8126, alpha=0.100, val_acc=0.7599, val_macro_f1=0.5928, val_weighted_f1=0.7419, lr=0.000423, epoch_time=17.70s
[Epoch 035] train_loss=0.2459, train_hard=0.5617, train_soft=0.1985, train_logit_mse=0.3705, train_feature_mse=0.0006, train_acc=0.8134, alpha=0.100, val_acc=0.7709, val_macro_f1=0.6365, val_weighted_f1=0.7608, lr=0.000405, epoch_time=17.57s
  -> New best KD student saved to /users/40370279/csc4006/code/experiments/2__temperature_sweep/checkpoints/student_T8_seed123.pt
[Epoch 036] train_loss=0.2431, train_hard=0.5581, train_soft=0.1959, train_logit_mse=0.3667, train_feature_mse=0.0006, train_acc=0.8120, alpha=0.100, val_acc=0.7819, val_macro_f1=0.6355, val_weighted_f1=0.7715, lr=0.000387, epoch_time=17.71s
[Epoch 037] train_loss=0.2407, train_hard=0.5552, train_soft=0.1936, train_logit_mse=0.3624, train_feature_mse=0.0006, train_acc=0.8151, alpha=0.100, val_acc=0.7715, val_macro_f1=0.6239, val_weighted_f1=0.7609, lr=0.000370, epoch_time=17.91s
[Epoch 038] train_loss=0.2425, train_hard=0.5571, train_soft=0.1953, train_logit_mse=0.3656, train_feature_mse=0.0006, train_acc=0.8127, alpha=0.100, val_acc=0.7593, val_macro_f1=0.6131, val_weighted_f1=0.7428, lr=0.000352, epoch_time=17.71s
[Epoch 039] train_loss=0.2393, train_hard=0.5566, train_soft=0.1920, train_logit_mse=0.3596, train_feature_mse=0.0005, train_acc=0.8145, alpha=0.100, val_acc=0.7636, val_macro_f1=0.6039, val_weighted_f1=0.7462, lr=0.000334, epoch_time=17.77s
[Epoch 040] train_loss=0.2415, train_hard=0.5602, train_soft=0.1940, train_logit_mse=0.3626, train_feature_mse=0.0006, train_acc=0.8130, alpha=0.100, val_acc=0.7599, val_macro_f1=0.6098, val_weighted_f1=0.7437, lr=0.000317, epoch_time=17.83s
[Epoch 041] train_loss=0.2371, train_hard=0.5556, train_soft=0.1899, train_logit_mse=0.3552, train_feature_mse=0.0005, train_acc=0.8155, alpha=0.100, val_acc=0.7697, val_macro_f1=0.6340, val_weighted_f1=0.7591, lr=0.000300, epoch_time=17.70s
[Epoch 042] train_loss=0.2354, train_hard=0.5524, train_soft=0.1884, train_logit_mse=0.3530, train_feature_mse=0.0005, train_acc=0.8142, alpha=0.100, val_acc=0.7691, val_macro_f1=0.6228, val_weighted_f1=0.7550, lr=0.000283, epoch_time=17.74s
[Epoch 043] train_loss=0.2349, train_hard=0.5494, train_soft=0.1882, train_logit_mse=0.3528, train_feature_mse=0.0005, train_acc=0.8214, alpha=0.100, val_acc=0.7673, val_macro_f1=0.6303, val_weighted_f1=0.7558, lr=0.000266, epoch_time=17.66s
[Epoch 044] train_loss=0.2323, train_hard=0.5518, train_soft=0.1852, train_logit_mse=0.3473, train_feature_mse=0.0005, train_acc=0.8172, alpha=0.100, val_acc=0.7624, val_macro_f1=0.6061, val_weighted_f1=0.7442, lr=0.000250, epoch_time=17.66s
[Epoch 045] train_loss=0.2305, train_hard=0.5497, train_soft=0.1836, train_logit_mse=0.3437, train_feature_mse=0.0005, train_acc=0.8161, alpha=0.100, val_acc=0.7660, val_macro_f1=0.6104, val_weighted_f1=0.7506, lr=0.000234, epoch_time=17.73s
[Epoch 046] train_loss=0.2316, train_hard=0.5487, train_soft=0.1848, train_logit_mse=0.3462, train_feature_mse=0.0005, train_acc=0.8188, alpha=0.100, val_acc=0.7685, val_macro_f1=0.6279, val_weighted_f1=0.7551, lr=0.000218, epoch_time=17.71s
[Epoch 047] train_loss=0.2277, train_hard=0.5477, train_soft=0.1808, train_logit_mse=0.3396, train_feature_mse=0.0005, train_acc=0.8177, alpha=0.100, val_acc=0.7630, val_macro_f1=0.6066, val_weighted_f1=0.7472, lr=0.000202, epoch_time=17.76s
[Epoch 048] train_loss=0.2294, train_hard=0.5456, train_soft=0.1828, train_logit_mse=0.3423, train_feature_mse=0.0005, train_acc=0.8182, alpha=0.100, val_acc=0.7685, val_macro_f1=0.6219, val_weighted_f1=0.7562, lr=0.000187, epoch_time=17.80s
[Epoch 049] train_loss=0.2303, train_hard=0.5474, train_soft=0.1836, train_logit_mse=0.3441, train_feature_mse=0.0005, train_acc=0.8192, alpha=0.100, val_acc=0.7715, val_macro_f1=0.6148, val_weighted_f1=0.7554, lr=0.000173, epoch_time=17.79s
[Epoch 050] train_loss=0.2261, train_hard=0.5437, train_soft=0.1796, train_logit_mse=0.3369, train_feature_mse=0.0005, train_acc=0.8163, alpha=0.100, val_acc=0.7673, val_macro_f1=0.6177, val_weighted_f1=0.7527, lr=0.000159, epoch_time=17.73s
Early stopping triggered.
Loaded best KD student checkpoint for final test evaluation.
Best validation macro-F1: 0.6365
Best epoch: 35
Time to best model: 629.53 seconds
Checkpoint size (MB): 0.174
Student size: medium
Teacher used: checkpoints/teacher/teacher_cnn_seed123.pt
Teacher arch: TeacherCNN
Teacher size: large
Checkpoint seed: 123
Test accuracy (KD student): 0.7661
Test macro-F1 (KD student): 0.6001
Test weighted-F1 (KD student): 0.7561
Test classification report:
              precision    recall  f1-score   support

           0       0.76      0.71      0.73       184
           1       0.12      0.09      0.10        56
           2       0.78      0.54      0.64       256
           3       0.80      0.92      0.86       912
           4       0.70      0.64      0.67       242

    accuracy                           0.77      1650
   macro avg       0.63      0.58      0.60      1650
weighted avg       0.76      0.77      0.76      1650

Test confusion matrix:
[[130   3   5  41   5]
 [  3   5   3  40   5]
 [ 13   3 138  74  28]
 [ 19  15  14 836  28]
 [  5  17  16  49 155]]
Inference latency: 1.4674 ms/sample
Parsed metrics for seed 123:
  Accuracy    = 0.7661
  Macro-F1    = 0.6001
  Weighted-F1 = 0.7561

----- SEED 999 -----
Using device: cuda
Seed: 999
Deterministic mode: True
Deterministic warn_only: True
KD hyperparameters: alpha_start=0.100, alpha_end=0.100, temperature=8.00, logit_mse_weight=0.030, feature_mse_weight=0.030, class_weight_gamma=0.00, sampler_power=0.35, label_smoothing=0.000, student_size=medium
Training: batch_size=64, lr=0.0008, epochs=70, patience=15, weight_decay=0.002, grad_clip=1.0, num_workers=2, disable_augmentation=False, use_weighted_sampler=False
Teacher checkpoint path: checkpoints/teacher/teacher_cnn_seed999.pt
Student checkpoint path: /users/40370279/csc4006/code/experiments/2__temperature_sweep/checkpoints/student_T8_seed999.pt
Training set size: 12957
Validation set size: 1637
Test set size: 1650
Number of leads: 12 classes: 5
Classes: ['CD' 'HYP' 'MI' 'NORM' 'STTC']
Trainable parameters (student): 12809
Total parameters (student): 12809
Estimated model size (MB): 0.051
Teacher pooled dim: 896
Student pooled dim: 28
Class weights: [1. 1. 1. 1. 1.]
Training sampler: standard shuffled loader
[Epoch 001] train_loss=1.3678, train_hard=1.0973, train_soft=1.3191, train_logit_mse=2.3311, train_feature_mse=0.0320, train_acc=0.6065, alpha=0.100, val_acc=0.6714, val_macro_f1=0.3666, val_weighted_f1=0.6123, lr=0.000800, epoch_time=19.07s
  -> New best KD student saved to /users/40370279/csc4006/code/experiments/2__temperature_sweep/checkpoints/student_T8_seed999.pt
[Epoch 002] train_loss=0.9679, train_hard=0.8490, train_soft=0.9252, train_logit_mse=1.6589, train_feature_mse=0.0206, train_acc=0.7103, alpha=0.100, val_acc=0.7196, val_macro_f1=0.4903, val_weighted_f1=0.6829, lr=0.000798, epoch_time=17.69s
  -> New best KD student saved to /users/40370279/csc4006/code/experiments/2__temperature_sweep/checkpoints/student_T8_seed999.pt
[Epoch 003] train_loss=0.7503, train_hard=0.7387, train_soft=0.7082, train_logit_mse=1.2849, train_feature_mse=0.0149, train_acc=0.7567, alpha=0.100, val_acc=0.7398, val_macro_f1=0.5361, val_weighted_f1=0.7166, lr=0.000796, epoch_time=17.72s
  -> New best KD student saved to /users/40370279/csc4006/code/experiments/2__temperature_sweep/checkpoints/student_T8_seed999.pt
[Epoch 004] train_loss=0.6568, train_hard=0.6972, train_soft=0.6147, train_logit_mse=1.1189, train_feature_mse=0.0082, train_acc=0.7719, alpha=0.100, val_acc=0.7434, val_macro_f1=0.5539, val_weighted_f1=0.7274, lr=0.000794, epoch_time=17.81s
  -> New best KD student saved to /users/40370279/csc4006/code/experiments/2__temperature_sweep/checkpoints/student_T8_seed999.pt
[Epoch 005] train_loss=0.6099, train_hard=0.6736, train_soft=0.5681, train_logit_mse=1.0357, train_feature_mse=0.0047, train_acc=0.7758, alpha=0.100, val_acc=0.7526, val_macro_f1=0.5517, val_weighted_f1=0.7291, lr=0.000790, epoch_time=17.78s
[Epoch 006] train_loss=0.5851, train_hard=0.6688, train_soft=0.5427, train_logit_mse=0.9897, train_feature_mse=0.0028, train_acc=0.7788, alpha=0.100, val_acc=0.7563, val_macro_f1=0.5524, val_weighted_f1=0.7295, lr=0.000786, epoch_time=17.51s
[Epoch 007] train_loss=0.5560, train_hard=0.6523, train_soft=0.5140, train_logit_mse=0.9388, train_feature_mse=0.0018, train_acc=0.7854, alpha=0.100, val_acc=0.7599, val_macro_f1=0.5651, val_weighted_f1=0.7361, lr=0.000781, epoch_time=17.61s
  -> New best KD student saved to /users/40370279/csc4006/code/experiments/2__temperature_sweep/checkpoints/student_T8_seed999.pt
[Epoch 008] train_loss=0.5314, train_hard=0.6357, train_soft=0.4900, train_logit_mse=0.8947, train_feature_mse=0.0014, train_acc=0.7931, alpha=0.100, val_acc=0.7520, val_macro_f1=0.5584, val_weighted_f1=0.7299, lr=0.000775, epoch_time=17.73s
[Epoch 009] train_loss=0.5121, train_hard=0.6256, train_soft=0.4707, train_logit_mse=0.8596, train_feature_mse=0.0012, train_acc=0.7971, alpha=0.100, val_acc=0.7575, val_macro_f1=0.5781, val_weighted_f1=0.7417, lr=0.000768, epoch_time=17.73s
  -> New best KD student saved to /users/40370279/csc4006/code/experiments/2__temperature_sweep/checkpoints/student_T8_seed999.pt
[Epoch 010] train_loss=0.5006, train_hard=0.6193, train_soft=0.4594, train_logit_mse=0.8404, train_feature_mse=0.0012, train_acc=0.7928, alpha=0.100, val_acc=0.7538, val_macro_f1=0.5546, val_weighted_f1=0.7301, lr=0.000761, epoch_time=17.71s
[Epoch 011] train_loss=0.4898, train_hard=0.6143, train_soft=0.4486, train_logit_mse=0.8215, train_feature_mse=0.0011, train_acc=0.7986, alpha=0.100, val_acc=0.7575, val_macro_f1=0.5755, val_weighted_f1=0.7395, lr=0.000753, epoch_time=17.62s
[Epoch 012] train_loss=0.4810, train_hard=0.6122, train_soft=0.4395, train_logit_mse=0.8051, train_feature_mse=0.0011, train_acc=0.7949, alpha=0.100, val_acc=0.7624, val_macro_f1=0.5841, val_weighted_f1=0.7459, lr=0.000744, epoch_time=17.71s
  -> New best KD student saved to /users/40370279/csc4006/code/experiments/2__temperature_sweep/checkpoints/student_T8_seed999.pt
[Epoch 013] train_loss=0.4736, train_hard=0.6070, train_soft=0.4324, train_logit_mse=0.7920, train_feature_mse=0.0010, train_acc=0.7978, alpha=0.100, val_acc=0.7532, val_macro_f1=0.5647, val_weighted_f1=0.7352, lr=0.000735, epoch_time=17.78s
[Epoch 014] train_loss=0.4613, train_hard=0.6013, train_soft=0.4200, train_logit_mse=0.7699, train_feature_mse=0.0010, train_acc=0.8020, alpha=0.100, val_acc=0.7593, val_macro_f1=0.5909, val_weighted_f1=0.7460, lr=0.000725, epoch_time=17.71s
  -> New best KD student saved to /users/40370279/csc4006/code/experiments/2__temperature_sweep/checkpoints/student_T8_seed999.pt
[Epoch 015] train_loss=0.4515, train_hard=0.5951, train_soft=0.4104, train_logit_mse=0.7532, train_feature_mse=0.0009, train_acc=0.8002, alpha=0.100, val_acc=0.7520, val_macro_f1=0.5641, val_weighted_f1=0.7279, lr=0.000714, epoch_time=17.71s
[Epoch 016] train_loss=0.4473, train_hard=0.5924, train_soft=0.4063, train_logit_mse=0.7453, train_feature_mse=0.0009, train_acc=0.8059, alpha=0.100, val_acc=0.7599, val_macro_f1=0.5862, val_weighted_f1=0.7443, lr=0.000702, epoch_time=17.73s
[Epoch 017] train_loss=0.4390, train_hard=0.5900, train_soft=0.3978, train_logit_mse=0.7301, train_feature_mse=0.0009, train_acc=0.8035, alpha=0.100, val_acc=0.7544, val_macro_f1=0.5820, val_weighted_f1=0.7342, lr=0.000691, epoch_time=17.76s
[Epoch 018] train_loss=0.4341, train_hard=0.5842, train_soft=0.3933, train_logit_mse=0.7224, train_feature_mse=0.0008, train_acc=0.8068, alpha=0.100, val_acc=0.7605, val_macro_f1=0.5985, val_weighted_f1=0.7471, lr=0.000678, epoch_time=17.67s
  -> New best KD student saved to /users/40370279/csc4006/code/experiments/2__temperature_sweep/checkpoints/student_T8_seed999.pt
[Epoch 019] train_loss=0.4284, train_hard=0.5807, train_soft=0.3877, train_logit_mse=0.7118, train_feature_mse=0.0008, train_acc=0.8080, alpha=0.100, val_acc=0.7660, val_macro_f1=0.5985, val_weighted_f1=0.7481, lr=0.000665, epoch_time=17.75s
  -> New best KD student saved to /users/40370279/csc4006/code/experiments/2__temperature_sweep/checkpoints/student_T8_seed999.pt
[Epoch 020] train_loss=0.4252, train_hard=0.5836, train_soft=0.3841, train_logit_mse=0.7050, train_feature_mse=0.0008, train_acc=0.8047, alpha=0.100, val_acc=0.7502, val_macro_f1=0.6160, val_weighted_f1=0.7478, lr=0.000651, epoch_time=17.77s
  -> New best KD student saved to /users/40370279/csc4006/code/experiments/2__temperature_sweep/checkpoints/student_T8_seed999.pt
[Epoch 021] train_loss=0.4178, train_hard=0.5779, train_soft=0.3769, train_logit_mse=0.6928, train_feature_mse=0.0008, train_acc=0.8106, alpha=0.100, val_acc=0.7563, val_macro_f1=0.6093, val_weighted_f1=0.7476, lr=0.000637, epoch_time=17.70s
[Epoch 022] train_loss=0.4171, train_hard=0.5796, train_soft=0.3760, train_logit_mse=0.6903, train_feature_mse=0.0008, train_acc=0.8077, alpha=0.100, val_acc=0.7532, val_macro_f1=0.5954, val_weighted_f1=0.7386, lr=0.000623, epoch_time=17.66s
[Epoch 023] train_loss=0.4082, train_hard=0.5745, train_soft=0.3672, train_logit_mse=0.6747, train_feature_mse=0.0008, train_acc=0.8074, alpha=0.100, val_acc=0.7618, val_macro_f1=0.6108, val_weighted_f1=0.7514, lr=0.000608, epoch_time=17.82s
[Epoch 024] train_loss=0.4065, train_hard=0.5706, train_soft=0.3659, train_logit_mse=0.6727, train_feature_mse=0.0007, train_acc=0.8128, alpha=0.100, val_acc=0.7648, val_macro_f1=0.6122, val_weighted_f1=0.7533, lr=0.000592, epoch_time=17.65s
[Epoch 025] train_loss=0.4004, train_hard=0.5652, train_soft=0.3600, train_logit_mse=0.6618, train_feature_mse=0.0007, train_acc=0.8124, alpha=0.100, val_acc=0.7642, val_macro_f1=0.6199, val_weighted_f1=0.7572, lr=0.000576, epoch_time=17.70s
  -> New best KD student saved to /users/40370279/csc4006/code/experiments/2__temperature_sweep/checkpoints/student_T8_seed999.pt
[Epoch 026] train_loss=0.3983, train_hard=0.5689, train_soft=0.3574, train_logit_mse=0.6578, train_feature_mse=0.0007, train_acc=0.8101, alpha=0.100, val_acc=0.7489, val_macro_f1=0.5964, val_weighted_f1=0.7418, lr=0.000560, epoch_time=17.77s
[Epoch 027] train_loss=0.3917, train_hard=0.5643, train_soft=0.3509, train_logit_mse=0.6463, train_feature_mse=0.0007, train_acc=0.8143, alpha=0.100, val_acc=0.7642, val_macro_f1=0.6057, val_weighted_f1=0.7512, lr=0.000544, epoch_time=17.65s
[Epoch 028] train_loss=0.3855, train_hard=0.5642, train_soft=0.3445, train_logit_mse=0.6331, train_feature_mse=0.0007, train_acc=0.8138, alpha=0.100, val_acc=0.7587, val_macro_f1=0.6102, val_weighted_f1=0.7452, lr=0.000527, epoch_time=17.69s
[Epoch 029] train_loss=0.3776, train_hard=0.5557, train_soft=0.3371, train_logit_mse=0.6217, train_feature_mse=0.0007, train_acc=0.8148, alpha=0.100, val_acc=0.7630, val_macro_f1=0.6279, val_weighted_f1=0.7570, lr=0.000510, epoch_time=17.73s
  -> New best KD student saved to /users/40370279/csc4006/code/experiments/2__temperature_sweep/checkpoints/student_T8_seed999.pt
[Epoch 030] train_loss=0.3835, train_hard=0.5602, train_soft=0.3428, train_logit_mse=0.6304, train_feature_mse=0.0007, train_acc=0.8135, alpha=0.100, val_acc=0.7709, val_macro_f1=0.6302, val_weighted_f1=0.7641, lr=0.000493, epoch_time=17.76s
  -> New best KD student saved to /users/40370279/csc4006/code/experiments/2__temperature_sweep/checkpoints/student_T8_seed999.pt
[Epoch 031] train_loss=0.3762, train_hard=0.5577, train_soft=0.3354, train_logit_mse=0.6171, train_feature_mse=0.0007, train_acc=0.8151, alpha=0.100, val_acc=0.7715, val_macro_f1=0.6402, val_weighted_f1=0.7634, lr=0.000476, epoch_time=17.70s
  -> New best KD student saved to /users/40370279/csc4006/code/experiments/2__temperature_sweep/checkpoints/student_T8_seed999.pt
[Epoch 032] train_loss=0.3729, train_hard=0.5532, train_soft=0.3324, train_logit_mse=0.6128, train_feature_mse=0.0007, train_acc=0.8142, alpha=0.100, val_acc=0.7685, val_macro_f1=0.6101, val_weighted_f1=0.7539, lr=0.000458, epoch_time=17.84s
[Epoch 033] train_loss=0.3723, train_hard=0.5545, train_soft=0.3317, train_logit_mse=0.6108, train_feature_mse=0.0007, train_acc=0.8153, alpha=0.100, val_acc=0.7654, val_macro_f1=0.6113, val_weighted_f1=0.7532, lr=0.000440, epoch_time=17.84s
[Epoch 034] train_loss=0.3672, train_hard=0.5504, train_soft=0.3268, train_logit_mse=0.6022, train_feature_mse=0.0007, train_acc=0.8163, alpha=0.100, val_acc=0.7758, val_macro_f1=0.6441, val_weighted_f1=0.7688, lr=0.000423, epoch_time=17.64s
  -> New best KD student saved to /users/40370279/csc4006/code/experiments/2__temperature_sweep/checkpoints/student_T8_seed999.pt
[Epoch 035] train_loss=0.3645, train_hard=0.5498, train_soft=0.3239, train_logit_mse=0.5973, train_feature_mse=0.0006, train_acc=0.8168, alpha=0.100, val_acc=0.7715, val_macro_f1=0.6382, val_weighted_f1=0.7643, lr=0.000405, epoch_time=17.76s
[Epoch 036] train_loss=0.3602, train_hard=0.5426, train_soft=0.3202, train_logit_mse=0.5915, train_feature_mse=0.0006, train_acc=0.8170, alpha=0.100, val_acc=0.7709, val_macro_f1=0.6400, val_weighted_f1=0.7631, lr=0.000387, epoch_time=17.74s
[Epoch 037] train_loss=0.3634, train_hard=0.5492, train_soft=0.3228, train_logit_mse=0.5950, train_feature_mse=0.0006, train_acc=0.8162, alpha=0.100, val_acc=0.7728, val_macro_f1=0.6322, val_weighted_f1=0.7643, lr=0.000370, epoch_time=17.88s
[Epoch 038] train_loss=0.3584, train_hard=0.5437, train_soft=0.3182, train_logit_mse=0.5870, train_feature_mse=0.0006, train_acc=0.8212, alpha=0.100, val_acc=0.7648, val_macro_f1=0.6262, val_weighted_f1=0.7553, lr=0.000352, epoch_time=17.75s
[Epoch 039] train_loss=0.3559, train_hard=0.5418, train_soft=0.3158, train_logit_mse=0.5829, train_feature_mse=0.0006, train_acc=0.8188, alpha=0.100, val_acc=0.7618, val_macro_f1=0.6146, val_weighted_f1=0.7505, lr=0.000334, epoch_time=17.79s
[Epoch 040] train_loss=0.3568, train_hard=0.5428, train_soft=0.3166, train_logit_mse=0.5844, train_feature_mse=0.0006, train_acc=0.8208, alpha=0.100, val_acc=0.7654, val_macro_f1=0.6240, val_weighted_f1=0.7551, lr=0.000317, epoch_time=17.72s
[Epoch 041] train_loss=0.3515, train_hard=0.5381, train_soft=0.3115, train_logit_mse=0.5753, train_feature_mse=0.0006, train_acc=0.8201, alpha=0.100, val_acc=0.7728, val_macro_f1=0.6327, val_weighted_f1=0.7632, lr=0.000300, epoch_time=17.77s
[Epoch 042] train_loss=0.3539, train_hard=0.5434, train_soft=0.3135, train_logit_mse=0.5782, train_feature_mse=0.0006, train_acc=0.8183, alpha=0.100, val_acc=0.7679, val_macro_f1=0.6436, val_weighted_f1=0.7638, lr=0.000283, epoch_time=17.67s
[Epoch 043] train_loss=0.3465, train_hard=0.5337, train_soft=0.3068, train_logit_mse=0.5667, train_feature_mse=0.0006, train_acc=0.8230, alpha=0.100, val_acc=0.7697, val_macro_f1=0.6247, val_weighted_f1=0.7592, lr=0.000266, epoch_time=17.88s
[Epoch 044] train_loss=0.3479, train_hard=0.5347, train_soft=0.3082, train_logit_mse=0.5686, train_feature_mse=0.0006, train_acc=0.8222, alpha=0.100, val_acc=0.7660, val_macro_f1=0.6210, val_weighted_f1=0.7557, lr=0.000250, epoch_time=17.84s
[Epoch 045] train_loss=0.3475, train_hard=0.5369, train_soft=0.3075, train_logit_mse=0.5683, train_feature_mse=0.0006, train_acc=0.8193, alpha=0.100, val_acc=0.7679, val_macro_f1=0.6371, val_weighted_f1=0.7598, lr=0.000234, epoch_time=17.75s
[Epoch 046] train_loss=0.3426, train_hard=0.5367, train_soft=0.3024, train_logit_mse=0.5588, train_feature_mse=0.0006, train_acc=0.8238, alpha=0.100, val_acc=0.7703, val_macro_f1=0.6325, val_weighted_f1=0.7601, lr=0.000218, epoch_time=17.66s
[Epoch 047] train_loss=0.3453, train_hard=0.5378, train_soft=0.3051, train_logit_mse=0.5633, train_feature_mse=0.0006, train_acc=0.8218, alpha=0.100, val_acc=0.7776, val_macro_f1=0.6356, val_weighted_f1=0.7671, lr=0.000202, epoch_time=17.73s
[Epoch 048] train_loss=0.3377, train_hard=0.5289, train_soft=0.2981, train_logit_mse=0.5513, train_feature_mse=0.0006, train_acc=0.8246, alpha=0.100, val_acc=0.7679, val_macro_f1=0.6325, val_weighted_f1=0.7590, lr=0.000187, epoch_time=17.75s
[Epoch 049] train_loss=0.3383, train_hard=0.5321, train_soft=0.2984, train_logit_mse=0.5516, train_feature_mse=0.0006, train_acc=0.8247, alpha=0.100, val_acc=0.7660, val_macro_f1=0.6248, val_weighted_f1=0.7558, lr=0.000173, epoch_time=17.73s
Early stopping triggered.
Loaded best KD student checkpoint for final test evaluation.
Best validation macro-F1: 0.6441
Best epoch: 34
Time to best model: 608.12 seconds
Checkpoint size (MB): 0.174
Student size: medium
Teacher used: checkpoints/teacher/teacher_cnn_seed999.pt
Teacher arch: TeacherCNN
Teacher size: large
Checkpoint seed: 999
Test accuracy (KD student): 0.7715
Test macro-F1 (KD student): 0.6224
Test weighted-F1 (KD student): 0.7642
Test classification report:
              precision    recall  f1-score   support

           0       0.89      0.64      0.74       184
           1       0.17      0.16      0.17        56
           2       0.79      0.59      0.67       256
           3       0.79      0.92      0.85       912
           4       0.72      0.64      0.68       242

    accuracy                           0.77      1650
   macro avg       0.67      0.59      0.62      1650
weighted avg       0.77      0.77      0.76      1650

Test confusion matrix:
[[117   3   6  54   4]
 [  1   9   4  36   6]
 [  4   2 150  74  26]
 [  7  22  16 841  26]
 [  3  17  13  53 156]]
Inference latency: 1.4276 ms/sample
Parsed metrics for seed 999:
  Accuracy    = 0.7715
  Macro-F1    = 0.6224
  Weighted-F1 = 0.7642

===== EXPERIMENT 2 SUMMARY: T = 8 =====
Temperature  : 8
Seeds        : 42 123 999
Accuracy     : 0.7721 ± 0.0052
Macro F1     : 0.6160 ± 0.0113
Weighted F1  : 0.7622 ± 0.0044

Finished at: Sat Mar 28 16:45:39 GMT 2026
